[0.015s][info][gc] Using Parallel
[0.515s][info][gc] GC(0) Pause Young (Allocation Failure) 513M->10M(1963M) 4.792ms
[0.589s][info][gc] GC(1) Pause Young (Allocation Failure) 523M->13M(1963M) 5.374ms
[0.662s][info][gc] GC(2) Pause Young (Allocation Failure) 525M->12M(1963M) 2.772ms
[0.735s][info][gc] GC(3) Pause Young (Allocation Failure) 524M->12M(2475M) 5.051ms
[0.972s][info][gc] GC(4) Pause Young (Allocation Failure) 1037M->17M(2475M) 7.325ms
[1.069s][info][gc] GC(5) Pause Young (Allocation Failure) 1042M->22M(2572M) 9.677ms
[1.242s][info][gc] GC(6) Pause Young (Allocation Failure) 1212M->31M(2576M) 8.976ms
[1.380s][info][gc] GC(7) Pause Young (Allocation Failure) 1221M->39M(2696M) 11.695ms
[1.515s][info][gc] GC(8) Pause Young (Allocation Failure) 1344M->46M(2700M) 12.447ms
[1.628s][info][gc] GC(9) Pause Young (Allocation Failure) 1351M->61M(2673M) 8.818ms
[1.758s][info][gc] GC(10) Pause Young (Allocation Failure) 1339M->77M(2687M) 14.235ms
[1.871s][info][gc] GC(11) Pause Young (Allocation Failure) 1355M->89M(2684M) 7.620ms
[1.982s][info][gc] GC(12) Pause Young (Allocation Failure) 1369M->103M(2686M) 7.798ms
[2.094s][info][gc] GC(13) Pause Young (Allocation Failure) 1383M->115M(2687M) 7.434ms
[2.215s][info][gc] GC(14) Pause Young (Allocation Failure) 1398M->130M(2688M) 7.234ms
[2.329s][info][gc] GC(15) Pause Young (Allocation Failure) 1413M->141M(2689M) 7.887ms
[2.439s][info][gc] GC(16) Pause Young (Allocation Failure) 1429M->155M(2690M) 6.412ms
[2.554s][info][gc] GC(17) Pause Young (Allocation Failure) 1443M->168M(2692M) 7.967ms
[2.667s][info][gc] GC(18) Pause Young (Allocation Failure) 1461M->183M(2692M) 7.653ms
[2.784s][info][gc] GC(19) Pause Young (Allocation Failure) 1476M->196M(2695M) 8.706ms
[2.902s][info][gc] GC(20) Pause Young (Allocation Failure) 1493M->211M(2694M) 7.789ms
[3.013s][info][gc] GC(21) Pause Young (Allocation Failure) 1508M->224M(2697M) 8.493ms
[3.131s][info][gc] GC(22) Pause Young (Allocation Failure) 1526M->250M(2696M) 9.149ms
[3.251s][info][gc] GC(23) Pause Young (Allocation Failure) 1551M->269M(2699M) 15.205ms
[3.365s][info][gc] GC(24) Pause Young (Allocation Failure) 1571M->282M(2681M) 7.386ms
[3.477s][info][gc] GC(25) Pause Young (Allocation Failure) 1584M->293M(2698M) 8.219ms
[3.588s][info][gc] GC(26) Pause Young (Allocation Failure) 1596M->306M(2697M) 6.567ms
[3.699s][info][gc] GC(27) Pause Young (Allocation Failure) 1609M->320M(2700M) 7.531ms
[3.818s][info][gc] GC(28) Pause Young (Allocation Failure) 1626M->334M(2699M) 7.381ms
[3.938s][info][gc] GC(29) Pause Young (Allocation Failure) 1641M->350M(2702M) 7.870ms
[4.051s][info][gc] GC(30) Pause Young (Allocation Failure) 1660M->363M(2701M) 8.613ms
[4.163s][info][gc] GC(31) Pause Young (Allocation Failure) 1674M->377M(2704M) 7.960ms
[4.289s][info][gc] GC(32) Pause Young (Allocation Failure) 1691M->391M(2703M) 7.789ms
[4.411s][info][gc] GC(33) Pause Young (Allocation Failure) 1705M->404M(2705M) 7.410ms
[4.530s][info][gc] GC(34) Pause Young (Allocation Failure) 1721M->418M(2705M) 7.355ms
[4.644s][info][gc] GC(35) Pause Young (Allocation Failure) 1735M->431M(2707M) 7.444ms
[4.770s][info][gc] GC(36) Pause Young (Allocation Failure) 1752M->445M(2707M) 7.669ms
[4.887s][info][gc] GC(37) Pause Young (Allocation Failure) 1766M->459M(2708M) 8.154ms
[5.001s][info][gc] GC(38) Pause Young (Allocation Failure) 1782M->474M(2708M) 7.478ms
[5.122s][info][gc] GC(39) Pause Young (Allocation Failure) 1796M->488M(2709M) 8.425ms
[5.241s][info][gc] GC(40) Pause Young (Allocation Failure) 1812M->500M(2709M) 8.728ms
[5.363s][info][gc] GC(41) Pause Young (Allocation Failure) 1825M->514M(2710M) 8.196ms
[5.482s][info][gc] GC(42) Pause Young (Allocation Failure) 1840M->528M(2710M) 8.955ms
[5.598s][info][gc] GC(43) Pause Young (Allocation Failure) 1854M->542M(2710M) 8.557ms
[5.732s][info][gc] GC(44) Pause Young (Allocation Failure) 1869M->556M(2711M) 8.938ms
[5.896s][info][gc] GC(45) Pause Young (Allocation Failure) 1883M->569M(2712M) 8.346ms
[6.013s][info][gc] GC(46) Pause Young (Allocation Failure) 1898M->583M(2712M) 8.646ms
[6.132s][info][gc] GC(47) Pause Young (Allocation Failure) 1912M->596M(2712M) 8.897ms
[6.251s][info][gc] GC(48) Pause Young (Allocation Failure) 1925M->611M(2712M) 9.542ms
[6.400s][info][gc] GC(49) Pause Young (Allocation Failure) 1940M->625M(2713M) 10.862ms
[6.538s][info][gc] GC(50) Pause Young (Allocation Failure) 1955M->639M(2710M) 9.183ms
[6.660s][info][gc] GC(51) Pause Young (Allocation Failure) 1969M->653M(2712M) 9.964ms
[6.783s][info][gc] GC(52) Pause Young (Allocation Failure) 1983M->667M(2712M) 9.568ms
[6.917s][info][gc] GC(53) Pause Young (Allocation Failure) 1997M->681M(2713M) 11.441ms
[7.059s][info][gc] GC(54) Pause Young (Allocation Failure) 2012M->696M(2713M) 10.409ms
[7.193s][info][gc] GC(55) Pause Young (Allocation Failure) 2027M->709M(2714M) 11.147ms
[7.319s][info][gc] GC(56) Pause Young (Allocation Failure) 2041M->724M(2714M) 10.807ms
[7.447s][info][gc] GC(57) Pause Young (Allocation Failure) 2056M->737M(2714M) 10.934ms
[7.572s][info][gc] GC(58) Pause Young (Allocation Failure) 2069M->751M(2714M) 9.990ms
[7.716s][info][gc] GC(59) Pause Young (Allocation Failure) 2083M->765M(2714M) 9.756ms
[7.861s][info][gc] GC(60) Pause Young (Allocation Failure) 2097M->779M(2714M) 10.712ms
[8.007s][info][gc] GC(61) Pause Young (Allocation Failure) 2111M->792M(2714M) 23.408ms
[8.155s][info][gc] GC(62) Pause Young (Allocation Failure) 2124M->804M(2714M) 8.638ms
[8.284s][info][gc] GC(63) Pause Young (Allocation Failure) 2136M->818M(2713M) 10.029ms
[8.422s][info][gc] GC(64) Pause Young (Allocation Failure) 2150M->832M(2713M) 9.771ms
[8.567s][info][gc] GC(65) Pause Young (Allocation Failure) 2164M->876M(2681M) 22.459ms
[8.720s][info][gc] GC(66) Pause Young (Allocation Failure) 2176M->906M(2698M) 39.509ms
[8.862s][info][gc] GC(67) Pause Young (Allocation Failure) 2206M->919M(2696M) 11.014ms
[8.995s][info][gc] GC(68) Pause Young (Allocation Failure) 2219M->932M(2697M) 15.026ms
[9.142s][info][gc] GC(69) Pause Young (Allocation Failure) 2233M->945M(2698M) 33.105ms
[9.268s][info][gc] GC(70) Pause Young (Allocation Failure) 2248M->959M(2698M) 10.690ms
[9.403s][info][gc] GC(71) Pause Young (Allocation Failure) 2262M->973M(2700M) 10.776ms
[9.533s][info][gc] GC(72) Pause Young (Allocation Failure) 2279M->986M(2700M) 9.941ms
[9.661s][info][gc] GC(73) Pause Young (Allocation Failure) 2292M->1000M(2701M) 10.874ms
[9.799s][info][gc] GC(74) Pause Young (Allocation Failure) 2309M->1014M(2701M) 10.726ms
[9.956s][info][gc] GC(75) Pause Young (Allocation Failure) 2323M->1027M(2703M) 11.440ms
[10.094s][info][gc] GC(76) Pause Young (Allocation Failure) 2340M->1041M(2703M) 9.994ms
[10.230s][info][gc] GC(77) Pause Young (Allocation Failure) 2354M->1054M(2704M) 14.873ms
[10.510s][info][gc] GC(78) Pause Young (Allocation Failure) 2369M->1070M(2704M) 71.516ms
[10.789s][info][gc] GC(79) Pause Young (Allocation Failure) 2385M->1083M(2706M) 63.750ms
[10.972s][info][gc] GC(80) Pause Young (Allocation Failure) 2400M->1097M(2705M) 12.835ms
[11.169s][info][gc] GC(81) Pause Young (Allocation Failure) 2414M->1112M(2706M) 14.788ms
[11.357s][info][gc] GC(82) Pause Young (Allocation Failure) 2431M->1126M(2706M) 11.834ms
[11.529s][info][gc] GC(83) Pause Young (Allocation Failure) 2446M->1139M(2708M) 12.134ms
[11.705s][info][gc] GC(84) Pause Young (Allocation Failure) 2461M->1154M(2708M) 11.772ms
[11.841s][info][gc] GC(85) Pause Young (Allocation Failure) 2476M->1168M(2709M) 11.198ms
[11.976s][info][gc] GC(86) Pause Young (Allocation Failure) 2492M->1182M(2709M) 10.363ms
[12.110s][info][gc] GC(87) Pause Young (Allocation Failure) 2506M->1196M(2710M) 11.362ms
[12.243s][info][gc] GC(88) Pause Young (Allocation Failure) 2522M->1210M(2710M) 10.315ms
[12.377s][info][gc] GC(89) Pause Young (Allocation Failure) 2536M->1225M(2710M) 10.714ms
[12.515s][info][gc] GC(90) Pause Young (Allocation Failure) 2552M->1240M(2711M) 10.459ms
[12.651s][info][gc] GC(91) Pause Young (Allocation Failure) 2567M->1254M(2712M) 13.146ms
[12.784s][info][gc] GC(92) Pause Young (Allocation Failure) 2582M->1267M(2707M) 11.853ms
[12.921s][info][gc] GC(93) Pause Young (Allocation Failure) 2595M->1282M(2711M) 13.351ms
[13.067s][info][gc] GC(94) Pause Young (Allocation Failure) 2610M->1296M(2711M) 11.418ms
[13.201s][info][gc] GC(95) Pause Young (Allocation Failure) 2624M->1310M(2711M) 12.098ms
[13.345s][info][gc] GC(96) Pause Young (Allocation Failure) 2639M->1324M(2712M) 12.630ms
[13.505s][info][gc] GC(97) Pause Young (Allocation Failure) 2653M->1339M(2713M) 10.534ms
[13.643s][info][gc] GC(98) Pause Young (Allocation Failure) 2669M->1353M(2710M) 12.334ms
[13.934s][info][gc] GC(99) Pause Young (Allocation Failure) 2683M->1363M(2712M) 24.243ms
[14.767s][info][gc] GC(100) Pause Full (Ergonomics) 1363M->699M(2783M) 832.611ms
[15.033s][info][gc] GC(101) Pause Young (Allocation Failure) 2029M->716M(2781M) 23.474ms
[15.159s][info][gc] GC(102) Pause Young (Allocation Failure) 2044M->731M(2782M) 7.558ms
[15.274s][info][gc] GC(103) Pause Young (Allocation Failure) 2059M->745M(2781M) 6.198ms
[15.400s][info][gc] GC(104) Pause Young (Allocation Failure) 2073M->760M(2782M) 9.386ms
[15.523s][info][gc] GC(105) Pause Young (Allocation Failure) 2088M->773M(2783M) 6.210ms
[15.646s][info][gc] GC(106) Pause Young (Allocation Failure) 2102M->788M(2783M) 6.571ms
[15.770s][info][gc] GC(107) Pause Young (Allocation Failure) 2117M->802M(2783M) 6.877ms
[15.894s][info][gc] GC(108) Pause Young (Allocation Failure) 2132M->815M(2780M) 7.148ms
[16.024s][info][gc] GC(109) Pause Young (Allocation Failure) 2145M->828M(2783M) 8.294ms
[16.170s][info][gc] GC(110) Pause Young (Allocation Failure) 2158M->842M(2783M) 32.940ms
[16.303s][info][gc] GC(111) Pause Young (Allocation Failure) 2172M->855M(2783M) 19.663ms
[16.420s][info][gc] GC(112) Pause Young (Allocation Failure) 2186M->869M(2783M) 6.784ms
[16.554s][info][gc] GC(113) Pause Young (Allocation Failure) 2200M->883M(2784M) 15.312ms
[16.719s][info][gc] GC(114) Pause Young (Allocation Failure) 2215M->896M(2784M) 42.425ms
[16.871s][info][gc] GC(115) Pause Young (Allocation Failure) 2228M->910M(2784M) 22.589ms
[17.011s][info][gc] GC(116) Pause Young (Allocation Failure) 2242M->925M(2784M) 8.189ms
[17.154s][info][gc] GC(117) Pause Young (Allocation Failure) 2257M->937M(2784M) 7.868ms
[17.283s][info][gc] GC(118) Pause Young (Allocation Failure) 2269M->950M(2784M) 7.267ms
[17.405s][info][gc] GC(119) Pause Young (Allocation Failure) 2282M->963M(2784M) 7.116ms
[17.528s][info][gc] GC(120) Pause Young (Allocation Failure) 2295M->977M(2782M) 6.941ms
[17.657s][info][gc] GC(121) Pause Young (Allocation Failure) 2309M->992M(2783M) 8.474ms
[17.780s][info][gc] GC(122) Pause Young (Allocation Failure) 2324M->1005M(2784M) 8.159ms
[17.904s][info][gc] GC(123) Pause Young (Allocation Failure) 2337M->1021M(2783M) 8.430ms
[18.028s][info][gc] GC(124) Pause Young (Allocation Failure) 2352M->1035M(2784M) 7.406ms
[18.164s][info][gc] GC(125) Pause Young (Allocation Failure) 2366M->1049M(2783M) 7.642ms
[18.286s][info][gc] GC(126) Pause Young (Allocation Failure) 2380M->1063M(2783M) 7.428ms
[18.410s][info][gc] GC(127) Pause Young (Allocation Failure) 2394M->1076M(2784M) 7.513ms
[18.547s][info][gc] GC(128) Pause Young (Allocation Failure) 2408M->1091M(2784M) 7.684ms
[18.675s][info][gc] GC(129) Pause Young (Allocation Failure) 2423M->1105M(2783M) 7.585ms
[18.797s][info][gc] GC(130) Pause Young (Allocation Failure) 2437M->1119M(2784M) 7.408ms
[18.921s][info][gc] GC(131) Pause Young (Allocation Failure) 2451M->1133M(2785M) 7.662ms
[19.044s][info][gc] GC(132) Pause Young (Allocation Failure) 2466M->1147M(2785M) 7.714ms
[19.183s][info][gc] GC(133) Pause Young (Allocation Failure) 2480M->1161M(2785M) 7.772ms
[19.335s][info][gc] GC(134) Pause Young (Allocation Failure) 2494M->1174M(2785M) 7.745ms
[19.476s][info][gc] GC(135) Pause Young (Allocation Failure) 2507M->1187M(2785M) 6.992ms
[19.606s][info][gc] GC(136) Pause Young (Allocation Failure) 2520M->1198M(2785M) 7.430ms
[19.744s][info][gc] GC(137) Pause Young (Allocation Failure) 2531M->1209M(2784M) 8.048ms
[19.890s][info][gc] GC(138) Pause Young (Allocation Failure) 2541M->1219M(2784M) 6.946ms
[20.047s][info][gc] GC(139) Pause Young (Allocation Failure) 2551M->1233M(2783M) 14.568ms
[20.271s][info][gc] GC(140) Pause Young (Allocation Failure) 2564M->1247M(2784M) 12.709ms
[20.453s][info][gc] GC(141) Pause Young (Allocation Failure) 2578M->1261M(2784M) 27.898ms
[20.594s][info][gc] GC(142) Pause Young (Allocation Failure) 2592M->1275M(2784M) 9.878ms
[20.773s][info][gc] GC(143) Pause Young (Allocation Failure) 2606M->1289M(2784M) 25.436ms
[20.910s][info][gc] GC(144) Pause Young (Allocation Failure) 2620M->1303M(2784M) 8.047ms
[21.075s][info][gc] GC(145) Pause Young (Allocation Failure) 2634M->1315M(2783M) 16.274ms
[21.220s][info][gc] GC(146) Pause Young (Allocation Failure) 2646M->1329M(2783M) 8.829ms
[21.375s][info][gc] GC(147) Pause Young (Allocation Failure) 2660M->1342M(2784M) 8.857ms
[21.527s][info][gc] GC(148) Pause Young (Allocation Failure) 2674M->1355M(2782M) 8.952ms
[21.679s][info][gc] GC(149) Pause Young (Allocation Failure) 2687M->1368M(2784M) 10.717ms
[21.839s][info][gc] GC(150) Pause Young (Allocation Failure) 2700M->1382M(2784M) 17.853ms
[21.995s][info][gc] GC(151) Pause Young (Allocation Failure) 2714M->1394M(2785M) 20.276ms
[22.159s][info][gc] GC(152) Pause Young (Allocation Failure) 2727M->1396M(2771M) 9.728ms
[22.298s][info][gc] GC(153) Pause Young (Allocation Failure) 2729M->1396M(2780M) 6.646ms
[22.425s][info][gc] GC(154) Pause Young (Allocation Failure) 2722M->1396M(2762M) 6.578ms
[22.551s][info][gc] GC(155) Pause Young (Allocation Failure) 2722M->1397M(2779M) 5.076ms
[22.673s][info][gc] GC(156) Pause Young (Allocation Failure) 2720M->1397M(2759M) 4.113ms
[22.793s][info][gc] GC(157) Pause Young (Allocation Failure) 2720M->1397M(2779M) 6.338ms
[22.913s][info][gc] GC(158) Pause Young (Allocation Failure) 2719M->1398M(2758M) 4.122ms
[23.038s][info][gc] GC(159) Pause Young (Allocation Failure) 2720M->1398M(2779M) 5.654ms
[23.163s][info][gc] GC(160) Pause Young (Allocation Failure) 2721M->1398M(2779M) 4.606ms
[23.281s][info][gc] GC(161) Pause Young (Allocation Failure) 2721M->1399M(2780M) 4.492ms
[23.406s][info][gc] GC(162) Pause Young (Allocation Failure) 2723M->1399M(2779M) 4.833ms
[23.526s][info][gc] GC(163) Pause Young (Allocation Failure) 2723M->1399M(2780M) 5.820ms
[23.652s][info][gc] GC(164) Pause Young (Allocation Failure) 2725M->1399M(2780M) 7.121ms
[23.786s][info][gc] GC(165) Pause Young (Allocation Failure) 2725M->1400M(2782M) 8.541ms
[23.910s][info][gc] GC(166) Pause Young (Allocation Failure) 2729M->1400M(2781M) 8.356ms
[24.092s][info][gc] GC(167) Pause Young (Allocation Failure) 2729M->1400M(2784M) 8.586ms
[24.245s][info][gc] GC(168) Pause Young (Allocation Failure) 2733M->1400M(2783M) 7.611ms
[24.384s][info][gc] GC(169) Pause Young (Allocation Failure) 2733M->1401M(2785M) 5.766ms
[24.510s][info][gc] GC(170) Pause Young (Allocation Failure) 2737M->1401M(2785M) 8.815ms
[24.640s][info][gc] GC(171) Pause Young (Allocation Failure) 2737M->1401M(2787M) 7.640ms
[24.786s][info][gc] GC(172) Pause Young (Allocation Failure) 2740M->1401M(2786M) 5.955ms
[24.928s][info][gc] GC(173) Pause Young (Allocation Failure) 2740M->1402M(2788M) 6.003ms
[25.052s][info][gc] GC(174) Pause Young (Allocation Failure) 2744M->1402M(2788M) 6.025ms
[25.178s][info][gc] GC(175) Pause Young (Allocation Failure) 2744M->1402M(2790M) 6.333ms
[25.305s][info][gc] GC(176) Pause Young (Allocation Failure) 2747M->1403M(2790M) 6.549ms
[25.438s][info][gc] GC(177) Pause Young (Allocation Failure) 2748M->1403M(2791M) 9.817ms
[25.561s][info][gc] GC(178) Pause Young (Allocation Failure) 2750M->1403M(2791M) 6.937ms
[25.703s][info][gc] GC(179) Pause Young (Allocation Failure) 2750M->1403M(2792M) 10.870ms
[25.842s][info][gc] GC(180) Pause Young (Allocation Failure) 2752M->1404M(2792M) 8.321ms
[25.967s][info][gc] GC(181) Pause Young (Allocation Failure) 2753M->1404M(2792M) 9.957ms
[26.090s][info][gc] GC(182) Pause Young (Allocation Failure) 2754M->1404M(2793M) 6.975ms
[26.225s][info][gc] GC(183) Pause Young (Allocation Failure) 2754M->1405M(2793M) 7.130ms
[26.347s][info][gc] GC(184) Pause Young (Allocation Failure) 2756M->1405M(2793M) 6.619ms
[26.478s][info][gc] GC(185) Pause Young (Allocation Failure) 2756M->1405M(2793M) 8.333ms
[26.602s][info][gc] GC(186) Pause Young (Allocation Failure) 2757M->1405M(2794M) 7.859ms
[26.733s][info][gc] GC(187) Pause Young (Allocation Failure) 2757M->1406M(2794M) 7.439ms
[26.857s][info][gc] GC(188) Pause Young (Allocation Failure) 2759M->1406M(2794M) 6.619ms
[26.980s][info][gc] GC(189) Pause Young (Allocation Failure) 2759M->1406M(2795M) 7.428ms
[27.121s][info][gc] GC(190) Pause Young (Allocation Failure) 2760M->1407M(2793M) 9.377ms
[27.297s][info][gc] GC(191) Pause Young (Allocation Failure) 2761M->1407M(2795M) 7.783ms
[27.418s][info][gc] GC(192) Pause Young (Allocation Failure) 2761M->1407M(2795M) 6.601ms
[27.542s][info][gc] GC(193) Pause Young (Allocation Failure) 2761M->1407M(2796M) 8.090ms
[27.674s][info][gc] GC(194) Pause Young (Allocation Failure) 2762M->1408M(2794M) 12.669ms
[27.841s][info][gc] GC(195) Pause Young (Allocation Failure) 2763M->1408M(2795M) 10.819ms
[27.993s][info][gc] GC(196) Pause Young (Allocation Failure) 2763M->1408M(2795M) 10.502ms
[28.172s][info][gc] GC(197) Pause Young (Allocation Failure) 2763M->1408M(2796M) 12.484ms
[28.356s][info][gc] GC(198) Pause Young (Allocation Failure) 2764M->1409M(2794M) 5.846ms
[28.543s][info][gc] GC(199) Pause Young (Allocation Failure) 2765M->1477M(2789M) 32.428ms
[28.808s][info][gc] GC(200) Pause Full (Ergonomics) 1477M->726M(3025M) 264.847ms
[28.969s][info][gc] GC(201) Pause Young (Allocation Failure) 2032M->727M(3024M) 3.512ms
[29.108s][info][gc] GC(202) Pause Young (Allocation Failure) 2033M->727M(3024M) 4.948ms
[29.274s][info][gc] GC(203) Pause Young (Allocation Failure) 2033M->727M(3023M) 5.059ms
[29.410s][info][gc] GC(204) Pause Young (Allocation Failure) 2035M->727M(3024M) 2.759ms
[29.561s][info][gc] GC(205) Pause Young (Allocation Failure) 2035M->728M(3025M) 4.913ms
[29.700s][info][gc] GC(206) Pause Young (Allocation Failure) 2039M->728M(3026M) 3.619ms
[29.886s][info][gc] GC(207) Pause Young (Allocation Failure) 2039M->728M(3027M) 3.598ms
[30.114s][info][gc] GC(208) Pause Young (Allocation Failure) 2043M->728M(3028M) 6.326ms
[30.253s][info][gc] GC(209) Pause Young (Allocation Failure) 2043M->729M(3028M) 3.520ms
[30.388s][info][gc] GC(210) Pause Young (Allocation Failure) 2048M->729M(3029M) 3.109ms
[30.510s][info][gc] GC(211) Pause Young (Allocation Failure) 2048M->729M(3031M) 3.496ms
[30.648s][info][gc] GC(212) Pause Young (Allocation Failure) 2053M->729M(3032M) 4.871ms
[30.784s][info][gc] GC(213) Pause Young (Allocation Failure) 2053M->729M(3033M) 4.356ms
[30.922s][info][gc] GC(214) Pause Young (Allocation Failure) 2058M->730M(3034M) 8.529ms
[31.057s][info][gc] GC(215) Pause Young (Allocation Failure) 2058M->730M(3036M) 5.068ms
[31.220s][info][gc] GC(216) Pause Young (Allocation Failure) 2063M->730M(3037M) 4.142ms
[31.381s][info][gc] GC(217) Pause Young (Allocation Failure) 2063M->730M(3038M) 4.240ms
[31.525s][info][gc] GC(218) Pause Young (Allocation Failure) 2067M->731M(3039M) 8.079ms
[31.677s][info][gc] GC(219) Pause Young (Allocation Failure) 2068M->731M(3039M) 5.038ms
[31.800s][info][gc] GC(220) Pause Young (Allocation Failure) 2072M->731M(3041M) 6.319ms
[31.925s][info][gc] GC(221) Pause Young (Allocation Failure) 2072M->731M(3041M) 4.694ms
[32.043s][info][gc] GC(222) Pause Young (Allocation Failure) 2075M->732M(3042M) 4.086ms
[32.163s][info][gc] GC(223) Pause Young (Allocation Failure) 2075M->732M(3043M) 5.084ms
[32.283s][info][gc] GC(224) Pause Young (Allocation Failure) 2078M->732M(3044M) 6.133ms
[32.434s][info][gc] GC(225) Pause Young (Allocation Failure) 2079M->732M(3044M) 5.177ms
[32.557s][info][gc] GC(226) Pause Young (Allocation Failure) 2081M->733M(3045M) 3.928ms
[32.698s][info][gc] GC(227) Pause Young (Allocation Failure) 2081M->733M(3046M) 4.674ms
[32.860s][info][gc] GC(228) Pause Young (Allocation Failure) 2083M->733M(3047M) 3.903ms
[32.984s][info][gc] GC(229) Pause Young (Allocation Failure) 2084M->733M(3047M) 4.463ms
[33.110s][info][gc] GC(230) Pause Young (Allocation Failure) 2085M->734M(3047M) 10.326ms
[33.258s][info][gc] GC(231) Pause Young (Allocation Failure) 2085M->734M(3047M) 6.856ms
[33.396s][info][gc] GC(232) Pause Young (Allocation Failure) 2086M->734M(3047M) 5.339ms
[33.548s][info][gc] GC(233) Pause Young (Allocation Failure) 2087M->734M(3049M) 4.782ms
[33.690s][info][gc] GC(234) Pause Young (Allocation Failure) 2088M->735M(3045M) 3.544ms
[33.866s][info][gc] GC(235) Pause Young (Allocation Failure) 2089M->735M(3048M) 3.648ms
[34.009s][info][gc] GC(236) Pause Young (Allocation Failure) 2089M->735M(3048M) 7.271ms
[34.141s][info][gc] GC(237) Pause Young (Allocation Failure) 2089M->735M(3048M) 5.878ms
[34.262s][info][gc] GC(238) Pause Young (Allocation Failure) 2090M->735M(3049M) 4.780ms
[34.385s][info][gc] GC(239) Pause Young (Allocation Failure) 2090M->736M(3050M) 4.620ms
[34.507s][info][gc] GC(240) Pause Young (Allocation Failure) 2092M->736M(3047M) 4.530ms
[34.625s][info][gc] GC(241) Pause Young (Allocation Failure) 2092M->736M(3049M) 3.904ms
[34.749s][info][gc] GC(242) Pause Young (Allocation Failure) 2092M->736M(3049M) 3.883ms
[34.880s][info][gc] GC(243) Pause Young (Allocation Failure) 2092M->736M(3050M) 4.700ms
[35.007s][info][gc] GC(244) Pause Young (Allocation Failure) 2093M->737M(3050M) 4.358ms
[35.127s][info][gc] GC(245) Pause Young (Allocation Failure) 2094M->737M(3049M) 4.514ms
[35.246s][info][gc] GC(246) Pause Young (Allocation Failure) 2094M->737M(3050M) 4.436ms
[35.365s][info][gc] GC(247) Pause Young (Allocation Failure) 2094M->737M(3051M) 3.690ms
[35.494s][info][gc] GC(248) Pause Young (Allocation Failure) 2095M->738M(3051M) 4.365ms
[35.615s][info][gc] GC(249) Pause Young (Allocation Failure) 2096M->738M(3051M) 5.477ms
[35.745s][info][gc] GC(250) Pause Young (Allocation Failure) 2096M->738M(3051M) 4.385ms
[35.865s][info][gc] GC(251) Pause Young (Allocation Failure) 2096M->738M(3050M) 4.266ms
[35.991s][info][gc] GC(252) Pause Young (Allocation Failure) 2096M->738M(3050M) 3.882ms
[36.112s][info][gc] GC(253) Pause Young (Allocation Failure) 2096M->739M(3051M) 4.644ms
[36.233s][info][gc] GC(254) Pause Young (Allocation Failure) 2098M->739M(3051M) 4.624ms
[36.352s][info][gc] GC(255) Pause Young (Allocation Failure) 2098M->739M(3051M) 3.860ms
[36.479s][info][gc] GC(256) Pause Young (Allocation Failure) 2098M->739M(3051M) 4.756ms
[36.601s][info][gc] GC(257) Pause Young (Allocation Failure) 2098M->740M(3051M) 3.821ms
[36.723s][info][gc] GC(258) Pause Young (Allocation Failure) 2099M->740M(3051M) 3.921ms
[36.843s][info][gc] GC(259) Pause Young (Allocation Failure) 2099M->740M(3051M) 4.553ms
[36.968s][info][gc] GC(260) Pause Young (Allocation Failure) 2099M->740M(3051M) 3.877ms
[37.090s][info][gc] GC(261) Pause Young (Allocation Failure) 2099M->740M(3051M) 4.791ms
[37.211s][info][gc] GC(262) Pause Young (Allocation Failure) 2099M->741M(3051M) 4.112ms
[37.332s][info][gc] GC(263) Pause Young (Allocation Failure) 2100M->741M(3051M) 4.927ms
[37.452s][info][gc] GC(264) Pause Young (Allocation Failure) 2100M->741M(3051M) 4.183ms
[37.578s][info][gc] GC(265) Pause Young (Allocation Failure) 2100M->742M(3050M) 4.330ms
[37.698s][info][gc] GC(266) Pause Young (Allocation Failure) 2100M->742M(3051M) 4.159ms
[37.819s][info][gc] GC(267) Pause Young (Allocation Failure) 2100M->742M(3051M) 5.004ms
[37.941s][info][gc] GC(268) Pause Young (Allocation Failure) 2100M->742M(3051M) 6.303ms
[38.070s][info][gc] GC(269) Pause Young (Allocation Failure) 2100M->743M(3051M) 5.195ms
[38.191s][info][gc] GC(270) Pause Young (Allocation Failure) 2101M->743M(3051M) 5.079ms
[38.312s][info][gc] GC(271) Pause Young (Allocation Failure) 2101M->743M(3051M) 5.936ms
[38.434s][info][gc] GC(272) Pause Young (Allocation Failure) 2101M->743M(3051M) 5.135ms
[38.562s][info][gc] GC(273) Pause Young (Allocation Failure) 2101M->744M(3051M) 4.163ms
[38.684s][info][gc] GC(274) Pause Young (Allocation Failure) 2102M->744M(3051M) 4.888ms
[38.805s][info][gc] GC(275) Pause Young (Allocation Failure) 2102M->744M(3051M) 4.921ms
[38.924s][info][gc] GC(276) Pause Young (Allocation Failure) 2102M->744M(3051M) 4.057ms
[39.051s][info][gc] GC(277) Pause Young (Allocation Failure) 2102M->745M(3050M) 5.200ms
[39.172s][info][gc] GC(278) Pause Young (Allocation Failure) 2103M->745M(3050M) 4.301ms
[39.293s][info][gc] GC(279) Pause Young (Allocation Failure) 2103M->745M(3051M) 5.213ms
[39.415s][info][gc] GC(280) Pause Young (Allocation Failure) 2104M->745M(3051M) 5.182ms
[39.543s][info][gc] GC(281) Pause Young (Allocation Failure) 2104M->746M(3051M) 5.176ms
[39.667s][info][gc] GC(282) Pause Young (Allocation Failure) 2105M->746M(3051M) 4.333ms
[39.789s][info][gc] GC(283) Pause Young (Allocation Failure) 2105M->746M(3051M) 5.092ms
[39.911s][info][gc] GC(284) Pause Young (Allocation Failure) 2105M->746M(3051M) 5.203ms
[40.040s][info][gc] GC(285) Pause Young (Allocation Failure) 2105M->747M(3051M) 4.101ms
[40.162s][info][gc] GC(286) Pause Young (Allocation Failure) 2106M->747M(3051M) 4.132ms
[40.284s][info][gc] GC(287) Pause Young (Allocation Failure) 2106M->747M(3051M) 4.990ms
[40.405s][info][gc] GC(288) Pause Young (Allocation Failure) 2106M->747M(3051M) 3.936ms
[40.533s][info][gc] GC(289) Pause Young (Allocation Failure) 2106M->747M(3051M) 4.813ms
[40.764s][info][gc] GC(290) Pause Young (Allocation Failure) 2105M->769M(3051M) 21.270ms

Max pages: 100000
No more pages!
Processed pages: 27364
Elapsed time: 40538ms
Word: 'the' with total 6243241 occurrences!
Word: 'of' with total 3865347 occurrences!
Word: 'and' with total 2689104 occurrences!
Word: 'ref' with total 2623647 occurrences!
Word: 'in' with total 2353588 occurrences!
Word: 'a' with total 1757541 occurrences!
Word: 'to' with total 1719804 occurrences!
Word: 'https' with total 1201989 occurrences!
Word: 'title' with total 1051414 occurrences!
Word: 'cite' with total 994895 occurrences!