[0.012s][info][gc] Using G1
[0.375s][info][gc] GC(0) Pause Young (Normal) (G1 Evacuation Pause) 103M->6M(2050M) 4.082ms
[0.425s][info][gc] GC(1) Pause Young (Normal) (G1 Evacuation Pause) 116M->7M(2050M) 3.474ms
[0.867s][info][gc] GC(2) Pause Young (Normal) (G1 Evacuation Pause) 1065M->17M(2050M) 9.445ms
[1.014s][info][gc] GC(3) Pause Young (Normal) (G1 Evacuation Pause) 1043M->18M(2050M) 4.081ms
[1.241s][info][gc] GC(4) Pause Young (Normal) (G1 Evacuation Pause) 1228M->27M(2050M) 15.837ms
[1.475s][info][gc] GC(5) Pause Young (Normal) (G1 Evacuation Pause) 1227M->35M(2050M) 7.746ms
[1.630s][info][gc] GC(6) Pause Young (Normal) (G1 Evacuation Pause) 1227M->38M(2050M) 9.302ms
[1.826s][info][gc] GC(7) Pause Young (Normal) (G1 Evacuation Pause) 1228M->51M(2050M) 11.298ms
[1.944s][info][gc] GC(8) Pause Young (Normal) (G1 Evacuation Pause) 1227M->59M(2050M) 10.639ms
[2.064s][info][gc] GC(9) Pause Young (Normal) (G1 Evacuation Pause) 1231M->65M(2050M) 11.072ms
[2.179s][info][gc] GC(10) Pause Young (Normal) (G1 Evacuation Pause) 1229M->71M(2050M) 12.273ms
[2.313s][info][gc] GC(11) Pause Young (Normal) (G1 Evacuation Pause) 1229M->81M(2050M) 13.183ms
[2.434s][info][gc] GC(12) Pause Young (Normal) (G1 Evacuation Pause) 1229M->86M(2154M) 15.833ms
[2.596s][info][gc] GC(13) Pause Young (Normal) (G1 Evacuation Pause) 1296M->98M(2154M) 13.266ms
[2.744s][info][gc] GC(14) Pause Young (Normal) (G1 Evacuation Pause) 1294M->100M(2154M) 19.978ms
[2.892s][info][gc] GC(15) Pause Young (Normal) (G1 Evacuation Pause) 1302M->108M(2154M) 13.423ms
[3.016s][info][gc] GC(16) Pause Young (Normal) (G1 Evacuation Pause) 1306M->117M(2316M) 15.392ms
[3.282s][info][gc] GC(17) Pause Young (Normal) (G1 Evacuation Pause) 1413M->130M(2316M) 12.581ms
[3.423s][info][gc] GC(18) Pause Young (Normal) (G1 Evacuation Pause) 1412M->143M(2316M) 21.533ms
[3.586s][info][gc] GC(19) Pause Young (Normal) (G1 Evacuation Pause) 1435M->156M(2316M) 17.122ms
[3.759s][info][gc] GC(20) Pause Young (Normal) (G1 Evacuation Pause) 1444M->173M(2316M) 30.044ms
[3.975s][info][gc] GC(21) Pause Young (Normal) (G1 Evacuation Pause) 1463M->186M(2600M) 24.567ms
[5.570s][info][gc] GC(22) Pause Young (Normal) (G1 Evacuation Pause) 1648M->212M(2600M) 81.885ms
[7.100s][info][gc] GC(23) Pause Young (Normal) (G1 Evacuation Pause) 1648M->231M(2600M) 53.727ms
[7.709s][info][gc] GC(24) Pause Young (Normal) (G1 Evacuation Pause) 1673M->248M(2600M) 66.748ms
[8.351s][info][gc] GC(25) Pause Young (Normal) (G1 Evacuation Pause) 1688M->267M(2600M) 81.883ms
[8.689s][info][gc] GC(26) Pause Young (Normal) (G1 Evacuation Pause) 1719M->287M(2600M) 21.769ms
[9.387s][info][gc] GC(27) Pause Young (Normal) (G1 Evacuation Pause) 1733M->298M(2600M) 342.677ms
[9.678s][info][gc] GC(28) Pause Young (Normal) (G1 Evacuation Pause) 870M->310M(2934M) 89.371ms
[10.860s][info][gc] GC(29) Pause Young (Normal) (G1 Evacuation Pause) 2026M->331M(2934M) 29.113ms
[11.835s][info][gc] GC(30) Pause Young (Normal) (G1 Evacuation Pause) 2027M->350M(2934M) 16.395ms
[12.111s][info][gc] GC(31) Pause Young (Normal) (G1 Evacuation Pause) 2026M->370M(2934M) 18.342ms
[12.663s][info][gc] GC(32) Pause Young (Normal) (G1 Evacuation Pause) 2026M->389M(2934M) 20.748ms
[13.134s][info][gc] GC(33) Pause Young (Normal) (G1 Evacuation Pause) 2025M->409M(2934M) 24.888ms
[13.378s][info][gc] GC(34) Pause Young (Normal) (G1 Evacuation Pause) 2045M->425M(2934M) 23.356ms
[13.723s][info][gc] GC(35) Pause Young (Normal) (G1 Evacuation Pause) 2055M->449M(2934M) 111.444ms
[14.107s][info][gc] GC(36) Pause Young (Normal) (G1 Evacuation Pause) 2089M->466M(2934M) 37.487ms
[14.416s][info][gc] GC(37) Pause Young (Normal) (G1 Evacuation Pause) 2108M->480M(3188M) 24.617ms
[15.724s][info][gc] GC(38) Pause Young (Normal) (G1 Evacuation Pause) 2260M->501M(3188M) 182.588ms
[16.940s][info][gc] GC(39) Pause Young (Normal) (G1 Evacuation Pause) 2279M->524M(3188M) 144.264ms
[17.159s][info][gc] GC(40) Pause Young (Normal) (G1 Evacuation Pause) 2298M->545M(3188M) 31.898ms
[17.373s][info][gc] GC(41) Pause Young (Normal) (G1 Evacuation Pause) 2321M->563M(3292M) 24.451ms
[17.920s][info][gc] GC(42) Pause Young (Normal) (G1 Evacuation Pause) 2401M->586M(3292M) 27.730ms
[18.176s][info][gc] GC(43) Pause Young (Normal) (G1 Evacuation Pause) 2420M->606M(3292M) 21.710ms
[18.395s][info][gc] GC(44) Pause Young (Normal) (G1 Evacuation Pause) 2442M->626M(3292M) 20.185ms
[18.607s][info][gc] GC(45) Pause Young (Normal) (G1 Evacuation Pause) 2452M->648M(3292M) 20.697ms
[18.847s][info][gc] GC(46) Pause Young (Normal) (G1 Evacuation Pause) 2474M->667M(3334M) 22.609ms
[19.086s][info][gc] GC(47) Pause Young (Normal) (G1 Evacuation Pause) 2525M->691M(3334M) 29.761ms
[19.312s][info][gc] GC(48) Pause Young (Normal) (G1 Evacuation Pause) 2549M->710M(3334M) 32.753ms
[19.530s][info][gc] GC(49) Pause Young (Normal) (G1 Evacuation Pause) 2568M->731M(3334M) 23.995ms
[19.785s][info][gc] GC(50) Pause Young (Normal) (G1 Evacuation Pause) 2583M->754M(3416M) 29.187ms
[20.111s][info][gc] GC(51) Pause Young (Normal) (G1 Evacuation Pause) 2650M->773M(3416M) 32.973ms
[20.344s][info][gc] GC(52) Pause Young (Normal) (G1 Evacuation Pause) 2671M->798M(3416M) 21.577ms
[20.605s][info][gc] GC(53) Pause Young (Normal) (G1 Evacuation Pause) 2694M->822M(3416M) 55.437ms
[20.873s][info][gc] GC(54) Pause Young (Normal) (G1 Evacuation Pause) 2716M->842M(3510M) 40.391ms
[21.373s][info][gc] GC(55) Pause Young (Normal) (G1 Evacuation Pause) 2792M->865M(3510M) 26.550ms
[21.629s][info][gc] GC(56) Pause Young (Normal) (G1 Evacuation Pause) 2821M->897M(3510M) 30.597ms
[21.922s][info][gc] GC(57) Pause Young (Normal) (G1 Evacuation Pause) 2847M->914M(3510M) 70.567ms
[22.270s][info][gc] GC(58) Pause Young (Normal) (G1 Evacuation Pause) 2864M->936M(3510M) 97.484ms
[22.560s][info][gc] GC(59) Pause Young (Normal) (G1 Evacuation Pause) 2884M->957M(3632M) 85.924ms
[23.018s][info][gc] GC(60) Pause Young (Normal) (G1 Evacuation Pause) 2983M->979M(3632M) 71.434ms
[23.299s][info][gc] GC(61) Pause Young (Normal) (G1 Evacuation Pause) 3003M->999M(3632M) 65.576ms
[23.615s][info][gc] GC(62) Pause Young (Normal) (G1 Evacuation Pause) 3023M->1020M(3632M) 85.832ms
[23.954s][info][gc] GC(63) Pause Young (Normal) (G1 Evacuation Pause) 3046M->1048M(3754M) 131.167ms
[25.087s][info][gc] GC(64) Pause Young (Normal) (G1 Evacuation Pause) 3146M->1068M(3754M) 312.135ms
[25.647s][info][gc] GC(65) Pause Young (Normal) (G1 Evacuation Pause) 1458M->1078M(3754M) 469.236ms
[27.176s][info][gc] GC(66) Pause Young (Normal) (G1 Evacuation Pause) 3294M->1104M(3754M) 45.257ms
[27.530s][info][gc] GC(67) Pause Young (Normal) (G1 Evacuation Pause) 3294M->1127M(3754M) 47.951ms
[27.934s][info][gc] GC(68) Pause Young (Normal) (G1 Evacuation Pause) 3295M->1155M(3892M) 25.214ms
[29.388s][info][gc] GC(69) Pause Young (Normal) (G1 Evacuation Pause) 3377M->1185M(3892M) 159.291ms
[29.815s][info][gc] GC(70) Pause Young (Normal) (G1 Evacuation Pause) 2021M->1200M(3892M) 214.270ms
[30.333s][info][gc] GC(71) Pause Young (Normal) (G1 Evacuation Pause) 3464M->1221M(3892M) 38.634ms
[30.669s][info][gc] GC(72) Pause Young (Normal) (G1 Evacuation Pause) 3461M->1249M(3892M) 19.600ms
[30.983s][info][gc] GC(73) Pause Young (Normal) (G1 Evacuation Pause) 3461M->1272M(3892M) 44.855ms
[31.235s][info][gc] GC(74) Pause Young (Normal) (G1 Evacuation Pause) 3462M->1296M(3892M) 28.558ms
[31.535s][info][gc] GC(75) Pause Young (Normal) (G1 Evacuation Pause) 3462M->1323M(3940M) 69.350ms
[31.974s][info][gc] GC(76) Pause Young (Normal) (G1 Evacuation Pause) 3519M->1344M(3940M) 170.447ms
[32.353s][info][gc] GC(77) Pause Young (Normal) (G1 Evacuation Pause) 3548M->1370M(3940M) 36.737ms
[32.998s][info][gc] GC(78) Pause Young (Normal) (G1 Evacuation Pause) 3558M->1392M(3940M) 278.355ms
[33.539s][info][gc] GC(79) Pause Young (Normal) (G1 Evacuation Pause) 2472M->1412M(3992M) 274.201ms
[34.720s][info][gc] GC(80) Pause Young (Normal) (G1 Evacuation Pause) 3692M->1436M(3992M) 152.100ms
[35.010s][info][gc] GC(81) Pause Young (Normal) (G1 Evacuation Pause) 2960M->1454M(3992M) 72.205ms
[35.789s][info][gc] GC(82) Pause Young (Normal) (G1 Evacuation Pause) 3674M->1478M(3992M) 20.098ms
[36.151s][info][gc] GC(83) Pause Young (Normal) (G1 Evacuation Pause) 3650M->1508M(3992M) 19.676ms
[36.610s][info][gc] GC(84) Pause Young (Normal) (G1 Evacuation Pause) 3622M->1527M(3992M) 173.470ms
[37.547s][info][gc] GC(85) Pause Young (Normal) (G1 Evacuation Pause) 3627M->1552M(4030M) 425.029ms
[37.868s][info][gc] GC(86) Pause Young (Normal) (G1 Evacuation Pause) 1592M->1560M(4030M) 297.507ms
[38.546s][info][gc] GC(87) Pause Young (Normal) (G1 Evacuation Pause) 3820M->1581M(4030M) 7.533ms
[38.930s][info][gc] GC(88) Pause Young (Normal) (G1 Evacuation Pause) 3793M->1601M(4030M) 21.262ms
[39.270s][info][gc] GC(89) Pause Young (Normal) (G1 Evacuation Pause) 3773M->1629M(4030M) 11.892ms
[39.519s][info][gc] GC(90) Pause Young (Normal) (G1 Evacuation Pause) 3745M->1651M(4030M) 13.152ms
[39.837s][info][gc] GC(91) Pause Young (Normal) (G1 Evacuation Pause) 3727M->1679M(4030M) 16.257ms
[40.315s][info][gc] GC(92) Pause Young (Normal) (G1 Evacuation Pause) 3697M->1701M(4030M) 21.502ms
[40.604s][info][gc] GC(93) Pause Young (Normal) (G1 Evacuation Pause) 3675M->1721M(4030M) 29.867ms
[40.850s][info][gc] GC(94) Pause Young (Normal) (G1 Evacuation Pause) 3681M->1747M(4030M) 23.494ms
[41.192s][info][gc] GC(95) Pause Young (Normal) (G1 Evacuation Pause) 3675M->1770M(4058M) 96.424ms
[41.886s][info][gc] GC(96) Pause Young (Normal) (G1 Evacuation Pause) 3706M->1792M(4058M) 101.715ms
[42.226s][info][gc] GC(97) Pause Young (Normal) (G1 Evacuation Pause) 3710M->1815M(4058M) 60.674ms
[42.501s][info][gc] GC(98) Pause Young (Normal) (G1 Evacuation Pause) 3713M->1835M(4058M) 28.877ms
[42.836s][info][gc] GC(99) Pause Young (Normal) (G1 Evacuation Pause) 3713M->1850M(4066M) 69.549ms
[43.370s][info][gc] GC(100) Pause Young (Normal) (G1 Evacuation Pause) 3730M->1867M(4066M) 56.872ms
[49.705s][info][gc] GC(101) Pause Young (Normal) (G1 Evacuation Pause) 3711M->1896M(4066M) 985.070ms
[50.618s][info][gc] GC(102) Pause Young (Normal) (G1 Evacuation Pause) 1948M->1899M(4066M) 810.951ms
[52.194s][info][gc] GC(103) Pause Young (Concurrent Start) (G1 Humongous Allocation) 2390M->1904M(4078M) 50.932ms
[52.195s][info][gc] GC(104) Concurrent Mark Cycle
[55.079s][info][gc] GC(104) Pause Remark 3047M->2729M(4096M) 43.740ms
[55.735s][info][gc] GC(104) Pause Cleanup 2939M->2939M(4096M) 3.702ms
[55.835s][info][gc] GC(104) Concurrent Mark Cycle 3639.836ms
[57.172s][info][gc] GC(105) Pause Young (Prepare Mixed) (G1 Evacuation Pause) 3352M->1613M(4096M) 104.428ms
[58.518s][info][gc] GC(106) Pause Young (Mixed) (G1 Evacuation Pause) 1931M->1579M(4096M) 479.720ms
[65.989s][info][gc] GC(107) Pause Young (Mixed) (G1 Evacuation Pause) 3791M->1580M(4096M) 181.435ms
[66.756s][info][gc] GC(108) Pause Young (Mixed) (G1 Evacuation Pause) 1736M->1544M(4096M) 287.951ms
[67.589s][info][gc] GC(109) Pause Young (Mixed) (G1 Evacuation Pause) 1956M->1507M(4096M) 36.828ms
[67.828s][info][gc] GC(110) Pause Young (Mixed) (G1 Evacuation Pause) 1965M->1471M(4096M) 63.184ms
[68.139s][info][gc] GC(111) Pause Young (Mixed) (G1 Evacuation Pause) 1869M->1438M(4096M) 10.036ms
[68.265s][info][gc] GC(112) Pause Young (Mixed) (G1 Evacuation Pause) 1744M->1403M(4096M) 28.142ms
[68.974s][info][gc] GC(113) Pause Young (Mixed) (G1 Evacuation Pause) 2091M->1385M(4096M) 72.156ms
[69.054s][info][gc] GC(114) Pause Young (Normal) (G1 Evacuation Pause) 1969M->1391M(4096M) 6.335ms
[69.894s][info][gc] GC(115) Pause Young (Normal) (G1 Evacuation Pause) 2319M->1403M(4096M) 132.274ms
[70.065s][info][gc] GC(116) Pause Young (Normal) (G1 Evacuation Pause) 1763M->1406M(4096M) 123.380ms
[71.579s][info][gc] GC(117) Pause Young (Normal) (G1 Evacuation Pause) 2822M->1418M(4096M) 93.068ms
[71.721s][info][gc] GC(118) Pause Young (Normal) (G1 Evacuation Pause) 2640M->1418M(4096M) 6.673ms
[73.688s][info][gc] GC(119) Pause Young (Normal) (G1 Evacuation Pause) 3786M->1418M(4096M) 180.358ms
[74.402s][info][gc] GC(120) Pause Young (Normal) (G1 Evacuation Pause) 2930M->1419M(4096M) 8.359ms
[79.589s][info][gc] GC(121) Pause Young (Normal) (G1 Evacuation Pause) 3829M->1420M(4096M) 322.659ms
[80.192s][info][gc] GC(122) Pause Young (Normal) (G1 Evacuation Pause) 1578M->1422M(4096M) 286.785ms
[82.489s][info][gc] GC(123) Pause Young (Normal) (G1 Evacuation Pause) 3874M->1421M(4096M) 8.599ms
[82.777s][info][gc] GC(124) Pause Young (Normal) (G1 Evacuation Pause) 3873M->1422M(4096M) 10.047ms
[83.100s][info][gc] GC(125) Pause Young (Normal) (G1 Evacuation Pause) 3874M->1422M(4096M) 8.067ms
[83.353s][info][gc] GC(126) Pause Young (Normal) (G1 Evacuation Pause) 3874M->1423M(4096M) 9.175ms
[83.638s][info][gc] GC(127) Pause Young (Normal) (G1 Evacuation Pause) 3875M->1423M(4096M) 8.334ms
[83.939s][info][gc] GC(128) Pause Young (Normal) (G1 Evacuation Pause) 3873M->1424M(4096M) 10.406ms
[84.221s][info][gc] GC(129) Pause Young (Normal) (G1 Evacuation Pause) 3874M->1424M(4096M) 9.289ms
[84.510s][info][gc] GC(130) Pause Young (Normal) (G1 Evacuation Pause) 3874M->1425M(4096M) 11.040ms
[84.787s][info][gc] GC(131) Pause Young (Normal) (G1 Evacuation Pause) 3875M->1426M(4096M) 10.949ms
[85.556s][info][gc] GC(132) Pause Young (Normal) (G1 Evacuation Pause) 3874M->1426M(4096M) 15.124ms
[85.938s][info][gc] GC(133) Pause Young (Normal) (G1 Evacuation Pause) 3874M->1426M(4096M) 12.812ms
[86.208s][info][gc] GC(134) Pause Young (Normal) (G1 Evacuation Pause) 3874M->1427M(4096M) 14.478ms
[86.506s][info][gc] GC(135) Pause Young (Normal) (G1 Evacuation Pause) 3875M->1427M(4096M) 13.324ms
[87.262s][info][gc] GC(136) Pause Young (Normal) (G1 Evacuation Pause) 3875M->1428M(4096M) 21.808ms
[88.115s][info][gc] GC(137) Pause Young (Normal) (G1 Evacuation Pause) 3876M->1429M(4096M) 15.030ms
[88.553s][info][gc] GC(138) Pause Young (Normal) (G1 Evacuation Pause) 3877M->1429M(4096M) 13.662ms
[88.974s][info][gc] GC(139) Pause Young (Normal) (G1 Evacuation Pause) 3877M->1430M(4096M) 15.044ms
[89.551s][info][gc] GC(140) Pause Young (Normal) (G1 Evacuation Pause) 3878M->1430M(4096M) 17.477ms
[89.862s][info][gc] GC(141) Pause Young (Normal) (G1 Evacuation Pause) 3878M->1430M(4096M) 18.111ms
[90.149s][info][gc] GC(142) Pause Young (Normal) (G1 Evacuation Pause) 3878M->1431M(4096M) 19.322ms
[90.450s][info][gc] GC(143) Pause Young (Normal) (G1 Evacuation Pause) 3879M->1432M(4096M) 16.525ms
[91.359s][info][gc] GC(144) Pause Young (Normal) (G1 Evacuation Pause) 3880M->1432M(4096M) 19.527ms
[91.870s][info][gc] GC(145) Pause Young (Normal) (G1 Evacuation Pause) 3878M->1433M(4096M) 20.737ms
[92.434s][info][gc] GC(146) Pause Young (Normal) (G1 Evacuation Pause) 3879M->1434M(4096M) 14.279ms
[93.528s][info][gc] GC(147) Pause Young (Normal) (G1 Evacuation Pause) 3880M->1434M(4096M) 26.464ms
[93.874s][info][gc] GC(148) Pause Young (Normal) (G1 Evacuation Pause) 3880M->1434M(4096M) 15.554ms
[94.284s][info][gc] GC(149) Pause Young (Normal) (G1 Evacuation Pause) 3878M->1435M(4096M) 15.022ms
[94.925s][info][gc] GC(150) Pause Young (Normal) (G1 Evacuation Pause) 3879M->1435M(4096M) 17.850ms
[95.328s][info][gc] GC(151) Pause Young (Normal) (G1 Evacuation Pause) 3889M->1450M(4096M) 30.577ms
[96.558s][info][gc] GC(152) Pause Young (Normal) (G1 Evacuation Pause) 3876M->1451M(4096M) 71.928ms
[99.999s][info][gc] GC(153) Pause Young (Normal) (G1 Evacuation Pause) 3875M->1451M(4096M) 90.529ms
[100.785s][info][gc] GC(154) Pause Young (Normal) (G1 Evacuation Pause) 3875M->1452M(4096M) 33.351ms
[101.622s][info][gc] GC(155) Pause Young (Normal) (G1 Evacuation Pause) 3876M->1452M(4096M) 23.972ms
[102.637s][info][gc] GC(156) Pause Young (Normal) (G1 Evacuation Pause) 3876M->1453M(4096M) 48.314ms
[105.110s][info][gc] GC(157) Pause Young (Normal) (G1 Evacuation Pause) 3875M->1453M(4096M) 85.060ms
[107.121s][info][gc] GC(158) Pause Young (Normal) (G1 Evacuation Pause) 3875M->1453M(4096M) 67.231ms
[110.208s][info][gc] GC(159) Pause Young (Normal) (G1 Evacuation Pause) 3875M->1454M(4096M) 132.705ms
[112.923s][info][gc] GC(160) Pause Young (Normal) (G1 Evacuation Pause) 3876M->1455M(4096M) 29.933ms
[114.589s][info][gc] GC(161) Pause Young (Normal) (G1 Evacuation Pause) 3871M->1455M(4096M) 35.746ms
[115.036s][info][gc] GC(162) Pause Young (Normal) (G1 Evacuation Pause) 3875M->1455M(4096M) 50.656ms
[115.557s][info][gc] GC(163) Pause Young (Normal) (G1 Evacuation Pause) 3875M->1456M(4096M) 26.649ms
[115.977s][info][gc] GC(164) Pause Young (Normal) (G1 Evacuation Pause) 3876M->1457M(4096M) 27.224ms
[116.454s][info][gc] GC(165) Pause Young (Normal) (G1 Evacuation Pause) 3875M->1457M(4096M) 31.437ms
[117.028s][info][gc] GC(166) Pause Young (Normal) (G1 Evacuation Pause) 3875M->1457M(4096M) 72.049ms
[117.599s][info][gc] GC(167) Pause Young (Normal) (G1 Evacuation Pause) 3879M->1458M(4096M) 15.215ms
[117.953s][info][gc] GC(168) Pause Young (Normal) (G1 Evacuation Pause) 3878M->1458M(4096M) 17.811ms
[118.220s][info][gc] GC(169) Pause Young (Normal) (G1 Evacuation Pause) 3878M->1458M(4096M) 15.357ms
[118.525s][info][gc] GC(170) Pause Young (Normal) (G1 Evacuation Pause) 3878M->1458M(4096M) 14.558ms
[118.806s][info][gc] GC(171) Pause Young (Normal) (G1 Evacuation Pause) 3878M->1459M(4096M) 12.101ms
[119.152s][info][gc] GC(172) Pause Young (Normal) (G1 Evacuation Pause) 3877M->1459M(4096M) 12.759ms
[119.454s][info][gc] GC(173) Pause Young (Normal) (G1 Evacuation Pause) 3877M->1460M(4096M) 20.516ms
[119.759s][info][gc] GC(174) Pause Young (Normal) (G1 Evacuation Pause) 3878M->1460M(4096M) 14.591ms
[120.137s][info][gc] GC(175) Pause Young (Normal) (G1 Evacuation Pause) 3882M->1460M(4096M) 29.665ms
[120.590s][info][gc] GC(176) Pause Young (Normal) (G1 Evacuation Pause) 3882M->1461M(4096M) 26.871ms
[121.095s][info][gc] GC(177) Pause Young (Normal) (G1 Evacuation Pause) 3881M->1461M(4096M) 15.785ms
[121.434s][info][gc] GC(178) Pause Young (Normal) (G1 Evacuation Pause) 3881M->1461M(4096M) 11.416ms
[121.749s][info][gc] GC(179) Pause Young (Normal) (G1 Evacuation Pause) 3881M->1462M(4096M) 13.356ms
[122.289s][info][gc] GC(180) Pause Young (Normal) (G1 Evacuation Pause) 3882M->1462M(4096M) 44.282ms
[122.722s][info][gc] GC(181) Pause Young (Normal) (G1 Evacuation Pause) 3880M->1463M(4096M) 13.517ms
[123.043s][info][gc] GC(182) Pause Young (Normal) (G1 Evacuation Pause) 3881M->1463M(4096M) 11.994ms
[123.436s][info][gc] GC(183) Pause Young (Normal) (G1 Evacuation Pause) 3881M->1463M(4096M) 14.344ms
[123.779s][info][gc] GC(184) Pause Young (Normal) (G1 Evacuation Pause) 3881M->1464M(4096M) 15.750ms
[124.120s][info][gc] GC(185) Pause Young (Normal) (G1 Evacuation Pause) 3882M->1464M(4096M) 12.773ms
[124.395s][info][gc] GC(186) Pause Young (Normal) (G1 Evacuation Pause) 3880M->1465M(4096M) 12.449ms
[124.674s][info][gc] GC(187) Pause Young (Normal) (G1 Evacuation Pause) 3881M->1465M(4096M) 18.016ms
[124.981s][info][gc] GC(188) Pause Young (Normal) (G1 Evacuation Pause) 3881M->1466M(4096M) 12.473ms
[125.343s][info][gc] GC(189) Pause Young (Normal) (G1 Evacuation Pause) 3882M->1466M(4096M) 12.840ms
[125.677s][info][gc] GC(190) Pause Young (Normal) (G1 Evacuation Pause) 3882M->1466M(4096M) 14.641ms
[125.998s][info][gc] GC(191) Pause Young (Normal) (G1 Evacuation Pause) 3878M->1467M(4096M) 13.750ms
[126.714s][info][gc] GC(192) Pause Young (Normal) (G1 Evacuation Pause) 3877M->1468M(4096M) 17.154ms
[127.046s][info][gc] GC(193) Pause Young (Normal) (G1 Evacuation Pause) 3878M->1468M(4096M) 13.565ms
[127.321s][info][gc] GC(194) Pause Young (Normal) (G1 Evacuation Pause) 3878M->1469M(4096M) 17.176ms
[127.612s][info][gc] GC(195) Pause Young (Normal) (G1 Evacuation Pause) 3879M->1469M(4096M) 12.872ms
[127.933s][info][gc] GC(196) Pause Young (Normal) (G1 Evacuation Pause) 3879M->1469M(4096M) 17.648ms
[128.288s][info][gc] GC(197) Pause Young (Normal) (G1 Evacuation Pause) 3877M->1470M(4096M) 17.478ms
[129.007s][info][gc] GC(198) Pause Young (Normal) (G1 Evacuation Pause) 3878M->1470M(4096M) 16.654ms
[129.376s][info][gc] GC(199) Pause Young (Normal) (G1 Evacuation Pause) 3878M->1470M(4096M) 14.648ms
[129.680s][info][gc] GC(200) Pause Young (Normal) (G1 Evacuation Pause) 3878M->1471M(4096M) 13.038ms

Max pages: 100000
No more pages!
Processed pages: 27364
Elapsed time: 129690ms
Word: 'the' with total 6243241 occurrences!
Word: 'of' with total 3865347 occurrences!
Word: 'and' with total 2689104 occurrences!
Word: 'ref' with total 2623647 occurrences!
Word: 'in' with total 2353588 occurrences!
Word: 'a' with total 1757541 occurrences!
Word: 'to' with total 1719804 occurrences!
Word: 'https' with total 1201989 occurrences!
Word: 'title' with total 1051414 occurrences!
Word: 'cite' with total 994895 occurrences!
