[0.007s][info][gc,heap] Heap region size: 1M
[0.022s][info][gc     ] Using G1
[0.022s][info][gc,heap,coops] Heap address: 0x0000000700000000, size: 4096 MB, Compressed Oops mode: Zero based, Oop shift amount: 3
[0.322s][info][gc,start     ] GC(0) Pause Young (Normal) (G1 Evacuation Pause)
[0.323s][info][gc,task      ] GC(0) Using 13 workers of 13 for evacuation
[0.325s][info][gc,phases    ] GC(0)   Pre Evacuate Collection Set: 0.0ms
[0.325s][info][gc,phases    ] GC(0)   Evacuate Collection Set: 1.7ms
[0.325s][info][gc,phases    ] GC(0)   Post Evacuate Collection Set: 0.2ms
[0.325s][info][gc,phases    ] GC(0)   Other: 0.6ms
[0.325s][info][gc,heap      ] GC(0) Eden regions: 102->0(89)
[0.325s][info][gc,heap      ] GC(0) Survivor regions: 0->13(13)
[0.325s][info][gc,heap      ] GC(0) Old regions: 0->8
[0.325s][info][gc,heap      ] GC(0) Humongous regions: 16->3
[0.326s][info][gc,metaspace ] GC(0) Metaspace: 6870K(7168K)->6870K(7168K) NonClass: 6280K(6400K)->6280K(6400K) Class: 589K(768K)->589K(768K)
[0.326s][info][gc           ] GC(0) Pause Young (Normal) (G1 Evacuation Pause) 118M->23M(2048M) 3.077ms
[0.326s][info][gc,cpu       ] GC(0) User=0.00s Sys=0.00s Real=0.00s
[0.399s][info][gc,start     ] GC(1) Pause Young (Normal) (G1 Evacuation Pause)
[0.399s][info][gc,task      ] GC(1) Using 13 workers of 13 for evacuation
[0.402s][info][gc,phases    ] GC(1)   Pre Evacuate Collection Set: 0.0ms
[0.402s][info][gc,phases    ] GC(1)   Evacuate Collection Set: 2.1ms
[0.402s][info][gc,phases    ] GC(1)   Post Evacuate Collection Set: 0.2ms
[0.402s][info][gc,phases    ] GC(1)   Other: 0.1ms
[0.402s][info][gc,heap      ] GC(1) Eden regions: 89->0(89)
[0.402s][info][gc,heap      ] GC(1) Survivor regions: 13->13(13)
[0.402s][info][gc,heap      ] GC(1) Old regions: 8->27
[0.402s][info][gc,heap      ] GC(1) Humongous regions: 16->4
[0.402s][info][gc,metaspace ] GC(1) Metaspace: 6873K(7168K)->6873K(7168K) NonClass: 6283K(6400K)->6283K(6400K) Class: 589K(768K)->589K(768K)
[0.402s][info][gc           ] GC(1) Pause Young (Normal) (G1 Evacuation Pause) 125M->43M(2048M) 2.600ms
[0.402s][info][gc,cpu       ] GC(1) User=0.00s Sys=0.00s Real=0.00s
[0.440s][info][gc,start     ] GC(2) Pause Young (Normal) (G1 Evacuation Pause)
[0.440s][info][gc,task      ] GC(2) Using 13 workers of 13 for evacuation
[0.442s][info][gc,phases    ] GC(2)   Pre Evacuate Collection Set: 0.0ms
[0.442s][info][gc,phases    ] GC(2)   Evacuate Collection Set: 1.5ms
[0.442s][info][gc,phases    ] GC(2)   Post Evacuate Collection Set: 0.2ms
[0.442s][info][gc,phases    ] GC(2)   Other: 0.1ms
[0.442s][info][gc,heap      ] GC(2) Eden regions: 89->0(89)
[0.442s][info][gc,heap      ] GC(2) Survivor regions: 13->13(13)
[0.442s][info][gc,heap      ] GC(2) Old regions: 27->44
[0.442s][info][gc,heap      ] GC(2) Humongous regions: 7->5
[0.442s][info][gc,metaspace ] GC(2) Metaspace: 6874K(7168K)->6874K(7168K) NonClass: 6284K(6400K)->6284K(6400K) Class: 589K(768K)->589K(768K)
[0.442s][info][gc           ] GC(2) Pause Young (Normal) (G1 Evacuation Pause) 135M->61M(2048M) 1.914ms
[0.442s][info][gc,cpu       ] GC(2) User=0.00s Sys=0.00s Real=0.00s
[0.475s][info][gc,start     ] GC(3) Pause Young (Normal) (G1 Evacuation Pause)
[0.475s][info][gc,task      ] GC(3) Using 13 workers of 13 for evacuation
[0.477s][info][gc,phases    ] GC(3)   Pre Evacuate Collection Set: 0.0ms
[0.477s][info][gc,phases    ] GC(3)   Evacuate Collection Set: 2.1ms
[0.477s][info][gc,phases    ] GC(3)   Post Evacuate Collection Set: 0.1ms
[0.477s][info][gc,phases    ] GC(3)   Other: 0.1ms
[0.477s][info][gc,heap      ] GC(3) Eden regions: 89->0(107)
[0.477s][info][gc,heap      ] GC(3) Survivor regions: 13->13(13)
[0.477s][info][gc,heap      ] GC(3) Old regions: 44->61
[0.477s][info][gc,heap      ] GC(3) Humongous regions: 6->5
[0.477s][info][gc,metaspace ] GC(3) Metaspace: 6874K(7168K)->6874K(7168K) NonClass: 6284K(6400K)->6284K(6400K) Class: 589K(768K)->589K(768K)
[0.477s][info][gc           ] GC(3) Pause Young (Normal) (G1 Evacuation Pause) 151M->78M(2048M) 2.479ms
[0.477s][info][gc,cpu       ] GC(3) User=0.00s Sys=0.00s Real=0.00s
[0.515s][info][gc,start     ] GC(4) Pause Young (Normal) (G1 Evacuation Pause)
[0.515s][info][gc,task      ] GC(4) Using 13 workers of 13 for evacuation
[0.518s][info][gc,phases    ] GC(4)   Pre Evacuate Collection Set: 0.0ms
[0.518s][info][gc,phases    ] GC(4)   Evacuate Collection Set: 2.4ms
[0.518s][info][gc,phases    ] GC(4)   Post Evacuate Collection Set: 0.2ms
[0.518s][info][gc,phases    ] GC(4)   Other: 0.1ms
[0.518s][info][gc,heap      ] GC(4) Eden regions: 107->0(125)
[0.518s][info][gc,heap      ] GC(4) Survivor regions: 13->15(15)
[0.518s][info][gc,heap      ] GC(4) Old regions: 61->81
[0.518s][info][gc,heap      ] GC(4) Humongous regions: 14->5
[0.518s][info][gc,metaspace ] GC(4) Metaspace: 6874K(7168K)->6874K(7168K) NonClass: 6284K(6400K)->6284K(6400K) Class: 589K(768K)->589K(768K)
[0.518s][info][gc           ] GC(4) Pause Young (Normal) (G1 Evacuation Pause) 194M->100M(2048M) 2.808ms
[0.518s][info][gc,cpu       ] GC(4) User=0.00s Sys=0.00s Real=0.00s
[0.565s][info][gc,start     ] GC(5) Pause Young (Normal) (G1 Evacuation Pause)
[0.565s][info][gc,task      ] GC(5) Using 13 workers of 13 for evacuation
[0.568s][info][gc,phases    ] GC(5)   Pre Evacuate Collection Set: 0.0ms
[0.568s][info][gc,phases    ] GC(5)   Evacuate Collection Set: 2.7ms
[0.568s][info][gc,phases    ] GC(5)   Post Evacuate Collection Set: 0.2ms
[0.568s][info][gc,phases    ] GC(5)   Other: 0.1ms
[0.568s][info][gc,heap      ] GC(5) Eden regions: 125->0(155)
[0.568s][info][gc,heap      ] GC(5) Survivor regions: 15->18(18)
[0.568s][info][gc,heap      ] GC(5) Old regions: 81->102
[0.568s][info][gc,heap      ] GC(5) Humongous regions: 19->8
[0.568s][info][gc,metaspace ] GC(5) Metaspace: 6875K(7168K)->6875K(7168K) NonClass: 6285K(6400K)->6285K(6400K) Class: 589K(768K)->589K(768K)
[0.568s][info][gc           ] GC(5) Pause Young (Normal) (G1 Evacuation Pause) 239M->127M(2048M) 3.149ms
[0.568s][info][gc,cpu       ] GC(5) User=0.06s Sys=0.14s Real=0.00s
[0.625s][info][gc,start     ] GC(6) Pause Young (Normal) (G1 Evacuation Pause)
[0.625s][info][gc,task      ] GC(6) Using 13 workers of 13 for evacuation
[0.629s][info][gc,phases    ] GC(6)   Pre Evacuate Collection Set: 0.0ms
[0.629s][info][gc,phases    ] GC(6)   Evacuate Collection Set: 3.7ms
[0.629s][info][gc,phases    ] GC(6)   Post Evacuate Collection Set: 0.2ms
[0.629s][info][gc,phases    ] GC(6)   Other: 0.2ms
[0.629s][info][gc,heap      ] GC(6) Eden regions: 155->0(195)
[0.629s][info][gc,heap      ] GC(6) Survivor regions: 18->22(22)
[0.629s][info][gc,heap      ] GC(6) Old regions: 102->127
[0.629s][info][gc,heap      ] GC(6) Humongous regions: 22->10
[0.629s][info][gc,metaspace ] GC(6) Metaspace: 6875K(7168K)->6875K(7168K) NonClass: 6285K(6400K)->6285K(6400K) Class: 589K(768K)->589K(768K)
[0.629s][info][gc           ] GC(6) Pause Young (Normal) (G1 Evacuation Pause) 296M->158M(2048M) 4.146ms
[0.629s][info][gc,cpu       ] GC(6) User=0.03s Sys=0.12s Real=0.00s
[0.704s][info][gc,start     ] GC(7) Pause Young (Normal) (G1 Evacuation Pause)
[0.704s][info][gc,task      ] GC(7) Using 13 workers of 13 for evacuation
[0.709s][info][gc,phases    ] GC(7)   Pre Evacuate Collection Set: 0.0ms
[0.709s][info][gc,phases    ] GC(7)   Evacuate Collection Set: 4.1ms
[0.709s][info][gc,phases    ] GC(7)   Post Evacuate Collection Set: 0.2ms
[0.709s][info][gc,phases    ] GC(7)   Other: 0.1ms
[0.709s][info][gc,heap      ] GC(7) Eden regions: 195->0(245)
[0.709s][info][gc,heap      ] GC(7) Survivor regions: 22->28(28)
[0.709s][info][gc,heap      ] GC(7) Old regions: 127->159
[0.709s][info][gc,heap      ] GC(7) Humongous regions: 32->13
[0.709s][info][gc,metaspace ] GC(7) Metaspace: 6875K(7168K)->6875K(7168K) NonClass: 6285K(6400K)->6285K(6400K) Class: 589K(768K)->589K(768K)
[0.709s][info][gc           ] GC(7) Pause Young (Normal) (G1 Evacuation Pause) 375M->199M(2048M) 4.556ms
[0.709s][info][gc,cpu       ] GC(7) User=0.12s Sys=0.08s Real=0.00s
[0.796s][info][gc,start     ] GC(8) Pause Young (Normal) (G1 Evacuation Pause)
[0.796s][info][gc,task      ] GC(8) Using 13 workers of 13 for evacuation
[0.801s][info][gc,phases    ] GC(8)   Pre Evacuate Collection Set: 0.0ms
[0.801s][info][gc,phases    ] GC(8)   Evacuate Collection Set: 5.2ms
[0.801s][info][gc,phases    ] GC(8)   Post Evacuate Collection Set: 0.2ms
[0.801s][info][gc,phases    ] GC(8)   Other: 0.2ms
[0.801s][info][gc,heap      ] GC(8) Eden regions: 245->0(305)
[0.801s][info][gc,heap      ] GC(8) Survivor regions: 28->35(35)
[0.801s][info][gc,heap      ] GC(8) Old regions: 159->201
[0.801s][info][gc,heap      ] GC(8) Humongous regions: 28->13
[0.801s][info][gc,metaspace ] GC(8) Metaspace: 6875K(7168K)->6875K(7168K) NonClass: 6285K(6400K)->6285K(6400K) Class: 589K(768K)->589K(768K)
[0.801s][info][gc           ] GC(8) Pause Young (Normal) (G1 Evacuation Pause) 459M->248M(2048M) 5.806ms
[0.801s][info][gc,cpu       ] GC(8) User=0.08s Sys=0.12s Real=0.01s
[0.914s][info][gc,start     ] GC(9) Pause Young (Normal) (G1 Evacuation Pause)
[0.914s][info][gc,task      ] GC(9) Using 13 workers of 13 for evacuation
[0.921s][info][gc,phases    ] GC(9)   Pre Evacuate Collection Set: 0.0ms
[0.922s][info][gc,phases    ] GC(9)   Evacuate Collection Set: 6.9ms
[0.922s][info][gc,phases    ] GC(9)   Post Evacuate Collection Set: 0.2ms
[0.922s][info][gc,phases    ] GC(9)   Other: 0.2ms
[0.922s][info][gc,heap      ] GC(9) Eden regions: 305->0(380)
[0.922s][info][gc,heap      ] GC(9) Survivor regions: 35->43(43)
[0.922s][info][gc,heap      ] GC(9) Old regions: 201->253
[0.922s][info][gc,heap      ] GC(9) Humongous regions: 54->17
[0.922s][info][gc,metaspace ] GC(9) Metaspace: 6875K(7168K)->6875K(7168K) NonClass: 6285K(6400K)->6285K(6400K) Class: 589K(768K)->589K(768K)
[0.922s][info][gc           ] GC(9) Pause Young (Normal) (G1 Evacuation Pause) 594M->312M(2048M) 7.479ms
[0.922s][info][gc,cpu       ] GC(9) User=0.00s Sys=0.00s Real=0.01s
[1.056s][info][gc,start     ] GC(10) Pause Young (Normal) (G1 Evacuation Pause)
[1.056s][info][gc,task      ] GC(10) Using 13 workers of 13 for evacuation
[1.064s][info][gc,phases    ] GC(10)   Pre Evacuate Collection Set: 0.0ms
[1.064s][info][gc,phases    ] GC(10)   Evacuate Collection Set: 7.8ms
[1.064s][info][gc,phases    ] GC(10)   Post Evacuate Collection Set: 0.2ms
[1.064s][info][gc,phases    ] GC(10)   Other: 0.2ms
[1.064s][info][gc,heap      ] GC(10) Eden regions: 380->0(624)
[1.064s][info][gc,heap      ] GC(10) Survivor regions: 43->53(53)
[1.064s][info][gc,heap      ] GC(10) Old regions: 253->317
[1.064s][info][gc,heap      ] GC(10) Humongous regions: 45->19
[1.064s][info][gc,metaspace ] GC(10) Metaspace: 6875K(7168K)->6875K(7168K) NonClass: 6285K(6400K)->6285K(6400K) Class: 589K(768K)->589K(768K)
[1.064s][info][gc           ] GC(10) Pause Young (Normal) (G1 Evacuation Pause) 720M->388M(2048M) 8.314ms
[1.064s][info][gc,cpu       ] GC(10) User=0.00s Sys=0.00s Real=0.01s
[1.304s][info][gc,start     ] GC(11) Pause Young (Normal) (G1 Evacuation Pause)
[1.304s][info][gc,task      ] GC(11) Using 13 workers of 13 for evacuation
[1.318s][info][gc,phases    ] GC(11)   Pre Evacuate Collection Set: 0.0ms
[1.318s][info][gc,phases    ] GC(11)   Evacuate Collection Set: 13.1ms
[1.318s][info][gc,phases    ] GC(11)   Post Evacuate Collection Set: 0.4ms
[1.318s][info][gc,phases    ] GC(11)   Other: 0.2ms
[1.318s][info][gc,heap      ] GC(11) Eden regions: 624->0(678)
[1.318s][info][gc,heap      ] GC(11) Survivor regions: 53->85(85)
[1.318s][info][gc,heap      ] GC(11) Old regions: 317->406
[1.318s][info][gc,heap      ] GC(11) Humongous regions: 74->27
[1.318s][info][gc,metaspace ] GC(11) Metaspace: 6875K(7168K)->6875K(7168K) NonClass: 6285K(6400K)->6285K(6400K) Class: 589K(768K)->589K(768K)
[1.318s][info][gc           ] GC(11) Pause Young (Normal) (G1 Evacuation Pause) 1067M->517M(2048M) 13.876ms
[1.318s][info][gc,cpu       ] GC(11) User=0.08s Sys=0.12s Real=0.01s
[1.549s][info][gc,start     ] GC(12) Pause Young (Normal) (G1 Evacuation Pause)
[1.549s][info][gc,task      ] GC(12) Using 13 workers of 13 for evacuation
[1.564s][info][gc,phases    ] GC(12)   Pre Evacuate Collection Set: 0.0ms
[1.564s][info][gc,phases    ] GC(12)   Evacuate Collection Set: 14.4ms
[1.564s][info][gc,phases    ] GC(12)   Post Evacuate Collection Set: 0.3ms
[1.564s][info][gc,phases    ] GC(12)   Other: 0.2ms
[1.564s][info][gc,heap      ] GC(12) Eden regions: 678->0(710)
[1.564s][info][gc,heap      ] GC(12) Survivor regions: 85->96(96)
[1.564s][info][gc,heap      ] GC(12) Old regions: 406->526
[1.564s][info][gc,heap      ] GC(12) Humongous regions: 91->35
[1.564s][info][gc,metaspace ] GC(12) Metaspace: 6875K(7168K)->6875K(7168K) NonClass: 6285K(6400K)->6285K(6400K) Class: 589K(768K)->589K(768K)
[1.564s][info][gc           ] GC(12) Pause Young (Normal) (G1 Evacuation Pause) 1259M->656M(2048M) 15.072ms
[1.564s][info][gc,cpu       ] GC(12) User=0.03s Sys=0.17s Real=0.01s
[1.802s][info][gc,start     ] GC(13) Pause Young (Normal) (G1 Evacuation Pause)
[1.803s][info][gc,task      ] GC(13) Using 13 workers of 13 for evacuation
[1.820s][info][gc,phases    ] GC(13)   Pre Evacuate Collection Set: 0.0ms
[1.820s][info][gc,phases    ] GC(13)   Evacuate Collection Set: 15.6ms
[1.820s][info][gc,phases    ] GC(13)   Post Evacuate Collection Set: 1.8ms
[1.820s][info][gc,phases    ] GC(13)   Other: 0.2ms
[1.820s][info][gc,heap      ] GC(13) Eden regions: 710->0(749)
[1.820s][info][gc,heap      ] GC(13) Survivor regions: 96->101(101)
[1.820s][info][gc,heap      ] GC(13) Old regions: 526->657
[1.820s][info][gc,heap      ] GC(13) Humongous regions: 138->54
[1.820s][info][gc,metaspace ] GC(13) Metaspace: 6875K(7168K)->6875K(7168K) NonClass: 6285K(6400K)->6285K(6400K) Class: 589K(768K)->589K(768K)
[1.820s][info][gc           ] GC(13) Pause Young (Normal) (G1 Evacuation Pause) 1469M->811M(2267M) 17.806ms
[1.820s][info][gc,cpu       ] GC(13) User=0.05s Sys=0.16s Real=0.02s
[2.115s][info][gc,start     ] GC(14) Pause Young (Normal) (G1 Evacuation Pause)
[2.115s][info][gc,task      ] GC(14) Using 13 workers of 13 for evacuation
[2.132s][info][gc,phases    ] GC(14)   Pre Evacuate Collection Set: 0.1ms
[2.132s][info][gc,phases    ] GC(14)   Evacuate Collection Set: 16.0ms
[2.132s][info][gc,phases    ] GC(14)   Post Evacuate Collection Set: 0.4ms
[2.132s][info][gc,phases    ] GC(14)   Other: 0.2ms
[2.132s][info][gc,heap      ] GC(14) Eden regions: 749->0(711)
[2.132s][info][gc,heap      ] GC(14) Survivor regions: 101->107(107)
[2.132s][info][gc,heap      ] GC(14) Old regions: 657->796
[2.132s][info][gc,heap      ] GC(14) Humongous regions: 141->63
[2.132s][info][gc,metaspace ] GC(14) Metaspace: 6876K(7168K)->6876K(7168K) NonClass: 6286K(6400K)->6286K(6400K) Class: 589K(768K)->589K(768K)
[2.132s][info][gc           ] GC(14) Pause Young (Normal) (G1 Evacuation Pause) 1647M->965M(2267M) 16.796ms
[2.132s][info][gc,cpu       ] GC(14) User=0.03s Sys=0.14s Real=0.02s
[2.391s][info][gc,start     ] GC(15) Pause Young (Normal) (G1 Evacuation Pause)
[2.391s][info][gc,task      ] GC(15) Using 13 workers of 13 for evacuation
[2.408s][info][gc,phases    ] GC(15)   Pre Evacuate Collection Set: 0.1ms
[2.408s][info][gc,phases    ] GC(15)   Evacuate Collection Set: 16.2ms
[2.408s][info][gc,phases    ] GC(15)   Post Evacuate Collection Set: 0.4ms
[2.408s][info][gc,phases    ] GC(15)   Other: 0.2ms
[2.408s][info][gc,heap      ] GC(15) Eden regions: 711->0(622)
[2.408s][info][gc,heap      ] GC(15) Survivor regions: 107->103(103)
[2.408s][info][gc,heap      ] GC(15) Old regions: 796->938
[2.408s][info][gc,heap      ] GC(15) Humongous regions: 150->76
[2.408s][info][gc,metaspace ] GC(15) Metaspace: 6876K(7168K)->6876K(7168K) NonClass: 6286K(6400K)->6286K(6400K) Class: 589K(768K)->589K(768K)
[2.408s][info][gc           ] GC(15) Pause Young (Normal) (G1 Evacuation Pause) 1763M->1116M(2267M) 16.903ms
[2.408s][info][gc,cpu       ] GC(15) User=0.05s Sys=0.14s Real=0.02s
[2.430s][info][gc,start     ] GC(16) Pause Young (Concurrent Start) (G1 Humongous Allocation)
[2.430s][info][gc,task      ] GC(16) Using 13 workers of 13 for evacuation
[2.438s][info][gc,phases    ] GC(16)   Pre Evacuate Collection Set: 0.1ms
[2.439s][info][gc,phases    ] GC(16)   Evacuate Collection Set: 7.7ms
[2.439s][info][gc,phases    ] GC(16)   Post Evacuate Collection Set: 0.2ms
[2.439s][info][gc,phases    ] GC(16)   Other: 0.2ms
[2.439s][info][gc,heap      ] GC(16) Eden regions: 68->0(420)
[2.439s][info][gc,heap      ] GC(16) Survivor regions: 103->13(91)
[2.439s][info][gc,heap      ] GC(16) Old regions: 938->1043
[2.439s][info][gc,heap      ] GC(16) Humongous regions: 82->77
[2.439s][info][gc,metaspace ] GC(16) Metaspace: 6876K(7168K)->6876K(7168K) NonClass: 6286K(6400K)->6286K(6400K) Class: 589K(768K)->589K(768K)
[2.439s][info][gc           ] GC(16) Pause Young (Concurrent Start) (G1 Humongous Allocation) 1190M->1132M(2267M) 8.280ms
[2.439s][info][gc,cpu       ] GC(16) User=0.00s Sys=0.00s Real=0.01s
[2.439s][info][gc           ] GC(17) Concurrent Cycle
[2.439s][info][gc,marking   ] GC(17) Concurrent Clear Claimed Marks
[2.439s][info][gc,marking   ] GC(17) Concurrent Clear Claimed Marks 0.012ms
[2.439s][info][gc,marking   ] GC(17) Concurrent Scan Root Regions
[2.439s][info][gc,marking   ] GC(17) Concurrent Scan Root Regions 0.185ms
[2.439s][info][gc,marking   ] GC(17) Concurrent Mark (2.439s)
[2.439s][info][gc,marking   ] GC(17) Concurrent Mark From Roots
[2.439s][info][gc,task      ] GC(17) Using 3 workers of 3 for marking
[2.441s][info][gc,marking   ] GC(17) Concurrent Mark From Roots 2.284ms
[2.441s][info][gc,marking   ] GC(17) Concurrent Preclean
[2.441s][info][gc,marking   ] GC(17) Concurrent Preclean 0.069ms
[2.441s][info][gc,marking   ] GC(17) Concurrent Mark (2.439s, 2.441s) 2.398ms
[2.441s][info][gc,start     ] GC(17) Pause Remark
[2.442s][info][gc,stringtable] GC(17) Cleaned string and symbol table, strings: 2632 processed, 4 removed, symbols: 25756 processed, 0 removed
[2.442s][info][gc            ] GC(17) Pause Remark 1141M->1141M(2267M) 0.603ms
[2.442s][info][gc,cpu        ] GC(17) User=0.00s Sys=0.00s Real=0.00s
[2.442s][info][gc,marking    ] GC(17) Concurrent Rebuild Remembered Sets
[2.444s][info][gc,marking    ] GC(17) Concurrent Rebuild Remembered Sets 1.897ms
[2.444s][info][gc,start      ] GC(17) Pause Cleanup
[2.444s][info][gc            ] GC(17) Pause Cleanup 1146M->1146M(2267M) 0.331ms
[2.444s][info][gc,cpu        ] GC(17) User=0.00s Sys=0.00s Real=0.00s
[2.444s][info][gc,marking    ] GC(17) Concurrent Cleanup for Next Mark
[2.446s][info][gc,marking    ] GC(17) Concurrent Cleanup for Next Mark 1.080ms
[2.446s][info][gc            ] GC(17) Concurrent Cycle 6.880ms
[2.446s][info][gc,start      ] GC(18) Pause Young (Concurrent Start) (G1 Humongous Allocation)
[2.446s][info][gc,task       ] GC(18) Using 13 workers of 13 for evacuation
[2.447s][info][gc,phases     ] GC(18)   Pre Evacuate Collection Set: 0.0ms
[2.447s][info][gc,phases     ] GC(18)   Evacuate Collection Set: 0.8ms
[2.447s][info][gc,phases     ] GC(18)   Post Evacuate Collection Set: 0.1ms
[2.447s][info][gc,phases     ] GC(18)   Other: 0.1ms
[2.447s][info][gc,heap       ] GC(18) Eden regions: 16->0(370)
[2.447s][info][gc,heap       ] GC(18) Survivor regions: 13->17(55)
[2.447s][info][gc,heap       ] GC(18) Old regions: 1043->1043
[2.447s][info][gc,heap       ] GC(18) Humongous regions: 79->77
[2.447s][info][gc,metaspace  ] GC(18) Metaspace: 6876K(7168K)->6876K(7168K) NonClass: 6286K(6400K)->6286K(6400K) Class: 589K(768K)->589K(768K)
[2.447s][info][gc            ] GC(18) Pause Young (Concurrent Start) (G1 Humongous Allocation) 1150M->1136M(2267M) 1.184ms
[2.447s][info][gc,cpu        ] GC(18) User=0.00s Sys=0.00s Real=0.00s
[2.447s][info][gc            ] GC(19) Concurrent Cycle
[2.447s][info][gc,marking    ] GC(19) Concurrent Clear Claimed Marks
[2.447s][info][gc,marking    ] GC(19) Concurrent Clear Claimed Marks 0.010ms
[2.447s][info][gc,marking    ] GC(19) Concurrent Scan Root Regions
[2.447s][info][gc,marking    ] GC(19) Concurrent Scan Root Regions 0.032ms
[2.447s][info][gc,marking    ] GC(19) Concurrent Mark (2.447s)
[2.447s][info][gc,marking    ] GC(19) Concurrent Mark From Roots
[2.447s][info][gc,task       ] GC(19) Using 3 workers of 3 for marking
[2.449s][info][gc,marking    ] GC(19) Concurrent Mark From Roots 1.796ms
[2.449s][info][gc,marking    ] GC(19) Concurrent Preclean
[2.449s][info][gc,marking    ] GC(19) Concurrent Preclean 0.082ms
[2.449s][info][gc,marking    ] GC(19) Concurrent Mark (2.447s, 2.449s) 1.925ms
[2.449s][info][gc,start      ] GC(19) Pause Remark
[2.450s][info][gc,stringtable] GC(19) Cleaned string and symbol table, strings: 2628 processed, 0 removed, symbols: 25756 processed, 0 removed
[2.450s][info][gc            ] GC(19) Pause Remark 1145M->1145M(2267M) 0.443ms
[2.450s][info][gc,cpu        ] GC(19) User=0.00s Sys=0.00s Real=0.00s
[2.450s][info][gc,marking    ] GC(19) Concurrent Rebuild Remembered Sets
[2.451s][info][gc,marking    ] GC(19) Concurrent Rebuild Remembered Sets 1.222ms
[2.451s][info][gc,start      ] GC(19) Pause Cleanup
[2.451s][info][gc            ] GC(19) Pause Cleanup 1149M->1149M(2267M) 0.214ms
[2.451s][info][gc,cpu        ] GC(19) User=0.00s Sys=0.00s Real=0.00s
[2.452s][info][gc,marking    ] GC(19) Concurrent Cleanup for Next Mark
[2.452s][info][gc,marking    ] GC(19) Concurrent Cleanup for Next Mark 0.866ms
[2.452s][info][gc            ] GC(19) Concurrent Cycle 5.032ms
[2.458s][info][gc,start      ] GC(20) Pause Young (Concurrent Start) (G1 Humongous Allocation)
[2.458s][info][gc,task       ] GC(20) Using 13 workers of 13 for evacuation
[2.459s][info][gc,phases     ] GC(20)   Pre Evacuate Collection Set: 0.0ms
[2.459s][info][gc,phases     ] GC(20)   Evacuate Collection Set: 1.0ms
[2.459s][info][gc,phases     ] GC(20)   Post Evacuate Collection Set: 0.1ms
[2.459s][info][gc,phases     ] GC(20)   Other: 0.1ms
[2.459s][info][gc,heap       ] GC(20) Eden regions: 29->0(345)
[2.459s][info][gc,heap       ] GC(20) Survivor regions: 17->22(49)
[2.459s][info][gc,heap       ] GC(20) Old regions: 1043->1043
[2.459s][info][gc,heap       ] GC(20) Humongous regions: 80->78
[2.459s][info][gc,metaspace  ] GC(20) Metaspace: 6876K(7168K)->6876K(7168K) NonClass: 6286K(6400K)->6286K(6400K) Class: 589K(768K)->589K(768K)
[2.459s][info][gc            ] GC(20) Pause Young (Concurrent Start) (G1 Humongous Allocation) 1168M->1142M(2267M) 1.296ms
[2.459s][info][gc,cpu        ] GC(20) User=0.00s Sys=0.00s Real=0.00s
[2.459s][info][gc            ] GC(21) Concurrent Cycle
[2.459s][info][gc,marking    ] GC(21) Concurrent Clear Claimed Marks
[2.459s][info][gc,marking    ] GC(21) Concurrent Clear Claimed Marks 0.014ms
[2.459s][info][gc,marking    ] GC(21) Concurrent Scan Root Regions
[2.459s][info][gc,marking    ] GC(21) Concurrent Scan Root Regions 0.034ms
[2.459s][info][gc,marking    ] GC(21) Concurrent Mark (2.459s)
[2.459s][info][gc,marking    ] GC(21) Concurrent Mark From Roots
[2.459s][info][gc,task       ] GC(21) Using 3 workers of 3 for marking
[2.461s][info][gc,marking    ] GC(21) Concurrent Mark From Roots 1.731ms
[2.461s][info][gc,marking    ] GC(21) Concurrent Preclean
[2.461s][info][gc,marking    ] GC(21) Concurrent Preclean 0.078ms
[2.461s][info][gc,marking    ] GC(21) Concurrent Mark (2.459s, 2.461s) 1.858ms
[2.461s][info][gc,start      ] GC(21) Pause Remark
[2.462s][info][gc,stringtable] GC(21) Cleaned string and symbol table, strings: 2628 processed, 0 removed, symbols: 25756 processed, 0 removed
[2.462s][info][gc            ] GC(21) Pause Remark 1148M->1148M(2267M) 0.420ms
[2.462s][info][gc,cpu        ] GC(21) User=0.00s Sys=0.00s Real=0.00s
[2.462s][info][gc,marking    ] GC(21) Concurrent Rebuild Remembered Sets
[2.463s][info][gc,marking    ] GC(21) Concurrent Rebuild Remembered Sets 1.010ms
[2.463s][info][gc,start      ] GC(21) Pause Cleanup
[2.463s][info][gc            ] GC(21) Pause Cleanup 1150M->1150M(2267M) 0.206ms
[2.463s][info][gc,cpu        ] GC(21) User=0.00s Sys=0.00s Real=0.00s
[2.463s][info][gc,marking    ] GC(21) Concurrent Cleanup for Next Mark
[2.464s][info][gc,marking    ] GC(21) Concurrent Cleanup for Next Mark 0.820ms
[2.464s][info][gc            ] GC(21) Concurrent Cycle 4.671ms
[2.472s][info][gc,start      ] GC(22) Pause Young (Concurrent Start) (G1 Humongous Allocation)
[2.472s][info][gc,task       ] GC(22) Using 13 workers of 13 for evacuation
[2.473s][info][gc,phases     ] GC(22)   Pre Evacuate Collection Set: 0.0ms
[2.473s][info][gc,phases     ] GC(22)   Evacuate Collection Set: 1.2ms
[2.473s][info][gc,phases     ] GC(22)   Post Evacuate Collection Set: 0.1ms
[2.473s][info][gc,phases     ] GC(22)   Other: 0.1ms
[2.473s][info][gc,heap       ] GC(22) Eden regions: 32->0(353)
[2.473s][info][gc,heap       ] GC(22) Survivor regions: 22->28(46)
[2.473s][info][gc,heap       ] GC(22) Old regions: 1043->1043
[2.473s][info][gc,heap       ] GC(22) Humongous regions: 81->79
[2.473s][info][gc,metaspace  ] GC(22) Metaspace: 6876K(7168K)->6876K(7168K) NonClass: 6286K(6400K)->6286K(6400K) Class: 589K(768K)->589K(768K)
[2.473s][info][gc            ] GC(22) Pause Young (Concurrent Start) (G1 Humongous Allocation) 1176M->1148M(2267M) 1.521ms
[2.473s][info][gc,cpu        ] GC(22) User=0.00s Sys=0.00s Real=0.00s
[2.473s][info][gc            ] GC(23) Concurrent Cycle
[2.473s][info][gc,marking    ] GC(23) Concurrent Clear Claimed Marks
[2.473s][info][gc,marking    ] GC(23) Concurrent Clear Claimed Marks 0.012ms
[2.473s][info][gc,marking    ] GC(23) Concurrent Scan Root Regions
[2.473s][info][gc,marking    ] GC(23) Concurrent Scan Root Regions 0.038ms
[2.473s][info][gc,marking    ] GC(23) Concurrent Mark (2.473s)
[2.473s][info][gc,marking    ] GC(23) Concurrent Mark From Roots
[2.473s][info][gc,task       ] GC(23) Using 3 workers of 3 for marking
[2.475s][info][gc,marking    ] GC(23) Concurrent Mark From Roots 1.564ms
[2.475s][info][gc,marking    ] GC(23) Concurrent Preclean
[2.475s][info][gc,marking    ] GC(23) Concurrent Preclean 0.062ms
[2.475s][info][gc,marking    ] GC(23) Concurrent Mark (2.473s, 2.475s) 1.666ms
[2.475s][info][gc,start      ] GC(23) Pause Remark
[2.475s][info][gc,stringtable] GC(23) Cleaned string and symbol table, strings: 2628 processed, 0 removed, symbols: 25756 processed, 0 removed
[2.475s][info][gc            ] GC(23) Pause Remark 1155M->1155M(2267M) 0.425ms
[2.475s][info][gc,cpu        ] GC(23) User=0.00s Sys=0.00s Real=0.00s
[2.475s][info][gc,marking    ] GC(23) Concurrent Rebuild Remembered Sets
[2.476s][info][gc,marking    ] GC(23) Concurrent Rebuild Remembered Sets 0.978ms
[2.476s][info][gc,start      ] GC(23) Pause Cleanup
[2.477s][info][gc            ] GC(23) Pause Cleanup 1159M->1159M(2267M) 0.204ms
[2.477s][info][gc,cpu        ] GC(23) User=0.00s Sys=0.00s Real=0.00s
[2.477s][info][gc,marking    ] GC(23) Concurrent Cleanup for Next Mark
[2.478s][info][gc,marking    ] GC(23) Concurrent Cleanup for Next Mark 0.776ms
[2.478s][info][gc            ] GC(23) Concurrent Cycle 4.380ms
[2.481s][info][gc,start      ] GC(24) Pause Young (Concurrent Start) (G1 Humongous Allocation)
[2.481s][info][gc,task       ] GC(24) Using 13 workers of 13 for evacuation
[2.483s][info][gc,phases     ] GC(24)   Pre Evacuate Collection Set: 0.0ms
[2.483s][info][gc,phases     ] GC(24)   Evacuate Collection Set: 1.6ms
[2.483s][info][gc,phases     ] GC(24)   Post Evacuate Collection Set: 0.1ms
[2.483s][info][gc,phases     ] GC(24)   Other: 0.1ms
[2.483s][info][gc,heap       ] GC(24) Eden regions: 19->0(383)
[2.483s][info][gc,heap       ] GC(24) Survivor regions: 28->19(48)
[2.483s][info][gc,heap       ] GC(24) Old regions: 1043->1057
[2.483s][info][gc,heap       ] GC(24) Humongous regions: 81->79
[2.483s][info][gc,metaspace  ] GC(24) Metaspace: 6876K(7168K)->6876K(7168K) NonClass: 6286K(6400K)->6286K(6400K) Class: 589K(768K)->589K(768K)
[2.483s][info][gc            ] GC(24) Pause Young (Concurrent Start) (G1 Humongous Allocation) 1169M->1153M(2267M) 1.981ms
[2.483s][info][gc,cpu        ] GC(24) User=0.00s Sys=0.00s Real=0.00s
[2.483s][info][gc            ] GC(25) Concurrent Cycle
[2.483s][info][gc,marking    ] GC(25) Concurrent Clear Claimed Marks
[2.483s][info][gc,marking    ] GC(25) Concurrent Clear Claimed Marks 0.010ms
[2.483s][info][gc,marking    ] GC(25) Concurrent Scan Root Regions
[2.483s][info][gc,marking    ] GC(25) Concurrent Scan Root Regions 0.034ms
[2.483s][info][gc,marking    ] GC(25) Concurrent Mark (2.483s)
[2.483s][info][gc,marking    ] GC(25) Concurrent Mark From Roots
[2.483s][info][gc,task       ] GC(25) Using 3 workers of 3 for marking
[2.484s][info][gc,marking    ] GC(25) Concurrent Mark From Roots 1.476ms
[2.484s][info][gc,marking    ] GC(25) Concurrent Preclean
[2.484s][info][gc,marking    ] GC(25) Concurrent Preclean 0.061ms
[2.484s][info][gc,marking    ] GC(25) Concurrent Mark (2.483s, 2.484s) 1.567ms
[2.484s][info][gc,start      ] GC(25) Pause Remark
[2.485s][info][gc,stringtable] GC(25) Cleaned string and symbol table, strings: 2628 processed, 0 removed, symbols: 25756 processed, 0 removed
[2.485s][info][gc            ] GC(25) Pause Remark 1160M->1160M(2267M) 0.423ms
[2.485s][info][gc,cpu        ] GC(25) User=0.00s Sys=0.00s Real=0.00s
[2.485s][info][gc,marking    ] GC(25) Concurrent Rebuild Remembered Sets
[2.486s][info][gc,marking    ] GC(25) Concurrent Rebuild Remembered Sets 1.029ms
[2.486s][info][gc,start      ] GC(25) Pause Cleanup
[2.486s][info][gc            ] GC(25) Pause Cleanup 1163M->1163M(2267M) 0.193ms
[2.486s][info][gc,cpu        ] GC(25) User=0.00s Sys=0.00s Real=0.00s
[2.486s][info][gc,marking    ] GC(25) Concurrent Cleanup for Next Mark
[2.487s][info][gc,marking    ] GC(25) Concurrent Cleanup for Next Mark 0.717ms
[2.487s][info][gc            ] GC(25) Concurrent Cycle 4.236ms
[2.488s][info][gc,start      ] GC(26) Pause Young (Concurrent Start) (G1 Humongous Allocation)
[2.488s][info][gc,task       ] GC(26) Using 13 workers of 13 for evacuation
[2.489s][info][gc,phases     ] GC(26)   Pre Evacuate Collection Set: 0.0ms
[2.489s][info][gc,phases     ] GC(26)   Evacuate Collection Set: 0.8ms
[2.489s][info][gc,phases     ] GC(26)   Post Evacuate Collection Set: 0.1ms
[2.489s][info][gc,phases     ] GC(26)   Other: 0.1ms
[2.489s][info][gc,heap       ] GC(26) Eden regions: 13->0(397)
[2.489s][info][gc,heap       ] GC(26) Survivor regions: 19->21(51)
[2.489s][info][gc,heap       ] GC(26) Old regions: 1057->1057
[2.489s][info][gc,heap       ] GC(26) Humongous regions: 80->79
[2.489s][info][gc,metaspace  ] GC(26) Metaspace: 6876K(7168K)->6876K(7168K) NonClass: 6286K(6400K)->6286K(6400K) Class: 589K(768K)->589K(768K)
[2.489s][info][gc            ] GC(26) Pause Young (Concurrent Start) (G1 Humongous Allocation) 1167M->1155M(2267M) 1.155ms
[2.489s][info][gc,cpu        ] GC(26) User=0.00s Sys=0.00s Real=0.00s
[2.489s][info][gc            ] GC(27) Concurrent Cycle
[2.489s][info][gc,marking    ] GC(27) Concurrent Clear Claimed Marks
[2.489s][info][gc,marking    ] GC(27) Concurrent Clear Claimed Marks 0.010ms
[2.489s][info][gc,marking    ] GC(27) Concurrent Scan Root Regions
[2.489s][info][gc,marking    ] GC(27) Concurrent Scan Root Regions 0.030ms
[2.489s][info][gc,marking    ] GC(27) Concurrent Mark (2.489s)
[2.489s][info][gc,marking    ] GC(27) Concurrent Mark From Roots
[2.489s][info][gc,task       ] GC(27) Using 3 workers of 3 for marking
[2.490s][info][gc,marking    ] GC(27) Concurrent Mark From Roots 1.470ms
[2.491s][info][gc,marking    ] GC(27) Concurrent Preclean
[2.491s][info][gc,marking    ] GC(27) Concurrent Preclean 0.078ms
[2.491s][info][gc,marking    ] GC(27) Concurrent Mark (2.489s, 2.491s) 1.595ms
[2.491s][info][gc,start      ] GC(27) Pause Remark
[2.491s][info][gc,stringtable] GC(27) Cleaned string and symbol table, strings: 2628 processed, 0 removed, symbols: 25756 processed, 0 removed
[2.491s][info][gc            ] GC(27) Pause Remark 1161M->1161M(2267M) 0.396ms
[2.491s][info][gc,cpu        ] GC(27) User=0.00s Sys=0.00s Real=0.00s
[2.491s][info][gc,marking    ] GC(27) Concurrent Rebuild Remembered Sets
[2.492s][info][gc,marking    ] GC(27) Concurrent Rebuild Remembered Sets 0.991ms
[2.492s][info][gc,start      ] GC(27) Pause Cleanup
[2.492s][info][gc            ] GC(27) Pause Cleanup 1165M->1165M(2267M) 0.228ms
[2.492s][info][gc,cpu        ] GC(27) User=0.00s Sys=0.00s Real=0.00s
[2.492s][info][gc,marking    ] GC(27) Concurrent Cleanup for Next Mark
[2.493s][info][gc,marking    ] GC(27) Concurrent Cleanup for Next Mark 0.690ms
[2.493s][info][gc            ] GC(27) Concurrent Cycle 4.256ms
[2.503s][info][gc,start      ] GC(28) Pause Young (Concurrent Start) (G1 Humongous Allocation)
[2.503s][info][gc,task       ] GC(28) Using 13 workers of 13 for evacuation
[2.505s][info][gc,phases     ] GC(28)   Pre Evacuate Collection Set: 0.0ms
[2.505s][info][gc,phases     ] GC(28)   Evacuate Collection Set: 1.4ms
[2.505s][info][gc,phases     ] GC(28)   Post Evacuate Collection Set: 0.2ms
[2.505s][info][gc,phases     ] GC(28)   Other: 0.1ms
[2.505s][info][gc,heap       ] GC(28) Eden regions: 38->0(423)
[2.505s][info][gc,heap       ] GC(28) Survivor regions: 21->28(53)
[2.505s][info][gc,heap       ] GC(28) Old regions: 1057->1057
[2.505s][info][gc,heap       ] GC(28) Humongous regions: 81->79
[2.505s][info][gc,metaspace  ] GC(28) Metaspace: 6876K(7168K)->6876K(7168K) NonClass: 6286K(6400K)->6286K(6400K) Class: 589K(768K)->589K(768K)
[2.505s][info][gc            ] GC(28) Pause Young (Concurrent Start) (G1 Humongous Allocation) 1195M->1162M(2267M) 1.763ms
[2.505s][info][gc,cpu        ] GC(28) User=0.00s Sys=0.00s Real=0.00s
[2.505s][info][gc            ] GC(29) Concurrent Cycle
[2.505s][info][gc,marking    ] GC(29) Concurrent Clear Claimed Marks
[2.505s][info][gc,marking    ] GC(29) Concurrent Clear Claimed Marks 0.018ms
[2.505s][info][gc,marking    ] GC(29) Concurrent Scan Root Regions
[2.505s][info][gc,marking    ] GC(29) Concurrent Scan Root Regions 0.069ms
[2.505s][info][gc,marking    ] GC(29) Concurrent Mark (2.505s)
[2.505s][info][gc,marking    ] GC(29) Concurrent Mark From Roots
[2.505s][info][gc,task       ] GC(29) Using 3 workers of 3 for marking
[2.507s][info][gc,marking    ] GC(29) Concurrent Mark From Roots 2.393ms
[2.507s][info][gc,marking    ] GC(29) Concurrent Preclean
[2.507s][info][gc,marking    ] GC(29) Concurrent Preclean 0.063ms
[2.507s][info][gc,marking    ] GC(29) Concurrent Mark (2.505s, 2.507s) 2.501ms
[2.508s][info][gc,start      ] GC(29) Pause Remark
[2.508s][info][gc,stringtable] GC(29) Cleaned string and symbol table, strings: 2628 processed, 0 removed, symbols: 25756 processed, 0 removed
[2.508s][info][gc            ] GC(29) Pause Remark 1170M->1170M(2267M) 0.473ms
[2.508s][info][gc,cpu        ] GC(29) User=0.00s Sys=0.00s Real=0.00s
[2.508s][info][gc,marking    ] GC(29) Concurrent Rebuild Remembered Sets
[2.509s][info][gc,marking    ] GC(29) Concurrent Rebuild Remembered Sets 1.365ms
[2.509s][info][gc,start      ] GC(29) Pause Cleanup
[2.510s][info][gc            ] GC(29) Pause Cleanup 1174M->1174M(2267M) 0.220ms
[2.510s][info][gc,cpu        ] GC(29) User=0.00s Sys=0.00s Real=0.00s
[2.510s][info][gc,marking    ] GC(29) Concurrent Cleanup for Next Mark
[2.511s][info][gc,marking    ] GC(29) Concurrent Cleanup for Next Mark 0.932ms
[2.511s][info][gc            ] GC(29) Concurrent Cycle 5.917ms
[2.511s][info][gc,start      ] GC(30) Pause Young (Concurrent Start) (G1 Humongous Allocation)
[2.511s][info][gc,task       ] GC(30) Using 13 workers of 13 for evacuation
[2.513s][info][gc,phases     ] GC(30)   Pre Evacuate Collection Set: 0.0ms
[2.513s][info][gc,phases     ] GC(30)   Evacuate Collection Set: 1.4ms
[2.513s][info][gc,phases     ] GC(30)   Post Evacuate Collection Set: 0.1ms
[2.513s][info][gc,phases     ] GC(30)   Other: 0.1ms
[2.513s][info][gc,heap       ] GC(30) Eden regions: 11->0(382)
[2.513s][info][gc,heap       ] GC(30) Survivor regions: 28->29(57)
[2.513s][info][gc,heap       ] GC(30) Old regions: 1057->1057
[2.513s][info][gc,heap       ] GC(30) Humongous regions: 82->81
[2.513s][info][gc,metaspace  ] GC(30) Metaspace: 6876K(7168K)->6876K(7168K) NonClass: 6286K(6400K)->6286K(6400K) Class: 589K(768K)->589K(768K)
[2.513s][info][gc            ] GC(30) Pause Young (Concurrent Start) (G1 Humongous Allocation) 1176M->1165M(2267M) 1.786ms
[2.513s][info][gc,cpu        ] GC(30) User=0.00s Sys=0.00s Real=0.00s
[2.513s][info][gc            ] GC(31) Concurrent Cycle
[2.513s][info][gc,marking    ] GC(31) Concurrent Clear Claimed Marks
[2.513s][info][gc,marking    ] GC(31) Concurrent Clear Claimed Marks 0.011ms
[2.513s][info][gc,marking    ] GC(31) Concurrent Scan Root Regions
[2.513s][info][gc,marking    ] GC(31) Concurrent Scan Root Regions 0.040ms
[2.513s][info][gc,marking    ] GC(31) Concurrent Mark (2.513s)
[2.513s][info][gc,marking    ] GC(31) Concurrent Mark From Roots
[2.513s][info][gc,task       ] GC(31) Using 3 workers of 3 for marking
[2.515s][info][gc,marking    ] GC(31) Concurrent Mark From Roots 1.796ms
[2.515s][info][gc,marking    ] GC(31) Concurrent Preclean
[2.515s][info][gc,marking    ] GC(31) Concurrent Preclean 0.062ms
[2.515s][info][gc,marking    ] GC(31) Concurrent Mark (2.513s, 2.515s) 1.899ms
[2.515s][info][gc,start      ] GC(31) Pause Remark
[2.515s][info][gc,stringtable] GC(31) Cleaned string and symbol table, strings: 2628 processed, 0 removed, symbols: 25756 processed, 0 removed
[2.515s][info][gc            ] GC(31) Pause Remark 1172M->1172M(2267M) 0.439ms
[2.515s][info][gc,cpu        ] GC(31) User=0.00s Sys=0.00s Real=0.00s
[2.515s][info][gc,marking    ] GC(31) Concurrent Rebuild Remembered Sets
[2.516s][info][gc,marking    ] GC(31) Concurrent Rebuild Remembered Sets 1.205ms
[2.517s][info][gc,start      ] GC(31) Pause Cleanup
[2.517s][info][gc            ] GC(31) Pause Cleanup 1175M->1175M(2267M) 0.213ms
[2.517s][info][gc,cpu        ] GC(31) User=0.00s Sys=0.00s Real=0.00s
[2.517s][info][gc,marking    ] GC(31) Concurrent Cleanup for Next Mark
[2.518s][info][gc,marking    ] GC(31) Concurrent Cleanup for Next Mark 0.776ms
[2.518s][info][gc            ] GC(31) Concurrent Cycle 4.893ms
[2.531s][info][gc,start      ] GC(32) Pause Young (Concurrent Start) (G1 Humongous Allocation)
[2.531s][info][gc,task       ] GC(32) Using 13 workers of 13 for evacuation
[2.533s][info][gc,phases     ] GC(32)   Pre Evacuate Collection Set: 0.0ms
[2.533s][info][gc,phases     ] GC(32)   Evacuate Collection Set: 1.9ms
[2.533s][info][gc,phases     ] GC(32)   Post Evacuate Collection Set: 0.1ms
[2.533s][info][gc,phases     ] GC(32)   Other: 0.1ms
[2.533s][info][gc,heap       ] GC(32) Eden regions: 52->0(395)
[2.533s][info][gc,heap       ] GC(32) Survivor regions: 29->36(52)
[2.533s][info][gc,heap       ] GC(32) Old regions: 1057->1059
[2.533s][info][gc,heap       ] GC(32) Humongous regions: 83->81
[2.533s][info][gc,metaspace  ] GC(32) Metaspace: 6876K(7168K)->6876K(7168K) NonClass: 6286K(6400K)->6286K(6400K) Class: 589K(768K)->589K(768K)
[2.533s][info][gc            ] GC(32) Pause Young (Concurrent Start) (G1 Humongous Allocation) 1219M->1175M(2267M) 2.287ms
[2.533s][info][gc,cpu        ] GC(32) User=0.00s Sys=0.00s Real=0.00s
[2.533s][info][gc            ] GC(33) Concurrent Cycle
[2.533s][info][gc,marking    ] GC(33) Concurrent Clear Claimed Marks
[2.533s][info][gc,marking    ] GC(33) Concurrent Clear Claimed Marks 0.010ms
[2.533s][info][gc,marking    ] GC(33) Concurrent Scan Root Regions
[2.533s][info][gc,marking    ] GC(33) Concurrent Scan Root Regions 0.037ms
[2.533s][info][gc,marking    ] GC(33) Concurrent Mark (2.533s)
[2.533s][info][gc,marking    ] GC(33) Concurrent Mark From Roots
[2.533s][info][gc,task       ] GC(33) Using 3 workers of 3 for marking
[2.535s][info][gc,marking    ] GC(33) Concurrent Mark From Roots 1.672ms
[2.535s][info][gc,marking    ] GC(33) Concurrent Preclean
[2.535s][info][gc,marking    ] GC(33) Concurrent Preclean 0.064ms
[2.535s][info][gc,marking    ] GC(33) Concurrent Mark (2.533s, 2.535s) 1.774ms
[2.535s][info][gc,start      ] GC(33) Pause Remark
[2.535s][info][gc,stringtable] GC(33) Cleaned string and symbol table, strings: 2628 processed, 0 removed, symbols: 25756 processed, 0 removed
[2.535s][info][gc            ] GC(33) Pause Remark 1182M->1182M(2267M) 0.407ms
[2.535s][info][gc,cpu        ] GC(33) User=0.00s Sys=0.00s Real=0.00s
[2.535s][info][gc,marking    ] GC(33) Concurrent Rebuild Remembered Sets
[2.537s][info][gc,marking    ] GC(33) Concurrent Rebuild Remembered Sets 1.283ms
[2.537s][info][gc,start      ] GC(33) Pause Cleanup
[2.537s][info][gc            ] GC(33) Pause Cleanup 1187M->1187M(2267M) 0.235ms
[2.537s][info][gc,cpu        ] GC(33) User=0.00s Sys=0.00s Real=0.00s
[2.537s][info][gc,marking    ] GC(33) Concurrent Cleanup for Next Mark
[2.538s][info][gc,marking    ] GC(33) Concurrent Cleanup for Next Mark 0.888ms
[2.538s][info][gc            ] GC(33) Concurrent Cycle 4.944ms
[2.543s][info][gc,start      ] GC(34) Pause Young (Concurrent Start) (G1 Humongous Allocation)
[2.543s][info][gc,task       ] GC(34) Using 13 workers of 13 for evacuation
[2.545s][info][gc,phases     ] GC(34)   Pre Evacuate Collection Set: 0.0ms
[2.545s][info][gc,phases     ] GC(34)   Evacuate Collection Set: 1.9ms
[2.545s][info][gc,phases     ] GC(34)   Post Evacuate Collection Set: 0.2ms
[2.545s][info][gc,phases     ] GC(34)   Other: 0.1ms
[2.545s][info][gc,heap       ] GC(34) Eden regions: 25->0(410)
[2.545s][info][gc,heap       ] GC(34) Survivor regions: 36->29(54)
[2.545s][info][gc,heap       ] GC(34) Old regions: 1059->1070
[2.545s][info][gc,heap       ] GC(34) Humongous regions: 85->82
[2.545s][info][gc,metaspace  ] GC(34) Metaspace: 6876K(7168K)->6876K(7168K) NonClass: 6286K(6400K)->6286K(6400K) Class: 589K(768K)->589K(768K)
[2.545s][info][gc            ] GC(34) Pause Young (Concurrent Start) (G1 Humongous Allocation) 1203M->1180M(2267M) 2.362ms
[2.545s][info][gc,cpu        ] GC(34) User=0.00s Sys=0.00s Real=0.00s
[2.545s][info][gc            ] GC(35) Concurrent Cycle
[2.545s][info][gc,marking    ] GC(35) Concurrent Clear Claimed Marks
[2.545s][info][gc,marking    ] GC(35) Concurrent Clear Claimed Marks 0.011ms
[2.545s][info][gc,marking    ] GC(35) Concurrent Scan Root Regions
[2.545s][info][gc,marking    ] GC(35) Concurrent Scan Root Regions 0.040ms
[2.545s][info][gc,marking    ] GC(35) Concurrent Mark (2.545s)
[2.545s][info][gc,marking    ] GC(35) Concurrent Mark From Roots
[2.545s][info][gc,task       ] GC(35) Using 3 workers of 3 for marking
[2.547s][info][gc,marking    ] GC(35) Concurrent Mark From Roots 1.723ms
[2.547s][info][gc,marking    ] GC(35) Concurrent Preclean
[2.547s][info][gc,marking    ] GC(35) Concurrent Preclean 0.062ms
[2.547s][info][gc,marking    ] GC(35) Concurrent Mark (2.545s, 2.547s) 1.824ms
[2.547s][info][gc,start      ] GC(35) Pause Remark
[2.547s][info][gc,stringtable] GC(35) Cleaned string and symbol table, strings: 2628 processed, 0 removed, symbols: 25756 processed, 0 removed
[2.547s][info][gc            ] GC(35) Pause Remark 1185M->1185M(2267M) 0.488ms
[2.547s][info][gc,cpu        ] GC(35) User=0.00s Sys=0.00s Real=0.00s
[2.547s][info][gc,marking    ] GC(35) Concurrent Rebuild Remembered Sets
[2.549s][info][gc,marking    ] GC(35) Concurrent Rebuild Remembered Sets 1.322ms
[2.549s][info][gc,start      ] GC(35) Pause Cleanup
[2.549s][info][gc            ] GC(35) Pause Cleanup 1188M->1188M(2267M) 0.215ms
[2.549s][info][gc,cpu        ] GC(35) User=0.00s Sys=0.00s Real=0.00s
[2.549s][info][gc,marking    ] GC(35) Concurrent Cleanup for Next Mark
[2.550s][info][gc,marking    ] GC(35) Concurrent Cleanup for Next Mark 0.871ms
[2.550s][info][gc            ] GC(35) Concurrent Cycle 5.075ms
[2.551s][info][gc,start      ] GC(36) Pause Young (Concurrent Start) (G1 Humongous Allocation)
[2.551s][info][gc,task       ] GC(36) Using 13 workers of 13 for evacuation
[2.553s][info][gc,phases     ] GC(36)   Pre Evacuate Collection Set: 0.0ms
[2.553s][info][gc,phases     ] GC(36)   Evacuate Collection Set: 1.5ms
[2.553s][info][gc,phases     ] GC(36)   Post Evacuate Collection Set: 0.1ms
[2.553s][info][gc,phases     ] GC(36)   Other: 0.1ms
[2.553s][info][gc,heap       ] GC(36) Eden regions: 11->0(423)
[2.553s][info][gc,heap       ] GC(36) Survivor regions: 29->31(55)
[2.553s][info][gc,heap       ] GC(36) Old regions: 1070->1070
[2.553s][info][gc,heap       ] GC(36) Humongous regions: 83->82
[2.553s][info][gc,metaspace  ] GC(36) Metaspace: 6876K(7168K)->6876K(7168K) NonClass: 6286K(6400K)->6286K(6400K) Class: 589K(768K)->589K(768K)
[2.553s][info][gc            ] GC(36) Pause Young (Concurrent Start) (G1 Humongous Allocation) 1192M->1182M(2267M) 1.828ms
[2.553s][info][gc,cpu        ] GC(36) User=0.00s Sys=0.00s Real=0.00s
[2.553s][info][gc            ] GC(37) Concurrent Cycle
[2.553s][info][gc,marking    ] GC(37) Concurrent Clear Claimed Marks
[2.553s][info][gc,marking    ] GC(37) Concurrent Clear Claimed Marks 0.013ms
[2.553s][info][gc,marking    ] GC(37) Concurrent Scan Root Regions
[2.553s][info][gc,marking    ] GC(37) Concurrent Scan Root Regions 0.065ms
[2.553s][info][gc,marking    ] GC(37) Concurrent Mark (2.553s)
[2.553s][info][gc,marking    ] GC(37) Concurrent Mark From Roots
[2.553s][info][gc,task       ] GC(37) Using 3 workers of 3 for marking
[2.555s][info][gc,marking    ] GC(37) Concurrent Mark From Roots 1.660ms
[2.555s][info][gc,marking    ] GC(37) Concurrent Preclean
[2.555s][info][gc,marking    ] GC(37) Concurrent Preclean 0.066ms
[2.555s][info][gc,marking    ] GC(37) Concurrent Mark (2.553s, 2.555s) 1.763ms
[2.555s][info][gc,start      ] GC(37) Pause Remark
[2.555s][info][gc,stringtable] GC(37) Cleaned string and symbol table, strings: 2628 processed, 0 removed, symbols: 25756 processed, 0 removed
[2.555s][info][gc            ] GC(37) Pause Remark 1189M->1189M(2267M) 0.425ms
[2.555s][info][gc,cpu        ] GC(37) User=0.00s Sys=0.00s Real=0.00s
[2.555s][info][gc,marking    ] GC(37) Concurrent Rebuild Remembered Sets
[2.557s][info][gc,marking    ] GC(37) Concurrent Rebuild Remembered Sets 1.360ms
[2.557s][info][gc,start      ] GC(37) Pause Cleanup
[2.557s][info][gc            ] GC(37) Pause Cleanup 1193M->1193M(2267M) 0.220ms
[2.557s][info][gc,cpu        ] GC(37) User=0.00s Sys=0.00s Real=0.00s
[2.557s][info][gc,marking    ] GC(37) Concurrent Cleanup for Next Mark
[2.558s][info][gc,marking    ] GC(37) Concurrent Cleanup for Next Mark 0.757ms
[2.558s][info][gc            ] GC(37) Concurrent Cycle 4.962ms
[2.563s][info][gc,start      ] GC(38) Pause Young (Concurrent Start) (G1 Humongous Allocation)
[2.563s][info][gc,task       ] GC(38) Using 13 workers of 13 for evacuation
[2.565s][info][gc,phases     ] GC(38)   Pre Evacuate Collection Set: 0.0ms
[2.565s][info][gc,phases     ] GC(38)   Evacuate Collection Set: 1.7ms
[2.565s][info][gc,phases     ] GC(38)   Post Evacuate Collection Set: 0.1ms
[2.565s][info][gc,phases     ] GC(38)   Other: 0.1ms
[2.565s][info][gc,heap       ] GC(38) Eden regions: 25->0(340)
[2.565s][info][gc,heap       ] GC(38) Survivor regions: 31->32(57)
[2.565s][info][gc,heap       ] GC(38) Old regions: 1070->1074
[2.565s][info][gc,heap       ] GC(38) Humongous regions: 84->83
[2.565s][info][gc,metaspace  ] GC(38) Metaspace: 6876K(7168K)->6876K(7168K) NonClass: 6286K(6400K)->6286K(6400K) Class: 589K(768K)->589K(768K)
[2.565s][info][gc            ] GC(38) Pause Young (Concurrent Start) (G1 Humongous Allocation) 1209M->1188M(2267M) 2.028ms
[2.565s][info][gc,cpu        ] GC(38) User=0.00s Sys=0.00s Real=0.00s
[2.565s][info][gc            ] GC(39) Concurrent Cycle
[2.565s][info][gc,marking    ] GC(39) Concurrent Clear Claimed Marks
[2.565s][info][gc,marking    ] GC(39) Concurrent Clear Claimed Marks 0.013ms
[2.565s][info][gc,marking    ] GC(39) Concurrent Scan Root Regions
[2.565s][info][gc,marking    ] GC(39) Concurrent Scan Root Regions 0.050ms
[2.565s][info][gc,marking    ] GC(39) Concurrent Mark (2.565s)
[2.565s][info][gc,marking    ] GC(39) Concurrent Mark From Roots
[2.565s][info][gc,task       ] GC(39) Using 3 workers of 3 for marking
[2.567s][info][gc,marking    ] GC(39) Concurrent Mark From Roots 2.090ms
[2.567s][info][gc,marking    ] GC(39) Concurrent Preclean
[2.567s][info][gc,marking    ] GC(39) Concurrent Preclean 0.063ms
[2.567s][info][gc,marking    ] GC(39) Concurrent Mark (2.565s, 2.567s) 2.196ms
[2.567s][info][gc,start      ] GC(39) Pause Remark
[2.568s][info][gc,stringtable] GC(39) Cleaned string and symbol table, strings: 2628 processed, 0 removed, symbols: 25756 processed, 0 removed
[2.568s][info][gc            ] GC(39) Pause Remark 1196M->1196M(2267M) 0.462ms
[2.568s][info][gc,cpu        ] GC(39) User=0.00s Sys=0.00s Real=0.00s
[2.568s][info][gc,marking    ] GC(39) Concurrent Rebuild Remembered Sets
[2.569s][info][gc,marking    ] GC(39) Concurrent Rebuild Remembered Sets 1.198ms
[2.569s][info][gc,start      ] GC(39) Pause Cleanup
[2.569s][info][gc            ] GC(39) Pause Cleanup 1200M->1200M(2267M) 0.201ms
[2.569s][info][gc,cpu        ] GC(39) User=0.00s Sys=0.00s Real=0.00s
[2.569s][info][gc,marking    ] GC(39) Concurrent Cleanup for Next Mark
[2.570s][info][gc,marking    ] GC(39) Concurrent Cleanup for Next Mark 0.905ms
[2.570s][info][gc            ] GC(39) Concurrent Cycle 5.320ms
[2.572s][info][gc,start      ] GC(40) Pause Young (Concurrent Start) (G1 Humongous Allocation)
[2.572s][info][gc,task       ] GC(40) Using 13 workers of 13 for evacuation
[2.574s][info][gc,phases     ] GC(40)   Pre Evacuate Collection Set: 0.0ms
[2.574s][info][gc,phases     ] GC(40)   Evacuate Collection Set: 1.7ms
[2.574s][info][gc,phases     ] GC(40)   Post Evacuate Collection Set: 0.2ms
[2.574s][info][gc,phases     ] GC(40)   Other: 0.1ms
[2.574s][info][gc,heap       ] GC(40) Eden regions: 19->0(383)
[2.574s][info][gc,heap       ] GC(40) Survivor regions: 32->26(47)
[2.575s][info][gc,heap       ] GC(40) Old regions: 1074->1084
[2.575s][info][gc,heap       ] GC(40) Humongous regions: 84->83
[2.575s][info][gc,metaspace  ] GC(40) Metaspace: 6876K(7168K)->6876K(7168K) NonClass: 6286K(6400K)->6286K(6400K) Class: 589K(768K)->589K(768K)
[2.575s][info][gc            ] GC(40) Pause Young (Concurrent Start) (G1 Humongous Allocation) 1208M->1192M(2267M) 2.098ms
[2.575s][info][gc,cpu        ] GC(40) User=0.00s Sys=0.00s Real=0.00s
[2.575s][info][gc            ] GC(41) Concurrent Cycle
[2.575s][info][gc,marking    ] GC(41) Concurrent Clear Claimed Marks
[2.575s][info][gc,marking    ] GC(41) Concurrent Clear Claimed Marks 0.013ms
[2.575s][info][gc,marking    ] GC(41) Concurrent Scan Root Regions
[2.575s][info][gc,marking    ] GC(41) Concurrent Scan Root Regions 0.036ms
[2.575s][info][gc,marking    ] GC(41) Concurrent Mark (2.575s)
[2.575s][info][gc,marking    ] GC(41) Concurrent Mark From Roots
[2.575s][info][gc,task       ] GC(41) Using 3 workers of 3 for marking
[2.577s][info][gc,marking    ] GC(41) Concurrent Mark From Roots 2.070ms
[2.577s][info][gc,marking    ] GC(41) Concurrent Preclean
[2.577s][info][gc,marking    ] GC(41) Concurrent Preclean 0.064ms
[2.577s][info][gc,marking    ] GC(41) Concurrent Mark (2.575s, 2.577s) 2.178ms
[2.577s][info][gc,start      ] GC(41) Pause Remark
[2.577s][info][gc,stringtable] GC(41) Cleaned string and symbol table, strings: 2628 processed, 0 removed, symbols: 25756 processed, 0 removed
[2.577s][info][gc            ] GC(41) Pause Remark 1198M->1198M(2267M) 0.444ms
[2.577s][info][gc,cpu        ] GC(41) User=0.00s Sys=0.00s Real=0.00s
[2.577s][info][gc,marking    ] GC(41) Concurrent Rebuild Remembered Sets
[2.579s][info][gc,marking    ] GC(41) Concurrent Rebuild Remembered Sets 1.209ms
[2.579s][info][gc,start      ] GC(41) Pause Cleanup
[2.579s][info][gc            ] GC(41) Pause Cleanup 1202M->1202M(2267M) 0.223ms
[2.579s][info][gc,cpu        ] GC(41) User=0.00s Sys=0.00s Real=0.00s
[2.579s][info][gc,marking    ] GC(41) Concurrent Cleanup for Next Mark
[2.580s][info][gc,marking    ] GC(41) Concurrent Cleanup for Next Mark 0.885ms
[2.580s][info][gc            ] GC(41) Concurrent Cycle 5.293ms
[2.580s][info][gc,start      ] GC(42) Pause Young (Concurrent Start) (G1 Humongous Allocation)
[2.580s][info][gc,task       ] GC(42) Using 13 workers of 13 for evacuation
[2.584s][info][gc,phases     ] GC(42)   Pre Evacuate Collection Set: 0.0ms
[2.584s][info][gc,phases     ] GC(42)   Evacuate Collection Set: 1.3ms
[2.584s][info][gc,phases     ] GC(42)   Post Evacuate Collection Set: 2.7ms
[2.584s][info][gc,phases     ] GC(42)   Other: 0.1ms
[2.584s][info][gc,heap       ] GC(42) Eden regions: 12->0(473)
[2.584s][info][gc,heap       ] GC(42) Survivor regions: 26->29(52)
[2.584s][info][gc,heap       ] GC(42) Old regions: 1084->1084
[2.584s][info][gc,heap       ] GC(42) Humongous regions: 84->83
[2.584s][info][gc,metaspace  ] GC(42) Metaspace: 6876K(7168K)->6876K(7168K) NonClass: 6286K(6400K)->6286K(6400K) Class: 589K(768K)->589K(768K)
[2.584s][info][gc            ] GC(42) Pause Young (Concurrent Start) (G1 Humongous Allocation) 1205M->1194M(2633M) 4.245ms
[2.584s][info][gc,cpu        ] GC(42) User=0.05s Sys=0.12s Real=0.00s
[2.584s][info][gc            ] GC(43) Concurrent Cycle
[2.584s][info][gc,marking    ] GC(43) Concurrent Clear Claimed Marks
[2.584s][info][gc,marking    ] GC(43) Concurrent Clear Claimed Marks 0.011ms
[2.584s][info][gc,marking    ] GC(43) Concurrent Scan Root Regions
[2.585s][info][gc,marking    ] GC(43) Concurrent Scan Root Regions 0.044ms
[2.585s][info][gc,marking    ] GC(43) Concurrent Mark (2.585s)
[2.585s][info][gc,marking    ] GC(43) Concurrent Mark From Roots
[2.585s][info][gc,task       ] GC(43) Using 3 workers of 3 for marking
[2.586s][info][gc,marking    ] GC(43) Concurrent Mark From Roots 1.793ms
[2.586s][info][gc,marking    ] GC(43) Concurrent Preclean
[2.586s][info][gc,marking    ] GC(43) Concurrent Preclean 0.061ms
[2.586s][info][gc,marking    ] GC(43) Concurrent Mark (2.585s, 2.586s) 1.890ms
[2.586s][info][gc,start      ] GC(43) Pause Remark
[2.587s][info][gc,stringtable] GC(43) Cleaned string and symbol table, strings: 2628 processed, 0 removed, symbols: 25756 processed, 0 removed
[2.587s][info][gc            ] GC(43) Pause Remark 1199M->1199M(2633M) 0.418ms
[2.587s][info][gc,cpu        ] GC(43) User=0.00s Sys=0.00s Real=0.00s
[2.587s][info][gc,marking    ] GC(43) Concurrent Rebuild Remembered Sets
[2.588s][info][gc,marking    ] GC(43) Concurrent Rebuild Remembered Sets 1.169ms
[2.588s][info][gc,start      ] GC(43) Pause Cleanup
[2.588s][info][gc            ] GC(43) Pause Cleanup 1202M->1202M(2633M) 0.231ms
[2.588s][info][gc,cpu        ] GC(43) User=0.00s Sys=0.00s Real=0.00s
[2.588s][info][gc,marking    ] GC(43) Concurrent Cleanup for Next Mark
[2.589s][info][gc,marking    ] GC(43) Concurrent Cleanup for Next Mark 0.929ms
[2.589s][info][gc            ] GC(43) Concurrent Cycle 5.015ms
[2.633s][info][gc,start      ] GC(44) Pause Young (Concurrent Start) (G1 Humongous Allocation)
[2.633s][info][gc,task       ] GC(44) Using 13 workers of 13 for evacuation
[2.637s][info][gc,phases     ] GC(44)   Pre Evacuate Collection Set: 0.1ms
[2.637s][info][gc,phases     ] GC(44)   Evacuate Collection Set: 3.9ms
[2.637s][info][gc,phases     ] GC(44)   Post Evacuate Collection Set: 0.2ms
[2.637s][info][gc,phases     ] GC(44)   Other: 0.1ms
[2.637s][info][gc,heap       ] GC(44) Eden regions: 98->0(514)
[2.637s][info][gc,heap       ] GC(44) Survivor regions: 29->48(63)
[2.637s][info][gc,heap       ] GC(44) Old regions: 1084->1084
[2.637s][info][gc,heap       ] GC(44) Humongous regions: 101->88
[2.637s][info][gc,metaspace  ] GC(44) Metaspace: 6876K(7168K)->6876K(7168K) NonClass: 6286K(6400K)->6286K(6400K) Class: 589K(768K)->589K(768K)
[2.637s][info][gc            ] GC(44) Pause Young (Concurrent Start) (G1 Humongous Allocation) 1310M->1218M(2633M) 4.462ms
[2.637s][info][gc,cpu        ] GC(44) User=0.00s Sys=0.00s Real=0.00s
[2.637s][info][gc            ] GC(45) Concurrent Cycle
[2.637s][info][gc,marking    ] GC(45) Concurrent Clear Claimed Marks
[2.637s][info][gc,marking    ] GC(45) Concurrent Clear Claimed Marks 0.011ms
[2.637s][info][gc,marking    ] GC(45) Concurrent Scan Root Regions
[2.637s][info][gc,marking    ] GC(45) Concurrent Scan Root Regions 0.045ms
[2.637s][info][gc,marking    ] GC(45) Concurrent Mark (2.637s)
[2.637s][info][gc,marking    ] GC(45) Concurrent Mark From Roots
[2.637s][info][gc,task       ] GC(45) Using 3 workers of 3 for marking
[2.640s][info][gc,marking    ] GC(45) Concurrent Mark From Roots 2.325ms
[2.640s][info][gc,marking    ] GC(45) Concurrent Preclean
[2.640s][info][gc,marking    ] GC(45) Concurrent Preclean 0.064ms
[2.640s][info][gc,marking    ] GC(45) Concurrent Mark (2.637s, 2.640s) 2.429ms
[2.640s][info][gc,start      ] GC(45) Pause Remark
[2.640s][info][gc,stringtable] GC(45) Cleaned string and symbol table, strings: 2628 processed, 0 removed, symbols: 25756 processed, 0 removed
[2.640s][info][gc            ] GC(45) Pause Remark 1227M->1227M(2633M) 0.489ms
[2.640s][info][gc,cpu        ] GC(45) User=0.00s Sys=0.00s Real=0.00s
[2.641s][info][gc,marking    ] GC(45) Concurrent Rebuild Remembered Sets
[2.642s][info][gc,marking    ] GC(45) Concurrent Rebuild Remembered Sets 1.526ms
[2.642s][info][gc,start      ] GC(45) Pause Cleanup
[2.642s][info][gc            ] GC(45) Pause Cleanup 1231M->1231M(2633M) 0.244ms
[2.642s][info][gc,cpu        ] GC(45) User=0.00s Sys=0.00s Real=0.00s
[2.642s][info][gc,marking    ] GC(45) Concurrent Cleanup for Next Mark
[2.644s][info][gc,marking    ] GC(45) Concurrent Cleanup for Next Mark 1.240ms
[2.644s][info][gc            ] GC(45) Concurrent Cycle 6.315ms
[2.692s][info][gc,start      ] GC(46) Pause Young (Concurrent Start) (G1 Humongous Allocation)
[2.692s][info][gc,task       ] GC(46) Using 13 workers of 13 for evacuation
[2.697s][info][gc,phases     ] GC(46)   Pre Evacuate Collection Set: 0.1ms
[2.697s][info][gc,phases     ] GC(46)   Evacuate Collection Set: 5.1ms
[2.697s][info][gc,phases     ] GC(46)   Post Evacuate Collection Set: 0.2ms
[2.697s][info][gc,phases     ] GC(46)   Other: 0.2ms
[2.697s][info][gc,heap       ] GC(46) Eden regions: 131->0(555)
[2.697s][info][gc,heap       ] GC(46) Survivor regions: 48->61(71)
[2.697s][info][gc,heap       ] GC(46) Old regions: 1084->1095
[2.698s][info][gc,heap       ] GC(46) Humongous regions: 100->91
[2.698s][info][gc,metaspace  ] GC(46) Metaspace: 6876K(7168K)->6876K(7168K) NonClass: 6286K(6400K)->6286K(6400K) Class: 589K(768K)->589K(768K)
[2.698s][info][gc            ] GC(46) Pause Young (Concurrent Start) (G1 Humongous Allocation) 1360M->1245M(2633M) 5.689ms
[2.698s][info][gc,cpu        ] GC(46) User=0.00s Sys=0.00s Real=0.00s
[2.698s][info][gc            ] GC(47) Concurrent Cycle
[2.698s][info][gc,marking    ] GC(47) Concurrent Clear Claimed Marks
[2.698s][info][gc,marking    ] GC(47) Concurrent Clear Claimed Marks 0.011ms
[2.698s][info][gc,marking    ] GC(47) Concurrent Scan Root Regions
[2.698s][info][gc,marking    ] GC(47) Concurrent Scan Root Regions 0.050ms
[2.698s][info][gc,marking    ] GC(47) Concurrent Mark (2.698s)
[2.698s][info][gc,marking    ] GC(47) Concurrent Mark From Roots
[2.698s][info][gc,task       ] GC(47) Using 3 workers of 3 for marking
[2.700s][info][gc,marking    ] GC(47) Concurrent Mark From Roots 2.328ms
[2.700s][info][gc,marking    ] GC(47) Concurrent Preclean
[2.700s][info][gc,marking    ] GC(47) Concurrent Preclean 0.067ms
[2.700s][info][gc,marking    ] GC(47) Concurrent Mark (2.698s, 2.700s) 2.437ms
[2.700s][info][gc,start      ] GC(47) Pause Remark
[2.701s][info][gc,stringtable] GC(47) Cleaned string and symbol table, strings: 2628 processed, 0 removed, symbols: 25756 processed, 0 removed
[2.701s][info][gc            ] GC(47) Pause Remark 1254M->1254M(2633M) 0.526ms
[2.701s][info][gc,cpu        ] GC(47) User=0.00s Sys=0.00s Real=0.00s
[2.701s][info][gc,marking    ] GC(47) Concurrent Rebuild Remembered Sets
[2.702s][info][gc,marking    ] GC(47) Concurrent Rebuild Remembered Sets 1.583ms
[2.702s][info][gc,start      ] GC(47) Pause Cleanup
[2.703s][info][gc            ] GC(47) Pause Cleanup 1259M->1259M(2633M) 0.253ms
[2.703s][info][gc,cpu        ] GC(47) User=0.00s Sys=0.00s Real=0.00s
[2.703s][info][gc,marking    ] GC(47) Concurrent Cleanup for Next Mark
[2.704s][info][gc,marking    ] GC(47) Concurrent Cleanup for Next Mark 1.239ms
[2.704s][info][gc            ] GC(47) Concurrent Cycle 6.425ms
[2.708s][info][gc,start      ] GC(48) Pause Young (Concurrent Start) (G1 Humongous Allocation)
[2.708s][info][gc,task       ] GC(48) Using 13 workers of 13 for evacuation
[2.712s][info][gc,phases     ] GC(48)   Pre Evacuate Collection Set: 0.0ms
[2.712s][info][gc,phases     ] GC(48)   Evacuate Collection Set: 3.0ms
[2.712s][info][gc,phases     ] GC(48)   Post Evacuate Collection Set: 0.2ms
[2.712s][info][gc,phases     ] GC(48)   Other: 0.1ms
[2.712s][info][gc,heap       ] GC(48) Eden regions: 26->0(585)
[2.712s][info][gc,heap       ] GC(48) Survivor regions: 61->30(77)
[2.712s][info][gc,heap       ] GC(48) Old regions: 1095->1130
[2.712s][info][gc,heap       ] GC(48) Humongous regions: 94->92
[2.712s][info][gc,metaspace  ] GC(48) Metaspace: 6876K(7168K)->6876K(7168K) NonClass: 6286K(6400K)->6286K(6400K) Class: 589K(768K)->589K(768K)
[2.712s][info][gc            ] GC(48) Pause Young (Concurrent Start) (G1 Humongous Allocation) 1274M->1251M(2633M) 3.427ms
[2.712s][info][gc,cpu        ] GC(48) User=0.00s Sys=0.00s Real=0.00s
[2.712s][info][gc            ] GC(49) Concurrent Cycle
[2.712s][info][gc,marking    ] GC(49) Concurrent Clear Claimed Marks
[2.712s][info][gc,marking    ] GC(49) Concurrent Clear Claimed Marks 0.010ms
[2.712s][info][gc,marking    ] GC(49) Concurrent Scan Root Regions
[2.712s][info][gc,marking    ] GC(49) Concurrent Scan Root Regions 0.645ms
[2.712s][info][gc,marking    ] GC(49) Concurrent Mark (2.712s)
[2.712s][info][gc,marking    ] GC(49) Concurrent Mark From Roots
[2.712s][info][gc,task       ] GC(49) Using 3 workers of 3 for marking
[2.715s][info][gc,marking    ] GC(49) Concurrent Mark From Roots 2.244ms
[2.715s][info][gc,marking    ] GC(49) Concurrent Preclean
[2.715s][info][gc,marking    ] GC(49) Concurrent Preclean 0.067ms
[2.715s][info][gc,marking    ] GC(49) Concurrent Mark (2.712s, 2.715s) 2.354ms
[2.715s][info][gc,start      ] GC(49) Pause Remark
[2.715s][info][gc,stringtable] GC(49) Cleaned string and symbol table, strings: 2628 processed, 0 removed, symbols: 25756 processed, 0 removed
[2.715s][info][gc            ] GC(49) Pause Remark 1259M->1259M(2633M) 0.413ms
[2.715s][info][gc,cpu        ] GC(49) User=0.00s Sys=0.00s Real=0.00s
[2.715s][info][gc,marking    ] GC(49) Concurrent Rebuild Remembered Sets
[2.716s][info][gc,marking    ] GC(49) Concurrent Rebuild Remembered Sets 1.176ms
[2.717s][info][gc,start      ] GC(49) Pause Cleanup
[2.717s][info][gc            ] GC(49) Pause Cleanup 1262M->1262M(2633M) 0.240ms
[2.717s][info][gc,cpu        ] GC(49) User=0.00s Sys=0.00s Real=0.00s
[2.717s][info][gc,marking    ] GC(49) Concurrent Cleanup for Next Mark
[2.718s][info][gc,marking    ] GC(49) Concurrent Cleanup for Next Mark 1.091ms
[2.718s][info][gc            ] GC(49) Concurrent Cycle 6.220ms
[2.734s][info][gc,start      ] GC(50) Pause Young (Concurrent Start) (G1 Humongous Allocation)
[2.734s][info][gc,task       ] GC(50) Using 13 workers of 13 for evacuation
[2.739s][info][gc,phases     ] GC(50)   Pre Evacuate Collection Set: 0.0ms
[2.739s][info][gc,phases     ] GC(50)   Evacuate Collection Set: 2.1ms
[2.739s][info][gc,phases     ] GC(50)   Post Evacuate Collection Set: 3.0ms
[2.739s][info][gc,phases     ] GC(50)   Other: 0.1ms
[2.739s][info][gc,heap       ] GC(50) Eden regions: 61->0(755)
[2.739s][info][gc,heap       ] GC(50) Survivor regions: 30->41(77)
[2.739s][info][gc,heap       ] GC(50) Old regions: 1130->1130
[2.739s][info][gc,heap       ] GC(50) Humongous regions: 94->93
[2.739s][info][gc,metaspace  ] GC(50) Metaspace: 6876K(7168K)->6876K(7168K) NonClass: 6286K(6400K)->6286K(6400K) Class: 589K(768K)->589K(768K)
[2.739s][info][gc            ] GC(50) Pause Young (Concurrent Start) (G1 Humongous Allocation) 1314M->1263M(3068M) 5.307ms
[2.739s][info][gc,cpu        ] GC(50) User=0.00s Sys=0.02s Real=0.01s
[2.739s][info][gc            ] GC(51) Concurrent Cycle
[2.739s][info][gc,marking    ] GC(51) Concurrent Clear Claimed Marks
[2.739s][info][gc,marking    ] GC(51) Concurrent Clear Claimed Marks 0.016ms
[2.739s][info][gc,marking    ] GC(51) Concurrent Scan Root Regions
[2.740s][info][gc,marking    ] GC(51) Concurrent Scan Root Regions 0.314ms
[2.740s][info][gc,marking    ] GC(51) Concurrent Mark (2.740s)
[2.740s][info][gc,marking    ] GC(51) Concurrent Mark From Roots
[2.740s][info][gc,task       ] GC(51) Using 3 workers of 3 for marking
[2.742s][info][gc,marking    ] GC(51) Concurrent Mark From Roots 2.174ms
[2.742s][info][gc,marking    ] GC(51) Concurrent Preclean
[2.742s][info][gc,marking    ] GC(51) Concurrent Preclean 0.096ms
[2.742s][info][gc,marking    ] GC(51) Concurrent Mark (2.740s, 2.742s) 2.319ms
[2.742s][info][gc,start      ] GC(51) Pause Remark
[2.742s][info][gc,stringtable] GC(51) Cleaned string and symbol table, strings: 2628 processed, 0 removed, symbols: 25756 processed, 0 removed
[2.743s][info][gc            ] GC(51) Pause Remark 1269M->1269M(3068M) 0.518ms
[2.743s][info][gc,cpu        ] GC(51) User=0.00s Sys=0.00s Real=0.00s
[2.743s][info][gc,marking    ] GC(51) Concurrent Rebuild Remembered Sets
[2.744s][info][gc,marking    ] GC(51) Concurrent Rebuild Remembered Sets 1.361ms
[2.744s][info][gc,start      ] GC(51) Pause Cleanup
[2.744s][info][gc            ] GC(51) Pause Cleanup 1271M->1271M(3068M) 0.236ms
[2.744s][info][gc,cpu        ] GC(51) User=0.00s Sys=0.00s Real=0.00s
[2.744s][info][gc,marking    ] GC(51) Concurrent Cleanup for Next Mark
[2.746s][info][gc,marking    ] GC(51) Concurrent Cleanup for Next Mark 1.405ms
[2.746s][info][gc            ] GC(51) Concurrent Cycle 6.532ms
[3.081s][info][gc,start      ] GC(52) Pause Young (Normal) (G1 Evacuation Pause)
[3.081s][info][gc,task       ] GC(52) Using 13 workers of 13 for evacuation
[3.090s][info][gc,phases     ] GC(52)   Pre Evacuate Collection Set: 0.1ms
[3.090s][info][gc,phases     ] GC(52)   Evacuate Collection Set: 8.8ms
[3.090s][info][gc,phases     ] GC(52)   Post Evacuate Collection Set: 0.4ms
[3.090s][info][gc,phases     ] GC(52)   Other: 0.2ms
[3.090s][info][gc,heap       ] GC(52) Eden regions: 755->0(724)
[3.090s][info][gc,heap       ] GC(52) Survivor regions: 41->100(100)
[3.090s][info][gc,heap       ] GC(52) Old regions: 1130->1213
[3.090s][info][gc,heap       ] GC(52) Humongous regions: 169->108
[3.090s][info][gc,metaspace  ] GC(52) Metaspace: 6876K(7168K)->6876K(7168K) NonClass: 6286K(6400K)->6286K(6400K) Class: 589K(768K)->589K(768K)
[3.090s][info][gc            ] GC(52) Pause Young (Normal) (G1 Evacuation Pause) 2094M->1420M(3068M) 9.578ms
[3.090s][info][gc,cpu        ] GC(52) User=0.08s Sys=0.12s Real=0.01s
[3.247s][info][gc,start      ] GC(53) Pause Young (Concurrent Start) (G1 Humongous Allocation)
[3.247s][info][gc,task       ] GC(53) Using 13 workers of 13 for evacuation
[3.257s][info][gc,phases     ] GC(53)   Pre Evacuate Collection Set: 0.1ms
[3.257s][info][gc,phases     ] GC(53)   Evacuate Collection Set: 9.3ms
[3.257s][info][gc,phases     ] GC(53)   Post Evacuate Collection Set: 0.4ms
[3.257s][info][gc,phases     ] GC(53)   Other: 0.2ms
[3.257s][info][gc,heap       ] GC(53) Eden regions: 464->0(639)
[3.257s][info][gc,heap       ] GC(53) Survivor regions: 100->88(103)
[3.257s][info][gc,heap       ] GC(53) Old regions: 1213->1312
[3.257s][info][gc,heap       ] GC(53) Humongous regions: 167->118
[3.257s][info][gc,metaspace  ] GC(53) Metaspace: 6876K(7168K)->6876K(7168K) NonClass: 6286K(6400K)->6286K(6400K) Class: 589K(768K)->589K(768K)
[3.257s][info][gc            ] GC(53) Pause Young (Concurrent Start) (G1 Humongous Allocation) 1943M->1516M(3068M) 10.126ms
[3.257s][info][gc,cpu        ] GC(53) User=0.02s Sys=0.12s Real=0.01s
[3.257s][info][gc            ] GC(54) Concurrent Cycle
[3.257s][info][gc,marking    ] GC(54) Concurrent Clear Claimed Marks
[3.257s][info][gc,marking    ] GC(54) Concurrent Clear Claimed Marks 0.014ms
[3.257s][info][gc,marking    ] GC(54) Concurrent Scan Root Regions
[3.257s][info][gc,marking    ] GC(54) Concurrent Scan Root Regions 0.077ms
[3.257s][info][gc,marking    ] GC(54) Concurrent Mark (3.257s)
[3.257s][info][gc,marking    ] GC(54) Concurrent Mark From Roots
[3.257s][info][gc,task       ] GC(54) Using 3 workers of 3 for marking
[3.260s][info][gc,marking    ] GC(54) Concurrent Mark From Roots 3.163ms
[3.260s][info][gc,marking    ] GC(54) Concurrent Preclean
[3.261s][info][gc,marking    ] GC(54) Concurrent Preclean 0.062ms
[3.261s][info][gc,marking    ] GC(54) Concurrent Mark (3.257s, 3.261s) 3.268ms
[3.261s][info][gc,start      ] GC(54) Pause Remark
[3.261s][info][gc,stringtable] GC(54) Cleaned string and symbol table, strings: 2628 processed, 0 removed, symbols: 25756 processed, 0 removed
[3.261s][info][gc            ] GC(54) Pause Remark 1526M->1526M(3068M) 0.671ms
[3.261s][info][gc,cpu        ] GC(54) User=0.00s Sys=0.00s Real=0.00s
[3.261s][info][gc,marking    ] GC(54) Concurrent Rebuild Remembered Sets
[3.263s][info][gc,marking    ] GC(54) Concurrent Rebuild Remembered Sets 1.467ms
[3.263s][info][gc,start      ] GC(54) Pause Cleanup
[3.263s][info][gc            ] GC(54) Pause Cleanup 1531M->1531M(3068M) 0.275ms
[3.263s][info][gc,cpu        ] GC(54) User=0.00s Sys=0.00s Real=0.00s
[3.263s][info][gc,marking    ] GC(54) Concurrent Cleanup for Next Mark
[3.265s][info][gc,marking    ] GC(54) Concurrent Cleanup for Next Mark 1.485ms
[3.265s][info][gc            ] GC(54) Concurrent Cycle 7.556ms
[3.274s][info][gc,start      ] GC(55) Pause Young (Concurrent Start) (G1 Humongous Allocation)
[3.275s][info][gc,task       ] GC(55) Using 13 workers of 13 for evacuation
[3.279s][info][gc,phases     ] GC(55)   Pre Evacuate Collection Set: 0.0ms
[3.279s][info][gc,phases     ] GC(55)   Evacuate Collection Set: 4.5ms
[3.279s][info][gc,phases     ] GC(55)   Post Evacuate Collection Set: 0.2ms
[3.279s][info][gc,phases     ] GC(55)   Other: 0.1ms
[3.279s][info][gc,heap       ] GC(55) Eden regions: 48->0(663)
[3.279s][info][gc,heap       ] GC(55) Survivor regions: 88->9(91)
[3.279s][info][gc,heap       ] GC(55) Old regions: 1312->1399
[3.279s][info][gc,heap       ] GC(55) Humongous regions: 119->118
[3.279s][info][gc,metaspace  ] GC(55) Metaspace: 6876K(7168K)->6876K(7168K) NonClass: 6286K(6400K)->6286K(6400K) Class: 589K(768K)->589K(768K)
[3.279s][info][gc            ] GC(55) Pause Young (Concurrent Start) (G1 Humongous Allocation) 1565M->1525M(3068M) 4.899ms
[3.279s][info][gc,cpu        ] GC(55) User=0.00s Sys=0.00s Real=0.01s
[3.279s][info][gc            ] GC(56) Concurrent Cycle
[3.279s][info][gc,marking    ] GC(56) Concurrent Clear Claimed Marks
[3.279s][info][gc,marking    ] GC(56) Concurrent Clear Claimed Marks 0.013ms
[3.279s][info][gc,marking    ] GC(56) Concurrent Scan Root Regions
[3.279s][info][gc,marking    ] GC(56) Concurrent Scan Root Regions 0.039ms
[3.280s][info][gc,marking    ] GC(56) Concurrent Mark (3.280s)
[3.280s][info][gc,marking    ] GC(56) Concurrent Mark From Roots
[3.280s][info][gc,task       ] GC(56) Using 3 workers of 3 for marking
[3.282s][info][gc,marking    ] GC(56) Concurrent Mark From Roots 2.530ms
[3.282s][info][gc,marking    ] GC(56) Concurrent Preclean
[3.282s][info][gc,marking    ] GC(56) Concurrent Preclean 0.076ms
[3.282s][info][gc,marking    ] GC(56) Concurrent Mark (3.280s, 3.282s) 2.654ms
[3.282s][info][gc,start      ] GC(56) Pause Remark
[3.283s][info][gc,stringtable] GC(56) Cleaned string and symbol table, strings: 2628 processed, 0 removed, symbols: 25756 processed, 0 removed
[3.283s][info][gc            ] GC(56) Pause Remark 1533M->1533M(3068M) 0.546ms
[3.283s][info][gc,cpu        ] GC(56) User=0.00s Sys=0.00s Real=0.00s
[3.283s][info][gc,marking    ] GC(56) Concurrent Rebuild Remembered Sets
[3.285s][info][gc,marking    ] GC(56) Concurrent Rebuild Remembered Sets 1.748ms
[3.285s][info][gc,start      ] GC(56) Pause Cleanup
[3.285s][info][gc            ] GC(56) Pause Cleanup 1539M->1539M(3068M) 0.270ms
[3.285s][info][gc,cpu        ] GC(56) User=0.00s Sys=0.00s Real=0.00s
[3.285s][info][gc,marking    ] GC(56) Concurrent Cleanup for Next Mark
[3.286s][info][gc,marking    ] GC(56) Concurrent Cleanup for Next Mark 1.478ms
[3.286s][info][gc            ] GC(56) Concurrent Cycle 7.060ms
[3.289s][info][gc,start      ] GC(57) Pause Young (Concurrent Start) (G1 Humongous Allocation)
[3.289s][info][gc,task       ] GC(57) Using 13 workers of 13 for evacuation
[3.290s][info][gc,phases     ] GC(57)   Pre Evacuate Collection Set: 0.0ms
[3.290s][info][gc,phases     ] GC(57)   Evacuate Collection Set: 0.7ms
[3.290s][info][gc,phases     ] GC(57)   Post Evacuate Collection Set: 0.2ms
[3.290s][info][gc,phases     ] GC(57)   Other: 0.1ms
[3.290s][info][gc,heap       ] GC(57) Eden regions: 21->0(535)
[3.290s][info][gc,heap       ] GC(57) Survivor regions: 9->14(84)
[3.290s][info][gc,heap       ] GC(57) Old regions: 1399->1399
[3.291s][info][gc,heap       ] GC(57) Humongous regions: 121->118
[3.291s][info][gc,metaspace  ] GC(57) Metaspace: 6876K(7168K)->6876K(7168K) NonClass: 6286K(6400K)->6286K(6400K) Class: 589K(768K)->589K(768K)
[3.291s][info][gc            ] GC(57) Pause Young (Concurrent Start) (G1 Humongous Allocation) 1549M->1530M(3068M) 1.126ms
[3.291s][info][gc,cpu        ] GC(57) User=0.00s Sys=0.00s Real=0.00s
[3.291s][info][gc            ] GC(58) Concurrent Cycle
[3.291s][info][gc,marking    ] GC(58) Concurrent Clear Claimed Marks
[3.291s][info][gc,marking    ] GC(58) Concurrent Clear Claimed Marks 0.013ms
[3.291s][info][gc,marking    ] GC(58) Concurrent Scan Root Regions
[3.291s][info][gc,marking    ] GC(58) Concurrent Scan Root Regions 0.036ms
[3.291s][info][gc,marking    ] GC(58) Concurrent Mark (3.291s)
[3.291s][info][gc,marking    ] GC(58) Concurrent Mark From Roots
[3.291s][info][gc,task       ] GC(58) Using 3 workers of 3 for marking
[3.293s][info][gc,marking    ] GC(58) Concurrent Mark From Roots 2.206ms
[3.293s][info][gc,marking    ] GC(58) Concurrent Preclean
[3.293s][info][gc,marking    ] GC(58) Concurrent Preclean 0.077ms
[3.293s][info][gc,marking    ] GC(58) Concurrent Mark (3.291s, 3.293s) 2.325ms
[3.293s][info][gc,start      ] GC(58) Pause Remark
[3.293s][info][gc,stringtable] GC(58) Cleaned string and symbol table, strings: 2628 processed, 0 removed, symbols: 25756 processed, 0 removed
[3.294s][info][gc            ] GC(58) Pause Remark 1538M->1538M(3068M) 0.462ms
[3.294s][info][gc,cpu        ] GC(58) User=0.00s Sys=0.00s Real=0.00s
[3.294s][info][gc,marking    ] GC(58) Concurrent Rebuild Remembered Sets
[3.295s][info][gc,marking    ] GC(58) Concurrent Rebuild Remembered Sets 1.381ms
[3.295s][info][gc,start      ] GC(58) Pause Cleanup
[3.295s][info][gc            ] GC(58) Pause Cleanup 1544M->1544M(3068M) 0.265ms
[3.295s][info][gc,cpu        ] GC(58) User=0.00s Sys=0.00s Real=0.00s
[3.295s][info][gc,marking    ] GC(58) Concurrent Cleanup for Next Mark
[3.296s][info][gc,marking    ] GC(58) Concurrent Cleanup for Next Mark 1.174ms
[3.297s][info][gc            ] GC(58) Concurrent Cycle 5.955ms
[3.297s][info][gc,start      ] GC(59) Pause Young (Concurrent Start) (G1 Humongous Allocation)
[3.297s][info][gc,task       ] GC(59) Using 13 workers of 13 for evacuation
[3.298s][info][gc,phases     ] GC(59)   Pre Evacuate Collection Set: 0.0ms
[3.298s][info][gc,phases     ] GC(59)   Evacuate Collection Set: 0.7ms
[3.298s][info][gc,phases     ] GC(59)   Post Evacuate Collection Set: 0.1ms
[3.298s][info][gc,phases     ] GC(59)   Other: 0.1ms
[3.298s][info][gc,heap       ] GC(59) Eden regions: 14->0(470)
[3.298s][info][gc,heap       ] GC(59) Survivor regions: 14->18(69)
[3.298s][info][gc,heap       ] GC(59) Old regions: 1399->1399
[3.298s][info][gc,heap       ] GC(59) Humongous regions: 122->118
[3.298s][info][gc,metaspace  ] GC(59) Metaspace: 6876K(7168K)->6876K(7168K) NonClass: 6286K(6400K)->6286K(6400K) Class: 589K(768K)->589K(768K)
[3.298s][info][gc            ] GC(59) Pause Young (Concurrent Start) (G1 Humongous Allocation) 1548M->1533M(3068M) 1.016ms
[3.298s][info][gc,cpu        ] GC(59) User=0.00s Sys=0.00s Real=0.00s
[3.298s][info][gc            ] GC(60) Concurrent Cycle
[3.298s][info][gc,marking    ] GC(60) Concurrent Clear Claimed Marks
[3.298s][info][gc,marking    ] GC(60) Concurrent Clear Claimed Marks 0.010ms
[3.298s][info][gc,marking    ] GC(60) Concurrent Scan Root Regions
[3.298s][info][gc,marking    ] GC(60) Concurrent Scan Root Regions 0.034ms
[3.298s][info][gc,marking    ] GC(60) Concurrent Mark (3.298s)
[3.298s][info][gc,marking    ] GC(60) Concurrent Mark From Roots
[3.298s][info][gc,task       ] GC(60) Using 3 workers of 3 for marking
[3.300s][info][gc,marking    ] GC(60) Concurrent Mark From Roots 1.885ms
[3.300s][info][gc,marking    ] GC(60) Concurrent Preclean
[3.300s][info][gc,marking    ] GC(60) Concurrent Preclean 0.130ms
[3.300s][info][gc,marking    ] GC(60) Concurrent Mark (3.298s, 3.300s) 2.074ms
[3.301s][info][gc,start      ] GC(60) Pause Remark
[3.301s][info][gc,stringtable] GC(60) Cleaned string and symbol table, strings: 2628 processed, 0 removed, symbols: 25756 processed, 0 removed
[3.301s][info][gc            ] GC(60) Pause Remark 1541M->1541M(3068M) 0.425ms
[3.301s][info][gc,cpu        ] GC(60) User=0.00s Sys=0.00s Real=0.00s
[3.301s][info][gc,marking    ] GC(60) Concurrent Rebuild Remembered Sets
[3.302s][info][gc,marking    ] GC(60) Concurrent Rebuild Remembered Sets 1.328ms
[3.302s][info][gc,start      ] GC(60) Pause Cleanup
[3.303s][info][gc            ] GC(60) Pause Cleanup 1546M->1546M(3068M) 0.287ms
[3.303s][info][gc,cpu        ] GC(60) User=0.00s Sys=0.00s Real=0.00s
[3.303s][info][gc,marking    ] GC(60) Concurrent Cleanup for Next Mark
[3.304s][info][gc,marking    ] GC(60) Concurrent Cleanup for Next Mark 1.102ms
[3.304s][info][gc            ] GC(60) Concurrent Cycle 5.534ms
[3.307s][info][gc,start      ] GC(61) Pause Young (Concurrent Start) (G1 Humongous Allocation)
[3.307s][info][gc,task       ] GC(61) Using 13 workers of 13 for evacuation
[3.308s][info][gc,phases     ] GC(61)   Pre Evacuate Collection Set: 0.0ms
[3.308s][info][gc,phases     ] GC(61)   Evacuate Collection Set: 0.9ms
[3.308s][info][gc,phases     ] GC(61)   Post Evacuate Collection Set: 0.1ms
[3.308s][info][gc,phases     ] GC(61)   Other: 0.1ms
[3.308s][info][gc,heap       ] GC(61) Eden regions: 22->0(507)
[3.308s][info][gc,heap       ] GC(61) Survivor regions: 18->22(61)
[3.308s][info][gc,heap       ] GC(61) Old regions: 1399->1399
[3.308s][info][gc,heap       ] GC(61) Humongous regions: 121->118
[3.308s][info][gc,metaspace  ] GC(61) Metaspace: 6876K(7168K)->6876K(7168K) NonClass: 6286K(6400K)->6286K(6400K) Class: 589K(768K)->589K(768K)
[3.308s][info][gc            ] GC(61) Pause Young (Concurrent Start) (G1 Humongous Allocation) 1558M->1537M(3068M) 1.328ms
[3.308s][info][gc,cpu        ] GC(61) User=0.00s Sys=0.00s Real=0.00s
[3.308s][info][gc            ] GC(62) Concurrent Cycle
[3.308s][info][gc,marking    ] GC(62) Concurrent Clear Claimed Marks
[3.308s][info][gc,marking    ] GC(62) Concurrent Clear Claimed Marks 0.013ms
[3.308s][info][gc,marking    ] GC(62) Concurrent Scan Root Regions
[3.309s][info][gc,marking    ] GC(62) Concurrent Scan Root Regions 0.036ms
[3.309s][info][gc,marking    ] GC(62) Concurrent Mark (3.309s)
[3.309s][info][gc,marking    ] GC(62) Concurrent Mark From Roots
[3.309s][info][gc,task       ] GC(62) Using 3 workers of 3 for marking
[3.311s][info][gc,marking    ] GC(62) Concurrent Mark From Roots 2.055ms
[3.311s][info][gc,marking    ] GC(62) Concurrent Preclean
[3.311s][info][gc,marking    ] GC(62) Concurrent Preclean 0.065ms
[3.311s][info][gc,marking    ] GC(62) Concurrent Mark (3.309s, 3.311s) 2.153ms
[3.311s][info][gc,start      ] GC(62) Pause Remark
[3.311s][info][gc,stringtable] GC(62) Cleaned string and symbol table, strings: 2628 processed, 0 removed, symbols: 25756 processed, 0 removed
[3.311s][info][gc            ] GC(62) Pause Remark 1545M->1545M(3068M) 0.561ms
[3.311s][info][gc,cpu        ] GC(62) User=0.00s Sys=0.00s Real=0.00s
[3.311s][info][gc,marking    ] GC(62) Concurrent Rebuild Remembered Sets
[3.313s][info][gc,marking    ] GC(62) Concurrent Rebuild Remembered Sets 1.318ms
[3.313s][info][gc,start      ] GC(62) Pause Cleanup
[3.313s][info][gc            ] GC(62) Pause Cleanup 1548M->1548M(3068M) 0.309ms
[3.313s][info][gc,cpu        ] GC(62) User=0.00s Sys=0.00s Real=0.00s
[3.313s][info][gc,marking    ] GC(62) Concurrent Cleanup for Next Mark
[3.314s][info][gc,marking    ] GC(62) Concurrent Cleanup for Next Mark 1.154ms
[3.314s][info][gc            ] GC(62) Concurrent Cycle 5.829ms
[3.318s][info][gc,start      ] GC(63) Pause Young (Concurrent Start) (G1 Humongous Allocation)
[3.318s][info][gc,task       ] GC(63) Using 13 workers of 13 for evacuation
[3.320s][info][gc,phases     ] GC(63)   Pre Evacuate Collection Set: 0.0ms
[3.320s][info][gc,phases     ] GC(63)   Evacuate Collection Set: 1.1ms
[3.320s][info][gc,phases     ] GC(63)   Post Evacuate Collection Set: 0.1ms
[3.320s][info][gc,phases     ] GC(63)   Other: 0.1ms
[3.320s][info][gc,heap       ] GC(63) Eden regions: 23->0(573)
[3.320s][info][gc,heap       ] GC(63) Survivor regions: 22->27(67)
[3.320s][info][gc,heap       ] GC(63) Old regions: 1399->1399
[3.320s][info][gc,heap       ] GC(63) Humongous regions: 121->118
[3.320s][info][gc,metaspace  ] GC(63) Metaspace: 6876K(7168K)->6876K(7168K) NonClass: 6286K(6400K)->6286K(6400K) Class: 589K(768K)->589K(768K)
[3.320s][info][gc            ] GC(63) Pause Young (Concurrent Start) (G1 Humongous Allocation) 1563M->1542M(3068M) 1.506ms
[3.320s][info][gc,cpu        ] GC(63) User=0.00s Sys=0.00s Real=0.00s
[3.320s][info][gc            ] GC(64) Concurrent Cycle
[3.320s][info][gc,marking    ] GC(64) Concurrent Clear Claimed Marks
[3.320s][info][gc,marking    ] GC(64) Concurrent Clear Claimed Marks 0.012ms
[3.320s][info][gc,marking    ] GC(64) Concurrent Scan Root Regions
[3.320s][info][gc,marking    ] GC(64) Concurrent Scan Root Regions 0.033ms
[3.320s][info][gc,marking    ] GC(64) Concurrent Mark (3.320s)
[3.320s][info][gc,marking    ] GC(64) Concurrent Mark From Roots
[3.320s][info][gc,task       ] GC(64) Using 3 workers of 3 for marking
[3.322s][info][gc,marking    ] GC(64) Concurrent Mark From Roots 1.841ms
[3.322s][info][gc,marking    ] GC(64) Concurrent Preclean
[3.322s][info][gc,marking    ] GC(64) Concurrent Preclean 0.077ms
[3.322s][info][gc,marking    ] GC(64) Concurrent Mark (3.320s, 3.322s) 1.967ms
[3.322s][info][gc,start      ] GC(64) Pause Remark
[3.322s][info][gc,stringtable] GC(64) Cleaned string and symbol table, strings: 2628 processed, 0 removed, symbols: 25756 processed, 0 removed
[3.322s][info][gc            ] GC(64) Pause Remark 1549M->1549M(3068M) 0.428ms
[3.322s][info][gc,cpu        ] GC(64) User=0.00s Sys=0.00s Real=0.00s
[3.322s][info][gc,marking    ] GC(64) Concurrent Rebuild Remembered Sets
[3.324s][info][gc,marking    ] GC(64) Concurrent Rebuild Remembered Sets 1.286ms
[3.324s][info][gc,start      ] GC(64) Pause Cleanup
[3.324s][info][gc            ] GC(64) Pause Cleanup 1553M->1553M(3068M) 0.287ms
[3.324s][info][gc,cpu        ] GC(64) User=0.00s Sys=0.00s Real=0.00s
[3.324s][info][gc,marking    ] GC(64) Concurrent Cleanup for Next Mark
[3.325s][info][gc,marking    ] GC(64) Concurrent Cleanup for Next Mark 1.021ms
[3.325s][info][gc            ] GC(64) Concurrent Cycle 5.300ms
[3.326s][info][gc,start      ] GC(65) Pause Young (Concurrent Start) (G1 Humongous Allocation)
[3.326s][info][gc,task       ] GC(65) Using 13 workers of 13 for evacuation
[3.327s][info][gc,phases     ] GC(65)   Pre Evacuate Collection Set: 0.0ms
[3.327s][info][gc,phases     ] GC(65)   Evacuate Collection Set: 1.1ms
[3.327s][info][gc,phases     ] GC(65)   Post Evacuate Collection Set: 0.1ms
[3.327s][info][gc,phases     ] GC(65)   Other: 0.1ms
[3.327s][info][gc,heap       ] GC(65) Eden regions: 12->0(520)
[3.327s][info][gc,heap       ] GC(65) Survivor regions: 27->29(75)
[3.327s][info][gc,heap       ] GC(65) Old regions: 1399->1399
[3.327s][info][gc,heap       ] GC(65) Humongous regions: 121->119
[3.327s][info][gc,metaspace  ] GC(65) Metaspace: 6876K(7168K)->6876K(7168K) NonClass: 6286K(6400K)->6286K(6400K) Class: 589K(768K)->589K(768K)
[3.327s][info][gc            ] GC(65) Pause Young (Concurrent Start) (G1 Humongous Allocation) 1557M->1545M(3068M) 1.428ms
[3.327s][info][gc,cpu        ] GC(65) User=0.00s Sys=0.00s Real=0.00s
[3.327s][info][gc            ] GC(66) Concurrent Cycle
[3.327s][info][gc,marking    ] GC(66) Concurrent Clear Claimed Marks
[3.327s][info][gc,marking    ] GC(66) Concurrent Clear Claimed Marks 0.010ms
[3.327s][info][gc,marking    ] GC(66) Concurrent Scan Root Regions
[3.327s][info][gc,marking    ] GC(66) Concurrent Scan Root Regions 0.032ms
[3.327s][info][gc,marking    ] GC(66) Concurrent Mark (3.327s)
[3.327s][info][gc,marking    ] GC(66) Concurrent Mark From Roots
[3.327s][info][gc,task       ] GC(66) Using 3 workers of 3 for marking
[3.329s][info][gc,marking    ] GC(66) Concurrent Mark From Roots 1.749ms
[3.329s][info][gc,marking    ] GC(66) Concurrent Preclean
[3.329s][info][gc,marking    ] GC(66) Concurrent Preclean 0.062ms
[3.329s][info][gc,marking    ] GC(66) Concurrent Mark (3.327s, 3.329s) 1.845ms
[3.329s][info][gc,start      ] GC(66) Pause Remark
[3.330s][info][gc,stringtable] GC(66) Cleaned string and symbol table, strings: 2628 processed, 0 removed, symbols: 25756 processed, 0 removed
[3.330s][info][gc            ] GC(66) Pause Remark 1552M->1552M(3068M) 0.445ms
[3.330s][info][gc,cpu        ] GC(66) User=0.00s Sys=0.00s Real=0.00s
[3.330s][info][gc,marking    ] GC(66) Concurrent Rebuild Remembered Sets
[3.331s][info][gc,marking    ] GC(66) Concurrent Rebuild Remembered Sets 1.236ms
[3.331s][info][gc,start      ] GC(66) Pause Cleanup
[3.331s][info][gc            ] GC(66) Pause Cleanup 1556M->1556M(3068M) 0.271ms
[3.331s][info][gc,cpu        ] GC(66) User=0.00s Sys=0.00s Real=0.00s
[3.331s][info][gc,marking    ] GC(66) Concurrent Cleanup for Next Mark
[3.332s][info][gc,marking    ] GC(66) Concurrent Cleanup for Next Mark 1.081ms
[3.332s][info][gc            ] GC(66) Concurrent Cycle 5.169ms
[3.333s][info][gc,start      ] GC(67) Pause Young (Concurrent Start) (G1 Humongous Allocation)
[3.333s][info][gc,task       ] GC(67) Using 13 workers of 13 for evacuation
[3.334s][info][gc,phases     ] GC(67)   Pre Evacuate Collection Set: 0.0ms
[3.334s][info][gc,phases     ] GC(67)   Evacuate Collection Set: 1.2ms
[3.334s][info][gc,phases     ] GC(67)   Post Evacuate Collection Set: 0.1ms
[3.334s][info][gc,phases     ] GC(67)   Other: 0.1ms
[3.334s][info][gc,heap       ] GC(67) Eden regions: 11->0(475)
[3.334s][info][gc,heap       ] GC(67) Survivor regions: 29->30(69)
[3.334s][info][gc,heap       ] GC(67) Old regions: 1399->1399
[3.334s][info][gc,heap       ] GC(67) Humongous regions: 121->120
[3.334s][info][gc,metaspace  ] GC(67) Metaspace: 6876K(7168K)->6876K(7168K) NonClass: 6286K(6400K)->6286K(6400K) Class: 589K(768K)->589K(768K)
[3.334s][info][gc            ] GC(67) Pause Young (Concurrent Start) (G1 Humongous Allocation) 1558M->1548M(3068M) 1.563ms
[3.334s][info][gc,cpu        ] GC(67) User=0.00s Sys=0.00s Real=0.00s
[3.334s][info][gc            ] GC(68) Concurrent Cycle
[3.334s][info][gc,marking    ] GC(68) Concurrent Clear Claimed Marks
[3.334s][info][gc,marking    ] GC(68) Concurrent Clear Claimed Marks 0.010ms
[3.334s][info][gc,marking    ] GC(68) Concurrent Scan Root Regions
[3.334s][info][gc,marking    ] GC(68) Concurrent Scan Root Regions 0.034ms
[3.334s][info][gc,marking    ] GC(68) Concurrent Mark (3.334s)
[3.334s][info][gc,marking    ] GC(68) Concurrent Mark From Roots
[3.334s][info][gc,task       ] GC(68) Using 3 workers of 3 for marking
[3.336s][info][gc,marking    ] GC(68) Concurrent Mark From Roots 1.681ms
[3.336s][info][gc,marking    ] GC(68) Concurrent Preclean
[3.336s][info][gc,marking    ] GC(68) Concurrent Preclean 0.079ms
[3.336s][info][gc,marking    ] GC(68) Concurrent Mark (3.334s, 3.336s) 1.797ms
[3.336s][info][gc,start      ] GC(68) Pause Remark
[3.336s][info][gc,stringtable] GC(68) Cleaned string and symbol table, strings: 2628 processed, 0 removed, symbols: 25756 processed, 0 removed
[3.337s][info][gc            ] GC(68) Pause Remark 1556M->1556M(3068M) 0.457ms
[3.337s][info][gc,cpu        ] GC(68) User=0.00s Sys=0.00s Real=0.00s
[3.337s][info][gc,marking    ] GC(68) Concurrent Rebuild Remembered Sets
[3.338s][info][gc,marking    ] GC(68) Concurrent Rebuild Remembered Sets 1.227ms
[3.338s][info][gc,start      ] GC(68) Pause Cleanup
[3.338s][info][gc            ] GC(68) Pause Cleanup 1559M->1559M(3068M) 0.251ms
[3.338s][info][gc,cpu        ] GC(68) User=0.00s Sys=0.00s Real=0.00s
[3.338s][info][gc,marking    ] GC(68) Concurrent Cleanup for Next Mark
[3.339s][info][gc,marking    ] GC(68) Concurrent Cleanup for Next Mark 0.985ms
[3.339s][info][gc            ] GC(68) Concurrent Cycle 5.003ms
[3.340s][info][gc,start      ] GC(69) Pause Young (Concurrent Start) (G1 Humongous Allocation)
[3.340s][info][gc,task       ] GC(69) Using 13 workers of 13 for evacuation
[3.342s][info][gc,phases     ] GC(69)   Pre Evacuate Collection Set: 0.0ms
[3.342s][info][gc,phases     ] GC(69)   Evacuate Collection Set: 1.4ms
[3.342s][info][gc,phases     ] GC(69)   Post Evacuate Collection Set: 0.1ms
[3.342s][info][gc,phases     ] GC(69)   Other: 0.1ms
[3.342s][info][gc,heap       ] GC(69) Eden regions: 15->0(436)
[3.342s][info][gc,heap       ] GC(69) Survivor regions: 30->34(64)
[3.342s][info][gc,heap       ] GC(69) Old regions: 1399->1399
[3.342s][info][gc,heap       ] GC(69) Humongous regions: 122->120
[3.342s][info][gc,metaspace  ] GC(69) Metaspace: 6876K(7168K)->6876K(7168K) NonClass: 6286K(6400K)->6286K(6400K) Class: 589K(768K)->589K(768K)
[3.342s][info][gc            ] GC(69) Pause Young (Concurrent Start) (G1 Humongous Allocation) 1565M->1551M(3068M) 1.784ms
[3.342s][info][gc,cpu        ] GC(69) User=0.00s Sys=0.00s Real=0.00s
[3.342s][info][gc            ] GC(70) Concurrent Cycle
[3.342s][info][gc,marking    ] GC(70) Concurrent Clear Claimed Marks
[3.342s][info][gc,marking    ] GC(70) Concurrent Clear Claimed Marks 0.010ms
[3.342s][info][gc,marking    ] GC(70) Concurrent Scan Root Regions
[3.342s][info][gc,marking    ] GC(70) Concurrent Scan Root Regions 0.030ms
[3.342s][info][gc,marking    ] GC(70) Concurrent Mark (3.342s)
[3.342s][info][gc,marking    ] GC(70) Concurrent Mark From Roots
[3.342s][info][gc,task       ] GC(70) Using 3 workers of 3 for marking
[3.344s][info][gc,marking    ] GC(70) Concurrent Mark From Roots 1.727ms
[3.344s][info][gc,marking    ] GC(70) Concurrent Preclean
[3.344s][info][gc,marking    ] GC(70) Concurrent Preclean 0.060ms
[3.344s][info][gc,marking    ] GC(70) Concurrent Mark (3.342s, 3.344s) 1.811ms
[3.344s][info][gc,start      ] GC(70) Pause Remark
[3.345s][info][gc,stringtable] GC(70) Cleaned string and symbol table, strings: 2628 processed, 0 removed, symbols: 25756 processed, 0 removed
[3.345s][info][gc            ] GC(70) Pause Remark 1558M->1558M(3068M) 0.585ms
[3.345s][info][gc,cpu        ] GC(70) User=0.00s Sys=0.00s Real=0.00s
[3.345s][info][gc,marking    ] GC(70) Concurrent Rebuild Remembered Sets
[3.346s][info][gc,marking    ] GC(70) Concurrent Rebuild Remembered Sets 1.220ms
[3.346s][info][gc,start      ] GC(70) Pause Cleanup
[3.346s][info][gc            ] GC(70) Pause Cleanup 1562M->1562M(3068M) 0.253ms
[3.346s][info][gc,cpu        ] GC(70) User=0.00s Sys=0.00s Real=0.00s
[3.346s][info][gc,marking    ] GC(70) Concurrent Cleanup for Next Mark
[3.347s][info][gc,marking    ] GC(70) Concurrent Cleanup for Next Mark 0.980ms
[3.347s][info][gc            ] GC(70) Concurrent Cycle 5.122ms
[3.347s][info][gc,start      ] GC(71) Pause Young (Concurrent Start) (G1 Humongous Allocation)
[3.347s][info][gc,task       ] GC(71) Using 13 workers of 13 for evacuation
[3.349s][info][gc,phases     ] GC(71)   Pre Evacuate Collection Set: 0.0ms
[3.349s][info][gc,phases     ] GC(71)   Evacuate Collection Set: 1.5ms
[3.349s][info][gc,phases     ] GC(71)   Post Evacuate Collection Set: 0.1ms
[3.349s][info][gc,phases     ] GC(71)   Other: 0.1ms
[3.349s][info][gc,heap       ] GC(71) Eden regions: 11->0(466)
[3.349s][info][gc,heap       ] GC(71) Survivor regions: 34->26(59)
[3.349s][info][gc,heap       ] GC(71) Old regions: 1399->1408
[3.349s][info][gc,heap       ] GC(71) Humongous regions: 122->121
[3.349s][info][gc,metaspace  ] GC(71) Metaspace: 6876K(7168K)->6876K(7168K) NonClass: 6286K(6400K)->6286K(6400K) Class: 589K(768K)->589K(768K)
[3.349s][info][gc            ] GC(71) Pause Young (Concurrent Start) (G1 Humongous Allocation) 1564M->1553M(3068M) 1.820ms
[3.349s][info][gc,cpu        ] GC(71) User=0.00s Sys=0.00s Real=0.00s
[3.349s][info][gc            ] GC(72) Concurrent Cycle
[3.349s][info][gc,marking    ] GC(72) Concurrent Clear Claimed Marks
[3.349s][info][gc,marking    ] GC(72) Concurrent Clear Claimed Marks 0.010ms
[3.349s][info][gc,marking    ] GC(72) Concurrent Scan Root Regions
[3.349s][info][gc,marking    ] GC(72) Concurrent Scan Root Regions 0.032ms
[3.349s][info][gc,marking    ] GC(72) Concurrent Mark (3.349s)
[3.349s][info][gc,marking    ] GC(72) Concurrent Mark From Roots
[3.349s][info][gc,task       ] GC(72) Using 3 workers of 3 for marking
[3.351s][info][gc,marking    ] GC(72) Concurrent Mark From Roots 1.714ms
[3.351s][info][gc,marking    ] GC(72) Concurrent Preclean
[3.351s][info][gc,marking    ] GC(72) Concurrent Preclean 0.090ms
[3.351s][info][gc,marking    ] GC(72) Concurrent Mark (3.349s, 3.351s) 1.837ms
[3.351s][info][gc,start      ] GC(72) Pause Remark
[3.352s][info][gc,stringtable] GC(72) Cleaned string and symbol table, strings: 2628 processed, 0 removed, symbols: 25756 processed, 0 removed
[3.352s][info][gc            ] GC(72) Pause Remark 1560M->1560M(3068M) 0.443ms
[3.352s][info][gc,cpu        ] GC(72) User=0.00s Sys=0.00s Real=0.00s
[3.352s][info][gc,marking    ] GC(72) Concurrent Rebuild Remembered Sets
[3.353s][info][gc,marking    ] GC(72) Concurrent Rebuild Remembered Sets 1.223ms
[3.353s][info][gc,start      ] GC(72) Pause Cleanup
[3.353s][info][gc            ] GC(72) Pause Cleanup 1564M->1564M(3068M) 0.268ms
[3.353s][info][gc,cpu        ] GC(72) User=0.00s Sys=0.00s Real=0.00s
[3.353s][info][gc,marking    ] GC(72) Concurrent Cleanup for Next Mark
[3.354s][info][gc,marking    ] GC(72) Concurrent Cleanup for Next Mark 0.943ms
[3.354s][info][gc            ] GC(72) Concurrent Cycle 4.975ms
[3.355s][info][gc,start      ] GC(73) Pause Young (Concurrent Start) (G1 Humongous Allocation)
[3.355s][info][gc,task       ] GC(73) Using 13 workers of 13 for evacuation
[3.356s][info][gc,phases     ] GC(73)   Pre Evacuate Collection Set: 0.0ms
[3.356s][info][gc,phases     ] GC(73)   Evacuate Collection Set: 1.2ms
[3.356s][info][gc,phases     ] GC(73)   Post Evacuate Collection Set: 0.1ms
[3.356s][info][gc,phases     ] GC(73)   Other: 0.1ms
[3.356s][info][gc,heap       ] GC(73) Eden regions: 11->0(455)
[3.356s][info][gc,heap       ] GC(73) Survivor regions: 26->28(62)
[3.356s][info][gc,heap       ] GC(73) Old regions: 1408->1408
[3.356s][info][gc,heap       ] GC(73) Humongous regions: 124->122
[3.356s][info][gc,metaspace  ] GC(73) Metaspace: 6876K(7168K)->6876K(7168K) NonClass: 6286K(6400K)->6286K(6400K) Class: 589K(768K)->589K(768K)
[3.356s][info][gc            ] GC(73) Pause Young (Concurrent Start) (G1 Humongous Allocation) 1567M->1556M(3068M) 1.490ms
[3.356s][info][gc,cpu        ] GC(73) User=0.00s Sys=0.00s Real=0.00s
[3.356s][info][gc            ] GC(74) Concurrent Cycle
[3.356s][info][gc,marking    ] GC(74) Concurrent Clear Claimed Marks
[3.356s][info][gc,marking    ] GC(74) Concurrent Clear Claimed Marks 0.011ms
[3.356s][info][gc,marking    ] GC(74) Concurrent Scan Root Regions
[3.356s][info][gc,marking    ] GC(74) Concurrent Scan Root Regions 0.031ms
[3.356s][info][gc,marking    ] GC(74) Concurrent Mark (3.356s)
[3.356s][info][gc,marking    ] GC(74) Concurrent Mark From Roots
[3.356s][info][gc,task       ] GC(74) Using 3 workers of 3 for marking
[3.358s][info][gc,marking    ] GC(74) Concurrent Mark From Roots 1.708ms
[3.358s][info][gc,marking    ] GC(74) Concurrent Preclean
[3.358s][info][gc,marking    ] GC(74) Concurrent Preclean 0.077ms
[3.358s][info][gc,marking    ] GC(74) Concurrent Mark (3.356s, 3.358s) 1.828ms
[3.358s][info][gc,start      ] GC(74) Pause Remark
[3.359s][info][gc,stringtable] GC(74) Cleaned string and symbol table, strings: 2628 processed, 0 removed, symbols: 25756 processed, 0 removed
[3.359s][info][gc            ] GC(74) Pause Remark 1564M->1564M(3068M) 0.450ms
[3.359s][info][gc,cpu        ] GC(74) User=0.00s Sys=0.00s Real=0.00s
[3.359s][info][gc,marking    ] GC(74) Concurrent Rebuild Remembered Sets
[3.360s][info][gc,marking    ] GC(74) Concurrent Rebuild Remembered Sets 1.256ms
[3.360s][info][gc,start      ] GC(74) Pause Cleanup
[3.360s][info][gc            ] GC(74) Pause Cleanup 1569M->1569M(3068M) 0.268ms
[3.360s][info][gc,cpu        ] GC(74) User=0.00s Sys=0.00s Real=0.00s
[3.360s][info][gc,marking    ] GC(74) Concurrent Cleanup for Next Mark
[3.361s][info][gc,marking    ] GC(74) Concurrent Cleanup for Next Mark 1.020ms
[3.361s][info][gc            ] GC(74) Concurrent Cycle 5.127ms
[3.362s][info][gc,start      ] GC(75) Pause Young (Concurrent Start) (G1 Humongous Allocation)
[3.362s][info][gc,task       ] GC(75) Using 13 workers of 13 for evacuation
[3.364s][info][gc,phases     ] GC(75)   Pre Evacuate Collection Set: 0.0ms
[3.364s][info][gc,phases     ] GC(75)   Evacuate Collection Set: 1.3ms
[3.364s][info][gc,phases     ] GC(75)   Post Evacuate Collection Set: 0.2ms
[3.364s][info][gc,phases     ] GC(75)   Other: 0.1ms
[3.364s][info][gc,heap       ] GC(75) Eden regions: 13->0(455)
[3.364s][info][gc,heap       ] GC(75) Survivor regions: 28->31(61)
[3.364s][info][gc,heap       ] GC(75) Old regions: 1408->1408
[3.364s][info][gc,heap       ] GC(75) Humongous regions: 127->123
[3.364s][info][gc,metaspace  ] GC(75) Metaspace: 6876K(7168K)->6876K(7168K) NonClass: 6286K(6400K)->6286K(6400K) Class: 589K(768K)->589K(768K)
[3.364s][info][gc            ] GC(75) Pause Young (Concurrent Start) (G1 Humongous Allocation) 1574M->1560M(3068M) 1.690ms
[3.364s][info][gc,cpu        ] GC(75) User=0.06s Sys=0.06s Real=0.00s
[3.364s][info][gc            ] GC(76) Concurrent Cycle
[3.364s][info][gc,marking    ] GC(76) Concurrent Clear Claimed Marks
[3.364s][info][gc,marking    ] GC(76) Concurrent Clear Claimed Marks 0.010ms
[3.364s][info][gc,marking    ] GC(76) Concurrent Scan Root Regions
[3.364s][info][gc,marking    ] GC(76) Concurrent Scan Root Regions 0.032ms
[3.364s][info][gc,marking    ] GC(76) Concurrent Mark (3.364s)
[3.364s][info][gc,marking    ] GC(76) Concurrent Mark From Roots
[3.364s][info][gc,task       ] GC(76) Using 3 workers of 3 for marking
[3.366s][info][gc,marking    ] GC(76) Concurrent Mark From Roots 1.918ms
[3.366s][info][gc,marking    ] GC(76) Concurrent Preclean
[3.366s][info][gc,marking    ] GC(76) Concurrent Preclean 0.061ms
[3.366s][info][gc,marking    ] GC(76) Concurrent Mark (3.364s, 3.366s) 2.025ms
[3.366s][info][gc,start      ] GC(76) Pause Remark
[3.366s][info][gc,stringtable] GC(76) Cleaned string and symbol table, strings: 2628 processed, 0 removed, symbols: 25756 processed, 0 removed
[3.366s][info][gc            ] GC(76) Pause Remark 1568M->1568M(3068M) 0.465ms
[3.366s][info][gc,cpu        ] GC(76) User=0.00s Sys=0.00s Real=0.00s
[3.366s][info][gc,marking    ] GC(76) Concurrent Rebuild Remembered Sets
[3.368s][info][gc,marking    ] GC(76) Concurrent Rebuild Remembered Sets 1.348ms
[3.368s][info][gc,start      ] GC(76) Pause Cleanup
[3.368s][info][gc            ] GC(76) Pause Cleanup 1572M->1572M(3068M) 0.271ms
[3.368s][info][gc,cpu        ] GC(76) User=0.00s Sys=0.00s Real=0.00s
[3.368s][info][gc,marking    ] GC(76) Concurrent Cleanup for Next Mark
[3.369s][info][gc,marking    ] GC(76) Concurrent Cleanup for Next Mark 1.043ms
[3.369s][info][gc            ] GC(76) Concurrent Cycle 5.452ms
[3.376s][info][gc,start      ] GC(77) Pause Young (Concurrent Start) (G1 Humongous Allocation)
[3.376s][info][gc,task       ] GC(77) Using 13 workers of 13 for evacuation
[3.378s][info][gc,phases     ] GC(77)   Pre Evacuate Collection Set: 0.0ms
[3.378s][info][gc,phases     ] GC(77)   Evacuate Collection Set: 1.8ms
[3.378s][info][gc,phases     ] GC(77)   Post Evacuate Collection Set: 0.1ms
[3.378s][info][gc,phases     ] GC(77)   Other: 0.1ms
[3.378s][info][gc,heap       ] GC(77) Eden regions: 36->0(495)
[3.378s][info][gc,heap       ] GC(77) Survivor regions: 31->37(61)
[3.378s][info][gc,heap       ] GC(77) Old regions: 1408->1408
[3.378s][info][gc,heap       ] GC(77) Humongous regions: 124->123
[3.378s][info][gc,metaspace  ] GC(77) Metaspace: 6876K(7168K)->6876K(7168K) NonClass: 6286K(6400K)->6286K(6400K) Class: 589K(768K)->589K(768K)
[3.378s][info][gc            ] GC(77) Pause Young (Concurrent Start) (G1 Humongous Allocation) 1596M->1567M(3068M) 2.180ms
[3.378s][info][gc,cpu        ] GC(77) User=0.00s Sys=0.17s Real=0.00s
[3.378s][info][gc            ] GC(78) Concurrent Cycle
[3.378s][info][gc,marking    ] GC(78) Concurrent Clear Claimed Marks
[3.378s][info][gc,marking    ] GC(78) Concurrent Clear Claimed Marks 0.012ms
[3.378s][info][gc,marking    ] GC(78) Concurrent Scan Root Regions
[3.378s][info][gc,marking    ] GC(78) Concurrent Scan Root Regions 0.042ms
[3.378s][info][gc,marking    ] GC(78) Concurrent Mark (3.378s)
[3.378s][info][gc,marking    ] GC(78) Concurrent Mark From Roots
[3.379s][info][gc,task       ] GC(78) Using 3 workers of 3 for marking
[3.381s][info][gc,marking    ] GC(78) Concurrent Mark From Roots 2.354ms
[3.381s][info][gc,marking    ] GC(78) Concurrent Preclean
[3.381s][info][gc,marking    ] GC(78) Concurrent Preclean 0.066ms
[3.381s][info][gc,marking    ] GC(78) Concurrent Mark (3.378s, 3.381s) 2.462ms
[3.381s][info][gc,start      ] GC(78) Pause Remark
[3.381s][info][gc,stringtable] GC(78) Cleaned string and symbol table, strings: 2628 processed, 0 removed, symbols: 25756 processed, 0 removed
[3.382s][info][gc            ] GC(78) Pause Remark 1576M->1576M(3068M) 0.510ms
[3.382s][info][gc,cpu        ] GC(78) User=0.00s Sys=0.00s Real=0.00s
[3.382s][info][gc,marking    ] GC(78) Concurrent Rebuild Remembered Sets
[3.383s][info][gc,marking    ] GC(78) Concurrent Rebuild Remembered Sets 1.419ms
[3.383s][info][gc,start      ] GC(78) Pause Cleanup
[3.383s][info][gc            ] GC(78) Pause Cleanup 1579M->1579M(3068M) 0.268ms
[3.383s][info][gc,cpu        ] GC(78) User=0.00s Sys=0.00s Real=0.00s
[3.383s][info][gc,marking    ] GC(78) Concurrent Cleanup for Next Mark
[3.385s][info][gc,marking    ] GC(78) Concurrent Cleanup for Next Mark 1.212ms
[3.385s][info][gc            ] GC(78) Concurrent Cycle 6.217ms
[3.394s][info][gc,start      ] GC(79) Pause Young (Concurrent Start) (G1 Humongous Allocation)
[3.394s][info][gc,task       ] GC(79) Using 13 workers of 13 for evacuation
[3.397s][info][gc,phases     ] GC(79)   Pre Evacuate Collection Set: 0.1ms
[3.397s][info][gc,phases     ] GC(79)   Evacuate Collection Set: 2.1ms
[3.397s][info][gc,phases     ] GC(79)   Post Evacuate Collection Set: 0.2ms
[3.397s][info][gc,phases     ] GC(79)   Other: 0.1ms
[3.397s][info][gc,heap       ] GC(79) Eden regions: 43->0(540)
[3.397s][info][gc,heap       ] GC(79) Survivor regions: 37->46(67)
[3.397s][info][gc,heap       ] GC(79) Old regions: 1408->1408
[3.397s][info][gc,heap       ] GC(79) Humongous regions: 125->123
[3.397s][info][gc,metaspace  ] GC(79) Metaspace: 6876K(7168K)->6876K(7168K) NonClass: 6286K(6400K)->6286K(6400K) Class: 589K(768K)->589K(768K)
[3.397s][info][gc            ] GC(79) Pause Young (Concurrent Start) (G1 Humongous Allocation) 1611M->1575M(3068M) 2.529ms
[3.397s][info][gc,cpu        ] GC(79) User=0.00s Sys=0.00s Real=0.00s
[3.397s][info][gc            ] GC(80) Concurrent Cycle
[3.397s][info][gc,marking    ] GC(80) Concurrent Clear Claimed Marks
[3.397s][info][gc,marking    ] GC(80) Concurrent Clear Claimed Marks 0.010ms
[3.397s][info][gc,marking    ] GC(80) Concurrent Scan Root Regions
[3.397s][info][gc,marking    ] GC(80) Concurrent Scan Root Regions 0.042ms
[3.397s][info][gc,marking    ] GC(80) Concurrent Mark (3.397s)
[3.397s][info][gc,marking    ] GC(80) Concurrent Mark From Roots
[3.397s][info][gc,task       ] GC(80) Using 3 workers of 3 for marking
[3.399s][info][gc,marking    ] GC(80) Concurrent Mark From Roots 2.262ms
[3.399s][info][gc,marking    ] GC(80) Concurrent Preclean
[3.399s][info][gc,marking    ] GC(80) Concurrent Preclean 0.066ms
[3.399s][info][gc,marking    ] GC(80) Concurrent Mark (3.397s, 3.399s) 2.371ms
[3.399s][info][gc,start      ] GC(80) Pause Remark
[3.400s][info][gc,stringtable] GC(80) Cleaned string and symbol table, strings: 2628 processed, 0 removed, symbols: 25756 processed, 0 removed
[3.400s][info][gc            ] GC(80) Pause Remark 1583M->1583M(3068M) 0.368ms
[3.400s][info][gc,cpu        ] GC(80) User=0.00s Sys=0.00s Real=0.00s
[3.400s][info][gc,marking    ] GC(80) Concurrent Rebuild Remembered Sets
[3.401s][info][gc,marking    ] GC(80) Concurrent Rebuild Remembered Sets 1.483ms
[3.401s][info][gc,start      ] GC(80) Pause Cleanup
[3.402s][info][gc            ] GC(80) Pause Cleanup 1589M->1589M(3068M) 0.275ms
[3.402s][info][gc,cpu        ] GC(80) User=0.00s Sys=0.00s Real=0.00s
[3.402s][info][gc,marking    ] GC(80) Concurrent Cleanup for Next Mark
[3.403s][info][gc,marking    ] GC(80) Concurrent Cleanup for Next Mark 1.168ms
[3.403s][info][gc            ] GC(80) Concurrent Cycle 5.999ms
[3.404s][info][gc,start      ] GC(81) Pause Young (Concurrent Start) (G1 Humongous Allocation)
[3.404s][info][gc,task       ] GC(81) Using 13 workers of 13 for evacuation
[3.408s][info][gc,phases     ] GC(81)   Pre Evacuate Collection Set: 0.0ms
[3.408s][info][gc,phases     ] GC(81)   Evacuate Collection Set: 1.9ms
[3.408s][info][gc,phases     ] GC(81)   Post Evacuate Collection Set: 1.6ms
[3.408s][info][gc,phases     ] GC(81)   Other: 0.1ms
[3.408s][info][gc,heap       ] GC(81) Eden regions: 16->0(700)
[3.408s][info][gc,heap       ] GC(81) Survivor regions: 46->42(74)
[3.408s][info][gc,heap       ] GC(81) Old regions: 1408->1412
[3.408s][info][gc,heap       ] GC(81) Humongous regions: 126->124
[3.408s][info][gc,metaspace  ] GC(81) Metaspace: 6876K(7168K)->6876K(7168K) NonClass: 6286K(6400K)->6286K(6400K) Class: 589K(768K)->589K(768K)
[3.408s][info][gc            ] GC(81) Pause Young (Concurrent Start) (G1 Humongous Allocation) 1594M->1577M(3281M) 3.703ms
[3.408s][info][gc,cpu        ] GC(81) User=0.00s Sys=0.00s Real=0.00s
[3.408s][info][gc            ] GC(82) Concurrent Cycle
[3.408s][info][gc,marking    ] GC(82) Concurrent Clear Claimed Marks
[3.408s][info][gc,marking    ] GC(82) Concurrent Clear Claimed Marks 0.011ms
[3.408s][info][gc,marking    ] GC(82) Concurrent Scan Root Regions
[3.408s][info][gc,marking    ] GC(82) Concurrent Scan Root Regions 0.042ms
[3.408s][info][gc,marking    ] GC(82) Concurrent Mark (3.408s)
[3.408s][info][gc,marking    ] GC(82) Concurrent Mark From Roots
[3.408s][info][gc,task       ] GC(82) Using 3 workers of 3 for marking
[3.410s][info][gc,marking    ] GC(82) Concurrent Mark From Roots 1.984ms
[3.410s][info][gc,marking    ] GC(82) Concurrent Preclean
[3.410s][info][gc,marking    ] GC(82) Concurrent Preclean 0.082ms
[3.410s][info][gc,marking    ] GC(82) Concurrent Mark (3.408s, 3.410s) 2.112ms
[3.410s][info][gc,start      ] GC(82) Pause Remark
[3.410s][info][gc,stringtable] GC(82) Cleaned string and symbol table, strings: 2628 processed, 0 removed, symbols: 25756 processed, 0 removed
[3.410s][info][gc            ] GC(82) Pause Remark 1582M->1582M(3281M) 0.411ms
[3.410s][info][gc,cpu        ] GC(82) User=0.00s Sys=0.00s Real=0.00s
[3.410s][info][gc,marking    ] GC(82) Concurrent Rebuild Remembered Sets
[3.412s][info][gc,marking    ] GC(82) Concurrent Rebuild Remembered Sets 1.493ms
[3.412s][info][gc,start      ] GC(82) Pause Cleanup
[3.412s][info][gc            ] GC(82) Pause Cleanup 1584M->1584M(3281M) 0.254ms
[3.412s][info][gc,cpu        ] GC(82) User=0.00s Sys=0.00s Real=0.00s
[3.412s][info][gc,marking    ] GC(82) Concurrent Cleanup for Next Mark
[3.413s][info][gc,marking    ] GC(82) Concurrent Cleanup for Next Mark 1.134ms
[3.413s][info][gc            ] GC(82) Concurrent Cycle 5.730ms
[3.414s][info][gc,start      ] GC(83) Pause Young (Concurrent Start) (G1 Humongous Allocation)
[3.414s][info][gc,task       ] GC(83) Using 13 workers of 13 for evacuation
[3.417s][info][gc,phases     ] GC(83)   Pre Evacuate Collection Set: 0.0ms
[3.417s][info][gc,phases     ] GC(83)   Evacuate Collection Set: 3.3ms
[3.417s][info][gc,phases     ] GC(83)   Post Evacuate Collection Set: 0.1ms
[3.417s][info][gc,phases     ] GC(83)   Other: 0.1ms
[3.417s][info][gc,heap       ] GC(83) Eden regions: 8->0(714)
[3.417s][info][gc,heap       ] GC(83) Survivor regions: 42->45(93)
[3.417s][info][gc,heap       ] GC(83) Old regions: 1412->1412
[3.417s][info][gc,heap       ] GC(83) Humongous regions: 125->124
[3.417s][info][gc,metaspace  ] GC(83) Metaspace: 6876K(7168K)->6876K(7168K) NonClass: 6286K(6400K)->6286K(6400K) Class: 589K(768K)->589K(768K)
[3.417s][info][gc            ] GC(83) Pause Young (Concurrent Start) (G1 Humongous Allocation) 1585M->1580M(3281M) 3.638ms
[3.417s][info][gc,cpu        ] GC(83) User=0.00s Sys=0.00s Real=0.00s
[3.417s][info][gc            ] GC(84) Concurrent Cycle
[3.417s][info][gc,marking    ] GC(84) Concurrent Clear Claimed Marks
[3.417s][info][gc,marking    ] GC(84) Concurrent Clear Claimed Marks 0.010ms
[3.417s][info][gc,marking    ] GC(84) Concurrent Scan Root Regions
[3.417s][info][gc,marking    ] GC(84) Concurrent Scan Root Regions 0.034ms
[3.417s][info][gc,marking    ] GC(84) Concurrent Mark (3.417s)
[3.417s][info][gc,marking    ] GC(84) Concurrent Mark From Roots
[3.417s][info][gc,task       ] GC(84) Using 3 workers of 3 for marking
[3.419s][info][gc,marking    ] GC(84) Concurrent Mark From Roots 1.809ms
[3.419s][info][gc,marking    ] GC(84) Concurrent Preclean
[3.419s][info][gc,marking    ] GC(84) Concurrent Preclean 0.091ms
[3.419s][info][gc,marking    ] GC(84) Concurrent Mark (3.417s, 3.419s) 1.935ms
[3.419s][info][gc,start      ] GC(84) Pause Remark
[3.420s][info][gc,stringtable] GC(84) Cleaned string and symbol table, strings: 2628 processed, 0 removed, symbols: 25756 processed, 0 removed
[3.420s][info][gc            ] GC(84) Pause Remark 1587M->1587M(3281M) 0.471ms
[3.420s][info][gc,cpu        ] GC(84) User=0.00s Sys=0.00s Real=0.00s
[3.420s][info][gc,marking    ] GC(84) Concurrent Rebuild Remembered Sets
[3.421s][info][gc,marking    ] GC(84) Concurrent Rebuild Remembered Sets 1.374ms
[3.421s][info][gc,start      ] GC(84) Pause Cleanup
[3.422s][info][gc            ] GC(84) Pause Cleanup 1590M->1590M(3281M) 0.305ms
[3.422s][info][gc,cpu        ] GC(84) User=0.00s Sys=0.00s Real=0.00s
[3.422s][info][gc,marking    ] GC(84) Concurrent Cleanup for Next Mark
[3.423s][info][gc,marking    ] GC(84) Concurrent Cleanup for Next Mark 1.107ms
[3.423s][info][gc            ] GC(84) Concurrent Cycle 5.510ms
[3.426s][info][gc,start      ] GC(85) Pause Young (Concurrent Start) (G1 Humongous Allocation)
[3.426s][info][gc,task       ] GC(85) Using 13 workers of 13 for evacuation
[3.430s][info][gc,phases     ] GC(85)   Pre Evacuate Collection Set: 0.0ms
[3.430s][info][gc,phases     ] GC(85)   Evacuate Collection Set: 3.8ms
[3.430s][info][gc,phases     ] GC(85)   Post Evacuate Collection Set: 0.1ms
[3.430s][info][gc,phases     ] GC(85)   Other: 0.1ms
[3.430s][info][gc,heap       ] GC(85) Eden regions: 18->0(583)
[3.430s][info][gc,heap       ] GC(85) Survivor regions: 45->48(95)
[3.430s][info][gc,heap       ] GC(85) Old regions: 1412->1412
[3.430s][info][gc,heap       ] GC(85) Humongous regions: 125->124
[3.430s][info][gc,metaspace  ] GC(85) Metaspace: 6876K(7168K)->6876K(7168K) NonClass: 6286K(6400K)->6286K(6400K) Class: 589K(768K)->589K(768K)
[3.430s][info][gc            ] GC(85) Pause Young (Concurrent Start) (G1 Humongous Allocation) 1599M->1582M(3281M) 4.191ms
[3.430s][info][gc,cpu        ] GC(85) User=0.00s Sys=0.00s Real=0.00s
[3.430s][info][gc            ] GC(86) Concurrent Cycle
[3.430s][info][gc,marking    ] GC(86) Concurrent Clear Claimed Marks
[3.430s][info][gc,marking    ] GC(86) Concurrent Clear Claimed Marks 0.010ms
[3.430s][info][gc,marking    ] GC(86) Concurrent Scan Root Regions
[3.430s][info][gc,marking    ] GC(86) Concurrent Scan Root Regions 0.037ms
[3.430s][info][gc,marking    ] GC(86) Concurrent Mark (3.430s)
[3.430s][info][gc,marking    ] GC(86) Concurrent Mark From Roots
[3.430s][info][gc,task       ] GC(86) Using 3 workers of 3 for marking
[3.432s][info][gc,marking    ] GC(86) Concurrent Mark From Roots 1.808ms
[3.432s][info][gc,marking    ] GC(86) Concurrent Preclean
[3.432s][info][gc,marking    ] GC(86) Concurrent Preclean 0.092ms
[3.432s][info][gc,marking    ] GC(86) Concurrent Mark (3.430s, 3.432s) 1.952ms
[3.432s][info][gc,start      ] GC(86) Pause Remark
[3.433s][info][gc,stringtable] GC(86) Cleaned string and symbol table, strings: 2628 processed, 0 removed, symbols: 25756 processed, 0 removed
[3.433s][info][gc            ] GC(86) Pause Remark 1589M->1589M(3281M) 0.461ms
[3.433s][info][gc,cpu        ] GC(86) User=0.00s Sys=0.00s Real=0.00s
[3.433s][info][gc,marking    ] GC(86) Concurrent Rebuild Remembered Sets
[3.434s][info][gc,marking    ] GC(86) Concurrent Rebuild Remembered Sets 1.321ms
[3.434s][info][gc,start      ] GC(86) Pause Cleanup
[3.435s][info][gc            ] GC(86) Pause Cleanup 1593M->1593M(3281M) 0.259ms
[3.435s][info][gc,cpu        ] GC(86) User=0.00s Sys=0.00s Real=0.00s
[3.435s][info][gc,marking    ] GC(86) Concurrent Cleanup for Next Mark
[3.436s][info][gc,marking    ] GC(86) Concurrent Cleanup for Next Mark 1.150ms
[3.436s][info][gc            ] GC(86) Concurrent Cycle 5.470ms
[3.443s][info][gc,start      ] GC(87) Pause Young (Concurrent Start) (G1 Humongous Allocation)
[3.443s][info][gc,task       ] GC(87) Using 13 workers of 13 for evacuation
[3.446s][info][gc,phases     ] GC(87)   Pre Evacuate Collection Set: 0.0ms
[3.446s][info][gc,phases     ] GC(87)   Evacuate Collection Set: 3.0ms
[3.446s][info][gc,phases     ] GC(87)   Post Evacuate Collection Set: 0.1ms
[3.446s][info][gc,phases     ] GC(87)   Other: 0.1ms
[3.446s][info][gc,heap       ] GC(87) Eden regions: 31->0(608)
[3.446s][info][gc,heap       ] GC(87) Survivor regions: 48->47(79)
[3.446s][info][gc,heap       ] GC(87) Old regions: 1412->1420
[3.446s][info][gc,heap       ] GC(87) Humongous regions: 125->124
[3.446s][info][gc,metaspace  ] GC(87) Metaspace: 6876K(7168K)->6876K(7168K) NonClass: 6286K(6400K)->6286K(6400K) Class: 589K(768K)->589K(768K)
[3.446s][info][gc            ] GC(87) Pause Young (Concurrent Start) (G1 Humongous Allocation) 1614M->1590M(3281M) 3.395ms
[3.446s][info][gc,cpu        ] GC(87) User=0.00s Sys=0.00s Real=0.00s
[3.446s][info][gc            ] GC(88) Concurrent Cycle
[3.446s][info][gc,marking    ] GC(88) Concurrent Clear Claimed Marks
[3.446s][info][gc,marking    ] GC(88) Concurrent Clear Claimed Marks 0.013ms
[3.446s][info][gc,marking    ] GC(88) Concurrent Scan Root Regions
[3.446s][info][gc,marking    ] GC(88) Concurrent Scan Root Regions 0.040ms
[3.446s][info][gc,marking    ] GC(88) Concurrent Mark (3.446s)
[3.446s][info][gc,marking    ] GC(88) Concurrent Mark From Roots
[3.446s][info][gc,task       ] GC(88) Using 3 workers of 3 for marking
[3.448s][info][gc,marking    ] GC(88) Concurrent Mark From Roots 1.910ms
[3.448s][info][gc,marking    ] GC(88) Concurrent Preclean
[3.448s][info][gc,marking    ] GC(88) Concurrent Preclean 0.061ms
[3.448s][info][gc,marking    ] GC(88) Concurrent Mark (3.446s, 3.448s) 1.996ms
[3.449s][info][gc,start      ] GC(88) Pause Remark
[3.449s][info][gc,stringtable] GC(88) Cleaned string and symbol table, strings: 2628 processed, 0 removed, symbols: 25756 processed, 0 removed
[3.449s][info][gc            ] GC(88) Pause Remark 1596M->1596M(3281M) 0.511ms
[3.449s][info][gc,cpu        ] GC(88) User=0.00s Sys=0.00s Real=0.00s
[3.449s][info][gc,marking    ] GC(88) Concurrent Rebuild Remembered Sets
[3.450s][info][gc,marking    ] GC(88) Concurrent Rebuild Remembered Sets 1.358ms
[3.450s][info][gc,start      ] GC(88) Pause Cleanup
[3.451s][info][gc            ] GC(88) Pause Cleanup 1600M->1600M(3281M) 0.254ms
[3.451s][info][gc,cpu        ] GC(88) User=0.00s Sys=0.00s Real=0.00s
[3.451s][info][gc,marking    ] GC(88) Concurrent Cleanup for Next Mark
[3.452s][info][gc,marking    ] GC(88) Concurrent Cleanup for Next Mark 1.115ms
[3.452s][info][gc            ] GC(88) Concurrent Cycle 5.532ms
[3.457s][info][gc,start      ] GC(89) Pause Young (Concurrent Start) (G1 Humongous Allocation)
[3.457s][info][gc,task       ] GC(89) Using 13 workers of 13 for evacuation
[3.462s][info][gc,phases     ] GC(89)   Pre Evacuate Collection Set: 0.0ms
[3.462s][info][gc,phases     ] GC(89)   Evacuate Collection Set: 2.3ms
[3.462s][info][gc,phases     ] GC(89)   Post Evacuate Collection Set: 2.4ms
[3.462s][info][gc,phases     ] GC(89)   Other: 0.1ms
[3.462s][info][gc,heap       ] GC(89) Eden regions: 26->0(751)
[3.462s][info][gc,heap       ] GC(89) Survivor regions: 47->47(82)
[3.462s][info][gc,heap       ] GC(89) Old regions: 1420->1425
[3.462s][info][gc,heap       ] GC(89) Humongous regions: 125->124
[3.462s][info][gc,metaspace  ] GC(89) Metaspace: 6876K(7168K)->6876K(7168K) NonClass: 6286K(6400K)->6286K(6400K) Class: 589K(768K)->589K(768K)
[3.462s][info][gc            ] GC(89) Pause Young (Concurrent Start) (G1 Humongous Allocation) 1617M->1595M(3607M) 4.999ms
[3.462s][info][gc,cpu        ] GC(89) User=0.00s Sys=0.00s Real=0.00s
[3.462s][info][gc            ] GC(90) Concurrent Cycle
[3.462s][info][gc,marking    ] GC(90) Concurrent Clear Claimed Marks
[3.462s][info][gc,marking    ] GC(90) Concurrent Clear Claimed Marks 0.015ms
[3.462s][info][gc,marking    ] GC(90) Concurrent Scan Root Regions
[3.462s][info][gc,marking    ] GC(90) Concurrent Scan Root Regions 0.051ms
[3.462s][info][gc,marking    ] GC(90) Concurrent Mark (3.462s)
[3.462s][info][gc,marking    ] GC(90) Concurrent Mark From Roots
[3.462s][info][gc,task       ] GC(90) Using 3 workers of 3 for marking
[3.464s][info][gc,marking    ] GC(90) Concurrent Mark From Roots 1.977ms
[3.464s][info][gc,marking    ] GC(90) Concurrent Preclean
[3.464s][info][gc,marking    ] GC(90) Concurrent Preclean 0.062ms
[3.464s][info][gc,marking    ] GC(90) Concurrent Mark (3.462s, 3.464s) 2.082ms
[3.464s][info][gc,start      ] GC(90) Pause Remark
[3.464s][info][gc,stringtable] GC(90) Cleaned string and symbol table, strings: 2628 processed, 0 removed, symbols: 25756 processed, 0 removed
[3.464s][info][gc            ] GC(90) Pause Remark 1600M->1600M(3607M) 0.481ms
[3.464s][info][gc,cpu        ] GC(90) User=0.00s Sys=0.00s Real=0.00s
[3.464s][info][gc,marking    ] GC(90) Concurrent Rebuild Remembered Sets
[3.466s][info][gc,marking    ] GC(90) Concurrent Rebuild Remembered Sets 1.363ms
[3.466s][info][gc,start      ] GC(90) Pause Cleanup
[3.466s][info][gc            ] GC(90) Pause Cleanup 1605M->1605M(3607M) 0.283ms
[3.466s][info][gc,cpu        ] GC(90) User=0.00s Sys=0.00s Real=0.00s
[3.466s][info][gc,marking    ] GC(90) Concurrent Cleanup for Next Mark
[3.468s][info][gc,marking    ] GC(90) Concurrent Cleanup for Next Mark 1.293ms
[3.468s][info][gc            ] GC(90) Concurrent Cycle 5.874ms
[3.780s][info][gc,start      ] GC(91) Pause Young (Normal) (G1 Evacuation Pause)
[3.780s][info][gc,task       ] GC(91) Using 13 workers of 13 for evacuation
[3.789s][info][gc,phases     ] GC(91)   Pre Evacuate Collection Set: 0.1ms
[3.789s][info][gc,phases     ] GC(91)   Evacuate Collection Set: 8.7ms
[3.789s][info][gc,phases     ] GC(91)   Post Evacuate Collection Set: 0.4ms
[3.789s][info][gc,phases     ] GC(91)   Other: 0.2ms
[3.789s][info][gc,heap       ] GC(91) Eden regions: 751->0(742)
[3.789s][info][gc,heap       ] GC(91) Survivor regions: 47->100(100)
[3.789s][info][gc,heap       ] GC(91) Old regions: 1425->1512
[3.789s][info][gc,heap       ] GC(91) Humongous regions: 198->135
[3.789s][info][gc,metaspace  ] GC(91) Metaspace: 6876K(7168K)->6876K(7168K) NonClass: 6286K(6400K)->6286K(6400K) Class: 589K(768K)->589K(768K)
[3.789s][info][gc            ] GC(91) Pause Young (Normal) (G1 Evacuation Pause) 2420M->1746M(3607M) 9.575ms
[3.789s][info][gc,cpu        ] GC(91) User=0.05s Sys=0.06s Real=0.01s
[3.790s][info][gc,start      ] GC(92) Pause Young (Concurrent Start) (G1 Humongous Allocation)
[3.790s][info][gc,task       ] GC(92) Using 13 workers of 13 for evacuation
[3.795s][info][gc,phases     ] GC(92)   Pre Evacuate Collection Set: 0.1ms
[3.795s][info][gc,phases     ] GC(92)   Evacuate Collection Set: 4.9ms
[3.795s][info][gc,phases     ] GC(92)   Post Evacuate Collection Set: 0.2ms
[3.795s][info][gc,phases     ] GC(92)   Other: 0.1ms
[3.795s][info][gc,heap       ] GC(92) Eden regions: 1->0(613)
[3.795s][info][gc,heap       ] GC(92) Survivor regions: 100->56(106)
[3.795s][info][gc,heap       ] GC(92) Old regions: 1512->1557
[3.795s][info][gc,heap       ] GC(92) Humongous regions: 135->135
[3.795s][info][gc,metaspace  ] GC(92) Metaspace: 6876K(7168K)->6876K(7168K) NonClass: 6286K(6400K)->6286K(6400K) Class: 589K(768K)->589K(768K)
[3.795s][info][gc            ] GC(92) Pause Young (Concurrent Start) (G1 Humongous Allocation) 1747M->1747M(3607M) 5.369ms
[3.795s][info][gc,cpu        ] GC(92) User=0.00s Sys=0.00s Real=0.01s
[3.795s][info][gc            ] GC(93) Concurrent Cycle
[3.795s][info][gc,marking    ] GC(93) Concurrent Clear Claimed Marks
[3.795s][info][gc,marking    ] GC(93) Concurrent Clear Claimed Marks 0.011ms
[3.795s][info][gc,marking    ] GC(93) Concurrent Scan Root Regions
[3.795s][info][gc,marking    ] GC(93) Concurrent Scan Root Regions 0.056ms
[3.795s][info][gc,marking    ] GC(93) Concurrent Mark (3.795s)
[3.795s][info][gc,marking    ] GC(93) Concurrent Mark From Roots
[3.795s][info][gc,task       ] GC(93) Using 3 workers of 3 for marking
[3.799s][info][gc,marking    ] GC(93) Concurrent Mark From Roots 3.253ms
[3.799s][info][gc,marking    ] GC(93) Concurrent Preclean
[3.799s][info][gc,marking    ] GC(93) Concurrent Preclean 0.078ms
[3.799s][info][gc,marking    ] GC(93) Concurrent Mark (3.795s, 3.799s) 3.378ms
[3.799s][info][gc,start      ] GC(93) Pause Remark
[3.799s][info][gc,stringtable] GC(93) Cleaned string and symbol table, strings: 2628 processed, 0 removed, symbols: 25756 processed, 0 removed
[3.800s][info][gc            ] GC(93) Pause Remark 1757M->1757M(3607M) 0.602ms
[3.800s][info][gc,cpu        ] GC(93) User=0.20s Sys=0.00s Real=0.00s
[3.800s][info][gc,marking    ] GC(93) Concurrent Rebuild Remembered Sets
[3.801s][info][gc,marking    ] GC(93) Concurrent Rebuild Remembered Sets 1.698ms
[3.801s][info][gc,start      ] GC(93) Pause Cleanup
[3.802s][info][gc            ] GC(93) Pause Cleanup 1762M->1762M(3607M) 0.285ms
[3.802s][info][gc,cpu        ] GC(93) User=0.00s Sys=0.00s Real=0.00s
[3.802s][info][gc,marking    ] GC(93) Concurrent Cleanup for Next Mark
[3.803s][info][gc,marking    ] GC(93) Concurrent Cleanup for Next Mark 1.708ms
[3.803s][info][gc            ] GC(93) Concurrent Cycle 8.153ms
[3.804s][info][gc,start      ] GC(94) Pause Young (Concurrent Start) (G1 Humongous Allocation)
[3.804s][info][gc,task       ] GC(94) Using 13 workers of 13 for evacuation
[3.807s][info][gc,phases     ] GC(94)   Pre Evacuate Collection Set: 0.0ms
[3.807s][info][gc,phases     ] GC(94)   Evacuate Collection Set: 2.8ms
[3.807s][info][gc,phases     ] GC(94)   Post Evacuate Collection Set: 0.2ms
[3.807s][info][gc,phases     ] GC(94)   Other: 0.1ms
[3.807s][info][gc,heap       ] GC(94) Eden regions: 18->0(687)
[3.807s][info][gc,heap       ] GC(94) Survivor regions: 56->4(84)
[3.807s][info][gc,heap       ] GC(94) Old regions: 1557->1612
[3.807s][info][gc,heap       ] GC(94) Humongous regions: 136->135
[3.807s][info][gc,metaspace  ] GC(94) Metaspace: 6876K(7168K)->6876K(7168K) NonClass: 6286K(6400K)->6286K(6400K) Class: 589K(768K)->589K(768K)
[3.807s][info][gc            ] GC(94) Pause Young (Concurrent Start) (G1 Humongous Allocation) 1766M->1750M(3607M) 3.182ms
[3.807s][info][gc,cpu        ] GC(94) User=0.00s Sys=0.00s Real=0.00s
[3.807s][info][gc            ] GC(95) Concurrent Cycle
[3.807s][info][gc,marking    ] GC(95) Concurrent Clear Claimed Marks
[3.807s][info][gc,marking    ] GC(95) Concurrent Clear Claimed Marks 0.010ms
[3.807s][info][gc,marking    ] GC(95) Concurrent Scan Root Regions
[3.807s][info][gc,marking    ] GC(95) Concurrent Scan Root Regions 0.032ms
[3.807s][info][gc,marking    ] GC(95) Concurrent Mark (3.807s)
[3.807s][info][gc,marking    ] GC(95) Concurrent Mark From Roots
[3.807s][info][gc,task       ] GC(95) Using 3 workers of 3 for marking
[3.810s][info][gc,marking    ] GC(95) Concurrent Mark From Roots 2.756ms
[3.810s][info][gc,marking    ] GC(95) Concurrent Preclean
[3.810s][info][gc,marking    ] GC(95) Concurrent Preclean 0.082ms
[3.810s][info][gc,marking    ] GC(95) Concurrent Mark (3.807s, 3.810s) 2.885ms
[3.810s][info][gc,start      ] GC(95) Pause Remark
[3.810s][info][gc,stringtable] GC(95) Cleaned string and symbol table, strings: 2628 processed, 0 removed, symbols: 25756 processed, 0 removed
[3.810s][info][gc            ] GC(95) Pause Remark 1760M->1760M(3607M) 0.512ms
[3.810s][info][gc,cpu        ] GC(95) User=0.00s Sys=0.00s Real=0.00s
[3.810s][info][gc,marking    ] GC(95) Concurrent Rebuild Remembered Sets
[3.812s][info][gc,marking    ] GC(95) Concurrent Rebuild Remembered Sets 1.604ms
[3.812s][info][gc,start      ] GC(95) Pause Cleanup
[3.813s][info][gc            ] GC(95) Pause Cleanup 1765M->1765M(3607M) 0.345ms
[3.813s][info][gc,cpu        ] GC(95) User=0.00s Sys=0.00s Real=0.00s
[3.813s][info][gc,marking    ] GC(95) Concurrent Cleanup for Next Mark
[3.814s][info][gc,marking    ] GC(95) Concurrent Cleanup for Next Mark 1.566ms
[3.814s][info][gc            ] GC(95) Concurrent Cycle 7.275ms
[3.815s][info][gc,start      ] GC(96) Pause Young (Concurrent Start) (G1 Humongous Allocation)
[3.815s][info][gc,task       ] GC(96) Using 13 workers of 13 for evacuation
[3.816s][info][gc,phases     ] GC(96)   Pre Evacuate Collection Set: 0.0ms
[3.816s][info][gc,phases     ] GC(96)   Evacuate Collection Set: 0.4ms
[3.816s][info][gc,phases     ] GC(96)   Post Evacuate Collection Set: 0.1ms
[3.816s][info][gc,phases     ] GC(96)   Other: 0.1ms
[3.816s][info][gc,heap       ] GC(96) Eden regions: 21->0(745)
[3.816s][info][gc,heap       ] GC(96) Survivor regions: 4->8(87)
[3.816s][info][gc,heap       ] GC(96) Old regions: 1612->1612
[3.816s][info][gc,heap       ] GC(96) Humongous regions: 137->135
[3.816s][info][gc,metaspace  ] GC(96) Metaspace: 6876K(7168K)->6876K(7168K) NonClass: 6286K(6400K)->6286K(6400K) Class: 589K(768K)->589K(768K)
[3.816s][info][gc            ] GC(96) Pause Young (Concurrent Start) (G1 Humongous Allocation) 1772M->1754M(3607M) 0.742ms
[3.816s][info][gc,cpu        ] GC(96) User=0.00s Sys=0.00s Real=0.00s
[3.816s][info][gc            ] GC(97) Concurrent Cycle
[3.816s][info][gc,marking    ] GC(97) Concurrent Clear Claimed Marks
[3.816s][info][gc,marking    ] GC(97) Concurrent Clear Claimed Marks 0.012ms
[3.816s][info][gc,marking    ] GC(97) Concurrent Scan Root Regions
[3.816s][info][gc,marking    ] GC(97) Concurrent Scan Root Regions 0.036ms
[3.816s][info][gc,marking    ] GC(97) Concurrent Mark (3.816s)
[3.816s][info][gc,marking    ] GC(97) Concurrent Mark From Roots
[3.816s][info][gc,task       ] GC(97) Using 3 workers of 3 for marking
[3.818s][info][gc,marking    ] GC(97) Concurrent Mark From Roots 2.228ms
[3.818s][info][gc,marking    ] GC(97) Concurrent Preclean
[3.819s][info][gc,marking    ] GC(97) Concurrent Preclean 0.079ms
[3.819s][info][gc,marking    ] GC(97) Concurrent Mark (3.816s, 3.819s) 2.356ms
[3.819s][info][gc,start      ] GC(97) Pause Remark
[3.819s][info][gc,stringtable] GC(97) Cleaned string and symbol table, strings: 2628 processed, 0 removed, symbols: 25756 processed, 0 removed
[3.819s][info][gc            ] GC(97) Pause Remark 1762M->1762M(3607M) 0.482ms
[3.819s][info][gc,cpu        ] GC(97) User=0.00s Sys=0.00s Real=0.00s
[3.819s][info][gc,marking    ] GC(97) Concurrent Rebuild Remembered Sets
[3.821s][info][gc,marking    ] GC(97) Concurrent Rebuild Remembered Sets 1.628ms
[3.821s][info][gc,start      ] GC(97) Pause Cleanup
[3.821s][info][gc            ] GC(97) Pause Cleanup 1767M->1767M(3607M) 0.333ms
[3.821s][info][gc,cpu        ] GC(97) User=0.00s Sys=0.00s Real=0.00s
[3.821s][info][gc,marking    ] GC(97) Concurrent Cleanup for Next Mark
[3.823s][info][gc,marking    ] GC(97) Concurrent Cleanup for Next Mark 1.526ms
[3.823s][info][gc            ] GC(97) Concurrent Cycle 6.699ms
[3.827s][info][gc,start      ] GC(98) Pause Young (Concurrent Start) (G1 Humongous Allocation)
[3.827s][info][gc,task       ] GC(98) Using 13 workers of 13 for evacuation
[3.828s][info][gc,phases     ] GC(98)   Pre Evacuate Collection Set: 0.0ms
[3.828s][info][gc,phases     ] GC(98)   Evacuate Collection Set: 0.6ms
[3.828s][info][gc,phases     ] GC(98)   Post Evacuate Collection Set: 0.2ms
[3.828s][info][gc,phases     ] GC(98)   Other: 0.1ms
[3.828s][info][gc,heap       ] GC(98) Eden regions: 29->0(630)
[3.828s][info][gc,heap       ] GC(98) Survivor regions: 8->14(95)
[3.828s][info][gc,heap       ] GC(98) Old regions: 1612->1612
[3.828s][info][gc,heap       ] GC(98) Humongous regions: 136->135
[3.828s][info][gc,metaspace  ] GC(98) Metaspace: 6876K(7168K)->6876K(7168K) NonClass: 6286K(6400K)->6286K(6400K) Class: 589K(768K)->589K(768K)
[3.828s][info][gc            ] GC(98) Pause Young (Concurrent Start) (G1 Humongous Allocation) 1783M->1760M(3607M) 1.007ms
[3.828s][info][gc,cpu        ] GC(98) User=0.00s Sys=0.00s Real=0.00s
[3.828s][info][gc            ] GC(99) Concurrent Cycle
[3.828s][info][gc,marking    ] GC(99) Concurrent Clear Claimed Marks
[3.828s][info][gc,marking    ] GC(99) Concurrent Clear Claimed Marks 0.010ms
[3.828s][info][gc,marking    ] GC(99) Concurrent Scan Root Regions
[3.828s][info][gc,marking    ] GC(99) Concurrent Scan Root Regions 0.032ms
[3.828s][info][gc,marking    ] GC(99) Concurrent Mark (3.828s)
[3.828s][info][gc,marking    ] GC(99) Concurrent Mark From Roots
[3.828s][info][gc,task       ] GC(99) Using 3 workers of 3 for marking
[3.830s][info][gc,marking    ] GC(99) Concurrent Mark From Roots 2.502ms
[3.830s][info][gc,marking    ] GC(99) Concurrent Preclean
[3.830s][info][gc,marking    ] GC(99) Concurrent Preclean 0.063ms
[3.830s][info][gc,marking    ] GC(99) Concurrent Mark (3.828s, 3.830s) 2.605ms
[3.831s][info][gc,start      ] GC(99) Pause Remark
[3.831s][info][gc,stringtable] GC(99) Cleaned string and symbol table, strings: 2628 processed, 0 removed, symbols: 25756 processed, 0 removed
[3.831s][info][gc            ] GC(99) Pause Remark 1769M->1769M(3607M) 0.482ms
[3.831s][info][gc,cpu        ] GC(99) User=0.00s Sys=0.00s Real=0.00s
[3.831s][info][gc,marking    ] GC(99) Concurrent Rebuild Remembered Sets
[3.833s][info][gc,marking    ] GC(99) Concurrent Rebuild Remembered Sets 1.612ms
[3.833s][info][gc,start      ] GC(99) Pause Cleanup
[3.833s][info][gc            ] GC(99) Pause Cleanup 1775M->1775M(3607M) 0.294ms
[3.833s][info][gc,cpu        ] GC(99) User=0.00s Sys=0.00s Real=0.00s
[3.833s][info][gc,marking    ] GC(99) Concurrent Cleanup for Next Mark
[3.835s][info][gc,marking    ] GC(99) Concurrent Cleanup for Next Mark 1.552ms
[3.835s][info][gc            ] GC(99) Concurrent Cycle 6.879ms
[3.843s][info][gc,start      ] GC(100) Pause Young (Concurrent Start) (G1 Humongous Allocation)
[3.843s][info][gc,task       ] GC(100) Using 13 workers of 13 for evacuation
[3.844s][info][gc,phases     ] GC(100)   Pre Evacuate Collection Set: 0.0ms
[3.844s][info][gc,phases     ] GC(100)   Evacuate Collection Set: 0.9ms
[3.844s][info][gc,phases     ] GC(100)   Post Evacuate Collection Set: 0.2ms
[3.844s][info][gc,phases     ] GC(100)   Other: 0.1ms
[3.844s][info][gc,heap       ] GC(100) Eden regions: 39->0(675)
[3.844s][info][gc,heap       ] GC(100) Survivor regions: 14->22(81)
[3.844s][info][gc,heap       ] GC(100) Old regions: 1612->1612
[3.844s][info][gc,heap       ] GC(100) Humongous regions: 138->135
[3.844s][info][gc,metaspace  ] GC(100) Metaspace: 6876K(7168K)->6876K(7168K) NonClass: 6286K(6400K)->6286K(6400K) Class: 589K(768K)->589K(768K)
[3.844s][info][gc            ] GC(100) Pause Young (Concurrent Start) (G1 Humongous Allocation) 1801M->1767M(3607M) 1.335ms
[3.844s][info][gc,cpu        ] GC(100) User=0.00s Sys=0.00s Real=0.00s
[3.844s][info][gc            ] GC(101) Concurrent Cycle
[3.844s][info][gc,marking    ] GC(101) Concurrent Clear Claimed Marks
[3.844s][info][gc,marking    ] GC(101) Concurrent Clear Claimed Marks 0.011ms
[3.844s][info][gc,marking    ] GC(101) Concurrent Scan Root Regions
[3.844s][info][gc,marking    ] GC(101) Concurrent Scan Root Regions 0.034ms
[3.844s][info][gc,marking    ] GC(101) Concurrent Mark (3.844s)
[3.844s][info][gc,marking    ] GC(101) Concurrent Mark From Roots
[3.844s][info][gc,task       ] GC(101) Using 3 workers of 3 for marking
[3.846s][info][gc,marking    ] GC(101) Concurrent Mark From Roots 2.364ms
[3.846s][info][gc,marking    ] GC(101) Concurrent Preclean
[3.846s][info][gc,marking    ] GC(101) Concurrent Preclean 0.062ms
[3.846s][info][gc,marking    ] GC(101) Concurrent Mark (3.844s, 3.846s) 2.468ms
[3.847s][info][gc,start      ] GC(101) Pause Remark
[3.847s][info][gc,stringtable] GC(101) Cleaned string and symbol table, strings: 2628 processed, 0 removed, symbols: 25756 processed, 0 removed
[3.847s][info][gc            ] GC(101) Pause Remark 1776M->1776M(3607M) 0.469ms
[3.847s][info][gc,cpu        ] GC(101) User=0.00s Sys=0.00s Real=0.00s
[3.847s][info][gc,marking    ] GC(101) Concurrent Rebuild Remembered Sets
[3.849s][info][gc,marking    ] GC(101) Concurrent Rebuild Remembered Sets 1.617ms
[3.849s][info][gc,start      ] GC(101) Pause Cleanup
[3.849s][info][gc            ] GC(101) Pause Cleanup 1781M->1781M(3607M) 0.315ms
[3.849s][info][gc,cpu        ] GC(101) User=0.00s Sys=0.00s Real=0.00s
[3.849s][info][gc,marking    ] GC(101) Concurrent Cleanup for Next Mark
[3.851s][info][gc,marking    ] GC(101) Concurrent Cleanup for Next Mark 1.427ms
[3.851s][info][gc            ] GC(101) Concurrent Cycle 6.612ms
[3.852s][info][gc,start      ] GC(102) Pause Young (Concurrent Start) (G1 Humongous Allocation)
[3.852s][info][gc,task       ] GC(102) Using 13 workers of 13 for evacuation
[3.854s][info][gc,phases     ] GC(102)   Pre Evacuate Collection Set: 0.0ms
[3.854s][info][gc,phases     ] GC(102)   Evacuate Collection Set: 1.1ms
[3.854s][info][gc,phases     ] GC(102)   Post Evacuate Collection Set: 0.2ms
[3.854s][info][gc,phases     ] GC(102)   Other: 0.1ms
[3.854s][info][gc,heap       ] GC(102) Eden regions: 21->0(744)
[3.854s][info][gc,heap       ] GC(102) Survivor regions: 22->26(88)
[3.854s][info][gc,heap       ] GC(102) Old regions: 1612->1612
[3.854s][info][gc,heap       ] GC(102) Humongous regions: 136->135
[3.854s][info][gc,metaspace  ] GC(102) Metaspace: 6876K(7168K)->6876K(7168K) NonClass: 6286K(6400K)->6286K(6400K) Class: 589K(768K)->589K(768K)
[3.854s][info][gc            ] GC(102) Pause Young (Concurrent Start) (G1 Humongous Allocation) 1789M->1772M(3607M) 1.524ms
[3.854s][info][gc,cpu        ] GC(102) User=0.00s Sys=0.00s Real=0.00s
[3.854s][info][gc            ] GC(103) Concurrent Cycle
[3.854s][info][gc,marking    ] GC(103) Concurrent Clear Claimed Marks
[3.854s][info][gc,marking    ] GC(103) Concurrent Clear Claimed Marks 0.010ms
[3.854s][info][gc,marking    ] GC(103) Concurrent Scan Root Regions
[3.854s][info][gc,marking    ] GC(103) Concurrent Scan Root Regions 0.031ms
[3.854s][info][gc,marking    ] GC(103) Concurrent Mark (3.854s)
[3.854s][info][gc,marking    ] GC(103) Concurrent Mark From Roots
[3.854s][info][gc,task       ] GC(103) Using 3 workers of 3 for marking
[3.856s][info][gc,marking    ] GC(103) Concurrent Mark From Roots 2.275ms
[3.856s][info][gc,marking    ] GC(103) Concurrent Preclean
[3.856s][info][gc,marking    ] GC(103) Concurrent Preclean 0.063ms
[3.856s][info][gc,marking    ] GC(103) Concurrent Mark (3.854s, 3.856s) 2.376ms
[3.856s][info][gc,start      ] GC(103) Pause Remark
[3.857s][info][gc,stringtable] GC(103) Cleaned string and symbol table, strings: 2628 processed, 0 removed, symbols: 25756 processed, 0 removed
[3.857s][info][gc            ] GC(103) Pause Remark 1781M->1781M(3607M) 0.430ms
[3.857s][info][gc,cpu        ] GC(103) User=0.00s Sys=0.00s Real=0.00s
[3.857s][info][gc,marking    ] GC(103) Concurrent Rebuild Remembered Sets
[3.858s][info][gc,marking    ] GC(103) Concurrent Rebuild Remembered Sets 1.548ms
[3.859s][info][gc,start      ] GC(103) Pause Cleanup
[3.859s][info][gc            ] GC(103) Pause Cleanup 1786M->1786M(3607M) 0.299ms
[3.859s][info][gc,cpu        ] GC(103) User=0.00s Sys=0.00s Real=0.00s
[3.859s][info][gc,marking    ] GC(103) Concurrent Cleanup for Next Mark
[3.860s][info][gc,marking    ] GC(103) Concurrent Cleanup for Next Mark 1.360ms
[3.860s][info][gc            ] GC(103) Concurrent Cycle 6.307ms
[3.868s][info][gc,start      ] GC(104) Pause Young (Concurrent Start) (G1 Humongous Allocation)
[3.868s][info][gc,task       ] GC(104) Using 13 workers of 13 for evacuation
[3.870s][info][gc,phases     ] GC(104)   Pre Evacuate Collection Set: 0.0ms
[3.870s][info][gc,phases     ] GC(104)   Evacuate Collection Set: 1.5ms
[3.870s][info][gc,phases     ] GC(104)   Post Evacuate Collection Set: 0.2ms
[3.870s][info][gc,phases     ] GC(104)   Other: 0.1ms
[3.870s][info][gc,heap       ] GC(104) Eden regions: 39->0(680)
[3.870s][info][gc,heap       ] GC(104) Survivor regions: 26->31(97)
[3.870s][info][gc,heap       ] GC(104) Old regions: 1612->1612
[3.870s][info][gc,heap       ] GC(104) Humongous regions: 137->136
[3.870s][info][gc,metaspace  ] GC(104) Metaspace: 6876K(7168K)->6876K(7168K) NonClass: 6286K(6400K)->6286K(6400K) Class: 589K(768K)->589K(768K)
[3.870s][info][gc            ] GC(104) Pause Young (Concurrent Start) (G1 Humongous Allocation) 1813M->1778M(3607M) 2.027ms
[3.870s][info][gc,cpu        ] GC(104) User=0.00s Sys=0.00s Real=0.00s
[3.870s][info][gc            ] GC(105) Concurrent Cycle
[3.870s][info][gc,marking    ] GC(105) Concurrent Clear Claimed Marks
[3.870s][info][gc,marking    ] GC(105) Concurrent Clear Claimed Marks 0.013ms
[3.870s][info][gc,marking    ] GC(105) Concurrent Scan Root Regions
[3.870s][info][gc,marking    ] GC(105) Concurrent Scan Root Regions 0.043ms
[3.870s][info][gc,marking    ] GC(105) Concurrent Mark (3.870s)
[3.870s][info][gc,marking    ] GC(105) Concurrent Mark From Roots
[3.870s][info][gc,task       ] GC(105) Using 3 workers of 3 for marking
[3.873s][info][gc,marking    ] GC(105) Concurrent Mark From Roots 2.377ms
[3.873s][info][gc,marking    ] GC(105) Concurrent Preclean
[3.873s][info][gc,marking    ] GC(105) Concurrent Preclean 0.080ms
[3.873s][info][gc,marking    ] GC(105) Concurrent Mark (3.870s, 3.873s) 2.497ms
[3.873s][info][gc,start      ] GC(105) Pause Remark
[3.873s][info][gc,stringtable] GC(105) Cleaned string and symbol table, strings: 2628 processed, 0 removed, symbols: 25756 processed, 0 removed
[3.873s][info][gc            ] GC(105) Pause Remark 1788M->1788M(3607M) 0.471ms
[3.873s][info][gc,cpu        ] GC(105) User=0.00s Sys=0.00s Real=0.00s
[3.873s][info][gc,marking    ] GC(105) Concurrent Rebuild Remembered Sets
[3.875s][info][gc,marking    ] GC(105) Concurrent Rebuild Remembered Sets 1.585ms
[3.875s][info][gc,start      ] GC(105) Pause Cleanup
[3.875s][info][gc            ] GC(105) Pause Cleanup 1793M->1793M(3607M) 0.313ms
[3.875s][info][gc,cpu        ] GC(105) User=0.00s Sys=0.00s Real=0.00s
[3.875s][info][gc,marking    ] GC(105) Concurrent Cleanup for Next Mark
[3.877s][info][gc,marking    ] GC(105) Concurrent Cleanup for Next Mark 1.436ms
[3.877s][info][gc            ] GC(105) Concurrent Cycle 6.627ms
[3.877s][info][gc,start      ] GC(106) Pause Young (Concurrent Start) (G1 Humongous Allocation)
[3.877s][info][gc,task       ] GC(106) Using 13 workers of 13 for evacuation
[3.879s][info][gc,phases     ] GC(106)   Pre Evacuate Collection Set: 0.0ms
[3.879s][info][gc,phases     ] GC(106)   Evacuate Collection Set: 1.6ms
[3.879s][info][gc,phases     ] GC(106)   Post Evacuate Collection Set: 0.2ms
[3.879s][info][gc,phases     ] GC(106)   Other: 0.1ms
[3.879s][info][gc,heap       ] GC(106) Eden regions: 16->0(623)
[3.879s][info][gc,heap       ] GC(106) Survivor regions: 31->35(89)
[3.879s][info][gc,heap       ] GC(106) Old regions: 1612->1612
[3.879s][info][gc,heap       ] GC(106) Humongous regions: 138->136
[3.879s][info][gc,metaspace  ] GC(106) Metaspace: 6876K(7168K)->6876K(7168K) NonClass: 6286K(6400K)->6286K(6400K) Class: 589K(768K)->589K(768K)
[3.879s][info][gc            ] GC(106) Pause Young (Concurrent Start) (G1 Humongous Allocation) 1796M->1782M(3607M) 2.001ms
[3.879s][info][gc,cpu        ] GC(106) User=0.11s Sys=0.09s Real=0.00s
[3.879s][info][gc            ] GC(107) Concurrent Cycle
[3.879s][info][gc,marking    ] GC(107) Concurrent Clear Claimed Marks
[3.879s][info][gc,marking    ] GC(107) Concurrent Clear Claimed Marks 0.010ms
[3.879s][info][gc,marking    ] GC(107) Concurrent Scan Root Regions
[3.879s][info][gc,marking    ] GC(107) Concurrent Scan Root Regions 0.038ms
[3.879s][info][gc,marking    ] GC(107) Concurrent Mark (3.879s)
[3.879s][info][gc,marking    ] GC(107) Concurrent Mark From Roots
[3.879s][info][gc,task       ] GC(107) Using 3 workers of 3 for marking
[3.881s][info][gc,marking    ] GC(107) Concurrent Mark From Roots 2.174ms
[3.881s][info][gc,marking    ] GC(107) Concurrent Preclean
[3.881s][info][gc,marking    ] GC(107) Concurrent Preclean 0.062ms
[3.881s][info][gc,marking    ] GC(107) Concurrent Mark (3.879s, 3.881s) 2.278ms
[3.881s][info][gc,start      ] GC(107) Pause Remark
[3.882s][info][gc,stringtable] GC(107) Cleaned string and symbol table, strings: 2628 processed, 0 removed, symbols: 25756 processed, 0 removed
[3.882s][info][gc            ] GC(107) Pause Remark 1790M->1790M(3607M) 0.474ms
[3.882s][info][gc,cpu        ] GC(107) User=0.00s Sys=0.00s Real=0.00s
[3.882s][info][gc,marking    ] GC(107) Concurrent Rebuild Remembered Sets
[3.883s][info][gc,marking    ] GC(107) Concurrent Rebuild Remembered Sets 1.546ms
[3.883s][info][gc,start      ] GC(107) Pause Cleanup
[3.884s][info][gc            ] GC(107) Pause Cleanup 1794M->1794M(3607M) 0.299ms
[3.884s][info][gc,cpu        ] GC(107) User=0.00s Sys=0.00s Real=0.00s
[3.884s][info][gc,marking    ] GC(107) Concurrent Cleanup for Next Mark
[3.885s][info][gc,marking    ] GC(107) Concurrent Cleanup for Next Mark 1.351ms
[3.885s][info][gc            ] GC(107) Concurrent Cycle 6.273ms
[3.891s][info][gc,start      ] GC(108) Pause Young (Concurrent Start) (G1 Humongous Allocation)
[3.891s][info][gc,task       ] GC(108) Using 13 workers of 13 for evacuation
[3.894s][info][gc,phases     ] GC(108)   Pre Evacuate Collection Set: 0.0ms
[3.894s][info][gc,phases     ] GC(108)   Evacuate Collection Set: 1.8ms
[3.894s][info][gc,phases     ] GC(108)   Post Evacuate Collection Set: 0.1ms
[3.894s][info][gc,phases     ] GC(108)   Other: 0.1ms
[3.894s][info][gc,heap       ] GC(108) Eden regions: 32->0(674)
[3.894s][info][gc,heap       ] GC(108) Survivor regions: 35->40(83)
[3.894s][info][gc,heap       ] GC(108) Old regions: 1612->1612
[3.894s][info][gc,heap       ] GC(108) Humongous regions: 138->137
[3.894s][info][gc,metaspace  ] GC(108) Metaspace: 6876K(7168K)->6876K(7168K) NonClass: 6286K(6400K)->6286K(6400K) Class: 589K(768K)->589K(768K)
[3.894s][info][gc            ] GC(108) Pause Young (Concurrent Start) (G1 Humongous Allocation) 1816M->1788M(3607M) 2.243ms
[3.894s][info][gc,cpu        ] GC(108) User=0.02s Sys=0.00s Real=0.00s
[3.894s][info][gc            ] GC(109) Concurrent Cycle
[3.894s][info][gc,marking    ] GC(109) Concurrent Clear Claimed Marks
[3.894s][info][gc,marking    ] GC(109) Concurrent Clear Claimed Marks 0.010ms
[3.894s][info][gc,marking    ] GC(109) Concurrent Scan Root Regions
[3.894s][info][gc,marking    ] GC(109) Concurrent Scan Root Regions 0.037ms
[3.894s][info][gc,marking    ] GC(109) Concurrent Mark (3.894s)
[3.894s][info][gc,marking    ] GC(109) Concurrent Mark From Roots
[3.894s][info][gc,task       ] GC(109) Using 3 workers of 3 for marking
[3.896s][info][gc,marking    ] GC(109) Concurrent Mark From Roots 2.236ms
[3.896s][info][gc,marking    ] GC(109) Concurrent Preclean
[3.896s][info][gc,marking    ] GC(109) Concurrent Preclean 0.084ms
[3.896s][info][gc,marking    ] GC(109) Concurrent Mark (3.894s, 3.896s) 2.371ms
[3.896s][info][gc,start      ] GC(109) Pause Remark
[3.897s][info][gc,stringtable] GC(109) Cleaned string and symbol table, strings: 2628 processed, 0 removed, symbols: 25756 processed, 0 removed
[3.897s][info][gc            ] GC(109) Pause Remark 1796M->1796M(3607M) 0.495ms
[3.897s][info][gc,cpu        ] GC(109) User=0.00s Sys=0.00s Real=0.00s
[3.897s][info][gc,marking    ] GC(109) Concurrent Rebuild Remembered Sets
[3.898s][info][gc,marking    ] GC(109) Concurrent Rebuild Remembered Sets 1.504ms
[3.898s][info][gc,start      ] GC(109) Pause Cleanup
[3.899s][info][gc            ] GC(109) Pause Cleanup 1801M->1801M(3607M) 0.285ms
[3.899s][info][gc,cpu        ] GC(109) User=0.00s Sys=0.00s Real=0.00s
[3.899s][info][gc,marking    ] GC(109) Concurrent Cleanup for Next Mark
[3.900s][info][gc,marking    ] GC(109) Concurrent Cleanup for Next Mark 1.325ms
[3.900s][info][gc            ] GC(109) Concurrent Cycle 6.311ms
[3.907s][info][gc,start      ] GC(110) Pause Young (Concurrent Start) (G1 Humongous Allocation)
[3.907s][info][gc,task       ] GC(110) Using 13 workers of 13 for evacuation
[3.909s][info][gc,phases     ] GC(110)   Pre Evacuate Collection Set: 0.0ms
[3.909s][info][gc,phases     ] GC(110)   Evacuate Collection Set: 2.1ms
[3.909s][info][gc,phases     ] GC(110)   Post Evacuate Collection Set: 0.2ms
[3.909s][info][gc,phases     ] GC(110)   Other: 0.1ms
[3.909s][info][gc,heap       ] GC(110) Eden regions: 34->0(664)
[3.909s][info][gc,heap       ] GC(110) Survivor regions: 40->46(90)
[3.909s][info][gc,heap       ] GC(110) Old regions: 1612->1612
[3.909s][info][gc,heap       ] GC(110) Humongous regions: 139->137
[3.909s][info][gc,metaspace  ] GC(110) Metaspace: 6876K(7168K)->6876K(7168K) NonClass: 6286K(6400K)->6286K(6400K) Class: 589K(768K)->589K(768K)
[3.909s][info][gc            ] GC(110) Pause Young (Concurrent Start) (G1 Humongous Allocation) 1824M->1794M(3607M) 2.560ms
[3.909s][info][gc,cpu        ] GC(110) User=0.00s Sys=0.00s Real=0.00s
[3.909s][info][gc            ] GC(111) Concurrent Cycle
[3.909s][info][gc,marking    ] GC(111) Concurrent Clear Claimed Marks
[3.909s][info][gc,marking    ] GC(111) Concurrent Clear Claimed Marks 0.012ms
[3.909s][info][gc,marking    ] GC(111) Concurrent Scan Root Regions
[3.909s][info][gc,marking    ] GC(111) Concurrent Scan Root Regions 0.044ms
[3.909s][info][gc,marking    ] GC(111) Concurrent Mark (3.909s)
[3.909s][info][gc,marking    ] GC(111) Concurrent Mark From Roots
[3.909s][info][gc,task       ] GC(111) Using 3 workers of 3 for marking
[3.911s][info][gc,marking    ] GC(111) Concurrent Mark From Roots 2.238ms
[3.911s][info][gc,marking    ] GC(111) Concurrent Preclean
[3.912s][info][gc,marking    ] GC(111) Concurrent Preclean 0.075ms
[3.912s][info][gc,marking    ] GC(111) Concurrent Mark (3.909s, 3.912s) 2.358ms
[3.912s][info][gc,start      ] GC(111) Pause Remark
[3.912s][info][gc,stringtable] GC(111) Cleaned string and symbol table, strings: 2628 processed, 0 removed, symbols: 25756 processed, 0 removed
[3.912s][info][gc            ] GC(111) Pause Remark 1803M->1803M(3607M) 0.423ms
[3.912s][info][gc,cpu        ] GC(111) User=0.00s Sys=0.00s Real=0.00s
[3.912s][info][gc,marking    ] GC(111) Concurrent Rebuild Remembered Sets
[3.914s][info][gc,marking    ] GC(111) Concurrent Rebuild Remembered Sets 1.506ms
[3.914s][info][gc,start      ] GC(111) Pause Cleanup
[3.914s][info][gc            ] GC(111) Pause Cleanup 1809M->1809M(3607M) 0.305ms
[3.914s][info][gc,cpu        ] GC(111) User=0.00s Sys=0.00s Real=0.00s
[3.914s][info][gc,marking    ] GC(111) Concurrent Cleanup for Next Mark
[3.915s][info][gc,marking    ] GC(111) Concurrent Cleanup for Next Mark 1.247ms
[3.915s][info][gc            ] GC(111) Concurrent Cycle 6.156ms
[3.927s][info][gc,start      ] GC(112) Pause Young (Concurrent Start) (G1 Humongous Allocation)
[3.927s][info][gc,task       ] GC(112) Using 13 workers of 13 for evacuation
[3.930s][info][gc,phases     ] GC(112)   Pre Evacuate Collection Set: 0.0ms
[3.930s][info][gc,phases     ] GC(112)   Evacuate Collection Set: 2.7ms
[3.930s][info][gc,phases     ] GC(112)   Post Evacuate Collection Set: 0.2ms
[3.930s][info][gc,phases     ] GC(112)   Other: 0.1ms
[3.930s][info][gc,heap       ] GC(112) Eden regions: 52->0(707)
[3.930s][info][gc,heap       ] GC(112) Survivor regions: 46->56(89)
[3.930s][info][gc,heap       ] GC(112) Old regions: 1612->1612
[3.930s][info][gc,heap       ] GC(112) Humongous regions: 139->137
[3.930s][info][gc,metaspace  ] GC(112) Metaspace: 6876K(7168K)->6876K(7168K) NonClass: 6286K(6400K)->6286K(6400K) Class: 589K(768K)->589K(768K)
[3.930s][info][gc            ] GC(112) Pause Young (Concurrent Start) (G1 Humongous Allocation) 1848M->1804M(3607M) 3.122ms
[3.930s][info][gc,cpu        ] GC(112) User=0.00s Sys=0.00s Real=0.00s
[3.930s][info][gc            ] GC(113) Concurrent Cycle
[3.930s][info][gc,marking    ] GC(113) Concurrent Clear Claimed Marks
[3.930s][info][gc,marking    ] GC(113) Concurrent Clear Claimed Marks 0.010ms
[3.930s][info][gc,marking    ] GC(113) Concurrent Scan Root Regions
[3.930s][info][gc,marking    ] GC(113) Concurrent Scan Root Regions 0.050ms
[3.930s][info][gc,marking    ] GC(113) Concurrent Mark (3.930s)
[3.930s][info][gc,marking    ] GC(113) Concurrent Mark From Roots
[3.930s][info][gc,task       ] GC(113) Using 3 workers of 3 for marking
[3.932s][info][gc,marking    ] GC(113) Concurrent Mark From Roots 2.200ms
[3.932s][info][gc,marking    ] GC(113) Concurrent Preclean
[3.932s][info][gc,marking    ] GC(113) Concurrent Preclean 0.062ms
[3.932s][info][gc,marking    ] GC(113) Concurrent Mark (3.930s, 3.932s) 2.303ms
[3.933s][info][gc,start      ] GC(113) Pause Remark
[3.933s][info][gc,stringtable] GC(113) Cleaned string and symbol table, strings: 2628 processed, 0 removed, symbols: 25756 processed, 0 removed
[3.933s][info][gc            ] GC(113) Pause Remark 1811M->1811M(3607M) 0.572ms
[3.933s][info][gc,cpu        ] GC(113) User=0.00s Sys=0.00s Real=0.00s
[3.933s][info][gc,marking    ] GC(113) Concurrent Rebuild Remembered Sets
[3.935s][info][gc,marking    ] GC(113) Concurrent Rebuild Remembered Sets 1.579ms
[3.935s][info][gc,start      ] GC(113) Pause Cleanup
[3.935s][info][gc            ] GC(113) Pause Cleanup 1818M->1818M(3607M) 0.282ms
[3.935s][info][gc,cpu        ] GC(113) User=0.00s Sys=0.00s Real=0.00s
[3.935s][info][gc,marking    ] GC(113) Concurrent Cleanup for Next Mark
[3.937s][info][gc,marking    ] GC(113) Concurrent Cleanup for Next Mark 1.423ms
[3.937s][info][gc            ] GC(113) Concurrent Cycle 6.488ms
[3.944s][info][gc,start      ] GC(114) Pause Young (Concurrent Start) (G1 Humongous Allocation)
[3.944s][info][gc,task       ] GC(114) Using 13 workers of 13 for evacuation
[3.947s][info][gc,phases     ] GC(114)   Pre Evacuate Collection Set: 0.0ms
[3.947s][info][gc,phases     ] GC(114)   Evacuate Collection Set: 3.1ms
[3.947s][info][gc,phases     ] GC(114)   Post Evacuate Collection Set: 0.3ms
[3.947s][info][gc,phases     ] GC(114)   Other: 0.1ms
[3.947s][info][gc,heap       ] GC(114) Eden regions: 35->0(582)
[3.947s][info][gc,heap       ] GC(114) Survivor regions: 56->56(96)
[3.947s][info][gc,heap       ] GC(114) Old regions: 1612->1620
[3.947s][info][gc,heap       ] GC(114) Humongous regions: 139->137
[3.947s][info][gc,metaspace  ] GC(114) Metaspace: 6876K(7168K)->6876K(7168K) NonClass: 6286K(6400K)->6286K(6400K) Class: 589K(768K)->589K(768K)
[3.947s][info][gc            ] GC(114) Pause Young (Concurrent Start) (G1 Humongous Allocation) 1841M->1812M(3607M) 3.752ms
[3.947s][info][gc,cpu        ] GC(114) User=0.00s Sys=0.00s Real=0.00s
[3.947s][info][gc            ] GC(115) Concurrent Cycle
[3.947s][info][gc,marking    ] GC(115) Concurrent Clear Claimed Marks
[3.947s][info][gc,marking    ] GC(115) Concurrent Clear Claimed Marks 0.013ms
[3.947s][info][gc,marking    ] GC(115) Concurrent Scan Root Regions
[3.948s][info][gc,marking    ] GC(115) Concurrent Scan Root Regions 0.075ms
[3.948s][info][gc,marking    ] GC(115) Concurrent Mark (3.948s)
[3.948s][info][gc,marking    ] GC(115) Concurrent Mark From Roots
[3.948s][info][gc,task       ] GC(115) Using 3 workers of 3 for marking
[3.950s][info][gc,marking    ] GC(115) Concurrent Mark From Roots 2.740ms
[3.950s][info][gc,marking    ] GC(115) Concurrent Preclean
[3.950s][info][gc,marking    ] GC(115) Concurrent Preclean 0.069ms
[3.950s][info][gc,marking    ] GC(115) Concurrent Mark (3.948s, 3.950s) 2.852ms
[3.950s][info][gc,start      ] GC(115) Pause Remark
[3.951s][info][gc,stringtable] GC(115) Cleaned string and symbol table, strings: 2628 processed, 0 removed, symbols: 25756 processed, 0 removed
[3.951s][info][gc            ] GC(115) Pause Remark 1822M->1822M(3607M) 0.471ms
[3.951s][info][gc,cpu        ] GC(115) User=0.00s Sys=0.00s Real=0.00s
[3.951s][info][gc,marking    ] GC(115) Concurrent Rebuild Remembered Sets
[3.953s][info][gc,marking    ] GC(115) Concurrent Rebuild Remembered Sets 1.720ms
[3.953s][info][gc,start      ] GC(115) Pause Cleanup
[3.953s][info][gc            ] GC(115) Pause Cleanup 1829M->1829M(3607M) 0.316ms
[3.953s][info][gc,cpu        ] GC(115) User=0.00s Sys=0.00s Real=0.00s
[3.953s][info][gc,marking    ] GC(115) Concurrent Cleanup for Next Mark
[3.955s][info][gc,marking    ] GC(115) Concurrent Cleanup for Next Mark 1.564ms
[3.955s][info][gc            ] GC(115) Concurrent Cycle 7.317ms
[3.957s][info][gc,start      ] GC(116) Pause Young (Concurrent Start) (G1 Humongous Allocation)
[3.957s][info][gc,task       ] GC(116) Using 13 workers of 13 for evacuation
[3.960s][info][gc,phases     ] GC(116)   Pre Evacuate Collection Set: 0.0ms
[3.960s][info][gc,phases     ] GC(116)   Evacuate Collection Set: 2.8ms
[3.960s][info][gc,phases     ] GC(116)   Post Evacuate Collection Set: 0.2ms
[3.960s][info][gc,phases     ] GC(116)   Other: 0.1ms
[3.960s][info][gc,heap       ] GC(116) Eden regions: 24->0(538)
[3.960s][info][gc,heap       ] GC(116) Survivor regions: 56->48(80)
[3.960s][info][gc,heap       ] GC(116) Old regions: 1620->1633
[3.960s][info][gc,heap       ] GC(116) Humongous regions: 142->138
[3.960s][info][gc,metaspace  ] GC(116) Metaspace: 6876K(7168K)->6876K(7168K) NonClass: 6286K(6400K)->6286K(6400K) Class: 589K(768K)->589K(768K)
[3.960s][info][gc            ] GC(116) Pause Young (Concurrent Start) (G1 Humongous Allocation) 1840M->1818M(3607M) 3.213ms
[3.960s][info][gc,cpu        ] GC(116) User=0.00s Sys=0.00s Real=0.00s
[3.960s][info][gc            ] GC(117) Concurrent Cycle
[3.960s][info][gc,marking    ] GC(117) Concurrent Clear Claimed Marks
[3.960s][info][gc,marking    ] GC(117) Concurrent Clear Claimed Marks 0.010ms
[3.960s][info][gc,marking    ] GC(117) Concurrent Scan Root Regions
[3.960s][info][gc,marking    ] GC(117) Concurrent Scan Root Regions 0.045ms
[3.960s][info][gc,marking    ] GC(117) Concurrent Mark (3.960s)
[3.960s][info][gc,marking    ] GC(117) Concurrent Mark From Roots
[3.960s][info][gc,task       ] GC(117) Using 3 workers of 3 for marking
[3.963s][info][gc,marking    ] GC(117) Concurrent Mark From Roots 2.547ms
[3.963s][info][gc,marking    ] GC(117) Concurrent Preclean
[3.963s][info][gc,marking    ] GC(117) Concurrent Preclean 0.081ms
[3.963s][info][gc,marking    ] GC(117) Concurrent Mark (3.960s, 3.963s) 2.678ms
[3.963s][info][gc,start      ] GC(117) Pause Remark
[3.964s][info][gc,stringtable] GC(117) Cleaned string and symbol table, strings: 2628 processed, 0 removed, symbols: 25756 processed, 0 removed
[3.964s][info][gc            ] GC(117) Pause Remark 1829M->1829M(3607M) 0.459ms
[3.964s][info][gc,cpu        ] GC(117) User=0.00s Sys=0.00s Real=0.00s
[3.964s][info][gc,marking    ] GC(117) Concurrent Rebuild Remembered Sets
[3.965s][info][gc,marking    ] GC(117) Concurrent Rebuild Remembered Sets 1.641ms
[3.965s][info][gc,start      ] GC(117) Pause Cleanup
[3.966s][info][gc            ] GC(117) Pause Cleanup 1834M->1834M(3607M) 0.347ms
[3.966s][info][gc,cpu        ] GC(117) User=0.00s Sys=0.00s Real=0.00s
[3.966s][info][gc,marking    ] GC(117) Concurrent Cleanup for Next Mark
[3.967s][info][gc,marking    ] GC(117) Concurrent Cleanup for Next Mark 1.328ms
[3.967s][info][gc            ] GC(117) Concurrent Cycle 6.819ms
[3.968s][info][gc,start      ] GC(118) Pause Young (Concurrent Start) (G1 Humongous Allocation)
[3.968s][info][gc,task       ] GC(118) Using 13 workers of 13 for evacuation
[3.971s][info][gc,phases     ] GC(118)   Pre Evacuate Collection Set: 0.0ms
[3.971s][info][gc,phases     ] GC(118)   Evacuate Collection Set: 2.3ms
[3.971s][info][gc,phases     ] GC(118)   Post Evacuate Collection Set: 1.0ms
[3.971s][info][gc,phases     ] GC(118)   Other: 0.1ms
[3.971s][info][gc,heap       ] GC(118) Eden regions: 13->0(541)
[3.971s][info][gc,heap       ] GC(118) Survivor regions: 48->40(74)
[3.971s][info][gc,heap       ] GC(118) Old regions: 1633->1643
[3.971s][info][gc,heap       ] GC(118) Humongous regions: 145->140
[3.971s][info][gc,metaspace  ] GC(118) Metaspace: 6876K(7168K)->6876K(7168K) NonClass: 6286K(6400K)->6286K(6400K) Class: 589K(768K)->589K(768K)
[3.971s][info][gc            ] GC(118) Pause Young (Concurrent Start) (G1 Humongous Allocation) 1838M->1821M(3724M) 3.558ms
[3.971s][info][gc,cpu        ] GC(118) User=0.00s Sys=0.00s Real=0.00s
[3.971s][info][gc            ] GC(119) Concurrent Cycle
[3.971s][info][gc,marking    ] GC(119) Concurrent Clear Claimed Marks
[3.971s][info][gc,marking    ] GC(119) Concurrent Clear Claimed Marks 0.013ms
[3.971s][info][gc,marking    ] GC(119) Concurrent Scan Root Regions
[3.971s][info][gc,marking    ] GC(119) Concurrent Scan Root Regions 0.040ms
[3.971s][info][gc,marking    ] GC(119) Concurrent Mark (3.971s)
[3.971s][info][gc,marking    ] GC(119) Concurrent Mark From Roots
[3.971s][info][gc,task       ] GC(119) Using 3 workers of 3 for marking
[3.974s][info][gc,marking    ] GC(119) Concurrent Mark From Roots 2.344ms
[3.974s][info][gc,marking    ] GC(119) Concurrent Preclean
[3.974s][info][gc,marking    ] GC(119) Concurrent Preclean 0.077ms
[3.974s][info][gc,marking    ] GC(119) Concurrent Mark (3.971s, 3.974s) 2.469ms
[3.974s][info][gc,start      ] GC(119) Pause Remark
[3.974s][info][gc,stringtable] GC(119) Cleaned string and symbol table, strings: 2628 processed, 0 removed, symbols: 25756 processed, 0 removed
[3.974s][info][gc            ] GC(119) Pause Remark 1831M->1831M(3724M) 0.521ms
[3.974s][info][gc,cpu        ] GC(119) User=0.00s Sys=0.00s Real=0.00s
[3.975s][info][gc,marking    ] GC(119) Concurrent Rebuild Remembered Sets
[3.976s][info][gc,marking    ] GC(119) Concurrent Rebuild Remembered Sets 1.633ms
[3.976s][info][gc,start      ] GC(119) Pause Cleanup
[3.977s][info][gc            ] GC(119) Pause Cleanup 1833M->1833M(3724M) 0.306ms
[3.977s][info][gc,cpu        ] GC(119) User=0.00s Sys=0.00s Real=0.00s
[3.977s][info][gc,marking    ] GC(119) Concurrent Cleanup for Next Mark
[3.978s][info][gc,marking    ] GC(119) Concurrent Cleanup for Next Mark 1.359ms
[3.978s][info][gc            ] GC(119) Concurrent Cycle 6.627ms
[3.981s][info][gc,start      ] GC(120) Pause Young (Concurrent Start) (G1 Humongous Allocation)
[3.981s][info][gc,task       ] GC(120) Using 13 workers of 13 for evacuation
[3.984s][info][gc,phases     ] GC(120)   Pre Evacuate Collection Set: 0.0ms
[3.984s][info][gc,phases     ] GC(120)   Evacuate Collection Set: 3.6ms
[3.985s][info][gc,phases     ] GC(120)   Post Evacuate Collection Set: 0.1ms
[3.985s][info][gc,phases     ] GC(120)   Other: 0.1ms
[3.985s][info][gc,heap       ] GC(120) Eden regions: 13->0(600)
[3.985s][info][gc,heap       ] GC(120) Survivor regions: 40->42(73)
[3.985s][info][gc,heap       ] GC(120) Old regions: 1643->1643
[3.985s][info][gc,heap       ] GC(120) Humongous regions: 147->142
[3.985s][info][gc,metaspace  ] GC(120) Metaspace: 6876K(7168K)->6876K(7168K) NonClass: 6286K(6400K)->6286K(6400K) Class: 589K(768K)->589K(768K)
[3.985s][info][gc            ] GC(120) Pause Young (Concurrent Start) (G1 Humongous Allocation) 1841M->1826M(3724M) 3.977ms
[3.985s][info][gc,cpu        ] GC(120) User=0.00s Sys=0.00s Real=0.00s
[3.985s][info][gc            ] GC(121) Concurrent Cycle
[3.985s][info][gc,marking    ] GC(121) Concurrent Clear Claimed Marks
[3.985s][info][gc,marking    ] GC(121) Concurrent Clear Claimed Marks 0.011ms
[3.985s][info][gc,marking    ] GC(121) Concurrent Scan Root Regions
[3.985s][info][gc,marking    ] GC(121) Concurrent Scan Root Regions 0.034ms
[3.985s][info][gc,marking    ] GC(121) Concurrent Mark (3.985s)
[3.985s][info][gc,marking    ] GC(121) Concurrent Mark From Roots
[3.985s][info][gc,task       ] GC(121) Using 3 workers of 3 for marking
[3.987s][info][gc,marking    ] GC(121) Concurrent Mark From Roots 2.259ms
[3.987s][info][gc,marking    ] GC(121) Concurrent Preclean
[3.987s][info][gc,marking    ] GC(121) Concurrent Preclean 0.079ms
[3.987s][info][gc,marking    ] GC(121) Concurrent Mark (3.985s, 3.987s) 2.382ms
[3.987s][info][gc,start      ] GC(121) Pause Remark
[3.987s][info][gc,stringtable] GC(121) Cleaned string and symbol table, strings: 2628 processed, 0 removed, symbols: 25756 processed, 0 removed
[3.988s][info][gc            ] GC(121) Pause Remark 1834M->1834M(3724M) 0.472ms
[3.988s][info][gc,cpu        ] GC(121) User=0.00s Sys=0.00s Real=0.00s
[3.988s][info][gc,marking    ] GC(121) Concurrent Rebuild Remembered Sets
[3.989s][info][gc,marking    ] GC(121) Concurrent Rebuild Remembered Sets 1.612ms
[3.989s][info][gc,start      ] GC(121) Pause Cleanup
[3.990s][info][gc            ] GC(121) Pause Cleanup 1840M->1840M(3724M) 0.321ms
[3.990s][info][gc,cpu        ] GC(121) User=0.00s Sys=0.00s Real=0.00s
[3.990s][info][gc,marking    ] GC(121) Concurrent Cleanup for Next Mark
[3.991s][info][gc,marking    ] GC(121) Concurrent Cleanup for Next Mark 1.365ms
[3.991s][info][gc            ] GC(121) Concurrent Cycle 6.533ms
[3.992s][info][gc,start      ] GC(122) Pause Young (Concurrent Start) (G1 Humongous Allocation)
[3.992s][info][gc,task       ] GC(122) Using 13 workers of 13 for evacuation
[3.996s][info][gc,phases     ] GC(122)   Pre Evacuate Collection Set: 0.0ms
[3.996s][info][gc,phases     ] GC(122)   Evacuate Collection Set: 3.7ms
[3.996s][info][gc,phases     ] GC(122)   Post Evacuate Collection Set: 0.2ms
[3.996s][info][gc,phases     ] GC(122)   Other: 0.1ms
[3.996s][info][gc,heap       ] GC(122) Eden regions: 14->0(642)
[3.996s][info][gc,heap       ] GC(122) Survivor regions: 42->44(81)
[3.996s][info][gc,heap       ] GC(122) Old regions: 1643->1643
[3.996s][info][gc,heap       ] GC(122) Humongous regions: 145->142
[3.996s][info][gc,metaspace  ] GC(122) Metaspace: 6876K(7168K)->6876K(7168K) NonClass: 6286K(6400K)->6286K(6400K) Class: 589K(768K)->589K(768K)
[3.996s][info][gc            ] GC(122) Pause Young (Concurrent Start) (G1 Humongous Allocation) 1843M->1828M(3724M) 4.085ms
[3.996s][info][gc,cpu        ] GC(122) User=0.00s Sys=0.00s Real=0.00s
[3.996s][info][gc            ] GC(123) Concurrent Cycle
[3.996s][info][gc,marking    ] GC(123) Concurrent Clear Claimed Marks
[3.996s][info][gc,marking    ] GC(123) Concurrent Clear Claimed Marks 0.010ms
[3.996s][info][gc,marking    ] GC(123) Concurrent Scan Root Regions
[3.996s][info][gc,marking    ] GC(123) Concurrent Scan Root Regions 0.034ms
[3.996s][info][gc,marking    ] GC(123) Concurrent Mark (3.996s)
[3.996s][info][gc,marking    ] GC(123) Concurrent Mark From Roots
[3.996s][info][gc,task       ] GC(123) Using 3 workers of 3 for marking
[3.998s][info][gc,marking    ] GC(123) Concurrent Mark From Roots 2.219ms
[3.998s][info][gc,marking    ] GC(123) Concurrent Preclean
[3.998s][info][gc,marking    ] GC(123) Concurrent Preclean 0.066ms
[3.998s][info][gc,marking    ] GC(123) Concurrent Mark (3.996s, 3.998s) 2.329ms
[3.998s][info][gc,start      ] GC(123) Pause Remark
[3.998s][info][gc,stringtable] GC(123) Cleaned string and symbol table, strings: 2628 processed, 0 removed, symbols: 25756 processed, 0 removed
[3.999s][info][gc            ] GC(123) Pause Remark 1837M->1837M(3724M) 0.396ms
[3.999s][info][gc,cpu        ] GC(123) User=0.00s Sys=0.00s Real=0.00s
[3.999s][info][gc,marking    ] GC(123) Concurrent Rebuild Remembered Sets
[4.000s][info][gc,marking    ] GC(123) Concurrent Rebuild Remembered Sets 1.558ms
[4.000s][info][gc,start      ] GC(123) Pause Cleanup
[4.001s][info][gc            ] GC(123) Pause Cleanup 1841M->1841M(3724M) 0.316ms
[4.001s][info][gc,cpu        ] GC(123) User=0.00s Sys=0.00s Real=0.00s
[4.001s][info][gc,marking    ] GC(123) Concurrent Cleanup for Next Mark
[4.002s][info][gc,marking    ] GC(123) Concurrent Cleanup for Next Mark 1.356ms
[4.002s][info][gc            ] GC(123) Concurrent Cycle 6.271ms
[4.003s][info][gc,start      ] GC(124) Pause Young (Concurrent Start) (G1 Humongous Allocation)
[4.003s][info][gc,task       ] GC(124) Using 13 workers of 13 for evacuation
[4.006s][info][gc,phases     ] GC(124)   Pre Evacuate Collection Set: 0.0ms
[4.006s][info][gc,phases     ] GC(124)   Evacuate Collection Set: 2.8ms
[4.006s][info][gc,phases     ] GC(124)   Post Evacuate Collection Set: 0.1ms
[4.006s][info][gc,phases     ] GC(124)   Other: 0.1ms
[4.006s][info][gc,heap       ] GC(124) Eden regions: 20->0(585)
[4.006s][info][gc,heap       ] GC(124) Survivor regions: 44->48(86)
[4.006s][info][gc,heap       ] GC(124) Old regions: 1643->1643
[4.006s][info][gc,heap       ] GC(124) Humongous regions: 143->142
[4.006s][info][gc,metaspace  ] GC(124) Metaspace: 6876K(7168K)->6876K(7168K) NonClass: 6286K(6400K)->6286K(6400K) Class: 589K(768K)->589K(768K)
[4.007s][info][gc            ] GC(124) Pause Young (Concurrent Start) (G1 Humongous Allocation) 1849M->1832M(3724M) 3.135ms
[4.007s][info][gc,cpu        ] GC(124) User=0.00s Sys=0.00s Real=0.00s
[4.007s][info][gc            ] GC(125) Concurrent Cycle
[4.007s][info][gc,marking    ] GC(125) Concurrent Clear Claimed Marks
[4.007s][info][gc,marking    ] GC(125) Concurrent Clear Claimed Marks 0.011ms
[4.007s][info][gc,marking    ] GC(125) Concurrent Scan Root Regions
[4.007s][info][gc,marking    ] GC(125) Concurrent Scan Root Regions 0.034ms
[4.007s][info][gc,marking    ] GC(125) Concurrent Mark (4.007s)
[4.007s][info][gc,marking    ] GC(125) Concurrent Mark From Roots
[4.007s][info][gc,task       ] GC(125) Using 3 workers of 3 for marking
[4.009s][info][gc,marking    ] GC(125) Concurrent Mark From Roots 2.185ms
[4.009s][info][gc,marking    ] GC(125) Concurrent Preclean
[4.009s][info][gc,marking    ] GC(125) Concurrent Preclean 0.077ms
[4.009s][info][gc,marking    ] GC(125) Concurrent Mark (4.007s, 4.009s) 2.308ms
[4.009s][info][gc,start      ] GC(125) Pause Remark
[4.009s][info][gc,stringtable] GC(125) Cleaned string and symbol table, strings: 2628 processed, 0 removed, symbols: 25756 processed, 0 removed
[4.009s][info][gc            ] GC(125) Pause Remark 1840M->1840M(3724M) 0.420ms
[4.009s][info][gc,cpu        ] GC(125) User=0.00s Sys=0.00s Real=0.00s
[4.009s][info][gc,marking    ] GC(125) Concurrent Rebuild Remembered Sets
[4.011s][info][gc,marking    ] GC(125) Concurrent Rebuild Remembered Sets 1.518ms
[4.011s][info][gc,start      ] GC(125) Pause Cleanup
[4.011s][info][gc            ] GC(125) Pause Cleanup 1844M->1844M(3724M) 0.337ms
[4.011s][info][gc,cpu        ] GC(125) User=0.00s Sys=0.00s Real=0.00s
[4.011s][info][gc,marking    ] GC(125) Concurrent Cleanup for Next Mark
[4.013s][info][gc,marking    ] GC(125) Concurrent Cleanup for Next Mark 1.353ms
[4.013s][info][gc            ] GC(125) Concurrent Cycle 6.241ms
[4.013s][info][gc,start      ] GC(126) Pause Young (Concurrent Start) (G1 Humongous Allocation)
[4.013s][info][gc,task       ] GC(126) Using 13 workers of 13 for evacuation
[4.017s][info][gc,phases     ] GC(126)   Pre Evacuate Collection Set: 0.0ms
[4.017s][info][gc,phases     ] GC(126)   Evacuate Collection Set: 2.3ms
[4.017s][info][gc,phases     ] GC(126)   Post Evacuate Collection Set: 1.2ms
[4.017s][info][gc,phases     ] GC(126)   Other: 0.1ms
[4.017s][info][gc,heap       ] GC(126) Eden regions: 15->0(679)
[4.017s][info][gc,heap       ] GC(126) Survivor regions: 48->43(80)
[4.017s][info][gc,heap       ] GC(126) Old regions: 1643->1652
[4.017s][info][gc,heap       ] GC(126) Humongous regions: 143->142
[4.017s][info][gc,metaspace  ] GC(126) Metaspace: 6876K(7168K)->6876K(7168K) NonClass: 6286K(6400K)->6286K(6400K) Class: 589K(768K)->589K(768K)
[4.017s][info][gc            ] GC(126) Pause Young (Concurrent Start) (G1 Humongous Allocation) 1848M->1835M(3828M) 3.706ms
[4.017s][info][gc,cpu        ] GC(126) User=0.00s Sys=0.00s Real=0.00s
[4.017s][info][gc            ] GC(127) Concurrent Cycle
[4.017s][info][gc,marking    ] GC(127) Concurrent Clear Claimed Marks
[4.017s][info][gc,marking    ] GC(127) Concurrent Clear Claimed Marks 0.010ms
[4.017s][info][gc,marking    ] GC(127) Concurrent Scan Root Regions
[4.017s][info][gc,marking    ] GC(127) Concurrent Scan Root Regions 0.036ms
[4.017s][info][gc,marking    ] GC(127) Concurrent Mark (4.017s)
[4.017s][info][gc,marking    ] GC(127) Concurrent Mark From Roots
[4.017s][info][gc,task       ] GC(127) Using 3 workers of 3 for marking
[4.019s][info][gc,marking    ] GC(127) Concurrent Mark From Roots 2.242ms
[4.019s][info][gc,marking    ] GC(127) Concurrent Preclean
[4.019s][info][gc,marking    ] GC(127) Concurrent Preclean 0.062ms
[4.019s][info][gc,marking    ] GC(127) Concurrent Mark (4.017s, 4.019s) 2.349ms
[4.020s][info][gc,start      ] GC(127) Pause Remark
[4.020s][info][gc,stringtable] GC(127) Cleaned string and symbol table, strings: 2628 processed, 0 removed, symbols: 25756 processed, 0 removed
[4.020s][info][gc            ] GC(127) Pause Remark 1841M->1841M(3828M) 0.579ms
[4.020s][info][gc,cpu        ] GC(127) User=0.00s Sys=0.00s Real=0.00s
[4.020s][info][gc,marking    ] GC(127) Concurrent Rebuild Remembered Sets
[4.022s][info][gc,marking    ] GC(127) Concurrent Rebuild Remembered Sets 1.584ms
[4.022s][info][gc,start      ] GC(127) Pause Cleanup
[4.022s][info][gc            ] GC(127) Pause Cleanup 1844M->1844M(3828M) 0.308ms
[4.022s][info][gc,cpu        ] GC(127) User=0.00s Sys=0.00s Real=0.00s
[4.022s][info][gc,marking    ] GC(127) Concurrent Cleanup for Next Mark
[4.024s][info][gc,marking    ] GC(127) Concurrent Cleanup for Next Mark 1.368ms
[4.024s][info][gc            ] GC(127) Concurrent Cycle 6.497ms
[4.034s][info][gc,start      ] GC(128) Pause Young (Concurrent Start) (G1 Humongous Allocation)
[4.034s][info][gc,task       ] GC(128) Using 13 workers of 13 for evacuation
[4.038s][info][gc,phases     ] GC(128)   Pre Evacuate Collection Set: 0.0ms
[4.038s][info][gc,phases     ] GC(128)   Evacuate Collection Set: 3.7ms
[4.038s][info][gc,phases     ] GC(128)   Post Evacuate Collection Set: 0.2ms
[4.038s][info][gc,phases     ] GC(128)   Other: 0.1ms
[4.038s][info][gc,heap       ] GC(128) Eden regions: 31->0(754)
[4.038s][info][gc,heap       ] GC(128) Survivor regions: 43->50(91)
[4.038s][info][gc,heap       ] GC(128) Old regions: 1652->1652
[4.038s][info][gc,heap       ] GC(128) Humongous regions: 144->142
[4.038s][info][gc,metaspace  ] GC(128) Metaspace: 6876K(7168K)->6876K(7168K) NonClass: 6286K(6400K)->6286K(6400K) Class: 589K(768K)->589K(768K)
[4.038s][info][gc            ] GC(128) Pause Young (Concurrent Start) (G1 Humongous Allocation) 1868M->1843M(3828M) 4.118ms
[4.038s][info][gc,cpu        ] GC(128) User=0.02s Sys=0.00s Real=0.01s
[4.038s][info][gc            ] GC(129) Concurrent Cycle
[4.038s][info][gc,marking    ] GC(129) Concurrent Clear Claimed Marks
[4.038s][info][gc,marking    ] GC(129) Concurrent Clear Claimed Marks 0.010ms
[4.038s][info][gc,marking    ] GC(129) Concurrent Scan Root Regions
[4.038s][info][gc,marking    ] GC(129) Concurrent Scan Root Regions 0.038ms
[4.038s][info][gc,marking    ] GC(129) Concurrent Mark (4.038s)
[4.038s][info][gc,marking    ] GC(129) Concurrent Mark From Roots
[4.038s][info][gc,task       ] GC(129) Using 3 workers of 3 for marking
[4.041s][info][gc,marking    ] GC(129) Concurrent Mark From Roots 2.345ms
[4.041s][info][gc,marking    ] GC(129) Concurrent Preclean
[4.041s][info][gc,marking    ] GC(129) Concurrent Preclean 0.065ms
[4.041s][info][gc,marking    ] GC(129) Concurrent Mark (4.038s, 4.041s) 2.442ms
[4.041s][info][gc,start      ] GC(129) Pause Remark
[4.041s][info][gc,stringtable] GC(129) Cleaned string and symbol table, strings: 2628 processed, 0 removed, symbols: 25756 processed, 0 removed
[4.041s][info][gc            ] GC(129) Pause Remark 1852M->1852M(3828M) 0.481ms
[4.041s][info][gc,cpu        ] GC(129) User=0.00s Sys=0.00s Real=0.00s
[4.041s][info][gc,marking    ] GC(129) Concurrent Rebuild Remembered Sets
[4.043s][info][gc,marking    ] GC(129) Concurrent Rebuild Remembered Sets 1.615ms
[4.043s][info][gc,start      ] GC(129) Pause Cleanup
[4.043s][info][gc            ] GC(129) Pause Cleanup 1857M->1857M(3828M) 0.414ms
[4.043s][info][gc,cpu        ] GC(129) User=0.00s Sys=0.00s Real=0.00s
[4.043s][info][gc,marking    ] GC(129) Concurrent Cleanup for Next Mark
[4.045s][info][gc,marking    ] GC(129) Concurrent Cleanup for Next Mark 1.485ms
[4.045s][info][gc            ] GC(129) Concurrent Cycle 6.760ms
[4.045s][info][gc,start      ] GC(130) Pause Young (Concurrent Start) (G1 Humongous Allocation)
[4.045s][info][gc,task       ] GC(130) Using 13 workers of 13 for evacuation
[4.049s][info][gc,phases     ] GC(130)   Pre Evacuate Collection Set: 0.0ms
[4.049s][info][gc,phases     ] GC(130)   Evacuate Collection Set: 3.0ms
[4.049s][info][gc,phases     ] GC(130)   Post Evacuate Collection Set: 0.2ms
[4.049s][info][gc,phases     ] GC(130)   Other: 0.1ms
[4.049s][info][gc,heap       ] GC(130) Eden regions: 15->0(620)
[4.049s][info][gc,heap       ] GC(130) Survivor regions: 50->50(101)
[4.049s][info][gc,heap       ] GC(130) Old regions: 1652->1652
[4.049s][info][gc,heap       ] GC(130) Humongous regions: 145->143
[4.049s][info][gc,metaspace  ] GC(130) Metaspace: 6876K(7168K)->6876K(7168K) NonClass: 6286K(6400K)->6286K(6400K) Class: 589K(768K)->589K(768K)
[4.049s][info][gc            ] GC(130) Pause Young (Concurrent Start) (G1 Humongous Allocation) 1861M->1844M(3828M) 3.441ms
[4.049s][info][gc,cpu        ] GC(130) User=0.00s Sys=0.00s Real=0.00s
[4.049s][info][gc            ] GC(131) Concurrent Cycle
[4.049s][info][gc,marking    ] GC(131) Concurrent Clear Claimed Marks
[4.049s][info][gc,marking    ] GC(131) Concurrent Clear Claimed Marks 0.010ms
[4.049s][info][gc,marking    ] GC(131) Concurrent Scan Root Regions
[4.049s][info][gc,marking    ] GC(131) Concurrent Scan Root Regions 0.038ms
[4.049s][info][gc,marking    ] GC(131) Concurrent Mark (4.049s)
[4.049s][info][gc,marking    ] GC(131) Concurrent Mark From Roots
[4.049s][info][gc,task       ] GC(131) Using 3 workers of 3 for marking
[4.051s][info][gc,marking    ] GC(131) Concurrent Mark From Roots 2.361ms
[4.051s][info][gc,marking    ] GC(131) Concurrent Preclean
[4.051s][info][gc,marking    ] GC(131) Concurrent Preclean 0.062ms
[4.051s][info][gc,marking    ] GC(131) Concurrent Mark (4.049s, 4.051s) 2.462ms
[4.051s][info][gc,start      ] GC(131) Pause Remark
[4.052s][info][gc,stringtable] GC(131) Cleaned string and symbol table, strings: 2628 processed, 0 removed, symbols: 25756 processed, 0 removed
[4.052s][info][gc            ] GC(131) Pause Remark 1854M->1854M(3828M) 0.496ms
[4.052s][info][gc,cpu        ] GC(131) User=0.00s Sys=0.00s Real=0.00s
[4.052s][info][gc,marking    ] GC(131) Concurrent Rebuild Remembered Sets
[4.053s][info][gc,marking    ] GC(131) Concurrent Rebuild Remembered Sets 1.598ms
[4.054s][info][gc,start      ] GC(131) Pause Cleanup
[4.054s][info][gc            ] GC(131) Pause Cleanup 1859M->1859M(3828M) 0.318ms
[4.054s][info][gc,cpu        ] GC(131) User=0.00s Sys=0.00s Real=0.00s
[4.054s][info][gc,marking    ] GC(131) Concurrent Cleanup for Next Mark
[4.055s][info][gc,marking    ] GC(131) Concurrent Cleanup for Next Mark 1.423ms
[4.055s][info][gc            ] GC(131) Concurrent Cycle 6.626ms
[4.058s][info][gc,start      ] GC(132) Pause Young (Concurrent Start) (G1 Humongous Allocation)
[4.058s][info][gc,task       ] GC(132) Using 13 workers of 13 for evacuation
[4.061s][info][gc,phases     ] GC(132)   Pre Evacuate Collection Set: 0.0ms
[4.061s][info][gc,phases     ] GC(132)   Evacuate Collection Set: 2.6ms
[4.061s][info][gc,phases     ] GC(132)   Post Evacuate Collection Set: 0.2ms
[4.061s][info][gc,phases     ] GC(132)   Other: 0.1ms
[4.061s][info][gc,heap       ] GC(132) Eden regions: 23->0(578)
[4.061s][info][gc,heap       ] GC(132) Survivor regions: 50->50(84)
[4.061s][info][gc,heap       ] GC(132) Old regions: 1652->1658
[4.061s][info][gc,heap       ] GC(132) Humongous regions: 147->144
[4.061s][info][gc,metaspace  ] GC(132) Metaspace: 6876K(7168K)->6876K(7168K) NonClass: 6286K(6400K)->6286K(6400K) Class: 589K(768K)->589K(768K)
[4.061s][info][gc            ] GC(132) Pause Young (Concurrent Start) (G1 Humongous Allocation) 1870M->1850M(3828M) 3.079ms
[4.061s][info][gc,cpu        ] GC(132) User=0.00s Sys=0.00s Real=0.00s
[4.062s][info][gc            ] GC(133) Concurrent Cycle
[4.062s][info][gc,marking    ] GC(133) Concurrent Clear Claimed Marks
[4.062s][info][gc,marking    ] GC(133) Concurrent Clear Claimed Marks 0.010ms
[4.062s][info][gc,marking    ] GC(133) Concurrent Scan Root Regions
[4.062s][info][gc,marking    ] GC(133) Concurrent Scan Root Regions 0.041ms
[4.062s][info][gc,marking    ] GC(133) Concurrent Mark (4.062s)
[4.062s][info][gc,marking    ] GC(133) Concurrent Mark From Roots
[4.062s][info][gc,task       ] GC(133) Using 3 workers of 3 for marking
[4.064s][info][gc,marking    ] GC(133) Concurrent Mark From Roots 2.626ms
[4.064s][info][gc,marking    ] GC(133) Concurrent Preclean
[4.064s][info][gc,marking    ] GC(133) Concurrent Preclean 0.066ms
[4.064s][info][gc,marking    ] GC(133) Concurrent Mark (4.062s, 4.064s) 2.734ms
[4.064s][info][gc,start      ] GC(133) Pause Remark
[4.065s][info][gc,stringtable] GC(133) Cleaned string and symbol table, strings: 2628 processed, 0 removed, symbols: 25756 processed, 0 removed
[4.065s][info][gc            ] GC(133) Pause Remark 1861M->1861M(3828M) 0.452ms
[4.065s][info][gc,cpu        ] GC(133) User=0.00s Sys=0.00s Real=0.00s
[4.065s][info][gc,marking    ] GC(133) Concurrent Rebuild Remembered Sets
[4.067s][info][gc,marking    ] GC(133) Concurrent Rebuild Remembered Sets 1.717ms
[4.067s][info][gc,start      ] GC(133) Pause Cleanup
[4.067s][info][gc            ] GC(133) Pause Cleanup 1864M->1864M(3828M) 0.321ms
[4.067s][info][gc,cpu        ] GC(133) User=0.00s Sys=0.00s Real=0.00s
[4.067s][info][gc,marking    ] GC(133) Concurrent Cleanup for Next Mark
[4.069s][info][gc,marking    ] GC(133) Concurrent Cleanup for Next Mark 1.753ms
[4.069s][info][gc            ] GC(133) Concurrent Cycle 7.338ms
[4.071s][info][gc,start      ] GC(134) Pause Young (Concurrent Start) (G1 Humongous Allocation)
[4.071s][info][gc,task       ] GC(134) Using 13 workers of 13 for evacuation
[4.074s][info][gc,phases     ] GC(134)   Pre Evacuate Collection Set: 0.0ms
[4.074s][info][gc,phases     ] GC(134)   Evacuate Collection Set: 2.4ms
[4.074s][info][gc,phases     ] GC(134)   Post Evacuate Collection Set: 0.7ms
[4.074s][info][gc,phases     ] GC(134)   Other: 0.1ms
[4.074s][info][gc,heap       ] GC(134) Eden regions: 20->0(622)
[4.074s][info][gc,heap       ] GC(134) Survivor regions: 50->44(79)
[4.074s][info][gc,heap       ] GC(134) Old regions: 1658->1668
[4.074s][info][gc,heap       ] GC(134) Humongous regions: 148->145
[4.074s][info][gc,metaspace  ] GC(134) Metaspace: 6876K(7168K)->6876K(7168K) NonClass: 6286K(6400K)->6286K(6400K) Class: 589K(768K)->589K(768K)
[4.074s][info][gc            ] GC(134) Pause Young (Concurrent Start) (G1 Humongous Allocation) 1874M->1856M(3901M) 3.348ms
[4.074s][info][gc,cpu        ] GC(134) User=0.00s Sys=0.00s Real=0.00s
[4.074s][info][gc            ] GC(135) Concurrent Cycle
[4.074s][info][gc,marking    ] GC(135) Concurrent Clear Claimed Marks
[4.074s][info][gc,marking    ] GC(135) Concurrent Clear Claimed Marks 0.013ms
[4.074s][info][gc,marking    ] GC(135) Concurrent Scan Root Regions
[4.074s][info][gc,marking    ] GC(135) Concurrent Scan Root Regions 0.042ms
[4.074s][info][gc,marking    ] GC(135) Concurrent Mark (4.074s)
[4.074s][info][gc,marking    ] GC(135) Concurrent Mark From Roots
[4.074s][info][gc,task       ] GC(135) Using 3 workers of 3 for marking
[4.077s][info][gc,marking    ] GC(135) Concurrent Mark From Roots 2.762ms
[4.077s][info][gc,marking    ] GC(135) Concurrent Preclean
[4.077s][info][gc,marking    ] GC(135) Concurrent Preclean 0.082ms
[4.077s][info][gc,marking    ] GC(135) Concurrent Mark (4.074s, 4.077s) 2.893ms
[4.077s][info][gc,start      ] GC(135) Pause Remark
[4.078s][info][gc,stringtable] GC(135) Cleaned string and symbol table, strings: 2628 processed, 0 removed, symbols: 25756 processed, 0 removed
[4.078s][info][gc            ] GC(135) Pause Remark 1864M->1864M(3901M) 0.578ms
[4.078s][info][gc,cpu        ] GC(135) User=0.00s Sys=0.00s Real=0.00s
[4.078s][info][gc,marking    ] GC(135) Concurrent Rebuild Remembered Sets
[4.080s][info][gc,marking    ] GC(135) Concurrent Rebuild Remembered Sets 1.706ms
[4.080s][info][gc,start      ] GC(135) Pause Cleanup
[4.080s][info][gc            ] GC(135) Pause Cleanup 1868M->1868M(3901M) 0.296ms
[4.080s][info][gc,cpu        ] GC(135) User=0.00s Sys=0.00s Real=0.00s
[4.080s][info][gc,marking    ] GC(135) Concurrent Cleanup for Next Mark
[4.082s][info][gc,marking    ] GC(135) Concurrent Cleanup for Next Mark 1.674ms
[4.082s][info][gc            ] GC(135) Concurrent Cycle 7.550ms
[4.087s][info][gc,start      ] GC(136) Pause Young (Concurrent Start) (G1 Humongous Allocation)
[4.087s][info][gc,task       ] GC(136) Using 13 workers of 13 for evacuation
[4.090s][info][gc,phases     ] GC(136)   Pre Evacuate Collection Set: 0.0ms
[4.090s][info][gc,phases     ] GC(136)   Evacuate Collection Set: 3.5ms
[4.090s][info][gc,phases     ] GC(136)   Post Evacuate Collection Set: 0.1ms
[4.090s][info][gc,phases     ] GC(136)   Other: 0.1ms
[4.090s][info][gc,heap       ] GC(136) Eden regions: 22->0(579)
[4.090s][info][gc,heap       ] GC(136) Survivor regions: 44->46(84)
[4.090s][info][gc,heap       ] GC(136) Old regions: 1668->1668
[4.090s][info][gc,heap       ] GC(136) Humongous regions: 147->145
[4.090s][info][gc,metaspace  ] GC(136) Metaspace: 6876K(7168K)->6876K(7168K) NonClass: 6286K(6400K)->6286K(6400K) Class: 589K(768K)->589K(768K)
[4.090s][info][gc            ] GC(136) Pause Young (Concurrent Start) (G1 Humongous Allocation) 1880M->1858M(3901M) 3.856ms
[4.090s][info][gc,cpu        ] GC(136) User=0.00s Sys=0.00s Real=0.00s
[4.090s][info][gc            ] GC(137) Concurrent Cycle
[4.090s][info][gc,marking    ] GC(137) Concurrent Clear Claimed Marks
[4.090s][info][gc,marking    ] GC(137) Concurrent Clear Claimed Marks 0.010ms
[4.090s][info][gc,marking    ] GC(137) Concurrent Scan Root Regions
[4.091s][info][gc,marking    ] GC(137) Concurrent Scan Root Regions 0.034ms
[4.091s][info][gc,marking    ] GC(137) Concurrent Mark (4.091s)
[4.091s][info][gc,marking    ] GC(137) Concurrent Mark From Roots
[4.091s][info][gc,task       ] GC(137) Using 3 workers of 3 for marking
[4.093s][info][gc,marking    ] GC(137) Concurrent Mark From Roots 2.508ms
[4.093s][info][gc,marking    ] GC(137) Concurrent Preclean
[4.093s][info][gc,marking    ] GC(137) Concurrent Preclean 0.063ms
[4.093s][info][gc,marking    ] GC(137) Concurrent Mark (4.091s, 4.093s) 2.611ms
[4.093s][info][gc,start      ] GC(137) Pause Remark
[4.094s][info][gc,stringtable] GC(137) Cleaned string and symbol table, strings: 2628 processed, 0 removed, symbols: 25756 processed, 0 removed
[4.094s][info][gc            ] GC(137) Pause Remark 1869M->1869M(3901M) 0.470ms
[4.094s][info][gc,cpu        ] GC(137) User=0.00s Sys=0.00s Real=0.00s
[4.094s][info][gc,marking    ] GC(137) Concurrent Rebuild Remembered Sets
[4.095s][info][gc,marking    ] GC(137) Concurrent Rebuild Remembered Sets 1.698ms
[4.096s][info][gc,start      ] GC(137) Pause Cleanup
[4.096s][info][gc            ] GC(137) Pause Cleanup 1875M->1875M(3901M) 0.316ms
[4.096s][info][gc,cpu        ] GC(137) User=0.00s Sys=0.00s Real=0.00s
[4.096s][info][gc,marking    ] GC(137) Concurrent Cleanup for Next Mark
[4.097s][info][gc,marking    ] GC(137) Concurrent Cleanup for Next Mark 1.557ms
[4.097s][info][gc            ] GC(137) Concurrent Cycle 7.001ms
[4.100s][info][gc,start      ] GC(138) Pause Young (Concurrent Start) (G1 Humongous Allocation)
[4.100s][info][gc,task       ] GC(138) Using 13 workers of 13 for evacuation
[4.103s][info][gc,phases     ] GC(138)   Pre Evacuate Collection Set: 0.0ms
[4.103s][info][gc,phases     ] GC(138)   Evacuate Collection Set: 2.4ms
[4.103s][info][gc,phases     ] GC(138)   Post Evacuate Collection Set: 0.2ms
[4.103s][info][gc,phases     ] GC(138)   Other: 0.1ms
[4.103s][info][gc,heap       ] GC(138) Eden regions: 23->0(554)
[4.103s][info][gc,heap       ] GC(138) Survivor regions: 46->45(79)
[4.103s][info][gc,heap       ] GC(138) Old regions: 1668->1675
[4.103s][info][gc,heap       ] GC(138) Humongous regions: 149->145
[4.103s][info][gc,metaspace  ] GC(138) Metaspace: 6876K(7168K)->6876K(7168K) NonClass: 6286K(6400K)->6286K(6400K) Class: 589K(768K)->589K(768K)
[4.103s][info][gc            ] GC(138) Pause Young (Concurrent Start) (G1 Humongous Allocation) 1885M->1864M(3901M) 2.828ms
[4.103s][info][gc,cpu        ] GC(138) User=0.00s Sys=0.00s Real=0.00s
[4.103s][info][gc            ] GC(139) Concurrent Cycle
[4.103s][info][gc,marking    ] GC(139) Concurrent Clear Claimed Marks
[4.103s][info][gc,marking    ] GC(139) Concurrent Clear Claimed Marks 0.011ms
[4.103s][info][gc,marking    ] GC(139) Concurrent Scan Root Regions
[4.103s][info][gc,marking    ] GC(139) Concurrent Scan Root Regions 0.039ms
[4.103s][info][gc,marking    ] GC(139) Concurrent Mark (4.103s)
[4.103s][info][gc,marking    ] GC(139) Concurrent Mark From Roots
[4.103s][info][gc,task       ] GC(139) Using 3 workers of 3 for marking
[4.106s][info][gc,marking    ] GC(139) Concurrent Mark From Roots 2.463ms
[4.106s][info][gc,marking    ] GC(139) Concurrent Preclean
[4.106s][info][gc,marking    ] GC(139) Concurrent Preclean 0.062ms
[4.106s][info][gc,marking    ] GC(139) Concurrent Mark (4.103s, 4.106s) 2.559ms
[4.106s][info][gc,start      ] GC(139) Pause Remark
[4.106s][info][gc,stringtable] GC(139) Cleaned string and symbol table, strings: 2628 processed, 0 removed, symbols: 25756 processed, 0 removed
[4.106s][info][gc            ] GC(139) Pause Remark 1873M->1873M(3901M) 0.432ms
[4.106s][info][gc,cpu        ] GC(139) User=0.00s Sys=0.00s Real=0.00s
[4.106s][info][gc,marking    ] GC(139) Concurrent Rebuild Remembered Sets
[4.108s][info][gc,marking    ] GC(139) Concurrent Rebuild Remembered Sets 1.605ms
[4.108s][info][gc,start      ] GC(139) Pause Cleanup
[4.108s][info][gc            ] GC(139) Pause Cleanup 1877M->1877M(3901M) 0.304ms
[4.108s][info][gc,cpu        ] GC(139) User=0.00s Sys=0.00s Real=0.00s
[4.108s][info][gc,marking    ] GC(139) Concurrent Cleanup for Next Mark
[4.110s][info][gc,marking    ] GC(139) Concurrent Cleanup for Next Mark 1.460ms
[4.110s][info][gc            ] GC(139) Concurrent Cycle 6.679ms
[4.111s][info][gc,start      ] GC(140) Pause Young (Concurrent Start) (G1 Humongous Allocation)
[4.111s][info][gc,task       ] GC(140) Using 13 workers of 13 for evacuation
[4.114s][info][gc,phases     ] GC(140)   Pre Evacuate Collection Set: 0.0ms
[4.114s][info][gc,phases     ] GC(140)   Evacuate Collection Set: 2.2ms
[4.114s][info][gc,phases     ] GC(140)   Post Evacuate Collection Set: 0.2ms
[4.114s][info][gc,phases     ] GC(140)   Other: 0.1ms
[4.114s][info][gc,heap       ] GC(140) Eden regions: 17->0(554)
[4.114s][info][gc,heap       ] GC(140) Survivor regions: 45->43(75)
[4.114s][info][gc,heap       ] GC(140) Old regions: 1675->1679
[4.114s][info][gc,heap       ] GC(140) Humongous regions: 148->145
[4.114s][info][gc,metaspace  ] GC(140) Metaspace: 6876K(7168K)->6876K(7168K) NonClass: 6286K(6400K)->6286K(6400K) Class: 589K(768K)->589K(768K)
[4.114s][info][gc            ] GC(140) Pause Young (Concurrent Start) (G1 Humongous Allocation) 1884M->1866M(3901M) 2.594ms
[4.114s][info][gc,cpu        ] GC(140) User=0.06s Sys=0.14s Real=0.00s
[4.114s][info][gc            ] GC(141) Concurrent Cycle
[4.114s][info][gc,marking    ] GC(141) Concurrent Clear Claimed Marks
[4.114s][info][gc,marking    ] GC(141) Concurrent Clear Claimed Marks 0.010ms
[4.114s][info][gc,marking    ] GC(141) Concurrent Scan Root Regions
[4.114s][info][gc,marking    ] GC(141) Concurrent Scan Root Regions 0.257ms
[4.114s][info][gc,marking    ] GC(141) Concurrent Mark (4.114s)
[4.114s][info][gc,marking    ] GC(141) Concurrent Mark From Roots
[4.114s][info][gc,task       ] GC(141) Using 3 workers of 3 for marking
[4.117s][info][gc,marking    ] GC(141) Concurrent Mark From Roots 2.583ms
[4.117s][info][gc,marking    ] GC(141) Concurrent Preclean
[4.117s][info][gc,marking    ] GC(141) Concurrent Preclean 0.094ms
[4.117s][info][gc,marking    ] GC(141) Concurrent Mark (4.114s, 4.117s) 2.730ms
[4.117s][info][gc,start      ] GC(141) Pause Remark
[4.117s][info][gc,stringtable] GC(141) Cleaned string and symbol table, strings: 2628 processed, 0 removed, symbols: 25756 processed, 0 removed
[4.117s][info][gc            ] GC(141) Pause Remark 1879M->1879M(3901M) 0.505ms
[4.117s][info][gc,cpu        ] GC(141) User=0.00s Sys=0.00s Real=0.00s
[4.117s][info][gc,marking    ] GC(141) Concurrent Rebuild Remembered Sets
[4.119s][info][gc,marking    ] GC(141) Concurrent Rebuild Remembered Sets 1.444ms
[4.119s][info][gc,start      ] GC(141) Pause Cleanup
[4.119s][info][gc            ] GC(141) Pause Cleanup 1883M->1883M(3901M) 0.342ms
[4.119s][info][gc,cpu        ] GC(141) User=0.00s Sys=0.00s Real=0.00s
[4.119s][info][gc,marking    ] GC(141) Concurrent Cleanup for Next Mark
[4.121s][info][gc,marking    ] GC(141) Concurrent Cleanup for Next Mark 1.403ms
[4.121s][info][gc            ] GC(141) Concurrent Cycle 6.995ms
[4.121s][info][gc,start      ] GC(142) Pause Young (Concurrent Start) (G1 Humongous Allocation)
[4.121s][info][gc,task       ] GC(142) Using 13 workers of 13 for evacuation
[4.124s][info][gc,phases     ] GC(142)   Pre Evacuate Collection Set: 0.0ms
[4.125s][info][gc,phases     ] GC(142)   Evacuate Collection Set: 2.2ms
[4.125s][info][gc,phases     ] GC(142)   Post Evacuate Collection Set: 0.7ms
[4.125s][info][gc,phases     ] GC(142)   Other: 0.1ms
[4.125s][info][gc,heap       ] GC(142) Eden regions: 17->0(570)
[4.125s][info][gc,heap       ] GC(142) Survivor regions: 43->44(75)
[4.125s][info][gc,heap       ] GC(142) Old regions: 1679->1682
[4.125s][info][gc,heap       ] GC(142) Humongous regions: 150->146
[4.125s][info][gc,metaspace  ] GC(142) Metaspace: 6876K(7168K)->6876K(7168K) NonClass: 6286K(6400K)->6286K(6400K) Class: 589K(768K)->589K(768K)
[4.125s][info][gc            ] GC(142) Pause Young (Concurrent Start) (G1 Humongous Allocation) 1888M->1871M(3951M) 3.514ms
[4.125s][info][gc,cpu        ] GC(142) User=0.00s Sys=0.00s Real=0.00s
[4.125s][info][gc            ] GC(143) Concurrent Cycle
[4.125s][info][gc,marking    ] GC(143) Concurrent Clear Claimed Marks
[4.125s][info][gc,marking    ] GC(143) Concurrent Clear Claimed Marks 0.013ms
[4.125s][info][gc,marking    ] GC(143) Concurrent Scan Root Regions
[4.125s][info][gc,marking    ] GC(143) Concurrent Scan Root Regions 0.263ms
[4.125s][info][gc,marking    ] GC(143) Concurrent Mark (4.125s)
[4.125s][info][gc,marking    ] GC(143) Concurrent Mark From Roots
[4.125s][info][gc,task       ] GC(143) Using 3 workers of 3 for marking
[4.128s][info][gc,marking    ] GC(143) Concurrent Mark From Roots 2.377ms
[4.128s][info][gc,marking    ] GC(143) Concurrent Preclean
[4.128s][info][gc,marking    ] GC(143) Concurrent Preclean 0.062ms
[4.128s][info][gc,marking    ] GC(143) Concurrent Mark (4.125s, 4.128s) 2.475ms
[4.128s][info][gc,start      ] GC(143) Pause Remark
[4.128s][info][gc,stringtable] GC(143) Cleaned string and symbol table, strings: 2628 processed, 0 removed, symbols: 25756 processed, 0 removed
[4.128s][info][gc            ] GC(143) Pause Remark 1878M->1878M(3951M) 0.467ms
[4.128s][info][gc,cpu        ] GC(143) User=0.00s Sys=0.00s Real=0.00s
[4.128s][info][gc,marking    ] GC(143) Concurrent Rebuild Remembered Sets
[4.130s][info][gc,marking    ] GC(143) Concurrent Rebuild Remembered Sets 1.417ms
[4.130s][info][gc,start      ] GC(143) Pause Cleanup
[4.130s][info][gc            ] GC(143) Pause Cleanup 1881M->1881M(3951M) 0.269ms
[4.130s][info][gc,cpu        ] GC(143) User=0.00s Sys=0.00s Real=0.00s
[4.130s][info][gc,marking    ] GC(143) Concurrent Cleanup for Next Mark
[4.132s][info][gc,marking    ] GC(143) Concurrent Cleanup for Next Mark 1.466ms
[4.132s][info][gc            ] GC(143) Concurrent Cycle 6.645ms
[4.132s][info][gc,start      ] GC(144) Pause Young (Concurrent Start) (G1 Humongous Allocation)
[4.132s][info][gc,task       ] GC(144) Using 13 workers of 13 for evacuation
[4.135s][info][gc,phases     ] GC(144)   Pre Evacuate Collection Set: 0.0ms
[4.135s][info][gc,phases     ] GC(144)   Evacuate Collection Set: 3.1ms
[4.135s][info][gc,phases     ] GC(144)   Post Evacuate Collection Set: 0.1ms
[4.135s][info][gc,phases     ] GC(144)   Other: 0.1ms
[4.135s][info][gc,heap       ] GC(144) Eden regions: 11->0(561)
[4.135s][info][gc,heap       ] GC(144) Survivor regions: 44->45(77)
[4.135s][info][gc,heap       ] GC(144) Old regions: 1682->1684
[4.135s][info][gc,heap       ] GC(144) Humongous regions: 147->146
[4.135s][info][gc,metaspace  ] GC(144) Metaspace: 6876K(7168K)->6876K(7168K) NonClass: 6286K(6400K)->6286K(6400K) Class: 589K(768K)->589K(768K)
[4.135s][info][gc            ] GC(144) Pause Young (Concurrent Start) (G1 Humongous Allocation) 1883M->1874M(3951M) 3.547ms
[4.135s][info][gc,cpu        ] GC(144) User=0.00s Sys=0.00s Real=0.00s
[4.136s][info][gc            ] GC(145) Concurrent Cycle
[4.136s][info][gc,marking    ] GC(145) Concurrent Clear Claimed Marks
[4.136s][info][gc,marking    ] GC(145) Concurrent Clear Claimed Marks 0.010ms
[4.136s][info][gc,marking    ] GC(145) Concurrent Scan Root Regions
[4.136s][info][gc,marking    ] GC(145) Concurrent Scan Root Regions 0.240ms
[4.136s][info][gc,marking    ] GC(145) Concurrent Mark (4.136s)
[4.136s][info][gc,marking    ] GC(145) Concurrent Mark From Roots
[4.136s][info][gc,task       ] GC(145) Using 3 workers of 3 for marking
[4.138s][info][gc,marking    ] GC(145) Concurrent Mark From Roots 2.472ms
[4.138s][info][gc,marking    ] GC(145) Concurrent Preclean
[4.138s][info][gc,marking    ] GC(145) Concurrent Preclean 0.062ms
[4.138s][info][gc,marking    ] GC(145) Concurrent Mark (4.136s, 4.138s) 2.574ms
[4.139s][info][gc,start      ] GC(145) Pause Remark
[4.139s][info][gc,stringtable] GC(145) Cleaned string and symbol table, strings: 2628 processed, 0 removed, symbols: 25756 processed, 0 removed
[4.139s][info][gc            ] GC(145) Pause Remark 1883M->1883M(3951M) 0.441ms
[4.139s][info][gc,cpu        ] GC(145) User=0.00s Sys=0.00s Real=0.00s
[4.139s][info][gc,marking    ] GC(145) Concurrent Rebuild Remembered Sets
[4.140s][info][gc,marking    ] GC(145) Concurrent Rebuild Remembered Sets 1.414ms
[4.140s][info][gc,start      ] GC(145) Pause Cleanup
[4.141s][info][gc            ] GC(145) Pause Cleanup 1887M->1887M(3951M) 0.292ms
[4.141s][info][gc,cpu        ] GC(145) User=0.00s Sys=0.00s Real=0.00s
[4.141s][info][gc,marking    ] GC(145) Concurrent Cleanup for Next Mark
[4.142s][info][gc,marking    ] GC(145) Concurrent Cleanup for Next Mark 1.475ms
[4.142s][info][gc            ] GC(145) Concurrent Cycle 6.795ms
[4.144s][info][gc,start      ] GC(146) Pause Young (Concurrent Start) (G1 Humongous Allocation)
[4.144s][info][gc,task       ] GC(146) Using 13 workers of 13 for evacuation
[4.146s][info][gc,phases     ] GC(146)   Pre Evacuate Collection Set: 0.0ms
[4.146s][info][gc,phases     ] GC(146)   Evacuate Collection Set: 2.2ms
[4.146s][info][gc,phases     ] GC(146)   Post Evacuate Collection Set: 0.2ms
[4.146s][info][gc,phases     ] GC(146)   Other: 0.1ms
[4.146s][info][gc,heap       ] GC(146) Eden regions: 17->0(557)
[4.146s][info][gc,heap       ] GC(146) Survivor regions: 45->45(76)
[4.146s][info][gc,heap       ] GC(146) Old regions: 1684->1687
[4.146s][info][gc,heap       ] GC(146) Humongous regions: 149->147
[4.146s][info][gc,metaspace  ] GC(146) Metaspace: 6876K(7168K)->6876K(7168K) NonClass: 6286K(6400K)->6286K(6400K) Class: 589K(768K)->589K(768K)
[4.146s][info][gc            ] GC(146) Pause Young (Concurrent Start) (G1 Humongous Allocation) 1893M->1878M(3951M) 2.607ms
[4.146s][info][gc,cpu        ] GC(146) User=0.00s Sys=0.00s Real=0.00s
[4.146s][info][gc            ] GC(147) Concurrent Cycle
[4.146s][info][gc,marking    ] GC(147) Concurrent Clear Claimed Marks
[4.146s][info][gc,marking    ] GC(147) Concurrent Clear Claimed Marks 0.013ms
[4.146s][info][gc,marking    ] GC(147) Concurrent Scan Root Regions
[4.147s][info][gc,marking    ] GC(147) Concurrent Scan Root Regions 0.234ms
[4.147s][info][gc,marking    ] GC(147) Concurrent Mark (4.147s)
[4.147s][info][gc,marking    ] GC(147) Concurrent Mark From Roots
[4.147s][info][gc,task       ] GC(147) Using 3 workers of 3 for marking
[4.149s][info][gc,marking    ] GC(147) Concurrent Mark From Roots 2.622ms
[4.149s][info][gc,marking    ] GC(147) Concurrent Preclean
[4.149s][info][gc,marking    ] GC(147) Concurrent Preclean 0.088ms
[4.149s][info][gc,marking    ] GC(147) Concurrent Mark (4.147s, 4.149s) 2.756ms
[4.149s][info][gc,start      ] GC(147) Pause Remark
[4.150s][info][gc,stringtable] GC(147) Cleaned string and symbol table, strings: 2628 processed, 0 removed, symbols: 25756 processed, 0 removed
[4.150s][info][gc            ] GC(147) Pause Remark 1888M->1888M(3951M) 0.572ms
[4.150s][info][gc,cpu        ] GC(147) User=0.00s Sys=0.00s Real=0.00s
[4.150s][info][gc,marking    ] GC(147) Concurrent Rebuild Remembered Sets
[4.151s][info][gc,marking    ] GC(147) Concurrent Rebuild Remembered Sets 1.404ms
[4.151s][info][gc,start      ] GC(147) Pause Cleanup
[4.152s][info][gc            ] GC(147) Pause Cleanup 1892M->1892M(3951M) 0.284ms
[4.152s][info][gc,cpu        ] GC(147) User=0.00s Sys=0.00s Real=0.00s
[4.152s][info][gc,marking    ] GC(147) Concurrent Cleanup for Next Mark
[4.153s][info][gc,marking    ] GC(147) Concurrent Cleanup for Next Mark 1.495ms
[4.153s][info][gc            ] GC(147) Concurrent Cycle 7.065ms
[4.159s][info][gc,start      ] GC(148) Pause Young (Concurrent Start) (G1 Humongous Allocation)
[4.159s][info][gc,task       ] GC(148) Using 13 workers of 13 for evacuation
[4.161s][info][gc,phases     ] GC(148)   Pre Evacuate Collection Set: 0.0ms
[4.161s][info][gc,phases     ] GC(148)   Evacuate Collection Set: 2.4ms
[4.161s][info][gc,phases     ] GC(148)   Post Evacuate Collection Set: 0.2ms
[4.161s][info][gc,phases     ] GC(148)   Other: 0.1ms
[4.161s][info][gc,heap       ] GC(148) Eden regions: 32->0(603)
[4.161s][info][gc,heap       ] GC(148) Survivor regions: 45->46(76)
[4.161s][info][gc,heap       ] GC(148) Old regions: 1687->1691
[4.161s][info][gc,heap       ] GC(148) Humongous regions: 148->147
[4.161s][info][gc,metaspace  ] GC(148) Metaspace: 6876K(7168K)->6876K(7168K) NonClass: 6286K(6400K)->6286K(6400K) Class: 589K(768K)->589K(768K)
[4.161s][info][gc            ] GC(148) Pause Young (Concurrent Start) (G1 Humongous Allocation) 1910M->1883M(3951M) 2.787ms
[4.162s][info][gc,cpu        ] GC(148) User=0.16s Sys=0.05s Real=0.00s
[4.162s][info][gc            ] GC(149) Concurrent Cycle
[4.162s][info][gc,marking    ] GC(149) Concurrent Clear Claimed Marks
[4.162s][info][gc,marking    ] GC(149) Concurrent Clear Claimed Marks 0.013ms
[4.162s][info][gc,marking    ] GC(149) Concurrent Scan Root Regions
[4.162s][info][gc,marking    ] GC(149) Concurrent Scan Root Regions 0.248ms
[4.162s][info][gc,marking    ] GC(149) Concurrent Mark (4.162s)
[4.162s][info][gc,marking    ] GC(149) Concurrent Mark From Roots
[4.162s][info][gc,task       ] GC(149) Using 3 workers of 3 for marking
[4.165s][info][gc,marking    ] GC(149) Concurrent Mark From Roots 2.733ms
[4.165s][info][gc,marking    ] GC(149) Concurrent Preclean
[4.165s][info][gc,marking    ] GC(149) Concurrent Preclean 0.098ms
[4.165s][info][gc,marking    ] GC(149) Concurrent Mark (4.162s, 4.165s) 2.892ms
[4.165s][info][gc,start      ] GC(149) Pause Remark
[4.165s][info][gc,stringtable] GC(149) Cleaned string and symbol table, strings: 2628 processed, 0 removed, symbols: 25756 processed, 0 removed
[4.165s][info][gc            ] GC(149) Pause Remark 1894M->1894M(3951M) 0.491ms
[4.165s][info][gc,cpu        ] GC(149) User=0.00s Sys=0.00s Real=0.00s
[4.165s][info][gc,marking    ] GC(149) Concurrent Rebuild Remembered Sets
[4.167s][info][gc,marking    ] GC(149) Concurrent Rebuild Remembered Sets 1.418ms
[4.167s][info][gc,start      ] GC(149) Pause Cleanup
[4.167s][info][gc            ] GC(149) Pause Cleanup 1900M->1900M(3951M) 0.304ms
[4.167s][info][gc,cpu        ] GC(149) User=0.00s Sys=0.00s Real=0.00s
[4.167s][info][gc,marking    ] GC(149) Concurrent Cleanup for Next Mark
[4.169s][info][gc,marking    ] GC(149) Concurrent Cleanup for Next Mark 1.484ms
[4.169s][info][gc            ] GC(149) Concurrent Cycle 7.164ms
[4.169s][info][gc,start      ] GC(150) Pause Young (Concurrent Start) (G1 Humongous Allocation)
[4.169s][info][gc,task       ] GC(150) Using 13 workers of 13 for evacuation
[4.172s][info][gc,phases     ] GC(150)   Pre Evacuate Collection Set: 0.0ms
[4.172s][info][gc,phases     ] GC(150)   Evacuate Collection Set: 2.4ms
[4.172s][info][gc,phases     ] GC(150)   Post Evacuate Collection Set: 0.5ms
[4.172s][info][gc,phases     ] GC(150)   Other: 0.1ms
[4.172s][info][gc,heap       ] GC(150) Eden regions: 16->0(695)
[4.172s][info][gc,heap       ] GC(150) Survivor regions: 46->47(82)
[4.172s][info][gc,heap       ] GC(150) Old regions: 1691->1694
[4.172s][info][gc,heap       ] GC(150) Humongous regions: 152->147
[4.172s][info][gc,metaspace  ] GC(150) Metaspace: 6876K(7168K)->6876K(7168K) NonClass: 6286K(6400K)->6286K(6400K) Class: 589K(768K)->589K(768K)
[4.172s][info][gc            ] GC(150) Pause Young (Concurrent Start) (G1 Humongous Allocation) 1903M->1886M(3987M) 3.132ms
[4.172s][info][gc,cpu        ] GC(150) User=0.00s Sys=0.00s Real=0.00s
[4.172s][info][gc            ] GC(151) Concurrent Cycle
[4.172s][info][gc,marking    ] GC(151) Concurrent Clear Claimed Marks
[4.172s][info][gc,marking    ] GC(151) Concurrent Clear Claimed Marks 0.010ms
[4.172s][info][gc,marking    ] GC(151) Concurrent Scan Root Regions
[4.172s][info][gc,marking    ] GC(151) Concurrent Scan Root Regions 0.272ms
[4.172s][info][gc,marking    ] GC(151) Concurrent Mark (4.172s)
[4.172s][info][gc,marking    ] GC(151) Concurrent Mark From Roots
[4.172s][info][gc,task       ] GC(151) Using 3 workers of 3 for marking
[4.175s][info][gc,marking    ] GC(151) Concurrent Mark From Roots 2.566ms
[4.175s][info][gc,marking    ] GC(151) Concurrent Preclean
[4.175s][info][gc,marking    ] GC(151) Concurrent Preclean 0.076ms
[4.175s][info][gc,marking    ] GC(151) Concurrent Mark (4.172s, 4.175s) 2.688ms
[4.175s][info][gc,start      ] GC(151) Pause Remark
[4.175s][info][gc,stringtable] GC(151) Cleaned string and symbol table, strings: 2628 processed, 0 removed, symbols: 25756 processed, 0 removed
[4.176s][info][gc            ] GC(151) Pause Remark 1895M->1895M(3987M) 0.474ms
[4.176s][info][gc,cpu        ] GC(151) User=0.00s Sys=0.00s Real=0.00s
[4.176s][info][gc,marking    ] GC(151) Concurrent Rebuild Remembered Sets
[4.177s][info][gc,marking    ] GC(151) Concurrent Rebuild Remembered Sets 1.520ms
[4.177s][info][gc,start      ] GC(151) Pause Cleanup
[4.178s][info][gc            ] GC(151) Pause Cleanup 1899M->1899M(3987M) 0.360ms
[4.178s][info][gc,cpu        ] GC(151) User=0.00s Sys=0.00s Real=0.00s
[4.178s][info][gc,marking    ] GC(151) Concurrent Cleanup for Next Mark
[4.179s][info][gc,marking    ] GC(151) Concurrent Cleanup for Next Mark 1.521ms
[4.179s][info][gc            ] GC(151) Concurrent Cycle 7.174ms
[4.186s][info][gc,start      ] GC(152) Pause Young (Concurrent Start) (G1 Humongous Allocation)
[4.186s][info][gc,task       ] GC(152) Using 13 workers of 13 for evacuation
[4.189s][info][gc,phases     ] GC(152)   Pre Evacuate Collection Set: 0.0ms
[4.189s][info][gc,phases     ] GC(152)   Evacuate Collection Set: 2.9ms
[4.189s][info][gc,phases     ] GC(152)   Post Evacuate Collection Set: 0.2ms
[4.189s][info][gc,phases     ] GC(152)   Other: 0.1ms
[4.189s][info][gc,heap       ] GC(152) Eden regions: 26->0(707)
[4.189s][info][gc,heap       ] GC(152) Survivor regions: 47->52(93)
[4.189s][info][gc,heap       ] GC(152) Old regions: 1694->1694
[4.189s][info][gc,heap       ] GC(152) Humongous regions: 150->148
[4.189s][info][gc,metaspace  ] GC(152) Metaspace: 6876K(7168K)->6876K(7168K) NonClass: 6286K(6400K)->6286K(6400K) Class: 589K(768K)->589K(768K)
[4.189s][info][gc            ] GC(152) Pause Young (Concurrent Start) (G1 Humongous Allocation) 1915M->1893M(3987M) 3.361ms
[4.189s][info][gc,cpu        ] GC(152) User=0.00s Sys=0.00s Real=0.00s
[4.189s][info][gc            ] GC(153) Concurrent Cycle
[4.189s][info][gc,marking    ] GC(153) Concurrent Clear Claimed Marks
[4.189s][info][gc,marking    ] GC(153) Concurrent Clear Claimed Marks 0.010ms
[4.189s][info][gc,marking    ] GC(153) Concurrent Scan Root Regions
[4.189s][info][gc,marking    ] GC(153) Concurrent Scan Root Regions 0.262ms
[4.189s][info][gc,marking    ] GC(153) Concurrent Mark (4.189s)
[4.189s][info][gc,marking    ] GC(153) Concurrent Mark From Roots
[4.189s][info][gc,task       ] GC(153) Using 3 workers of 3 for marking
[4.192s][info][gc,marking    ] GC(153) Concurrent Mark From Roots 2.604ms
[4.192s][info][gc,marking    ] GC(153) Concurrent Preclean
[4.192s][info][gc,marking    ] GC(153) Concurrent Preclean 0.079ms
[4.192s][info][gc,marking    ] GC(153) Concurrent Mark (4.189s, 4.192s) 2.740ms
[4.192s][info][gc,start      ] GC(153) Pause Remark
[4.192s][info][gc,stringtable] GC(153) Cleaned string and symbol table, strings: 2628 processed, 0 removed, symbols: 25756 processed, 0 removed
[4.192s][info][gc            ] GC(153) Pause Remark 1903M->1903M(3987M) 0.468ms
[4.193s][info][gc,cpu        ] GC(153) User=0.00s Sys=0.00s Real=0.00s
[4.193s][info][gc,marking    ] GC(153) Concurrent Rebuild Remembered Sets
[4.194s][info][gc,marking    ] GC(153) Concurrent Rebuild Remembered Sets 1.468ms
[4.194s][info][gc,start      ] GC(153) Pause Cleanup
[4.194s][info][gc            ] GC(153) Pause Cleanup 1907M->1907M(3987M) 0.317ms
[4.194s][info][gc,cpu        ] GC(153) User=0.00s Sys=0.00s Real=0.00s
[4.194s][info][gc,marking    ] GC(153) Concurrent Cleanup for Next Mark
[4.196s][info][gc,marking    ] GC(153) Concurrent Cleanup for Next Mark 1.659ms
[4.196s][info][gc            ] GC(153) Concurrent Cycle 7.195ms
[4.202s][info][gc,start      ] GC(154) Pause Young (Concurrent Start) (G1 Humongous Allocation)
[4.202s][info][gc,task       ] GC(154) Using 13 workers of 13 for evacuation
[4.206s][info][gc,phases     ] GC(154)   Pre Evacuate Collection Set: 0.0ms
[4.206s][info][gc,phases     ] GC(154)   Evacuate Collection Set: 2.8ms
[4.206s][info][gc,phases     ] GC(154)   Post Evacuate Collection Set: 0.2ms
[4.206s][info][gc,phases     ] GC(154)   Other: 0.1ms
[4.206s][info][gc,heap       ] GC(154) Eden regions: 35->0(632)
[4.206s][info][gc,heap       ] GC(154) Survivor regions: 52->59(95)
[4.206s][info][gc,heap       ] GC(154) Old regions: 1694->1694
[4.206s][info][gc,heap       ] GC(154) Humongous regions: 150->148
[4.206s][info][gc,metaspace  ] GC(154) Metaspace: 6876K(7168K)->6876K(7168K) NonClass: 6286K(6400K)->6286K(6400K) Class: 589K(768K)->589K(768K)
[4.206s][info][gc            ] GC(154) Pause Young (Concurrent Start) (G1 Humongous Allocation) 1929M->1899M(3987M) 3.226ms
[4.206s][info][gc,cpu        ] GC(154) User=0.00s Sys=0.00s Real=0.00s
[4.206s][info][gc            ] GC(155) Concurrent Cycle
[4.206s][info][gc,marking    ] GC(155) Concurrent Clear Claimed Marks
[4.206s][info][gc,marking    ] GC(155) Concurrent Clear Claimed Marks 0.013ms
[4.206s][info][gc,marking    ] GC(155) Concurrent Scan Root Regions
[4.206s][info][gc,marking    ] GC(155) Concurrent Scan Root Regions 0.324ms
[4.206s][info][gc,marking    ] GC(155) Concurrent Mark (4.206s)
[4.206s][info][gc,marking    ] GC(155) Concurrent Mark From Roots
[4.206s][info][gc,task       ] GC(155) Using 3 workers of 3 for marking
[4.209s][info][gc,marking    ] GC(155) Concurrent Mark From Roots 2.599ms
[4.209s][info][gc,marking    ] GC(155) Concurrent Preclean
[4.209s][info][gc,marking    ] GC(155) Concurrent Preclean 0.064ms
[4.209s][info][gc,marking    ] GC(155) Concurrent Mark (4.206s, 4.209s) 2.705ms
[4.209s][info][gc,start      ] GC(155) Pause Remark
[4.209s][info][gc,stringtable] GC(155) Cleaned string and symbol table, strings: 2628 processed, 0 removed, symbols: 25756 processed, 0 removed
[4.209s][info][gc            ] GC(155) Pause Remark 1910M->1910M(3987M) 0.476ms
[4.209s][info][gc,cpu        ] GC(155) User=0.00s Sys=0.00s Real=0.00s
[4.209s][info][gc,marking    ] GC(155) Concurrent Rebuild Remembered Sets
[4.211s][info][gc,marking    ] GC(155) Concurrent Rebuild Remembered Sets 1.433ms
[4.211s][info][gc,start      ] GC(155) Pause Cleanup
[4.211s][info][gc            ] GC(155) Pause Cleanup 1914M->1914M(3987M) 0.337ms
[4.211s][info][gc,cpu        ] GC(155) User=0.00s Sys=0.00s Real=0.00s
[4.211s][info][gc,marking    ] GC(155) Concurrent Cleanup for Next Mark
[4.213s][info][gc,marking    ] GC(155) Concurrent Cleanup for Next Mark 1.659ms
[4.213s][info][gc            ] GC(155) Concurrent Cycle 7.209ms
[4.214s][info][gc,start      ] GC(156) Pause Young (Concurrent Start) (G1 Humongous Allocation)
[4.214s][info][gc,task       ] GC(156) Using 13 workers of 13 for evacuation
[4.217s][info][gc,phases     ] GC(156)   Pre Evacuate Collection Set: 0.0ms
[4.217s][info][gc,phases     ] GC(156)   Evacuate Collection Set: 2.9ms
[4.217s][info][gc,phases     ] GC(156)   Post Evacuate Collection Set: 0.2ms
[4.217s][info][gc,phases     ] GC(156)   Other: 0.1ms
[4.217s][info][gc,heap       ] GC(156) Eden regions: 19->0(692)
[4.217s][info][gc,heap       ] GC(156) Survivor regions: 59->49(87)
[4.217s][info][gc,heap       ] GC(156) Old regions: 1694->1707
[4.217s][info][gc,heap       ] GC(156) Humongous regions: 151->149
[4.217s][info][gc,metaspace  ] GC(156) Metaspace: 6876K(7168K)->6876K(7168K) NonClass: 6286K(6400K)->6286K(6400K) Class: 589K(768K)->589K(768K)
[4.217s][info][gc            ] GC(156) Pause Young (Concurrent Start) (G1 Humongous Allocation) 1921M->1903M(3987M) 3.247ms
[4.217s][info][gc,cpu        ] GC(156) User=0.00s Sys=0.00s Real=0.00s
[4.217s][info][gc            ] GC(157) Concurrent Cycle
[4.217s][info][gc,marking    ] GC(157) Concurrent Clear Claimed Marks
[4.217s][info][gc,marking    ] GC(157) Concurrent Clear Claimed Marks 0.013ms
[4.217s][info][gc,marking    ] GC(157) Concurrent Scan Root Regions
[4.218s][info][gc,marking    ] GC(157) Concurrent Scan Root Regions 0.280ms
[4.218s][info][gc,marking    ] GC(157) Concurrent Mark (4.218s)
[4.218s][info][gc,marking    ] GC(157) Concurrent Mark From Roots
[4.218s][info][gc,task       ] GC(157) Using 3 workers of 3 for marking
[4.221s][info][gc,marking    ] GC(157) Concurrent Mark From Roots 2.917ms
[4.221s][info][gc,marking    ] GC(157) Concurrent Preclean
[4.221s][info][gc,marking    ] GC(157) Concurrent Preclean 0.063ms
[4.221s][info][gc,marking    ] GC(157) Concurrent Mark (4.218s, 4.221s) 3.020ms
[4.221s][info][gc,start      ] GC(157) Pause Remark
[4.221s][info][gc,stringtable] GC(157) Cleaned string and symbol table, strings: 2628 processed, 0 removed, symbols: 25756 processed, 0 removed
[4.221s][info][gc            ] GC(157) Pause Remark 1912M->1912M(3987M) 0.422ms
[4.221s][info][gc,cpu        ] GC(157) User=0.00s Sys=0.00s Real=0.00s
[4.221s][info][gc,marking    ] GC(157) Concurrent Rebuild Remembered Sets
[4.223s][info][gc,marking    ] GC(157) Concurrent Rebuild Remembered Sets 1.712ms
[4.223s][info][gc,start      ] GC(157) Pause Cleanup
[4.223s][info][gc            ] GC(157) Pause Cleanup 1918M->1918M(3987M) 0.296ms
[4.223s][info][gc,cpu        ] GC(157) User=0.00s Sys=0.00s Real=0.00s
[4.223s][info][gc,marking    ] GC(157) Concurrent Cleanup for Next Mark
[4.225s][info][gc,marking    ] GC(157) Concurrent Cleanup for Next Mark 1.604ms
[4.225s][info][gc            ] GC(157) Concurrent Cycle 7.625ms
[4.235s][info][gc,start      ] GC(158) Pause Young (Concurrent Start) (G1 Humongous Allocation)
[4.235s][info][gc,task       ] GC(158) Using 13 workers of 13 for evacuation
[4.238s][info][gc,phases     ] GC(158)   Pre Evacuate Collection Set: 0.0ms
[4.238s][info][gc,phases     ] GC(158)   Evacuate Collection Set: 2.8ms
[4.238s][info][gc,phases     ] GC(158)   Post Evacuate Collection Set: 0.4ms
[4.238s][info][gc,phases     ] GC(158)   Other: 0.1ms
[4.238s][info][gc,heap       ] GC(158) Eden regions: 49->0(739)
[4.238s][info][gc,heap       ] GC(158) Survivor regions: 49->58(93)
[4.238s][info][gc,heap       ] GC(158) Old regions: 1707->1707
[4.238s][info][gc,heap       ] GC(158) Humongous regions: 151->149
[4.238s][info][gc,metaspace  ] GC(158) Metaspace: 6876K(7168K)->6876K(7168K) NonClass: 6286K(6400K)->6286K(6400K) Class: 589K(768K)->589K(768K)
[4.238s][info][gc            ] GC(158) Pause Young (Concurrent Start) (G1 Humongous Allocation) 1954M->1912M(4017M) 3.442ms
[4.238s][info][gc,cpu        ] GC(158) User=0.09s Sys=0.05s Real=0.00s
[4.238s][info][gc            ] GC(159) Concurrent Cycle
[4.238s][info][gc,marking    ] GC(159) Concurrent Clear Claimed Marks
[4.238s][info][gc,marking    ] GC(159) Concurrent Clear Claimed Marks 0.012ms
[4.238s][info][gc,marking    ] GC(159) Concurrent Scan Root Regions
[4.239s][info][gc,marking    ] GC(159) Concurrent Scan Root Regions 0.278ms
[4.239s][info][gc,marking    ] GC(159) Concurrent Mark (4.239s)
[4.239s][info][gc,marking    ] GC(159) Concurrent Mark From Roots
[4.239s][info][gc,task       ] GC(159) Using 3 workers of 3 for marking
[4.241s][info][gc,marking    ] GC(159) Concurrent Mark From Roots 2.544ms
[4.241s][info][gc,marking    ] GC(159) Concurrent Preclean
[4.241s][info][gc,marking    ] GC(159) Concurrent Preclean 0.083ms
[4.241s][info][gc,marking    ] GC(159) Concurrent Mark (4.239s, 4.241s) 2.676ms
[4.241s][info][gc,start      ] GC(159) Pause Remark
[4.242s][info][gc,stringtable] GC(159) Cleaned string and symbol table, strings: 2628 processed, 0 removed, symbols: 25756 processed, 0 removed
[4.242s][info][gc            ] GC(159) Pause Remark 1920M->1920M(4017M) 0.459ms
[4.242s][info][gc,cpu        ] GC(159) User=0.00s Sys=0.00s Real=0.00s
[4.242s][info][gc,marking    ] GC(159) Concurrent Rebuild Remembered Sets
[4.243s][info][gc,marking    ] GC(159) Concurrent Rebuild Remembered Sets 1.459ms
[4.243s][info][gc,start      ] GC(159) Pause Cleanup
[4.244s][info][gc            ] GC(159) Pause Cleanup 1923M->1923M(4017M) 0.288ms
[4.244s][info][gc,cpu        ] GC(159) User=0.00s Sys=0.00s Real=0.00s
[4.244s][info][gc,marking    ] GC(159) Concurrent Cleanup for Next Mark
[4.245s][info][gc,marking    ] GC(159) Concurrent Cleanup for Next Mark 1.630ms
[4.245s][info][gc            ] GC(159) Concurrent Cycle 7.093ms
[4.246s][info][gc,start      ] GC(160) Pause Young (Concurrent Start) (G1 Humongous Allocation)
[4.246s][info][gc,task       ] GC(160) Using 13 workers of 13 for evacuation
[4.249s][info][gc,phases     ] GC(160)   Pre Evacuate Collection Set: 0.0ms
[4.249s][info][gc,phases     ] GC(160)   Evacuate Collection Set: 3.4ms
[4.249s][info][gc,phases     ] GC(160)   Post Evacuate Collection Set: 0.2ms
[4.249s][info][gc,phases     ] GC(160)   Other: 0.1ms
[4.249s][info][gc,heap       ] GC(160) Eden regions: 11->0(809)
[4.249s][info][gc,heap       ] GC(160) Survivor regions: 58->58(100)
[4.249s][info][gc,heap       ] GC(160) Old regions: 1707->1710
[4.249s][info][gc,heap       ] GC(160) Humongous regions: 151->149
[4.249s][info][gc,metaspace  ] GC(160) Metaspace: 6876K(7168K)->6876K(7168K) NonClass: 6286K(6400K)->6286K(6400K) Class: 589K(768K)->589K(768K)
[4.249s][info][gc            ] GC(160) Pause Young (Concurrent Start) (G1 Humongous Allocation) 1925M->1916M(4017M) 3.812ms
[4.249s][info][gc,cpu        ] GC(160) User=0.00s Sys=0.00s Real=0.00s
[4.249s][info][gc            ] GC(161) Concurrent Cycle
[4.249s][info][gc,marking    ] GC(161) Concurrent Clear Claimed Marks
[4.249s][info][gc,marking    ] GC(161) Concurrent Clear Claimed Marks 0.010ms
[4.249s][info][gc,marking    ] GC(161) Concurrent Scan Root Regions
[4.250s][info][gc,marking    ] GC(161) Concurrent Scan Root Regions 0.244ms
[4.250s][info][gc,marking    ] GC(161) Concurrent Mark (4.250s)
[4.250s][info][gc,marking    ] GC(161) Concurrent Mark From Roots
[4.250s][info][gc,task       ] GC(161) Using 3 workers of 3 for marking
[4.252s][info][gc,marking    ] GC(161) Concurrent Mark From Roots 2.673ms
[4.252s][info][gc,marking    ] GC(161) Concurrent Preclean
[4.252s][info][gc,marking    ] GC(161) Concurrent Preclean 0.066ms
[4.253s][info][gc,marking    ] GC(161) Concurrent Mark (4.250s, 4.253s) 2.781ms
[4.253s][info][gc,start      ] GC(161) Pause Remark
[4.253s][info][gc,stringtable] GC(161) Cleaned string and symbol table, strings: 2628 processed, 0 removed, symbols: 25756 processed, 0 removed
[4.253s][info][gc            ] GC(161) Pause Remark 1925M->1925M(4017M) 0.443ms
[4.253s][info][gc,cpu        ] GC(161) User=0.08s Sys=0.00s Real=0.00s
[4.253s][info][gc,marking    ] GC(161) Concurrent Rebuild Remembered Sets
[4.255s][info][gc,marking    ] GC(161) Concurrent Rebuild Remembered Sets 1.459ms
[4.255s][info][gc,start      ] GC(161) Pause Cleanup
[4.255s][info][gc            ] GC(161) Pause Cleanup 1930M->1930M(4017M) 0.293ms
[4.255s][info][gc,cpu        ] GC(161) User=0.00s Sys=0.00s Real=0.00s
[4.255s][info][gc,marking    ] GC(161) Concurrent Cleanup for Next Mark
[4.257s][info][gc,marking    ] GC(161) Concurrent Cleanup for Next Mark 1.631ms
[4.257s][info][gc            ] GC(161) Concurrent Cycle 7.154ms
[4.258s][info][gc,start      ] GC(162) Pause Young (Concurrent Start) (G1 Humongous Allocation)
[4.258s][info][gc,task       ] GC(162) Using 13 workers of 13 for evacuation
[4.261s][info][gc,phases     ] GC(162)   Pre Evacuate Collection Set: 0.0ms
[4.261s][info][gc,phases     ] GC(162)   Evacuate Collection Set: 2.8ms
[4.261s][info][gc,phases     ] GC(162)   Post Evacuate Collection Set: 0.2ms
[4.261s][info][gc,phases     ] GC(162)   Other: 0.1ms
[4.261s][info][gc,heap       ] GC(162) Eden regions: 21->0(840)
[4.261s][info][gc,heap       ] GC(162) Survivor regions: 58->61(109)
[4.261s][info][gc,heap       ] GC(162) Old regions: 1710->1710
[4.261s][info][gc,heap       ] GC(162) Humongous regions: 150->149
[4.261s][info][gc,metaspace  ] GC(162) Metaspace: 6876K(7168K)->6876K(7168K) NonClass: 6286K(6400K)->6286K(6400K) Class: 589K(768K)->589K(768K)
[4.261s][info][gc            ] GC(162) Pause Young (Concurrent Start) (G1 Humongous Allocation) 1938M->1919M(4017M) 3.199ms
[4.261s][info][gc,cpu        ] GC(162) User=0.00s Sys=0.00s Real=0.00s
[4.261s][info][gc            ] GC(163) Concurrent Cycle
[4.261s][info][gc,marking    ] GC(163) Concurrent Clear Claimed Marks
[4.261s][info][gc,marking    ] GC(163) Concurrent Clear Claimed Marks 0.009ms
[4.261s][info][gc,marking    ] GC(163) Concurrent Scan Root Regions
[4.261s][info][gc,marking    ] GC(163) Concurrent Scan Root Regions 0.267ms
[4.261s][info][gc,marking    ] GC(163) Concurrent Mark (4.261s)
[4.261s][info][gc,marking    ] GC(163) Concurrent Mark From Roots
[4.261s][info][gc,task       ] GC(163) Using 3 workers of 3 for marking
[4.264s][info][gc,marking    ] GC(163) Concurrent Mark From Roots 2.634ms
[4.264s][info][gc,marking    ] GC(163) Concurrent Preclean
[4.264s][info][gc,marking    ] GC(163) Concurrent Preclean 0.061ms
[4.264s][info][gc,marking    ] GC(163) Concurrent Mark (4.261s, 4.264s) 2.727ms
[4.264s][info][gc,start      ] GC(163) Pause Remark
[4.265s][info][gc,stringtable] GC(163) Cleaned string and symbol table, strings: 2628 processed, 0 removed, symbols: 25756 processed, 0 removed
[4.265s][info][gc            ] GC(163) Pause Remark 1929M->1929M(4017M) 0.436ms
[4.265s][info][gc,cpu        ] GC(163) User=0.00s Sys=0.00s Real=0.00s
[4.265s][info][gc,marking    ] GC(163) Concurrent Rebuild Remembered Sets
[4.266s][info][gc,marking    ] GC(163) Concurrent Rebuild Remembered Sets 1.389ms
[4.266s][info][gc,start      ] GC(163) Pause Cleanup
[4.266s][info][gc            ] GC(163) Pause Cleanup 1934M->1934M(4017M) 0.289ms
[4.266s][info][gc,cpu        ] GC(163) User=0.00s Sys=0.00s Real=0.00s
[4.267s][info][gc,marking    ] GC(163) Concurrent Cleanup for Next Mark
[4.268s][info][gc,marking    ] GC(163) Concurrent Cleanup for Next Mark 1.669ms
[4.268s][info][gc            ] GC(163) Concurrent Cycle 7.071ms
[4.269s][info][gc,start      ] GC(164) Pause Young (Concurrent Start) (G1 Humongous Allocation)
[4.269s][info][gc,task       ] GC(164) Using 13 workers of 13 for evacuation
[4.272s][info][gc,phases     ] GC(164)   Pre Evacuate Collection Set: 0.0ms
[4.272s][info][gc,phases     ] GC(164)   Evacuate Collection Set: 2.9ms
[4.272s][info][gc,phases     ] GC(164)   Post Evacuate Collection Set: 0.1ms
[4.272s][info][gc,phases     ] GC(164)   Other: 0.1ms
[4.272s][info][gc,heap       ] GC(164) Eden regions: 16->0(727)
[4.272s][info][gc,heap       ] GC(164) Survivor regions: 61->64(113)
[4.272s][info][gc,heap       ] GC(164) Old regions: 1710->1710
[4.272s][info][gc,heap       ] GC(164) Humongous regions: 151->149
[4.272s][info][gc,metaspace  ] GC(164) Metaspace: 6876K(7168K)->6876K(7168K) NonClass: 6286K(6400K)->6286K(6400K) Class: 589K(768K)->589K(768K)
[4.272s][info][gc            ] GC(164) Pause Young (Concurrent Start) (G1 Humongous Allocation) 1937M->1922M(4017M) 3.286ms
[4.272s][info][gc,cpu        ] GC(164) User=0.00s Sys=0.00s Real=0.00s
[4.272s][info][gc            ] GC(165) Concurrent Cycle
[4.272s][info][gc,marking    ] GC(165) Concurrent Clear Claimed Marks
[4.272s][info][gc,marking    ] GC(165) Concurrent Clear Claimed Marks 0.013ms
[4.272s][info][gc,marking    ] GC(165) Concurrent Scan Root Regions
[4.272s][info][gc,marking    ] GC(165) Concurrent Scan Root Regions 0.258ms
[4.272s][info][gc,marking    ] GC(165) Concurrent Mark (4.272s)
[4.272s][info][gc,marking    ] GC(165) Concurrent Mark From Roots
[4.272s][info][gc,task       ] GC(165) Using 3 workers of 3 for marking
[4.275s][info][gc,marking    ] GC(165) Concurrent Mark From Roots 2.578ms
[4.275s][info][gc,marking    ] GC(165) Concurrent Preclean
[4.275s][info][gc,marking    ] GC(165) Concurrent Preclean 0.092ms
[4.275s][info][gc,marking    ] GC(165) Concurrent Mark (4.272s, 4.275s) 2.721ms
[4.275s][info][gc,start      ] GC(165) Pause Remark
[4.275s][info][gc,stringtable] GC(165) Cleaned string and symbol table, strings: 2628 processed, 0 removed, symbols: 25756 processed, 0 removed
[4.276s][info][gc            ] GC(165) Pause Remark 1931M->1931M(4017M) 0.514ms
[4.276s][info][gc,cpu        ] GC(165) User=0.00s Sys=0.00s Real=0.00s
[4.276s][info][gc,marking    ] GC(165) Concurrent Rebuild Remembered Sets
[4.277s][info][gc,marking    ] GC(165) Concurrent Rebuild Remembered Sets 1.516ms
[4.277s][info][gc,start      ] GC(165) Pause Cleanup
[4.277s][info][gc            ] GC(165) Pause Cleanup 1937M->1937M(4017M) 0.279ms
[4.277s][info][gc,cpu        ] GC(165) User=0.00s Sys=0.00s Real=0.00s
[4.277s][info][gc,marking    ] GC(165) Concurrent Cleanup for Next Mark
[4.279s][info][gc,marking    ] GC(165) Concurrent Cleanup for Next Mark 1.624ms
[4.279s][info][gc            ] GC(165) Concurrent Cycle 7.199ms
[4.280s][info][gc,start      ] GC(166) Pause Young (Concurrent Start) (G1 Humongous Allocation)
[4.280s][info][gc,task       ] GC(166) Using 13 workers of 13 for evacuation
[4.283s][info][gc,phases     ] GC(166)   Pre Evacuate Collection Set: 0.0ms
[4.283s][info][gc,phases     ] GC(166)   Evacuate Collection Set: 3.2ms
[4.283s][info][gc,phases     ] GC(166)   Post Evacuate Collection Set: 0.3ms
[4.283s][info][gc,phases     ] GC(166)   Other: 0.1ms
[4.283s][info][gc,heap       ] GC(166) Eden regions: 16->0(712)
[4.283s][info][gc,heap       ] GC(166) Survivor regions: 64->58(99)
[4.283s][info][gc,heap       ] GC(166) Old regions: 1710->1719
[4.283s][info][gc,heap       ] GC(166) Humongous regions: 153->150
[4.283s][info][gc,metaspace  ] GC(166) Metaspace: 6876K(7168K)->6876K(7168K) NonClass: 6286K(6400K)->6286K(6400K) Class: 589K(768K)->589K(768K)
[4.283s][info][gc            ] GC(166) Pause Young (Concurrent Start) (G1 Humongous Allocation) 1941M->1926M(4038M) 3.742ms
[4.283s][info][gc,cpu        ] GC(166) User=0.00s Sys=0.00s Real=0.00s
[4.283s][info][gc            ] GC(167) Concurrent Cycle
[4.283s][info][gc,marking    ] GC(167) Concurrent Clear Claimed Marks
[4.283s][info][gc,marking    ] GC(167) Concurrent Clear Claimed Marks 0.011ms
[4.283s][info][gc,marking    ] GC(167) Concurrent Scan Root Regions
[4.284s][info][gc,marking    ] GC(167) Concurrent Scan Root Regions 0.238ms
[4.284s][info][gc,marking    ] GC(167) Concurrent Mark (4.284s)
[4.284s][info][gc,marking    ] GC(167) Concurrent Mark From Roots
[4.284s][info][gc,task       ] GC(167) Using 3 workers of 3 for marking
[4.286s][info][gc,marking    ] GC(167) Concurrent Mark From Roots 2.563ms
[4.286s][info][gc,marking    ] GC(167) Concurrent Preclean
[4.286s][info][gc,marking    ] GC(167) Concurrent Preclean 0.062ms
[4.286s][info][gc,marking    ] GC(167) Concurrent Mark (4.284s, 4.286s) 2.665ms
[4.286s][info][gc,start      ] GC(167) Pause Remark
[4.287s][info][gc,stringtable] GC(167) Cleaned string and symbol table, strings: 2628 processed, 0 removed, symbols: 25756 processed, 0 removed
[4.287s][info][gc            ] GC(167) Pause Remark 1934M->1934M(4038M) 0.444ms
[4.287s][info][gc,cpu        ] GC(167) User=0.00s Sys=0.00s Real=0.00s
[4.287s][info][gc,marking    ] GC(167) Concurrent Rebuild Remembered Sets
[4.288s][info][gc,marking    ] GC(167) Concurrent Rebuild Remembered Sets 1.415ms
[4.288s][info][gc,start      ] GC(167) Pause Cleanup
[4.289s][info][gc            ] GC(167) Pause Cleanup 1937M->1937M(4038M) 0.326ms
[4.289s][info][gc,cpu        ] GC(167) User=0.00s Sys=0.00s Real=0.00s
[4.289s][info][gc,marking    ] GC(167) Concurrent Cleanup for Next Mark
[4.290s][info][gc,marking    ] GC(167) Concurrent Cleanup for Next Mark 1.688ms
[4.290s][info][gc            ] GC(167) Concurrent Cycle 7.101ms
[4.296s][info][gc,start      ] GC(168) Pause Young (Concurrent Start) (G1 Humongous Allocation)
[4.296s][info][gc,task       ] GC(168) Using 13 workers of 13 for evacuation
[4.299s][info][gc,phases     ] GC(168)   Pre Evacuate Collection Set: 0.1ms
[4.299s][info][gc,phases     ] GC(168)   Evacuate Collection Set: 2.9ms
[4.299s][info][gc,phases     ] GC(168)   Post Evacuate Collection Set: 0.2ms
[4.299s][info][gc,phases     ] GC(168)   Other: 0.1ms
[4.299s][info][gc,heap       ] GC(168) Eden regions: 23->0(654)
[4.299s][info][gc,heap       ] GC(168) Survivor regions: 58->56(97)
[4.299s][info][gc,heap       ] GC(168) Old regions: 1719->1726
[4.299s][info][gc,heap       ] GC(168) Humongous regions: 151->150
[4.299s][info][gc,metaspace  ] GC(168) Metaspace: 6876K(7168K)->6876K(7168K) NonClass: 6286K(6400K)->6286K(6400K) Class: 589K(768K)->589K(768K)
[4.299s][info][gc            ] GC(168) Pause Young (Concurrent Start) (G1 Humongous Allocation) 1950M->1931M(4038M) 3.367ms
[4.299s][info][gc,cpu        ] GC(168) User=0.00s Sys=0.00s Real=0.00s
[4.299s][info][gc            ] GC(169) Concurrent Cycle
[4.299s][info][gc,marking    ] GC(169) Concurrent Clear Claimed Marks
[4.299s][info][gc,marking    ] GC(169) Concurrent Clear Claimed Marks 0.012ms
[4.299s][info][gc,marking    ] GC(169) Concurrent Scan Root Regions
[4.299s][info][gc,marking    ] GC(169) Concurrent Scan Root Regions 0.048ms
[4.299s][info][gc,marking    ] GC(169) Concurrent Mark (4.299s)
[4.299s][info][gc,marking    ] GC(169) Concurrent Mark From Roots
[4.299s][info][gc,task       ] GC(169) Using 3 workers of 3 for marking
[4.302s][info][gc,marking    ] GC(169) Concurrent Mark From Roots 2.523ms
[4.302s][info][gc,marking    ] GC(169) Concurrent Preclean
[4.302s][info][gc,marking    ] GC(169) Concurrent Preclean 0.076ms
[4.302s][info][gc,marking    ] GC(169) Concurrent Mark (4.299s, 4.302s) 2.631ms
[4.302s][info][gc,start      ] GC(169) Pause Remark
[4.302s][info][gc,stringtable] GC(169) Cleaned string and symbol table, strings: 2628 processed, 0 removed, symbols: 25756 processed, 0 removed
[4.303s][info][gc            ] GC(169) Pause Remark 1939M->1939M(4038M) 0.501ms
[4.303s][info][gc,cpu        ] GC(169) User=0.00s Sys=0.00s Real=0.00s
[4.303s][info][gc,marking    ] GC(169) Concurrent Rebuild Remembered Sets
[4.304s][info][gc,marking    ] GC(169) Concurrent Rebuild Remembered Sets 1.559ms
[4.304s][info][gc,start      ] GC(169) Pause Cleanup
[4.305s][info][gc            ] GC(169) Pause Cleanup 1944M->1944M(4038M) 0.325ms
[4.305s][info][gc,cpu        ] GC(169) User=0.00s Sys=0.00s Real=0.00s
[4.305s][info][gc,marking    ] GC(169) Concurrent Cleanup for Next Mark
[4.306s][info][gc,marking    ] GC(169) Concurrent Cleanup for Next Mark 1.709ms
[4.306s][info][gc            ] GC(169) Concurrent Cycle 7.063ms
[4.318s][info][gc,start      ] GC(170) Pause Young (Concurrent Start) (G1 Humongous Allocation)
[4.318s][info][gc,task       ] GC(170) Using 13 workers of 13 for evacuation
[4.321s][info][gc,phases     ] GC(170)   Pre Evacuate Collection Set: 0.0ms
[4.321s][info][gc,phases     ] GC(170)   Evacuate Collection Set: 3.0ms
[4.321s][info][gc,phases     ] GC(170)   Post Evacuate Collection Set: 0.2ms
[4.321s][info][gc,phases     ] GC(170)   Other: 0.1ms
[4.321s][info][gc,heap       ] GC(170) Eden regions: 52->0(659)
[4.321s][info][gc,heap       ] GC(170) Survivor regions: 56->55(89)
[4.321s][info][gc,heap       ] GC(170) Old regions: 1726->1737
[4.321s][info][gc,heap       ] GC(170) Humongous regions: 152->150
[4.321s][info][gc,metaspace  ] GC(170) Metaspace: 6876K(7168K)->6876K(7168K) NonClass: 6286K(6400K)->6286K(6400K) Class: 589K(768K)->589K(768K)
[4.321s][info][gc            ] GC(170) Pause Young (Concurrent Start) (G1 Humongous Allocation) 1984M->1940M(4038M) 3.357ms
[4.321s][info][gc,cpu        ] GC(170) User=0.00s Sys=0.00s Real=0.00s
[4.321s][info][gc            ] GC(171) Concurrent Cycle
[4.321s][info][gc,marking    ] GC(171) Concurrent Clear Claimed Marks
[4.321s][info][gc,marking    ] GC(171) Concurrent Clear Claimed Marks 0.012ms
[4.321s][info][gc,marking    ] GC(171) Concurrent Scan Root Regions
[4.321s][info][gc,marking    ] GC(171) Concurrent Scan Root Regions 0.041ms
[4.321s][info][gc,marking    ] GC(171) Concurrent Mark (4.321s)
[4.321s][info][gc,marking    ] GC(171) Concurrent Mark From Roots
[4.321s][info][gc,task       ] GC(171) Using 3 workers of 3 for marking
[4.324s][info][gc,marking    ] GC(171) Concurrent Mark From Roots 2.527ms
[4.324s][info][gc,marking    ] GC(171) Concurrent Preclean
[4.324s][info][gc,marking    ] GC(171) Concurrent Preclean 0.076ms
[4.324s][info][gc,marking    ] GC(171) Concurrent Mark (4.321s, 4.324s) 2.639ms
[4.324s][info][gc,start      ] GC(171) Pause Remark
[4.324s][info][gc,stringtable] GC(171) Cleaned string and symbol table, strings: 2628 processed, 0 removed, symbols: 25756 processed, 0 removed
[4.324s][info][gc            ] GC(171) Pause Remark 1949M->1949M(4038M) 0.454ms
[4.324s][info][gc,cpu        ] GC(171) User=0.00s Sys=0.00s Real=0.00s
[4.324s][info][gc,marking    ] GC(171) Concurrent Rebuild Remembered Sets
[4.326s][info][gc,marking    ] GC(171) Concurrent Rebuild Remembered Sets 1.731ms
[4.326s][info][gc,start      ] GC(171) Pause Cleanup
[4.326s][info][gc            ] GC(171) Pause Cleanup 1955M->1955M(4038M) 0.325ms
[4.326s][info][gc,cpu        ] GC(171) User=0.00s Sys=0.00s Real=0.00s
[4.326s][info][gc,marking    ] GC(171) Concurrent Cleanup for Next Mark
[4.328s][info][gc,marking    ] GC(171) Concurrent Cleanup for Next Mark 1.660ms
[4.328s][info][gc            ] GC(171) Concurrent Cycle 7.135ms
[4.333s][info][gc,start      ] GC(172) Pause Young (Concurrent Start) (G1 Humongous Allocation)
[4.333s][info][gc,task       ] GC(172) Using 13 workers of 13 for evacuation
[4.336s][info][gc,phases     ] GC(172)   Pre Evacuate Collection Set: 0.0ms
[4.336s][info][gc,phases     ] GC(172)   Evacuate Collection Set: 2.7ms
[4.336s][info][gc,phases     ] GC(172)   Post Evacuate Collection Set: 0.2ms
[4.336s][info][gc,phases     ] GC(172)   Other: 0.1ms
[4.336s][info][gc,heap       ] GC(172) Eden regions: 32->0(719)
[4.336s][info][gc,heap       ] GC(172) Survivor regions: 55->54(90)
[4.336s][info][gc,heap       ] GC(172) Old regions: 1737->1745
[4.336s][info][gc,heap       ] GC(172) Humongous regions: 151->150
[4.336s][info][gc,metaspace  ] GC(172) Metaspace: 6876K(7168K)->6876K(7168K) NonClass: 6286K(6400K)->6286K(6400K) Class: 589K(768K)->589K(768K)
[4.336s][info][gc            ] GC(172) Pause Young (Concurrent Start) (G1 Humongous Allocation) 1973M->1947M(4038M) 3.145ms
[4.336s][info][gc,cpu        ] GC(172) User=0.00s Sys=0.00s Real=0.00s
[4.336s][info][gc            ] GC(173) Concurrent Cycle
[4.336s][info][gc,marking    ] GC(173) Concurrent Clear Claimed Marks
[4.336s][info][gc,marking    ] GC(173) Concurrent Clear Claimed Marks 0.013ms
[4.336s][info][gc,marking    ] GC(173) Concurrent Scan Root Regions
[4.336s][info][gc,marking    ] GC(173) Concurrent Scan Root Regions 0.046ms
[4.336s][info][gc,marking    ] GC(173) Concurrent Mark (4.336s)
[4.336s][info][gc,marking    ] GC(173) Concurrent Mark From Roots
[4.336s][info][gc,task       ] GC(173) Using 3 workers of 3 for marking
[4.339s][info][gc,marking    ] GC(173) Concurrent Mark From Roots 2.547ms
[4.339s][info][gc,marking    ] GC(173) Concurrent Preclean
[4.339s][info][gc,marking    ] GC(173) Concurrent Preclean 0.095ms
[4.339s][info][gc,marking    ] GC(173) Concurrent Mark (4.336s, 4.339s) 2.678ms
[4.339s][info][gc,start      ] GC(173) Pause Remark
[4.339s][info][gc,stringtable] GC(173) Cleaned string and symbol table, strings: 2628 processed, 0 removed, symbols: 25756 processed, 0 removed
[4.340s][info][gc            ] GC(173) Pause Remark 1956M->1956M(4038M) 0.474ms
[4.340s][info][gc,cpu        ] GC(173) User=0.00s Sys=0.00s Real=0.00s
[4.340s][info][gc,marking    ] GC(173) Concurrent Rebuild Remembered Sets
[4.341s][info][gc,marking    ] GC(173) Concurrent Rebuild Remembered Sets 1.630ms
[4.341s][info][gc,start      ] GC(173) Pause Cleanup
[4.342s][info][gc            ] GC(173) Pause Cleanup 1962M->1962M(4038M) 0.326ms
[4.342s][info][gc,cpu        ] GC(173) User=0.00s Sys=0.00s Real=0.00s
[4.342s][info][gc,marking    ] GC(173) Concurrent Cleanup for Next Mark
[4.343s][info][gc,marking    ] GC(173) Concurrent Cleanup for Next Mark 1.536ms
[4.343s][info][gc            ] GC(173) Concurrent Cycle 6.985ms
[4.356s][info][gc,start      ] GC(174) Pause Young (Concurrent Start) (G1 Humongous Allocation)
[4.356s][info][gc,task       ] GC(174) Using 13 workers of 13 for evacuation
[4.359s][info][gc,phases     ] GC(174)   Pre Evacuate Collection Set: 0.0ms
[4.359s][info][gc,phases     ] GC(174)   Evacuate Collection Set: 2.9ms
[4.359s][info][gc,phases     ] GC(174)   Post Evacuate Collection Set: 0.3ms
[4.359s][info][gc,phases     ] GC(174)   Other: 0.1ms
[4.359s][info][gc,heap       ] GC(174) Eden regions: 57->0(755)
[4.359s][info][gc,heap       ] GC(174) Survivor regions: 54->63(97)
[4.359s][info][gc,heap       ] GC(174) Old regions: 1745->1745
[4.359s][info][gc,heap       ] GC(174) Humongous regions: 152->150
[4.359s][info][gc,metaspace  ] GC(174) Metaspace: 6876K(7168K)->6876K(7168K) NonClass: 6286K(6400K)->6286K(6400K) Class: 589K(768K)->589K(768K)
[4.359s][info][gc            ] GC(174) Pause Young (Concurrent Start) (G1 Humongous Allocation) 2005M->1956M(4053M) 3.464ms
[4.359s][info][gc,cpu        ] GC(174) User=0.00s Sys=0.00s Real=0.00s
[4.359s][info][gc            ] GC(175) Concurrent Cycle
[4.359s][info][gc,marking    ] GC(175) Concurrent Clear Claimed Marks
[4.359s][info][gc,marking    ] GC(175) Concurrent Clear Claimed Marks 0.010ms
[4.359s][info][gc,marking    ] GC(175) Concurrent Scan Root Regions
[4.359s][info][gc,marking    ] GC(175) Concurrent Scan Root Regions 0.043ms
[4.359s][info][gc,marking    ] GC(175) Concurrent Mark (4.359s)
[4.359s][info][gc,marking    ] GC(175) Concurrent Mark From Roots
[4.359s][info][gc,task       ] GC(175) Using 3 workers of 3 for marking
[4.362s][info][gc,marking    ] GC(175) Concurrent Mark From Roots 2.519ms
[4.362s][info][gc,marking    ] GC(175) Concurrent Preclean
[4.362s][info][gc,marking    ] GC(175) Concurrent Preclean 0.064ms
[4.362s][info][gc,marking    ] GC(175) Concurrent Mark (4.359s, 4.362s) 2.614ms
[4.362s][info][gc,start      ] GC(175) Pause Remark
[4.362s][info][gc,stringtable] GC(175) Cleaned string and symbol table, strings: 2628 processed, 0 removed, symbols: 25756 processed, 0 removed
[4.363s][info][gc            ] GC(175) Pause Remark 1963M->1963M(4053M) 0.508ms
[4.363s][info][gc,cpu        ] GC(175) User=0.11s Sys=0.05s Real=0.00s
[4.363s][info][gc,marking    ] GC(175) Concurrent Rebuild Remembered Sets
[4.364s][info][gc,marking    ] GC(175) Concurrent Rebuild Remembered Sets 1.597ms
[4.364s][info][gc,start      ] GC(175) Pause Cleanup
[4.365s][info][gc            ] GC(175) Pause Cleanup 1966M->1966M(4053M) 0.312ms
[4.365s][info][gc,cpu        ] GC(175) User=0.00s Sys=0.00s Real=0.00s
[4.365s][info][gc,marking    ] GC(175) Concurrent Cleanup for Next Mark
[4.366s][info][gc,marking    ] GC(175) Concurrent Cleanup for Next Mark 1.566ms
[4.366s][info][gc            ] GC(175) Concurrent Cycle 6.894ms
[4.367s][info][gc,start      ] GC(176) Pause Young (Concurrent Start) (G1 Humongous Allocation)
[4.367s][info][gc,task       ] GC(176) Using 13 workers of 13 for evacuation
[4.370s][info][gc,phases     ] GC(176)   Pre Evacuate Collection Set: 0.0ms
[4.370s][info][gc,phases     ] GC(176)   Evacuate Collection Set: 3.0ms
[4.370s][info][gc,phases     ] GC(176)   Post Evacuate Collection Set: 0.2ms
[4.370s][info][gc,phases     ] GC(176)   Other: 0.1ms
[4.370s][info][gc,heap       ] GC(176) Eden regions: 11->0(701)
[4.370s][info][gc,heap       ] GC(176) Survivor regions: 63->59(103)
[4.370s][info][gc,heap       ] GC(176) Old regions: 1745->1752
[4.370s][info][gc,heap       ] GC(176) Humongous regions: 151->150
[4.370s][info][gc,metaspace  ] GC(176) Metaspace: 6876K(7168K)->6876K(7168K) NonClass: 6286K(6400K)->6286K(6400K) Class: 589K(768K)->589K(768K)
[4.370s][info][gc            ] GC(176) Pause Young (Concurrent Start) (G1 Humongous Allocation) 1968M->1960M(4053M) 3.394ms
[4.370s][info][gc,cpu        ] GC(176) User=0.00s Sys=0.00s Real=0.00s
[4.370s][info][gc            ] GC(177) Concurrent Cycle
[4.370s][info][gc,marking    ] GC(177) Concurrent Clear Claimed Marks
[4.370s][info][gc,marking    ] GC(177) Concurrent Clear Claimed Marks 0.011ms
[4.370s][info][gc,marking    ] GC(177) Concurrent Scan Root Regions
[4.370s][info][gc,marking    ] GC(177) Concurrent Scan Root Regions 0.042ms
[4.370s][info][gc,marking    ] GC(177) Concurrent Mark (4.370s)
[4.370s][info][gc,marking    ] GC(177) Concurrent Mark From Roots
[4.370s][info][gc,task       ] GC(177) Using 3 workers of 3 for marking
[4.373s][info][gc,marking    ] GC(177) Concurrent Mark From Roots 2.408ms
[4.373s][info][gc,marking    ] GC(177) Concurrent Preclean
[4.373s][info][gc,marking    ] GC(177) Concurrent Preclean 0.080ms
[4.373s][info][gc,marking    ] GC(177) Concurrent Mark (4.370s, 4.373s) 2.522ms
[4.373s][info][gc,start      ] GC(177) Pause Remark
[4.373s][info][gc,stringtable] GC(177) Cleaned string and symbol table, strings: 2628 processed, 0 removed, symbols: 25756 processed, 0 removed
[4.373s][info][gc            ] GC(177) Pause Remark 1968M->1968M(4053M) 0.434ms
[4.373s][info][gc,cpu        ] GC(177) User=0.00s Sys=0.00s Real=0.00s
[4.373s][info][gc,marking    ] GC(177) Concurrent Rebuild Remembered Sets
[4.375s][info][gc,marking    ] GC(177) Concurrent Rebuild Remembered Sets 1.623ms
[4.375s][info][gc,start      ] GC(177) Pause Cleanup
[4.375s][info][gc            ] GC(177) Pause Cleanup 1974M->1974M(4053M) 0.335ms
[4.375s][info][gc,cpu        ] GC(177) User=0.00s Sys=0.00s Real=0.00s
[4.375s][info][gc,marking    ] GC(177) Concurrent Cleanup for Next Mark
[4.377s][info][gc,marking    ] GC(177) Concurrent Cleanup for Next Mark 1.526ms
[4.377s][info][gc            ] GC(177) Concurrent Cycle 6.720ms
[4.378s][info][gc,start      ] GC(178) Pause Young (Concurrent Start) (G1 Humongous Allocation)
[4.378s][info][gc,task       ] GC(178) Using 13 workers of 13 for evacuation
[4.381s][info][gc,phases     ] GC(178)   Pre Evacuate Collection Set: 0.0ms
[4.381s][info][gc,phases     ] GC(178)   Evacuate Collection Set: 2.9ms
[4.381s][info][gc,phases     ] GC(178)   Post Evacuate Collection Set: 0.2ms
[4.381s][info][gc,phases     ] GC(178)   Other: 0.1ms
[4.381s][info][gc,heap       ] GC(178) Eden regions: 16->0(779)
[4.381s][info][gc,heap       ] GC(178) Survivor regions: 59->50(95)
[4.381s][info][gc,heap       ] GC(178) Old regions: 1752->1765
[4.381s][info][gc,heap       ] GC(178) Humongous regions: 153->150
[4.381s][info][gc,metaspace  ] GC(178) Metaspace: 6876K(7168K)->6876K(7168K) NonClass: 6286K(6400K)->6286K(6400K) Class: 589K(768K)->589K(768K)
[4.381s][info][gc            ] GC(178) Pause Young (Concurrent Start) (G1 Humongous Allocation) 1978M->1964M(4053M) 3.295ms
[4.381s][info][gc,cpu        ] GC(178) User=0.00s Sys=0.02s Real=0.00s
[4.381s][info][gc            ] GC(179) Concurrent Cycle
[4.381s][info][gc,marking    ] GC(179) Concurrent Clear Claimed Marks
[4.381s][info][gc,marking    ] GC(179) Concurrent Clear Claimed Marks 0.010ms
[4.381s][info][gc,marking    ] GC(179) Concurrent Scan Root Regions
[4.381s][info][gc,marking    ] GC(179) Concurrent Scan Root Regions 0.038ms
[4.381s][info][gc,marking    ] GC(179) Concurrent Mark (4.381s)
[4.381s][info][gc,marking    ] GC(179) Concurrent Mark From Roots
[4.381s][info][gc,task       ] GC(179) Using 3 workers of 3 for marking
[4.383s][info][gc,marking    ] GC(179) Concurrent Mark From Roots 2.376ms
[4.383s][info][gc,marking    ] GC(179) Concurrent Preclean
[4.384s][info][gc,marking    ] GC(179) Concurrent Preclean 0.075ms
[4.384s][info][gc,marking    ] GC(179) Concurrent Mark (4.381s, 4.384s) 2.485ms
[4.384s][info][gc,start      ] GC(179) Pause Remark
[4.384s][info][gc,stringtable] GC(179) Cleaned string and symbol table, strings: 2628 processed, 0 removed, symbols: 25756 processed, 0 removed
[4.384s][info][gc            ] GC(179) Pause Remark 1972M->1972M(4053M) 0.409ms
[4.384s][info][gc,cpu        ] GC(179) User=0.00s Sys=0.00s Real=0.00s
[4.384s][info][gc,marking    ] GC(179) Concurrent Rebuild Remembered Sets
[4.386s][info][gc,marking    ] GC(179) Concurrent Rebuild Remembered Sets 1.570ms
[4.386s][info][gc,start      ] GC(179) Pause Cleanup
[4.386s][info][gc            ] GC(179) Pause Cleanup 1977M->1977M(4053M) 0.316ms
[4.386s][info][gc,cpu        ] GC(179) User=0.00s Sys=0.00s Real=0.00s
[4.386s][info][gc,marking    ] GC(179) Concurrent Cleanup for Next Mark
[4.388s][info][gc,marking    ] GC(179) Concurrent Cleanup for Next Mark 1.517ms
[4.388s][info][gc            ] GC(179) Concurrent Cycle 6.581ms
[4.389s][info][gc,start      ] GC(180) Pause Young (Concurrent Start) (G1 Humongous Allocation)
[4.389s][info][gc,task       ] GC(180) Using 13 workers of 13 for evacuation
[4.392s][info][gc,phases     ] GC(180)   Pre Evacuate Collection Set: 0.0ms
[4.392s][info][gc,phases     ] GC(180)   Evacuate Collection Set: 2.4ms
[4.392s][info][gc,phases     ] GC(180)   Post Evacuate Collection Set: 0.2ms
[4.392s][info][gc,phases     ] GC(180)   Other: 0.1ms
[4.392s][info][gc,heap       ] GC(180) Eden regions: 18->0(699)
[4.392s][info][gc,heap       ] GC(180) Survivor regions: 50->53(104)
[4.392s][info][gc,heap       ] GC(180) Old regions: 1765->1765
[4.392s][info][gc,heap       ] GC(180) Humongous regions: 152->150
[4.392s][info][gc,metaspace  ] GC(180) Metaspace: 6876K(7168K)->6876K(7168K) NonClass: 6286K(6400K)->6286K(6400K) Class: 589K(768K)->589K(768K)
[4.392s][info][gc            ] GC(180) Pause Young (Concurrent Start) (G1 Humongous Allocation) 1984M->1967M(4053M) 2.801ms
[4.392s][info][gc,cpu        ] GC(180) User=0.00s Sys=0.00s Real=0.00s
[4.392s][info][gc            ] GC(181) Concurrent Cycle
[4.392s][info][gc,marking    ] GC(181) Concurrent Clear Claimed Marks
[4.392s][info][gc,marking    ] GC(181) Concurrent Clear Claimed Marks 0.009ms
[4.392s][info][gc,marking    ] GC(181) Concurrent Scan Root Regions
[4.392s][info][gc,marking    ] GC(181) Concurrent Scan Root Regions 0.038ms
[4.392s][info][gc,marking    ] GC(181) Concurrent Mark (4.392s)
[4.392s][info][gc,marking    ] GC(181) Concurrent Mark From Roots
[4.392s][info][gc,task       ] GC(181) Using 3 workers of 3 for marking
[4.394s][info][gc,marking    ] GC(181) Concurrent Mark From Roots 2.421ms
[4.395s][info][gc,marking    ] GC(181) Concurrent Preclean
[4.395s][info][gc,marking    ] GC(181) Concurrent Preclean 0.077ms
[4.395s][info][gc,marking    ] GC(181) Concurrent Mark (4.392s, 4.395s) 2.542ms
[4.395s][info][gc,start      ] GC(181) Pause Remark
[4.395s][info][gc,stringtable] GC(181) Cleaned string and symbol table, strings: 2628 processed, 0 removed, symbols: 25756 processed, 0 removed
[4.395s][info][gc            ] GC(181) Pause Remark 1975M->1975M(4053M) 0.483ms
[4.395s][info][gc,cpu        ] GC(181) User=0.00s Sys=0.00s Real=0.00s
[4.395s][info][gc,marking    ] GC(181) Concurrent Rebuild Remembered Sets
[4.397s][info][gc,marking    ] GC(181) Concurrent Rebuild Remembered Sets 1.581ms
[4.397s][info][gc,start      ] GC(181) Pause Cleanup
[4.397s][info][gc            ] GC(181) Pause Cleanup 1980M->1980M(4053M) 0.314ms
[4.397s][info][gc,cpu        ] GC(181) User=0.00s Sys=0.00s Real=0.00s
[4.397s][info][gc,marking    ] GC(181) Concurrent Cleanup for Next Mark
[4.399s][info][gc,marking    ] GC(181) Concurrent Cleanup for Next Mark 1.454ms
[4.399s][info][gc            ] GC(181) Concurrent Cycle 6.652ms
[4.399s][info][gc,start      ] GC(182) Pause Young (Concurrent Start) (G1 Humongous Allocation)
[4.399s][info][gc,task       ] GC(182) Using 13 workers of 13 for evacuation
[4.402s][info][gc,phases     ] GC(182)   Pre Evacuate Collection Set: 0.0ms
[4.402s][info][gc,phases     ] GC(182)   Evacuate Collection Set: 2.5ms
[4.402s][info][gc,phases     ] GC(182)   Post Evacuate Collection Set: 0.3ms
[4.402s][info][gc,phases     ] GC(182)   Other: 0.1ms
[4.402s][info][gc,heap       ] GC(182) Eden regions: 16->0(649)
[4.402s][info][gc,heap       ] GC(182) Survivor regions: 53->55(94)
[4.402s][info][gc,heap       ] GC(182) Old regions: 1765->1768
[4.402s][info][gc,heap       ] GC(182) Humongous regions: 151->150
[4.402s][info][gc,metaspace  ] GC(182) Metaspace: 6876K(7168K)->6876K(7168K) NonClass: 6286K(6400K)->6286K(6400K) Class: 589K(768K)->589K(768K)
[4.402s][info][gc            ] GC(182) Pause Young (Concurrent Start) (G1 Humongous Allocation) 1984M->1971M(4063M) 3.005ms
[4.402s][info][gc,cpu        ] GC(182) User=0.00s Sys=0.00s Real=0.00s
[4.402s][info][gc            ] GC(183) Concurrent Cycle
[4.402s][info][gc,marking    ] GC(183) Concurrent Clear Claimed Marks
[4.402s][info][gc,marking    ] GC(183) Concurrent Clear Claimed Marks 0.010ms
[4.402s][info][gc,marking    ] GC(183) Concurrent Scan Root Regions
[4.402s][info][gc,marking    ] GC(183) Concurrent Scan Root Regions 0.036ms
[4.402s][info][gc,marking    ] GC(183) Concurrent Mark (4.402s)
[4.402s][info][gc,marking    ] GC(183) Concurrent Mark From Roots
[4.402s][info][gc,task       ] GC(183) Using 3 workers of 3 for marking
[4.404s][info][gc,marking    ] GC(183) Concurrent Mark From Roots 2.208ms
[4.404s][info][gc,marking    ] GC(183) Concurrent Preclean
[4.404s][info][gc,marking    ] GC(183) Concurrent Preclean 0.080ms
[4.404s][info][gc,marking    ] GC(183) Concurrent Mark (4.402s, 4.404s) 2.317ms
[4.404s][info][gc,start      ] GC(183) Pause Remark
[4.405s][info][gc,stringtable] GC(183) Cleaned string and symbol table, strings: 2628 processed, 0 removed, symbols: 25756 processed, 0 removed
[4.405s][info][gc            ] GC(183) Pause Remark 1978M->1978M(4063M) 0.473ms
[4.405s][info][gc,cpu        ] GC(183) User=0.00s Sys=0.00s Real=0.00s
[4.405s][info][gc,marking    ] GC(183) Concurrent Rebuild Remembered Sets
[4.406s][info][gc,marking    ] GC(183) Concurrent Rebuild Remembered Sets 1.529ms
[4.407s][info][gc,start      ] GC(183) Pause Cleanup
[4.407s][info][gc            ] GC(183) Pause Cleanup 1981M->1981M(4063M) 0.318ms
[4.407s][info][gc,cpu        ] GC(183) User=0.00s Sys=0.00s Real=0.00s
[4.407s][info][gc,marking    ] GC(183) Concurrent Cleanup for Next Mark
[4.408s][info][gc,marking    ] GC(183) Concurrent Cleanup for Next Mark 1.427ms
[4.408s][info][gc            ] GC(183) Concurrent Cycle 6.360ms
[4.411s][info][gc,start      ] GC(184) Pause Young (Concurrent Start) (G1 Humongous Allocation)
[4.411s][info][gc,task       ] GC(184) Using 13 workers of 13 for evacuation
[4.414s][info][gc,phases     ] GC(184)   Pre Evacuate Collection Set: 0.0ms
[4.414s][info][gc,phases     ] GC(184)   Evacuate Collection Set: 2.6ms
[4.414s][info][gc,phases     ] GC(184)   Post Evacuate Collection Set: 0.2ms
[4.414s][info][gc,phases     ] GC(184)   Other: 0.1ms
[4.414s][info][gc,heap       ] GC(184) Eden regions: 15->0(702)
[4.414s][info][gc,heap       ] GC(184) Survivor regions: 55->49(88)
[4.414s][info][gc,heap       ] GC(184) Old regions: 1768->1774
[4.414s][info][gc,heap       ] GC(184) Humongous regions: 153->151
[4.414s][info][gc,metaspace  ] GC(184) Metaspace: 6876K(7168K)->6876K(7168K) NonClass: 6286K(6400K)->6286K(6400K) Class: 589K(768K)->589K(768K)
[4.414s][info][gc            ] GC(184) Pause Young (Concurrent Start) (G1 Humongous Allocation) 1989M->1973M(4063M) 3.030ms
[4.414s][info][gc,cpu        ] GC(184) User=0.00s Sys=0.00s Real=0.00s
[4.414s][info][gc            ] GC(185) Concurrent Cycle
[4.414s][info][gc,marking    ] GC(185) Concurrent Clear Claimed Marks
[4.414s][info][gc,marking    ] GC(185) Concurrent Clear Claimed Marks 0.009ms
[4.414s][info][gc,marking    ] GC(185) Concurrent Scan Root Regions
[4.414s][info][gc,marking    ] GC(185) Concurrent Scan Root Regions 0.040ms
[4.414s][info][gc,marking    ] GC(185) Concurrent Mark (4.414s)
[4.414s][info][gc,marking    ] GC(185) Concurrent Mark From Roots
[4.414s][info][gc,task       ] GC(185) Using 3 workers of 3 for marking
[4.416s][info][gc,marking    ] GC(185) Concurrent Mark From Roots 2.500ms
[4.416s][info][gc,marking    ] GC(185) Concurrent Preclean
[4.417s][info][gc,marking    ] GC(185) Concurrent Preclean 0.077ms
[4.417s][info][gc,marking    ] GC(185) Concurrent Mark (4.414s, 4.417s) 2.623ms
[4.417s][info][gc,start      ] GC(185) Pause Remark
[4.417s][info][gc,stringtable] GC(185) Cleaned string and symbol table, strings: 2628 processed, 0 removed, symbols: 25756 processed, 0 removed
[4.417s][info][gc            ] GC(185) Pause Remark 1983M->1983M(4063M) 0.526ms
[4.417s][info][gc,cpu        ] GC(185) User=0.00s Sys=0.00s Real=0.00s
[4.417s][info][gc,marking    ] GC(185) Concurrent Rebuild Remembered Sets
[4.419s][info][gc,marking    ] GC(185) Concurrent Rebuild Remembered Sets 1.803ms
[4.419s][info][gc,start      ] GC(185) Pause Cleanup
[4.419s][info][gc            ] GC(185) Pause Cleanup 1988M->1988M(4063M) 0.329ms
[4.419s][info][gc,cpu        ] GC(185) User=0.00s Sys=0.00s Real=0.00s
[4.419s][info][gc,marking    ] GC(185) Concurrent Cleanup for Next Mark
[4.421s][info][gc,marking    ] GC(185) Concurrent Cleanup for Next Mark 1.871ms
[4.421s][info][gc            ] GC(185) Concurrent Cycle 7.469ms
[4.440s][info][gc,start      ] GC(186) Pause Young (Concurrent Start) (G1 Humongous Allocation)
[4.440s][info][gc,task       ] GC(186) Using 13 workers of 13 for evacuation
[4.443s][info][gc,phases     ] GC(186)   Pre Evacuate Collection Set: 0.1ms
[4.443s][info][gc,phases     ] GC(186)   Evacuate Collection Set: 3.0ms
[4.443s][info][gc,phases     ] GC(186)   Post Evacuate Collection Set: 0.2ms
[4.443s][info][gc,phases     ] GC(186)   Other: 0.1ms
[4.443s][info][gc,heap       ] GC(186) Eden regions: 63->0(658)
[4.443s][info][gc,heap       ] GC(186) Survivor regions: 49->61(94)
[4.443s][info][gc,heap       ] GC(186) Old regions: 1774->1774
[4.443s][info][gc,heap       ] GC(186) Humongous regions: 157->152
[4.443s][info][gc,metaspace  ] GC(186) Metaspace: 6876K(7168K)->6876K(7168K) NonClass: 6286K(6400K)->6286K(6400K) Class: 589K(768K)->589K(768K)
[4.443s][info][gc            ] GC(186) Pause Young (Concurrent Start) (G1 Humongous Allocation) 2041M->1986M(4063M) 3.498ms
[4.443s][info][gc,cpu        ] GC(186) User=0.11s Sys=0.06s Real=0.00s
[4.443s][info][gc            ] GC(187) Concurrent Cycle
[4.443s][info][gc,marking    ] GC(187) Concurrent Clear Claimed Marks
[4.443s][info][gc,marking    ] GC(187) Concurrent Clear Claimed Marks 0.026ms
[4.443s][info][gc,marking    ] GC(187) Concurrent Scan Root Regions
[4.444s][info][gc,marking    ] GC(187) Concurrent Scan Root Regions 0.059ms
[4.444s][info][gc,marking    ] GC(187) Concurrent Mark (4.444s)
[4.444s][info][gc,marking    ] GC(187) Concurrent Mark From Roots
[4.444s][info][gc,task       ] GC(187) Using 3 workers of 3 for marking
[4.447s][info][gc,marking    ] GC(187) Concurrent Mark From Roots 3.366ms
[4.447s][info][gc,marking    ] GC(187) Concurrent Preclean
[4.447s][info][gc,marking    ] GC(187) Concurrent Preclean 0.078ms
[4.447s][info][gc,marking    ] GC(187) Concurrent Mark (4.444s, 4.447s) 3.492ms
[4.447s][info][gc,start      ] GC(187) Pause Remark
[4.447s][info][gc,stringtable] GC(187) Cleaned string and symbol table, strings: 2628 processed, 0 removed, symbols: 25756 processed, 0 removed
[4.448s][info][gc            ] GC(187) Pause Remark 1997M->1997M(4063M) 0.514ms
[4.448s][info][gc,cpu        ] GC(187) User=0.00s Sys=0.00s Real=0.00s
[4.448s][info][gc,marking    ] GC(187) Concurrent Rebuild Remembered Sets
[4.450s][info][gc,marking    ] GC(187) Concurrent Rebuild Remembered Sets 2.152ms
[4.450s][info][gc,start      ] GC(187) Pause Cleanup
[4.450s][info][gc            ] GC(187) Pause Cleanup 2003M->2003M(4063M) 0.365ms
[4.450s][info][gc,cpu        ] GC(187) User=0.00s Sys=0.00s Real=0.00s
[4.450s][info][gc,marking    ] GC(187) Concurrent Cleanup for Next Mark
[4.452s][info][gc,marking    ] GC(187) Concurrent Cleanup for Next Mark 1.992ms
[4.452s][info][gc            ] GC(187) Concurrent Cycle 8.922ms
[4.530s][info][gc,start      ] GC(188) Pause Young (Concurrent Start) (G1 Humongous Allocation)
[4.530s][info][gc,task       ] GC(188) Using 13 workers of 13 for evacuation
[4.535s][info][gc,phases     ] GC(188)   Pre Evacuate Collection Set: 0.1ms
[4.535s][info][gc,phases     ] GC(188)   Evacuate Collection Set: 4.8ms
[4.535s][info][gc,phases     ] GC(188)   Post Evacuate Collection Set: 0.3ms
[4.535s][info][gc,phases     ] GC(188)   Other: 0.2ms
[4.535s][info][gc,heap       ] GC(188) Eden regions: 227->0(709)
[4.535s][info][gc,heap       ] GC(188) Survivor regions: 61->82(90)
[4.535s][info][gc,heap       ] GC(188) Old regions: 1774->1791
[4.535s][info][gc,heap       ] GC(188) Humongous regions: 154->152
[4.535s][info][gc,metaspace  ] GC(188) Metaspace: 6876K(7168K)->6876K(7168K) NonClass: 6286K(6400K)->6286K(6400K) Class: 589K(768K)->589K(768K)
[4.535s][info][gc            ] GC(188) Pause Young (Concurrent Start) (G1 Humongous Allocation) 2215M->2023M(4063M) 5.409ms
[4.535s][info][gc,cpu        ] GC(188) User=0.19s Sys=0.00s Real=0.01s
[4.535s][info][gc            ] GC(189) Concurrent Cycle
[4.535s][info][gc,marking    ] GC(189) Concurrent Clear Claimed Marks
[4.535s][info][gc,marking    ] GC(189) Concurrent Clear Claimed Marks 0.011ms
[4.535s][info][gc,marking    ] GC(189) Concurrent Scan Root Regions
[4.535s][info][gc,marking    ] GC(189) Concurrent Scan Root Regions 0.079ms
[4.535s][info][gc,marking    ] GC(189) Concurrent Mark (4.535s)
[4.535s][info][gc,marking    ] GC(189) Concurrent Mark From Roots
[4.535s][info][gc,task       ] GC(189) Using 3 workers of 3 for marking
[4.539s][info][gc,marking    ] GC(189) Concurrent Mark From Roots 3.934ms
[4.539s][info][gc,marking    ] GC(189) Concurrent Preclean
[4.539s][info][gc,marking    ] GC(189) Concurrent Preclean 0.067ms
[4.539s][info][gc,marking    ] GC(189) Concurrent Mark (4.535s, 4.539s) 4.043ms
[4.539s][info][gc,start      ] GC(189) Pause Remark
[4.540s][info][gc,stringtable] GC(189) Cleaned string and symbol table, strings: 2628 processed, 0 removed, symbols: 25756 processed, 0 removed
[4.540s][info][gc            ] GC(189) Pause Remark 2034M->2034M(4063M) 0.556ms
[4.540s][info][gc,cpu        ] GC(189) User=0.00s Sys=0.00s Real=0.00s
[4.540s][info][gc,marking    ] GC(189) Concurrent Rebuild Remembered Sets
[4.542s][info][gc,marking    ] GC(189) Concurrent Rebuild Remembered Sets 2.356ms
[4.542s][info][gc,start      ] GC(189) Pause Cleanup
[4.543s][info][gc            ] GC(189) Pause Cleanup 2040M->2040M(4063M) 0.386ms
[4.543s][info][gc,cpu        ] GC(189) User=0.00s Sys=0.00s Real=0.00s
[4.543s][info][gc,marking    ] GC(189) Concurrent Cleanup for Next Mark
[4.545s][info][gc,marking    ] GC(189) Concurrent Cleanup for Next Mark 1.990ms
[4.545s][info][gc            ] GC(189) Concurrent Cycle 9.737ms
[4.546s][info][gc,start      ] GC(190) Pause Young (Concurrent Start) (G1 Humongous Allocation)
[4.546s][info][gc,task       ] GC(190) Using 13 workers of 13 for evacuation
[4.550s][info][gc,phases     ] GC(190)   Pre Evacuate Collection Set: 0.0ms
[4.550s][info][gc,phases     ] GC(190)   Evacuate Collection Set: 4.1ms
[4.550s][info][gc,phases     ] GC(190)   Post Evacuate Collection Set: 0.3ms
[4.550s][info][gc,phases     ] GC(190)   Other: 0.1ms
[4.550s][info][gc,heap       ] GC(190) Eden regions: 20->0(793)
[4.550s][info][gc,heap       ] GC(190) Survivor regions: 82->56(99)
[4.550s][info][gc,heap       ] GC(190) Old regions: 1791->1821
[4.550s][info][gc,heap       ] GC(190) Humongous regions: 153->152
[4.550s][info][gc,metaspace  ] GC(190) Metaspace: 6876K(7168K)->6876K(7168K) NonClass: 6286K(6400K)->6286K(6400K) Class: 589K(768K)->589K(768K)
[4.550s][info][gc            ] GC(190) Pause Young (Concurrent Start) (G1 Humongous Allocation) 2044M->2027M(4071M) 4.627ms
[4.550s][info][gc,cpu        ] GC(190) User=0.03s Sys=0.06s Real=0.00s
[4.551s][info][gc            ] GC(191) Concurrent Cycle
[4.551s][info][gc,marking    ] GC(191) Concurrent Clear Claimed Marks
[4.551s][info][gc,marking    ] GC(191) Concurrent Clear Claimed Marks 0.011ms
[4.551s][info][gc,marking    ] GC(191) Concurrent Scan Root Regions
[4.551s][info][gc,marking    ] GC(191) Concurrent Scan Root Regions 0.075ms
[4.551s][info][gc,marking    ] GC(191) Concurrent Mark (4.551s)
[4.551s][info][gc,marking    ] GC(191) Concurrent Mark From Roots
[4.551s][info][gc,task       ] GC(191) Using 3 workers of 3 for marking
[4.554s][info][gc,marking    ] GC(191) Concurrent Mark From Roots 3.549ms
[4.554s][info][gc,marking    ] GC(191) Concurrent Preclean
[4.554s][info][gc,marking    ] GC(191) Concurrent Preclean 0.064ms
[4.554s][info][gc,marking    ] GC(191) Concurrent Mark (4.551s, 4.554s) 3.654ms
[4.554s][info][gc,start      ] GC(191) Pause Remark
[4.555s][info][gc,stringtable] GC(191) Cleaned string and symbol table, strings: 2628 processed, 0 removed, symbols: 25756 processed, 0 removed
[4.555s][info][gc            ] GC(191) Pause Remark 2038M->2038M(4071M) 0.561ms
[4.555s][info][gc,cpu        ] GC(191) User=0.00s Sys=0.00s Real=0.00s
[4.555s][info][gc,marking    ] GC(191) Concurrent Rebuild Remembered Sets
[4.557s][info][gc,marking    ] GC(191) Concurrent Rebuild Remembered Sets 2.172ms
[4.557s][info][gc,start      ] GC(191) Pause Cleanup
[4.558s][info][gc            ] GC(191) Pause Cleanup 2042M->2042M(4071M) 0.368ms
[4.558s][info][gc,cpu        ] GC(191) User=0.00s Sys=0.00s Real=0.00s
[4.558s][info][gc,marking    ] GC(191) Concurrent Cleanup for Next Mark
[4.560s][info][gc,marking    ] GC(191) Concurrent Cleanup for Next Mark 1.919ms
[4.560s][info][gc            ] GC(191) Concurrent Cycle 9.062ms
[4.565s][info][gc,start      ] GC(192) Pause Young (Concurrent Start) (G1 Humongous Allocation)
[4.565s][info][gc,task       ] GC(192) Using 13 workers of 13 for evacuation
[4.568s][info][gc,phases     ] GC(192)   Pre Evacuate Collection Set: 0.0ms
[4.568s][info][gc,phases     ] GC(192)   Evacuate Collection Set: 2.9ms
[4.568s][info][gc,phases     ] GC(192)   Post Evacuate Collection Set: 0.2ms
[4.568s][info][gc,phases     ] GC(192)   Other: 0.1ms
[4.568s][info][gc,heap       ] GC(192) Eden regions: 27->0(762)
[4.568s][info][gc,heap       ] GC(192) Survivor regions: 56->60(107)
[4.568s][info][gc,heap       ] GC(192) Old regions: 1821->1821
[4.568s][info][gc,heap       ] GC(192) Humongous regions: 159->154
[4.568s][info][gc,metaspace  ] GC(192) Metaspace: 6876K(7168K)->6876K(7168K) NonClass: 6286K(6400K)->6286K(6400K) Class: 589K(768K)->589K(768K)
[4.568s][info][gc            ] GC(192) Pause Young (Concurrent Start) (G1 Humongous Allocation) 2061M->2033M(4071M) 3.407ms
[4.568s][info][gc,cpu        ] GC(192) User=0.14s Sys=0.02s Real=0.00s
[4.568s][info][gc            ] GC(193) Concurrent Cycle
[4.568s][info][gc,marking    ] GC(193) Concurrent Clear Claimed Marks
[4.568s][info][gc,marking    ] GC(193) Concurrent Clear Claimed Marks 0.019ms
[4.568s][info][gc,marking    ] GC(193) Concurrent Scan Root Regions
[4.569s][info][gc,marking    ] GC(193) Concurrent Scan Root Regions 0.084ms
[4.569s][info][gc,marking    ] GC(193) Concurrent Mark (4.569s)
[4.569s][info][gc,marking    ] GC(193) Concurrent Mark From Roots
[4.569s][info][gc,task       ] GC(193) Using 3 workers of 3 for marking
[4.572s][info][gc,marking    ] GC(193) Concurrent Mark From Roots 3.376ms
[4.572s][info][gc,marking    ] GC(193) Concurrent Preclean
[4.572s][info][gc,marking    ] GC(193) Concurrent Preclean 0.069ms
[4.572s][info][gc,marking    ] GC(193) Concurrent Mark (4.569s, 4.572s) 3.504ms
[4.572s][info][gc,start      ] GC(193) Pause Remark
[4.573s][info][gc,stringtable] GC(193) Cleaned string and symbol table, strings: 2628 processed, 0 removed, symbols: 25756 processed, 0 removed
[4.573s][info][gc            ] GC(193) Pause Remark 2045M->2045M(4071M) 0.546ms
[4.573s][info][gc,cpu        ] GC(193) User=0.00s Sys=0.00s Real=0.00s
[4.573s][info][gc,marking    ] GC(193) Concurrent Rebuild Remembered Sets
[4.575s][info][gc,marking    ] GC(193) Concurrent Rebuild Remembered Sets 2.240ms
[4.575s][info][gc,start      ] GC(193) Pause Cleanup
[4.575s][info][gc            ] GC(193) Pause Cleanup 2051M->2051M(4071M) 0.344ms
[4.575s][info][gc,cpu        ] GC(193) User=0.00s Sys=0.00s Real=0.00s
[4.575s][info][gc,marking    ] GC(193) Concurrent Cleanup for Next Mark
[4.577s][info][gc,marking    ] GC(193) Concurrent Cleanup for Next Mark 1.928ms
[4.577s][info][gc            ] GC(193) Concurrent Cycle 8.984ms
[4.577s][info][gc,start      ] GC(194) Pause Young (Concurrent Start) (G1 Humongous Allocation)
[4.578s][info][gc,task       ] GC(194) Using 13 workers of 13 for evacuation
[4.581s][info][gc,phases     ] GC(194)   Pre Evacuate Collection Set: 0.0ms
[4.581s][info][gc,phases     ] GC(194)   Evacuate Collection Set: 3.2ms
[4.581s][info][gc,phases     ] GC(194)   Post Evacuate Collection Set: 0.2ms
[4.581s][info][gc,phases     ] GC(194)   Other: 0.1ms
[4.581s][info][gc,heap       ] GC(194) Eden regions: 20->0(809)
[4.581s][info][gc,heap       ] GC(194) Survivor regions: 60->51(103)
[4.581s][info][gc,heap       ] GC(194) Old regions: 1821->1835
[4.581s][info][gc,heap       ] GC(194) Humongous regions: 156->154
[4.581s][info][gc,metaspace  ] GC(194) Metaspace: 6876K(7168K)->6876K(7168K) NonClass: 6286K(6400K)->6286K(6400K) Class: 589K(768K)->589K(768K)
[4.581s][info][gc            ] GC(194) Pause Young (Concurrent Start) (G1 Humongous Allocation) 2055M->2038M(4071M) 3.623ms
[4.581s][info][gc,cpu        ] GC(194) User=0.02s Sys=0.00s Real=0.00s
[4.581s][info][gc            ] GC(195) Concurrent Cycle
[4.581s][info][gc,marking    ] GC(195) Concurrent Clear Claimed Marks
[4.581s][info][gc,marking    ] GC(195) Concurrent Clear Claimed Marks 0.011ms
[4.581s][info][gc,marking    ] GC(195) Concurrent Scan Root Regions
[4.581s][info][gc,marking    ] GC(195) Concurrent Scan Root Regions 0.069ms
[4.581s][info][gc,marking    ] GC(195) Concurrent Mark (4.581s)
[4.581s][info][gc,marking    ] GC(195) Concurrent Mark From Roots
[4.581s][info][gc,task       ] GC(195) Using 3 workers of 3 for marking
[4.584s][info][gc,marking    ] GC(195) Concurrent Mark From Roots 2.877ms
[4.584s][info][gc,marking    ] GC(195) Concurrent Preclean
[4.584s][info][gc,marking    ] GC(195) Concurrent Preclean 0.108ms
[4.584s][info][gc,marking    ] GC(195) Concurrent Mark (4.581s, 4.584s) 3.036ms
[4.584s][info][gc,start      ] GC(195) Pause Remark
[4.585s][info][gc,stringtable] GC(195) Cleaned string and symbol table, strings: 2628 processed, 0 removed, symbols: 25756 processed, 0 removed
[4.585s][info][gc            ] GC(195) Pause Remark 2048M->2048M(4071M) 0.517ms
[4.585s][info][gc,cpu        ] GC(195) User=0.00s Sys=0.00s Real=0.00s
[4.585s][info][gc,marking    ] GC(195) Concurrent Rebuild Remembered Sets
[4.587s][info][gc,marking    ] GC(195) Concurrent Rebuild Remembered Sets 2.494ms
[4.588s][info][gc,start      ] GC(195) Pause Cleanup
[4.588s][info][gc            ] GC(195) Pause Cleanup 2055M->2055M(4071M) 0.392ms
[4.588s][info][gc,cpu        ] GC(195) User=0.00s Sys=0.00s Real=0.00s
[4.588s][info][gc,marking    ] GC(195) Concurrent Cleanup for Next Mark
[4.590s][info][gc,marking    ] GC(195) Concurrent Cleanup for Next Mark 2.088ms
[4.590s][info][gc            ] GC(195) Concurrent Cycle 8.957ms
[4.598s][info][gc,start      ] GC(196) Pause Young (Concurrent Start) (G1 Humongous Allocation)
[4.598s][info][gc,task       ] GC(196) Using 13 workers of 13 for evacuation
[4.602s][info][gc,phases     ] GC(196)   Pre Evacuate Collection Set: 0.0ms
[4.602s][info][gc,phases     ] GC(196)   Evacuate Collection Set: 3.0ms
[4.602s][info][gc,phases     ] GC(196)   Post Evacuate Collection Set: 0.2ms
[4.602s][info][gc,phases     ] GC(196)   Other: 0.1ms
[4.602s][info][gc,heap       ] GC(196) Eden regions: 45->0(888)
[4.602s][info][gc,heap       ] GC(196) Survivor regions: 51->58(108)
[4.602s][info][gc,heap       ] GC(196) Old regions: 1835->1835
[4.602s][info][gc,heap       ] GC(196) Humongous regions: 156->154
[4.602s][info][gc,metaspace  ] GC(196) Metaspace: 6876K(7168K)->6876K(7168K) NonClass: 6286K(6400K)->6286K(6400K) Class: 589K(768K)->589K(768K)
[4.602s][info][gc            ] GC(196) Pause Young (Concurrent Start) (G1 Humongous Allocation) 2085M->2046M(4071M) 3.517ms
[4.602s][info][gc,cpu        ] GC(196) User=0.00s Sys=0.00s Real=0.00s
[4.602s][info][gc            ] GC(197) Concurrent Cycle
[4.602s][info][gc,marking    ] GC(197) Concurrent Clear Claimed Marks
[4.602s][info][gc,marking    ] GC(197) Concurrent Clear Claimed Marks 0.010ms
[4.602s][info][gc,marking    ] GC(197) Concurrent Scan Root Regions
[4.602s][info][gc,marking    ] GC(197) Concurrent Scan Root Regions 0.078ms
[4.602s][info][gc,marking    ] GC(197) Concurrent Mark (4.602s)
[4.602s][info][gc,marking    ] GC(197) Concurrent Mark From Roots
[4.602s][info][gc,task       ] GC(197) Using 3 workers of 3 for marking
[4.605s][info][gc,marking    ] GC(197) Concurrent Mark From Roots 3.354ms
[4.605s][info][gc,marking    ] GC(197) Concurrent Preclean
[4.606s][info][gc,marking    ] GC(197) Concurrent Preclean 0.061ms
[4.606s][info][gc,marking    ] GC(197) Concurrent Mark (4.602s, 4.606s) 3.455ms
[4.606s][info][gc,start      ] GC(197) Pause Remark
[4.606s][info][gc,stringtable] GC(197) Cleaned string and symbol table, strings: 2628 processed, 0 removed, symbols: 25756 processed, 0 removed
[4.606s][info][gc            ] GC(197) Pause Remark 2058M->2058M(4071M) 0.548ms
[4.606s][info][gc,cpu        ] GC(197) User=0.00s Sys=0.00s Real=0.00s
[4.606s][info][gc,marking    ] GC(197) Concurrent Rebuild Remembered Sets
[4.608s][info][gc,marking    ] GC(197) Concurrent Rebuild Remembered Sets 2.244ms
[4.609s][info][gc,start      ] GC(197) Pause Cleanup
[4.609s][info][gc            ] GC(197) Pause Cleanup 2065M->2065M(4071M) 0.345ms
[4.609s][info][gc,cpu        ] GC(197) User=0.00s Sys=0.00s Real=0.00s
[4.609s][info][gc,marking    ] GC(197) Concurrent Cleanup for Next Mark
[4.611s][info][gc,marking    ] GC(197) Concurrent Cleanup for Next Mark 1.883ms
[4.611s][info][gc            ] GC(197) Concurrent Cycle 8.859ms
[4.612s][info][gc,start      ] GC(198) Pause Young (Concurrent Start) (G1 Humongous Allocation)
[4.612s][info][gc,task       ] GC(198) Using 13 workers of 13 for evacuation
[4.616s][info][gc,phases     ] GC(198)   Pre Evacuate Collection Set: 0.0ms
[4.616s][info][gc,phases     ] GC(198)   Evacuate Collection Set: 3.1ms
[4.616s][info][gc,phases     ] GC(198)   Post Evacuate Collection Set: 0.3ms
[4.616s][info][gc,phases     ] GC(198)   Other: 0.1ms
[4.616s][info][gc,heap       ] GC(198) Eden regions: 26->0(762)
[4.616s][info][gc,heap       ] GC(198) Survivor regions: 58->63(119)
[4.616s][info][gc,heap       ] GC(198) Old regions: 1835->1835
[4.616s][info][gc,heap       ] GC(198) Humongous regions: 156->154
[4.616s][info][gc,metaspace  ] GC(198) Metaspace: 6876K(7168K)->6876K(7168K) NonClass: 6286K(6400K)->6286K(6400K) Class: 589K(768K)->589K(768K)
[4.616s][info][gc            ] GC(198) Pause Young (Concurrent Start) (G1 Humongous Allocation) 2073M->2051M(4076M) 3.617ms
[4.616s][info][gc,cpu        ] GC(198) User=0.00s Sys=0.00s Real=0.00s
[4.616s][info][gc            ] GC(199) Concurrent Cycle
[4.616s][info][gc,marking    ] GC(199) Concurrent Clear Claimed Marks
[4.616s][info][gc,marking    ] GC(199) Concurrent Clear Claimed Marks 0.010ms
[4.616s][info][gc,marking    ] GC(199) Concurrent Scan Root Regions
[4.616s][info][gc,marking    ] GC(199) Concurrent Scan Root Regions 0.069ms
[4.616s][info][gc,marking    ] GC(199) Concurrent Mark (4.616s)
[4.616s][info][gc,marking    ] GC(199) Concurrent Mark From Roots
[4.616s][info][gc,task       ] GC(199) Using 3 workers of 3 for marking
[4.619s][info][gc,marking    ] GC(199) Concurrent Mark From Roots 2.879ms
[4.619s][info][gc,marking    ] GC(199) Concurrent Preclean
[4.619s][info][gc,marking    ] GC(199) Concurrent Preclean 0.062ms
[4.619s][info][gc,marking    ] GC(199) Concurrent Mark (4.616s, 4.619s) 2.987ms
[4.619s][info][gc,start      ] GC(199) Pause Remark
[4.620s][info][gc,stringtable] GC(199) Cleaned string and symbol table, strings: 2628 processed, 0 removed, symbols: 25756 processed, 0 removed
[4.620s][info][gc            ] GC(199) Pause Remark 2059M->2059M(4076M) 0.526ms
[4.620s][info][gc,cpu        ] GC(199) User=0.00s Sys=0.00s Real=0.00s
[4.620s][info][gc,marking    ] GC(199) Concurrent Rebuild Remembered Sets
[4.622s][info][gc,marking    ] GC(199) Concurrent Rebuild Remembered Sets 2.296ms
[4.622s][info][gc,start      ] GC(199) Pause Cleanup
[4.623s][info][gc            ] GC(199) Pause Cleanup 2066M->2066M(4076M) 0.395ms
[4.623s][info][gc,cpu        ] GC(199) User=0.00s Sys=0.00s Real=0.00s
[4.623s][info][gc,marking    ] GC(199) Concurrent Cleanup for Next Mark
[4.624s][info][gc,marking    ] GC(199) Concurrent Cleanup for Next Mark 1.781ms
[4.624s][info][gc            ] GC(199) Concurrent Cycle 8.356ms
[4.634s][info][gc,start      ] GC(200) Pause Young (Concurrent Start) (G1 Humongous Allocation)
[4.634s][info][gc,task       ] GC(200) Using 13 workers of 13 for evacuation
[4.639s][info][gc,phases     ] GC(200)   Pre Evacuate Collection Set: 0.1ms
[4.639s][info][gc,phases     ] GC(200)   Evacuate Collection Set: 3.8ms
[4.639s][info][gc,phases     ] GC(200)   Post Evacuate Collection Set: 0.2ms
[4.639s][info][gc,phases     ] GC(200)   Other: 0.1ms
[4.639s][info][gc,heap       ] GC(200) Eden regions: 49->0(638)
[4.639s][info][gc,heap       ] GC(200) Survivor regions: 63->35(104)
[4.639s][info][gc,heap       ] GC(200) Old regions: 1835->1872
[4.639s][info][gc,heap       ] GC(200) Humongous regions: 156->154
[4.639s][info][gc,metaspace  ] GC(200) Metaspace: 6876K(7168K)->6876K(7168K) NonClass: 6286K(6400K)->6286K(6400K) Class: 589K(768K)->589K(768K)
[4.639s][info][gc            ] GC(200) Pause Young (Concurrent Start) (G1 Humongous Allocation) 2102M->2060M(4076M) 4.365ms
[4.639s][info][gc,cpu        ] GC(200) User=0.00s Sys=0.00s Real=0.00s
[4.639s][info][gc            ] GC(201) Concurrent Cycle
[4.639s][info][gc,marking    ] GC(201) Concurrent Clear Claimed Marks
[4.639s][info][gc,marking    ] GC(201) Concurrent Clear Claimed Marks 0.011ms
[4.639s][info][gc,marking    ] GC(201) Concurrent Scan Root Regions
[4.639s][info][gc,marking    ] GC(201) Concurrent Scan Root Regions 0.061ms
[4.639s][info][gc,marking    ] GC(201) Concurrent Mark (4.639s)
[4.639s][info][gc,marking    ] GC(201) Concurrent Mark From Roots
[4.639s][info][gc,task       ] GC(201) Using 3 workers of 3 for marking
[4.642s][info][gc,marking    ] GC(201) Concurrent Mark From Roots 2.988ms
[4.642s][info][gc,marking    ] GC(201) Concurrent Preclean
[4.642s][info][gc,marking    ] GC(201) Concurrent Preclean 0.081ms
[4.642s][info][gc,marking    ] GC(201) Concurrent Mark (4.639s, 4.642s) 3.117ms
[4.642s][info][gc,start      ] GC(201) Pause Remark
[4.642s][info][gc,stringtable] GC(201) Cleaned string and symbol table, strings: 2628 processed, 0 removed, symbols: 25756 processed, 0 removed
[4.643s][info][gc            ] GC(201) Pause Remark 2070M->2070M(4076M) 0.467ms
[4.643s][info][gc,cpu        ] GC(201) User=0.00s Sys=0.00s Real=0.00s
[4.643s][info][gc,marking    ] GC(201) Concurrent Rebuild Remembered Sets
[4.645s][info][gc,marking    ] GC(201) Concurrent Rebuild Remembered Sets 2.143ms
[4.645s][info][gc,start      ] GC(201) Pause Cleanup
[4.645s][info][gc            ] GC(201) Pause Cleanup 2077M->2077M(4076M) 0.377ms
[4.645s][info][gc,cpu        ] GC(201) User=0.00s Sys=0.00s Real=0.00s
[4.645s][info][gc,marking    ] GC(201) Concurrent Cleanup for Next Mark
[4.647s][info][gc,marking    ] GC(201) Concurrent Cleanup for Next Mark 1.815ms
[4.647s][info][gc            ] GC(201) Concurrent Cycle 8.281ms
[4.654s][info][gc,start      ] GC(202) Pause Young (Concurrent Start) (G1 Humongous Allocation)
[4.654s][info][gc,task       ] GC(202) Using 13 workers of 13 for evacuation
[4.656s][info][gc,phases     ] GC(202)   Pre Evacuate Collection Set: 0.1ms
[4.656s][info][gc,phases     ] GC(202)   Evacuate Collection Set: 2.0ms
[4.656s][info][gc,phases     ] GC(202)   Post Evacuate Collection Set: 0.2ms
[4.656s][info][gc,phases     ] GC(202)   Other: 0.1ms
[4.656s][info][gc,heap       ] GC(202) Eden regions: 41->0(719)
[4.656s][info][gc,heap       ] GC(202) Survivor regions: 35->43(85)
[4.656s][info][gc,heap       ] GC(202) Old regions: 1872->1872
[4.656s][info][gc,heap       ] GC(202) Humongous regions: 156->154
[4.656s][info][gc,metaspace  ] GC(202) Metaspace: 6876K(7168K)->6876K(7168K) NonClass: 6286K(6400K)->6286K(6400K) Class: 589K(768K)->589K(768K)
[4.656s][info][gc            ] GC(202) Pause Young (Concurrent Start) (G1 Humongous Allocation) 2102M->2068M(4076M) 2.443ms
[4.656s][info][gc,cpu        ] GC(202) User=0.00s Sys=0.00s Real=0.00s
[4.656s][info][gc            ] GC(203) Concurrent Cycle
[4.656s][info][gc,marking    ] GC(203) Concurrent Clear Claimed Marks
[4.656s][info][gc,marking    ] GC(203) Concurrent Clear Claimed Marks 0.010ms
[4.656s][info][gc,marking    ] GC(203) Concurrent Scan Root Regions
[4.656s][info][gc,marking    ] GC(203) Concurrent Scan Root Regions 0.045ms
[4.656s][info][gc,marking    ] GC(203) Concurrent Mark (4.656s)
[4.656s][info][gc,marking    ] GC(203) Concurrent Mark From Roots
[4.656s][info][gc,task       ] GC(203) Using 3 workers of 3 for marking
[4.659s][info][gc,marking    ] GC(203) Concurrent Mark From Roots 2.857ms
[4.659s][info][gc,marking    ] GC(203) Concurrent Preclean
[4.659s][info][gc,marking    ] GC(203) Concurrent Preclean 0.064ms
[4.659s][info][gc,marking    ] GC(203) Concurrent Mark (4.656s, 4.659s) 2.975ms
[4.659s][info][gc,start      ] GC(203) Pause Remark
[4.660s][info][gc,stringtable] GC(203) Cleaned string and symbol table, strings: 2628 processed, 0 removed, symbols: 25756 processed, 0 removed
[4.660s][info][gc            ] GC(203) Pause Remark 2079M->2079M(4076M) 0.484ms
[4.660s][info][gc,cpu        ] GC(203) User=0.00s Sys=0.00s Real=0.00s
[4.660s][info][gc,marking    ] GC(203) Concurrent Rebuild Remembered Sets
[4.662s][info][gc,marking    ] GC(203) Concurrent Rebuild Remembered Sets 2.159ms
[4.662s][info][gc,start      ] GC(203) Pause Cleanup
[4.663s][info][gc            ] GC(203) Pause Cleanup 2085M->2085M(4076M) 0.338ms
[4.663s][info][gc,cpu        ] GC(203) User=0.00s Sys=0.00s Real=0.00s
[4.663s][info][gc,marking    ] GC(203) Concurrent Cleanup for Next Mark
[4.665s][info][gc,marking    ] GC(203) Concurrent Cleanup for Next Mark 1.758ms
[4.665s][info][gc            ] GC(203) Concurrent Cycle 8.168ms
[4.672s][info][gc,start      ] GC(204) Pause Young (Concurrent Start) (G1 Humongous Allocation)
[4.672s][info][gc,task       ] GC(204) Using 13 workers of 13 for evacuation
[4.675s][info][gc,phases     ] GC(204)   Pre Evacuate Collection Set: 0.1ms
[4.675s][info][gc,phases     ] GC(204)   Evacuate Collection Set: 2.4ms
[4.675s][info][gc,phases     ] GC(204)   Post Evacuate Collection Set: 0.2ms
[4.675s][info][gc,phases     ] GC(204)   Other: 0.1ms
[4.675s][info][gc,heap       ] GC(204) Eden regions: 39->0(779)
[4.675s][info][gc,heap       ] GC(204) Survivor regions: 43->49(96)
[4.675s][info][gc,heap       ] GC(204) Old regions: 1872->1872
[4.675s][info][gc,heap       ] GC(204) Humongous regions: 159->155
[4.675s][info][gc,metaspace  ] GC(204) Metaspace: 6876K(7168K)->6876K(7168K) NonClass: 6286K(6400K)->6286K(6400K) Class: 589K(768K)->589K(768K)
[4.675s][info][gc            ] GC(204) Pause Young (Concurrent Start) (G1 Humongous Allocation) 2111M->2075M(4076M) 2.902ms
[4.675s][info][gc,cpu        ] GC(204) User=0.00s Sys=0.00s Real=0.00s
[4.675s][info][gc            ] GC(205) Concurrent Cycle
[4.675s][info][gc,marking    ] GC(205) Concurrent Clear Claimed Marks
[4.675s][info][gc,marking    ] GC(205) Concurrent Clear Claimed Marks 0.012ms
[4.675s][info][gc,marking    ] GC(205) Concurrent Scan Root Regions
[4.675s][info][gc,marking    ] GC(205) Concurrent Scan Root Regions 0.054ms
[4.675s][info][gc,marking    ] GC(205) Concurrent Mark (4.675s)
[4.675s][info][gc,marking    ] GC(205) Concurrent Mark From Roots
[4.675s][info][gc,task       ] GC(205) Using 3 workers of 3 for marking
[4.678s][info][gc,marking    ] GC(205) Concurrent Mark From Roots 2.835ms
[4.678s][info][gc,marking    ] GC(205) Concurrent Preclean
[4.678s][info][gc,marking    ] GC(205) Concurrent Preclean 0.078ms
[4.678s][info][gc,marking    ] GC(205) Concurrent Mark (4.675s, 4.678s) 2.964ms
[4.678s][info][gc,start      ] GC(205) Pause Remark
[4.678s][info][gc,stringtable] GC(205) Cleaned string and symbol table, strings: 2628 processed, 0 removed, symbols: 25756 processed, 0 removed
[4.678s][info][gc            ] GC(205) Pause Remark 2087M->2087M(4076M) 0.533ms
[4.678s][info][gc,cpu        ] GC(205) User=0.00s Sys=0.00s Real=0.00s
[4.678s][info][gc,marking    ] GC(205) Concurrent Rebuild Remembered Sets
[4.681s][info][gc,marking    ] GC(205) Concurrent Rebuild Remembered Sets 2.111ms
[4.681s][info][gc,start      ] GC(205) Pause Cleanup
[4.681s][info][gc            ] GC(205) Pause Cleanup 2093M->2093M(4076M) 0.403ms
[4.681s][info][gc,cpu        ] GC(205) User=0.00s Sys=0.00s Real=0.00s
[4.681s][info][gc,marking    ] GC(205) Concurrent Cleanup for Next Mark
[4.683s][info][gc,marking    ] GC(205) Concurrent Cleanup for Next Mark 2.021ms
[4.683s][info][gc            ] GC(205) Concurrent Cycle 8.416ms
[4.684s][info][gc,start      ] GC(206) Pause Young (Concurrent Start) (G1 Humongous Allocation)
[4.684s][info][gc,task       ] GC(206) Using 13 workers of 13 for evacuation
[4.688s][info][gc,phases     ] GC(206)   Pre Evacuate Collection Set: 0.0ms
[4.688s][info][gc,phases     ] GC(206)   Evacuate Collection Set: 2.6ms
[4.688s][info][gc,phases     ] GC(206)   Post Evacuate Collection Set: 0.5ms
[4.688s][info][gc,phases     ] GC(206)   Other: 0.1ms
[4.688s][info][gc,heap       ] GC(206) Eden regions: 22->0(644)
[4.688s][info][gc,heap       ] GC(206) Survivor regions: 49->53(104)
[4.688s][info][gc,heap       ] GC(206) Old regions: 1872->1872
[4.688s][info][gc,heap       ] GC(206) Humongous regions: 158->156
[4.688s][info][gc,metaspace  ] GC(206) Metaspace: 6876K(7168K)->6876K(7168K) NonClass: 6286K(6400K)->6286K(6400K) Class: 589K(768K)->589K(768K)
[4.688s][info][gc            ] GC(206) Pause Young (Concurrent Start) (G1 Humongous Allocation) 2100M->2080M(4079M) 3.365ms
[4.688s][info][gc,cpu        ] GC(206) User=0.00s Sys=0.00s Real=0.00s
[4.688s][info][gc            ] GC(207) Concurrent Cycle
[4.688s][info][gc,marking    ] GC(207) Concurrent Clear Claimed Marks
[4.688s][info][gc,marking    ] GC(207) Concurrent Clear Claimed Marks 0.011ms
[4.688s][info][gc,marking    ] GC(207) Concurrent Scan Root Regions
[4.688s][info][gc,marking    ] GC(207) Concurrent Scan Root Regions 0.071ms
[4.688s][info][gc,marking    ] GC(207) Concurrent Mark (4.688s)
[4.688s][info][gc,marking    ] GC(207) Concurrent Mark From Roots
[4.688s][info][gc,task       ] GC(207) Using 3 workers of 3 for marking
[4.691s][info][gc,marking    ] GC(207) Concurrent Mark From Roots 2.903ms
[4.691s][info][gc,marking    ] GC(207) Concurrent Preclean
[4.691s][info][gc,marking    ] GC(207) Concurrent Preclean 0.083ms
[4.691s][info][gc,marking    ] GC(207) Concurrent Mark (4.688s, 4.691s) 3.032ms
[4.691s][info][gc,start      ] GC(207) Pause Remark
[4.691s][info][gc,stringtable] GC(207) Cleaned string and symbol table, strings: 2628 processed, 0 removed, symbols: 25756 processed, 0 removed
[4.692s][info][gc            ] GC(207) Pause Remark 2089M->2089M(4079M) 0.610ms
[4.692s][info][gc,cpu        ] GC(207) User=0.00s Sys=0.00s Real=0.00s
[4.692s][info][gc,marking    ] GC(207) Concurrent Rebuild Remembered Sets
[4.694s][info][gc,marking    ] GC(207) Concurrent Rebuild Remembered Sets 2.027ms
[4.694s][info][gc,start      ] GC(207) Pause Cleanup
[4.694s][info][gc            ] GC(207) Pause Cleanup 2094M->2094M(4079M) 0.327ms
[4.694s][info][gc,cpu        ] GC(207) User=0.00s Sys=0.00s Real=0.00s
[4.694s][info][gc,marking    ] GC(207) Concurrent Cleanup for Next Mark
[4.696s][info][gc,marking    ] GC(207) Concurrent Cleanup for Next Mark 1.752ms
[4.696s][info][gc            ] GC(207) Concurrent Cycle 8.147ms
[4.700s][info][gc,start      ] GC(208) Pause Young (Concurrent Start) (G1 Humongous Allocation)
[4.700s][info][gc,task       ] GC(208) Using 13 workers of 13 for evacuation
[4.703s][info][gc,phases     ] GC(208)   Pre Evacuate Collection Set: 0.0ms
[4.703s][info][gc,phases     ] GC(208)   Evacuate Collection Set: 2.8ms
[4.703s][info][gc,phases     ] GC(208)   Post Evacuate Collection Set: 0.2ms
[4.703s][info][gc,phases     ] GC(208)   Other: 0.1ms
[4.703s][info][gc,heap       ] GC(208) Eden regions: 29->0(607)
[4.703s][info][gc,heap       ] GC(208) Survivor regions: 53->52(88)
[4.703s][info][gc,heap       ] GC(208) Old regions: 1872->1880
[4.703s][info][gc,heap       ] GC(208) Humongous regions: 157->156
[4.703s][info][gc,metaspace  ] GC(208) Metaspace: 6876K(7168K)->6876K(7168K) NonClass: 6286K(6400K)->6286K(6400K) Class: 589K(768K)->589K(768K)
[4.703s][info][gc            ] GC(208) Pause Young (Concurrent Start) (G1 Humongous Allocation) 2110M->2086M(4079M) 3.300ms
[4.703s][info][gc,cpu        ] GC(208) User=0.00s Sys=0.00s Real=0.00s
[4.703s][info][gc            ] GC(209) Concurrent Cycle
[4.703s][info][gc,marking    ] GC(209) Concurrent Clear Claimed Marks
[4.703s][info][gc,marking    ] GC(209) Concurrent Clear Claimed Marks 0.013ms
[4.703s][info][gc,marking    ] GC(209) Concurrent Scan Root Regions
[4.703s][info][gc,marking    ] GC(209) Concurrent Scan Root Regions 0.072ms
[4.703s][info][gc,marking    ] GC(209) Concurrent Mark (4.703s)
[4.703s][info][gc,marking    ] GC(209) Concurrent Mark From Roots
[4.703s][info][gc,task       ] GC(209) Using 3 workers of 3 for marking
[4.706s][info][gc,marking    ] GC(209) Concurrent Mark From Roots 2.858ms
[4.706s][info][gc,marking    ] GC(209) Concurrent Preclean
[4.706s][info][gc,marking    ] GC(209) Concurrent Preclean 0.062ms
[4.706s][info][gc,marking    ] GC(209) Concurrent Mark (4.703s, 4.706s) 2.957ms
[4.707s][info][gc,start      ] GC(209) Pause Remark
[4.707s][info][gc,stringtable] GC(209) Cleaned string and symbol table, strings: 2628 processed, 0 removed, symbols: 25756 processed, 0 removed
[4.707s][info][gc            ] GC(209) Pause Remark 2097M->2097M(4079M) 0.458ms
[4.707s][info][gc,cpu        ] GC(209) User=0.00s Sys=0.00s Real=0.00s
[4.707s][info][gc,marking    ] GC(209) Concurrent Rebuild Remembered Sets
[4.709s][info][gc,marking    ] GC(209) Concurrent Rebuild Remembered Sets 2.053ms
[4.709s][info][gc,start      ] GC(209) Pause Cleanup
[4.709s][info][gc            ] GC(209) Pause Cleanup 2105M->2105M(4079M) 0.350ms
[4.710s][info][gc,cpu        ] GC(209) User=0.00s Sys=0.00s Real=0.00s
[4.710s][info][gc,marking    ] GC(209) Concurrent Cleanup for Next Mark
[4.711s][info][gc,marking    ] GC(209) Concurrent Cleanup for Next Mark 1.770ms
[4.711s][info][gc            ] GC(209) Concurrent Cycle 8.034ms
[4.719s][info][gc,start      ] GC(210) Pause Young (Concurrent Start) (G1 Humongous Allocation)
[4.719s][info][gc,task       ] GC(210) Using 13 workers of 13 for evacuation
[4.722s][info][gc,phases     ] GC(210)   Pre Evacuate Collection Set: 0.1ms
[4.722s][info][gc,phases     ] GC(210)   Evacuate Collection Set: 3.0ms
[4.722s][info][gc,phases     ] GC(210)   Post Evacuate Collection Set: 0.2ms
[4.722s][info][gc,phases     ] GC(210)   Other: 0.1ms
[4.722s][info][gc,heap       ] GC(210) Eden regions: 43->0(625)
[4.722s][info][gc,heap       ] GC(210) Survivor regions: 52->47(83)
[4.722s][info][gc,heap       ] GC(210) Old regions: 1880->1892
[4.722s][info][gc,heap       ] GC(210) Humongous regions: 160->156
[4.722s][info][gc,metaspace  ] GC(210) Metaspace: 6876K(7168K)->6876K(7168K) NonClass: 6286K(6400K)->6286K(6400K) Class: 589K(768K)->589K(768K)
[4.722s][info][gc            ] GC(210) Pause Young (Concurrent Start) (G1 Humongous Allocation) 2133M->2094M(4079M) 3.561ms
[4.722s][info][gc,cpu        ] GC(210) User=0.08s Sys=0.11s Real=0.00s
[4.722s][info][gc            ] GC(211) Concurrent Cycle
[4.723s][info][gc,marking    ] GC(211) Concurrent Clear Claimed Marks
[4.723s][info][gc,marking    ] GC(211) Concurrent Clear Claimed Marks 0.015ms
[4.723s][info][gc,marking    ] GC(211) Concurrent Scan Root Regions
[4.723s][info][gc,marking    ] GC(211) Concurrent Scan Root Regions 0.066ms
[4.723s][info][gc,marking    ] GC(211) Concurrent Mark (4.723s)
[4.723s][info][gc,marking    ] GC(211) Concurrent Mark From Roots
[4.723s][info][gc,task       ] GC(211) Using 3 workers of 3 for marking
[4.726s][info][gc,marking    ] GC(211) Concurrent Mark From Roots 2.997ms
[4.726s][info][gc,marking    ] GC(211) Concurrent Preclean
[4.726s][info][gc,marking    ] GC(211) Concurrent Preclean 0.062ms
[4.726s][info][gc,marking    ] GC(211) Concurrent Mark (4.723s, 4.726s) 3.094ms
[4.726s][info][gc,start      ] GC(211) Pause Remark
[4.726s][info][gc,stringtable] GC(211) Cleaned string and symbol table, strings: 2628 processed, 0 removed, symbols: 25756 processed, 0 removed
[4.726s][info][gc            ] GC(211) Pause Remark 2104M->2104M(4079M) 0.486ms
[4.726s][info][gc,cpu        ] GC(211) User=0.00s Sys=0.00s Real=0.00s
[4.726s][info][gc,marking    ] GC(211) Concurrent Rebuild Remembered Sets
[4.729s][info][gc,marking    ] GC(211) Concurrent Rebuild Remembered Sets 2.433ms
[4.729s][info][gc,start      ] GC(211) Pause Cleanup
[4.729s][info][gc            ] GC(211) Pause Cleanup 2111M->2111M(4079M) 0.418ms
[4.729s][info][gc,cpu        ] GC(211) User=0.00s Sys=0.00s Real=0.00s
[4.729s][info][gc,marking    ] GC(211) Concurrent Cleanup for Next Mark
[4.731s][info][gc,marking    ] GC(211) Concurrent Cleanup for Next Mark 1.724ms
[4.731s][info][gc            ] GC(211) Concurrent Cycle 8.568ms
[4.731s][info][gc,start      ] GC(212) Pause Young (Concurrent Start) (G1 Humongous Allocation)
[4.731s][info][gc,task       ] GC(212) Using 13 workers of 13 for evacuation
[4.734s][info][gc,phases     ] GC(212)   Pre Evacuate Collection Set: 0.0ms
[4.734s][info][gc,phases     ] GC(212)   Evacuate Collection Set: 2.3ms
[4.734s][info][gc,phases     ] GC(212)   Post Evacuate Collection Set: 0.2ms
[4.734s][info][gc,phases     ] GC(212)   Other: 0.1ms
[4.734s][info][gc,heap       ] GC(212) Eden regions: 18->0(575)
[4.734s][info][gc,heap       ] GC(212) Survivor regions: 47->45(84)
[4.734s][info][gc,heap       ] GC(212) Old regions: 1892->1897
[4.734s][info][gc,heap       ] GC(212) Humongous regions: 157->156
[4.734s][info][gc,metaspace  ] GC(212) Metaspace: 6876K(7168K)->6876K(7168K) NonClass: 6286K(6400K)->6286K(6400K) Class: 589K(768K)->589K(768K)
[4.734s][info][gc            ] GC(212) Pause Young (Concurrent Start) (G1 Humongous Allocation) 2113M->2097M(4079M) 2.814ms
[4.734s][info][gc,cpu        ] GC(212) User=0.00s Sys=0.00s Real=0.00s
[4.734s][info][gc            ] GC(213) Concurrent Cycle
[4.734s][info][gc,marking    ] GC(213) Concurrent Clear Claimed Marks
[4.734s][info][gc,marking    ] GC(213) Concurrent Clear Claimed Marks 0.012ms
[4.734s][info][gc,marking    ] GC(213) Concurrent Scan Root Regions
[4.734s][info][gc,marking    ] GC(213) Concurrent Scan Root Regions 0.048ms
[4.734s][info][gc,marking    ] GC(213) Concurrent Mark (4.734s)
[4.734s][info][gc,marking    ] GC(213) Concurrent Mark From Roots
[4.734s][info][gc,task       ] GC(213) Using 3 workers of 3 for marking
[4.737s][info][gc,marking    ] GC(213) Concurrent Mark From Roots 2.709ms
[4.737s][info][gc,marking    ] GC(213) Concurrent Preclean
[4.737s][info][gc,marking    ] GC(213) Concurrent Preclean 0.091ms
[4.737s][info][gc,marking    ] GC(213) Concurrent Mark (4.734s, 4.737s) 2.836ms
[4.737s][info][gc,start      ] GC(213) Pause Remark
[4.737s][info][gc,stringtable] GC(213) Cleaned string and symbol table, strings: 2628 processed, 0 removed, symbols: 25756 processed, 0 removed
[4.738s][info][gc            ] GC(213) Pause Remark 2108M->2108M(4079M) 0.523ms
[4.738s][info][gc,cpu        ] GC(213) User=0.02s Sys=0.00s Real=0.00s
[4.738s][info][gc,marking    ] GC(213) Concurrent Rebuild Remembered Sets
[4.740s][info][gc,marking    ] GC(213) Concurrent Rebuild Remembered Sets 1.997ms
[4.740s][info][gc,start      ] GC(213) Pause Cleanup
[4.740s][info][gc            ] GC(213) Pause Cleanup 2114M->2114M(4079M) 0.322ms
[4.740s][info][gc,cpu        ] GC(213) User=0.00s Sys=0.00s Real=0.00s
[4.740s][info][gc,marking    ] GC(213) Concurrent Cleanup for Next Mark
[4.742s][info][gc,marking    ] GC(213) Concurrent Cleanup for Next Mark 1.595ms
[4.742s][info][gc            ] GC(213) Concurrent Cycle 7.653ms
[4.746s][info][gc,start      ] GC(214) Pause Young (Concurrent Start) (G1 Humongous Allocation)
[4.746s][info][gc,task       ] GC(214) Using 13 workers of 13 for evacuation
[4.749s][info][gc,phases     ] GC(214)   Pre Evacuate Collection Set: 0.0ms
[4.749s][info][gc,phases     ] GC(214)   Evacuate Collection Set: 2.4ms
[4.749s][info][gc,phases     ] GC(214)   Post Evacuate Collection Set: 0.2ms
[4.749s][info][gc,phases     ] GC(214)   Other: 0.1ms
[4.749s][info][gc,heap       ] GC(214) Eden regions: 31->0(545)
[4.749s][info][gc,heap       ] GC(214) Survivor regions: 45->44(78)
[4.749s][info][gc,heap       ] GC(214) Old regions: 1897->1906
[4.749s][info][gc,heap       ] GC(214) Humongous regions: 159->156
[4.749s][info][gc,metaspace  ] GC(214) Metaspace: 6876K(7168K)->6876K(7168K) NonClass: 6286K(6400K)->6286K(6400K) Class: 589K(768K)->589K(768K)
[4.749s][info][gc            ] GC(214) Pause Young (Concurrent Start) (G1 Humongous Allocation) 2131M->2104M(4083M) 2.829ms
[4.749s][info][gc,cpu        ] GC(214) User=0.00s Sys=0.00s Real=0.00s
[4.749s][info][gc            ] GC(215) Concurrent Cycle
[4.749s][info][gc,marking    ] GC(215) Concurrent Clear Claimed Marks
[4.749s][info][gc,marking    ] GC(215) Concurrent Clear Claimed Marks 0.016ms
[4.749s][info][gc,marking    ] GC(215) Concurrent Scan Root Regions
[4.749s][info][gc,marking    ] GC(215) Concurrent Scan Root Regions 0.042ms
[4.749s][info][gc,marking    ] GC(215) Concurrent Mark (4.749s)
[4.749s][info][gc,marking    ] GC(215) Concurrent Mark From Roots
[4.749s][info][gc,task       ] GC(215) Using 3 workers of 3 for marking
[4.752s][info][gc,marking    ] GC(215) Concurrent Mark From Roots 2.625ms
[4.752s][info][gc,marking    ] GC(215) Concurrent Preclean
[4.752s][info][gc,marking    ] GC(215) Concurrent Preclean 0.061ms
[4.752s][info][gc,marking    ] GC(215) Concurrent Mark (4.749s, 4.752s) 2.721ms
[4.752s][info][gc,start      ] GC(215) Pause Remark
[4.752s][info][gc,stringtable] GC(215) Cleaned string and symbol table, strings: 2628 processed, 0 removed, symbols: 25756 processed, 0 removed
[4.752s][info][gc            ] GC(215) Pause Remark 2111M->2111M(4083M) 0.444ms
[4.752s][info][gc,cpu        ] GC(215) User=0.00s Sys=0.00s Real=0.00s
[4.752s][info][gc,marking    ] GC(215) Concurrent Rebuild Remembered Sets
[4.754s][info][gc,marking    ] GC(215) Concurrent Rebuild Remembered Sets 1.892ms
[4.754s][info][gc,start      ] GC(215) Pause Cleanup
[4.755s][info][gc            ] GC(215) Pause Cleanup 2117M->2117M(4083M) 0.334ms
[4.755s][info][gc,cpu        ] GC(215) User=0.00s Sys=0.00s Real=0.00s
[4.755s][info][gc,marking    ] GC(215) Concurrent Cleanup for Next Mark
[4.756s][info][gc,marking    ] GC(215) Concurrent Cleanup for Next Mark 1.550ms
[4.756s][info][gc            ] GC(215) Concurrent Cycle 7.263ms
[4.766s][info][gc,start      ] GC(216) Pause Young (Concurrent Start) (G1 Humongous Allocation)
[4.766s][info][gc,task       ] GC(216) Using 13 workers of 13 for evacuation
[4.769s][info][gc,phases     ] GC(216)   Pre Evacuate Collection Set: 0.1ms
[4.769s][info][gc,phases     ] GC(216)   Evacuate Collection Set: 2.3ms
[4.769s][info][gc,phases     ] GC(216)   Post Evacuate Collection Set: 0.2ms
[4.769s][info][gc,phases     ] GC(216)   Other: 0.1ms
[4.769s][info][gc,heap       ] GC(216) Eden regions: 46->0(581)
[4.769s][info][gc,heap       ] GC(216) Survivor regions: 44->43(74)
[4.769s][info][gc,heap       ] GC(216) Old regions: 1906->1913
[4.769s][info][gc,heap       ] GC(216) Humongous regions: 157->156
[4.769s][info][gc,metaspace  ] GC(216) Metaspace: 6876K(7168K)->6876K(7168K) NonClass: 6286K(6400K)->6286K(6400K) Class: 589K(768K)->589K(768K)
[4.769s][info][gc            ] GC(216) Pause Young (Concurrent Start) (G1 Humongous Allocation) 2151M->2111M(4083M) 2.825ms
[4.769s][info][gc,cpu        ] GC(216) User=0.19s Sys=0.00s Real=0.00s
[4.769s][info][gc            ] GC(217) Concurrent Cycle
[4.769s][info][gc,marking    ] GC(217) Concurrent Clear Claimed Marks
[4.769s][info][gc,marking    ] GC(217) Concurrent Clear Claimed Marks 0.010ms
[4.769s][info][gc,marking    ] GC(217) Concurrent Scan Root Regions
[4.769s][info][gc,marking    ] GC(217) Concurrent Scan Root Regions 0.040ms
[4.769s][info][gc,marking    ] GC(217) Concurrent Mark (4.769s)
[4.769s][info][gc,marking    ] GC(217) Concurrent Mark From Roots
[4.769s][info][gc,task       ] GC(217) Using 3 workers of 3 for marking
[4.772s][info][gc,marking    ] GC(217) Concurrent Mark From Roots 2.711ms
[4.772s][info][gc,marking    ] GC(217) Concurrent Preclean
[4.772s][info][gc,marking    ] GC(217) Concurrent Preclean 0.092ms
[4.772s][info][gc,marking    ] GC(217) Concurrent Mark (4.769s, 4.772s) 2.857ms
[4.772s][info][gc,start      ] GC(217) Pause Remark
[4.772s][info][gc,stringtable] GC(217) Cleaned string and symbol table, strings: 2628 processed, 0 removed, symbols: 25756 processed, 0 removed
[4.772s][info][gc            ] GC(217) Pause Remark 2119M->2119M(4083M) 0.499ms
[4.772s][info][gc,cpu        ] GC(217) User=0.00s Sys=0.00s Real=0.00s
[4.772s][info][gc,marking    ] GC(217) Concurrent Rebuild Remembered Sets
[4.774s][info][gc,marking    ] GC(217) Concurrent Rebuild Remembered Sets 1.989ms
[4.774s][info][gc,start      ] GC(217) Pause Cleanup
[4.775s][info][gc            ] GC(217) Pause Cleanup 2126M->2126M(4083M) 0.333ms
[4.775s][info][gc,cpu        ] GC(217) User=0.00s Sys=0.00s Real=0.00s
[4.775s][info][gc,marking    ] GC(217) Concurrent Cleanup for Next Mark
[4.777s][info][gc,marking    ] GC(217) Concurrent Cleanup for Next Mark 1.806ms
[4.777s][info][gc            ] GC(217) Concurrent Cycle 7.814ms
[4.782s][info][gc,start      ] GC(218) Pause Young (Concurrent Start) (G1 Humongous Allocation)
[4.782s][info][gc,task       ] GC(218) Using 13 workers of 13 for evacuation
[4.784s][info][gc,phases     ] GC(218)   Pre Evacuate Collection Set: 0.0ms
[4.785s][info][gc,phases     ] GC(218)   Evacuate Collection Set: 2.3ms
[4.785s][info][gc,phases     ] GC(218)   Post Evacuate Collection Set: 0.2ms
[4.785s][info][gc,phases     ] GC(218)   Other: 0.1ms
[4.785s][info][gc,heap       ] GC(218) Eden regions: 34->0(632)
[4.785s][info][gc,heap       ] GC(218) Survivor regions: 43->42(78)
[4.785s][info][gc,heap       ] GC(218) Old regions: 1913->1920
[4.785s][info][gc,heap       ] GC(218) Humongous regions: 158->156
[4.785s][info][gc,metaspace  ] GC(218) Metaspace: 6876K(7168K)->6876K(7168K) NonClass: 6286K(6400K)->6286K(6400K) Class: 589K(768K)->589K(768K)
[4.785s][info][gc            ] GC(218) Pause Young (Concurrent Start) (G1 Humongous Allocation) 2147M->2117M(4083M) 2.776ms
[4.785s][info][gc,cpu        ] GC(218) User=0.20s Sys=0.00s Real=0.00s
[4.785s][info][gc            ] GC(219) Concurrent Cycle
[4.785s][info][gc,marking    ] GC(219) Concurrent Clear Claimed Marks
[4.785s][info][gc,marking    ] GC(219) Concurrent Clear Claimed Marks 0.010ms
[4.785s][info][gc,marking    ] GC(219) Concurrent Scan Root Regions
[4.785s][info][gc,marking    ] GC(219) Concurrent Scan Root Regions 0.042ms
[4.785s][info][gc,marking    ] GC(219) Concurrent Mark (4.785s)
[4.785s][info][gc,marking    ] GC(219) Concurrent Mark From Roots
[4.785s][info][gc,task       ] GC(219) Using 3 workers of 3 for marking
[4.788s][info][gc,marking    ] GC(219) Concurrent Mark From Roots 2.928ms
[4.788s][info][gc,marking    ] GC(219) Concurrent Preclean
[4.788s][info][gc,marking    ] GC(219) Concurrent Preclean 0.093ms
[4.788s][info][gc,marking    ] GC(219) Concurrent Mark (4.785s, 4.788s) 3.073ms
[4.788s][info][gc,start      ] GC(219) Pause Remark
[4.788s][info][gc,stringtable] GC(219) Cleaned string and symbol table, strings: 2628 processed, 0 removed, symbols: 25756 processed, 0 removed
[4.788s][info][gc            ] GC(219) Pause Remark 2127M->2127M(4083M) 0.542ms
[4.788s][info][gc,cpu        ] GC(219) User=0.00s Sys=0.00s Real=0.00s
[4.788s][info][gc,marking    ] GC(219) Concurrent Rebuild Remembered Sets
[4.791s][info][gc,marking    ] GC(219) Concurrent Rebuild Remembered Sets 2.177ms
[4.791s][info][gc,start      ] GC(219) Pause Cleanup
[4.791s][info][gc            ] GC(219) Pause Cleanup 2134M->2134M(4083M) 0.351ms
[4.791s][info][gc,cpu        ] GC(219) User=0.00s Sys=0.00s Real=0.00s
[4.791s][info][gc,marking    ] GC(219) Concurrent Cleanup for Next Mark
[4.793s][info][gc,marking    ] GC(219) Concurrent Cleanup for Next Mark 1.796ms
[4.793s][info][gc            ] GC(219) Concurrent Cycle 8.281ms
[4.794s][info][gc,start      ] GC(220) Pause Young (Concurrent Start) (G1 Humongous Allocation)
[4.794s][info][gc,task       ] GC(220) Using 13 workers of 13 for evacuation
[4.796s][info][gc,phases     ] GC(220)   Pre Evacuate Collection Set: 0.0ms
[4.796s][info][gc,phases     ] GC(220)   Evacuate Collection Set: 2.2ms
[4.796s][info][gc,phases     ] GC(220)   Post Evacuate Collection Set: 0.2ms
[4.796s][info][gc,phases     ] GC(220)   Other: 0.1ms
[4.796s][info][gc,heap       ] GC(220) Eden regions: 20->0(631)
[4.796s][info][gc,heap       ] GC(220) Survivor regions: 42->47(85)
[4.796s][info][gc,heap       ] GC(220) Old regions: 1920->1920
[4.796s][info][gc,heap       ] GC(220) Humongous regions: 158->156
[4.796s][info][gc,metaspace  ] GC(220) Metaspace: 6876K(7168K)->6876K(7168K) NonClass: 6286K(6400K)->6286K(6400K) Class: 589K(768K)->589K(768K)
[4.796s][info][gc            ] GC(220) Pause Young (Concurrent Start) (G1 Humongous Allocation) 2139M->2122M(4083M) 2.600ms
[4.796s][info][gc,cpu        ] GC(220) User=0.00s Sys=0.00s Real=0.00s
[4.796s][info][gc            ] GC(221) Concurrent Cycle
[4.796s][info][gc,marking    ] GC(221) Concurrent Clear Claimed Marks
[4.796s][info][gc,marking    ] GC(221) Concurrent Clear Claimed Marks 0.010ms
[4.796s][info][gc,marking    ] GC(221) Concurrent Scan Root Regions
[4.796s][info][gc,marking    ] GC(221) Concurrent Scan Root Regions 0.036ms
[4.796s][info][gc,marking    ] GC(221) Concurrent Mark (4.796s)
[4.796s][info][gc,marking    ] GC(221) Concurrent Mark From Roots
[4.796s][info][gc,task       ] GC(221) Using 3 workers of 3 for marking
[4.799s][info][gc,marking    ] GC(221) Concurrent Mark From Roots 2.802ms
[4.799s][info][gc,marking    ] GC(221) Concurrent Preclean
[4.799s][info][gc,marking    ] GC(221) Concurrent Preclean 0.092ms
[4.799s][info][gc,marking    ] GC(221) Concurrent Mark (4.796s, 4.799s) 2.948ms
[4.799s][info][gc,start      ] GC(221) Pause Remark
[4.800s][info][gc,stringtable] GC(221) Cleaned string and symbol table, strings: 2628 processed, 0 removed, symbols: 25756 processed, 0 removed
[4.800s][info][gc            ] GC(221) Pause Remark 2133M->2133M(4083M) 0.504ms
[4.800s][info][gc,cpu        ] GC(221) User=0.02s Sys=0.00s Real=0.00s
[4.800s][info][gc,marking    ] GC(221) Concurrent Rebuild Remembered Sets
[4.802s][info][gc,marking    ] GC(221) Concurrent Rebuild Remembered Sets 2.007ms
[4.802s][info][gc,start      ] GC(221) Pause Cleanup
[4.802s][info][gc            ] GC(221) Pause Cleanup 2138M->2138M(4083M) 0.317ms
[4.802s][info][gc,cpu        ] GC(221) User=0.00s Sys=0.00s Real=0.00s
[4.802s][info][gc,marking    ] GC(221) Concurrent Cleanup for Next Mark
[4.804s][info][gc,marking    ] GC(221) Concurrent Cleanup for Next Mark 1.539ms
[4.804s][info][gc            ] GC(221) Concurrent Cycle 7.622ms
[4.805s][info][gc,start      ] GC(222) Pause Young (Concurrent Start) (G1 Humongous Allocation)
[4.805s][info][gc,task       ] GC(222) Using 13 workers of 13 for evacuation
[4.808s][info][gc,phases     ] GC(222)   Pre Evacuate Collection Set: 0.0ms
[4.808s][info][gc,phases     ] GC(222)   Evacuate Collection Set: 2.5ms
[4.808s][info][gc,phases     ] GC(222)   Post Evacuate Collection Set: 0.2ms
[4.808s][info][gc,phases     ] GC(222)   Other: 0.1ms
[4.808s][info][gc,heap       ] GC(222) Eden regions: 20->0(592)
[4.808s][info][gc,heap       ] GC(222) Survivor regions: 47->45(85)
[4.808s][info][gc,heap       ] GC(222) Old regions: 1920->1924
[4.808s][info][gc,heap       ] GC(222) Humongous regions: 159->157
[4.808s][info][gc,metaspace  ] GC(222) Metaspace: 6876K(7168K)->6876K(7168K) NonClass: 6286K(6400K)->6286K(6400K) Class: 589K(768K)->589K(768K)
[4.808s][info][gc            ] GC(222) Pause Young (Concurrent Start) (G1 Humongous Allocation) 2145M->2125M(4086M) 2.976ms
[4.808s][info][gc,cpu        ] GC(222) User=0.00s Sys=0.00s Real=0.00s
[4.808s][info][gc            ] GC(223) Concurrent Cycle
[4.808s][info][gc,marking    ] GC(223) Concurrent Clear Claimed Marks
[4.808s][info][gc,marking    ] GC(223) Concurrent Clear Claimed Marks 0.012ms
[4.808s][info][gc,marking    ] GC(223) Concurrent Scan Root Regions
[4.808s][info][gc,marking    ] GC(223) Concurrent Scan Root Regions 0.049ms
[4.809s][info][gc,marking    ] GC(223) Concurrent Mark (4.809s)
[4.809s][info][gc,marking    ] GC(223) Concurrent Mark From Roots
[4.809s][info][gc,task       ] GC(223) Using 3 workers of 3 for marking
[4.811s][info][gc,marking    ] GC(223) Concurrent Mark From Roots 2.599ms
[4.811s][info][gc,marking    ] GC(223) Concurrent Preclean
[4.811s][info][gc,marking    ] GC(223) Concurrent Preclean 0.093ms
[4.811s][info][gc,marking    ] GC(223) Concurrent Mark (4.809s, 4.811s) 2.738ms
[4.811s][info][gc,start      ] GC(223) Pause Remark
[4.812s][info][gc,stringtable] GC(223) Cleaned string and symbol table, strings: 2628 processed, 0 removed, symbols: 25756 processed, 0 removed
[4.812s][info][gc            ] GC(223) Pause Remark 2133M->2133M(4086M) 0.526ms
[4.812s][info][gc,cpu        ] GC(223) User=0.00s Sys=0.00s Real=0.00s
[4.812s][info][gc,marking    ] GC(223) Concurrent Rebuild Remembered Sets
[4.814s][info][gc,marking    ] GC(223) Concurrent Rebuild Remembered Sets 1.971ms
[4.814s][info][gc,start      ] GC(223) Pause Cleanup
[4.814s][info][gc            ] GC(223) Pause Cleanup 2138M->2138M(4086M) 0.362ms
[4.814s][info][gc,cpu        ] GC(223) User=0.00s Sys=0.00s Real=0.00s
[4.814s][info][gc,marking    ] GC(223) Concurrent Cleanup for Next Mark
[4.816s][info][gc,marking    ] GC(223) Concurrent Cleanup for Next Mark 1.669ms
[4.816s][info][gc            ] GC(223) Concurrent Cycle 7.640ms
[4.833s][info][gc,start      ] GC(224) Pause Young (Concurrent Start) (G1 Humongous Allocation)
[4.833s][info][gc,task       ] GC(224) Using 13 workers of 13 for evacuation
[4.836s][info][gc,phases     ] GC(224)   Pre Evacuate Collection Set: 0.1ms
[4.836s][info][gc,phases     ] GC(224)   Evacuate Collection Set: 2.7ms
[4.836s][info][gc,phases     ] GC(224)   Post Evacuate Collection Set: 0.2ms
[4.836s][info][gc,phases     ] GC(224)   Other: 0.2ms
[4.836s][info][gc,heap       ] GC(224) Eden regions: 66->0(597)
[4.836s][info][gc,heap       ] GC(224) Survivor regions: 45->53(80)
[4.836s][info][gc,heap       ] GC(224) Old regions: 1924->1930
[4.836s][info][gc,heap       ] GC(224) Humongous regions: 158->157
[4.837s][info][gc,metaspace  ] GC(224) Metaspace: 6876K(7168K)->6876K(7168K) NonClass: 6286K(6400K)->6286K(6400K) Class: 589K(768K)->589K(768K)
[4.837s][info][gc            ] GC(224) Pause Young (Concurrent Start) (G1 Humongous Allocation) 2192M->2138M(4086M) 3.255ms
[4.837s][info][gc,cpu        ] GC(224) User=0.00s Sys=0.00s Real=0.00s
[4.837s][info][gc            ] GC(225) Concurrent Cycle
[4.837s][info][gc,marking    ] GC(225) Concurrent Clear Claimed Marks
[4.837s][info][gc,marking    ] GC(225) Concurrent Clear Claimed Marks 0.010ms
[4.837s][info][gc,marking    ] GC(225) Concurrent Scan Root Regions
[4.837s][info][gc,marking    ] GC(225) Concurrent Scan Root Regions 0.048ms
[4.837s][info][gc,marking    ] GC(225) Concurrent Mark (4.837s)
[4.837s][info][gc,marking    ] GC(225) Concurrent Mark From Roots
[4.837s][info][gc,task       ] GC(225) Using 3 workers of 3 for marking
[4.840s][info][gc,marking    ] GC(225) Concurrent Mark From Roots 3.006ms
[4.840s][info][gc,marking    ] GC(225) Concurrent Preclean
[4.840s][info][gc,marking    ] GC(225) Concurrent Preclean 0.077ms
[4.840s][info][gc,marking    ] GC(225) Concurrent Mark (4.837s, 4.840s) 3.135ms
[4.840s][info][gc,start      ] GC(225) Pause Remark
[4.840s][info][gc,stringtable] GC(225) Cleaned string and symbol table, strings: 2628 processed, 0 removed, symbols: 25756 processed, 0 removed
[4.840s][info][gc            ] GC(225) Pause Remark 2148M->2148M(4086M) 0.510ms
[4.840s][info][gc,cpu        ] GC(225) User=0.00s Sys=0.00s Real=0.00s
[4.840s][info][gc,marking    ] GC(225) Concurrent Rebuild Remembered Sets
[4.843s][info][gc,marking    ] GC(225) Concurrent Rebuild Remembered Sets 2.227ms
[4.843s][info][gc,start      ] GC(225) Pause Cleanup
[4.843s][info][gc            ] GC(225) Pause Cleanup 2155M->2155M(4086M) 0.351ms
[4.843s][info][gc,cpu        ] GC(225) User=0.00s Sys=0.00s Real=0.00s
[4.843s][info][gc,marking    ] GC(225) Concurrent Cleanup for Next Mark
[4.845s][info][gc,marking    ] GC(225) Concurrent Cleanup for Next Mark 1.869ms
[4.845s][info][gc            ] GC(225) Concurrent Cycle 8.450ms
[4.851s][info][gc,start      ] GC(226) Pause Young (Concurrent Start) (G1 Humongous Allocation)
[4.851s][info][gc,task       ] GC(226) Using 13 workers of 13 for evacuation
[4.854s][info][gc,phases     ] GC(226)   Pre Evacuate Collection Set: 0.0ms
[4.854s][info][gc,phases     ] GC(226)   Evacuate Collection Set: 2.6ms
[4.854s][info][gc,phases     ] GC(226)   Post Evacuate Collection Set: 0.2ms
[4.854s][info][gc,phases     ] GC(226)   Other: 0.1ms
[4.854s][info][gc,heap       ] GC(226) Eden regions: 37->0(600)
[4.854s][info][gc,heap       ] GC(226) Survivor regions: 53->50(82)
[4.854s][info][gc,heap       ] GC(226) Old regions: 1930->1938
[4.854s][info][gc,heap       ] GC(226) Humongous regions: 159->158
[4.854s][info][gc,metaspace  ] GC(226) Metaspace: 6876K(7168K)->6876K(7168K) NonClass: 6286K(6400K)->6286K(6400K) Class: 589K(768K)->589K(768K)
[4.854s][info][gc            ] GC(226) Pause Young (Concurrent Start) (G1 Humongous Allocation) 2177M->2144M(4086M) 3.044ms
[4.854s][info][gc,cpu        ] GC(226) User=0.00s Sys=0.00s Real=0.00s
[4.854s][info][gc            ] GC(227) Concurrent Cycle
[4.854s][info][gc,marking    ] GC(227) Concurrent Clear Claimed Marks
[4.854s][info][gc,marking    ] GC(227) Concurrent Clear Claimed Marks 0.012ms
[4.854s][info][gc,marking    ] GC(227) Concurrent Scan Root Regions
[4.854s][info][gc,marking    ] GC(227) Concurrent Scan Root Regions 0.049ms
[4.854s][info][gc,marking    ] GC(227) Concurrent Mark (4.854s)
[4.854s][info][gc,marking    ] GC(227) Concurrent Mark From Roots
[4.854s][info][gc,task       ] GC(227) Using 3 workers of 3 for marking
[4.857s][info][gc,marking    ] GC(227) Concurrent Mark From Roots 3.132ms
[4.857s][info][gc,marking    ] GC(227) Concurrent Preclean
[4.857s][info][gc,marking    ] GC(227) Concurrent Preclean 0.082ms
[4.857s][info][gc,marking    ] GC(227) Concurrent Mark (4.854s, 4.857s) 3.261ms
[4.857s][info][gc,start      ] GC(227) Pause Remark
[4.858s][info][gc,stringtable] GC(227) Cleaned string and symbol table, strings: 2628 processed, 0 removed, symbols: 25756 processed, 0 removed
[4.858s][info][gc            ] GC(227) Pause Remark 2156M->2156M(4086M) 0.466ms
[4.858s][info][gc,cpu        ] GC(227) User=0.00s Sys=0.00s Real=0.00s
[4.858s][info][gc,marking    ] GC(227) Concurrent Rebuild Remembered Sets
[4.860s][info][gc,marking    ] GC(227) Concurrent Rebuild Remembered Sets 2.304ms
[4.860s][info][gc,start      ] GC(227) Pause Cleanup
[4.861s][info][gc            ] GC(227) Pause Cleanup 2164M->2164M(4086M) 0.367ms
[4.861s][info][gc,cpu        ] GC(227) User=0.00s Sys=0.00s Real=0.00s
[4.861s][info][gc,marking    ] GC(227) Concurrent Cleanup for Next Mark
[4.862s][info][gc,marking    ] GC(227) Concurrent Cleanup for Next Mark 1.722ms
[4.862s][info][gc            ] GC(227) Concurrent Cycle 8.459ms
[4.869s][info][gc,start      ] GC(228) Pause Young (Concurrent Start) (G1 Humongous Allocation)
[4.869s][info][gc,task       ] GC(228) Using 13 workers of 13 for evacuation
[4.872s][info][gc,phases     ] GC(228)   Pre Evacuate Collection Set: 0.0ms
[4.872s][info][gc,phases     ] GC(228)   Evacuate Collection Set: 2.8ms
[4.872s][info][gc,phases     ] GC(228)   Post Evacuate Collection Set: 0.2ms
[4.872s][info][gc,phases     ] GC(228)   Other: 0.1ms
[4.872s][info][gc,heap       ] GC(228) Eden regions: 40->0(641)
[4.872s][info][gc,heap       ] GC(228) Survivor regions: 50->49(82)
[4.872s][info][gc,heap       ] GC(228) Old regions: 1938->1948
[4.872s][info][gc,heap       ] GC(228) Humongous regions: 161->158
[4.872s][info][gc,metaspace  ] GC(228) Metaspace: 6876K(7168K)->6876K(7168K) NonClass: 6286K(6400K)->6286K(6400K) Class: 589K(768K)->589K(768K)
[4.872s][info][gc            ] GC(228) Pause Young (Concurrent Start) (G1 Humongous Allocation) 2187M->2153M(4086M) 3.260ms
[4.872s][info][gc,cpu        ] GC(228) User=0.00s Sys=0.00s Real=0.00s
[4.872s][info][gc            ] GC(229) Concurrent Cycle
[4.872s][info][gc,marking    ] GC(229) Concurrent Clear Claimed Marks
[4.872s][info][gc,marking    ] GC(229) Concurrent Clear Claimed Marks 0.013ms
[4.872s][info][gc,marking    ] GC(229) Concurrent Scan Root Regions
[4.872s][info][gc,marking    ] GC(229) Concurrent Scan Root Regions 0.052ms
[4.872s][info][gc,marking    ] GC(229) Concurrent Mark (4.872s)
[4.872s][info][gc,marking    ] GC(229) Concurrent Mark From Roots
[4.872s][info][gc,task       ] GC(229) Using 3 workers of 3 for marking
[4.875s][info][gc,marking    ] GC(229) Concurrent Mark From Roots 2.818ms
[4.875s][info][gc,marking    ] GC(229) Concurrent Preclean
[4.875s][info][gc,marking    ] GC(229) Concurrent Preclean 0.141ms
[4.875s][info][gc,marking    ] GC(229) Concurrent Mark (4.872s, 4.875s) 3.017ms
[4.875s][info][gc,start      ] GC(229) Pause Remark
[4.876s][info][gc,stringtable] GC(229) Cleaned string and symbol table, strings: 2628 processed, 0 removed, symbols: 25756 processed, 0 removed
[4.876s][info][gc            ] GC(229) Pause Remark 2163M->2163M(4086M) 0.525ms
[4.876s][info][gc,cpu        ] GC(229) User=0.00s Sys=0.00s Real=0.00s
[4.876s][info][gc,marking    ] GC(229) Concurrent Rebuild Remembered Sets
[4.878s][info][gc,marking    ] GC(229) Concurrent Rebuild Remembered Sets 2.163ms
[4.878s][info][gc,start      ] GC(229) Pause Cleanup
[4.878s][info][gc            ] GC(229) Pause Cleanup 2170M->2170M(4086M) 0.323ms
[4.878s][info][gc,cpu        ] GC(229) User=0.00s Sys=0.00s Real=0.00s
[4.878s][info][gc,marking    ] GC(229) Concurrent Cleanup for Next Mark
[4.880s][info][gc,marking    ] GC(229) Concurrent Cleanup for Next Mark 1.715ms
[4.880s][info][gc            ] GC(229) Concurrent Cycle 8.091ms
[4.889s][info][gc,start      ] GC(230) Pause Young (Concurrent Start) (G1 Humongous Allocation)
[4.889s][info][gc,task       ] GC(230) Using 13 workers of 13 for evacuation
[4.892s][info][gc,phases     ] GC(230)   Pre Evacuate Collection Set: 0.0ms
[4.892s][info][gc,phases     ] GC(230)   Evacuate Collection Set: 2.7ms
[4.892s][info][gc,phases     ] GC(230)   Post Evacuate Collection Set: 0.2ms
[4.892s][info][gc,phases     ] GC(230)   Other: 0.1ms
[4.892s][info][gc,heap       ] GC(230) Eden regions: 47->0(655)
[4.892s][info][gc,heap       ] GC(230) Survivor regions: 49->49(87)
[4.892s][info][gc,heap       ] GC(230) Old regions: 1948->1956
[4.892s][info][gc,heap       ] GC(230) Humongous regions: 160->158
[4.892s][info][gc,metaspace  ] GC(230) Metaspace: 6876K(7168K)->6876K(7168K) NonClass: 6286K(6400K)->6286K(6400K) Class: 589K(768K)->589K(768K)
[4.892s][info][gc            ] GC(230) Pause Young (Concurrent Start) (G1 Humongous Allocation) 2202M->2162M(4088M) 3.152ms
[4.892s][info][gc,cpu        ] GC(230) User=0.00s Sys=0.00s Real=0.00s
[4.892s][info][gc            ] GC(231) Concurrent Cycle
[4.892s][info][gc,marking    ] GC(231) Concurrent Clear Claimed Marks
[4.892s][info][gc,marking    ] GC(231) Concurrent Clear Claimed Marks 0.010ms
[4.892s][info][gc,marking    ] GC(231) Concurrent Scan Root Regions
[4.892s][info][gc,marking    ] GC(231) Concurrent Scan Root Regions 0.042ms
[4.892s][info][gc,marking    ] GC(231) Concurrent Mark (4.892s)
[4.892s][info][gc,marking    ] GC(231) Concurrent Mark From Roots
[4.892s][info][gc,task       ] GC(231) Using 3 workers of 3 for marking
[4.895s][info][gc,marking    ] GC(231) Concurrent Mark From Roots 2.692ms
[4.895s][info][gc,marking    ] GC(231) Concurrent Preclean
[4.895s][info][gc,marking    ] GC(231) Concurrent Preclean 0.091ms
[4.895s][info][gc,marking    ] GC(231) Concurrent Mark (4.892s, 4.895s) 2.821ms
[4.895s][info][gc,start      ] GC(231) Pause Remark
[4.896s][info][gc,stringtable] GC(231) Cleaned string and symbol table, strings: 2628 processed, 0 removed, symbols: 25756 processed, 0 removed
[4.896s][info][gc            ] GC(231) Pause Remark 2170M->2170M(4088M) 0.540ms
[4.896s][info][gc,cpu        ] GC(231) User=0.00s Sys=0.00s Real=0.00s
[4.896s][info][gc,marking    ] GC(231) Concurrent Rebuild Remembered Sets
[4.898s][info][gc,marking    ] GC(231) Concurrent Rebuild Remembered Sets 2.135ms
[4.898s][info][gc,start      ] GC(231) Pause Cleanup
[4.898s][info][gc            ] GC(231) Pause Cleanup 2175M->2175M(4088M) 0.349ms
[4.898s][info][gc,cpu        ] GC(231) User=0.00s Sys=0.00s Real=0.00s
[4.898s][info][gc,marking    ] GC(231) Concurrent Cleanup for Next Mark
[4.900s][info][gc,marking    ] GC(231) Concurrent Cleanup for Next Mark 1.539ms
[4.900s][info][gc            ] GC(231) Concurrent Cycle 7.739ms
[4.902s][info][gc,start      ] GC(232) Pause Young (Concurrent Start) (G1 Humongous Allocation)
[4.902s][info][gc,task       ] GC(232) Using 13 workers of 13 for evacuation
[4.905s][info][gc,phases     ] GC(232)   Pre Evacuate Collection Set: 0.0ms
[4.905s][info][gc,phases     ] GC(232)   Evacuate Collection Set: 2.4ms
[4.905s][info][gc,phases     ] GC(232)   Post Evacuate Collection Set: 0.2ms
[4.905s][info][gc,phases     ] GC(232)   Other: 0.1ms
[4.905s][info][gc,heap       ] GC(232) Eden regions: 20->0(656)
[4.905s][info][gc,heap       ] GC(232) Survivor regions: 49->46(88)
[4.905s][info][gc,heap       ] GC(232) Old regions: 1956->1963
[4.905s][info][gc,heap       ] GC(232) Humongous regions: 160->159
[4.905s][info][gc,metaspace  ] GC(232) Metaspace: 6876K(7168K)->6876K(7168K) NonClass: 6286K(6400K)->6286K(6400K) Class: 589K(768K)->589K(768K)
[4.905s][info][gc            ] GC(232) Pause Young (Concurrent Start) (G1 Humongous Allocation) 2183M->2167M(4088M) 2.837ms
[4.905s][info][gc,cpu        ] GC(232) User=0.00s Sys=0.00s Real=0.00s
[4.905s][info][gc            ] GC(233) Concurrent Cycle
[4.905s][info][gc,marking    ] GC(233) Concurrent Clear Claimed Marks
[4.905s][info][gc,marking    ] GC(233) Concurrent Clear Claimed Marks 0.012ms
[4.905s][info][gc,marking    ] GC(233) Concurrent Scan Root Regions
[4.905s][info][gc,marking    ] GC(233) Concurrent Scan Root Regions 0.048ms
[4.905s][info][gc,marking    ] GC(233) Concurrent Mark (4.905s)
[4.905s][info][gc,marking    ] GC(233) Concurrent Mark From Roots
[4.905s][info][gc,task       ] GC(233) Using 3 workers of 3 for marking
[4.907s][info][gc,marking    ] GC(233) Concurrent Mark From Roots 2.600ms
[4.907s][info][gc,marking    ] GC(233) Concurrent Preclean
[4.907s][info][gc,marking    ] GC(233) Concurrent Preclean 0.064ms
[4.907s][info][gc,marking    ] GC(233) Concurrent Mark (4.905s, 4.907s) 2.698ms
[4.908s][info][gc,start      ] GC(233) Pause Remark
[4.908s][info][gc,stringtable] GC(233) Cleaned string and symbol table, strings: 2628 processed, 0 removed, symbols: 25756 processed, 0 removed
[4.908s][info][gc            ] GC(233) Pause Remark 2176M->2176M(4088M) 0.435ms
[4.908s][info][gc,cpu        ] GC(233) User=0.00s Sys=0.00s Real=0.00s
[4.908s][info][gc,marking    ] GC(233) Concurrent Rebuild Remembered Sets
[4.910s][info][gc,marking    ] GC(233) Concurrent Rebuild Remembered Sets 2.040ms
[4.910s][info][gc,start      ] GC(233) Pause Cleanup
[4.910s][info][gc            ] GC(233) Pause Cleanup 2182M->2182M(4088M) 0.373ms
[4.911s][info][gc,cpu        ] GC(233) User=0.00s Sys=0.00s Real=0.00s
[4.911s][info][gc,marking    ] GC(233) Concurrent Cleanup for Next Mark
[4.912s][info][gc,marking    ] GC(233) Concurrent Cleanup for Next Mark 1.667ms
[4.912s][info][gc            ] GC(233) Concurrent Cycle 7.558ms
[4.928s][info][gc,start      ] GC(234) Pause Young (Concurrent Start) (G1 Humongous Allocation)
[4.928s][info][gc,task       ] GC(234) Using 13 workers of 13 for evacuation
[4.931s][info][gc,phases     ] GC(234)   Pre Evacuate Collection Set: 0.0ms
[4.931s][info][gc,phases     ] GC(234)   Evacuate Collection Set: 2.7ms
[4.931s][info][gc,phases     ] GC(234)   Post Evacuate Collection Set: 0.2ms
[4.931s][info][gc,phases     ] GC(234)   Other: 0.1ms
[4.931s][info][gc,heap       ] GC(234) Eden regions: 67->0(589)
[4.931s][info][gc,heap       ] GC(234) Survivor regions: 46->57(88)
[4.931s][info][gc,heap       ] GC(234) Old regions: 1963->1963
[4.931s][info][gc,heap       ] GC(234) Humongous regions: 162->160
[4.931s][info][gc,metaspace  ] GC(234) Metaspace: 6876K(7168K)->6876K(7168K) NonClass: 6286K(6400K)->6286K(6400K) Class: 589K(768K)->589K(768K)
[4.931s][info][gc            ] GC(234) Pause Young (Concurrent Start) (G1 Humongous Allocation) 2237M->2178M(4088M) 3.192ms
[4.931s][info][gc,cpu        ] GC(234) User=0.00s Sys=0.00s Real=0.00s
[4.931s][info][gc            ] GC(235) Concurrent Cycle
[4.931s][info][gc,marking    ] GC(235) Concurrent Clear Claimed Marks
[4.931s][info][gc,marking    ] GC(235) Concurrent Clear Claimed Marks 0.010ms
[4.931s][info][gc,marking    ] GC(235) Concurrent Scan Root Regions
[4.931s][info][gc,marking    ] GC(235) Concurrent Scan Root Regions 0.051ms
[4.931s][info][gc,marking    ] GC(235) Concurrent Mark (4.931s)
[4.931s][info][gc,marking    ] GC(235) Concurrent Mark From Roots
[4.931s][info][gc,task       ] GC(235) Using 3 workers of 3 for marking
[4.934s][info][gc,marking    ] GC(235) Concurrent Mark From Roots 3.053ms
[4.934s][info][gc,marking    ] GC(235) Concurrent Preclean
[4.934s][info][gc,marking    ] GC(235) Concurrent Preclean 0.076ms
[4.934s][info][gc,marking    ] GC(235) Concurrent Mark (4.931s, 4.934s) 3.175ms
[4.934s][info][gc,start      ] GC(235) Pause Remark
[4.935s][info][gc,stringtable] GC(235) Cleaned string and symbol table, strings: 2628 processed, 0 removed, symbols: 25756 processed, 0 removed
[4.935s][info][gc            ] GC(235) Pause Remark 2187M->2187M(4088M) 0.495ms
[4.935s][info][gc,cpu        ] GC(235) User=0.00s Sys=0.00s Real=0.00s
[4.935s][info][gc,marking    ] GC(235) Concurrent Rebuild Remembered Sets
[4.937s][info][gc,marking    ] GC(235) Concurrent Rebuild Remembered Sets 2.214ms
[4.937s][info][gc,start      ] GC(235) Pause Cleanup
[4.938s][info][gc            ] GC(235) Pause Cleanup 2193M->2193M(4088M) 0.356ms
[4.938s][info][gc,cpu        ] GC(235) User=0.00s Sys=0.00s Real=0.00s
[4.938s][info][gc,marking    ] GC(235) Concurrent Cleanup for Next Mark
[4.939s][info][gc,marking    ] GC(235) Concurrent Cleanup for Next Mark 1.795ms
[4.939s][info][gc            ] GC(235) Concurrent Cycle 8.359ms
[4.943s][info][gc,start      ] GC(236) Pause Young (Concurrent Start) (G1 Humongous Allocation)
[4.943s][info][gc,task       ] GC(236) Using 13 workers of 13 for evacuation
[4.946s][info][gc,phases     ] GC(236)   Pre Evacuate Collection Set: 0.0ms
[4.946s][info][gc,phases     ] GC(236)   Evacuate Collection Set: 3.1ms
[4.946s][info][gc,phases     ] GC(236)   Post Evacuate Collection Set: 0.2ms
[4.946s][info][gc,phases     ] GC(236)   Other: 0.1ms
[4.946s][info][gc,heap       ] GC(236) Eden regions: 26->0(618)
[4.946s][info][gc,heap       ] GC(236) Survivor regions: 57->43(81)
[4.946s][info][gc,heap       ] GC(236) Old regions: 1963->1982
[4.946s][info][gc,heap       ] GC(236) Humongous regions: 161->160
[4.946s][info][gc,metaspace  ] GC(236) Metaspace: 6876K(7168K)->6876K(7168K) NonClass: 6286K(6400K)->6286K(6400K) Class: 589K(768K)->589K(768K)
[4.946s][info][gc            ] GC(236) Pause Young (Concurrent Start) (G1 Humongous Allocation) 2205M->2184M(4088M) 3.534ms
[4.946s][info][gc,cpu        ] GC(236) User=0.00s Sys=0.00s Real=0.00s
[4.947s][info][gc            ] GC(237) Concurrent Cycle
[4.947s][info][gc,marking    ] GC(237) Concurrent Clear Claimed Marks
[4.947s][info][gc,marking    ] GC(237) Concurrent Clear Claimed Marks 0.013ms
[4.947s][info][gc,marking    ] GC(237) Concurrent Scan Root Regions
[4.947s][info][gc,marking    ] GC(237) Concurrent Scan Root Regions 0.050ms
[4.947s][info][gc,marking    ] GC(237) Concurrent Mark (4.947s)
[4.947s][info][gc,marking    ] GC(237) Concurrent Mark From Roots
[4.947s][info][gc,task       ] GC(237) Using 3 workers of 3 for marking
[4.950s][info][gc,marking    ] GC(237) Concurrent Mark From Roots 3.053ms
[4.950s][info][gc,marking    ] GC(237) Concurrent Preclean
[4.950s][info][gc,marking    ] GC(237) Concurrent Preclean 0.062ms
[4.950s][info][gc,marking    ] GC(237) Concurrent Mark (4.947s, 4.950s) 3.154ms
[4.950s][info][gc,start      ] GC(237) Pause Remark
[4.950s][info][gc,stringtable] GC(237) Cleaned string and symbol table, strings: 2628 processed, 0 removed, symbols: 25756 processed, 0 removed
[4.950s][info][gc            ] GC(237) Pause Remark 2195M->2195M(4088M) 0.555ms
[4.950s][info][gc,cpu        ] GC(237) User=0.00s Sys=0.00s Real=0.00s
[4.950s][info][gc,marking    ] GC(237) Concurrent Rebuild Remembered Sets
[4.953s][info][gc,marking    ] GC(237) Concurrent Rebuild Remembered Sets 2.148ms
[4.953s][info][gc,start      ] GC(237) Pause Cleanup
[4.953s][info][gc            ] GC(237) Pause Cleanup 2201M->2201M(4088M) 0.380ms
[4.953s][info][gc,cpu        ] GC(237) User=0.00s Sys=0.00s Real=0.00s
[4.953s][info][gc,marking    ] GC(237) Concurrent Cleanup for Next Mark
[4.955s][info][gc,marking    ] GC(237) Concurrent Cleanup for Next Mark 1.719ms
[4.955s][info][gc            ] GC(237) Concurrent Cycle 8.285ms
[4.958s][info][gc,start      ] GC(238) Pause Young (Concurrent Start) (G1 Humongous Allocation)
[4.958s][info][gc,task       ] GC(238) Using 13 workers of 13 for evacuation
[4.961s][info][gc,phases     ] GC(238)   Pre Evacuate Collection Set: 0.0ms
[4.961s][info][gc,phases     ] GC(238)   Evacuate Collection Set: 2.3ms
[4.961s][info][gc,phases     ] GC(238)   Post Evacuate Collection Set: 0.2ms
[4.961s][info][gc,phases     ] GC(238)   Other: 0.1ms
[4.961s][info][gc,heap       ] GC(238) Eden regions: 30->0(634)
[4.961s][info][gc,heap       ] GC(238) Survivor regions: 43->48(83)
[4.961s][info][gc,heap       ] GC(238) Old regions: 1982->1982
[4.961s][info][gc,heap       ] GC(238) Humongous regions: 161->160
[4.961s][info][gc,metaspace  ] GC(238) Metaspace: 6876K(7168K)->6876K(7168K) NonClass: 6286K(6400K)->6286K(6400K) Class: 589K(768K)->589K(768K)
[4.961s][info][gc            ] GC(238) Pause Young (Concurrent Start) (G1 Humongous Allocation) 2215M->2189M(4090M) 2.769ms
[4.961s][info][gc,cpu        ] GC(238) User=0.00s Sys=0.00s Real=0.00s
[4.961s][info][gc            ] GC(239) Concurrent Cycle
[4.961s][info][gc,marking    ] GC(239) Concurrent Clear Claimed Marks
[4.961s][info][gc,marking    ] GC(239) Concurrent Clear Claimed Marks 0.010ms
[4.961s][info][gc,marking    ] GC(239) Concurrent Scan Root Regions
[4.961s][info][gc,marking    ] GC(239) Concurrent Scan Root Regions 0.049ms
[4.961s][info][gc,marking    ] GC(239) Concurrent Mark (4.961s)
[4.961s][info][gc,marking    ] GC(239) Concurrent Mark From Roots
[4.961s][info][gc,task       ] GC(239) Using 3 workers of 3 for marking
[4.964s][info][gc,marking    ] GC(239) Concurrent Mark From Roots 2.779ms
[4.964s][info][gc,marking    ] GC(239) Concurrent Preclean
[4.964s][info][gc,marking    ] GC(239) Concurrent Preclean 0.061ms
[4.964s][info][gc,marking    ] GC(239) Concurrent Mark (4.961s, 4.964s) 2.878ms
[4.964s][info][gc,start      ] GC(239) Pause Remark
[4.964s][info][gc,stringtable] GC(239) Cleaned string and symbol table, strings: 2628 processed, 0 removed, symbols: 25756 processed, 0 removed
[4.964s][info][gc            ] GC(239) Pause Remark 2197M->2197M(4090M) 0.481ms
[4.964s][info][gc,cpu        ] GC(239) User=0.00s Sys=0.00s Real=0.00s
[4.964s][info][gc,marking    ] GC(239) Concurrent Rebuild Remembered Sets
[4.966s][info][gc,marking    ] GC(239) Concurrent Rebuild Remembered Sets 1.976ms
[4.966s][info][gc,start      ] GC(239) Pause Cleanup
[4.967s][info][gc            ] GC(239) Pause Cleanup 2202M->2202M(4090M) 0.364ms
[4.967s][info][gc,cpu        ] GC(239) User=0.00s Sys=0.00s Real=0.00s
[4.967s][info][gc,marking    ] GC(239) Concurrent Cleanup for Next Mark
[4.968s][info][gc,marking    ] GC(239) Concurrent Cleanup for Next Mark 1.540ms
[4.968s][info][gc            ] GC(239) Concurrent Cycle 7.608ms
[4.974s][info][gc,start      ] GC(240) Pause Young (Concurrent Start) (G1 Humongous Allocation)
[4.974s][info][gc,task       ] GC(240) Using 13 workers of 13 for evacuation
[4.977s][info][gc,phases     ] GC(240)   Pre Evacuate Collection Set: 0.0ms
[4.977s][info][gc,phases     ] GC(240)   Evacuate Collection Set: 2.5ms
[4.977s][info][gc,phases     ] GC(240)   Post Evacuate Collection Set: 0.2ms
[4.977s][info][gc,phases     ] GC(240)   Other: 0.1ms
[4.977s][info][gc,heap       ] GC(240) Eden regions: 32->0(554)
[4.977s][info][gc,heap       ] GC(240) Survivor regions: 48->49(86)
[4.977s][info][gc,heap       ] GC(240) Old regions: 1982->1989
[4.977s][info][gc,heap       ] GC(240) Humongous regions: 161->160
[4.977s][info][gc,metaspace  ] GC(240) Metaspace: 6876K(7168K)->6876K(7168K) NonClass: 6286K(6400K)->6286K(6400K) Class: 589K(768K)->589K(768K)
[4.977s][info][gc            ] GC(240) Pause Young (Concurrent Start) (G1 Humongous Allocation) 2222M->2196M(4090M) 2.995ms
[4.977s][info][gc,cpu        ] GC(240) User=0.00s Sys=0.00s Real=0.00s
[4.977s][info][gc            ] GC(241) Concurrent Cycle
[4.977s][info][gc,marking    ] GC(241) Concurrent Clear Claimed Marks
[4.977s][info][gc,marking    ] GC(241) Concurrent Clear Claimed Marks 0.010ms
[4.977s][info][gc,marking    ] GC(241) Concurrent Scan Root Regions
[4.977s][info][gc,marking    ] GC(241) Concurrent Scan Root Regions 0.051ms
[4.977s][info][gc,marking    ] GC(241) Concurrent Mark (4.977s)
[4.977s][info][gc,marking    ] GC(241) Concurrent Mark From Roots
[4.977s][info][gc,task       ] GC(241) Using 3 workers of 3 for marking
[4.979s][info][gc,marking    ] GC(241) Concurrent Mark From Roots 2.503ms
[4.980s][info][gc,marking    ] GC(241) Concurrent Preclean
[4.980s][info][gc,marking    ] GC(241) Concurrent Preclean 0.092ms
[4.980s][info][gc,marking    ] GC(241) Concurrent Mark (4.977s, 4.980s) 2.647ms
[4.980s][info][gc,start      ] GC(241) Pause Remark
[4.980s][info][gc,stringtable] GC(241) Cleaned string and symbol table, strings: 2628 processed, 0 removed, symbols: 25756 processed, 0 removed
[4.980s][info][gc            ] GC(241) Pause Remark 2206M->2206M(4090M) 0.573ms
[4.980s][info][gc,cpu        ] GC(241) User=0.00s Sys=0.00s Real=0.00s
[4.980s][info][gc,marking    ] GC(241) Concurrent Rebuild Remembered Sets
[4.983s][info][gc,marking    ] GC(241) Concurrent Rebuild Remembered Sets 2.215ms
[4.983s][info][gc,start      ] GC(241) Pause Cleanup
[4.983s][info][gc            ] GC(241) Pause Cleanup 2212M->2212M(4090M) 0.391ms
[4.983s][info][gc,cpu        ] GC(241) User=0.00s Sys=0.00s Real=0.00s
[4.983s][info][gc,marking    ] GC(241) Concurrent Cleanup for Next Mark
[4.985s][info][gc,marking    ] GC(241) Concurrent Cleanup for Next Mark 1.640ms
[4.985s][info][gc            ] GC(241) Concurrent Cycle 7.850ms
[4.987s][info][gc,start      ] GC(242) Pause Young (Concurrent Start) (G1 Humongous Allocation)
[4.987s][info][gc,task       ] GC(242) Using 13 workers of 13 for evacuation
[4.990s][info][gc,phases     ] GC(242)   Pre Evacuate Collection Set: 0.0ms
[4.990s][info][gc,phases     ] GC(242)   Evacuate Collection Set: 2.5ms
[4.990s][info][gc,phases     ] GC(242)   Post Evacuate Collection Set: 0.2ms
[4.990s][info][gc,phases     ] GC(242)   Other: 0.1ms
[4.990s][info][gc,heap       ] GC(242) Eden regions: 26->0(585)
[4.990s][info][gc,heap       ] GC(242) Survivor regions: 49->45(76)
[4.990s][info][gc,heap       ] GC(242) Old regions: 1989->1996
[4.990s][info][gc,heap       ] GC(242) Humongous regions: 161->160
[4.990s][info][gc,metaspace  ] GC(242) Metaspace: 6876K(7168K)->6876K(7168K) NonClass: 6286K(6400K)->6286K(6400K) Class: 589K(768K)->589K(768K)
[4.990s][info][gc            ] GC(242) Pause Young (Concurrent Start) (G1 Humongous Allocation) 2222M->2200M(4090M) 2.909ms
[4.990s][info][gc,cpu        ] GC(242) User=0.00s Sys=0.00s Real=0.00s
[4.990s][info][gc            ] GC(243) Concurrent Cycle
[4.990s][info][gc,marking    ] GC(243) Concurrent Clear Claimed Marks
[4.990s][info][gc,marking    ] GC(243) Concurrent Clear Claimed Marks 0.013ms
[4.990s][info][gc,marking    ] GC(243) Concurrent Scan Root Regions
[4.990s][info][gc,marking    ] GC(243) Concurrent Scan Root Regions 0.044ms
[4.990s][info][gc,marking    ] GC(243) Concurrent Mark (4.990s)
[4.990s][info][gc,marking    ] GC(243) Concurrent Mark From Roots
[4.990s][info][gc,task       ] GC(243) Using 3 workers of 3 for marking
[4.993s][info][gc,marking    ] GC(243) Concurrent Mark From Roots 2.769ms
[4.993s][info][gc,marking    ] GC(243) Concurrent Preclean
[4.993s][info][gc,marking    ] GC(243) Concurrent Preclean 0.077ms
[4.993s][info][gc,marking    ] GC(243) Concurrent Mark (4.990s, 4.993s) 2.893ms
[4.993s][info][gc,start      ] GC(243) Pause Remark
[4.993s][info][gc,stringtable] GC(243) Cleaned string and symbol table, strings: 2628 processed, 0 removed, symbols: 25756 processed, 0 removed
[4.994s][info][gc            ] GC(243) Pause Remark 2211M->2211M(4090M) 0.465ms
[4.994s][info][gc,cpu        ] GC(243) User=0.00s Sys=0.00s Real=0.00s
[4.994s][info][gc,marking    ] GC(243) Concurrent Rebuild Remembered Sets
[4.996s][info][gc,marking    ] GC(243) Concurrent Rebuild Remembered Sets 2.141ms
[4.996s][info][gc,start      ] GC(243) Pause Cleanup
[4.996s][info][gc            ] GC(243) Pause Cleanup 2217M->2217M(4090M) 0.415ms
[4.996s][info][gc,cpu        ] GC(243) User=0.00s Sys=0.00s Real=0.00s
[4.996s][info][gc,marking    ] GC(243) Concurrent Cleanup for Next Mark
[4.998s][info][gc,marking    ] GC(243) Concurrent Cleanup for Next Mark 1.673ms
[4.998s][info][gc            ] GC(243) Concurrent Cycle 7.941ms
[5.009s][info][gc,start      ] GC(244) Pause Young (Concurrent Start) (G1 Humongous Allocation)
[5.009s][info][gc,task       ] GC(244) Using 13 workers of 13 for evacuation
[5.011s][info][gc,phases     ] GC(244)   Pre Evacuate Collection Set: 0.0ms
[5.011s][info][gc,phases     ] GC(244)   Evacuate Collection Set: 2.5ms
[5.012s][info][gc,phases     ] GC(244)   Post Evacuate Collection Set: 0.2ms
[5.012s][info][gc,phases     ] GC(244)   Other: 0.1ms
[5.012s][info][gc,heap       ] GC(244) Eden regions: 47->0(560)
[5.012s][info][gc,heap       ] GC(244) Survivor regions: 45->45(79)
[5.012s][info][gc,heap       ] GC(244) Old regions: 1996->2004
[5.012s][info][gc,heap       ] GC(244) Humongous regions: 164->161
[5.012s][info][gc,metaspace  ] GC(244) Metaspace: 6876K(7168K)->6876K(7168K) NonClass: 6286K(6400K)->6286K(6400K) Class: 589K(768K)->589K(768K)
[5.012s][info][gc            ] GC(244) Pause Young (Concurrent Start) (G1 Humongous Allocation) 2251M->2209M(4090M) 2.971ms
[5.012s][info][gc,cpu        ] GC(244) User=0.00s Sys=0.00s Real=0.00s
[5.012s][info][gc            ] GC(245) Concurrent Cycle
[5.012s][info][gc,marking    ] GC(245) Concurrent Clear Claimed Marks
[5.012s][info][gc,marking    ] GC(245) Concurrent Clear Claimed Marks 0.013ms
[5.012s][info][gc,marking    ] GC(245) Concurrent Scan Root Regions
[5.012s][info][gc,marking    ] GC(245) Concurrent Scan Root Regions 0.049ms
[5.012s][info][gc,marking    ] GC(245) Concurrent Mark (5.012s)
[5.012s][info][gc,marking    ] GC(245) Concurrent Mark From Roots
[5.012s][info][gc,task       ] GC(245) Using 3 workers of 3 for marking
[5.015s][info][gc,marking    ] GC(245) Concurrent Mark From Roots 2.901ms
[5.015s][info][gc,marking    ] GC(245) Concurrent Preclean
[5.015s][info][gc,marking    ] GC(245) Concurrent Preclean 0.076ms
[5.015s][info][gc,marking    ] GC(245) Concurrent Mark (5.012s, 5.015s) 3.027ms
[5.015s][info][gc,start      ] GC(245) Pause Remark
[5.015s][info][gc,stringtable] GC(245) Cleaned string and symbol table, strings: 2628 processed, 0 removed, symbols: 25756 processed, 0 removed
[5.015s][info][gc            ] GC(245) Pause Remark 2217M->2217M(4090M) 0.525ms
[5.015s][info][gc,cpu        ] GC(245) User=0.00s Sys=0.00s Real=0.00s
[5.015s][info][gc,marking    ] GC(245) Concurrent Rebuild Remembered Sets
[5.018s][info][gc,marking    ] GC(245) Concurrent Rebuild Remembered Sets 2.189ms
[5.018s][info][gc,start      ] GC(245) Pause Cleanup
[5.018s][info][gc            ] GC(245) Pause Cleanup 2224M->2224M(4090M) 0.338ms
[5.018s][info][gc,cpu        ] GC(245) User=0.00s Sys=0.00s Real=0.00s
[5.018s][info][gc,marking    ] GC(245) Concurrent Cleanup for Next Mark
[5.020s][info][gc,marking    ] GC(245) Concurrent Cleanup for Next Mark 1.689ms
[5.020s][info][gc            ] GC(245) Concurrent Cycle 8.109ms
[5.244s][info][gc,start      ] GC(246) Pause Young (Normal) (G1 Evacuation Pause)
[5.245s][info][gc,task       ] GC(246) Using 13 workers of 13 for evacuation
[5.257s][info][gc,phases     ] GC(246)   Pre Evacuate Collection Set: 0.2ms
[5.257s][info][gc,phases     ] GC(246)   Evacuate Collection Set: 11.7ms
[5.257s][info][gc,phases     ] GC(246)   Post Evacuate Collection Set: 0.4ms
[5.257s][info][gc,phases     ] GC(246)   Other: 0.2ms
[5.257s][info][gc,heap       ] GC(246) Eden regions: 560->0(597)
[5.257s][info][gc,heap       ] GC(246) Survivor regions: 45->76(76)
[5.257s][info][gc,heap       ] GC(246) Old regions: 2004->2031
[5.257s][info][gc,heap       ] GC(246) Humongous regions: 164->161
[5.257s][info][gc,metaspace  ] GC(246) Metaspace: 8089K(8576K)->8089K(8576K) NonClass: 7351K(7680K)->7351K(7680K) Class: 737K(896K)->737K(896K)
[5.257s][info][gc            ] GC(246) Pause Young (Normal) (G1 Evacuation Pause) 2772M->2267M(4092M) 12.569ms
[5.257s][info][gc,cpu        ] GC(246) User=0.19s Sys=0.02s Real=0.01s
[5.301s][info][gc,start      ] GC(247) Pause Young (Concurrent Start) (G1 Humongous Allocation)
[5.301s][info][gc,task       ] GC(247) Using 13 workers of 13 for evacuation
[5.310s][info][gc,phases     ] GC(247)   Pre Evacuate Collection Set: 0.1ms
[5.310s][info][gc,phases     ] GC(247)   Evacuate Collection Set: 8.7ms
[5.310s][info][gc,phases     ] GC(247)   Post Evacuate Collection Set: 0.4ms
[5.310s][info][gc,phases     ] GC(247)   Other: 0.2ms
[5.310s][info][gc,heap       ] GC(247) Eden regions: 257->0(573)
[5.310s][info][gc,heap       ] GC(247) Survivor regions: 76->18(85)
[5.310s][info][gc,heap       ] GC(247) Old regions: 2031->2107
[5.310s][info][gc,heap       ] GC(247) Humongous regions: 161->161
[5.310s][info][gc,metaspace  ] GC(247) Metaspace: 8089K(8576K)->8089K(8576K) NonClass: 7352K(7680K)->7352K(7680K) Class: 737K(896K)->737K(896K)
[5.310s][info][gc            ] GC(247) Pause Young (Concurrent Start) (G1 Humongous Allocation) 2523M->2284M(4092M) 9.443ms
[5.310s][info][gc,cpu        ] GC(247) User=0.00s Sys=0.00s Real=0.01s
[5.310s][info][gc            ] GC(248) Concurrent Cycle
[5.310s][info][gc,marking    ] GC(248) Concurrent Clear Claimed Marks
[5.310s][info][gc,marking    ] GC(248) Concurrent Clear Claimed Marks 0.013ms
[5.310s][info][gc,marking    ] GC(248) Concurrent Scan Root Regions
[5.314s][info][gc,marking    ] GC(248) Concurrent Scan Root Regions 3.577ms
[5.314s][info][gc,marking    ] GC(248) Concurrent Mark (5.314s)
[5.314s][info][gc,marking    ] GC(248) Concurrent Mark From Roots
[5.314s][info][gc,task       ] GC(248) Using 3 workers of 3 for marking
[5.341s][info][gc,marking    ] GC(248) Concurrent Mark From Roots 27.057ms
[5.341s][info][gc,marking    ] GC(248) Concurrent Preclean
[5.341s][info][gc,marking    ] GC(248) Concurrent Preclean 0.086ms
[5.341s][info][gc,marking    ] GC(248) Concurrent Mark (5.314s, 5.341s) 27.220ms
[5.341s][info][gc,start      ] GC(248) Pause Remark
[5.342s][info][gc,stringtable] GC(248) Cleaned string and symbol table, strings: 3394 processed, 32 removed, symbols: 28844 processed, 2 removed
[5.342s][info][gc            ] GC(248) Pause Remark 2398M->2398M(4092M) 0.654ms
[5.342s][info][gc,cpu        ] GC(248) User=0.00s Sys=0.00s Real=0.00s
[5.342s][info][gc,marking    ] GC(248) Concurrent Rebuild Remembered Sets
[5.361s][info][gc,marking    ] GC(248) Concurrent Rebuild Remembered Sets 18.618ms
[5.361s][info][gc,start      ] GC(248) Pause Cleanup
[5.361s][info][gc            ] GC(248) Pause Cleanup 2483M->2483M(4092M) 0.455ms
[5.361s][info][gc,cpu        ] GC(248) User=0.00s Sys=0.00s Real=0.00s
[5.361s][info][gc,marking    ] GC(248) Concurrent Cleanup for Next Mark
[5.363s][info][gc,marking    ] GC(248) Concurrent Cleanup for Next Mark 1.935ms
[5.363s][info][gc            ] GC(248) Concurrent Cycle 53.170ms
[5.364s][info][gc,start      ] GC(249) Pause Young (Concurrent Start) (G1 Humongous Allocation)
[5.364s][info][gc,task       ] GC(249) Using 13 workers of 13 for evacuation
[5.370s][info][gc,phases     ] GC(249)   Pre Evacuate Collection Set: 0.1ms
[5.370s][info][gc,phases     ] GC(249)   Evacuate Collection Set: 6.1ms
[5.370s][info][gc,phases     ] GC(249)   Post Evacuate Collection Set: 0.3ms
[5.370s][info][gc,phases     ] GC(249)   Other: 0.2ms
[5.370s][info][gc,heap       ] GC(249) Eden regions: 193->0(626)
[5.370s][info][gc,heap       ] GC(249) Survivor regions: 18->29(74)
[5.370s][info][gc,heap       ] GC(249) Old regions: 2107->2107
[5.370s][info][gc,heap       ] GC(249) Humongous regions: 174->174
[5.370s][info][gc,metaspace  ] GC(249) Metaspace: 8090K(8576K)->8090K(8576K) NonClass: 7352K(7680K)->7352K(7680K) Class: 737K(896K)->737K(896K)
[5.370s][info][gc            ] GC(249) Pause Young (Concurrent Start) (G1 Humongous Allocation) 2490M->2308M(4092M) 6.756ms
[5.371s][info][gc,cpu        ] GC(249) User=0.00s Sys=0.00s Real=0.01s
[5.371s][info][gc            ] GC(250) Concurrent Cycle
[5.371s][info][gc,marking    ] GC(250) Concurrent Clear Claimed Marks
[5.371s][info][gc,marking    ] GC(250) Concurrent Clear Claimed Marks 0.017ms
[5.371s][info][gc,marking    ] GC(250) Concurrent Scan Root Regions
[5.376s][info][gc,marking    ] GC(250) Concurrent Scan Root Regions 5.303ms
[5.376s][info][gc,marking    ] GC(250) Concurrent Mark (5.376s)
[5.376s][info][gc,marking    ] GC(250) Concurrent Mark From Roots
[5.376s][info][gc,task       ] GC(250) Using 3 workers of 3 for marking
[5.404s][info][gc,marking    ] GC(250) Concurrent Mark From Roots 27.987ms
[5.404s][info][gc,marking    ] GC(250) Concurrent Preclean
[5.404s][info][gc,marking    ] GC(250) Concurrent Preclean 0.086ms
[5.404s][info][gc,marking    ] GC(250) Concurrent Mark (5.376s, 5.404s) 28.159ms
[5.404s][info][gc,start      ] GC(250) Pause Remark
[5.405s][info][gc,stringtable] GC(250) Cleaned string and symbol table, strings: 3362 processed, 89 removed, symbols: 28842 processed, 0 removed
[5.405s][info][gc            ] GC(250) Pause Remark 2475M->2475M(4092M) 0.949ms
[5.405s][info][gc,cpu        ] GC(250) User=0.00s Sys=0.00s Real=0.00s
[5.405s][info][gc,marking    ] GC(250) Concurrent Rebuild Remembered Sets
[5.425s][info][gc,marking    ] GC(250) Concurrent Rebuild Remembered Sets 19.312ms
[5.425s][info][gc,start      ] GC(250) Pause Cleanup
[5.425s][info][gc            ] GC(250) Pause Cleanup 2564M->2564M(4092M) 0.425ms
[5.425s][info][gc,cpu        ] GC(250) User=0.00s Sys=0.00s Real=0.00s
[5.425s][info][gc,marking    ] GC(250) Concurrent Cleanup for Next Mark
[5.427s][info][gc,marking    ] GC(250) Concurrent Cleanup for Next Mark 1.966ms
[5.427s][info][gc            ] GC(250) Concurrent Cycle 56.770ms
[5.464s][info][gc,start      ] GC(251) Pause Young (Concurrent Start) (G1 Humongous Allocation)
[5.464s][info][gc,task       ] GC(251) Using 13 workers of 13 for evacuation
[5.474s][info][gc,phases     ] GC(251)   Pre Evacuate Collection Set: 0.1ms
[5.474s][info][gc,phases     ] GC(251)   Evacuate Collection Set: 10.2ms
[5.474s][info][gc,phases     ] GC(251)   Post Evacuate Collection Set: 0.3ms
[5.474s][info][gc,phases     ] GC(251)   Other: 0.3ms
[5.474s][info][gc,heap       ] GC(251) Eden regions: 455->0(681)
[5.475s][info][gc,heap       ] GC(251) Survivor regions: 29->54(82)
[5.475s][info][gc,heap       ] GC(251) Old regions: 2107->2107
[5.475s][info][gc,heap       ] GC(251) Humongous regions: 176->176
[5.475s][info][gc,metaspace  ] GC(251) Metaspace: 7856K(8576K)->7856K(8576K) NonClass: 7175K(7680K)->7175K(7680K) Class: 681K(896K)->681K(896K)
[5.475s][info][gc            ] GC(251) Pause Young (Concurrent Start) (G1 Humongous Allocation) 2765M->2335M(4092M) 11.012ms
[5.475s][info][gc,cpu        ] GC(251) User=0.19s Sys=0.00s Real=0.01s
[5.475s][info][gc            ] GC(252) Concurrent Cycle
[5.475s][info][gc,marking    ] GC(252) Concurrent Clear Claimed Marks
[5.475s][info][gc,marking    ] GC(252) Concurrent Clear Claimed Marks 0.015ms
[5.475s][info][gc,marking    ] GC(252) Concurrent Scan Root Regions
[5.484s][info][gc,marking    ] GC(252) Concurrent Scan Root Regions 9.418ms
[5.484s][info][gc,marking    ] GC(252) Concurrent Mark (5.484s)
[5.484s][info][gc,marking    ] GC(252) Concurrent Mark From Roots
[5.484s][info][gc,task       ] GC(252) Using 3 workers of 3 for marking
[5.512s][info][gc,marking    ] GC(252) Concurrent Mark From Roots 28.081ms
[5.512s][info][gc,marking    ] GC(252) Concurrent Preclean
[5.512s][info][gc,marking    ] GC(252) Concurrent Preclean 0.088ms
[5.512s][info][gc,marking    ] GC(252) Concurrent Mark (5.484s, 5.512s) 28.246ms
[5.513s][info][gc,start      ] GC(252) Pause Remark
[5.513s][info][gc,stringtable] GC(252) Cleaned string and symbol table, strings: 3273 processed, 0 removed, symbols: 28842 processed, 131 removed
[5.514s][info][gc            ] GC(252) Pause Remark 2509M->2509M(4092M) 0.869ms
[5.514s][info][gc,cpu        ] GC(252) User=0.00s Sys=0.00s Real=0.00s
[5.514s][info][gc,marking    ] GC(252) Concurrent Rebuild Remembered Sets
[5.534s][info][gc,marking    ] GC(252) Concurrent Rebuild Remembered Sets 20.081ms
[5.534s][info][gc,start      ] GC(252) Pause Cleanup
[5.534s][info][gc            ] GC(252) Pause Cleanup 2595M->2595M(4092M) 0.479ms
[5.534s][info][gc,cpu        ] GC(252) User=0.00s Sys=0.02s Real=0.00s
[5.534s][info][gc,marking    ] GC(252) Concurrent Cleanup for Next Mark
[5.536s][info][gc,marking    ] GC(252) Concurrent Cleanup for Next Mark 1.978ms
[5.536s][info][gc            ] GC(252) Concurrent Cycle 61.851ms
[5.560s][info][gc,start      ] GC(253) Pause Young (Concurrent Start) (G1 Humongous Allocation)
[5.560s][info][gc,task       ] GC(253) Using 13 workers of 13 for evacuation
[5.573s][info][gc,phases     ] GC(253)   Pre Evacuate Collection Set: 0.1ms
[5.573s][info][gc,phases     ] GC(253)   Evacuate Collection Set: 12.3ms
[5.573s][info][gc,phases     ] GC(253)   Post Evacuate Collection Set: 0.4ms
[5.573s][info][gc,phases     ] GC(253)   Other: 0.3ms
[5.573s][info][gc,heap       ] GC(253) Eden regions: 391->0(741)
[5.573s][info][gc,heap       ] GC(253) Survivor regions: 54->59(92)
[5.574s][info][gc,heap       ] GC(253) Old regions: 2107->2122
[5.574s][info][gc,heap       ] GC(253) Humongous regions: 177->177
[5.574s][info][gc,metaspace  ] GC(253) Metaspace: 7858K(8576K)->7858K(8576K) NonClass: 7177K(7680K)->7177K(7680K) Class: 681K(896K)->681K(896K)
[5.574s][info][gc            ] GC(253) Pause Young (Concurrent Start) (G1 Humongous Allocation) 2727M->2356M(4093M) 13.178ms
[5.574s][info][gc,cpu        ] GC(253) User=0.20s Sys=0.00s Real=0.01s
[5.574s][info][gc            ] GC(254) Concurrent Cycle
[5.574s][info][gc,marking    ] GC(254) Concurrent Clear Claimed Marks
[5.574s][info][gc,marking    ] GC(254) Concurrent Clear Claimed Marks 0.018ms
[5.574s][info][gc,marking    ] GC(254) Concurrent Scan Root Regions
[5.585s][info][gc,marking    ] GC(254) Concurrent Scan Root Regions 11.376ms
[5.585s][info][gc,marking    ] GC(254) Concurrent Mark (5.585s)
[5.585s][info][gc,marking    ] GC(254) Concurrent Mark From Roots
[5.585s][info][gc,task       ] GC(254) Using 3 workers of 3 for marking
[5.622s][info][gc,marking    ] GC(254) Concurrent Mark From Roots 37.122ms
[5.622s][info][gc,marking    ] GC(254) Concurrent Preclean
[5.622s][info][gc,marking    ] GC(254) Concurrent Preclean 0.093ms
[5.622s][info][gc,marking    ] GC(254) Concurrent Mark (5.585s, 5.622s) 37.374ms
[5.623s][info][gc,start      ] GC(254) Pause Remark
[5.623s][info][gc,stringtable] GC(254) Cleaned string and symbol table, strings: 3274 processed, 0 removed, symbols: 28712 processed, 0 removed
[5.623s][info][gc            ] GC(254) Pause Remark 2513M->2513M(4093M) 0.722ms
[5.623s][info][gc,cpu        ] GC(254) User=0.00s Sys=0.00s Real=0.00s
[5.623s][info][gc,marking    ] GC(254) Concurrent Rebuild Remembered Sets
[5.648s][info][gc,marking    ] GC(254) Concurrent Rebuild Remembered Sets 24.293ms
[5.648s][info][gc,start      ] GC(254) Pause Cleanup
[5.649s][info][gc            ] GC(254) Pause Cleanup 2611M->2611M(4093M) 0.623ms
[5.649s][info][gc,cpu        ] GC(254) User=0.00s Sys=0.00s Real=0.00s
[5.649s][info][gc,marking    ] GC(254) Concurrent Cleanup for Next Mark
[5.651s][info][gc,marking    ] GC(254) Concurrent Cleanup for Next Mark 1.945ms
[5.651s][info][gc            ] GC(254) Concurrent Cycle 77.110ms
[5.655s][info][gc,start      ] GC(255) Pause Young (Concurrent Start) (G1 Humongous Allocation)
[5.655s][info][gc,task       ] GC(255) Using 13 workers of 13 for evacuation
[5.668s][info][gc,phases     ] GC(255)   Pre Evacuate Collection Set: 0.1ms
[5.668s][info][gc,phases     ] GC(255)   Evacuate Collection Set: 12.6ms
[5.668s][info][gc,phases     ] GC(255)   Post Evacuate Collection Set: 0.4ms
[5.668s][info][gc,phases     ] GC(255)   Other: 0.3ms
[5.668s][info][gc,heap       ] GC(255) Eden regions: 267->0(792)
[5.668s][info][gc,heap       ] GC(255) Survivor regions: 59->61(100)
[5.668s][info][gc,heap       ] GC(255) Old regions: 2122->2134
[5.668s][info][gc,heap       ] GC(255) Humongous regions: 186->186
[5.668s][info][gc,metaspace  ] GC(255) Metaspace: 7861K(8576K)->7861K(8576K) NonClass: 7179K(7680K)->7179K(7680K) Class: 681K(896K)->681K(896K)
[5.668s][info][gc            ] GC(255) Pause Young (Concurrent Start) (G1 Humongous Allocation) 2632M->2380M(4093M) 13.466ms
[5.668s][info][gc,cpu        ] GC(255) User=0.20s Sys=0.00s Real=0.01s
[5.668s][info][gc            ] GC(256) Concurrent Cycle
[5.668s][info][gc,marking    ] GC(256) Concurrent Clear Claimed Marks
[5.668s][info][gc,marking    ] GC(256) Concurrent Clear Claimed Marks 0.019ms
[5.668s][info][gc,marking    ] GC(256) Concurrent Scan Root Regions
[5.681s][info][gc,marking    ] GC(256) Concurrent Scan Root Regions 12.692ms
[5.681s][info][gc,marking    ] GC(256) Concurrent Mark (5.681s)
[5.681s][info][gc,marking    ] GC(256) Concurrent Mark From Roots
[5.681s][info][gc,task       ] GC(256) Using 3 workers of 3 for marking
[5.725s][info][gc,marking    ] GC(256) Concurrent Mark From Roots 43.642ms
[5.725s][info][gc,marking    ] GC(256) Concurrent Preclean
[5.725s][info][gc,marking    ] GC(256) Concurrent Preclean 0.093ms
[5.725s][info][gc,marking    ] GC(256) Concurrent Mark (5.681s, 5.725s) 43.837ms
[5.725s][info][gc,start      ] GC(256) Pause Remark
[5.726s][info][gc,stringtable] GC(256) Cleaned string and symbol table, strings: 3274 processed, 0 removed, symbols: 28712 processed, 0 removed
[5.726s][info][gc            ] GC(256) Pause Remark 2617M->2613M(4093M) 0.711ms
[5.726s][info][gc,cpu        ] GC(256) User=0.00s Sys=0.00s Real=0.00s
[5.726s][info][gc,marking    ] GC(256) Concurrent Rebuild Remembered Sets
[5.756s][info][gc,marking    ] GC(256) Concurrent Rebuild Remembered Sets 30.360ms
[5.757s][info][gc,start      ] GC(256) Pause Cleanup
[5.757s][info][gc            ] GC(256) Pause Cleanup 2742M->2742M(4093M) 0.641ms
[5.757s][info][gc,cpu        ] GC(256) User=0.00s Sys=0.00s Real=0.00s
[5.757s][info][gc,marking    ] GC(256) Concurrent Cleanup for Next Mark
[5.759s][info][gc,marking    ] GC(256) Concurrent Cleanup for Next Mark 2.006ms
[5.759s][info][gc            ] GC(256) Concurrent Cycle 91.030ms
[5.775s][info][gc,start      ] GC(257) Pause Young (Concurrent Start) (G1 Humongous Allocation)
[5.775s][info][gc,task       ] GC(257) Using 13 workers of 13 for evacuation
[5.791s][info][gc,phases     ] GC(257)   Pre Evacuate Collection Set: 0.1ms
[5.791s][info][gc,phases     ] GC(257)   Evacuate Collection Set: 15.2ms
[5.791s][info][gc,phases     ] GC(257)   Post Evacuate Collection Set: 0.4ms
[5.791s][info][gc,phases     ] GC(257)   Other: 0.4ms
[5.791s][info][gc,heap       ] GC(257) Eden regions: 440->0(835)
[5.791s][info][gc,heap       ] GC(257) Survivor regions: 61->57(107)
[5.792s][info][gc,heap       ] GC(257) Old regions: 2134->2159
[5.792s][info][gc,heap       ] GC(257) Humongous regions: 196->196
[5.792s][info][gc,metaspace  ] GC(257) Metaspace: 7861K(8576K)->7861K(8576K) NonClass: 7179K(7680K)->7179K(7680K) Class: 681K(896K)->681K(896K)
[5.792s][info][gc            ] GC(257) Pause Young (Concurrent Start) (G1 Humongous Allocation) 2830M->2412M(4093M) 16.204ms
[5.792s][info][gc,cpu        ] GC(257) User=0.20s Sys=0.00s Real=0.02s
[5.792s][info][gc            ] GC(258) Concurrent Cycle
[5.792s][info][gc,marking    ] GC(258) Concurrent Clear Claimed Marks
[5.792s][info][gc,marking    ] GC(258) Concurrent Clear Claimed Marks 0.021ms
[5.792s][info][gc,marking    ] GC(258) Concurrent Scan Root Regions
[5.804s][info][gc,marking    ] GC(258) Concurrent Scan Root Regions 12.211ms
[5.804s][info][gc,marking    ] GC(258) Concurrent Mark (5.804s)
[5.804s][info][gc,marking    ] GC(258) Concurrent Mark From Roots
[5.804s][info][gc,task       ] GC(258) Using 3 workers of 3 for marking
[5.865s][info][gc,marking    ] GC(258) Concurrent Mark From Roots 60.910ms
[5.865s][info][gc,marking    ] GC(258) Concurrent Preclean
[5.865s][info][gc,marking    ] GC(258) Concurrent Preclean 0.090ms
[5.865s][info][gc,marking    ] GC(258) Concurrent Mark (5.804s, 5.865s) 61.102ms
[5.865s][info][gc,start      ] GC(258) Pause Remark
[5.866s][info][gc,stringtable] GC(258) Cleaned string and symbol table, strings: 3274 processed, 0 removed, symbols: 28712 processed, 0 removed
[5.866s][info][gc            ] GC(258) Pause Remark 2696M->2689M(4093M) 0.719ms
[5.866s][info][gc,cpu        ] GC(258) User=0.00s Sys=0.00s Real=0.00s
[5.866s][info][gc,marking    ] GC(258) Concurrent Rebuild Remembered Sets
[5.907s][info][gc,marking    ] GC(258) Concurrent Rebuild Remembered Sets 40.575ms
[5.907s][info][gc,start      ] GC(258) Pause Cleanup
[5.908s][info][gc            ] GC(258) Pause Cleanup 2842M->2842M(4093M) 0.969ms
[5.908s][info][gc,cpu        ] GC(258) User=0.00s Sys=0.00s Real=0.00s
[5.908s][info][gc,marking    ] GC(258) Concurrent Cleanup for Next Mark
[5.910s][info][gc,marking    ] GC(258) Concurrent Cleanup for Next Mark 2.010ms
[5.910s][info][gc            ] GC(258) Concurrent Cycle 118.577ms
[5.999s][info][gc,start      ] GC(259) Pause Young (Normal) (G1 Evacuation Pause)
[5.999s][info][gc,task       ] GC(259) Using 13 workers of 13 for evacuation
[6.020s][info][gc,phases     ] GC(259)   Pre Evacuate Collection Set: 0.2ms
[6.020s][info][gc,phases     ] GC(259)   Evacuate Collection Set: 19.8ms
[6.020s][info][gc,phases     ] GC(259)   Post Evacuate Collection Set: 0.5ms
[6.020s][info][gc,phases     ] GC(259)   Other: 0.4ms
[6.020s][info][gc,heap       ] GC(259) Eden regions: 835->0(888)
[6.020s][info][gc,heap       ] GC(259) Survivor regions: 57->93(112)
[6.020s][info][gc,heap       ] GC(259) Old regions: 2159->2159
[6.020s][info][gc,heap       ] GC(259) Humongous regions: 197->197
[6.020s][info][gc,metaspace  ] GC(259) Metaspace: 7861K(8576K)->7861K(8576K) NonClass: 7179K(7680K)->7179K(7680K) Class: 681K(896K)->681K(896K)
[6.020s][info][gc            ] GC(259) Pause Young (Normal) (G1 Evacuation Pause) 3248M->2448M(4093M) 21.001ms
[6.020s][info][gc,cpu        ] GC(259) User=0.38s Sys=0.00s Real=0.02s
[6.106s][info][gc,start      ] GC(260) Pause Young (Concurrent Start) (G1 Humongous Allocation)
[6.107s][info][gc,task       ] GC(260) Using 13 workers of 13 for evacuation
[6.126s][info][gc,phases     ] GC(260)   Pre Evacuate Collection Set: 0.1ms
[6.126s][info][gc,phases     ] GC(260)   Evacuate Collection Set: 18.7ms
[6.126s][info][gc,phases     ] GC(260)   Post Evacuate Collection Set: 0.5ms
[6.126s][info][gc,phases     ] GC(260)   Other: 0.3ms
[6.126s][info][gc,heap       ] GC(260) Eden regions: 410->0(913)
[6.126s][info][gc,heap       ] GC(260) Survivor regions: 93->74(123)
[6.126s][info][gc,heap       ] GC(260) Old regions: 2159->2193
[6.126s][info][gc,heap       ] GC(260) Humongous regions: 197->197
[6.126s][info][gc,metaspace  ] GC(260) Metaspace: 7861K(8576K)->7861K(8576K) NonClass: 7179K(7680K)->7179K(7680K) Class: 681K(896K)->681K(896K)
[6.126s][info][gc            ] GC(260) Pause Young (Concurrent Start) (G1 Humongous Allocation) 2858M->2463M(4094M) 19.787ms
[6.126s][info][gc,cpu        ] GC(260) User=0.20s Sys=0.00s Real=0.02s
[6.126s][info][gc            ] GC(261) Concurrent Cycle
[6.126s][info][gc,marking    ] GC(261) Concurrent Clear Claimed Marks
[6.126s][info][gc,marking    ] GC(261) Concurrent Clear Claimed Marks 0.020ms
[6.126s][info][gc,marking    ] GC(261) Concurrent Scan Root Regions
[6.143s][info][gc,marking    ] GC(261) Concurrent Scan Root Regions 16.207ms
[6.143s][info][gc,marking    ] GC(261) Concurrent Mark (6.143s)
[6.143s][info][gc,marking    ] GC(261) Concurrent Mark From Roots
[6.143s][info][gc,task       ] GC(261) Using 3 workers of 3 for marking
[6.222s][info][gc,marking    ] GC(261) Concurrent Mark From Roots 79.438ms
[6.222s][info][gc,marking    ] GC(261) Concurrent Preclean
[6.222s][info][gc,marking    ] GC(261) Concurrent Preclean 0.086ms
[6.222s][info][gc,marking    ] GC(261) Concurrent Mark (6.143s, 6.222s) 79.635ms
[6.223s][info][gc,start      ] GC(261) Pause Remark
[6.223s][info][gc,stringtable] GC(261) Cleaned string and symbol table, strings: 3298 processed, 0 removed, symbols: 28712 processed, 0 removed
[6.223s][info][gc            ] GC(261) Pause Remark 2836M->2831M(4094M) 0.823ms
[6.223s][info][gc,cpu        ] GC(261) User=0.00s Sys=0.00s Real=0.00s
[6.223s][info][gc,marking    ] GC(261) Concurrent Rebuild Remembered Sets
[6.274s][info][gc,marking    ] GC(261) Concurrent Rebuild Remembered Sets 50.991ms
[6.275s][info][gc,start      ] GC(261) Pause Cleanup
[6.276s][info][gc            ] GC(261) Pause Cleanup 3033M->3033M(4094M) 0.952ms
[6.276s][info][gc,cpu        ] GC(261) User=0.00s Sys=0.00s Real=0.00s
[6.276s][info][gc,marking    ] GC(261) Concurrent Cleanup for Next Mark
[6.278s][info][gc,marking    ] GC(261) Concurrent Cleanup for Next Mark 2.052ms
[6.278s][info][gc            ] GC(261) Concurrent Cycle 151.650ms
[6.300s][info][gc,start      ] GC(262) Pause Young (Concurrent Start) (G1 Humongous Allocation)
[6.300s][info][gc,task       ] GC(262) Using 13 workers of 13 for evacuation
[6.322s][info][gc,phases     ] GC(262)   Pre Evacuate Collection Set: 0.2ms
[6.322s][info][gc,phases     ] GC(262)   Evacuate Collection Set: 21.4ms
[6.322s][info][gc,phases     ] GC(262)   Post Evacuate Collection Set: 0.5ms
[6.322s][info][gc,phases     ] GC(262)   Other: 0.4ms
[6.322s][info][gc,heap       ] GC(262) Eden regions: 688->0(889)
[6.322s][info][gc,heap       ] GC(262) Survivor regions: 74->88(124)
[6.322s][info][gc,heap       ] GC(262) Old regions: 2193->2215
[6.322s][info][gc,heap       ] GC(262) Humongous regions: 195->195
[6.322s][info][gc,metaspace  ] GC(262) Metaspace: 7864K(8576K)->7864K(8576K) NonClass: 7182K(7680K)->7182K(7680K) Class: 681K(896K)->681K(896K)
[6.322s][info][gc            ] GC(262) Pause Young (Concurrent Start) (G1 Humongous Allocation) 3148M->2497M(4094M) 22.540ms
[6.322s][info][gc,cpu        ] GC(262) User=0.19s Sys=0.02s Real=0.02s
[6.322s][info][gc            ] GC(263) Concurrent Cycle
[6.322s][info][gc,marking    ] GC(263) Concurrent Clear Claimed Marks
[6.322s][info][gc,marking    ] GC(263) Concurrent Clear Claimed Marks 0.024ms
[6.322s][info][gc,marking    ] GC(263) Concurrent Scan Root Regions
[6.344s][info][gc,marking    ] GC(263) Concurrent Scan Root Regions 21.118ms
[6.344s][info][gc,marking    ] GC(263) Concurrent Mark (6.344s)
[6.344s][info][gc,marking    ] GC(263) Concurrent Mark From Roots
[6.344s][info][gc,task       ] GC(263) Using 3 workers of 3 for marking
[6.438s][info][gc,marking    ] GC(263) Concurrent Mark From Roots 94.044ms
[6.438s][info][gc,marking    ] GC(263) Concurrent Preclean
[6.438s][info][gc,marking    ] GC(263) Concurrent Preclean 0.096ms
[6.438s][info][gc,marking    ] GC(263) Concurrent Mark (6.344s, 6.438s) 94.260ms
[6.438s][info][gc,start      ] GC(263) Pause Remark
[6.439s][info][gc,stringtable] GC(263) Cleaned string and symbol table, strings: 3298 processed, 1 removed, symbols: 28712 processed, 0 removed
[6.439s][info][gc            ] GC(263) Pause Remark 3019M->3019M(4094M) 0.683ms
[6.439s][info][gc,cpu        ] GC(263) User=0.00s Sys=0.00s Real=0.00s
[6.439s][info][gc,marking    ] GC(263) Concurrent Rebuild Remembered Sets
[6.499s][info][gc,marking    ] GC(263) Concurrent Rebuild Remembered Sets 60.020ms
[6.499s][info][gc,start      ] GC(263) Pause Cleanup
[6.500s][info][gc            ] GC(263) Pause Cleanup 3292M->3292M(4094M) 0.704ms
[6.500s][info][gc,cpu        ] GC(263) User=0.00s Sys=0.00s Real=0.00s
[6.500s][info][gc,marking    ] GC(263) Concurrent Cleanup for Next Mark
[6.502s][info][gc,marking    ] GC(263) Concurrent Cleanup for Next Mark 1.901ms
[6.502s][info][gc            ] GC(263) Concurrent Cycle 179.597ms
[6.509s][info][gc,start      ] GC(264) Pause Young (Concurrent Start) (G1 Humongous Allocation)
[6.509s][info][gc,task       ] GC(264) Using 13 workers of 13 for evacuation
[6.536s][info][gc,phases     ] GC(264)   Pre Evacuate Collection Set: 0.1ms
[6.537s][info][gc,phases     ] GC(264)   Evacuate Collection Set: 26.2ms
[6.537s][info][gc,phases     ] GC(264)   Post Evacuate Collection Set: 0.5ms
[6.537s][info][gc,phases     ] GC(264)   Other: 0.4ms
[6.537s][info][gc,heap       ] GC(264) Eden regions: 829->0(887)
[6.537s][info][gc,heap       ] GC(264) Survivor regions: 88->93(123)
[6.537s][info][gc,heap       ] GC(264) Old regions: 2215->2252
[6.537s][info][gc,heap       ] GC(264) Humongous regions: 202->202
[6.537s][info][gc,metaspace  ] GC(264) Metaspace: 7865K(8576K)->7865K(8576K) NonClass: 7183K(7680K)->7183K(7680K) Class: 681K(896K)->681K(896K)
[6.537s][info][gc            ] GC(264) Pause Young (Concurrent Start) (G1 Humongous Allocation) 3333M->2546M(4094M) 27.275ms
[6.537s][info][gc,cpu        ] GC(264) User=0.41s Sys=0.00s Real=0.03s
[6.537s][info][gc            ] GC(265) Concurrent Cycle
[6.537s][info][gc,marking    ] GC(265) Concurrent Clear Claimed Marks
[6.537s][info][gc,marking    ] GC(265) Concurrent Clear Claimed Marks 0.018ms
[6.537s][info][gc,marking    ] GC(265) Concurrent Scan Root Regions
[6.560s][info][gc,marking    ] GC(265) Concurrent Scan Root Regions 22.811ms
[6.560s][info][gc,marking    ] GC(265) Concurrent Mark (6.560s)
[6.560s][info][gc,marking    ] GC(265) Concurrent Mark From Roots
[6.560s][info][gc,task       ] GC(265) Using 3 workers of 3 for marking
[6.678s][info][gc,marking    ] GC(265) Concurrent Mark From Roots 118.702ms
[6.678s][info][gc,marking    ] GC(265) Concurrent Preclean
[6.679s][info][gc,marking    ] GC(265) Concurrent Preclean 0.090ms
[6.679s][info][gc,marking    ] GC(265) Concurrent Mark (6.560s, 6.679s) 118.892ms
[6.679s][info][gc,start      ] GC(265) Pause Remark
[6.679s][info][gc,stringtable] GC(265) Cleaned string and symbol table, strings: 3297 processed, 0 removed, symbols: 28713 processed, 0 removed
[6.680s][info][gc            ] GC(265) Pause Remark 3194M->3191M(4094M) 0.723ms
[6.680s][info][gc,cpu        ] GC(265) User=0.00s Sys=0.00s Real=0.00s
[6.680s][info][gc,marking    ] GC(265) Concurrent Rebuild Remembered Sets
[6.727s][info][gc,start      ] GC(266) Pause Young (Normal) (G1 Evacuation Pause)
[6.727s][info][gc,task       ] GC(266) Using 13 workers of 13 for evacuation
[6.758s][info][gc,phases     ] GC(266)   Pre Evacuate Collection Set: 0.1ms
[6.758s][info][gc,phases     ] GC(266)   Evacuate Collection Set: 29.4ms
[6.758s][info][gc,phases     ] GC(266)   Post Evacuate Collection Set: 0.6ms
[6.758s][info][gc,phases     ] GC(266)   Other: 0.4ms
[6.758s][info][gc,heap       ] GC(266) Eden regions: 887->0(844)
[6.758s][info][gc,heap       ] GC(266) Survivor regions: 93->103(123)
[6.758s][info][gc,heap       ] GC(266) Old regions: 2252->2303
[6.758s][info][gc,heap       ] GC(266) Humongous regions: 214->214
[6.758s][info][gc,metaspace  ] GC(266) Metaspace: 7865K(8576K)->7865K(8576K) NonClass: 7184K(7680K)->7184K(7680K) Class: 681K(896K)->681K(896K)
[6.758s][info][gc            ] GC(266) Pause Young (Normal) (G1 Evacuation Pause) 3445M->2619M(4094M) 30.679ms
[6.758s][info][gc,cpu        ] GC(266) User=0.41s Sys=0.00s Real=0.03s
[6.785s][info][gc,marking    ] GC(265) Concurrent Rebuild Remembered Sets 105.569ms
[6.785s][info][gc,start      ] GC(265) Pause Cleanup
[6.786s][info][gc            ] GC(265) Pause Cleanup 2723M->2723M(4094M) 0.752ms
[6.786s][info][gc,cpu        ] GC(265) User=0.00s Sys=0.00s Real=0.00s
[6.786s][info][gc,marking    ] GC(265) Concurrent Cleanup for Next Mark
[6.788s][info][gc,marking    ] GC(265) Concurrent Cleanup for Next Mark 1.891ms
[6.788s][info][gc            ] GC(265) Concurrent Cycle 251.455ms
[6.792s][info][gc,start      ] GC(267) Pause Young (Concurrent Start) (G1 Humongous Allocation)
[6.792s][info][gc,task       ] GC(267) Using 13 workers of 13 for evacuation
[6.809s][info][gc,phases     ] GC(267)   Pre Evacuate Collection Set: 0.1ms
[6.809s][info][gc,phases     ] GC(267)   Evacuate Collection Set: 16.9ms
[6.809s][info][gc,phases     ] GC(267)   Post Evacuate Collection Set: 0.5ms
[6.809s][info][gc,phases     ] GC(267)   Other: 0.2ms
[6.809s][info][gc,heap       ] GC(267) Eden regions: 135->0(876)
[6.809s][info][gc,heap       ] GC(267) Survivor regions: 103->69(119)
[6.809s][info][gc,heap       ] GC(267) Old regions: 2303->2346
[6.809s][info][gc,heap       ] GC(267) Humongous regions: 214->214
[6.809s][info][gc,metaspace  ] GC(267) Metaspace: 7865K(8576K)->7865K(8576K) NonClass: 7184K(7680K)->7184K(7680K) Class: 681K(896K)->681K(896K)
[6.809s][info][gc            ] GC(267) Pause Young (Concurrent Start) (G1 Humongous Allocation) 2754M->2629M(4095M) 17.854ms
[6.810s][info][gc,cpu        ] GC(267) User=0.20s Sys=0.00s Real=0.02s
[6.810s][info][gc            ] GC(268) Concurrent Cycle
[6.810s][info][gc,marking    ] GC(268) Concurrent Clear Claimed Marks
[6.810s][info][gc,marking    ] GC(268) Concurrent Clear Claimed Marks 0.030ms
[6.810s][info][gc,marking    ] GC(268) Concurrent Scan Root Regions
[6.828s][info][gc,marking    ] GC(268) Concurrent Scan Root Regions 18.557ms
[6.828s][info][gc,marking    ] GC(268) Concurrent Mark (6.828s)
[6.828s][info][gc,marking    ] GC(268) Concurrent Mark From Roots
[6.828s][info][gc,task       ] GC(268) Using 3 workers of 3 for marking
[6.995s][info][gc,marking    ] GC(268) Concurrent Mark From Roots 167.129ms
[6.995s][info][gc,marking    ] GC(268) Concurrent Preclean
[6.996s][info][gc,marking    ] GC(268) Concurrent Preclean 0.100ms
[6.996s][info][gc,marking    ] GC(268) Concurrent Mark (6.828s, 6.996s) 167.347ms
[6.996s][info][gc,start      ] GC(268) Pause Remark
[6.996s][info][gc,stringtable] GC(268) Cleaned string and symbol table, strings: 3297 processed, 0 removed, symbols: 28713 processed, 0 removed
[6.997s][info][gc            ] GC(268) Pause Remark 3521M->3514M(4095M) 0.791ms
[6.997s][info][gc,cpu        ] GC(268) User=0.00s Sys=0.00s Real=0.00s
[6.997s][info][gc,marking    ] GC(268) Concurrent Rebuild Remembered Sets
[6.998s][info][gc,start      ] GC(269) Pause Young (Normal) (G1 Evacuation Pause)
[6.998s][info][gc,task       ] GC(269) Using 13 workers of 13 for evacuation
[7.022s][info][gc,phases     ] GC(269)   Pre Evacuate Collection Set: 0.1ms
[7.022s][info][gc,phases     ] GC(269)   Evacuate Collection Set: 22.7ms
[7.022s][info][gc,phases     ] GC(269)   Post Evacuate Collection Set: 0.5ms
[7.022s][info][gc,phases     ] GC(269)   Other: 0.2ms
[7.022s][info][gc,heap       ] GC(269) Eden regions: 876->0(840)
[7.022s][info][gc,heap       ] GC(269) Survivor regions: 69->51(119)
[7.022s][info][gc,heap       ] GC(269) Old regions: 2346->2406
[7.022s][info][gc,heap       ] GC(269) Humongous regions: 229->229
[7.022s][info][gc,metaspace  ] GC(269) Metaspace: 7865K(8576K)->7865K(8576K) NonClass: 7184K(7680K)->7184K(7680K) Class: 681K(896K)->681K(896K)
[7.022s][info][gc            ] GC(269) Pause Young (Normal) (G1 Evacuation Pause) 3520M->2685M(4095M) 23.610ms
[7.022s][info][gc,cpu        ] GC(269) User=0.41s Sys=0.00s Real=0.02s
[7.126s][info][gc,marking    ] GC(268) Concurrent Rebuild Remembered Sets 129.456ms
[7.126s][info][gc,start      ] GC(268) Pause Cleanup
[7.127s][info][gc            ] GC(268) Pause Cleanup 3137M->3137M(4095M) 0.760ms
[7.127s][info][gc,cpu        ] GC(268) User=0.00s Sys=0.00s Real=0.00s
[7.127s][info][gc,marking    ] GC(268) Concurrent Cleanup for Next Mark
[7.129s][info][gc,marking    ] GC(268) Concurrent Cleanup for Next Mark 1.994ms
[7.129s][info][gc            ] GC(268) Concurrent Cycle 319.804ms
[7.154s][info][gc,start      ] GC(270) Pause Young (Concurrent Start) (G1 Humongous Allocation)
[7.154s][info][gc,task       ] GC(270) Using 13 workers of 13 for evacuation
[7.170s][info][gc,phases     ] GC(270)   Pre Evacuate Collection Set: 0.1ms
[7.170s][info][gc,phases     ] GC(270)   Evacuate Collection Set: 15.1ms
[7.170s][info][gc,phases     ] GC(270)   Post Evacuate Collection Set: 0.4ms
[7.170s][info][gc,phases     ] GC(270)   Other: 0.3ms
[7.170s][info][gc,heap       ] GC(270) Eden regions: 587->0(800)
[7.170s][info][gc,heap       ] GC(270) Survivor regions: 51->80(112)
[7.170s][info][gc,heap       ] GC(270) Old regions: 2406->2406
[7.170s][info][gc,heap       ] GC(270) Humongous regions: 231->231
[7.170s][info][gc,metaspace  ] GC(270) Metaspace: 7865K(8576K)->7865K(8576K) NonClass: 7184K(7680K)->7184K(7680K) Class: 681K(896K)->681K(896K)
[7.170s][info][gc            ] GC(270) Pause Young (Concurrent Start) (G1 Humongous Allocation) 3274M->2716M(4095M) 16.122ms
[7.170s][info][gc,cpu        ] GC(270) User=0.20s Sys=0.00s Real=0.02s
[7.170s][info][gc            ] GC(271) Concurrent Cycle
[7.170s][info][gc,marking    ] GC(271) Concurrent Clear Claimed Marks
[7.170s][info][gc,marking    ] GC(271) Concurrent Clear Claimed Marks 0.018ms
[7.170s][info][gc,marking    ] GC(271) Concurrent Scan Root Regions
[7.185s][info][gc,marking    ] GC(271) Concurrent Scan Root Regions 14.659ms
[7.185s][info][gc,marking    ] GC(271) Concurrent Mark (7.185s)
[7.185s][info][gc,marking    ] GC(271) Concurrent Mark From Roots
[7.185s][info][gc,task       ] GC(271) Using 3 workers of 3 for marking
[7.352s][info][gc,start      ] GC(272) Pause Young (Normal) (G1 Evacuation Pause)
[7.352s][info][gc,task       ] GC(272) Using 13 workers of 13 for evacuation
[7.378s][info][gc,phases     ] GC(272)   Pre Evacuate Collection Set: 0.2ms
[7.378s][info][gc,phases     ] GC(272)   Evacuate Collection Set: 25.0ms
[7.378s][info][gc,phases     ] GC(272)   Post Evacuate Collection Set: 0.6ms
[7.378s][info][gc,phases     ] GC(272)   Other: 0.4ms
[7.378s][info][gc,heap       ] GC(272) Eden regions: 800->0(754)
[7.378s][info][gc,heap       ] GC(272) Survivor regions: 80->77(110)
[7.378s][info][gc,heap       ] GC(272) Old regions: 2406->2455
[7.378s][info][gc,heap       ] GC(272) Humongous regions: 250->250
[7.378s][info][gc,metaspace  ] GC(272) Metaspace: 7865K(8576K)->7865K(8576K) NonClass: 7184K(7680K)->7184K(7680K) Class: 681K(896K)->681K(896K)
[7.378s][info][gc            ] GC(272) Pause Young (Normal) (G1 Evacuation Pause) 3535M->2781M(4095M) 26.261ms
[7.378s][info][gc,cpu        ] GC(272) User=0.38s Sys=0.00s Real=0.03s
[7.408s][info][gc,marking    ] GC(271) Concurrent Mark From Roots 223.475ms
[7.409s][info][gc,marking    ] GC(271) Concurrent Preclean
[7.409s][info][gc,marking    ] GC(271) Concurrent Preclean 0.093ms
[7.409s][info][gc,marking    ] GC(271) Concurrent Mark (7.185s, 7.409s) 223.668ms
[7.409s][info][gc,start      ] GC(271) Pause Remark
[7.409s][info][gc,stringtable] GC(271) Cleaned string and symbol table, strings: 3297 processed, 0 removed, symbols: 28713 processed, 0 removed
[7.410s][info][gc            ] GC(271) Pause Remark 2899M->2886M(4095M) 0.670ms
[7.410s][info][gc,cpu        ] GC(271) User=0.20s Sys=0.00s Real=0.00s
[7.410s][info][gc,marking    ] GC(271) Concurrent Rebuild Remembered Sets
[7.544s][info][gc,marking    ] GC(271) Concurrent Rebuild Remembered Sets 134.155ms
[7.544s][info][gc,start      ] GC(271) Pause Cleanup
[7.545s][info][gc            ] GC(271) Pause Cleanup 3478M->3478M(4095M) 0.886ms
[7.545s][info][gc,cpu        ] GC(271) User=0.00s Sys=0.00s Real=0.00s
[7.545s][info][gc,marking    ] GC(271) Concurrent Cleanup for Next Mark
[7.547s][info][gc,marking    ] GC(271) Concurrent Cleanup for Next Mark 2.008ms
[7.547s][info][gc            ] GC(271) Concurrent Cycle 376.887ms
[7.558s][info][gc,start      ] GC(273) Pause Young (Normal) (G1 Evacuation Pause)
[7.558s][info][gc,task       ] GC(273) Using 13 workers of 13 for evacuation
[7.586s][info][gc,phases     ] GC(273)   Pre Evacuate Collection Set: 0.3ms
[7.586s][info][gc,phases     ] GC(273)   Evacuate Collection Set: 25.9ms
[7.586s][info][gc,phases     ] GC(273)   Post Evacuate Collection Set: 0.5ms
[7.586s][info][gc,phases     ] GC(273)   Other: 0.6ms
[7.586s][info][gc,heap       ] GC(273) Eden regions: 754->0(709)
[7.586s][info][gc,heap       ] GC(273) Survivor regions: 77->98(104)
[7.586s][info][gc,heap       ] GC(273) Old regions: 2455->2487
[7.586s][info][gc,heap       ] GC(273) Humongous regions: 252->252
[7.586s][info][gc,metaspace  ] GC(273) Metaspace: 7865K(8576K)->7865K(8576K) NonClass: 7184K(7680K)->7184K(7680K) Class: 681K(896K)->681K(896K)
[7.586s][info][gc            ] GC(273) Pause Young (Normal) (G1 Evacuation Pause) 3537M->2836M(4096M) 27.472ms
[7.586s][info][gc,cpu        ] GC(273) User=0.39s Sys=0.00s Real=0.03s
[7.592s][info][gc,start      ] GC(274) Pause Young (Concurrent Start) (G1 Humongous Allocation)
[7.592s][info][gc,task       ] GC(274) Using 13 workers of 13 for evacuation
[7.609s][info][gc,phases     ] GC(274)   Pre Evacuate Collection Set: 0.1ms
[7.609s][info][gc,phases     ] GC(274)   Evacuate Collection Set: 16.5ms
[7.609s][info][gc,phases     ] GC(274)   Post Evacuate Collection Set: 0.4ms
[7.609s][info][gc,phases     ] GC(274)   Other: 0.2ms
[7.609s][info][gc,heap       ] GC(274) Eden regions: 17->0(696)
[7.609s][info][gc,heap       ] GC(274) Survivor regions: 98->52(101)
[7.609s][info][gc,heap       ] GC(274) Old regions: 2487->2535
[7.609s][info][gc,heap       ] GC(274) Humongous regions: 252->252
[7.609s][info][gc,metaspace  ] GC(274) Metaspace: 7865K(8576K)->7865K(8576K) NonClass: 7184K(7680K)->7184K(7680K) Class: 681K(896K)->681K(896K)
[7.609s][info][gc            ] GC(274) Pause Young (Concurrent Start) (G1 Humongous Allocation) 2853M->2838M(4096M) 17.385ms
[7.609s][info][gc,cpu        ] GC(274) User=0.20s Sys=0.00s Real=0.02s
[7.609s][info][gc            ] GC(275) Concurrent Cycle
[7.609s][info][gc,marking    ] GC(275) Concurrent Clear Claimed Marks
[7.609s][info][gc,marking    ] GC(275) Concurrent Clear Claimed Marks 0.019ms
[7.609s][info][gc,marking    ] GC(275) Concurrent Scan Root Regions
[7.634s][info][gc,marking    ] GC(275) Concurrent Scan Root Regions 25.017ms
[7.635s][info][gc,marking    ] GC(275) Concurrent Mark (7.635s)
[7.635s][info][gc,marking    ] GC(275) Concurrent Mark From Roots
[7.635s][info][gc,task       ] GC(275) Using 3 workers of 3 for marking
[7.795s][info][gc,start      ] GC(276) Pause Young (Normal) (G1 Evacuation Pause)
[7.795s][info][gc,task       ] GC(276) Using 13 workers of 13 for evacuation
[7.825s][info][gc,phases     ] GC(276)   Pre Evacuate Collection Set: 0.2ms
[7.825s][info][gc,phases     ] GC(276)   Evacuate Collection Set: 29.0ms
[7.825s][info][gc,phases     ] GC(276)   Post Evacuate Collection Set: 0.5ms
[7.825s][info][gc,phases     ] GC(276)   Other: 0.4ms
[7.825s][info][gc,heap       ] GC(276) Eden regions: 696->0(586)
[7.825s][info][gc,heap       ] GC(276) Survivor regions: 52->86(94)
[7.825s][info][gc,heap       ] GC(276) Old regions: 2535->2587
[7.825s][info][gc,heap       ] GC(276) Humongous regions: 281->281
[7.825s][info][gc,metaspace  ] GC(276) Metaspace: 7866K(8576K)->7866K(8576K) NonClass: 7184K(7680K)->7184K(7680K) Class: 681K(896K)->681K(896K)
[7.825s][info][gc            ] GC(276) Pause Young (Normal) (G1 Evacuation Pause) 3563M->2953M(4096M) 30.207ms
[7.825s][info][gc,cpu        ] GC(276) User=0.41s Sys=0.00s Real=0.03s
[7.923s][info][gc,marking    ] GC(275) Concurrent Mark From Roots 288.084ms
[7.923s][info][gc,marking    ] GC(275) Concurrent Preclean
[7.923s][info][gc,marking    ] GC(275) Concurrent Preclean 0.104ms
[7.923s][info][gc,marking    ] GC(275) Concurrent Mark (7.635s, 7.923s) 288.286ms
[7.923s][info][gc,start      ] GC(275) Pause Remark
[7.924s][info][gc,stringtable] GC(275) Cleaned string and symbol table, strings: 3297 processed, 0 removed, symbols: 28713 processed, 0 removed
[7.924s][info][gc            ] GC(275) Pause Remark 3385M->3368M(4096M) 0.790ms
[7.924s][info][gc,cpu        ] GC(275) User=0.00s Sys=0.00s Real=0.00s
[7.924s][info][gc,marking    ] GC(275) Concurrent Rebuild Remembered Sets
[7.963s][info][gc,start      ] GC(277) Pause Young (Normal) (G1 Evacuation Pause)
[7.963s][info][gc,task       ] GC(277) Using 13 workers of 13 for evacuation
[7.996s][info][gc,phases     ] GC(277)   Pre Evacuate Collection Set: 0.2ms
[7.996s][info][gc,phases     ] GC(277)   Evacuate Collection Set: 32.7ms
[7.996s][info][gc,phases     ] GC(277)   Post Evacuate Collection Set: 0.6ms
[7.996s][info][gc,phases     ] GC(277)   Other: 0.4ms
[7.996s][info][gc,heap       ] GC(277) Eden regions: 586->0(507)
[7.996s][info][gc,heap       ] GC(277) Survivor regions: 86->72(84)
[7.996s][info][gc,heap       ] GC(277) Old regions: 2587->2672
[7.997s][info][gc,heap       ] GC(277) Humongous regions: 289->289
[7.997s][info][gc,metaspace  ] GC(277) Metaspace: 7869K(8576K)->7869K(8576K) NonClass: 7187K(7680K)->7187K(7680K) Class: 681K(896K)->681K(896K)
[7.997s][info][gc            ] GC(277) Pause Young (Normal) (G1 Evacuation Pause) 3547M->3032M(4096M) 33.974ms
[7.997s][info][gc,cpu        ] GC(277) User=0.41s Sys=0.00s Real=0.03s
[8.127s][info][gc,start      ] GC(278) Pause Young (Normal) (G1 Evacuation Pause)
[8.127s][info][gc,task       ] GC(278) Using 13 workers of 13 for evacuation
[8.152s][info][gc,phases     ] GC(278)   Pre Evacuate Collection Set: 0.2ms
[8.152s][info][gc,phases     ] GC(278)   Evacuate Collection Set: 24.7ms
[8.152s][info][gc,phases     ] GC(278)   Post Evacuate Collection Set: 0.5ms
[8.152s][info][gc,phases     ] GC(278)   Other: 0.4ms
[8.152s][info][gc,heap       ] GC(278) Eden regions: 507->0(442)
[8.152s][info][gc,heap       ] GC(278) Survivor regions: 72->57(73)
[8.152s][info][gc,heap       ] GC(278) Old regions: 2672->2741
[8.152s][info][gc,heap       ] GC(278) Humongous regions: 308->308
[8.152s][info][gc,metaspace  ] GC(278) Metaspace: 7870K(8576K)->7870K(8576K) NonClass: 7188K(7680K)->7188K(7680K) Class: 681K(896K)->681K(896K)
[8.152s][info][gc            ] GC(278) Pause Young (Normal) (G1 Evacuation Pause) 3558M->3106M(4096M) 25.828ms
[8.152s][info][gc,cpu        ] GC(278) User=0.41s Sys=0.00s Real=0.03s
[8.170s][info][gc,marking    ] GC(275) Concurrent Rebuild Remembered Sets 246.387ms
[8.171s][info][gc,start      ] GC(275) Pause Cleanup
[8.172s][info][gc            ] GC(275) Pause Cleanup 3134M->3134M(4096M) 0.995ms
[8.172s][info][gc,cpu        ] GC(275) User=0.00s Sys=0.00s Real=0.00s
[8.172s][info][gc,marking    ] GC(275) Concurrent Cleanup for Next Mark
[8.174s][info][gc,marking    ] GC(275) Concurrent Cleanup for Next Mark 2.070ms
[8.174s][info][gc            ] GC(275) Concurrent Cycle 564.330ms
[8.180s][info][gc,start      ] GC(279) Pause Young (Concurrent Start) (G1 Humongous Allocation)
[8.180s][info][gc,task       ] GC(279) Using 13 workers of 13 for evacuation
[8.193s][info][gc,phases     ] GC(279)   Pre Evacuate Collection Set: 0.1ms
[8.193s][info][gc,phases     ] GC(279)   Evacuate Collection Set: 12.0ms
[8.193s][info][gc,phases     ] GC(279)   Post Evacuate Collection Set: 0.3ms
[8.193s][info][gc,phases     ] GC(279)   Other: 0.2ms
[8.193s][info][gc,heap       ] GC(279) Eden regions: 65->0(451)
[8.193s][info][gc,heap       ] GC(279) Survivor regions: 57->10(63)
[8.193s][info][gc,heap       ] GC(279) Old regions: 2741->2797
[8.193s][info][gc,heap       ] GC(279) Humongous regions: 308->308
[8.193s][info][gc,metaspace  ] GC(279) Metaspace: 7870K(8576K)->7870K(8576K) NonClass: 7188K(7680K)->7188K(7680K) Class: 681K(896K)->681K(896K)
[8.193s][info][gc            ] GC(279) Pause Young (Concurrent Start) (G1 Humongous Allocation) 3170M->3114M(4096M) 12.670ms
[8.193s][info][gc,cpu        ] GC(279) User=0.20s Sys=0.00s Real=0.01s
[8.193s][info][gc            ] GC(280) Concurrent Cycle
[8.193s][info][gc,marking    ] GC(280) Concurrent Clear Claimed Marks
[8.193s][info][gc,marking    ] GC(280) Concurrent Clear Claimed Marks 0.020ms
[8.193s][info][gc,marking    ] GC(280) Concurrent Scan Root Regions
[8.199s][info][gc,marking    ] GC(280) Concurrent Scan Root Regions 5.770ms
[8.199s][info][gc,marking    ] GC(280) Concurrent Mark (8.199s)
[8.199s][info][gc,marking    ] GC(280) Concurrent Mark From Roots
[8.199s][info][gc,task       ] GC(280) Using 3 workers of 3 for marking
[8.297s][info][gc,start      ] GC(281) Pause Young (Normal) (G1 Evacuation Pause)
[8.298s][info][gc,task       ] GC(281) Using 13 workers of 13 for evacuation
[8.312s][info][gc,phases     ] GC(281)   Pre Evacuate Collection Set: 0.1ms
[8.312s][info][gc,phases     ] GC(281)   Evacuate Collection Set: 12.5ms
[8.312s][info][gc,phases     ] GC(281)   Post Evacuate Collection Set: 0.4ms
[8.312s][info][gc,phases     ] GC(281)   Other: 1.5ms
[8.312s][info][gc,heap       ] GC(281) Eden regions: 451->0(429)
[8.312s][info][gc,heap       ] GC(281) Survivor regions: 10->38(58)
[8.312s][info][gc,heap       ] GC(281) Old regions: 2797->2797
[8.312s][info][gc,heap       ] GC(281) Humongous regions: 315->315
[8.312s][info][gc,metaspace  ] GC(281) Metaspace: 7870K(8576K)->7870K(8576K) NonClass: 7188K(7680K)->7188K(7680K) Class: 681K(896K)->681K(896K)
[8.312s][info][gc            ] GC(281) Pause Young (Normal) (G1 Evacuation Pause) 3572M->3149M(4096M) 14.769ms
[8.312s][info][gc,cpu        ] GC(281) User=0.20s Sys=0.00s Real=0.02s
[8.414s][info][gc,start      ] GC(282) Pause Young (Normal) (G1 Evacuation Pause)
[8.414s][info][gc,task       ] GC(282) Using 13 workers of 13 for evacuation
[8.435s][info][gc,phases     ] GC(282)   Pre Evacuate Collection Set: 0.2ms
[8.435s][info][gc,phases     ] GC(282)   Evacuate Collection Set: 19.4ms
[8.435s][info][gc,phases     ] GC(282)   Post Evacuate Collection Set: 0.5ms
[8.435s][info][gc,phases     ] GC(282)   Other: 0.4ms
[8.435s][info][gc,heap       ] GC(282) Eden regions: 429->0(373)
[8.435s][info][gc,heap       ] GC(282) Survivor regions: 38->59(59)
[8.435s][info][gc,heap       ] GC(282) Old regions: 2797->2818
[8.435s][info][gc,heap       ] GC(282) Humongous regions: 337->337
[8.435s][info][gc,metaspace  ] GC(282) Metaspace: 7871K(8576K)->7871K(8576K) NonClass: 7189K(7680K)->7189K(7680K) Class: 681K(896K)->681K(896K)
[8.435s][info][gc            ] GC(282) Pause Young (Normal) (G1 Evacuation Pause) 3600M->3213M(4096M) 20.524ms
[8.435s][info][gc,cpu        ] GC(282) User=0.19s Sys=0.00s Real=0.02s
[8.521s][info][gc,start      ] GC(283) Pause Young (Normal) (G1 Evacuation Pause)
[8.521s][info][gc,task       ] GC(283) Using 13 workers of 13 for evacuation
[8.543s][info][gc,phases     ] GC(283)   Pre Evacuate Collection Set: 0.3ms
[8.543s][info][gc,phases     ] GC(283)   Evacuate Collection Set: 21.2ms
[8.543s][info][gc,phases     ] GC(283)   Post Evacuate Collection Set: 0.4ms
[8.543s][info][gc,phases     ] GC(283)   Other: 0.4ms
[8.543s][info][gc,heap       ] GC(283) Eden regions: 373->0(327)
[8.543s][info][gc,heap       ] GC(283) Survivor regions: 59->39(54)
[8.543s][info][gc,heap       ] GC(283) Old regions: 2818->2878
[8.543s][info][gc,heap       ] GC(283) Humongous regions: 352->352
[8.543s][info][gc,metaspace  ] GC(283) Metaspace: 7871K(8576K)->7871K(8576K) NonClass: 7189K(7680K)->7189K(7680K) Class: 681K(896K)->681K(896K)
[8.543s][info][gc            ] GC(283) Pause Young (Normal) (G1 Evacuation Pause) 3601M->3268M(4096M) 22.361ms
[8.543s][info][gc,cpu        ] GC(283) User=0.20s Sys=0.00s Real=0.02s
[8.585s][info][gc,marking    ] GC(280) Concurrent Mark From Roots 386.312ms
[8.585s][info][gc,marking    ] GC(280) Concurrent Preclean
[8.585s][info][gc,marking    ] GC(280) Concurrent Preclean 0.091ms
[8.585s][info][gc,marking    ] GC(280) Concurrent Mark (8.199s, 8.585s) 386.503ms
[8.585s][info][gc,start      ] GC(280) Pause Remark
[8.586s][info][gc,stringtable] GC(280) Cleaned string and symbol table, strings: 3297 processed, 0 removed, symbols: 28713 processed, 0 removed
[8.586s][info][gc            ] GC(280) Pause Remark 3466M->3386M(4096M) 0.781ms
[8.586s][info][gc,cpu        ] GC(280) User=0.00s Sys=0.00s Real=0.00s
[8.586s][info][gc,marking    ] GC(280) Concurrent Rebuild Remembered Sets
[8.615s][info][gc,start      ] GC(284) Pause Young (Normal) (G1 Evacuation Pause)
[8.615s][info][gc,task       ] GC(284) Using 13 workers of 13 for evacuation
[8.630s][info][gc,phases     ] GC(284)   Pre Evacuate Collection Set: 0.2ms
[8.630s][info][gc,phases     ] GC(284)   Evacuate Collection Set: 14.1ms
[8.630s][info][gc,phases     ] GC(284)   Post Evacuate Collection Set: 0.4ms
[8.630s][info][gc,phases     ] GC(284)   Other: 0.3ms
[8.630s][info][gc,heap       ] GC(284) Eden regions: 327->0(379)
[8.630s][info][gc,heap       ] GC(284) Survivor regions: 39->22(46)
[8.630s][info][gc,heap       ] GC(284) Old regions: 2875->2913
[8.630s][info][gc,heap       ] GC(284) Humongous regions: 276->276
[8.630s][info][gc,metaspace  ] GC(284) Metaspace: 7871K(8576K)->7871K(8576K) NonClass: 7189K(7680K)->7189K(7680K) Class: 681K(896K)->681K(896K)
[8.630s][info][gc            ] GC(284) Pause Young (Normal) (G1 Evacuation Pause) 3516M->3211M(4096M) 15.055ms
[8.630s][info][gc,cpu        ] GC(284) User=0.20s Sys=0.00s Real=0.01s
[8.717s][info][gc,start      ] GC(285) Pause Young (Normal) (G1 Evacuation Pause)
[8.717s][info][gc,task       ] GC(285) Using 13 workers of 13 for evacuation
[8.730s][info][gc,phases     ] GC(285)   Pre Evacuate Collection Set: 0.1ms
[8.730s][info][gc,phases     ] GC(285)   Evacuate Collection Set: 12.0ms
[8.730s][info][gc,phases     ] GC(285)   Post Evacuate Collection Set: 0.4ms
[8.730s][info][gc,phases     ] GC(285)   Other: 0.4ms
[8.730s][info][gc,heap       ] GC(285) Eden regions: 379->0(372)
[8.730s][info][gc,heap       ] GC(285) Survivor regions: 22->39(51)
[8.730s][info][gc,heap       ] GC(285) Old regions: 2913->2913
[8.730s][info][gc,heap       ] GC(285) Humongous regions: 280->280
[8.730s][info][gc,metaspace  ] GC(285) Metaspace: 7871K(8576K)->7871K(8576K) NonClass: 7189K(7680K)->7189K(7680K) Class: 681K(896K)->681K(896K)
[8.730s][info][gc            ] GC(285) Pause Young (Normal) (G1 Evacuation Pause) 3594M->3231M(4096M) 13.034ms
[8.730s][info][gc,cpu        ] GC(285) User=0.20s Sys=0.00s Real=0.01s
[8.804s][info][gc,start      ] GC(286) Pause Young (Normal) (G1 Evacuation Pause)
[8.804s][info][gc,task       ] GC(286) Using 13 workers of 13 for evacuation
[8.818s][info][gc,phases     ] GC(286)   Pre Evacuate Collection Set: 0.2ms
[8.819s][info][gc,phases     ] GC(286)   Evacuate Collection Set: 13.9ms
[8.819s][info][gc,phases     ] GC(286)   Post Evacuate Collection Set: 0.4ms
[8.819s][info][gc,phases     ] GC(286)   Other: 0.4ms
[8.819s][info][gc,heap       ] GC(286) Eden regions: 372->0(359)
[8.819s][info][gc,heap       ] GC(286) Survivor regions: 39->41(52)
[8.819s][info][gc,heap       ] GC(286) Old regions: 2913->2932
[8.819s][info][gc,heap       ] GC(286) Humongous regions: 282->282
[8.819s][info][gc,metaspace  ] GC(286) Metaspace: 7871K(8576K)->7871K(8576K) NonClass: 7189K(7680K)->7189K(7680K) Class: 681K(896K)->681K(896K)
[8.819s][info][gc            ] GC(286) Pause Young (Normal) (G1 Evacuation Pause) 3605M->3254M(4096M) 15.030ms
[8.819s][info][gc,cpu        ] GC(286) User=0.19s Sys=0.02s Real=0.02s
[8.890s][info][gc,marking    ] GC(280) Concurrent Rebuild Remembered Sets 303.644ms
[8.890s][info][gc,start      ] GC(280) Pause Cleanup
[8.891s][info][gc            ] GC(280) Pause Cleanup 3576M->3576M(4096M) 1.335ms
[8.891s][info][gc,cpu        ] GC(280) User=0.00s Sys=0.00s Real=0.00s
[8.891s][info][gc,marking    ] GC(280) Concurrent Cleanup for Next Mark
[8.894s][info][gc,marking    ] GC(280) Concurrent Cleanup for Next Mark 2.161ms
[8.894s][info][gc            ] GC(280) Concurrent Cycle 700.974ms
[8.901s][info][gc,start      ] GC(287) Pause Young (Prepare Mixed) (G1 Evacuation Pause)
[8.901s][info][gc,task       ] GC(287) Using 13 workers of 13 for evacuation
[8.916s][info][gc,phases     ] GC(287)   Pre Evacuate Collection Set: 0.1ms
[8.916s][info][gc,phases     ] GC(287)   Evacuate Collection Set: 13.8ms
[8.916s][info][gc,phases     ] GC(287)   Post Evacuate Collection Set: 0.3ms
[8.916s][info][gc,phases     ] GC(287)   Other: 0.2ms
[8.916s][info][gc,heap       ] GC(287) Eden regions: 359->0(166)
[8.916s][info][gc,heap       ] GC(287) Survivor regions: 41->38(50)
[8.916s][info][gc,heap       ] GC(287) Old regions: 2932->2952
[8.916s][info][gc,heap       ] GC(287) Humongous regions: 291->291
[8.916s][info][gc,metaspace  ] GC(287) Metaspace: 7871K(8576K)->7871K(8576K) NonClass: 7189K(7680K)->7189K(7680K) Class: 681K(896K)->681K(896K)
[8.916s][info][gc            ] GC(287) Pause Young (Prepare Mixed) (G1 Evacuation Pause) 3622M->3279M(4096M) 14.576ms
[8.916s][info][gc,cpu        ] GC(287) User=0.20s Sys=0.00s Real=0.01s
[8.946s][info][gc,start      ] GC(288) Pause Young (Mixed) (G1 Evacuation Pause)
[8.946s][info][gc,task       ] GC(288) Using 13 workers of 13 for evacuation
[9.008s][info][gc,phases     ] GC(288)   Pre Evacuate Collection Set: 2.3ms
[9.008s][info][gc,phases     ] GC(288)   Evacuate Collection Set: 58.6ms
[9.008s][info][gc,phases     ] GC(288)   Post Evacuate Collection Set: 0.8ms
[9.008s][info][gc,phases     ] GC(288)   Other: 0.2ms
[9.008s][info][gc,heap       ] GC(288) Eden regions: 166->0(187)
[9.008s][info][gc,heap       ] GC(288) Survivor regions: 38->17(26)
[9.008s][info][gc,heap       ] GC(288) Old regions: 2952->2847
[9.008s][info][gc,heap       ] GC(288) Humongous regions: 298->298
[9.008s][info][gc,metaspace  ] GC(288) Metaspace: 7871K(8576K)->7871K(8576K) NonClass: 7189K(7680K)->7189K(7680K) Class: 681K(896K)->681K(896K)
[9.008s][info][gc            ] GC(288) Pause Young (Mixed) (G1 Evacuation Pause) 3452M->3161M(4096M) 62.038ms
[9.008s][info][gc,cpu        ] GC(288) User=0.81s Sys=0.00s Real=0.06s
[9.051s][info][gc,start      ] GC(289) Pause Young (Mixed) (G1 Evacuation Pause)
[9.051s][info][gc,task       ] GC(289) Using 13 workers of 13 for evacuation
[9.070s][info][gc,phases     ] GC(289)   Pre Evacuate Collection Set: 0.3ms
[9.070s][info][gc,phases     ] GC(289)   Evacuate Collection Set: 18.1ms
[9.070s][info][gc,phases     ] GC(289)   Post Evacuate Collection Set: 0.4ms
[9.070s][info][gc,phases     ] GC(289)   Other: 0.8ms
[9.070s][info][gc,heap       ] GC(289) Eden regions: 187->0(425)
[9.070s][info][gc,heap       ] GC(289) Survivor regions: 17->16(26)
[9.070s][info][gc,heap       ] GC(289) Old regions: 2847->2856
[9.070s][info][gc,heap       ] GC(289) Humongous regions: 305->305
[9.070s][info][gc,metaspace  ] GC(289) Metaspace: 7871K(8576K)->7871K(8576K) NonClass: 7189K(7680K)->7189K(7680K) Class: 681K(896K)->681K(896K)
[9.070s][info][gc            ] GC(289) Pause Young (Mixed) (G1 Evacuation Pause) 3355M->3177M(4096M) 19.690ms
[9.070s][info][gc,cpu        ] GC(289) User=0.20s Sys=0.00s Real=0.02s
[9.107s][info][gc,start      ] GC(290) Pause Young (Concurrent Start) (G1 Humongous Allocation)
[9.107s][info][gc,task       ] GC(290) Using 13 workers of 13 for evacuation
[9.119s][info][gc,phases     ] GC(290)   Pre Evacuate Collection Set: 0.2ms
[9.119s][info][gc,phases     ] GC(290)   Evacuate Collection Set: 11.3ms
[9.119s][info][gc,phases     ] GC(290)   Post Evacuate Collection Set: 0.4ms
[9.119s][info][gc,phases     ] GC(290)   Other: 0.3ms
[9.119s][info][gc,heap       ] GC(290) Eden regions: 213->0(393)
[9.119s][info][gc,heap       ] GC(290) Survivor regions: 16->35(56)
[9.119s][info][gc,heap       ] GC(290) Old regions: 2856->2856
[9.119s][info][gc,heap       ] GC(290) Humongous regions: 305->305
[9.119s][info][gc,metaspace  ] GC(290) Metaspace: 7871K(8576K)->7871K(8576K) NonClass: 7189K(7680K)->7189K(7680K) Class: 681K(896K)->681K(896K)
[9.119s][info][gc            ] GC(290) Pause Young (Concurrent Start) (G1 Humongous Allocation) 3389M->3195M(4096M) 12.281ms
[9.119s][info][gc,cpu        ] GC(290) User=0.19s Sys=0.02s Real=0.01s
[9.119s][info][gc            ] GC(291) Concurrent Cycle
[9.119s][info][gc,marking    ] GC(291) Concurrent Clear Claimed Marks
[9.119s][info][gc,marking    ] GC(291) Concurrent Clear Claimed Marks 0.019ms
[9.119s][info][gc,marking    ] GC(291) Concurrent Scan Root Regions
[9.137s][info][gc,marking    ] GC(291) Concurrent Scan Root Regions 18.240ms
[9.137s][info][gc,marking    ] GC(291) Concurrent Mark (9.137s)
[9.138s][info][gc,marking    ] GC(291) Concurrent Mark From Roots
[9.138s][info][gc,task       ] GC(291) Using 3 workers of 3 for marking
[9.207s][info][gc,start      ] GC(292) Pause Young (Normal) (G1 Evacuation Pause)
[9.207s][info][gc,task       ] GC(292) Using 13 workers of 13 for evacuation
[9.224s][info][gc,phases     ] GC(292)   Pre Evacuate Collection Set: 0.4ms
[9.224s][info][gc,phases     ] GC(292)   Evacuate Collection Set: 16.0ms
[9.224s][info][gc,phases     ] GC(292)   Post Evacuate Collection Set: 0.4ms
[9.224s][info][gc,phases     ] GC(292)   Other: 0.6ms
[9.224s][info][gc,heap       ] GC(292) Eden regions: 393->0(370)
[9.224s][info][gc,heap       ] GC(292) Survivor regions: 35->46(54)
[9.224s][info][gc,heap       ] GC(292) Old regions: 2856->2871
[9.224s][info][gc,heap       ] GC(292) Humongous regions: 316->316
[9.224s][info][gc,metaspace  ] GC(292) Metaspace: 7871K(8576K)->7871K(8576K) NonClass: 7189K(7680K)->7189K(7680K) Class: 681K(896K)->681K(896K)
[9.224s][info][gc            ] GC(292) Pause Young (Normal) (G1 Evacuation Pause) 3599M->3232M(4096M) 17.478ms
[9.224s][info][gc,cpu        ] GC(292) User=0.19s Sys=0.00s Real=0.02s
[9.300s][info][gc,start      ] GC(293) Pause Young (Normal) (G1 Evacuation Pause)
[9.300s][info][gc,task       ] GC(293) Using 13 workers of 13 for evacuation
[9.317s][info][gc,phases     ] GC(293)   Pre Evacuate Collection Set: 0.2ms
[9.318s][info][gc,phases     ] GC(293)   Evacuate Collection Set: 17.0ms
[9.318s][info][gc,phases     ] GC(293)   Post Evacuate Collection Set: 0.5ms
[9.318s][info][gc,phases     ] GC(293)   Other: 0.2ms
[9.318s][info][gc,heap       ] GC(293) Eden regions: 370->0(357)
[9.318s][info][gc,heap       ] GC(293) Survivor regions: 46->47(52)
[9.318s][info][gc,heap       ] GC(293) Old regions: 2871->2891
[9.318s][info][gc,heap       ] GC(293) Humongous regions: 319->319
[9.318s][info][gc,metaspace  ] GC(293) Metaspace: 7871K(8576K)->7871K(8576K) NonClass: 7189K(7680K)->7189K(7680K) Class: 681K(896K)->681K(896K)
[9.318s][info][gc            ] GC(293) Pause Young (Normal) (G1 Evacuation Pause) 3605M->3256M(4096M) 18.016ms
[9.318s][info][gc,cpu        ] GC(293) User=0.22s Sys=0.00s Real=0.02s
[9.386s][info][gc,start      ] GC(294) Pause Young (Normal) (G1 Evacuation Pause)
[9.386s][info][gc,task       ] GC(294) Using 13 workers of 13 for evacuation
[9.403s][info][gc,phases     ] GC(294)   Pre Evacuate Collection Set: 0.2ms
[9.403s][info][gc,phases     ] GC(294)   Evacuate Collection Set: 15.7ms
[9.403s][info][gc,phases     ] GC(294)   Post Evacuate Collection Set: 0.3ms
[9.403s][info][gc,phases     ] GC(294)   Other: 0.3ms
[9.403s][info][gc,heap       ] GC(294) Eden regions: 357->0(350)
[9.403s][info][gc,heap       ] GC(294) Survivor regions: 47->37(51)
[9.403s][info][gc,heap       ] GC(294) Old regions: 2891->2917
[9.403s][info][gc,heap       ] GC(294) Humongous regions: 320->320
[9.403s][info][gc,metaspace  ] GC(294) Metaspace: 7871K(8576K)->7871K(8576K) NonClass: 7189K(7680K)->7189K(7680K) Class: 681K(896K)->681K(896K)
[9.403s][info][gc            ] GC(294) Pause Young (Normal) (G1 Evacuation Pause) 3614M->3273M(4096M) 16.570ms
[9.403s][info][gc,cpu        ] GC(294) User=0.20s Sys=0.00s Real=0.02s
[9.468s][info][gc,start      ] GC(295) Pause Young (Normal) (G1 Evacuation Pause)
[9.468s][info][gc,task       ] GC(295) Using 13 workers of 13 for evacuation
[9.485s][info][gc,phases     ] GC(295)   Pre Evacuate Collection Set: 0.2ms
[9.485s][info][gc,phases     ] GC(295)   Evacuate Collection Set: 16.2ms
[9.485s][info][gc,phases     ] GC(295)   Post Evacuate Collection Set: 0.4ms
[9.485s][info][gc,phases     ] GC(295)   Other: 0.2ms
[9.485s][info][gc,heap       ] GC(295) Eden regions: 350->0(314)
[9.485s][info][gc,heap       ] GC(295) Survivor regions: 37->45(49)
[9.485s][info][gc,heap       ] GC(295) Old regions: 2917->2937
[9.485s][info][gc,heap       ] GC(295) Humongous regions: 330->330
[9.485s][info][gc,metaspace  ] GC(295) Metaspace: 7871K(8576K)->7871K(8576K) NonClass: 7189K(7680K)->7189K(7680K) Class: 681K(896K)->681K(896K)
[9.485s][info][gc            ] GC(295) Pause Young (Normal) (G1 Evacuation Pause) 3633M->3311M(4096M) 17.134ms
[9.485s][info][gc,cpu        ] GC(295) User=0.20s Sys=0.00s Real=0.02s
[9.548s][info][gc,start      ] GC(296) Pause Young (Normal) (G1 Evacuation Pause)
[9.548s][info][gc,task       ] GC(296) Using 13 workers of 13 for evacuation
[9.566s][info][gc,phases     ] GC(296)   Pre Evacuate Collection Set: 0.2ms
[9.566s][info][gc,phases     ] GC(296)   Evacuate Collection Set: 17.0ms
[9.566s][info][gc,phases     ] GC(296)   Post Evacuate Collection Set: 0.3ms
[9.566s][info][gc,phases     ] GC(296)   Other: 0.3ms
[9.566s][info][gc,heap       ] GC(296) Eden regions: 314->0(303)
[9.566s][info][gc,heap       ] GC(296) Survivor regions: 45->21(45)
[9.566s][info][gc,heap       ] GC(296) Old regions: 2937->2980
[9.566s][info][gc,heap       ] GC(296) Humongous regions: 330->330
[9.566s][info][gc,metaspace  ] GC(296) Metaspace: 7871K(8576K)->7871K(8576K) NonClass: 7189K(7680K)->7189K(7680K) Class: 681K(896K)->681K(896K)
[9.566s][info][gc            ] GC(296) Pause Young (Normal) (G1 Evacuation Pause) 3625M->3329M(4096M) 18.002ms
[9.566s][info][gc,cpu        ] GC(296) User=0.41s Sys=0.00s Real=0.02s
[9.583s][info][gc,marking    ] GC(291) Concurrent Mark From Roots 445.927ms
[9.584s][info][gc,marking    ] GC(291) Concurrent Preclean
[9.584s][info][gc,marking    ] GC(291) Concurrent Preclean 0.085ms
[9.584s][info][gc,marking    ] GC(291) Concurrent Mark (9.137s, 9.584s) 446.147ms
[9.584s][info][gc,start      ] GC(291) Pause Remark
[9.584s][info][gc,stringtable] GC(291) Cleaned string and symbol table, strings: 3297 processed, 0 removed, symbols: 28713 processed, 0 removed
[9.585s][info][gc            ] GC(291) Pause Remark 3435M->3371M(4096M) 0.876ms
[9.585s][info][gc,cpu        ] GC(291) User=0.00s Sys=0.00s Real=0.00s
[9.585s][info][gc,marking    ] GC(291) Concurrent Rebuild Remembered Sets
[9.625s][info][gc,start      ] GC(297) Pause Young (Normal) (G1 Evacuation Pause)
[9.625s][info][gc,task       ] GC(297) Using 13 workers of 13 for evacuation
[9.642s][info][gc,phases     ] GC(297)   Pre Evacuate Collection Set: 0.1ms
[9.642s][info][gc,phases     ] GC(297)   Evacuate Collection Set: 15.8ms
[9.642s][info][gc,phases     ] GC(297)   Post Evacuate Collection Set: 0.3ms
[9.642s][info][gc,phases     ] GC(297)   Other: 0.3ms
[9.642s][info][gc,heap       ] GC(297) Eden regions: 303->0(328)
[9.642s][info][gc,heap       ] GC(297) Survivor regions: 21->39(41)
[9.642s][info][gc,heap       ] GC(297) Old regions: 2980->2980
[9.642s][info][gc,heap       ] GC(297) Humongous regions: 278->278
[9.642s][info][gc,metaspace  ] GC(297) Metaspace: 7871K(8576K)->7871K(8576K) NonClass: 7189K(7680K)->7189K(7680K) Class: 681K(896K)->681K(896K)
[9.642s][info][gc            ] GC(297) Pause Young (Normal) (G1 Evacuation Pause) 3580M->3296M(4096M) 16.656ms
[9.642s][info][gc,cpu        ] GC(297) User=0.20s Sys=0.00s Real=0.02s
[9.711s][info][gc,start      ] GC(298) Pause Young (Normal) (G1 Evacuation Pause)
[9.712s][info][gc,task       ] GC(298) Using 13 workers of 13 for evacuation
[9.731s][info][gc,phases     ] GC(298)   Pre Evacuate Collection Set: 0.1ms
[9.731s][info][gc,phases     ] GC(298)   Evacuate Collection Set: 18.2ms
[9.731s][info][gc,phases     ] GC(298)   Post Evacuate Collection Set: 0.4ms
[9.731s][info][gc,phases     ] GC(298)   Other: 0.4ms
[9.731s][info][gc,heap       ] GC(298) Eden regions: 328->0(317)
[9.731s][info][gc,heap       ] GC(298) Survivor regions: 39->40(46)
[9.731s][info][gc,heap       ] GC(298) Old regions: 2980->2995
[9.731s][info][gc,heap       ] GC(298) Humongous regions: 280->280
[9.731s][info][gc,metaspace  ] GC(298) Metaspace: 7871K(8576K)->7871K(8576K) NonClass: 7189K(7680K)->7189K(7680K) Class: 681K(896K)->681K(896K)
[9.731s][info][gc            ] GC(298) Pause Young (Normal) (G1 Evacuation Pause) 3626M->3314M(4096M) 19.274ms
[9.731s][info][gc,cpu        ] GC(298) User=0.20s Sys=0.00s Real=0.02s
[9.799s][info][gc,start      ] GC(299) Pause Young (Normal) (G1 Evacuation Pause)
[9.799s][info][gc,task       ] GC(299) Using 13 workers of 13 for evacuation
[9.821s][info][gc,phases     ] GC(299)   Pre Evacuate Collection Set: 0.1ms
[9.821s][info][gc,phases     ] GC(299)   Evacuate Collection Set: 20.7ms
[9.821s][info][gc,phases     ] GC(299)   Post Evacuate Collection Set: 0.3ms
[9.821s][info][gc,phases     ] GC(299)   Other: 0.3ms
[9.821s][info][gc,heap       ] GC(299) Eden regions: 317->0(273)
[9.821s][info][gc,heap       ] GC(299) Survivor regions: 40->45(45)
[9.821s][info][gc,heap       ] GC(299) Old regions: 2995->3019
[9.821s][info][gc,heap       ] GC(299) Humongous regions: 292->292
[9.821s][info][gc,metaspace  ] GC(299) Metaspace: 7871K(8576K)->7871K(8576K) NonClass: 7189K(7680K)->7189K(7680K) Class: 681K(896K)->681K(896K)
[9.821s][info][gc            ] GC(299) Pause Young (Normal) (G1 Evacuation Pause) 3643M->3355M(4096M) 21.616ms
[9.821s][info][gc,cpu        ] GC(299) User=0.22s Sys=0.00s Real=0.02s
[9.879s][info][gc,start      ] GC(300) Pause Young (Normal) (G1 Evacuation Pause)
[9.879s][info][gc,task       ] GC(300) Using 13 workers of 13 for evacuation
[9.900s][info][gc,phases     ] GC(300)   Pre Evacuate Collection Set: 0.2ms
[9.900s][info][gc,phases     ] GC(300)   Evacuate Collection Set: 20.4ms
[9.900s][info][gc,phases     ] GC(300)   Post Evacuate Collection Set: 0.4ms
[9.900s][info][gc,phases     ] GC(300)   Other: 0.3ms
[9.900s][info][gc,heap       ] GC(300) Eden regions: 273->0(238)
[9.900s][info][gc,heap       ] GC(300) Survivor regions: 45->26(40)
[9.900s][info][gc,heap       ] GC(300) Old regions: 3019->3065
[9.900s][info][gc,heap       ] GC(300) Humongous regions: 303->303
[9.900s][info][gc,metaspace  ] GC(300) Metaspace: 7871K(8576K)->7871K(8576K) NonClass: 7189K(7680K)->7189K(7680K) Class: 681K(896K)->681K(896K)
[9.900s][info][gc            ] GC(300) Pause Young (Normal) (G1 Evacuation Pause) 3639M->3393M(4096M) 21.350ms
[9.900s][info][gc,cpu        ] GC(300) User=0.19s Sys=0.02s Real=0.02s
[9.935s][info][gc,marking    ] GC(291) Concurrent Rebuild Remembered Sets 350.561ms
[9.936s][info][gc,start      ] GC(291) Pause Cleanup
[9.937s][info][gc            ] GC(291) Pause Cleanup 3569M->3569M(4096M) 1.107ms
[9.937s][info][gc,cpu        ] GC(291) User=0.00s Sys=0.00s Real=0.00s
[9.937s][info][gc,marking    ] GC(291) Concurrent Cleanup for Next Mark
[9.939s][info][gc,marking    ] GC(291) Concurrent Cleanup for Next Mark 2.140ms
[9.939s][info][gc            ] GC(291) Concurrent Cycle 819.878ms
[9.951s][info][gc,start      ] GC(301) Pause Young (Prepare Mixed) (G1 Evacuation Pause)
[9.951s][info][gc,task       ] GC(301) Using 13 workers of 13 for evacuation
[9.970s][info][gc,phases     ] GC(301)   Pre Evacuate Collection Set: 0.1ms
[9.970s][info][gc,phases     ] GC(301)   Evacuate Collection Set: 17.6ms
[9.970s][info][gc,phases     ] GC(301)   Post Evacuate Collection Set: 0.3ms
[9.970s][info][gc,phases     ] GC(301)   Other: 0.2ms
[9.970s][info][gc,heap       ] GC(301) Eden regions: 238->0(171)
[9.970s][info][gc,heap       ] GC(301) Survivor regions: 26->33(33)
[9.970s][info][gc,heap       ] GC(301) Old regions: 3065->3089
[9.970s][info][gc,heap       ] GC(301) Humongous regions: 316->316
[9.970s][info][gc,metaspace  ] GC(301) Metaspace: 7871K(8576K)->7871K(8576K) NonClass: 7189K(7680K)->7189K(7680K) Class: 681K(896K)->681K(896K)
[9.970s][info][gc            ] GC(301) Pause Young (Prepare Mixed) (G1 Evacuation Pause) 3644M->3438M(4096M) 18.430ms
[9.970s][info][gc,cpu        ] GC(301) User=0.20s Sys=0.00s Real=0.02s
[10.001s][info][gc,start      ] GC(302) Pause Young (Mixed) (G1 Evacuation Pause)
[10.001s][info][gc,task       ] GC(302) Using 13 workers of 13 for evacuation
[10.060s][info][gc,phases     ] GC(302)   Pre Evacuate Collection Set: 2.4ms
[10.060s][info][gc,phases     ] GC(302)   Evacuate Collection Set: 55.9ms
[10.060s][info][gc,phases     ] GC(302)   Post Evacuate Collection Set: 0.9ms
[10.060s][info][gc,phases     ] GC(302)   Other: 0.6ms
[10.060s][info][gc,heap       ] GC(302) Eden regions: 171->0(278)
[10.060s][info][gc,heap       ] GC(302) Survivor regions: 33->21(26)
[10.060s][info][gc,heap       ] GC(302) Old regions: 3089->2987
[10.060s][info][gc,heap       ] GC(302) Humongous regions: 323->323
[10.060s][info][gc,metaspace  ] GC(302) Metaspace: 7871K(8576K)->7871K(8576K) NonClass: 7189K(7680K)->7189K(7680K) Class: 681K(896K)->681K(896K)
[10.060s][info][gc            ] GC(302) Pause Young (Mixed) (G1 Evacuation Pause) 3616M->3329M(4096M) 59.983ms
[10.061s][info][gc,cpu        ] GC(302) User=0.64s Sys=0.00s Real=0.06s
[10.088s][info][gc,start      ] GC(303) Pause Young (Concurrent Start) (G1 Humongous Allocation)
[10.088s][info][gc,task       ] GC(303) Using 13 workers of 13 for evacuation
[10.105s][info][gc,phases     ] GC(303)   Pre Evacuate Collection Set: 0.1ms
[10.105s][info][gc,phases     ] GC(303)   Evacuate Collection Set: 16.7ms
[10.106s][info][gc,phases     ] GC(303)   Post Evacuate Collection Set: 0.6ms
[10.106s][info][gc,phases     ] GC(303)   Other: 0.3ms
[10.106s][info][gc,heap       ] GC(303) Eden regions: 147->0(273)
[10.106s][info][gc,heap       ] GC(303) Survivor regions: 21->33(38)
[10.106s][info][gc,heap       ] GC(303) Old regions: 2987->2987
[10.106s][info][gc,heap       ] GC(303) Humongous regions: 323->323
[10.106s][info][gc,metaspace  ] GC(303) Metaspace: 7871K(8576K)->7871K(8576K) NonClass: 7189K(7680K)->7189K(7680K) Class: 681K(896K)->681K(896K)
[10.106s][info][gc            ] GC(303) Pause Young (Concurrent Start) (G1 Humongous Allocation) 3476M->3342M(4096M) 17.821ms
[10.106s][info][gc,cpu        ] GC(303) User=0.20s Sys=0.00s Real=0.02s
[10.106s][info][gc            ] GC(304) Concurrent Cycle
[10.106s][info][gc,marking    ] GC(304) Concurrent Clear Claimed Marks
[10.106s][info][gc,marking    ] GC(304) Concurrent Clear Claimed Marks 0.016ms
[10.106s][info][gc,marking    ] GC(304) Concurrent Scan Root Regions
[10.131s][info][gc,marking    ] GC(304) Concurrent Scan Root Regions 25.703ms
[10.131s][info][gc,marking    ] GC(304) Concurrent Mark (10.131s)
[10.131s][info][gc,marking    ] GC(304) Concurrent Mark From Roots
[10.131s][info][gc,task       ] GC(304) Using 3 workers of 3 for marking
[10.162s][info][gc,start      ] GC(305) Pause Young (Normal) (G1 Evacuation Pause)
[10.162s][info][gc,task       ] GC(305) Using 13 workers of 13 for evacuation
[10.183s][info][gc,phases     ] GC(305)   Pre Evacuate Collection Set: 0.1ms
[10.183s][info][gc,phases     ] GC(305)   Evacuate Collection Set: 20.3ms
[10.183s][info][gc,phases     ] GC(305)   Post Evacuate Collection Set: 0.3ms
[10.183s][info][gc,phases     ] GC(305)   Other: 0.2ms
[10.183s][info][gc,heap       ] GC(305) Eden regions: 273->0(192)
[10.183s][info][gc,heap       ] GC(305) Survivor regions: 33->39(39)
[10.183s][info][gc,heap       ] GC(305) Old regions: 2987->3032
[10.183s][info][gc,heap       ] GC(305) Humongous regions: 346->346
[10.183s][info][gc,metaspace  ] GC(305) Metaspace: 7871K(8576K)->7871K(8576K) NonClass: 7189K(7680K)->7189K(7680K) Class: 681K(896K)->681K(896K)
[10.183s][info][gc            ] GC(305) Pause Young (Normal) (G1 Evacuation Pause) 3638M->3416M(4096M) 21.114ms
[10.183s][info][gc,cpu        ] GC(305) User=0.20s Sys=0.00s Real=0.02s
[10.235s][info][gc,start      ] GC(306) Pause Young (Normal) (G1 Evacuation Pause)
[10.235s][info][gc,task       ] GC(306) Using 13 workers of 13 for evacuation
[10.258s][info][gc,phases     ] GC(306)   Pre Evacuate Collection Set: 0.2ms
[10.258s][info][gc,phases     ] GC(306)   Evacuate Collection Set: 22.5ms
[10.258s][info][gc,phases     ] GC(306)   Post Evacuate Collection Set: 0.5ms
[10.258s][info][gc,phases     ] GC(306)   Other: 0.2ms
[10.258s][info][gc,heap       ] GC(306) Eden regions: 192->0(175)
[10.258s][info][gc,heap       ] GC(306) Survivor regions: 39->29(29)
[10.258s][info][gc,heap       ] GC(306) Old regions: 3032->3091
[10.258s][info][gc,heap       ] GC(306) Humongous regions: 362->362
[10.258s][info][gc,metaspace  ] GC(306) Metaspace: 7872K(8576K)->7872K(8576K) NonClass: 7190K(7680K)->7190K(7680K) Class: 681K(896K)->681K(896K)
[10.258s][info][gc            ] GC(306) Pause Young (Normal) (G1 Evacuation Pause) 3624M->3481M(4096M) 23.491ms
[10.258s][info][gc,cpu        ] GC(306) User=0.41s Sys=0.00s Real=0.02s
[10.304s][info][gc,start      ] GC(307) Pause Young (Normal) (G1 Evacuation Pause)
[10.304s][info][gc,task       ] GC(307) Using 13 workers of 13 for evacuation
[10.324s][info][gc,phases     ] GC(307)   Pre Evacuate Collection Set: 0.2ms
[10.324s][info][gc,phases     ] GC(307)   Evacuate Collection Set: 19.2ms
[10.324s][info][gc,phases     ] GC(307)   Post Evacuate Collection Set: 0.3ms
[10.324s][info][gc,phases     ] GC(307)   Other: 0.2ms
[10.324s][info][gc,heap       ] GC(307) Eden regions: 175->0(178)
[10.324s][info][gc,heap       ] GC(307) Survivor regions: 29->26(26)
[10.324s][info][gc,heap       ] GC(307) Old regions: 3091->3138
[10.324s][info][gc,heap       ] GC(307) Humongous regions: 378->378
[10.324s][info][gc,metaspace  ] GC(307) Metaspace: 7877K(8576K)->7877K(8576K) NonClass: 7195K(7680K)->7195K(7680K) Class: 681K(896K)->681K(896K)
[10.324s][info][gc            ] GC(307) Pause Young (Normal) (G1 Evacuation Pause) 3672M->3542M(4096M) 19.979ms
[10.324s][info][gc,cpu        ] GC(307) User=0.20s Sys=0.00s Real=0.02s
[10.373s][info][gc,start      ] GC(308) Pause Young (Normal) (G1 Evacuation Pause)
[10.373s][info][gc,task       ] GC(308) Using 13 workers of 13 for evacuation
[10.389s][info][gc,phases     ] GC(308)   Pre Evacuate Collection Set: 0.2ms
[10.389s][info][gc,phases     ] GC(308)   Evacuate Collection Set: 15.3ms
[10.389s][info][gc,phases     ] GC(308)   Post Evacuate Collection Set: 0.3ms
[10.389s][info][gc,phases     ] GC(308)   Other: 0.2ms
[10.389s][info][gc,heap       ] GC(308) Eden regions: 178->0(178)
[10.389s][info][gc,heap       ] GC(308) Survivor regions: 26->26(26)
[10.389s][info][gc,heap       ] GC(308) Old regions: 3138->3168
[10.389s][info][gc,heap       ] GC(308) Humongous regions: 395->395
[10.389s][info][gc,metaspace  ] GC(308) Metaspace: 7880K(8576K)->7880K(8576K) NonClass: 7198K(7680K)->7198K(7680K) Class: 681K(896K)->681K(896K)
[10.389s][info][gc            ] GC(308) Pause Young (Normal) (G1 Evacuation Pause) 3737M->3588M(4096M) 16.153ms
[10.389s][info][gc,cpu        ] GC(308) User=0.20s Sys=0.00s Real=0.02s
[10.441s][info][gc,start      ] GC(309) Pause Young (Normal) (G1 Evacuation Pause)
[10.441s][info][gc,task       ] GC(309) Using 13 workers of 13 for evacuation
[10.463s][info][gc,phases     ] GC(309)   Pre Evacuate Collection Set: 0.2ms
[10.463s][info][gc,phases     ] GC(309)   Evacuate Collection Set: 21.8ms
[10.463s][info][gc,phases     ] GC(309)   Post Evacuate Collection Set: 0.3ms
[10.463s][info][gc,phases     ] GC(309)   Other: 0.2ms
[10.463s][info][gc,heap       ] GC(309) Eden regions: 178->0(178)
[10.463s][info][gc,heap       ] GC(309) Survivor regions: 26->26(26)
[10.463s][info][gc,heap       ] GC(309) Old regions: 3168->3200
[10.463s][info][gc,heap       ] GC(309) Humongous regions: 401->401
[10.463s][info][gc,metaspace  ] GC(309) Metaspace: 7880K(8576K)->7880K(8576K) NonClass: 7198K(7680K)->7198K(7680K) Class: 681K(896K)->681K(896K)
[10.463s][info][gc            ] GC(309) Pause Young (Normal) (G1 Evacuation Pause) 3772M->3626M(4096M) 22.489ms
[10.463s][info][gc,cpu        ] GC(309) User=0.20s Sys=0.00s Real=0.02s
[10.527s][info][gc,start      ] GC(310) Pause Young (Normal) (G1 Evacuation Pause)
[10.527s][info][gc,task       ] GC(310) Using 13 workers of 13 for evacuation
[10.543s][info][gc,phases     ] GC(310)   Pre Evacuate Collection Set: 0.2ms
[10.543s][info][gc,phases     ] GC(310)   Evacuate Collection Set: 15.9ms
[10.543s][info][gc,phases     ] GC(310)   Post Evacuate Collection Set: 0.2ms
[10.543s][info][gc,phases     ] GC(310)   Other: 0.2ms
[10.543s][info][gc,heap       ] GC(310) Eden regions: 178->0(178)
[10.543s][info][gc,heap       ] GC(310) Survivor regions: 26->26(26)
[10.543s][info][gc,heap       ] GC(310) Old regions: 3200->3236
[10.543s][info][gc,heap       ] GC(310) Humongous regions: 418->418
[10.543s][info][gc,metaspace  ] GC(310) Metaspace: 7882K(8576K)->7882K(8576K) NonClass: 7200K(7680K)->7200K(7680K) Class: 681K(896K)->681K(896K)
[10.543s][info][gc            ] GC(310) Pause Young (Normal) (G1 Evacuation Pause) 3821M->3679M(4096M) 16.631ms
[10.543s][info][gc,cpu        ] GC(310) User=0.20s Sys=0.00s Real=0.02s
[10.613s][info][gc,start      ] GC(311) Pause Young (Normal) (G1 Evacuation Pause)
[10.613s][info][gc,task       ] GC(311) Using 13 workers of 13 for evacuation
[10.631s][info][gc,phases     ] GC(311)   Pre Evacuate Collection Set: 0.1ms
[10.631s][info][gc,phases     ] GC(311)   Evacuate Collection Set: 17.0ms
[10.631s][info][gc,phases     ] GC(311)   Post Evacuate Collection Set: 0.2ms
[10.631s][info][gc,phases     ] GC(311)   Other: 0.1ms
[10.631s][info][gc,heap       ] GC(311) Eden regions: 178->0(178)
[10.631s][info][gc,heap       ] GC(311) Survivor regions: 26->26(26)
[10.631s][info][gc,heap       ] GC(311) Old regions: 3236->3302
[10.631s][info][gc,heap       ] GC(311) Humongous regions: 448->448
[10.631s][info][gc,metaspace  ] GC(311) Metaspace: 7882K(8576K)->7882K(8576K) NonClass: 7200K(7680K)->7200K(7680K) Class: 681K(896K)->681K(896K)
[10.631s][info][gc            ] GC(311) Pause Young (Normal) (G1 Evacuation Pause) 3887M->3775M(4096M) 17.597ms
[10.631s][info][gc,cpu        ] GC(311) User=0.20s Sys=0.00s Real=0.02s
[10.672s][info][gc,marking    ] GC(304) Concurrent Mark From Roots 540.643ms
[10.672s][info][gc,marking    ] GC(304) Concurrent Preclean
[10.672s][info][gc,marking    ] GC(304) Concurrent Preclean 0.071ms
[10.672s][info][gc,marking    ] GC(304) Concurrent Mark (10.131s, 10.672s) 540.787ms
[10.672s][info][gc,start      ] GC(304) Pause Remark
[10.673s][info][gc,stringtable] GC(304) Cleaned string and symbol table, strings: 3299 processed, 0 removed, symbols: 28713 processed, 0 removed
[10.673s][info][gc            ] GC(304) Pause Remark 3913M->3846M(4096M) 0.692ms
[10.673s][info][gc,cpu        ] GC(304) User=0.00s Sys=0.00s Real=0.00s
[10.673s][info][gc,marking    ] GC(304) Concurrent Rebuild Remembered Sets
[10.694s][info][gc,start      ] GC(312) Pause Young (Normal) (G1 Evacuation Pause)
[10.694s][info][gc,task       ] GC(312) Using 13 workers of 13 for evacuation
[10.715s][info][gc,phases     ] GC(312)   Pre Evacuate Collection Set: 0.1ms
[10.715s][info][gc,phases     ] GC(312)   Evacuate Collection Set: 20.6ms
[10.715s][info][gc,phases     ] GC(312)   Post Evacuate Collection Set: 0.3ms
[10.716s][info][gc,phases     ] GC(312)   Other: 0.2ms
[10.716s][info][gc,heap       ] GC(312) Eden regions: 178->0(178)
[10.716s][info][gc,heap       ] GC(312) Survivor regions: 26->26(26)
[10.716s][info][gc,heap       ] GC(312) Old regions: 3302->3369
[10.716s][info][gc,heap       ] GC(312) Humongous regions: 401->401
[10.716s][info][gc,metaspace  ] GC(312) Metaspace: 7882K(8576K)->7882K(8576K) NonClass: 7200K(7680K)->7200K(7680K) Class: 681K(896K)->681K(896K)
[10.716s][info][gc            ] GC(312) Pause Young (Normal) (G1 Evacuation Pause) 3906M->3796M(4096M) 21.347ms
[10.716s][info][gc,cpu        ] GC(312) User=0.20s Sys=0.00s Real=0.02s
[10.816s][info][gc,start      ] GC(313) Pause Young (Normal) (G1 Evacuation Pause)
[10.817s][info][gc,task       ] GC(313) Using 13 workers of 13 for evacuation
[10.846s][info][gc,phases     ] GC(313)   Pre Evacuate Collection Set: 0.1ms
[10.846s][info][gc,phases     ] GC(313)   Evacuate Collection Set: 28.4ms
[10.846s][info][gc,phases     ] GC(313)   Post Evacuate Collection Set: 0.3ms
[10.846s][info][gc,phases     ] GC(313)   Other: 0.4ms
[10.846s][info][gc,heap       ] GC(313) Eden regions: 178->0(178)
[10.846s][info][gc,heap       ] GC(313) Survivor regions: 26->26(26)
[10.846s][info][gc,heap       ] GC(313) Old regions: 3369->3434
[10.846s][info][gc,heap       ] GC(313) Humongous regions: 426->426
[10.846s][info][gc,metaspace  ] GC(313) Metaspace: 7883K(8576K)->7883K(8576K) NonClass: 7201K(7680K)->7201K(7680K) Class: 681K(896K)->681K(896K)
[10.846s][info][gc            ] GC(313) Pause Young (Normal) (G1 Evacuation Pause) 3999M->3886M(4096M) 29.335ms
[10.846s][info][gc,cpu        ] GC(313) User=0.20s Sys=0.00s Real=0.03s
[11.011s][info][gc,start      ] GC(314) Pause Young (Normal) (G1 Humongous Allocation)
[11.011s][info][gc,task       ] GC(314) Using 13 workers of 13 for evacuation
[11.080s][info][gc            ] GC(314) To-space exhausted
[11.080s][info][gc,phases     ] GC(314)   Pre Evacuate Collection Set: 0.1ms
[11.080s][info][gc,phases     ] GC(314)   Evacuate Collection Set: 43.1ms
[11.080s][info][gc,phases     ] GC(314)   Post Evacuate Collection Set: 26.0ms
[11.080s][info][gc,phases     ] GC(314)   Other: 0.4ms
[11.080s][info][gc,heap       ] GC(314) Eden regions: 166->0(203)
[11.080s][info][gc,heap       ] GC(314) Survivor regions: 26->1(26)
[11.080s][info][gc,heap       ] GC(314) Old regions: 3434->3626
[11.080s][info][gc,heap       ] GC(314) Humongous regions: 469->469
[11.080s][info][gc,metaspace  ] GC(314) Metaspace: 7883K(8576K)->7883K(8576K) NonClass: 7201K(7680K)->7201K(7680K) Class: 681K(896K)->681K(896K)
[11.080s][info][gc            ] GC(314) Pause Young (Normal) (G1 Humongous Allocation) 4095M->4096M(4096M) 69.685ms
[11.081s][info][gc,cpu        ] GC(314) User=0.80s Sys=0.02s Real=0.07s
[11.081s][info][gc,task       ] GC(315) Using 13 workers of 13 for full compaction
[11.081s][info][gc,start      ] GC(315) Pause Full (G1 Humongous Allocation)
[11.083s][info][gc,phases,start] GC(315) Phase 1: Mark live objects
[11.166s][info][gc,stringtable ] GC(315) Cleaned string and symbol table, strings: 3299 processed, 21 removed, symbols: 28713 processed, 0 removed
[11.166s][info][gc,phases      ] GC(315) Phase 1: Mark live objects 82.965ms
[11.166s][info][gc,phases,start] GC(315) Phase 2: Prepare for compaction
[11.207s][info][gc,phases      ] GC(315) Phase 2: Prepare for compaction 40.745ms
[11.207s][info][gc,phases,start] GC(315) Phase 3: Adjust pointers
[11.277s][info][gc,phases      ] GC(315) Phase 3: Adjust pointers 69.874ms
[11.277s][info][gc,phases,start] GC(315) Phase 4: Compact heap
[11.401s][info][gc,phases      ] GC(315) Phase 4: Compact heap 124.559ms
[11.404s][info][gc,heap        ] GC(315) Eden regions: 0->0(628)
[11.404s][info][gc,heap        ] GC(315) Survivor regions: 1->0(26)
[11.404s][info][gc,heap        ] GC(315) Old regions: 3626->2620
[11.404s][info][gc,heap        ] GC(315) Humongous regions: 469->227
[11.404s][info][gc,metaspace   ] GC(315) Metaspace: 7883K(8576K)->7814K(8576K) NonClass: 7201K(7680K)->7151K(7680K) Class: 681K(896K)->662K(896K)
[11.404s][info][gc             ] GC(315) Pause Full (G1 Humongous Allocation) 4096M->2673M(4096M) 323.123ms
[11.404s][info][gc,cpu         ] GC(315) User=4.03s Sys=0.05s Real=0.32s
[11.404s][info][gc,marking     ] GC(304) Concurrent Rebuild Remembered Sets 731.047ms
[11.404s][info][gc,marking     ] GC(304) Concurrent Mark Abort
[11.404s][info][gc             ] GC(304) Concurrent Cycle 1298.612ms
[11.422s][info][gc,start       ] GC(316) Pause Young (Concurrent Start) (G1 Humongous Allocation)
[11.422s][info][gc,task        ] GC(316) Using 13 workers of 13 for evacuation
[11.425s][info][gc,phases      ] GC(316)   Pre Evacuate Collection Set: 0.0ms
[11.425s][info][gc,phases      ] GC(316)   Evacuate Collection Set: 3.4ms
[11.425s][info][gc,phases      ] GC(316)   Post Evacuate Collection Set: 0.2ms
[11.426s][info][gc,phases      ] GC(316)   Other: 0.2ms
[11.426s][info][gc,heap        ] GC(316) Eden regions: 8->0(649)
[11.426s][info][gc,heap        ] GC(316) Survivor regions: 0->8(79)
[11.426s][info][gc,heap        ] GC(316) Old regions: 2620->2620
[11.426s][info][gc,heap        ] GC(316) Humongous regions: 236->236
[11.426s][info][gc,metaspace   ] GC(316) Metaspace: 7814K(8576K)->7814K(8576K) NonClass: 7151K(7680K)->7151K(7680K) Class: 662K(896K)->662K(896K)
[11.426s][info][gc             ] GC(316) Pause Young (Concurrent Start) (G1 Humongous Allocation) 2689M->2689M(4096M) 3.824ms
[11.426s][info][gc,cpu         ] GC(316) User=0.20s Sys=0.00s Real=0.00s
[11.426s][info][gc             ] GC(317) Concurrent Cycle
[11.426s][info][gc,marking     ] GC(317) Concurrent Clear Claimed Marks
[11.426s][info][gc,marking     ] GC(317) Concurrent Clear Claimed Marks 0.011ms
[11.426s][info][gc,marking     ] GC(317) Concurrent Scan Root Regions
[11.431s][info][gc,marking     ] GC(317) Concurrent Scan Root Regions 5.272ms
[11.431s][info][gc,marking     ] GC(317) Concurrent Mark (11.431s)
[11.431s][info][gc,marking     ] GC(317) Concurrent Mark From Roots
[11.431s][info][gc,task        ] GC(317) Using 3 workers of 3 for marking
[11.753s][info][gc,marking     ] GC(317) Concurrent Mark From Roots 321.651ms
[11.753s][info][gc,marking     ] GC(317) Concurrent Preclean
[11.753s][info][gc,marking     ] GC(317) Concurrent Preclean 0.104ms
[11.753s][info][gc,marking     ] GC(317) Concurrent Mark (11.431s, 11.753s) 321.822ms
[11.753s][info][gc,start       ] GC(317) Pause Remark
[11.753s][info][gc,stringtable ] GC(317) Cleaned string and symbol table, strings: 3278 processed, 0 removed, symbols: 28713 processed, 12 removed
[11.754s][info][gc             ] GC(317) Pause Remark 2982M->2977M(4096M) 0.708ms
[11.754s][info][gc,cpu         ] GC(317) User=0.00s Sys=0.00s Real=0.00s
[11.754s][info][gc,marking     ] GC(317) Concurrent Rebuild Remembered Sets
[11.961s][info][gc,marking     ] GC(317) Concurrent Rebuild Remembered Sets 207.835ms
[11.962s][info][gc,start       ] GC(317) Pause Cleanup
[11.962s][info][gc             ] GC(317) Pause Cleanup 3096M->3096M(4096M) 0.716ms
[11.962s][info][gc,cpu         ] GC(317) User=0.00s Sys=0.00s Real=0.00s
[11.962s][info][gc,marking     ] GC(317) Concurrent Cleanup for Next Mark
[11.964s][info][gc,marking     ] GC(317) Concurrent Cleanup for Next Mark 1.606ms
[11.964s][info][gc             ] GC(317) Concurrent Cycle 538.401ms
[12.052s][info][gc,start       ] GC(318) Pause Young (Concurrent Start) (G1 Humongous Allocation)
[12.052s][info][gc,task        ] GC(318) Using 13 workers of 13 for evacuation
[12.113s][info][gc,phases      ] GC(318)   Pre Evacuate Collection Set: 0.2ms
[12.113s][info][gc,phases      ] GC(318)   Evacuate Collection Set: 60.5ms
[12.113s][info][gc,phases      ] GC(318)   Post Evacuate Collection Set: 0.3ms
[12.113s][info][gc,phases      ] GC(318)   Other: 0.4ms
[12.113s][info][gc,heap        ] GC(318) Eden regions: 344->0(169)
[12.113s][info][gc,heap        ] GC(318) Survivor regions: 8->83(83)
[12.113s][info][gc,heap        ] GC(318) Old regions: 2620->2887
[12.113s][info][gc,heap        ] GC(318) Humongous regions: 327->327
[12.113s][info][gc,metaspace   ] GC(318) Metaspace: 7814K(8576K)->7814K(8576K) NonClass: 7151K(7680K)->7151K(7680K) Class: 662K(896K)->662K(896K)
[12.113s][info][gc             ] GC(318) Pause Young (Concurrent Start) (G1 Humongous Allocation) 3124M->3122M(4096M) 61.561ms
[12.114s][info][gc,cpu         ] GC(318) User=0.80s Sys=0.02s Real=0.06s
[12.114s][info][gc             ] GC(319) Concurrent Cycle
[12.114s][info][gc,marking     ] GC(319) Concurrent Clear Claimed Marks
[12.114s][info][gc,marking     ] GC(319) Concurrent Clear Claimed Marks 0.015ms
[12.114s][info][gc,marking     ] GC(319) Concurrent Scan Root Regions
[12.168s][info][gc,marking     ] GC(319) Concurrent Scan Root Regions 54.616ms
[12.168s][info][gc,marking     ] GC(319) Concurrent Mark (12.168s)
[12.168s][info][gc,marking     ] GC(319) Concurrent Mark From Roots
[12.168s][info][gc,task        ] GC(319) Using 3 workers of 3 for marking
[12.451s][info][gc,marking     ] GC(319) Concurrent Mark From Roots 282.422ms
[12.451s][info][gc,marking     ] GC(319) Concurrent Preclean
[12.451s][info][gc,marking     ] GC(319) Concurrent Preclean 0.070ms
[12.451s][info][gc,marking     ] GC(319) Concurrent Mark (12.168s, 12.451s) 282.563ms
[12.451s][info][gc,start       ] GC(319) Pause Remark
[12.451s][info][gc,stringtable ] GC(319) Cleaned string and symbol table, strings: 3307 processed, 0 removed, symbols: 29041 processed, 0 removed
[12.452s][info][gc             ] GC(319) Pause Remark 3203M->3089M(4096M) 0.715ms
[12.452s][info][gc,cpu         ] GC(319) User=0.00s Sys=0.00s Real=0.00s
[12.452s][info][gc,marking     ] GC(319) Concurrent Rebuild Remembered Sets
[12.726s][info][gc,marking     ] GC(319) Concurrent Rebuild Remembered Sets 274.563ms
[12.726s][info][gc,start       ] GC(319) Pause Cleanup
[12.728s][info][gc             ] GC(319) Pause Cleanup 3102M->3102M(4096M) 1.109ms
[12.728s][info][gc,cpu         ] GC(319) User=0.00s Sys=0.00s Real=0.00s
[12.728s][info][gc,marking     ] GC(319) Concurrent Cleanup for Next Mark
[12.729s][info][gc,marking     ] GC(319) Concurrent Cleanup for Next Mark 1.567ms
[12.729s][info][gc             ] GC(319) Concurrent Cycle 615.618ms
[12.729s][info][gc,heap,exit   ] Heap
[12.729s][info][gc,heap,exit   ]  garbage-first heap   total 4194304K, used 3176815K [0x0000000700000000, 0x0000000800000000)
[12.729s][info][gc,heap,exit   ]   region size 1024K, 118 young (120832K), 83 survivors (84992K)
[12.729s][info][gc,heap,exit   ]  Metaspace       used 8117K, capacity 8305K, committed 8832K, reserved 1056768K
[12.729s][info][gc,heap,exit   ]   class space    used 718K, capacity 772K, committed 896K, reserved 1048576K
