[0.009s][info][gc,init] CardTable entry size: 512
[0.009s][info][gc     ] Using Parallel
[0.013s][info][gc,init] Version: 21.0.5+9-LTS-239 (release)
[0.013s][info][gc,init] CPUs: 12 total, 12 available
[0.013s][info][gc,init] Memory: 16263M
[0.013s][info][gc,init] Large Page Support: Disabled
[0.013s][info][gc,init] NUMA Support: Disabled
[0.013s][info][gc,init] Compressed Oops: Enabled (32-bit)
[0.013s][info][gc,init] Alignments: Space 512K, Generation 512K, Heap 2M
[0.014s][info][gc,init] Heap Min Capacity: 1G
[0.014s][info][gc,init] Heap Initial Capacity: 1G
[0.014s][info][gc,init] Heap Max Capacity: 2G
[0.014s][info][gc,init] Pre-touch: Disabled
[0.014s][info][gc,init] Parallel Workers: 10
[0.022s][info][gc,metaspace] CDS archive(s) mapped at: [0x000001ffce000000-0x000001ffcec90000-0x000001ffcec90000), size 13172736, SharedBaseAddress: 0x000001ffce000000, ArchiveRelocationMode: 1.
[0.022s][info][gc,metaspace] Compressed class space mapped at: 0x000001ffcf000000-0x000002000f000000, reserved size: 1073741824
[0.022s][info][gc,metaspace] Narrow klass base: 0x000001ffce000000, Narrow klass shift: 0, Narrow klass range: 0x100000000
[0.576s][info][gc,start    ] GC(0) Pause Young (Allocation Failure)
[0.585s][info][gc,heap     ] GC(0) PSYoungGen: 262144K(305664K)->43512K(305664K) Eden: 262144K(262144K)->0K(262144K) From: 0K(43520K)->43512K(43520K)
[0.585s][info][gc,heap     ] GC(0) ParOldGen: 0K(699392K)->4360K(699392K)
[0.585s][info][gc,metaspace] GC(0) Metaspace: 1303K(1472K)->1303K(1472K) NonClass: 1205K(1280K)->1205K(1280K) Class: 98K(192K)->98K(192K)
[0.585s][info][gc          ] GC(0) Pause Young (Allocation Failure) 256M->46M(981M) 9.131ms
[0.585s][info][gc,cpu      ] GC(0) User=0.02s Sys=0.00s Real=0.01s
[0.738s][info][gc,start    ] GC(1) Pause Young (Allocation Failure)
[0.753s][info][gc,heap     ] GC(1) PSYoungGen: 305631K(305664K)->43517K(567808K) Eden: 262119K(262144K)->0K(524288K) From: 43512K(43520K)->43517K(43520K)
[0.753s][info][gc,heap     ] GC(1) ParOldGen: 4360K(699392K)->55322K(699392K)
[0.753s][info][gc,metaspace] GC(1) Metaspace: 1305K(1472K)->1305K(1472K) NonClass: 1206K(1280K)->1206K(1280K) Class: 98K(192K)->98K(192K)
[0.753s][info][gc          ] GC(1) Pause Young (Allocation Failure) 302M->96M(1237M) 15.316ms
[0.753s][info][gc,cpu      ] GC(1) User=0.02s Sys=0.00s Real=0.02s
[1.121s][info][gc,start    ] GC(2) Pause Young (Allocation Failure)
[1.143s][info][gc,heap     ] GC(2) PSYoungGen: 567805K(567808K)->43507K(567808K) Eden: 524288K(524288K)->0K(524288K) From: 43517K(43520K)->43507K(43520K)
[1.143s][info][gc,heap     ] GC(2) ParOldGen: 55322K(699392K)->159171K(699392K)
[1.143s][info][gc,metaspace] GC(2) Metaspace: 1305K(1472K)->1305K(1472K) NonClass: 1206K(1280K)->1206K(1280K) Class: 98K(192K)->98K(192K)
[1.143s][info][gc          ] GC(2) Pause Young (Allocation Failure) 608M->197M(1237M) 22.696ms
[1.143s][info][gc,cpu      ] GC(2) User=0.11s Sys=0.06s Real=0.02s
[1.422s][info][gc,start    ] GC(3) Pause Young (Allocation Failure)
[1.445s][info][gc,heap     ] GC(3) PSYoungGen: 567795K(567808K)->43509K(655360K) Eden: 524288K(524288K)->0K(611840K) From: 43507K(43520K)->43509K(43520K)
[1.445s][info][gc,heap     ] GC(3) ParOldGen: 159171K(699392K)->262444K(699392K)
[1.445s][info][gc,metaspace] GC(3) Metaspace: 1305K(1472K)->1305K(1472K) NonClass: 1206K(1280K)->1206K(1280K) Class: 98K(192K)->98K(192K)
[1.445s][info][gc          ] GC(3) Pause Young (Allocation Failure) 709M->298M(1323M) 23.162ms
[1.445s][info][gc,cpu      ] GC(3) User=0.03s Sys=0.12s Real=0.02s
[1.773s][info][gc,start    ] GC(4) Pause Young (Allocation Failure)
[1.799s][info][gc,heap     ] GC(4) PSYoungGen: 655349K(655360K)->43517K(655360K) Eden: 611840K(611840K)->0K(611840K) From: 43509K(43520K)->43517K(43520K)
[1.799s][info][gc,heap     ] GC(4) ParOldGen: 262444K(699392K)->382507K(699392K)
[1.799s][info][gc,metaspace] GC(4) Metaspace: 1305K(1472K)->1305K(1472K) NonClass: 1206K(1280K)->1206K(1280K) Class: 98K(192K)->98K(192K)
[1.799s][info][gc          ] GC(4) Pause Young (Allocation Failure) 896M->416M(1323M) 26.293ms
[1.799s][info][gc,cpu      ] GC(4) User=0.02s Sys=0.14s Real=0.03s
[2.121s][info][gc,start    ] GC(5) Pause Young (Allocation Failure)
[2.145s][info][gc,heap     ] GC(5) PSYoungGen: 655357K(655360K)->43516K(290816K) Eden: 611840K(611840K)->0K(247296K) From: 43517K(43520K)->43516K(43520K)
[2.145s][info][gc,heap     ] GC(5) ParOldGen: 382507K(699392K)->503034K(699392K)
[2.145s][info][gc,metaspace] GC(5) Metaspace: 1305K(1472K)->1305K(1472K) NonClass: 1206K(1280K)->1206K(1280K) Class: 98K(192K)->98K(192K)
[2.145s][info][gc          ] GC(5) Pause Young (Allocation Failure) 1013M->533M(967M) 23.941ms
[2.145s][info][gc,cpu      ] GC(5) User=0.06s Sys=0.11s Real=0.02s
[2.277s][info][gc,start    ] GC(6) Pause Young (Allocation Failure)
[2.287s][info][gc,heap     ] GC(6) PSYoungGen: 290812K(290816K)->90951K(473088K) Eden: 247296K(247296K)->0K(247296K) From: 43516K(43520K)->90951K(225792K)
[2.288s][info][gc,heap     ] GC(6) ParOldGen: 503034K(699392K)->503882K(699392K)
[2.288s][info][gc,metaspace] GC(6) Metaspace: 1305K(1472K)->1305K(1472K) NonClass: 1206K(1280K)->1206K(1280K) Class: 98K(192K)->98K(192K)
[2.288s][info][gc          ] GC(6) Pause Young (Allocation Failure) 775M->580M(1145M) 10.812ms
[2.288s][info][gc,cpu      ] GC(6) User=0.02s Sys=0.00s Real=0.01s
[2.419s][info][gc,start    ] GC(7) Pause Young (Allocation Failure)
[2.436s][info][gc,heap     ] GC(7) PSYoungGen: 338247K(473088K)->138797K(458752K) Eden: 247296K(247296K)->0K(253440K) From: 90951K(225792K)->138797K(205312K)
[2.436s][info][gc,heap     ] GC(7) ParOldGen: 503882K(699392K)->503998K(699392K)
[2.436s][info][gc,metaspace] GC(7) Metaspace: 1305K(1472K)->1305K(1472K) NonClass: 1206K(1280K)->1206K(1280K) Class: 98K(192K)->98K(192K)
[2.436s][info][gc          ] GC(7) Pause Young (Allocation Failure) 822M->627M(1131M) 16.645ms
[2.436s][info][gc,cpu      ] GC(7) User=0.00s Sys=0.00s Real=0.02s
[2.578s][info][gc,start    ] GC(8) Pause Young (Allocation Failure)
[2.602s][info][gc,heap     ] GC(8) PSYoungGen: 392237K(458752K)->146209K(468992K) Eden: 253440K(253440K)->0K(253440K) From: 138797K(205312K)->146209K(215552K)
[2.603s][info][gc,heap     ] GC(8) ParOldGen: 503998K(699392K)->546572K(699392K)
[2.603s][info][gc,metaspace] GC(8) Metaspace: 1305K(1472K)->1305K(1472K) NonClass: 1206K(1280K)->1206K(1280K) Class: 98K(192K)->98K(192K)
[2.603s][info][gc          ] GC(8) Pause Young (Allocation Failure) 875M->676M(1141M) 24.348ms
[2.603s][info][gc,cpu      ] GC(8) User=0.09s Sys=0.08s Real=0.02s
[2.603s][info][gc,start    ] GC(9) Pause Full (Ergonomics)
[2.603s][info][gc,phases,start] GC(9) Marking Phase
[2.607s][info][gc,phases      ] GC(9) Marking Phase 4.626ms
[2.607s][info][gc,phases,start] GC(9) Summary Phase
[2.607s][info][gc,phases      ] GC(9) Summary Phase 0.039ms
[2.607s][info][gc,phases,start] GC(9) Adjust Roots
[2.608s][info][gc,phases      ] GC(9) Adjust Roots 0.857ms
[2.608s][info][gc,phases,start] GC(9) Compaction Phase
[2.697s][info][gc,phases      ] GC(9) Compaction Phase 88.409ms
[2.697s][info][gc,phases,start] GC(9) Post Compact
[2.700s][info][gc,phases      ] GC(9) Post Compact 3.548ms
[2.703s][info][gc,heap        ] GC(9) PSYoungGen: 146209K(468992K)->0K(482304K) Eden: 0K(253440K)->0K(268800K) From: 146209K(215552K)->0K(213504K)
[2.703s][info][gc,heap        ] GC(9) ParOldGen: 546572K(699392K)->691965K(1203712K)
[2.703s][info][gc,metaspace   ] GC(9) Metaspace: 1305K(1472K)->1305K(1472K) NonClass: 1206K(1280K)->1206K(1280K) Class: 98K(192K)->98K(192K)
[2.703s][info][gc             ] GC(9) Pause Full (Ergonomics) 676M->675M(1646M) 100.747ms
[2.703s][info][gc,cpu         ] GC(9) User=0.70s Sys=0.03s Real=0.10s
[2.857s][info][gc,start       ] GC(10) Pause Young (Allocation Failure)
[2.863s][info][gc,heap        ] GC(10) PSYoungGen: 268800K(482304K)->53632K(322560K) Eden: 268800K(268800K)->0K(268800K) From: 0K(213504K)->53632K(53760K)
[2.864s][info][gc,heap        ] GC(10) ParOldGen: 691965K(1203712K)->691965K(1203712K)
[2.864s][info][gc,metaspace   ] GC(10) Metaspace: 1305K(1472K)->1305K(1472K) NonClass: 1206K(1280K)->1206K(1280K) Class: 98K(192K)->98K(192K)
[2.864s][info][gc             ] GC(10) Pause Young (Allocation Failure) 938M->728M(1490M) 6.612ms
[2.864s][info][gc,cpu         ] GC(10) User=0.02s Sys=0.00s Real=0.01s
[3.005s][info][gc,start       ] GC(11) Pause Young (Allocation Failure)
[3.018s][info][gc,heap        ] GC(11) PSYoungGen: 322432K(322560K)->53007K(478720K) Eden: 268800K(268800K)->0K(260608K) From: 53632K(53760K)->53007K(218112K)
[3.018s][info][gc,heap        ] GC(11) ParOldGen: 691965K(1203712K)->744671K(1203712K)
[3.018s][info][gc,metaspace   ] GC(11) Metaspace: 1306K(1472K)->1306K(1472K) NonClass: 1207K(1280K)->1207K(1280K) Class: 98K(192K)->98K(192K)
[3.018s][info][gc             ] GC(11) Pause Young (Allocation Failure) 990M->778M(1643M) 12.723ms
[3.018s][info][gc,cpu         ] GC(11) User=0.00s Sys=0.02s Real=0.01s
[3.152s][info][gc,start       ] GC(12) Pause Young (Allocation Failure)
[3.165s][info][gc,heap        ] GC(12) PSYoungGen: 313615K(478720K)->51567K(479744K) Eden: 260608K(260608K)->0K(260608K) From: 53007K(218112K)->51567K(219136K)
[3.165s][info][gc,heap        ] GC(12) ParOldGen: 744671K(1203712K)->796881K(1203712K)
[3.165s][info][gc,metaspace   ] GC(12) Metaspace: 1306K(1472K)->1306K(1472K) NonClass: 1207K(1280K)->1207K(1280K) Class: 98K(192K)->98K(192K)
[3.165s][info][gc             ] GC(12) Pause Young (Allocation Failure) 1033M->828M(1644M) 13.239ms
[3.165s][info][gc,cpu         ] GC(12) User=0.00s Sys=0.02s Real=0.01s
[3.303s][info][gc,start       ] GC(13) Pause Young (Allocation Failure)
[3.316s][info][gc,heap        ] GC(13) PSYoungGen: 312175K(479744K)->51089K(475648K) Eden: 260608K(260608K)->0K(260608K) From: 51567K(219136K)->51089K(215040K)
[3.316s][info][gc,heap        ] GC(13) ParOldGen: 796881K(1203712K)->848138K(1203712K)
[3.316s][info][gc,metaspace   ] GC(13) Metaspace: 1306K(1472K)->1306K(1472K) NonClass: 1207K(1280K)->1207K(1280K) Class: 98K(192K)->98K(192K)
[3.316s][info][gc             ] GC(13) Pause Young (Allocation Failure) 1083M->878M(1640M) 12.639ms
[3.316s][info][gc,cpu         ] GC(13) User=0.02s Sys=0.00s Real=0.01s
[3.458s][info][gc,start       ] GC(14) Pause Young (Allocation Failure)
[3.471s][info][gc,heap        ] GC(14) PSYoungGen: 311697K(475648K)->51439K(477696K) Eden: 260608K(260608K)->0K(260608K) From: 51089K(215040K)->51439K(217088K)
[3.471s][info][gc,heap        ] GC(14) ParOldGen: 848138K(1203712K)->898828K(1203712K)
[3.471s][info][gc,metaspace   ] GC(14) Metaspace: 1306K(1472K)->1306K(1472K) NonClass: 1207K(1280K)->1207K(1280K) Class: 98K(192K)->98K(192K)
[3.471s][info][gc             ] GC(14) Pause Young (Allocation Failure) 1132M->927M(1642M) 12.492ms
[3.471s][info][gc,cpu         ] GC(14) User=0.00s Sys=0.00s Real=0.01s
[3.614s][info][gc,start       ] GC(15) Pause Young (Allocation Failure)
[3.627s][info][gc,heap        ] GC(15) PSYoungGen: 312047K(477696K)->52130K(475136K) Eden: 260608K(260608K)->0K(268288K) From: 51439K(217088K)->52130K(206848K)
[3.627s][info][gc,heap        ] GC(15) ParOldGen: 898828K(1203712K)->949785K(1203712K)
[3.627s][info][gc,metaspace   ] GC(15) Metaspace: 1306K(1472K)->1306K(1472K) NonClass: 1207K(1280K)->1207K(1280K) Class: 98K(192K)->98K(192K)
[3.627s][info][gc             ] GC(15) Pause Young (Allocation Failure) 1182M->978M(1639M) 12.712ms
[3.627s][info][gc,cpu         ] GC(15) User=0.00s Sys=0.00s Real=0.01s
[3.768s][info][gc,start       ] GC(16) Pause Young (Allocation Failure)
[3.781s][info][gc,heap        ] GC(16) PSYoungGen: 320418K(475136K)->52670K(477696K) Eden: 268288K(268288K)->0K(268288K) From: 52130K(206848K)->52670K(209408K)
[3.781s][info][gc,heap        ] GC(16) ParOldGen: 949785K(1203712K)->1001758K(1203712K)
[3.781s][info][gc,metaspace   ] GC(16) Metaspace: 1306K(1472K)->1306K(1472K) NonClass: 1207K(1280K)->1207K(1280K) Class: 98K(192K)->98K(192K)
[3.781s][info][gc             ] GC(16) Pause Young (Allocation Failure) 1240M->1029M(1642M) 12.595ms
[3.781s][info][gc,cpu         ] GC(16) User=0.00s Sys=0.00s Real=0.01s
[3.923s][info][gc,start       ] GC(17) Pause Young (Allocation Failure)
[3.936s][info][gc,heap        ] GC(17) PSYoungGen: 320958K(477696K)->54192K(479744K) Eden: 268288K(268288K)->0K(285184K) From: 52670K(209408K)->54192K(194560K)
[3.936s][info][gc,heap        ] GC(17) ParOldGen: 1001758K(1203712K)->1054150K(1203712K)
[3.936s][info][gc,metaspace   ] GC(17) Metaspace: 1306K(1472K)->1306K(1472K) NonClass: 1207K(1280K)->1207K(1280K) Class: 98K(192K)->98K(192K)
[3.936s][info][gc             ] GC(17) Pause Young (Allocation Failure) 1291M->1082M(1644M) 13.008ms
[3.936s][info][gc,cpu         ] GC(17) User=0.02s Sys=0.00s Real=0.01s
[4.088s][info][gc,start       ] GC(18) Pause Young (Allocation Failure)
[4.102s][info][gc,heap        ] GC(18) PSYoungGen: 339376K(479744K)->57240K(483328K) Eden: 285184K(285184K)->0K(285184K) From: 54192K(194560K)->57240K(198144K)
[4.102s][info][gc,heap        ] GC(18) ParOldGen: 1054150K(1203712K)->1108060K(1203712K)
[4.102s][info][gc,metaspace   ] GC(18) Metaspace: 1306K(1472K)->1306K(1472K) NonClass: 1207K(1280K)->1207K(1280K) Class: 98K(192K)->98K(192K)
[4.102s][info][gc             ] GC(18) Pause Young (Allocation Failure) 1360M->1137M(1647M) 14.074ms
[4.102s][info][gc,cpu         ] GC(18) User=0.00s Sys=0.02s Real=0.01s
[4.102s][info][gc,start       ] GC(19) Pause Full (Ergonomics)
[4.102s][info][gc,phases,start] GC(19) Marking Phase
[4.106s][info][gc,phases      ] GC(19) Marking Phase 3.683ms
[4.106s][info][gc,phases,start] GC(19) Summary Phase
[4.106s][info][gc,phases      ] GC(19) Summary Phase 0.039ms
[4.106s][info][gc,phases,start] GC(19) Adjust Roots
[4.106s][info][gc,phases      ] GC(19) Adjust Roots 0.420ms
[4.107s][info][gc,phases,start] GC(19) Compaction Phase
[4.203s][info][gc,phases      ] GC(19) Compaction Phase 96.643ms
[4.203s][info][gc,phases,start] GC(19) Post Compact
[4.208s][info][gc,phases      ] GC(19) Post Compact 4.406ms
[4.209s][info][gc,heap        ] GC(19) PSYoungGen: 57240K(483328K)->0K(497664K) Eden: 0K(285184K)->0K(306176K) From: 57240K(198144K)->0K(191488K)
[4.209s][info][gc,heap        ] GC(19) ParOldGen: 1108060K(1203712K)->1164405K(1398272K)
[4.209s][info][gc,metaspace   ] GC(19) Metaspace: 1306K(1472K)->1306K(1472K) NonClass: 1207K(1280K)->1207K(1280K) Class: 98K(192K)->98K(192K)
[4.209s][info][gc             ] GC(19) Pause Full (Ergonomics) 1137M->1137M(1851M) 106.623ms
[4.209s][info][gc,cpu         ] GC(19) User=0.67s Sys=0.03s Real=0.11s
[4.384s][info][gc,start       ] GC(20) Pause Young (Allocation Failure)
[4.392s][info][gc,heap        ] GC(20) PSYoungGen: 305790K(497664K)->60801K(497664K) Eden: 305790K(306176K)->0K(306176K) From: 0K(191488K)->60801K(191488K)
[4.392s][info][gc,heap        ] GC(20) ParOldGen: 1164405K(1398272K)->1164405K(1398272K)
[4.392s][info][gc,metaspace   ] GC(20) Metaspace: 1306K(1472K)->1306K(1472K) NonClass: 1207K(1280K)->1207K(1280K) Class: 98K(192K)->98K(192K)
[4.392s][info][gc             ] GC(20) Pause Young (Allocation Failure) 1435M->1196M(1851M) 8.557ms
[4.392s][info][gc,cpu         ] GC(20) User=0.00s Sys=0.00s Real=0.01s
[4.556s][info][gc,start       ] GC(21) Pause Young (Allocation Failure)
[4.571s][info][gc,heap        ] GC(21) PSYoungGen: 366818K(497664K)->60821K(500224K) Eden: 306016K(306176K)->0K(323072K) From: 60801K(191488K)->60821K(177152K)
[4.571s][info][gc,heap        ] GC(21) ParOldGen: 1164405K(1398272K)->1224490K(1398272K)
[4.571s][info][gc,metaspace   ] GC(21) Metaspace: 1306K(1472K)->1306K(1472K) NonClass: 1207K(1280K)->1207K(1280K) Class: 98K(192K)->98K(192K)
[4.571s][info][gc             ] GC(21) Pause Young (Allocation Failure) 1495M->1255M(1854M) 14.935ms
[4.571s][info][gc,cpu         ] GC(21) User=0.00s Sys=0.00s Real=0.02s
[4.740s][info][gc,start       ] GC(22) Pause Young (Allocation Failure)
[4.755s][info][gc,heap        ] GC(22) PSYoungGen: 383893K(500224K)->63900K(499712K) Eden: 323072K(323072K)->0K(323072K) From: 60821K(177152K)->63900K(176640K)
[4.755s][info][gc,heap        ] GC(22) ParOldGen: 1224490K(1398272K)->1284889K(1398272K)
[4.755s][info][gc,metaspace   ] GC(22) Metaspace: 1306K(1472K)->1306K(1472K) NonClass: 1207K(1280K)->1207K(1280K) Class: 98K(192K)->98K(192K)
[4.755s][info][gc             ] GC(22) Pause Young (Allocation Failure) 1570M->1317M(1853M) 14.987ms
[4.755s][info][gc,cpu         ] GC(22) User=0.00s Sys=0.02s Real=0.01s
[4.924s][info][gc,start       ] GC(23) Pause Young (Allocation Failure)
[4.939s][info][gc,heap        ] GC(23) PSYoungGen: 386972K(499712K)->64418K(515072K) Eden: 323072K(323072K)->0K(352256K) From: 63900K(176640K)->64418K(162816K)
[4.939s][info][gc,heap        ] GC(23) ParOldGen: 1284889K(1398272K)->1348505K(1398272K)
[4.939s][info][gc,metaspace   ] GC(23) Metaspace: 1306K(1472K)->1306K(1472K) NonClass: 1207K(1280K)->1207K(1280K) Class: 98K(192K)->98K(192K)
[4.939s][info][gc             ] GC(23) Pause Young (Allocation Failure) 1632M->1379M(1868M) 15.418ms
[4.939s][info][gc,cpu         ] GC(23) User=0.11s Sys=0.00s Real=0.02s
[4.939s][info][gc,start       ] GC(24) Pause Full (Ergonomics)
[4.939s][info][gc,phases,start] GC(24) Marking Phase
[4.942s][info][gc,phases      ] GC(24) Marking Phase 2.809ms
[4.942s][info][gc,phases,start] GC(24) Summary Phase
[4.942s][info][gc,phases      ] GC(24) Summary Phase 0.023ms
[4.942s][info][gc,phases,start] GC(24) Adjust Roots
[4.943s][info][gc,phases      ] GC(24) Adjust Roots 0.396ms
[4.943s][info][gc,phases,start] GC(24) Compaction Phase
[4.988s][info][gc,phases      ] GC(24) Compaction Phase 45.672ms
[4.989s][info][gc,phases,start] GC(24) Post Compact
[4.992s][info][gc,phases      ] GC(24) Post Compact 3.624ms
[4.992s][info][gc,heap        ] GC(24) PSYoungGen: 64418K(515072K)->14027K(515072K) Eden: 0K(352256K)->0K(352256K) From: 64418K(162816K)->14027K(162816K)
[4.992s][info][gc,heap        ] GC(24) ParOldGen: 1348505K(1398272K)->1397967K(1398272K)
[4.992s][info][gc,metaspace   ] GC(24) Metaspace: 1306K(1472K)->1306K(1472K) NonClass: 1207K(1280K)->1207K(1280K) Class: 98K(192K)->98K(192K)
[4.992s][info][gc             ] GC(24) Pause Full (Ergonomics) 1379M->1378M(1868M) 52.902ms
[4.992s][info][gc,cpu         ] GC(24) User=0.31s Sys=0.00s Real=0.05s
[5.195s][info][gc,start       ] GC(25) Pause Full (Ergonomics)
[5.195s][info][gc,phases,start] GC(25) Marking Phase
[5.198s][info][gc,phases      ] GC(25) Marking Phase 2.836ms
[5.198s][info][gc,phases,start] GC(25) Summary Phase
[5.198s][info][gc,phases      ] GC(25) Summary Phase 0.030ms
[5.198s][info][gc,phases,start] GC(25) Adjust Roots
[5.198s][info][gc,phases      ] GC(25) Adjust Roots 0.404ms
[5.198s][info][gc,phases,start] GC(25) Compaction Phase
[5.215s][info][gc,phases      ] GC(25) Compaction Phase 16.415ms
[5.215s][info][gc,phases,start] GC(25) Post Compact
[5.219s][info][gc,phases      ] GC(25) Post Compact 4.548ms
[5.219s][info][gc,heap        ] GC(25) PSYoungGen: 366283K(515072K)->83609K(514048K) Eden: 352256K(352256K)->83609K(352256K) From: 14027K(162816K)->0K(161792K)
[5.219s][info][gc,heap        ] GC(25) ParOldGen: 1397967K(1398272K)->1398219K(1398272K)
[5.219s][info][gc,metaspace   ] GC(25) Metaspace: 1306K(1472K)->1306K(1472K) NonClass: 1207K(1280K)->1207K(1280K) Class: 98K(192K)->98K(192K)
[5.219s][info][gc             ] GC(25) Pause Full (Ergonomics) 1722M->1447M(1867M) 24.517ms
[5.219s][info][gc,cpu         ] GC(25) User=0.06s Sys=0.00s Real=0.03s
[5.362s][info][gc,start       ] GC(26) Pause Full (Ergonomics)
[5.362s][info][gc,phases,start] GC(26) Marking Phase
[5.365s][info][gc,phases      ] GC(26) Marking Phase 2.330ms
[5.365s][info][gc,phases,start] GC(26) Summary Phase
[5.365s][info][gc,phases      ] GC(26) Summary Phase 0.030ms
[5.365s][info][gc,phases,start] GC(26) Adjust Roots
[5.365s][info][gc,phases      ] GC(26) Adjust Roots 0.367ms
[5.365s][info][gc,phases,start] GC(26) Compaction Phase
[5.373s][info][gc,phases      ] GC(26) Compaction Phase 8.274ms
[5.373s][info][gc,phases,start] GC(26) Post Compact
[5.376s][info][gc,phases      ] GC(26) Post Compact 2.347ms
[5.376s][info][gc,heap        ] GC(26) PSYoungGen: 352256K(514048K)->136317K(515072K) Eden: 352256K(352256K)->136317K(352256K) From: 0K(161792K)->0K(162816K)
[5.376s][info][gc,heap        ] GC(26) ParOldGen: 1398219K(1398272K)->1398219K(1398272K)
[5.376s][info][gc,metaspace   ] GC(26) Metaspace: 1306K(1472K)->1306K(1472K) NonClass: 1207K(1280K)->1207K(1280K) Class: 98K(192K)->98K(192K)
[5.376s][info][gc             ] GC(26) Pause Full (Ergonomics) 1709M->1498M(1868M) 13.602ms
[5.376s][info][gc,cpu         ] GC(26) User=0.00s Sys=0.00s Real=0.01s
[5.488s][info][gc,start       ] GC(27) Pause Full (Ergonomics)
[5.488s][info][gc,phases,start] GC(27) Marking Phase
[5.491s][info][gc,phases      ] GC(27) Marking Phase 2.341ms
[5.491s][info][gc,phases,start] GC(27) Summary Phase
[5.491s][info][gc,phases      ] GC(27) Summary Phase 0.029ms
[5.491s][info][gc,phases,start] GC(27) Adjust Roots
[5.491s][info][gc,phases      ] GC(27) Adjust Roots 0.394ms
[5.491s][info][gc,phases,start] GC(27) Compaction Phase
[5.497s][info][gc,phases      ] GC(27) Compaction Phase 5.826ms
[5.497s][info][gc,phases,start] GC(27) Post Compact
[5.500s][info][gc,phases      ] GC(27) Post Compact 2.598ms
[5.500s][info][gc,heap        ] GC(27) PSYoungGen: 352256K(515072K)->178423K(514048K) Eden: 352256K(352256K)->178423K(352256K) From: 0K(162816K)->0K(161792K)
[5.500s][info][gc,heap        ] GC(27) ParOldGen: 1398219K(1398272K)->1398219K(1398272K)
[5.500s][info][gc,metaspace   ] GC(27) Metaspace: 1306K(1472K)->1306K(1472K) NonClass: 1207K(1280K)->1207K(1280K) Class: 98K(192K)->98K(192K)
[5.500s][info][gc             ] GC(27) Pause Full (Ergonomics) 1709M->1539M(1867M) 11.453ms
[5.500s][info][gc,cpu         ] GC(27) User=0.00s Sys=0.00s Real=0.01s
[5.592s][info][gc,start       ] GC(28) Pause Full (Ergonomics)
[5.592s][info][gc,phases,start] GC(28) Marking Phase
[5.595s][info][gc,phases      ] GC(28) Marking Phase 2.709ms
[5.595s][info][gc,phases,start] GC(28) Summary Phase
[5.595s][info][gc,phases      ] GC(28) Summary Phase 0.030ms
[5.595s][info][gc,phases,start] GC(28) Adjust Roots
[5.596s][info][gc,phases      ] GC(28) Adjust Roots 0.406ms
[5.596s][info][gc,phases,start] GC(28) Compaction Phase
[5.601s][info][gc,phases      ] GC(28) Compaction Phase 5.172ms
[5.601s][info][gc,phases,start] GC(28) Post Compact
[5.603s][info][gc,phases      ] GC(28) Post Compact 2.305ms
[5.603s][info][gc,heap        ] GC(28) PSYoungGen: 352256K(514048K)->211846K(515072K) Eden: 352256K(352256K)->211846K(352256K) From: 0K(161792K)->0K(162816K)
[5.603s][info][gc,heap        ] GC(28) ParOldGen: 1398219K(1398272K)->1398219K(1398272K)
[5.603s][info][gc,metaspace   ] GC(28) Metaspace: 1306K(1472K)->1306K(1472K) NonClass: 1207K(1280K)->1207K(1280K) Class: 98K(192K)->98K(192K)
[5.603s][info][gc             ] GC(28) Pause Full (Ergonomics) 1709M->1572M(1868M) 10.868ms
[5.603s][info][gc,cpu         ] GC(28) User=0.00s Sys=0.00s Real=0.01s
[5.676s][info][gc,start       ] GC(29) Pause Full (Ergonomics)
[5.676s][info][gc,phases,start] GC(29) Marking Phase
[5.679s][info][gc,phases      ] GC(29) Marking Phase 2.378ms
[5.679s][info][gc,phases,start] GC(29) Summary Phase
[5.679s][info][gc,phases      ] GC(29) Summary Phase 0.030ms
[5.679s][info][gc,phases,start] GC(29) Adjust Roots
[5.679s][info][gc,phases      ] GC(29) Adjust Roots 0.426ms
[5.679s][info][gc,phases,start] GC(29) Compaction Phase
[5.684s][info][gc,phases      ] GC(29) Compaction Phase 4.529ms
[5.684s][info][gc,phases,start] GC(29) Post Compact
[5.686s][info][gc,phases      ] GC(29) Post Compact 2.395ms
[5.686s][info][gc,heap        ] GC(29) PSYoungGen: 352256K(515072K)->240199K(514048K) Eden: 352256K(352256K)->240199K(352256K) From: 0K(162816K)->0K(161792K)
[5.686s][info][gc,heap        ] GC(29) ParOldGen: 1398219K(1398272K)->1398219K(1398272K)
[5.686s][info][gc,metaspace   ] GC(29) Metaspace: 1306K(1472K)->1306K(1472K) NonClass: 1207K(1280K)->1207K(1280K) Class: 98K(192K)->98K(192K)
[5.686s][info][gc             ] GC(29) Pause Full (Ergonomics) 1709M->1600M(1867M) 10.009ms
[5.686s][info][gc,cpu         ] GC(29) User=0.00s Sys=0.00s Real=0.01s
[5.747s][info][gc,start       ] GC(30) Pause Full (Ergonomics)
[5.747s][info][gc,phases,start] GC(30) Marking Phase
[5.749s][info][gc,phases      ] GC(30) Marking Phase 2.547ms
[5.750s][info][gc,phases,start] GC(30) Summary Phase
[5.750s][info][gc,phases      ] GC(30) Summary Phase 0.029ms
[5.750s][info][gc,phases,start] GC(30) Adjust Roots
[5.750s][info][gc,phases      ] GC(30) Adjust Roots 0.378ms
[5.750s][info][gc,phases,start] GC(30) Compaction Phase
[5.754s][info][gc,phases      ] GC(30) Compaction Phase 3.880ms
[5.754s][info][gc,phases,start] GC(30) Post Compact
[5.756s][info][gc,phases      ] GC(30) Post Compact 2.244ms
[5.756s][info][gc,heap        ] GC(30) PSYoungGen: 352220K(514048K)->262912K(515072K) Eden: 352220K(352256K)->262912K(352256K) From: 0K(161792K)->0K(162816K)
[5.756s][info][gc,heap        ] GC(30) ParOldGen: 1398219K(1398272K)->1398219K(1398272K)
[5.756s][info][gc,metaspace   ] GC(30) Metaspace: 1306K(1472K)->1306K(1472K) NonClass: 1207K(1280K)->1207K(1280K) Class: 98K(192K)->98K(192K)
[5.756s][info][gc             ] GC(30) Pause Full (Ergonomics) 1709M->1622M(1868M) 9.364ms
[5.756s][info][gc,cpu         ] GC(30) User=0.02s Sys=0.00s Real=0.01s
[5.806s][info][gc,start       ] GC(31) Pause Full (Ergonomics)
[5.806s][info][gc,phases,start] GC(31) Marking Phase
[5.809s][info][gc,phases      ] GC(31) Marking Phase 2.624ms
[5.809s][info][gc,phases,start] GC(31) Summary Phase
[5.809s][info][gc,phases      ] GC(31) Summary Phase 0.030ms
[5.809s][info][gc,phases,start] GC(31) Adjust Roots
[5.809s][info][gc,phases      ] GC(31) Adjust Roots 0.355ms
[5.809s][info][gc,phases,start] GC(31) Compaction Phase
[5.849s][info][gc,phases      ] GC(31) Compaction Phase 40.289ms
[5.849s][info][gc,phases,start] GC(31) Post Compact
[5.853s][info][gc,phases      ] GC(31) Post Compact 3.966ms
[5.853s][info][gc,heap        ] GC(31) PSYoungGen: 352256K(515072K)->280056K(514048K) Eden: 352256K(352256K)->280056K(352256K) From: 0K(162816K)->0K(161792K)
[5.853s][info][gc,heap        ] GC(31) ParOldGen: 1398219K(1398272K)->1398136K(1398272K)
[5.853s][info][gc,metaspace   ] GC(31) Metaspace: 1306K(1472K)->1306K(1472K) NonClass: 1207K(1280K)->1207K(1280K) Class: 98K(192K)->98K(192K)
[5.853s][info][gc             ] GC(31) Pause Full (Ergonomics) 1709M->1638M(1867M) 47.576ms
[5.853s][info][gc,cpu         ] GC(31) User=0.31s Sys=0.00s Real=0.05s
[5.902s][info][gc,start       ] GC(32) Pause Full (Ergonomics)
[5.902s][info][gc,phases,start] GC(32) Marking Phase
[5.905s][info][gc,phases      ] GC(32) Marking Phase 2.683ms
[5.905s][info][gc,phases,start] GC(32) Summary Phase
[5.905s][info][gc,phases      ] GC(32) Summary Phase 0.030ms
[5.905s][info][gc,phases,start] GC(32) Adjust Roots
[5.905s][info][gc,phases      ] GC(32) Adjust Roots 0.362ms
[5.905s][info][gc,phases,start] GC(32) Compaction Phase
[5.908s][info][gc,phases      ] GC(32) Compaction Phase 3.010ms
[5.908s][info][gc,phases,start] GC(32) Post Compact
[5.911s][info][gc,phases      ] GC(32) Post Compact 2.547ms
[5.911s][info][gc,heap        ] GC(32) PSYoungGen: 352256K(514048K)->294572K(515072K) Eden: 352256K(352256K)->294572K(352256K) From: 0K(161792K)->0K(162816K)
[5.911s][info][gc,heap        ] GC(32) ParOldGen: 1398136K(1398272K)->1398136K(1398272K)
[5.911s][info][gc,metaspace   ] GC(32) Metaspace: 1306K(1472K)->1306K(1472K) NonClass: 1207K(1280K)->1207K(1280K) Class: 98K(192K)->98K(192K)
[5.911s][info][gc             ] GC(32) Pause Full (Ergonomics) 1709M->1653M(1868M) 8.914ms
[5.911s][info][gc,cpu         ] GC(32) User=0.02s Sys=0.00s Real=0.01s
[5.941s][info][gc,start       ] GC(33) Pause Full (Ergonomics)
[5.941s][info][gc,phases,start] GC(33) Marking Phase
[5.943s][info][gc,phases      ] GC(33) Marking Phase 2.561ms
[5.943s][info][gc,phases,start] GC(33) Summary Phase
[5.943s][info][gc,phases      ] GC(33) Summary Phase 0.028ms
[5.943s][info][gc,phases,start] GC(33) Adjust Roots
[5.944s][info][gc,phases      ] GC(33) Adjust Roots 0.369ms
[5.944s][info][gc,phases,start] GC(33) Compaction Phase
[5.947s][info][gc,phases      ] GC(33) Compaction Phase 2.920ms
[5.947s][info][gc,phases,start] GC(33) Post Compact
[5.949s][info][gc,phases      ] GC(33) Post Compact 2.231ms
[5.949s][info][gc,heap        ] GC(33) PSYoungGen: 352256K(515072K)->305821K(514048K) Eden: 352256K(352256K)->305821K(352256K) From: 0K(162816K)->0K(161792K)
[5.949s][info][gc,heap        ] GC(33) ParOldGen: 1398136K(1398272K)->1398136K(1398272K)
[5.949s][info][gc,metaspace   ] GC(33) Metaspace: 1306K(1472K)->1306K(1472K) NonClass: 1207K(1280K)->1207K(1280K) Class: 98K(192K)->98K(192K)
[5.949s][info][gc             ] GC(33) Pause Full (Ergonomics) 1709M->1664M(1867M) 8.368ms
[5.949s][info][gc,cpu         ] GC(33) User=0.00s Sys=0.00s Real=0.01s
[5.972s][info][gc,start       ] GC(34) Pause Full (Ergonomics)
[5.972s][info][gc,phases,start] GC(34) Marking Phase
[5.975s][info][gc,phases      ] GC(34) Marking Phase 2.452ms
[5.975s][info][gc,phases,start] GC(34) Summary Phase
[5.975s][info][gc,phases      ] GC(34) Summary Phase 0.030ms
[5.975s][info][gc,phases,start] GC(34) Adjust Roots
[5.975s][info][gc,phases      ] GC(34) Adjust Roots 0.376ms
[5.975s][info][gc,phases,start] GC(34) Compaction Phase
[5.978s][info][gc,phases      ] GC(34) Compaction Phase 2.757ms
[5.978s][info][gc,phases,start] GC(34) Post Compact
[5.981s][info][gc,phases      ] GC(34) Post Compact 2.551ms
[5.981s][info][gc,heap        ] GC(34) PSYoungGen: 352256K(514048K)->314898K(515072K) Eden: 352256K(352256K)->314898K(352256K) From: 0K(161792K)->0K(162816K)
[5.981s][info][gc,heap        ] GC(34) ParOldGen: 1398136K(1398272K)->1398136K(1398272K)
[5.981s][info][gc,metaspace   ] GC(34) Metaspace: 1306K(1472K)->1306K(1472K) NonClass: 1207K(1280K)->1207K(1280K) Class: 98K(192K)->98K(192K)
[5.981s][info][gc             ] GC(34) Pause Full (Ergonomics) 1709M->1672M(1868M) 8.418ms
[5.981s][info][gc,cpu         ] GC(34) User=0.00s Sys=0.00s Real=0.01s
[6.000s][info][gc,start       ] GC(35) Pause Full (Ergonomics)
[6.000s][info][gc,phases,start] GC(35) Marking Phase
[6.002s][info][gc,phases      ] GC(35) Marking Phase 2.469ms
[6.002s][info][gc,phases,start] GC(35) Summary Phase
[6.002s][info][gc,phases      ] GC(35) Summary Phase 0.028ms
[6.002s][info][gc,phases,start] GC(35) Adjust Roots
[6.003s][info][gc,phases      ] GC(35) Adjust Roots 0.376ms
[6.003s][info][gc,phases,start] GC(35) Compaction Phase
[6.005s][info][gc,phases      ] GC(35) Compaction Phase 2.312ms
[6.005s][info][gc,phases,start] GC(35) Post Compact
[6.007s][info][gc,phases      ] GC(35) Post Compact 2.262ms
[6.007s][info][gc,heap        ] GC(35) PSYoungGen: 352256K(515072K)->321936K(514048K) Eden: 352256K(352256K)->321936K(352256K) From: 0K(162816K)->0K(161792K)
[6.007s][info][gc,heap        ] GC(35) ParOldGen: 1398136K(1398272K)->1398136K(1398272K)
[6.007s][info][gc,metaspace   ] GC(35) Metaspace: 1306K(1472K)->1306K(1472K) NonClass: 1207K(1280K)->1207K(1280K) Class: 98K(192K)->98K(192K)
[6.007s][info][gc             ] GC(35) Pause Full (Ergonomics) 1709M->1679M(1867M) 7.746ms
[6.008s][info][gc,cpu         ] GC(35) User=0.00s Sys=0.00s Real=0.01s
[6.023s][info][gc,start       ] GC(36) Pause Full (Ergonomics)
[6.023s][info][gc,phases,start] GC(36) Marking Phase
[6.026s][info][gc,phases      ] GC(36) Marking Phase 2.611ms
[6.026s][info][gc,phases,start] GC(36) Summary Phase
[6.026s][info][gc,phases      ] GC(36) Summary Phase 0.030ms
[6.026s][info][gc,phases,start] GC(36) Adjust Roots
[6.026s][info][gc,phases      ] GC(36) Adjust Roots 0.333ms
[6.026s][info][gc,phases,start] GC(36) Compaction Phase
[6.028s][info][gc,phases      ] GC(36) Compaction Phase 2.194ms
[6.028s][info][gc,phases,start] GC(36) Post Compact
[6.031s][info][gc,phases      ] GC(36) Post Compact 2.241ms
[6.031s][info][gc,heap        ] GC(36) PSYoungGen: 352256K(514048K)->327838K(515072K) Eden: 352256K(352256K)->327838K(352256K) From: 0K(161792K)->0K(162816K)
[6.031s][info][gc,heap        ] GC(36) ParOldGen: 1398136K(1398272K)->1398136K(1398272K)
[6.031s][info][gc,metaspace   ] GC(36) Metaspace: 1306K(1472K)->1306K(1472K) NonClass: 1207K(1280K)->1207K(1280K) Class: 98K(192K)->98K(192K)
[6.031s][info][gc             ] GC(36) Pause Full (Ergonomics) 1709M->1685M(1868M) 7.688ms
[6.031s][info][gc,cpu         ] GC(36) User=0.00s Sys=0.00s Real=0.01s
[6.044s][info][gc,start       ] GC(37) Pause Full (Ergonomics)
[6.044s][info][gc,phases,start] GC(37) Marking Phase
[6.046s][info][gc,phases      ] GC(37) Marking Phase 2.456ms
[6.046s][info][gc,phases,start] GC(37) Summary Phase
[6.046s][info][gc,phases      ] GC(37) Summary Phase 0.029ms
[6.046s][info][gc,phases,start] GC(37) Adjust Roots
[6.047s][info][gc,phases      ] GC(37) Adjust Roots 0.328ms
[6.047s][info][gc,phases,start] GC(37) Compaction Phase
[6.049s][info][gc,phases      ] GC(37) Compaction Phase 2.229ms
[6.049s][info][gc,phases,start] GC(37) Post Compact
[6.051s][info][gc,phases      ] GC(37) Post Compact 2.293ms
[6.051s][info][gc,heap        ] GC(37) PSYoungGen: 352256K(515072K)->332744K(514048K) Eden: 352256K(352256K)->332744K(352256K) From: 0K(162816K)->0K(161792K)
[6.051s][info][gc,heap        ] GC(37) ParOldGen: 1398136K(1398272K)->1398136K(1398272K)
[6.051s][info][gc,metaspace   ] GC(37) Metaspace: 1306K(1472K)->1306K(1472K) NonClass: 1207K(1280K)->1207K(1280K) Class: 98K(192K)->98K(192K)
[6.051s][info][gc             ] GC(37) Pause Full (Ergonomics) 1709M->1690M(1867M) 7.577ms
[6.051s][info][gc,cpu         ] GC(37) User=0.00s Sys=0.00s Real=0.01s
[6.062s][info][gc,start       ] GC(38) Pause Full (Ergonomics)
[6.062s][info][gc,phases,start] GC(38) Marking Phase
[6.065s][info][gc,phases      ] GC(38) Marking Phase 2.597ms
[6.065s][info][gc,phases,start] GC(38) Summary Phase
[6.065s][info][gc,phases      ] GC(38) Summary Phase 0.099ms
[6.065s][info][gc,phases,start] GC(38) Adjust Roots
[6.065s][info][gc,phases      ] GC(38) Adjust Roots 0.371ms
[6.065s][info][gc,phases,start] GC(38) Compaction Phase
[6.067s][info][gc,phases      ] GC(38) Compaction Phase 2.143ms
[6.067s][info][gc,phases,start] GC(38) Post Compact
[6.070s][info][gc,phases      ] GC(38) Post Compact 2.313ms
[6.070s][info][gc,heap        ] GC(38) PSYoungGen: 352193K(514048K)->336603K(515072K) Eden: 352193K(352256K)->336603K(352256K) From: 0K(161792K)->0K(162816K)
[6.070s][info][gc,heap        ] GC(38) ParOldGen: 1398136K(1398272K)->1398136K(1398272K)
[6.070s][info][gc,metaspace   ] GC(38) Metaspace: 1306K(1472K)->1306K(1472K) NonClass: 1207K(1280K)->1207K(1280K) Class: 98K(192K)->98K(192K)
[6.070s][info][gc             ] GC(38) Pause Full (Ergonomics) 1709M->1694M(1868M) 7.761ms
[6.070s][info][gc,cpu         ] GC(38) User=0.02s Sys=0.00s Real=0.01s
[6.078s][info][gc,start       ] GC(39) Pause Full (Ergonomics)
[6.078s][info][gc,phases,start] GC(39) Marking Phase
[6.081s][info][gc,phases      ] GC(39) Marking Phase 2.577ms
[6.081s][info][gc,phases,start] GC(39) Summary Phase
[6.081s][info][gc,phases      ] GC(39) Summary Phase 0.028ms
[6.081s][info][gc,phases,start] GC(39) Adjust Roots
[6.081s][info][gc,phases      ] GC(39) Adjust Roots 0.335ms
[6.081s][info][gc,phases,start] GC(39) Compaction Phase
[6.083s][info][gc,phases      ] GC(39) Compaction Phase 2.051ms
[6.083s][info][gc,phases,start] GC(39) Post Compact
[6.085s][info][gc,phases      ] GC(39) Post Compact 2.303ms
[6.085s][info][gc,heap        ] GC(39) PSYoungGen: 352256K(515072K)->339788K(514048K) Eden: 352256K(352256K)->339788K(352256K) From: 0K(162816K)->0K(161792K)
[6.085s][info][gc,heap        ] GC(39) ParOldGen: 1398136K(1398272K)->1398136K(1398272K)
[6.085s][info][gc,metaspace   ] GC(39) Metaspace: 1306K(1472K)->1306K(1472K) NonClass: 1207K(1280K)->1207K(1280K) Class: 98K(192K)->98K(192K)
[6.085s][info][gc             ] GC(39) Pause Full (Ergonomics) 1709M->1697M(1867M) 7.511ms
[6.085s][info][gc,cpu         ] GC(39) User=0.02s Sys=0.00s Real=0.01s
[6.092s][info][gc,start       ] GC(40) Pause Full (Ergonomics)
[6.092s][info][gc,phases,start] GC(40) Marking Phase
[6.095s][info][gc,phases      ] GC(40) Marking Phase 2.611ms
[6.095s][info][gc,phases,start] GC(40) Summary Phase
[6.095s][info][gc,phases      ] GC(40) Summary Phase 0.029ms
[6.095s][info][gc,phases,start] GC(40) Adjust Roots
[6.095s][info][gc,phases      ] GC(40) Adjust Roots 0.356ms
[6.095s][info][gc,phases,start] GC(40) Compaction Phase
[6.097s][info][gc,phases      ] GC(40) Compaction Phase 2.176ms
[6.097s][info][gc,phases,start] GC(40) Post Compact
[6.100s][info][gc,phases      ] GC(40) Post Compact 2.262ms
[6.100s][info][gc,heap        ] GC(40) PSYoungGen: 352256K(514048K)->342023K(515072K) Eden: 352256K(352256K)->342023K(352256K) From: 0K(161792K)->0K(162816K)
[6.100s][info][gc,heap        ] GC(40) ParOldGen: 1398136K(1398272K)->1398136K(1398272K)
[6.100s][info][gc,metaspace   ] GC(40) Metaspace: 1306K(1472K)->1306K(1472K) NonClass: 1207K(1280K)->1207K(1280K) Class: 98K(192K)->98K(192K)
[6.100s][info][gc             ] GC(40) Pause Full (Ergonomics) 1709M->1699M(1868M) 7.652ms
[6.100s][info][gc,cpu         ] GC(40) User=0.02s Sys=0.00s Real=0.01s
[6.105s][info][gc,start       ] GC(41) Pause Full (Ergonomics)
[6.105s][info][gc,phases,start] GC(41) Marking Phase
[6.108s][info][gc,phases      ] GC(41) Marking Phase 2.829ms
[6.108s][info][gc,phases,start] GC(41) Summary Phase
[6.108s][info][gc,phases      ] GC(41) Summary Phase 0.030ms
[6.108s][info][gc,phases,start] GC(41) Adjust Roots
[6.109s][info][gc,phases      ] GC(41) Adjust Roots 0.390ms
[6.109s][info][gc,phases,start] GC(41) Compaction Phase
[6.111s][info][gc,phases      ] GC(41) Compaction Phase 1.921ms
[6.111s][info][gc,phases,start] GC(41) Post Compact
[6.113s][info][gc,phases      ] GC(41) Post Compact 2.633ms
[6.113s][info][gc,heap        ] GC(41) PSYoungGen: 352256K(515072K)->343929K(514048K) Eden: 352256K(352256K)->343929K(352256K) From: 0K(162816K)->0K(161792K)
[6.113s][info][gc,heap        ] GC(41) ParOldGen: 1398136K(1398272K)->1398136K(1398272K)
[6.113s][info][gc,metaspace   ] GC(41) Metaspace: 1306K(1472K)->1306K(1472K) NonClass: 1207K(1280K)->1207K(1280K) Class: 98K(192K)->98K(192K)
[6.113s][info][gc             ] GC(41) Pause Full (Ergonomics) 1709M->1701M(1867M) 8.061ms
[6.113s][info][gc,cpu         ] GC(41) User=0.00s Sys=0.00s Real=0.01s
[6.118s][info][gc,start       ] GC(42) Pause Full (Ergonomics)
[6.118s][info][gc,phases,start] GC(42) Marking Phase
[6.120s][info][gc,phases      ] GC(42) Marking Phase 2.472ms
[6.120s][info][gc,phases,start] GC(42) Summary Phase
[6.120s][info][gc,phases      ] GC(42) Summary Phase 0.029ms
[6.120s][info][gc,phases,start] GC(42) Adjust Roots
[6.121s][info][gc,phases      ] GC(42) Adjust Roots 0.349ms
[6.121s][info][gc,phases,start] GC(42) Compaction Phase
[6.123s][info][gc,phases      ] GC(42) Compaction Phase 1.916ms
[6.123s][info][gc,phases,start] GC(42) Post Compact
[6.125s][info][gc,phases      ] GC(42) Post Compact 2.264ms
[6.125s][info][gc,heap        ] GC(42) PSYoungGen: 352216K(514048K)->345645K(515072K) Eden: 352216K(352256K)->345645K(352256K) From: 0K(161792K)->0K(162816K)
[6.125s][info][gc,heap        ] GC(42) ParOldGen: 1398136K(1398272K)->1398136K(1398272K)
[6.125s][info][gc,metaspace   ] GC(42) Metaspace: 1306K(1472K)->1306K(1472K) NonClass: 1207K(1280K)->1207K(1280K) Class: 98K(192K)->98K(192K)
[6.125s][info][gc             ] GC(42) Pause Full (Ergonomics) 1709M->1702M(1868M) 7.256ms
[6.125s][info][gc,cpu         ] GC(42) User=0.00s Sys=0.00s Real=0.01s
[6.129s][info][gc,start       ] GC(43) Pause Full (Ergonomics)
[6.129s][info][gc,phases,start] GC(43) Marking Phase
[6.132s][info][gc,phases      ] GC(43) Marking Phase 2.623ms
[6.132s][info][gc,phases,start] GC(43) Summary Phase
[6.132s][info][gc,phases      ] GC(43) Summary Phase 0.030ms
[6.132s][info][gc,phases,start] GC(43) Adjust Roots
[6.132s][info][gc,phases      ] GC(43) Adjust Roots 0.455ms
[6.132s][info][gc,phases,start] GC(43) Compaction Phase
[6.134s][info][gc,phases      ] GC(43) Compaction Phase 1.909ms
[6.134s][info][gc,phases,start] GC(43) Post Compact
[6.137s][info][gc,phases      ] GC(43) Post Compact 2.279ms
[6.137s][info][gc,heap        ] GC(43) PSYoungGen: 352256K(515072K)->346797K(514048K) Eden: 352256K(352256K)->346797K(352256K) From: 0K(162816K)->0K(161792K)
[6.137s][info][gc,heap        ] GC(43) ParOldGen: 1398136K(1398272K)->1398136K(1398272K)
[6.137s][info][gc,metaspace   ] GC(43) Metaspace: 1306K(1472K)->1306K(1472K) NonClass: 1207K(1280K)->1207K(1280K) Class: 98K(192K)->98K(192K)
[6.137s][info][gc             ] GC(43) Pause Full (Ergonomics) 1709M->1704M(1867M) 7.552ms
[6.137s][info][gc,cpu         ] GC(43) User=0.00s Sys=0.00s Real=0.01s
[6.140s][info][gc,start       ] GC(44) Pause Full (Ergonomics)
[6.140s][info][gc,phases,start] GC(44) Marking Phase
[6.143s][info][gc,phases      ] GC(44) Marking Phase 2.607ms
[6.143s][info][gc,phases,start] GC(44) Summary Phase
[6.143s][info][gc,phases      ] GC(44) Summary Phase 0.029ms
[6.143s][info][gc,phases,start] GC(44) Adjust Roots
[6.143s][info][gc,phases      ] GC(44) Adjust Roots 0.354ms
[6.143s][info][gc,phases,start] GC(44) Compaction Phase
[6.145s][info][gc,phases      ] GC(44) Compaction Phase 2.012ms
[6.145s][info][gc,phases,start] GC(44) Post Compact
[6.148s][info][gc,phases      ] GC(44) Post Compact 2.335ms
[6.148s][info][gc,heap        ] GC(44) PSYoungGen: 352256K(514048K)->347968K(515072K) Eden: 352256K(352256K)->347968K(352256K) From: 0K(161792K)->0K(162816K)
[6.148s][info][gc,heap        ] GC(44) ParOldGen: 1398136K(1398272K)->1398136K(1398272K)
[6.148s][info][gc,metaspace   ] GC(44) Metaspace: 1306K(1472K)->1306K(1472K) NonClass: 1207K(1280K)->1207K(1280K) Class: 98K(192K)->98K(192K)
[6.148s][info][gc             ] GC(44) Pause Full (Ergonomics) 1709M->1705M(1868M) 7.588ms
[6.148s][info][gc,cpu         ] GC(44) User=0.00s Sys=0.00s Real=0.01s
[6.150s][info][gc,start       ] GC(45) Pause Full (Ergonomics)
[6.150s][info][gc,phases,start] GC(45) Marking Phase
[6.153s][info][gc,phases      ] GC(45) Marking Phase 2.481ms
[6.153s][info][gc,phases,start] GC(45) Summary Phase
[6.153s][info][gc,phases      ] GC(45) Summary Phase 0.029ms
[6.153s][info][gc,phases,start] GC(45) Adjust Roots
[6.153s][info][gc,phases      ] GC(45) Adjust Roots 0.403ms
[6.153s][info][gc,phases,start] GC(45) Compaction Phase
[6.155s][info][gc,phases      ] GC(45) Compaction Phase 1.862ms
[6.155s][info][gc,phases,start] GC(45) Post Compact
[6.157s][info][gc,phases      ] GC(45) Post Compact 2.237ms
[6.157s][info][gc,heap        ] GC(45) PSYoungGen: 352256K(515072K)->348846K(514048K) Eden: 352256K(352256K)->348846K(352256K) From: 0K(162816K)->0K(161792K)
[6.157s][info][gc,heap        ] GC(45) ParOldGen: 1398136K(1398272K)->1398136K(1398272K)
[6.157s][info][gc,metaspace   ] GC(45) Metaspace: 1306K(1472K)->1306K(1472K) NonClass: 1207K(1280K)->1207K(1280K) Class: 98K(192K)->98K(192K)
[6.157s][info][gc             ] GC(45) Pause Full (Ergonomics) 1709M->1706M(1867M) 7.234ms
[6.157s][info][gc,cpu         ] GC(45) User=0.00s Sys=0.00s Real=0.01s
[6.159s][info][gc,start       ] GC(46) Pause Full (Ergonomics)
[6.159s][info][gc,phases,start] GC(46) Marking Phase
[6.162s][info][gc,phases      ] GC(46) Marking Phase 2.840ms
[6.162s][info][gc,phases,start] GC(46) Summary Phase
[6.162s][info][gc,phases      ] GC(46) Summary Phase 0.029ms
[6.162s][info][gc,phases,start] GC(46) Adjust Roots
[6.163s][info][gc,phases      ] GC(46) Adjust Roots 0.331ms
[6.163s][info][gc,phases,start] GC(46) Compaction Phase
[6.165s][info][gc,phases      ] GC(46) Compaction Phase 2.417ms
[6.165s][info][gc,phases,start] GC(46) Post Compact
[6.168s][info][gc,phases      ] GC(46) Post Compact 2.394ms
[6.168s][info][gc,heap        ] GC(46) PSYoungGen: 351858K(514048K)->349525K(515072K) Eden: 351858K(352256K)->349525K(352256K) From: 0K(161792K)->0K(162816K)
[6.168s][info][gc,heap        ] GC(46) ParOldGen: 1398136K(1398272K)->1398136K(1398272K)
[6.168s][info][gc,metaspace   ] GC(46) Metaspace: 1306K(1472K)->1306K(1472K) NonClass: 1207K(1280K)->1207K(1280K) Class: 98K(192K)->98K(192K)
[6.168s][info][gc             ] GC(46) Pause Full (Ergonomics) 1708M->1706M(1868M) 8.270ms
[6.168s][info][gc,cpu         ] GC(46) User=0.00s Sys=0.00s Real=0.01s
[6.169s][info][gc,start       ] GC(47) Pause Full (Ergonomics)
[6.170s][info][gc,phases,start] GC(47) Marking Phase
[6.172s][info][gc,phases      ] GC(47) Marking Phase 2.833ms
[6.172s][info][gc,phases,start] GC(47) Summary Phase
[6.172s][info][gc,phases      ] GC(47) Summary Phase 0.030ms
[6.172s][info][gc,phases,start] GC(47) Adjust Roots
[6.173s][info][gc,phases      ] GC(47) Adjust Roots 0.345ms
[6.173s][info][gc,phases,start] GC(47) Compaction Phase
[6.175s][info][gc,phases      ] GC(47) Compaction Phase 2.034ms
[6.175s][info][gc,phases,start] GC(47) Post Compact
[6.177s][info][gc,phases      ] GC(47) Post Compact 2.261ms
[6.177s][info][gc,heap        ] GC(47) PSYoungGen: 352206K(515072K)->350045K(514048K) Eden: 352206K(352256K)->350045K(352256K) From: 0K(162816K)->0K(161792K)
[6.177s][info][gc,heap        ] GC(47) ParOldGen: 1398136K(1398272K)->1398136K(1398272K)
[6.177s][info][gc,metaspace   ] GC(47) Metaspace: 1306K(1472K)->1306K(1472K) NonClass: 1207K(1280K)->1207K(1280K) Class: 98K(192K)->98K(192K)
[6.177s][info][gc             ] GC(47) Pause Full (Ergonomics) 1709M->1707M(1867M) 7.790ms
[6.177s][info][gc,cpu         ] GC(47) User=0.00s Sys=0.00s Real=0.01s
[6.179s][info][gc,start       ] GC(48) Pause Full (Ergonomics)
[6.179s][info][gc,phases,start] GC(48) Marking Phase
[6.181s][info][gc,phases      ] GC(48) Marking Phase 2.700ms
[6.182s][info][gc,phases,start] GC(48) Summary Phase
[6.182s][info][gc,phases      ] GC(48) Summary Phase 0.029ms
[6.182s][info][gc,phases,start] GC(48) Adjust Roots
[6.182s][info][gc,phases      ] GC(48) Adjust Roots 0.332ms
[6.182s][info][gc,phases,start] GC(48) Compaction Phase
[6.184s][info][gc,phases      ] GC(48) Compaction Phase 1.912ms
[6.184s][info][gc,phases,start] GC(48) Post Compact
[6.186s][info][gc,phases      ] GC(48) Post Compact 2.207ms
[6.186s][info][gc,heap        ] GC(48) PSYoungGen: 352241K(514048K)->350503K(515072K) Eden: 352241K(352256K)->350503K(352256K) From: 0K(161792K)->0K(162816K)
[6.186s][info][gc,heap        ] GC(48) ParOldGen: 1398136K(1398272K)->1398136K(1398272K)
[6.186s][info][gc,metaspace   ] GC(48) Metaspace: 1306K(1472K)->1306K(1472K) NonClass: 1207K(1280K)->1207K(1280K) Class: 98K(192K)->98K(192K)
[6.186s][info][gc             ] GC(48) Pause Full (Ergonomics) 1709M->1707M(1868M) 7.401ms
[6.186s][info][gc,cpu         ] GC(48) User=0.00s Sys=0.00s Real=0.01s
[6.188s][info][gc,start       ] GC(49) Pause Full (Ergonomics)
[6.188s][info][gc,phases,start] GC(49) Marking Phase
[6.190s][info][gc,phases      ] GC(49) Marking Phase 2.918ms
[6.190s][info][gc,phases,start] GC(49) Summary Phase
[6.191s][info][gc,phases      ] GC(49) Summary Phase 0.029ms
[6.191s][info][gc,phases,start] GC(49) Adjust Roots
[6.191s][info][gc,phases      ] GC(49) Adjust Roots 0.371ms
[6.191s][info][gc,phases,start] GC(49) Compaction Phase
[6.193s][info][gc,phases      ] GC(49) Compaction Phase 1.883ms
[6.193s][info][gc,phases,start] GC(49) Post Compact
[6.195s][info][gc,phases      ] GC(49) Post Compact 2.206ms
[6.195s][info][gc,heap        ] GC(49) PSYoungGen: 352249K(515072K)->350867K(514048K) Eden: 352249K(352256K)->350867K(352256K) From: 0K(162816K)->0K(161792K)
[6.195s][info][gc,heap        ] GC(49) ParOldGen: 1398136K(1398272K)->1398136K(1398272K)
[6.195s][info][gc,metaspace   ] GC(49) Metaspace: 1306K(1472K)->1306K(1472K) NonClass: 1207K(1280K)->1207K(1280K) Class: 98K(192K)->98K(192K)
[6.195s][info][gc             ] GC(49) Pause Full (Ergonomics) 1709M->1708M(1867M) 7.640ms
[6.195s][info][gc,cpu         ] GC(49) User=0.00s Sys=0.00s Real=0.01s
[6.196s][info][gc,start       ] GC(50) Pause Full (Ergonomics)
[6.196s][info][gc,phases,start] GC(50) Marking Phase
[6.199s][info][gc,phases      ] GC(50) Marking Phase 2.696ms
[6.199s][info][gc,phases,start] GC(50) Summary Phase
[6.199s][info][gc,phases      ] GC(50) Summary Phase 0.029ms
[6.199s][info][gc,phases,start] GC(50) Adjust Roots
[6.199s][info][gc,phases      ] GC(50) Adjust Roots 0.334ms
[6.199s][info][gc,phases,start] GC(50) Compaction Phase
[6.201s][info][gc,phases      ] GC(50) Compaction Phase 1.864ms
[6.201s][info][gc,phases,start] GC(50) Post Compact
[6.203s][info][gc,phases      ] GC(50) Post Compact 2.204ms
[6.204s][info][gc,heap        ] GC(50) PSYoungGen: 352079K(514048K)->351187K(515072K) Eden: 352079K(352256K)->351187K(352256K) From: 0K(161792K)->0K(162816K)
[6.204s][info][gc,heap        ] GC(50) ParOldGen: 1398136K(1398272K)->1398136K(1398272K)
[6.204s][info][gc,metaspace   ] GC(50) Metaspace: 1306K(1472K)->1306K(1472K) NonClass: 1207K(1280K)->1207K(1280K) Class: 98K(192K)->98K(192K)
[6.204s][info][gc             ] GC(50) Pause Full (Ergonomics) 1709M->1708M(1868M) 7.370ms
[6.204s][info][gc,cpu         ] GC(50) User=0.00s Sys=0.00s Real=0.01s
[6.204s][info][gc,start       ] GC(51) Pause Full (Ergonomics)
[6.204s][info][gc,phases,start] GC(51) Marking Phase
[6.207s][info][gc,phases      ] GC(51) Marking Phase 2.683ms
[6.207s][info][gc,phases,start] GC(51) Summary Phase
[6.207s][info][gc,phases      ] GC(51) Summary Phase 0.029ms
[6.207s][info][gc,phases,start] GC(51) Adjust Roots
[6.207s][info][gc,phases      ] GC(51) Adjust Roots 0.384ms
[6.207s][info][gc,phases,start] GC(51) Compaction Phase
[6.209s][info][gc,phases      ] GC(51) Compaction Phase 1.881ms
[6.209s][info][gc,phases,start] GC(51) Post Compact
[6.212s][info][gc,phases      ] GC(51) Post Compact 2.275ms
[6.212s][info][gc,heap        ] GC(51) PSYoungGen: 352256K(515072K)->351640K(514048K) Eden: 352256K(352256K)->351640K(352256K) From: 0K(162816K)->0K(161792K)
[6.212s][info][gc,heap        ] GC(51) ParOldGen: 1398136K(1398272K)->1398136K(1398272K)
[6.212s][info][gc,metaspace   ] GC(51) Metaspace: 1306K(1472K)->1306K(1472K) NonClass: 1207K(1280K)->1207K(1280K) Class: 98K(192K)->98K(192K)
[6.212s][info][gc             ] GC(51) Pause Full (Ergonomics) 1709M->1708M(1867M) 7.474ms
[6.212s][info][gc,cpu         ] GC(51) User=0.02s Sys=0.00s Real=0.01s
[6.212s][info][gc,start       ] GC(52) Pause Full (Ergonomics)
[6.212s][info][gc,phases,start] GC(52) Marking Phase
[6.215s][info][gc,phases      ] GC(52) Marking Phase 2.577ms
[6.215s][info][gc,phases,start] GC(52) Summary Phase
[6.215s][info][gc,phases      ] GC(52) Summary Phase 0.029ms
[6.215s][info][gc,phases,start] GC(52) Adjust Roots
[6.215s][info][gc,phases      ] GC(52) Adjust Roots 0.379ms
[6.215s][info][gc,phases,start] GC(52) Compaction Phase
[6.217s][info][gc,phases      ] GC(52) Compaction Phase 1.896ms
[6.217s][info][gc,phases,start] GC(52) Post Compact
[6.220s][info][gc,phases      ] GC(52) Post Compact 2.234ms
[6.220s][info][gc,heap        ] GC(52) PSYoungGen: 352228K(514048K)->351434K(515072K) Eden: 352228K(352256K)->351434K(352256K) From: 0K(161792K)->0K(162816K)
[6.220s][info][gc,heap        ] GC(52) ParOldGen: 1398136K(1398272K)->1398136K(1398272K)
[6.220s][info][gc,metaspace   ] GC(52) Metaspace: 1306K(1472K)->1306K(1472K) NonClass: 1207K(1280K)->1207K(1280K) Class: 98K(192K)->98K(192K)
[6.220s][info][gc             ] GC(52) Pause Full (Ergonomics) 1709M->1708M(1868M) 7.337ms
[6.220s][info][gc,cpu         ] GC(52) User=0.00s Sys=0.00s Real=0.01s
[6.220s][info][gc,start       ] GC(53) Pause Full (Ergonomics)
[6.220s][info][gc,phases,start] GC(53) Marking Phase
[6.223s][info][gc,phases      ] GC(53) Marking Phase 3.002ms
[6.223s][info][gc,phases,start] GC(53) Summary Phase
[6.224s][info][gc,phases      ] GC(53) Summary Phase 0.029ms
[6.224s][info][gc,phases,start] GC(53) Adjust Roots
[6.224s][info][gc,phases      ] GC(53) Adjust Roots 0.354ms
[6.224s][info][gc,phases,start] GC(53) Compaction Phase
[6.226s][info][gc,phases      ] GC(53) Compaction Phase 2.025ms
[6.226s][info][gc,phases,start] GC(53) Post Compact
[6.228s][info][gc,phases      ] GC(53) Post Compact 2.517ms
[6.229s][info][gc,heap        ] GC(53) PSYoungGen: 352058K(515072K)->351656K(514048K) Eden: 352058K(352256K)->351656K(352256K) From: 0K(162816K)->0K(161792K)
[6.229s][info][gc,heap        ] GC(53) ParOldGen: 1398136K(1398272K)->1398136K(1398272K)
[6.229s][info][gc,metaspace   ] GC(53) Metaspace: 1306K(1472K)->1306K(1472K) NonClass: 1207K(1280K)->1207K(1280K) Class: 98K(192K)->98K(192K)
[6.229s][info][gc             ] GC(53) Pause Full (Ergonomics) 1709M->1708M(1867M) 8.151ms
[6.229s][info][gc,cpu         ] GC(53) User=0.02s Sys=0.00s Real=0.01s
[6.229s][info][gc,start       ] GC(54) Pause Full (Ergonomics)
[6.229s][info][gc,phases,start] GC(54) Marking Phase
[6.232s][info][gc,phases      ] GC(54) Marking Phase 2.719ms
[6.232s][info][gc,phases,start] GC(54) Summary Phase
[6.232s][info][gc,phases      ] GC(54) Summary Phase 0.029ms
[6.232s][info][gc,phases,start] GC(54) Adjust Roots
[6.232s][info][gc,phases      ] GC(54) Adjust Roots 0.339ms
[6.232s][info][gc,phases,start] GC(54) Compaction Phase
[6.234s][info][gc,phases      ] GC(54) Compaction Phase 2.077ms
[6.234s][info][gc,phases,start] GC(54) Post Compact
[6.237s][info][gc,phases      ] GC(54) Post Compact 2.622ms
[6.237s][info][gc,heap        ] GC(54) PSYoungGen: 352142K(514048K)->351696K(515072K) Eden: 352142K(352256K)->351696K(352256K) From: 0K(161792K)->0K(162816K)
[6.237s][info][gc,heap        ] GC(54) ParOldGen: 1398136K(1398272K)->1398136K(1398272K)
[6.237s][info][gc,metaspace   ] GC(54) Metaspace: 1306K(1472K)->1306K(1472K) NonClass: 1207K(1280K)->1207K(1280K) Class: 98K(192K)->98K(192K)
[6.237s][info][gc             ] GC(54) Pause Full (Ergonomics) 1709M->1708M(1868M) 8.040ms
[6.237s][info][gc,cpu         ] GC(54) User=0.00s Sys=0.00s Real=0.01s
[6.238s][info][gc,start       ] GC(55) Pause Full (Ergonomics)
[6.238s][info][gc,phases,start] GC(55) Marking Phase
[6.240s][info][gc,phases      ] GC(55) Marking Phase 2.612ms
[6.240s][info][gc,phases,start] GC(55) Summary Phase
[6.240s][info][gc,phases      ] GC(55) Summary Phase 0.030ms
[6.240s][info][gc,phases,start] GC(55) Adjust Roots
[6.241s][info][gc,phases      ] GC(55) Adjust Roots 0.394ms
[6.241s][info][gc,phases,start] GC(55) Compaction Phase
[6.243s][info][gc,phases      ] GC(55) Compaction Phase 1.977ms
[6.243s][info][gc,phases,start] GC(55) Post Compact
[6.246s][info][gc,phases      ] GC(55) Post Compact 2.792ms
[6.246s][info][gc,heap        ] GC(55) PSYoungGen: 352256K(515072K)->351797K(514048K) Eden: 352256K(352256K)->351797K(352256K) From: 0K(162816K)->0K(161792K)
[6.246s][info][gc,heap        ] GC(55) ParOldGen: 1398136K(1398272K)->1398136K(1398272K)
[6.246s][info][gc,metaspace   ] GC(55) Metaspace: 1306K(1472K)->1306K(1472K) NonClass: 1207K(1280K)->1207K(1280K) Class: 98K(192K)->98K(192K)
[6.246s][info][gc             ] GC(55) Pause Full (Ergonomics) 1709M->1708M(1867M) 8.050ms
[6.246s][info][gc,cpu         ] GC(55) User=0.00s Sys=0.00s Real=0.01s
[6.246s][info][gc,start       ] GC(56) Pause Full (Ergonomics)
[6.246s][info][gc,phases,start] GC(56) Marking Phase
[6.249s][info][gc,phases      ] GC(56) Marking Phase 2.584ms
[6.249s][info][gc,phases,start] GC(56) Summary Phase
[6.249s][info][gc,phases      ] GC(56) Summary Phase 0.030ms
[6.249s][info][gc,phases,start] GC(56) Adjust Roots
[6.249s][info][gc,phases      ] GC(56) Adjust Roots 0.376ms
[6.249s][info][gc,phases,start] GC(56) Compaction Phase
[6.251s][info][gc,phases      ] GC(56) Compaction Phase 1.724ms
[6.251s][info][gc,phases,start] GC(56) Post Compact
[6.254s][info][gc,phases      ] GC(56) Post Compact 2.617ms
[6.254s][info][gc,heap        ] GC(56) PSYoungGen: 352047K(514048K)->351881K(515072K) Eden: 352047K(352256K)->351881K(352256K) From: 0K(161792K)->0K(162816K)
[6.254s][info][gc,heap        ] GC(56) ParOldGen: 1398136K(1398272K)->1398136K(1398272K)
[6.254s][info][gc,metaspace   ] GC(56) Metaspace: 1306K(1472K)->1306K(1472K) NonClass: 1207K(1280K)->1207K(1280K) Class: 98K(192K)->98K(192K)
[6.254s][info][gc             ] GC(56) Pause Full (Ergonomics) 1709M->1709M(1868M) 7.559ms
[6.254s][info][gc,cpu         ] GC(56) User=0.00s Sys=0.00s Real=0.01s
[6.254s][info][gc,start       ] GC(57) Pause Full (Ergonomics)
[6.254s][info][gc,phases,start] GC(57) Marking Phase
[6.257s][info][gc,phases      ] GC(57) Marking Phase 2.575ms
[6.257s][info][gc,phases,start] GC(57) Summary Phase
[6.257s][info][gc,phases      ] GC(57) Summary Phase 0.029ms
[6.257s][info][gc,phases,start] GC(57) Adjust Roots
[6.257s][info][gc,phases      ] GC(57) Adjust Roots 0.360ms
[6.257s][info][gc,phases,start] GC(57) Compaction Phase
[6.259s][info][gc,phases      ] GC(57) Compaction Phase 1.710ms
[6.259s][info][gc,phases,start] GC(57) Post Compact
[6.261s][info][gc,phases      ] GC(57) Post Compact 2.256ms
[6.261s][info][gc,heap        ] GC(57) PSYoungGen: 352130K(515072K)->351993K(514048K) Eden: 352130K(352256K)->351993K(352256K) From: 0K(162816K)->0K(161792K)
[6.261s][info][gc,heap        ] GC(57) ParOldGen: 1398136K(1398272K)->1398136K(1398272K)
[6.261s][info][gc,metaspace   ] GC(57) Metaspace: 1306K(1472K)->1306K(1472K) NonClass: 1207K(1280K)->1207K(1280K) Class: 98K(192K)->98K(192K)
[6.261s][info][gc             ] GC(57) Pause Full (Ergonomics) 1709M->1709M(1867M) 7.143ms
[6.261s][info][gc,cpu         ] GC(57) User=0.00s Sys=0.00s Real=0.01s
[6.262s][info][gc,start       ] GC(58) Pause Full (Ergonomics)
[6.262s][info][gc,phases,start] GC(58) Marking Phase
[6.264s][info][gc,phases      ] GC(58) Marking Phase 2.819ms
[6.264s][info][gc,phases,start] GC(58) Summary Phase
[6.264s][info][gc,phases      ] GC(58) Summary Phase 0.029ms
[6.265s][info][gc,phases,start] GC(58) Adjust Roots
[6.265s][info][gc,phases      ] GC(58) Adjust Roots 0.332ms
[6.265s][info][gc,phases,start] GC(58) Compaction Phase
[6.267s][info][gc,phases      ] GC(58) Compaction Phase 1.839ms
[6.267s][info][gc,phases,start] GC(58) Post Compact
[6.269s][info][gc,phases      ] GC(58) Post Compact 2.497ms
[6.269s][info][gc,heap        ] GC(58) PSYoungGen: 352256K(514048K)->351908K(515072K) Eden: 352256K(352256K)->351908K(352256K) From: 0K(161792K)->0K(162816K)
[6.269s][info][gc,heap        ] GC(58) ParOldGen: 1398136K(1398272K)->1398136K(1398272K)
[6.269s][info][gc,metaspace   ] GC(58) Metaspace: 1306K(1472K)->1306K(1472K) NonClass: 1207K(1280K)->1207K(1280K) Class: 98K(192K)->98K(192K)
[6.269s][info][gc             ] GC(58) Pause Full (Ergonomics) 1709M->1709M(1868M) 7.750ms
[6.269s][info][gc,cpu         ] GC(58) User=0.02s Sys=0.00s Real=0.01s
[6.270s][info][gc,start       ] GC(59) Pause Full (Ergonomics)
[6.270s][info][gc,phases,start] GC(59) Marking Phase
[6.273s][info][gc,phases      ] GC(59) Marking Phase 2.759ms
[6.273s][info][gc,phases,start] GC(59) Summary Phase
[6.273s][info][gc,phases      ] GC(59) Summary Phase 0.028ms
[6.273s][info][gc,phases,start] GC(59) Adjust Roots
[6.273s][info][gc,phases      ] GC(59) Adjust Roots 0.357ms
[6.273s][info][gc,phases,start] GC(59) Compaction Phase
[6.275s][info][gc,phases      ] GC(59) Compaction Phase 1.782ms
[6.275s][info][gc,phases,start] GC(59) Post Compact
[6.277s][info][gc,phases      ] GC(59) Post Compact 2.225ms
[6.277s][info][gc,heap        ] GC(59) PSYoungGen: 352221K(515072K)->352004K(514048K) Eden: 352221K(352256K)->352004K(352256K) From: 0K(162816K)->0K(161792K)
[6.277s][info][gc,heap        ] GC(59) ParOldGen: 1398136K(1398272K)->1398136K(1398272K)
[6.277s][info][gc,metaspace   ] GC(59) Metaspace: 1306K(1472K)->1306K(1472K) NonClass: 1207K(1280K)->1207K(1280K) Class: 98K(192K)->98K(192K)
[6.277s][info][gc             ] GC(59) Pause Full (Ergonomics) 1709M->1709M(1867M) 7.388ms
[6.277s][info][gc,cpu         ] GC(59) User=0.00s Sys=0.00s Real=0.01s
[6.278s][info][gc,start       ] GC(60) Pause Full (Ergonomics)
[6.278s][info][gc,phases,start] GC(60) Marking Phase
[6.280s][info][gc,phases      ] GC(60) Marking Phase 2.855ms
[6.280s][info][gc,phases,start] GC(60) Summary Phase
[6.281s][info][gc,phases      ] GC(60) Summary Phase 0.028ms
[6.281s][info][gc,phases,start] GC(60) Adjust Roots
[6.281s][info][gc,phases      ] GC(60) Adjust Roots 0.336ms
[6.281s][info][gc,phases,start] GC(60) Compaction Phase
[6.283s][info][gc,phases      ] GC(60) Compaction Phase 1.829ms
[6.283s][info][gc,phases,start] GC(60) Post Compact
[6.285s][info][gc,phases      ] GC(60) Post Compact 2.601ms
[6.285s][info][gc,heap        ] GC(60) PSYoungGen: 352256K(514048K)->352100K(515072K) Eden: 352256K(352256K)->352100K(352256K) From: 0K(161792K)->0K(162816K)
[6.285s][info][gc,heap        ] GC(60) ParOldGen: 1398136K(1398272K)->1398136K(1398272K)
[6.285s][info][gc,metaspace   ] GC(60) Metaspace: 1306K(1472K)->1306K(1472K) NonClass: 1207K(1280K)->1207K(1280K) Class: 98K(192K)->98K(192K)
[6.285s][info][gc             ] GC(60) Pause Full (Ergonomics) 1709M->1709M(1868M) 7.877ms
[6.285s][info][gc,cpu         ] GC(60) User=0.02s Sys=0.00s Real=0.01s
[6.286s][info][gc,start       ] GC(61) Pause Full (Ergonomics)
[6.286s][info][gc,phases,start] GC(61) Marking Phase
[6.288s][info][gc,phases      ] GC(61) Marking Phase 2.597ms
[6.288s][info][gc,phases,start] GC(61) Summary Phase
[6.288s][info][gc,phases      ] GC(61) Summary Phase 0.029ms
[6.288s][info][gc,phases,start] GC(61) Adjust Roots
[6.289s][info][gc,phases      ] GC(61) Adjust Roots 0.396ms
[6.289s][info][gc,phases,start] GC(61) Compaction Phase
[6.291s][info][gc,phases      ] GC(61) Compaction Phase 1.754ms
[6.291s][info][gc,phases,start] GC(61) Post Compact
[6.293s][info][gc,phases      ] GC(61) Post Compact 2.240ms
[6.293s][info][gc,heap        ] GC(61) PSYoungGen: 352127K(515072K)->352100K(514048K) Eden: 352127K(352256K)->352100K(352256K) From: 0K(162816K)->0K(161792K)
[6.293s][info][gc,heap        ] GC(61) ParOldGen: 1398136K(1398272K)->1398136K(1398272K)
[6.293s][info][gc,metaspace   ] GC(61) Metaspace: 1306K(1472K)->1306K(1472K) NonClass: 1207K(1280K)->1207K(1280K) Class: 98K(192K)->98K(192K)
[6.293s][info][gc             ] GC(61) Pause Full (Ergonomics) 1709M->1709M(1867M) 7.230ms
[6.293s][info][gc,cpu         ] GC(61) User=0.00s Sys=0.00s Real=0.01s
[6.293s][info][gc,start       ] GC(62) Pause Full (Allocation Failure)
[6.293s][info][gc,phases,start] GC(62) Marking Phase
[6.296s][info][gc,phases      ] GC(62) Marking Phase 3.027ms
[6.296s][info][gc,phases,start] GC(62) Summary Phase
[6.296s][info][gc,phases      ] GC(62) Summary Phase 0.029ms
[6.296s][info][gc,phases,start] GC(62) Adjust Roots
[6.297s][info][gc,phases      ] GC(62) Adjust Roots 0.535ms
[6.297s][info][gc,phases,start] GC(62) Compaction Phase
[6.411s][info][gc,phases      ] GC(62) Compaction Phase 114.435ms
[6.411s][info][gc,phases,start] GC(62) Post Compact
[6.417s][info][gc,phases      ] GC(62) Post Compact 5.599ms
[6.417s][info][gc,heap        ] GC(62) PSYoungGen: 352100K(514048K)->352100K(515072K) Eden: 352100K(352256K)->352100K(352256K) From: 0K(161792K)->0K(162816K)
[6.417s][info][gc,heap        ] GC(62) ParOldGen: 1398136K(1398272K)->1398128K(1398272K)
[6.417s][info][gc,metaspace   ] GC(62) Metaspace: 1306K(1472K)->1299K(1472K) NonClass: 1207K(1280K)->1202K(1280K) Class: 98K(192K)->96K(192K)
[6.417s][info][gc             ] GC(62) Pause Full (Allocation Failure) 1709M->1709M(1868M) 124.068ms
[6.417s][info][gc,cpu         ] GC(62) User=1.11s Sys=0.00s Real=0.12s
[6.422s][info][gc,heap,exit   ] Heap
[6.422s][info][gc,heap,exit   ]  PSYoungGen      total 515072K, used 352256K [0x00000000d5580000, 0x00000000ff400000, 0x0000000100000000)
[6.422s][info][gc,heap,exit   ]   eden space 352256K, 100% used [0x00000000d5580000,0x00000000ead80000,0x00000000ead80000)
[6.422s][info][gc,heap,exit   ]   from space 162816K, 0% used [0x00000000f4b80000,0x00000000f4b80000,0x00000000fea80000)
[6.422s][info][gc,heap,exit   ]   to   space 161792K, 0% used [0x00000000ead80000,0x00000000ead80000,0x00000000f4b80000)
[6.422s][info][gc,heap,exit   ]  ParOldGen       total 1398272K, used 1398128K [0x0000000080000000, 0x00000000d5580000, 0x00000000d5580000)
[6.422s][info][gc,heap,exit   ]   object space 1398272K, 99% used [0x0000000080000000,0x00000000d555c1c0,0x00000000d5580000)
[6.422s][info][gc,heap,exit   ]  Metaspace       used 1311K, committed 1472K, reserved 1114112K
[6.422s][info][gc,heap,exit   ]   class space    used 98K, committed 192K, reserved 1048576K
