[0.006s][info][gc,heap] Heap region size: 1M
[0.021s][info][gc     ] Using G1
[0.021s][info][gc,heap,coops] Heap address: 0x0000000700000000, size: 4096 MB, Compressed Oops mode: Zero based, Oop shift amount: 3
[0.310s][info][gc,start     ] GC(0) Pause Young (Normal) (G1 Evacuation Pause)
[0.311s][info][gc,task      ] GC(0) Using 13 workers of 13 for evacuation
[0.313s][info][gc,phases    ] GC(0)   Pre Evacuate Collection Set: 0.0ms
[0.313s][info][gc,phases    ] GC(0)   Evacuate Collection Set: 1.6ms
[0.313s][info][gc,phases    ] GC(0)   Post Evacuate Collection Set: 0.2ms
[0.313s][info][gc,phases    ] GC(0)   Other: 0.7ms
[0.313s][info][gc,heap      ] GC(0) Eden regions: 102->0(89)
[0.313s][info][gc,heap      ] GC(0) Survivor regions: 0->13(13)
[0.313s][info][gc,heap      ] GC(0) Old regions: 0->9
[0.313s][info][gc,heap      ] GC(0) Humongous regions: 16->3
[0.313s][info][gc,metaspace ] GC(0) Metaspace: 6835K(7168K)->6835K(7168K) NonClass: 6248K(6400K)->6248K(6400K) Class: 587K(768K)->587K(768K)
[0.313s][info][gc           ] GC(0) Pause Young (Normal) (G1 Evacuation Pause) 117M->24M(2048M) 3.045ms
[0.313s][info][gc,cpu       ] GC(0) User=0.00s Sys=0.00s Real=0.00s
[0.363s][info][gc,start     ] GC(1) Pause Young (Normal) (G1 Evacuation Pause)
[0.363s][info][gc,task      ] GC(1) Using 13 workers of 13 for evacuation
[0.366s][info][gc,phases    ] GC(1)   Pre Evacuate Collection Set: 0.0ms
[0.366s][info][gc,phases    ] GC(1)   Evacuate Collection Set: 1.8ms
[0.366s][info][gc,phases    ] GC(1)   Post Evacuate Collection Set: 0.2ms
[0.366s][info][gc,phases    ] GC(1)   Other: 0.1ms
[0.366s][info][gc,heap      ] GC(1) Eden regions: 89->0(89)
[0.366s][info][gc,heap      ] GC(1) Survivor regions: 13->13(13)
[0.366s][info][gc,heap      ] GC(1) Old regions: 9->25
[0.366s][info][gc,heap      ] GC(1) Humongous regions: 16->5
[0.366s][info][gc,metaspace ] GC(1) Metaspace: 6838K(7168K)->6838K(7168K) NonClass: 6250K(6400K)->6250K(6400K) Class: 587K(768K)->587K(768K)
[0.366s][info][gc           ] GC(1) Pause Young (Normal) (G1 Evacuation Pause) 126M->42M(2048M) 2.226ms
[0.366s][info][gc,cpu       ] GC(1) User=0.00s Sys=0.00s Real=0.00s
[0.395s][info][gc,start     ] GC(2) Pause Young (Normal) (G1 Evacuation Pause)
[0.395s][info][gc,task      ] GC(2) Using 13 workers of 13 for evacuation
[0.397s][info][gc,phases    ] GC(2)   Pre Evacuate Collection Set: 0.0ms
[0.397s][info][gc,phases    ] GC(2)   Evacuate Collection Set: 1.7ms
[0.397s][info][gc,phases    ] GC(2)   Post Evacuate Collection Set: 0.1ms
[0.397s][info][gc,phases    ] GC(2)   Other: 0.1ms
[0.397s][info][gc,heap      ] GC(2) Eden regions: 89->0(90)
[0.397s][info][gc,heap      ] GC(2) Survivor regions: 13->13(13)
[0.397s][info][gc,heap      ] GC(2) Old regions: 25->43
[0.397s][info][gc,heap      ] GC(2) Humongous regions: 8->5
[0.397s][info][gc,metaspace ] GC(2) Metaspace: 6840K(7168K)->6840K(7168K) NonClass: 6252K(6400K)->6252K(6400K) Class: 587K(768K)->587K(768K)
[0.397s][info][gc           ] GC(2) Pause Young (Normal) (G1 Evacuation Pause) 134M->60M(2048M) 2.082ms
[0.397s][info][gc,cpu       ] GC(2) User=0.00s Sys=0.00s Real=0.00s
[0.426s][info][gc,start     ] GC(3) Pause Young (Normal) (G1 Evacuation Pause)
[0.426s][info][gc,task      ] GC(3) Using 13 workers of 13 for evacuation
[0.428s][info][gc,phases    ] GC(3)   Pre Evacuate Collection Set: 0.0ms
[0.428s][info][gc,phases    ] GC(3)   Evacuate Collection Set: 2.1ms
[0.428s][info][gc,phases    ] GC(3)   Post Evacuate Collection Set: 0.1ms
[0.428s][info][gc,phases    ] GC(3)   Other: 0.1ms
[0.428s][info][gc,heap      ] GC(3) Eden regions: 90->0(108)
[0.428s][info][gc,heap      ] GC(3) Survivor regions: 13->13(13)
[0.428s][info][gc,heap      ] GC(3) Old regions: 43->60
[0.428s][info][gc,heap      ] GC(3) Humongous regions: 6->5
[0.428s][info][gc,metaspace ] GC(3) Metaspace: 6840K(7168K)->6840K(7168K) NonClass: 6252K(6400K)->6252K(6400K) Class: 587K(768K)->587K(768K)
[0.428s][info][gc           ] GC(3) Pause Young (Normal) (G1 Evacuation Pause) 151M->77M(2048M) 2.430ms
[0.428s][info][gc,cpu       ] GC(3) User=0.00s Sys=0.00s Real=0.00s
[0.466s][info][gc,start     ] GC(4) Pause Young (Normal) (G1 Evacuation Pause)
[0.466s][info][gc,task      ] GC(4) Using 13 workers of 13 for evacuation
[0.468s][info][gc,phases    ] GC(4)   Pre Evacuate Collection Set: 0.0ms
[0.468s][info][gc,phases    ] GC(4)   Evacuate Collection Set: 2.5ms
[0.468s][info][gc,phases    ] GC(4)   Post Evacuate Collection Set: 0.1ms
[0.468s][info][gc,phases    ] GC(4)   Other: 0.1ms
[0.468s][info][gc,heap      ] GC(4) Eden regions: 108->0(126)
[0.468s][info][gc,heap      ] GC(4) Survivor regions: 13->16(16)
[0.468s][info][gc,heap      ] GC(4) Old regions: 60->78
[0.468s][info][gc,heap      ] GC(4) Humongous regions: 16->6
[0.468s][info][gc,metaspace ] GC(4) Metaspace: 6840K(7168K)->6840K(7168K) NonClass: 6252K(6400K)->6252K(6400K) Class: 587K(768K)->587K(768K)
[0.468s][info][gc           ] GC(4) Pause Young (Normal) (G1 Evacuation Pause) 196M->99M(2048M) 2.812ms
[0.468s][info][gc,cpu       ] GC(4) User=0.00s Sys=0.00s Real=0.00s
[0.512s][info][gc,start     ] GC(5) Pause Young (Normal) (G1 Evacuation Pause)
[0.512s][info][gc,task      ] GC(5) Using 13 workers of 13 for evacuation
[0.514s][info][gc,phases    ] GC(5)   Pre Evacuate Collection Set: 0.0ms
[0.514s][info][gc,phases    ] GC(5)   Evacuate Collection Set: 2.7ms
[0.514s][info][gc,phases    ] GC(5)   Post Evacuate Collection Set: 0.1ms
[0.514s][info][gc,phases    ] GC(5)   Other: 0.1ms
[0.514s][info][gc,heap      ] GC(5) Eden regions: 126->0(155)
[0.514s][info][gc,heap      ] GC(5) Survivor regions: 16->18(18)
[0.514s][info][gc,heap      ] GC(5) Old regions: 78->101
[0.514s][info][gc,heap      ] GC(5) Humongous regions: 18->8
[0.515s][info][gc,metaspace ] GC(5) Metaspace: 6840K(7168K)->6840K(7168K) NonClass: 6252K(6400K)->6252K(6400K) Class: 587K(768K)->587K(768K)
[0.515s][info][gc           ] GC(5) Pause Young (Normal) (G1 Evacuation Pause) 237M->126M(2048M) 3.001ms
[0.515s][info][gc,cpu       ] GC(5) User=0.00s Sys=0.00s Real=0.00s
[0.569s][info][gc,start     ] GC(6) Pause Young (Normal) (G1 Evacuation Pause)
[0.569s][info][gc,task      ] GC(6) Using 13 workers of 13 for evacuation
[0.573s][info][gc,phases    ] GC(6)   Pre Evacuate Collection Set: 0.0ms
[0.573s][info][gc,phases    ] GC(6)   Evacuate Collection Set: 3.6ms
[0.573s][info][gc,phases    ] GC(6)   Post Evacuate Collection Set: 0.1ms
[0.573s][info][gc,phases    ] GC(6)   Other: 0.1ms
[0.573s][info][gc,heap      ] GC(6) Eden regions: 155->0(195)
[0.573s][info][gc,heap      ] GC(6) Survivor regions: 18->22(22)
[0.573s][info][gc,heap      ] GC(6) Old regions: 101->125
[0.573s][info][gc,heap      ] GC(6) Humongous regions: 24->11
[0.573s][info][gc,metaspace ] GC(6) Metaspace: 6840K(7168K)->6840K(7168K) NonClass: 6252K(6400K)->6252K(6400K) Class: 587K(768K)->587K(768K)
[0.573s][info][gc           ] GC(6) Pause Young (Normal) (G1 Evacuation Pause) 296M->157M(2048M) 3.983ms
[0.573s][info][gc,cpu       ] GC(6) User=0.00s Sys=0.00s Real=0.00s
[0.645s][info][gc,start     ] GC(7) Pause Young (Normal) (G1 Evacuation Pause)
[0.645s][info][gc,task      ] GC(7) Using 13 workers of 13 for evacuation
[0.650s][info][gc,phases    ] GC(7)   Pre Evacuate Collection Set: 0.0ms
[0.650s][info][gc,phases    ] GC(7)   Evacuate Collection Set: 4.2ms
[0.650s][info][gc,phases    ] GC(7)   Post Evacuate Collection Set: 0.2ms
[0.650s][info][gc,phases    ] GC(7)   Other: 0.1ms
[0.650s][info][gc,heap      ] GC(7) Eden regions: 195->0(244)
[0.650s][info][gc,heap      ] GC(7) Survivor regions: 22->28(28)
[0.650s][info][gc,heap      ] GC(7) Old regions: 125->158
[0.650s][info][gc,heap      ] GC(7) Humongous regions: 31->13
[0.650s][info][gc,metaspace ] GC(7) Metaspace: 6840K(7168K)->6840K(7168K) NonClass: 6252K(6400K)->6252K(6400K) Class: 587K(768K)->587K(768K)
[0.650s][info][gc           ] GC(7) Pause Young (Normal) (G1 Evacuation Pause) 372M->198M(2048M) 4.634ms
[0.650s][info][gc,cpu       ] GC(7) User=0.00s Sys=0.00s Real=0.00s
[0.731s][info][gc,start     ] GC(8) Pause Young (Normal) (G1 Evacuation Pause)
[0.731s][info][gc,task      ] GC(8) Using 13 workers of 13 for evacuation
[0.736s][info][gc,phases    ] GC(8)   Pre Evacuate Collection Set: 0.0ms
[0.736s][info][gc,phases    ] GC(8)   Evacuate Collection Set: 4.8ms
[0.736s][info][gc,phases    ] GC(8)   Post Evacuate Collection Set: 0.2ms
[0.736s][info][gc,phases    ] GC(8)   Other: 0.2ms
[0.736s][info][gc,heap      ] GC(8) Eden regions: 244->0(1194)
[0.736s][info][gc,heap      ] GC(8) Survivor regions: 28->34(34)
[0.736s][info][gc,heap      ] GC(8) Old regions: 158->201
[0.736s][info][gc,heap      ] GC(8) Humongous regions: 28->13
[0.736s][info][gc,metaspace ] GC(8) Metaspace: 6841K(7168K)->6841K(7168K) NonClass: 6253K(6400K)->6253K(6400K) Class: 587K(768K)->587K(768K)
[0.736s][info][gc           ] GC(8) Pause Young (Normal) (G1 Evacuation Pause) 457M->247M(2048M) 5.263ms
[0.736s][info][gc,cpu       ] GC(8) User=0.00s Sys=0.00s Real=0.01s
[1.266s][info][gc,start     ] GC(9) Pause Young (Normal) (G1 Evacuation Pause)
[1.266s][info][gc,task      ] GC(9) Using 13 workers of 13 for evacuation
[1.286s][info][gc,phases    ] GC(9)   Pre Evacuate Collection Set: 0.0ms
[1.286s][info][gc,phases    ] GC(9)   Evacuate Collection Set: 19.3ms
[1.286s][info][gc,phases    ] GC(9)   Post Evacuate Collection Set: 0.4ms
[1.286s][info][gc,phases    ] GC(9)   Other: 0.3ms
[1.286s][info][gc,heap      ] GC(9) Eden regions: 1194->0(522)
[1.286s][info][gc,heap      ] GC(9) Survivor regions: 34->154(154)
[1.286s][info][gc,heap      ] GC(9) Old regions: 201->313
[1.286s][info][gc,heap      ] GC(9) Humongous regions: 129->26
[1.286s][info][gc,metaspace ] GC(9) Metaspace: 6841K(7168K)->6841K(7168K) NonClass: 6253K(6400K)->6253K(6400K) Class: 587K(768K)->587K(768K)
[1.286s][info][gc           ] GC(9) Pause Young (Normal) (G1 Evacuation Pause) 1557M->492M(2048M) 20.227ms
[1.286s][info][gc,cpu       ] GC(9) User=0.11s Sys=0.30s Real=0.02s
[1.458s][info][gc,start     ] GC(10) Pause Young (Normal) (G1 Evacuation Pause)
[1.458s][info][gc,task      ] GC(10) Using 13 workers of 13 for evacuation
[1.473s][info][gc,phases    ] GC(10)   Pre Evacuate Collection Set: 0.0ms
[1.474s][info][gc,phases    ] GC(10)   Evacuate Collection Set: 15.1ms
[1.474s][info][gc,phases    ] GC(10)   Post Evacuate Collection Set: 0.4ms
[1.474s][info][gc,phases    ] GC(10)   Other: 0.2ms
[1.474s][info][gc,heap      ] GC(10) Eden regions: 522->0(538)
[1.474s][info][gc,heap      ] GC(10) Survivor regions: 154->85(85)
[1.474s][info][gc,heap      ] GC(10) Old regions: 313->480
[1.474s][info][gc,heap      ] GC(10) Humongous regions: 70->32
[1.474s][info][gc,metaspace ] GC(10) Metaspace: 6841K(7168K)->6841K(7168K) NonClass: 6253K(6400K)->6253K(6400K) Class: 587K(768K)->587K(768K)
[1.474s][info][gc           ] GC(10) Pause Young (Normal) (G1 Evacuation Pause) 1058M->596M(2048M) 15.844ms
[1.474s][info][gc,cpu       ] GC(10) User=0.11s Sys=0.05s Real=0.02s
[1.653s][info][gc,start     ] GC(11) Pause Young (Normal) (G1 Evacuation Pause)
[1.653s][info][gc,task      ] GC(11) Using 13 workers of 13 for evacuation
[1.666s][info][gc,phases    ] GC(11)   Pre Evacuate Collection Set: 0.0ms
[1.666s][info][gc,phases    ] GC(11)   Evacuate Collection Set: 12.5ms
[1.666s][info][gc,phases    ] GC(11)   Post Evacuate Collection Set: 0.3ms
[1.666s][info][gc,phases    ] GC(11)   Other: 0.2ms
[1.666s][info][gc,heap      ] GC(11) Eden regions: 538->0(672)
[1.666s][info][gc,heap      ] GC(11) Survivor regions: 85->78(78)
[1.666s][info][gc,heap      ] GC(11) Old regions: 480->588
[1.666s][info][gc,heap      ] GC(11) Humongous regions: 80->37
[1.666s][info][gc,metaspace ] GC(11) Metaspace: 6841K(7168K)->6841K(7168K) NonClass: 6253K(6400K)->6253K(6400K) Class: 587K(768K)->587K(768K)
[1.666s][info][gc           ] GC(11) Pause Young (Normal) (G1 Evacuation Pause) 1182M->702M(2048M) 13.221ms
[1.666s][info][gc,cpu       ] GC(11) User=0.11s Sys=0.08s Real=0.01s
[1.887s][info][gc,start     ] GC(12) Pause Young (Normal) (G1 Evacuation Pause)
[1.887s][info][gc,task      ] GC(12) Using 13 workers of 13 for evacuation
[1.897s][info][gc,phases    ] GC(12)   Pre Evacuate Collection Set: 0.0ms
[1.897s][info][gc,phases    ] GC(12)   Evacuate Collection Set: 9.9ms
[1.897s][info][gc,phases    ] GC(12)   Post Evacuate Collection Set: 0.4ms
[1.897s][info][gc,phases    ] GC(12)   Other: 0.2ms
[1.897s][info][gc,heap      ] GC(12) Eden regions: 672->0(632)
[1.897s][info][gc,heap      ] GC(12) Survivor regions: 78->94(94)
[1.897s][info][gc,heap      ] GC(12) Old regions: 588->698
[1.897s][info][gc,heap      ] GC(12) Humongous regions: 155->60
[1.897s][info][gc,metaspace ] GC(12) Metaspace: 6842K(7168K)->6842K(7168K) NonClass: 6254K(6400K)->6254K(6400K) Class: 587K(768K)->587K(768K)
[1.897s][info][gc           ] GC(12) Pause Young (Normal) (G1 Evacuation Pause) 1491M->851M(2048M) 10.649ms
[1.897s][info][gc,cpu       ] GC(12) User=0.03s Sys=0.14s Real=0.01s
[2.097s][info][gc,start     ] GC(13) Pause Young (Normal) (G1 Evacuation Pause)
[2.097s][info][gc,task      ] GC(13) Using 13 workers of 13 for evacuation
[2.108s][info][gc,phases    ] GC(13)   Pre Evacuate Collection Set: 0.1ms
[2.108s][info][gc,phases    ] GC(13)   Evacuate Collection Set: 10.3ms
[2.108s][info][gc,phases    ] GC(13)   Post Evacuate Collection Set: 0.4ms
[2.108s][info][gc,phases    ] GC(13)   Other: 0.2ms
[2.108s][info][gc,heap      ] GC(13) Eden regions: 632->0(571)
[2.108s][info][gc,heap      ] GC(13) Survivor regions: 94->91(91)
[2.108s][info][gc,heap      ] GC(13) Old regions: 698->824
[2.108s][info][gc,heap      ] GC(13) Humongous regions: 119->64
[2.108s][info][gc,metaspace ] GC(13) Metaspace: 6842K(7168K)->6842K(7168K) NonClass: 6254K(6400K)->6254K(6400K) Class: 587K(768K)->587K(768K)
[2.108s][info][gc           ] GC(13) Pause Young (Normal) (G1 Evacuation Pause) 1542M->978M(2048M) 11.062ms
[2.108s][info][gc,cpu       ] GC(13) User=0.00s Sys=0.00s Real=0.01s
[2.203s][info][gc,start     ] GC(14) Pause Young (Concurrent Start) (G1 Humongous Allocation)
[2.203s][info][gc,task      ] GC(14) Using 13 workers of 13 for evacuation
[2.211s][info][gc,phases    ] GC(14)   Pre Evacuate Collection Set: 0.0ms
[2.211s][info][gc,phases    ] GC(14)   Evacuate Collection Set: 6.8ms
[2.211s][info][gc,phases    ] GC(14)   Post Evacuate Collection Set: 0.3ms
[2.211s][info][gc,phases    ] GC(14)   Other: 0.2ms
[2.211s][info][gc,heap      ] GC(14) Eden regions: 284->0(556)
[2.211s][info][gc,heap      ] GC(14) Survivor regions: 91->52(83)
[2.211s][info][gc,heap      ] GC(14) Old regions: 824->914
[2.211s][info][gc,heap      ] GC(14) Humongous regions: 98->71
[2.211s][info][gc,metaspace ] GC(14) Metaspace: 6842K(7168K)->6842K(7168K) NonClass: 6254K(6400K)->6254K(6400K) Class: 587K(768K)->587K(768K)
[2.211s][info][gc           ] GC(14) Pause Young (Concurrent Start) (G1 Humongous Allocation) 1295M->1035M(2048M) 7.412ms
[2.211s][info][gc,cpu       ] GC(14) User=0.12s Sys=0.05s Real=0.01s
[2.211s][info][gc           ] GC(15) Concurrent Cycle
[2.211s][info][gc,marking   ] GC(15) Concurrent Clear Claimed Marks
[2.211s][info][gc,marking   ] GC(15) Concurrent Clear Claimed Marks 0.011ms
[2.211s][info][gc,marking   ] GC(15) Concurrent Scan Root Regions
[2.211s][info][gc,marking   ] GC(15) Concurrent Scan Root Regions 0.222ms
[2.211s][info][gc,marking   ] GC(15) Concurrent Mark (2.211s)
[2.211s][info][gc,marking   ] GC(15) Concurrent Mark From Roots
[2.211s][info][gc,task      ] GC(15) Using 3 workers of 3 for marking
[2.213s][info][gc,marking   ] GC(15) Concurrent Mark From Roots 2.219ms
[2.213s][info][gc,marking   ] GC(15) Concurrent Preclean
[2.213s][info][gc,marking   ] GC(15) Concurrent Preclean 0.079ms
[2.213s][info][gc,marking   ] GC(15) Concurrent Mark (2.211s, 2.213s) 2.331ms
[2.213s][info][gc,start     ] GC(15) Pause Remark
[2.214s][info][gc,stringtable] GC(15) Cleaned string and symbol table, strings: 2634 processed, 4 removed, symbols: 25602 processed, 0 removed
[2.214s][info][gc            ] GC(15) Pause Remark 1043M->1043M(2048M) 0.505ms
[2.214s][info][gc,cpu        ] GC(15) User=0.00s Sys=0.00s Real=0.00s
[2.214s][info][gc,marking    ] GC(15) Concurrent Rebuild Remembered Sets
[2.215s][info][gc,marking    ] GC(15) Concurrent Rebuild Remembered Sets 1.221ms
[2.215s][info][gc,start      ] GC(15) Pause Cleanup
[2.215s][info][gc            ] GC(15) Pause Cleanup 1047M->1047M(2048M) 0.177ms
[2.215s][info][gc,cpu        ] GC(15) User=0.00s Sys=0.00s Real=0.00s
[2.215s][info][gc,marking    ] GC(15) Concurrent Cleanup for Next Mark
[2.216s][info][gc,marking    ] GC(15) Concurrent Cleanup for Next Mark 0.936ms
[2.216s][info][gc            ] GC(15) Concurrent Cycle 5.674ms
[2.217s][info][gc,start      ] GC(16) Pause Young (Concurrent Start) (G1 Humongous Allocation)
[2.217s][info][gc,task       ] GC(16) Using 13 workers of 13 for evacuation
[2.220s][info][gc,phases     ] GC(16)   Pre Evacuate Collection Set: 0.0ms
[2.220s][info][gc,phases     ] GC(16)   Evacuate Collection Set: 2.5ms
[2.220s][info][gc,phases     ] GC(16)   Post Evacuate Collection Set: 0.1ms
[2.220s][info][gc,phases     ] GC(16)   Other: 0.1ms
[2.220s][info][gc,heap       ] GC(16) Eden regions: 14->0(417)
[2.220s][info][gc,heap       ] GC(16) Survivor regions: 52->3(76)
[2.220s][info][gc,heap       ] GC(16) Old regions: 914->965
[2.220s][info][gc,heap       ] GC(16) Humongous regions: 72->71
[2.220s][info][gc,metaspace  ] GC(16) Metaspace: 6842K(7168K)->6842K(7168K) NonClass: 6254K(6400K)->6254K(6400K) Class: 587K(768K)->587K(768K)
[2.220s][info][gc            ] GC(16) Pause Young (Concurrent Start) (G1 Humongous Allocation) 1050M->1038M(2048M) 2.809ms
[2.220s][info][gc,cpu        ] GC(16) User=0.00s Sys=0.00s Real=0.00s
[2.220s][info][gc            ] GC(17) Concurrent Cycle
[2.220s][info][gc,marking    ] GC(17) Concurrent Clear Claimed Marks
[2.220s][info][gc,marking    ] GC(17) Concurrent Clear Claimed Marks 0.010ms
[2.220s][info][gc,marking    ] GC(17) Concurrent Scan Root Regions
[2.220s][info][gc,marking    ] GC(17) Concurrent Scan Root Regions 0.029ms
[2.220s][info][gc,marking    ] GC(17) Concurrent Mark (2.220s)
[2.220s][info][gc,marking    ] GC(17) Concurrent Mark From Roots
[2.220s][info][gc,task       ] GC(17) Using 3 workers of 3 for marking
[2.222s][info][gc,marking    ] GC(17) Concurrent Mark From Roots 1.693ms
[2.222s][info][gc,marking    ] GC(17) Concurrent Preclean
[2.222s][info][gc,marking    ] GC(17) Concurrent Preclean 0.074ms
[2.222s][info][gc,marking    ] GC(17) Concurrent Mark (2.220s, 2.222s) 1.796ms
[2.222s][info][gc,start      ] GC(17) Pause Remark
[2.222s][info][gc,stringtable] GC(17) Cleaned string and symbol table, strings: 2630 processed, 0 removed, symbols: 25602 processed, 0 removed
[2.222s][info][gc            ] GC(17) Pause Remark 1045M->1045M(2048M) 0.432ms
[2.222s][info][gc,cpu        ] GC(17) User=0.00s Sys=0.00s Real=0.00s
[2.222s][info][gc,marking    ] GC(17) Concurrent Rebuild Remembered Sets
[2.223s][info][gc,marking    ] GC(17) Concurrent Rebuild Remembered Sets 1.084ms
[2.223s][info][gc,start      ] GC(17) Pause Cleanup
[2.224s][info][gc            ] GC(17) Pause Cleanup 1049M->1049M(2048M) 0.193ms
[2.224s][info][gc,cpu        ] GC(17) User=0.00s Sys=0.00s Real=0.00s
[2.224s][info][gc,marking    ] GC(17) Concurrent Cleanup for Next Mark
[2.224s][info][gc,marking    ] GC(17) Concurrent Cleanup for Next Mark 0.749ms
[2.224s][info][gc            ] GC(17) Concurrent Cycle 4.554ms
[2.225s][info][gc,start      ] GC(18) Pause Young (Concurrent Start) (G1 Humongous Allocation)
[2.225s][info][gc,task       ] GC(18) Using 13 workers of 13 for evacuation
[2.226s][info][gc,phases     ] GC(18)   Pre Evacuate Collection Set: 0.0ms
[2.226s][info][gc,phases     ] GC(18)   Evacuate Collection Set: 0.3ms
[2.226s][info][gc,phases     ] GC(18)   Post Evacuate Collection Set: 0.1ms
[2.226s][info][gc,phases     ] GC(18)   Other: 0.1ms
[2.226s][info][gc,heap       ] GC(18) Eden regions: 12->0(364)
[2.226s][info][gc,heap       ] GC(18) Survivor regions: 3->6(53)
[2.226s][info][gc,heap       ] GC(18) Old regions: 965->965
[2.226s][info][gc,heap       ] GC(18) Humongous regions: 74->71
[2.226s][info][gc,metaspace  ] GC(18) Metaspace: 6842K(7168K)->6842K(7168K) NonClass: 6254K(6400K)->6254K(6400K) Class: 587K(768K)->587K(768K)
[2.226s][info][gc            ] GC(18) Pause Young (Concurrent Start) (G1 Humongous Allocation) 1053M->1041M(2048M) 0.578ms
[2.226s][info][gc,cpu        ] GC(18) User=0.00s Sys=0.00s Real=0.00s
[2.226s][info][gc            ] GC(19) Concurrent Cycle
[2.226s][info][gc,marking    ] GC(19) Concurrent Clear Claimed Marks
[2.226s][info][gc,marking    ] GC(19) Concurrent Clear Claimed Marks 0.011ms
[2.226s][info][gc,marking    ] GC(19) Concurrent Scan Root Regions
[2.226s][info][gc,marking    ] GC(19) Concurrent Scan Root Regions 0.031ms
[2.226s][info][gc,marking    ] GC(19) Concurrent Mark (2.226s)
[2.226s][info][gc,marking    ] GC(19) Concurrent Mark From Roots
[2.226s][info][gc,task       ] GC(19) Using 3 workers of 3 for marking
[2.228s][info][gc,marking    ] GC(19) Concurrent Mark From Roots 1.495ms
[2.228s][info][gc,marking    ] GC(19) Concurrent Preclean
[2.228s][info][gc,marking    ] GC(19) Concurrent Preclean 0.060ms
[2.228s][info][gc,marking    ] GC(19) Concurrent Mark (2.226s, 2.228s) 1.580ms
[2.228s][info][gc,start      ] GC(19) Pause Remark
[2.228s][info][gc,stringtable] GC(19) Cleaned string and symbol table, strings: 2630 processed, 0 removed, symbols: 25602 processed, 0 removed
[2.228s][info][gc            ] GC(19) Pause Remark 1047M->1047M(2048M) 0.413ms
[2.228s][info][gc,cpu        ] GC(19) User=0.00s Sys=0.00s Real=0.00s
[2.228s][info][gc,marking    ] GC(19) Concurrent Rebuild Remembered Sets
[2.229s][info][gc,marking    ] GC(19) Concurrent Rebuild Remembered Sets 0.833ms
[2.229s][info][gc,start      ] GC(19) Pause Cleanup
[2.229s][info][gc            ] GC(19) Pause Cleanup 1050M->1050M(2048M) 0.173ms
[2.229s][info][gc,cpu        ] GC(19) User=0.00s Sys=0.00s Real=0.00s
[2.229s][info][gc,marking    ] GC(19) Concurrent Cleanup for Next Mark
[2.230s][info][gc,marking    ] GC(19) Concurrent Cleanup for Next Mark 0.575ms
[2.230s][info][gc            ] GC(19) Concurrent Cycle 3.840ms
[2.230s][info][gc,start      ] GC(20) Pause Young (Concurrent Start) (G1 Humongous Allocation)
[2.230s][info][gc,task       ] GC(20) Using 13 workers of 13 for evacuation
[2.231s][info][gc,phases     ] GC(20)   Pre Evacuate Collection Set: 0.0ms
[2.231s][info][gc,phases     ] GC(20)   Evacuate Collection Set: 0.3ms
[2.231s][info][gc,phases     ] GC(20)   Post Evacuate Collection Set: 0.1ms
[2.231s][info][gc,phases     ] GC(20)   Other: 0.1ms
[2.231s][info][gc,heap       ] GC(20) Eden regions: 9->0(375)
[2.231s][info][gc,heap       ] GC(20) Survivor regions: 6->8(47)
[2.231s][info][gc,heap       ] GC(20) Old regions: 965->965
[2.231s][info][gc,heap       ] GC(20) Humongous regions: 74->71
[2.231s][info][gc,metaspace  ] GC(20) Metaspace: 6842K(7168K)->6842K(7168K) NonClass: 6254K(6400K)->6254K(6400K) Class: 587K(768K)->587K(768K)
[2.231s][info][gc            ] GC(20) Pause Young (Concurrent Start) (G1 Humongous Allocation) 1053M->1043M(2048M) 0.573ms
[2.231s][info][gc,cpu        ] GC(20) User=0.00s Sys=0.00s Real=0.00s
[2.231s][info][gc            ] GC(21) Concurrent Cycle
[2.231s][info][gc,marking    ] GC(21) Concurrent Clear Claimed Marks
[2.231s][info][gc,marking    ] GC(21) Concurrent Clear Claimed Marks 0.010ms
[2.231s][info][gc,marking    ] GC(21) Concurrent Scan Root Regions
[2.231s][info][gc,marking    ] GC(21) Concurrent Scan Root Regions 0.027ms
[2.231s][info][gc,marking    ] GC(21) Concurrent Mark (2.231s)
[2.231s][info][gc,marking    ] GC(21) Concurrent Mark From Roots
[2.231s][info][gc,task       ] GC(21) Using 3 workers of 3 for marking
[2.232s][info][gc,marking    ] GC(21) Concurrent Mark From Roots 1.273ms
[2.232s][info][gc,marking    ] GC(21) Concurrent Preclean
[2.232s][info][gc,marking    ] GC(21) Concurrent Preclean 0.059ms
[2.232s][info][gc,marking    ] GC(21) Concurrent Mark (2.231s, 2.232s) 1.356ms
[2.232s][info][gc,start      ] GC(21) Pause Remark
[2.233s][info][gc,stringtable] GC(21) Cleaned string and symbol table, strings: 2630 processed, 0 removed, symbols: 25602 processed, 0 removed
[2.233s][info][gc            ] GC(21) Pause Remark 1049M->1049M(2048M) 0.409ms
[2.233s][info][gc,cpu        ] GC(21) User=0.00s Sys=0.00s Real=0.00s
[2.233s][info][gc,marking    ] GC(21) Concurrent Rebuild Remembered Sets
[2.234s][info][gc,marking    ] GC(21) Concurrent Rebuild Remembered Sets 0.841ms
[2.234s][info][gc,start      ] GC(21) Pause Cleanup
[2.234s][info][gc            ] GC(21) Pause Cleanup 1052M->1052M(2048M) 0.218ms
[2.234s][info][gc,cpu        ] GC(21) User=0.00s Sys=0.00s Real=0.00s
[2.234s][info][gc,marking    ] GC(21) Concurrent Cleanup for Next Mark
[2.234s][info][gc,marking    ] GC(21) Concurrent Cleanup for Next Mark 0.403ms
[2.234s][info][gc            ] GC(21) Concurrent Cycle 3.504ms
[2.241s][info][gc,start      ] GC(22) Pause Young (Concurrent Start) (G1 Humongous Allocation)
[2.241s][info][gc,task       ] GC(22) Using 13 workers of 13 for evacuation
[2.242s][info][gc,phases     ] GC(22)   Pre Evacuate Collection Set: 0.0ms
[2.242s][info][gc,phases     ] GC(22)   Evacuate Collection Set: 0.6ms
[2.242s][info][gc,phases     ] GC(22)   Post Evacuate Collection Set: 0.1ms
[2.242s][info][gc,phases     ] GC(22)   Other: 0.1ms
[2.242s][info][gc,heap       ] GC(22) Eden regions: 30->0(348)
[2.242s][info][gc,heap       ] GC(22) Survivor regions: 8->13(48)
[2.242s][info][gc,heap       ] GC(22) Old regions: 965->965
[2.242s][info][gc,heap       ] GC(22) Humongous regions: 73->71
[2.242s][info][gc,metaspace  ] GC(22) Metaspace: 6842K(7168K)->6842K(7168K) NonClass: 6254K(6400K)->6254K(6400K) Class: 587K(768K)->587K(768K)
[2.242s][info][gc            ] GC(22) Pause Young (Concurrent Start) (G1 Humongous Allocation) 1074M->1048M(2048M) 0.956ms
[2.242s][info][gc,cpu        ] GC(22) User=0.00s Sys=0.00s Real=0.00s
[2.242s][info][gc            ] GC(23) Concurrent Cycle
[2.242s][info][gc,marking    ] GC(23) Concurrent Clear Claimed Marks
[2.242s][info][gc,marking    ] GC(23) Concurrent Clear Claimed Marks 0.013ms
[2.242s][info][gc,marking    ] GC(23) Concurrent Scan Root Regions
[2.242s][info][gc,marking    ] GC(23) Concurrent Scan Root Regions 0.035ms
[2.242s][info][gc,marking    ] GC(23) Concurrent Mark (2.242s)
[2.242s][info][gc,marking    ] GC(23) Concurrent Mark From Roots
[2.242s][info][gc,task       ] GC(23) Using 3 workers of 3 for marking
[2.243s][info][gc,marking    ] GC(23) Concurrent Mark From Roots 1.558ms
[2.244s][info][gc,marking    ] GC(23) Concurrent Preclean
[2.244s][info][gc,marking    ] GC(23) Concurrent Preclean 0.060ms
[2.244s][info][gc,marking    ] GC(23) Concurrent Mark (2.242s, 2.244s) 1.650ms
[2.244s][info][gc,start      ] GC(23) Pause Remark
[2.244s][info][gc,stringtable] GC(23) Cleaned string and symbol table, strings: 2630 processed, 0 removed, symbols: 25602 processed, 0 removed
[2.244s][info][gc            ] GC(23) Pause Remark 1054M->1054M(2048M) 0.405ms
[2.244s][info][gc,cpu        ] GC(23) User=0.00s Sys=0.00s Real=0.00s
[2.244s][info][gc,marking    ] GC(23) Concurrent Rebuild Remembered Sets
[2.245s][info][gc,marking    ] GC(23) Concurrent Rebuild Remembered Sets 0.872ms
[2.245s][info][gc,start      ] GC(23) Pause Cleanup
[2.245s][info][gc            ] GC(23) Pause Cleanup 1057M->1057M(2048M) 0.181ms
[2.245s][info][gc,cpu        ] GC(23) User=0.00s Sys=0.00s Real=0.00s
[2.245s][info][gc,marking    ] GC(23) Concurrent Cleanup for Next Mark
[2.246s][info][gc,marking    ] GC(23) Concurrent Cleanup for Next Mark 0.541ms
[2.246s][info][gc            ] GC(23) Concurrent Cycle 3.959ms
[2.249s][info][gc,start      ] GC(24) Pause Young (Concurrent Start) (G1 Humongous Allocation)
[2.249s][info][gc,task       ] GC(24) Using 13 workers of 13 for evacuation
[2.250s][info][gc,phases     ] GC(24)   Pre Evacuate Collection Set: 0.0ms
[2.250s][info][gc,phases     ] GC(24)   Evacuate Collection Set: 0.7ms
[2.250s][info][gc,phases     ] GC(24)   Post Evacuate Collection Set: 0.1ms
[2.250s][info][gc,phases     ] GC(24)   Other: 0.1ms
[2.250s][info][gc,heap       ] GC(24) Eden regions: 20->0(303)
[2.250s][info][gc,heap       ] GC(24) Survivor regions: 13->18(46)
[2.250s][info][gc,heap       ] GC(24) Old regions: 965->965
[2.250s][info][gc,heap       ] GC(24) Humongous regions: 72->71
[2.250s][info][gc,metaspace  ] GC(24) Metaspace: 6842K(7168K)->6842K(7168K) NonClass: 6254K(6400K)->6254K(6400K) Class: 587K(768K)->587K(768K)
[2.250s][info][gc            ] GC(24) Pause Young (Concurrent Start) (G1 Humongous Allocation) 1069M->1053M(2048M) 1.019ms
[2.250s][info][gc,cpu        ] GC(24) User=0.00s Sys=0.00s Real=0.00s
[2.250s][info][gc            ] GC(25) Concurrent Cycle
[2.250s][info][gc,marking    ] GC(25) Concurrent Clear Claimed Marks
[2.250s][info][gc,marking    ] GC(25) Concurrent Clear Claimed Marks 0.011ms
[2.250s][info][gc,marking    ] GC(25) Concurrent Scan Root Regions
[2.250s][info][gc,marking    ] GC(25) Concurrent Scan Root Regions 0.031ms
[2.250s][info][gc,marking    ] GC(25) Concurrent Mark (2.250s)
[2.250s][info][gc,marking    ] GC(25) Concurrent Mark From Roots
[2.250s][info][gc,task       ] GC(25) Using 3 workers of 3 for marking
[2.252s][info][gc,marking    ] GC(25) Concurrent Mark From Roots 1.407ms
[2.252s][info][gc,marking    ] GC(25) Concurrent Preclean
[2.252s][info][gc,marking    ] GC(25) Concurrent Preclean 0.074ms
[2.252s][info][gc,marking    ] GC(25) Concurrent Mark (2.250s, 2.252s) 1.510ms
[2.252s][info][gc,start      ] GC(25) Pause Remark
[2.252s][info][gc,stringtable] GC(25) Cleaned string and symbol table, strings: 2630 processed, 0 removed, symbols: 25602 processed, 0 removed
[2.252s][info][gc            ] GC(25) Pause Remark 1059M->1059M(2048M) 0.428ms
[2.252s][info][gc,cpu        ] GC(25) User=0.00s Sys=0.00s Real=0.00s
[2.252s][info][gc,marking    ] GC(25) Concurrent Rebuild Remembered Sets
[2.253s][info][gc,marking    ] GC(25) Concurrent Rebuild Remembered Sets 0.835ms
[2.253s][info][gc,start      ] GC(25) Pause Cleanup
[2.253s][info][gc            ] GC(25) Pause Cleanup 1063M->1063M(2048M) 0.166ms
[2.253s][info][gc,cpu        ] GC(25) User=0.00s Sys=0.00s Real=0.00s
[2.253s][info][gc,marking    ] GC(25) Concurrent Cleanup for Next Mark
[2.254s][info][gc,marking    ] GC(25) Concurrent Cleanup for Next Mark 0.457ms
[2.254s][info][gc            ] GC(25) Concurrent Cycle 3.670ms
[2.260s][info][gc,start      ] GC(26) Pause Young (Concurrent Start) (G1 Humongous Allocation)
[2.260s][info][gc,task       ] GC(26) Using 13 workers of 13 for evacuation
[2.261s][info][gc,phases     ] GC(26)   Pre Evacuate Collection Set: 0.0ms
[2.261s][info][gc,phases     ] GC(26)   Evacuate Collection Set: 0.9ms
[2.261s][info][gc,phases     ] GC(26)   Post Evacuate Collection Set: 0.1ms
[2.261s][info][gc,phases     ] GC(26)   Other: 0.1ms
[2.261s][info][gc,heap       ] GC(26) Eden regions: 27->0(305)
[2.261s][info][gc,heap       ] GC(26) Survivor regions: 18->23(41)
[2.261s][info][gc,heap       ] GC(26) Old regions: 965->965
[2.261s][info][gc,heap       ] GC(26) Humongous regions: 74->71
[2.261s][info][gc,metaspace  ] GC(26) Metaspace: 6842K(7168K)->6842K(7168K) NonClass: 6254K(6400K)->6254K(6400K) Class: 587K(768K)->587K(768K)
[2.261s][info][gc            ] GC(26) Pause Young (Concurrent Start) (G1 Humongous Allocation) 1083M->1058M(2048M) 1.312ms
[2.261s][info][gc,cpu        ] GC(26) User=0.00s Sys=0.00s Real=0.00s
[2.261s][info][gc            ] GC(27) Concurrent Cycle
[2.261s][info][gc,marking    ] GC(27) Concurrent Clear Claimed Marks
[2.261s][info][gc,marking    ] GC(27) Concurrent Clear Claimed Marks 0.010ms
[2.261s][info][gc,marking    ] GC(27) Concurrent Scan Root Regions
[2.261s][info][gc,marking    ] GC(27) Concurrent Scan Root Regions 0.034ms
[2.261s][info][gc,marking    ] GC(27) Concurrent Mark (2.261s)
[2.261s][info][gc,marking    ] GC(27) Concurrent Mark From Roots
[2.261s][info][gc,task       ] GC(27) Using 3 workers of 3 for marking
[2.263s][info][gc,marking    ] GC(27) Concurrent Mark From Roots 1.490ms
[2.263s][info][gc,marking    ] GC(27) Concurrent Preclean
[2.263s][info][gc,marking    ] GC(27) Concurrent Preclean 0.059ms
[2.263s][info][gc,marking    ] GC(27) Concurrent Mark (2.261s, 2.263s) 1.576ms
[2.263s][info][gc,start      ] GC(27) Pause Remark
[2.263s][info][gc,stringtable] GC(27) Cleaned string and symbol table, strings: 2630 processed, 0 removed, symbols: 25602 processed, 0 removed
[2.263s][info][gc            ] GC(27) Pause Remark 1064M->1064M(2048M) 0.435ms
[2.263s][info][gc,cpu        ] GC(27) User=0.00s Sys=0.00s Real=0.00s
[2.263s][info][gc,marking    ] GC(27) Concurrent Rebuild Remembered Sets
[2.264s][info][gc,marking    ] GC(27) Concurrent Rebuild Remembered Sets 0.876ms
[2.264s][info][gc,start      ] GC(27) Pause Cleanup
[2.265s][info][gc            ] GC(27) Pause Cleanup 1067M->1067M(2048M) 0.210ms
[2.265s][info][gc,cpu        ] GC(27) User=0.00s Sys=0.00s Real=0.00s
[2.265s][info][gc,marking    ] GC(27) Concurrent Cleanup for Next Mark
[2.265s][info][gc,marking    ] GC(27) Concurrent Cleanup for Next Mark 0.525ms
[2.265s][info][gc            ] GC(27) Concurrent Cycle 3.986ms
[2.269s][info][gc,start      ] GC(28) Pause Young (Concurrent Start) (G1 Humongous Allocation)
[2.269s][info][gc,task       ] GC(28) Using 13 workers of 13 for evacuation
[2.270s][info][gc,phases     ] GC(28)   Pre Evacuate Collection Set: 0.0ms
[2.270s][info][gc,phases     ] GC(28)   Evacuate Collection Set: 1.1ms
[2.270s][info][gc,phases     ] GC(28)   Post Evacuate Collection Set: 0.2ms
[2.270s][info][gc,phases     ] GC(28)   Other: 0.1ms
[2.270s][info][gc,heap       ] GC(28) Eden regions: 20->0(325)
[2.270s][info][gc,heap       ] GC(28) Survivor regions: 23->28(41)
[2.270s][info][gc,heap       ] GC(28) Old regions: 965->965
[2.270s][info][gc,heap       ] GC(28) Humongous regions: 72->71
[2.270s][info][gc,metaspace  ] GC(28) Metaspace: 6842K(7168K)->6842K(7168K) NonClass: 6254K(6400K)->6254K(6400K) Class: 587K(768K)->587K(768K)
[2.270s][info][gc            ] GC(28) Pause Young (Concurrent Start) (G1 Humongous Allocation) 1079M->1063M(2048M) 1.495ms
[2.270s][info][gc,cpu        ] GC(28) User=0.00s Sys=0.00s Real=0.00s
[2.270s][info][gc            ] GC(29) Concurrent Cycle
[2.270s][info][gc,marking    ] GC(29) Concurrent Clear Claimed Marks
[2.270s][info][gc,marking    ] GC(29) Concurrent Clear Claimed Marks 0.010ms
[2.270s][info][gc,marking    ] GC(29) Concurrent Scan Root Regions
[2.270s][info][gc,marking    ] GC(29) Concurrent Scan Root Regions 0.032ms
[2.270s][info][gc,marking    ] GC(29) Concurrent Mark (2.270s)
[2.270s][info][gc,marking    ] GC(29) Concurrent Mark From Roots
[2.270s][info][gc,task       ] GC(29) Using 3 workers of 3 for marking
[2.272s][info][gc,marking    ] GC(29) Concurrent Mark From Roots 1.579ms
[2.272s][info][gc,marking    ] GC(29) Concurrent Preclean
[2.272s][info][gc,marking    ] GC(29) Concurrent Preclean 0.060ms
[2.272s][info][gc,marking    ] GC(29) Concurrent Mark (2.270s, 2.272s) 1.663ms
[2.272s][info][gc,start      ] GC(29) Pause Remark
[2.272s][info][gc,stringtable] GC(29) Cleaned string and symbol table, strings: 2630 processed, 0 removed, symbols: 25602 processed, 0 removed
[2.273s][info][gc            ] GC(29) Pause Remark 1068M->1068M(2048M) 0.457ms
[2.273s][info][gc,cpu        ] GC(29) User=0.00s Sys=0.00s Real=0.00s
[2.273s][info][gc,marking    ] GC(29) Concurrent Rebuild Remembered Sets
[2.273s][info][gc,marking    ] GC(29) Concurrent Rebuild Remembered Sets 0.889ms
[2.274s][info][gc,start      ] GC(29) Pause Cleanup
[2.274s][info][gc            ] GC(29) Pause Cleanup 1072M->1072M(2048M) 0.172ms
[2.274s][info][gc,cpu        ] GC(29) User=0.00s Sys=0.00s Real=0.00s
[2.274s][info][gc,marking    ] GC(29) Concurrent Cleanup for Next Mark
[2.274s][info][gc,marking    ] GC(29) Concurrent Cleanup for Next Mark 0.542ms
[2.274s][info][gc            ] GC(29) Concurrent Cycle 4.026ms
[2.275s][info][gc,start      ] GC(30) Pause Young (Concurrent Start) (G1 Humongous Allocation)
[2.276s][info][gc,task       ] GC(30) Using 13 workers of 13 for evacuation
[2.277s][info][gc,phases     ] GC(30)   Pre Evacuate Collection Set: 0.0ms
[2.277s][info][gc,phases     ] GC(30)   Evacuate Collection Set: 1.1ms
[2.277s][info][gc,phases     ] GC(30)   Post Evacuate Collection Set: 0.1ms
[2.277s][info][gc,phases     ] GC(30)   Other: 0.1ms
[2.277s][info][gc,heap       ] GC(30) Eden regions: 11->0(344)
[2.277s][info][gc,heap       ] GC(30) Survivor regions: 28->26(45)
[2.277s][info][gc,heap       ] GC(30) Old regions: 965->968
[2.277s][info][gc,heap       ] GC(30) Humongous regions: 73->71
[2.277s][info][gc,metaspace  ] GC(30) Metaspace: 6842K(7168K)->6842K(7168K) NonClass: 6254K(6400K)->6254K(6400K) Class: 587K(768K)->587K(768K)
[2.277s][info][gc            ] GC(30) Pause Young (Concurrent Start) (G1 Humongous Allocation) 1076M->1064M(2048M) 1.458ms
[2.277s][info][gc,cpu        ] GC(30) User=0.00s Sys=0.00s Real=0.00s
[2.277s][info][gc            ] GC(31) Concurrent Cycle
[2.277s][info][gc,marking    ] GC(31) Concurrent Clear Claimed Marks
[2.277s][info][gc,marking    ] GC(31) Concurrent Clear Claimed Marks 0.013ms
[2.277s][info][gc,marking    ] GC(31) Concurrent Scan Root Regions
[2.277s][info][gc,marking    ] GC(31) Concurrent Scan Root Regions 0.029ms
[2.277s][info][gc,marking    ] GC(31) Concurrent Mark (2.277s)
[2.277s][info][gc,marking    ] GC(31) Concurrent Mark From Roots
[2.277s][info][gc,task       ] GC(31) Using 3 workers of 3 for marking
[2.279s][info][gc,marking    ] GC(31) Concurrent Mark From Roots 1.484ms
[2.279s][info][gc,marking    ] GC(31) Concurrent Preclean
[2.279s][info][gc,marking    ] GC(31) Concurrent Preclean 0.061ms
[2.279s][info][gc,marking    ] GC(31) Concurrent Mark (2.277s, 2.279s) 1.580ms
[2.279s][info][gc,start      ] GC(31) Pause Remark
[2.279s][info][gc,stringtable] GC(31) Cleaned string and symbol table, strings: 2630 processed, 0 removed, symbols: 25602 processed, 0 removed
[2.279s][info][gc            ] GC(31) Pause Remark 1069M->1069M(2048M) 0.432ms
[2.279s][info][gc,cpu        ] GC(31) User=0.00s Sys=0.00s Real=0.00s
[2.279s][info][gc,marking    ] GC(31) Concurrent Rebuild Remembered Sets
[2.280s][info][gc,marking    ] GC(31) Concurrent Rebuild Remembered Sets 0.835ms
[2.280s][info][gc,start      ] GC(31) Pause Cleanup
[2.280s][info][gc            ] GC(31) Pause Cleanup 1071M->1071M(2048M) 0.192ms
[2.280s][info][gc,cpu        ] GC(31) User=0.00s Sys=0.00s Real=0.00s
[2.280s][info][gc,marking    ] GC(31) Concurrent Cleanup for Next Mark
[2.281s][info][gc,marking    ] GC(31) Concurrent Cleanup for Next Mark 0.488ms
[2.281s][info][gc            ] GC(31) Concurrent Cycle 3.815ms
[2.282s][info][gc,start      ] GC(32) Pause Young (Concurrent Start) (G1 Humongous Allocation)
[2.282s][info][gc,task       ] GC(32) Using 13 workers of 13 for evacuation
[2.283s][info][gc,phases     ] GC(32)   Pre Evacuate Collection Set: 0.0ms
[2.283s][info][gc,phases     ] GC(32)   Evacuate Collection Set: 1.1ms
[2.283s][info][gc,phases     ] GC(32)   Post Evacuate Collection Set: 0.1ms
[2.283s][info][gc,phases     ] GC(32)   Other: 0.1ms
[2.283s][info][gc,heap       ] GC(32) Eden regions: 11->0(314)
[2.283s][info][gc,heap       ] GC(32) Survivor regions: 26->30(47)
[2.283s][info][gc,heap       ] GC(32) Old regions: 968->968
[2.283s][info][gc,heap       ] GC(32) Humongous regions: 72->71
[2.283s][info][gc,metaspace  ] GC(32) Metaspace: 6842K(7168K)->6842K(7168K) NonClass: 6254K(6400K)->6254K(6400K) Class: 587K(768K)->587K(768K)
[2.283s][info][gc            ] GC(32) Pause Young (Concurrent Start) (G1 Humongous Allocation) 1076M->1067M(2048M) 1.486ms
[2.283s][info][gc,cpu        ] GC(32) User=0.00s Sys=0.00s Real=0.00s
[2.283s][info][gc            ] GC(33) Concurrent Cycle
[2.283s][info][gc,marking    ] GC(33) Concurrent Clear Claimed Marks
[2.283s][info][gc,marking    ] GC(33) Concurrent Clear Claimed Marks 0.010ms
[2.283s][info][gc,marking    ] GC(33) Concurrent Scan Root Regions
[2.283s][info][gc,marking    ] GC(33) Concurrent Scan Root Regions 0.032ms
[2.283s][info][gc,marking    ] GC(33) Concurrent Mark (2.283s)
[2.283s][info][gc,marking    ] GC(33) Concurrent Mark From Roots
[2.283s][info][gc,task       ] GC(33) Using 3 workers of 3 for marking
[2.285s][info][gc,marking    ] GC(33) Concurrent Mark From Roots 1.493ms
[2.285s][info][gc,marking    ] GC(33) Concurrent Preclean
[2.285s][info][gc,marking    ] GC(33) Concurrent Preclean 0.060ms
[2.285s][info][gc,marking    ] GC(33) Concurrent Mark (2.283s, 2.285s) 1.578ms
[2.285s][info][gc,start      ] GC(33) Pause Remark
[2.285s][info][gc,stringtable] GC(33) Cleaned string and symbol table, strings: 2630 processed, 0 removed, symbols: 25602 processed, 0 removed
[2.286s][info][gc            ] GC(33) Pause Remark 1072M->1072M(2048M) 0.421ms
[2.286s][info][gc,cpu        ] GC(33) User=0.00s Sys=0.00s Real=0.00s
[2.286s][info][gc,marking    ] GC(33) Concurrent Rebuild Remembered Sets
[2.286s][info][gc,marking    ] GC(33) Concurrent Rebuild Remembered Sets 0.832ms
[2.286s][info][gc,start      ] GC(33) Pause Cleanup
[2.287s][info][gc            ] GC(33) Pause Cleanup 1077M->1077M(2048M) 0.187ms
[2.287s][info][gc,cpu        ] GC(33) User=0.00s Sys=0.00s Real=0.00s
[2.287s][info][gc,marking    ] GC(33) Concurrent Cleanup for Next Mark
[2.287s][info][gc,marking    ] GC(33) Concurrent Cleanup for Next Mark 0.451ms
[2.287s][info][gc            ] GC(33) Concurrent Cycle 3.735ms
[2.288s][info][gc,start      ] GC(34) Pause Young (Concurrent Start) (G1 Humongous Allocation)
[2.288s][info][gc,task       ] GC(34) Using 13 workers of 13 for evacuation
[2.289s][info][gc,phases     ] GC(34)   Pre Evacuate Collection Set: 0.0ms
[2.289s][info][gc,phases     ] GC(34)   Evacuate Collection Set: 1.1ms
[2.289s][info][gc,phases     ] GC(34)   Post Evacuate Collection Set: 0.1ms
[2.289s][info][gc,phases     ] GC(34)   Other: 0.1ms
[2.289s][info][gc,heap       ] GC(34) Eden regions: 9->0(353)
[2.289s][info][gc,heap       ] GC(34) Survivor regions: 30->25(43)
[2.289s][info][gc,heap       ] GC(34) Old regions: 968->973
[2.289s][info][gc,heap       ] GC(34) Humongous regions: 76->72
[2.289s][info][gc,metaspace  ] GC(34) Metaspace: 6842K(7168K)->6842K(7168K) NonClass: 6254K(6400K)->6254K(6400K) Class: 587K(768K)->587K(768K)
[2.290s][info][gc            ] GC(34) Pause Young (Concurrent Start) (G1 Humongous Allocation) 1080M->1068M(2048M) 1.498ms
[2.290s][info][gc,cpu        ] GC(34) User=0.00s Sys=0.00s Real=0.00s
[2.290s][info][gc            ] GC(35) Concurrent Cycle
[2.290s][info][gc,marking    ] GC(35) Concurrent Clear Claimed Marks
[2.290s][info][gc,marking    ] GC(35) Concurrent Clear Claimed Marks 0.010ms
[2.290s][info][gc,marking    ] GC(35) Concurrent Scan Root Regions
[2.290s][info][gc,marking    ] GC(35) Concurrent Scan Root Regions 0.031ms
[2.290s][info][gc,marking    ] GC(35) Concurrent Mark (2.290s)
[2.290s][info][gc,marking    ] GC(35) Concurrent Mark From Roots
[2.290s][info][gc,task       ] GC(35) Using 3 workers of 3 for marking
[2.291s][info][gc,marking    ] GC(35) Concurrent Mark From Roots 1.476ms
[2.291s][info][gc,marking    ] GC(35) Concurrent Preclean
[2.291s][info][gc,marking    ] GC(35) Concurrent Preclean 0.060ms
[2.291s][info][gc,marking    ] GC(35) Concurrent Mark (2.290s, 2.291s) 1.565ms
[2.291s][info][gc,start      ] GC(35) Pause Remark
[2.292s][info][gc,stringtable] GC(35) Cleaned string and symbol table, strings: 2630 processed, 0 removed, symbols: 25602 processed, 0 removed
[2.292s][info][gc            ] GC(35) Pause Remark 1073M->1073M(2048M) 0.420ms
[2.292s][info][gc,cpu        ] GC(35) User=0.00s Sys=0.00s Real=0.00s
[2.292s][info][gc,marking    ] GC(35) Concurrent Rebuild Remembered Sets
[2.293s][info][gc,marking    ] GC(35) Concurrent Rebuild Remembered Sets 0.824ms
[2.293s][info][gc,start      ] GC(35) Pause Cleanup
[2.293s][info][gc            ] GC(35) Pause Cleanup 1075M->1075M(2048M) 0.180ms
[2.293s][info][gc,cpu        ] GC(35) User=0.00s Sys=0.00s Real=0.00s
[2.293s][info][gc,marking    ] GC(35) Concurrent Cleanup for Next Mark
[2.293s][info][gc,marking    ] GC(35) Concurrent Cleanup for Next Mark 0.405ms
[2.293s][info][gc            ] GC(35) Concurrent Cycle 3.691ms
[2.294s][info][gc,start      ] GC(36) Pause Young (Concurrent Start) (G1 Humongous Allocation)
[2.294s][info][gc,task       ] GC(36) Using 13 workers of 13 for evacuation
[2.295s][info][gc,phases     ] GC(36)   Pre Evacuate Collection Set: 0.0ms
[2.295s][info][gc,phases     ] GC(36)   Evacuate Collection Set: 1.0ms
[2.295s][info][gc,phases     ] GC(36)   Post Evacuate Collection Set: 0.1ms
[2.295s][info][gc,phases     ] GC(36)   Other: 0.1ms
[2.295s][info][gc,heap       ] GC(36) Eden regions: 8->0(399)
[2.295s][info][gc,heap       ] GC(36) Survivor regions: 25->26(48)
[2.295s][info][gc,heap       ] GC(36) Old regions: 973->973
[2.295s][info][gc,heap       ] GC(36) Humongous regions: 73->72
[2.295s][info][gc,metaspace  ] GC(36) Metaspace: 6842K(7168K)->6842K(7168K) NonClass: 6254K(6400K)->6254K(6400K) Class: 587K(768K)->587K(768K)
[2.295s][info][gc            ] GC(36) Pause Young (Concurrent Start) (G1 Humongous Allocation) 1076M->1070M(2048M) 1.337ms
[2.295s][info][gc,cpu        ] GC(36) User=0.00s Sys=0.00s Real=0.00s
[2.295s][info][gc            ] GC(37) Concurrent Cycle
[2.295s][info][gc,marking    ] GC(37) Concurrent Clear Claimed Marks
[2.295s][info][gc,marking    ] GC(37) Concurrent Clear Claimed Marks 0.010ms
[2.295s][info][gc,marking    ] GC(37) Concurrent Scan Root Regions
[2.295s][info][gc,marking    ] GC(37) Concurrent Scan Root Regions 0.030ms
[2.295s][info][gc,marking    ] GC(37) Concurrent Mark (2.295s)
[2.295s][info][gc,marking    ] GC(37) Concurrent Mark From Roots
[2.295s][info][gc,task       ] GC(37) Using 3 workers of 3 for marking
[2.296s][info][gc,marking    ] GC(37) Concurrent Mark From Roots 1.280ms
[2.296s][info][gc,marking    ] GC(37) Concurrent Preclean
[2.297s][info][gc,marking    ] GC(37) Concurrent Preclean 0.059ms
[2.297s][info][gc,marking    ] GC(37) Concurrent Mark (2.295s, 2.297s) 1.363ms
[2.297s][info][gc,start      ] GC(37) Pause Remark
[2.297s][info][gc,stringtable] GC(37) Cleaned string and symbol table, strings: 2630 processed, 0 removed, symbols: 25602 processed, 0 removed
[2.297s][info][gc            ] GC(37) Pause Remark 1075M->1075M(2048M) 0.397ms
[2.297s][info][gc,cpu        ] GC(37) User=0.00s Sys=0.00s Real=0.00s
[2.297s][info][gc,marking    ] GC(37) Concurrent Rebuild Remembered Sets
[2.298s][info][gc,marking    ] GC(37) Concurrent Rebuild Remembered Sets 0.888ms
[2.298s][info][gc,start      ] GC(37) Pause Cleanup
[2.298s][info][gc            ] GC(37) Pause Cleanup 1079M->1079M(2048M) 0.177ms
[2.298s][info][gc,cpu        ] GC(37) User=0.00s Sys=0.00s Real=0.00s
[2.298s][info][gc,marking    ] GC(37) Concurrent Cleanup for Next Mark
[2.299s][info][gc,marking    ] GC(37) Concurrent Cleanup for Next Mark 0.409ms
[2.299s][info][gc            ] GC(37) Concurrent Cycle 3.497ms
[2.302s][info][gc,start      ] GC(38) Pause Young (Concurrent Start) (G1 Humongous Allocation)
[2.302s][info][gc,task       ] GC(38) Using 13 workers of 13 for evacuation
[2.303s][info][gc,phases     ] GC(38)   Pre Evacuate Collection Set: 0.0ms
[2.303s][info][gc,phases     ] GC(38)   Evacuate Collection Set: 1.2ms
[2.303s][info][gc,phases     ] GC(38)   Post Evacuate Collection Set: 0.1ms
[2.303s][info][gc,phases     ] GC(38)   Other: 0.1ms
[2.303s][info][gc,heap       ] GC(38) Eden regions: 14->0(427)
[2.303s][info][gc,heap       ] GC(38) Survivor regions: 26->29(54)
[2.303s][info][gc,heap       ] GC(38) Old regions: 973->973
[2.303s][info][gc,heap       ] GC(38) Humongous regions: 78->73
[2.303s][info][gc,metaspace  ] GC(38) Metaspace: 6842K(7168K)->6842K(7168K) NonClass: 6254K(6400K)->6254K(6400K) Class: 587K(768K)->587K(768K)
[2.303s][info][gc            ] GC(38) Pause Young (Concurrent Start) (G1 Humongous Allocation) 1089M->1073M(2048M) 1.567ms
[2.303s][info][gc,cpu        ] GC(38) User=0.00s Sys=0.00s Real=0.00s
[2.303s][info][gc            ] GC(39) Concurrent Cycle
[2.303s][info][gc,marking    ] GC(39) Concurrent Clear Claimed Marks
[2.303s][info][gc,marking    ] GC(39) Concurrent Clear Claimed Marks 0.010ms
[2.303s][info][gc,marking    ] GC(39) Concurrent Scan Root Regions
[2.303s][info][gc,marking    ] GC(39) Concurrent Scan Root Regions 0.035ms
[2.303s][info][gc,marking    ] GC(39) Concurrent Mark (2.303s)
[2.303s][info][gc,marking    ] GC(39) Concurrent Mark From Roots
[2.303s][info][gc,task       ] GC(39) Using 3 workers of 3 for marking
[2.305s][info][gc,marking    ] GC(39) Concurrent Mark From Roots 1.397ms
[2.305s][info][gc,marking    ] GC(39) Concurrent Preclean
[2.305s][info][gc,marking    ] GC(39) Concurrent Preclean 0.074ms
[2.305s][info][gc,marking    ] GC(39) Concurrent Mark (2.303s, 2.305s) 1.504ms
[2.305s][info][gc,start      ] GC(39) Pause Remark
[2.305s][info][gc,stringtable] GC(39) Cleaned string and symbol table, strings: 2630 processed, 0 removed, symbols: 25602 processed, 0 removed
[2.305s][info][gc            ] GC(39) Pause Remark 1078M->1078M(2048M) 0.437ms
[2.305s][info][gc,cpu        ] GC(39) User=0.00s Sys=0.00s Real=0.00s
[2.305s][info][gc,marking    ] GC(39) Concurrent Rebuild Remembered Sets
[2.306s][info][gc,marking    ] GC(39) Concurrent Rebuild Remembered Sets 0.876ms
[2.306s][info][gc,start      ] GC(39) Pause Cleanup
[2.306s][info][gc            ] GC(39) Pause Cleanup 1081M->1081M(2048M) 0.178ms
[2.306s][info][gc,cpu        ] GC(39) User=0.00s Sys=0.00s Real=0.00s
[2.306s][info][gc,marking    ] GC(39) Concurrent Cleanup for Next Mark
[2.307s][info][gc,marking    ] GC(39) Concurrent Cleanup for Next Mark 0.418ms
[2.307s][info][gc            ] GC(39) Concurrent Cycle 3.703ms
[2.308s][info][gc,start      ] GC(40) Pause Young (Concurrent Start) (G1 Humongous Allocation)
[2.308s][info][gc,task       ] GC(40) Using 13 workers of 13 for evacuation
[2.309s][info][gc,phases     ] GC(40)   Pre Evacuate Collection Set: 0.0ms
[2.309s][info][gc,phases     ] GC(40)   Evacuate Collection Set: 1.2ms
[2.309s][info][gc,phases     ] GC(40)   Post Evacuate Collection Set: 0.1ms
[2.310s][info][gc,phases     ] GC(40)   Other: 0.1ms
[2.310s][info][gc,heap       ] GC(40) Eden regions: 11->0(401)
[2.310s][info][gc,heap       ] GC(40) Survivor regions: 29->31(57)
[2.310s][info][gc,heap       ] GC(40) Old regions: 973->973
[2.310s][info][gc,heap       ] GC(40) Humongous regions: 74->73
[2.310s][info][gc,metaspace  ] GC(40) Metaspace: 6842K(7168K)->6842K(7168K) NonClass: 6254K(6400K)->6254K(6400K) Class: 587K(768K)->587K(768K)
[2.310s][info][gc            ] GC(40) Pause Young (Concurrent Start) (G1 Humongous Allocation) 1085M->1075M(2048M) 1.503ms
[2.310s][info][gc,cpu        ] GC(40) User=0.00s Sys=0.00s Real=0.00s
[2.310s][info][gc            ] GC(41) Concurrent Cycle
[2.310s][info][gc,marking    ] GC(41) Concurrent Clear Claimed Marks
[2.310s][info][gc,marking    ] GC(41) Concurrent Clear Claimed Marks 0.009ms
[2.310s][info][gc,marking    ] GC(41) Concurrent Scan Root Regions
[2.310s][info][gc,marking    ] GC(41) Concurrent Scan Root Regions 0.029ms
[2.310s][info][gc,marking    ] GC(41) Concurrent Mark (2.310s)
[2.310s][info][gc,marking    ] GC(41) Concurrent Mark From Roots
[2.310s][info][gc,task       ] GC(41) Using 3 workers of 3 for marking
[2.311s][info][gc,marking    ] GC(41) Concurrent Mark From Roots 1.329ms
[2.311s][info][gc,marking    ] GC(41) Concurrent Preclean
[2.311s][info][gc,marking    ] GC(41) Concurrent Preclean 0.060ms
[2.311s][info][gc,marking    ] GC(41) Concurrent Mark (2.310s, 2.311s) 1.417ms
[2.311s][info][gc,start      ] GC(41) Pause Remark
[2.311s][info][gc,stringtable] GC(41) Cleaned string and symbol table, strings: 2630 processed, 0 removed, symbols: 25602 processed, 0 removed
[2.312s][info][gc            ] GC(41) Pause Remark 1080M->1080M(2048M) 0.393ms
[2.312s][info][gc,cpu        ] GC(41) User=0.00s Sys=0.00s Real=0.00s
[2.312s][info][gc,marking    ] GC(41) Concurrent Rebuild Remembered Sets
[2.312s][info][gc,marking    ] GC(41) Concurrent Rebuild Remembered Sets 0.837ms
[2.312s][info][gc,start      ] GC(41) Pause Cleanup
[2.313s][info][gc            ] GC(41) Pause Cleanup 1083M->1083M(2048M) 0.204ms
[2.313s][info][gc,cpu        ] GC(41) User=0.00s Sys=0.00s Real=0.00s
[2.313s][info][gc,marking    ] GC(41) Concurrent Cleanup for Next Mark
[2.313s][info][gc,marking    ] GC(41) Concurrent Cleanup for Next Mark 0.415ms
[2.313s][info][gc            ] GC(41) Concurrent Cycle 3.543ms
[2.317s][info][gc,start      ] GC(42) Pause Young (Concurrent Start) (G1 Humongous Allocation)
[2.317s][info][gc,task       ] GC(42) Using 13 workers of 13 for evacuation
[2.321s][info][gc,phases     ] GC(42)   Pre Evacuate Collection Set: 0.0ms
[2.321s][info][gc,phases     ] GC(42)   Evacuate Collection Set: 1.4ms
[2.321s][info][gc,phases     ] GC(42)   Post Evacuate Collection Set: 2.8ms
[2.321s][info][gc,phases     ] GC(42)   Other: 0.1ms
[2.321s][info][gc,heap       ] GC(42) Eden regions: 18->0(641)
[2.321s][info][gc,heap       ] GC(42) Survivor regions: 31->29(54)
[2.321s][info][gc,heap       ] GC(42) Old regions: 973->979
[2.321s][info][gc,heap       ] GC(42) Humongous regions: 76->73
[2.321s][info][gc,metaspace  ] GC(42) Metaspace: 6842K(7168K)->6842K(7168K) NonClass: 6254K(6400K)->6254K(6400K) Class: 587K(768K)->587K(768K)
[2.321s][info][gc            ] GC(42) Pause Young (Concurrent Start) (G1 Humongous Allocation) 1096M->1079M(2458M) 4.376ms
[2.321s][info][gc,cpu        ] GC(42) User=0.00s Sys=0.00s Real=0.01s
[2.321s][info][gc            ] GC(43) Concurrent Cycle
[2.321s][info][gc,marking    ] GC(43) Concurrent Clear Claimed Marks
[2.321s][info][gc,marking    ] GC(43) Concurrent Clear Claimed Marks 0.011ms
[2.321s][info][gc,marking    ] GC(43) Concurrent Scan Root Regions
[2.321s][info][gc,marking    ] GC(43) Concurrent Scan Root Regions 0.037ms
[2.321s][info][gc,marking    ] GC(43) Concurrent Mark (2.321s)
[2.321s][info][gc,marking    ] GC(43) Concurrent Mark From Roots
[2.321s][info][gc,task       ] GC(43) Using 3 workers of 3 for marking
[2.323s][info][gc,marking    ] GC(43) Concurrent Mark From Roots 1.708ms
[2.323s][info][gc,marking    ] GC(43) Concurrent Preclean
[2.323s][info][gc,marking    ] GC(43) Concurrent Preclean 0.089ms
[2.323s][info][gc,marking    ] GC(43) Concurrent Mark (2.321s, 2.323s) 1.829ms
[2.323s][info][gc,start      ] GC(43) Pause Remark
[2.324s][info][gc,stringtable] GC(43) Cleaned string and symbol table, strings: 2630 processed, 0 removed, symbols: 25602 processed, 0 removed
[2.324s][info][gc            ] GC(43) Pause Remark 1084M->1084M(2458M) 0.473ms
[2.324s][info][gc,cpu        ] GC(43) User=0.00s Sys=0.00s Real=0.00s
[2.324s][info][gc,marking    ] GC(43) Concurrent Rebuild Remembered Sets
[2.325s][info][gc,marking    ] GC(43) Concurrent Rebuild Remembered Sets 0.908ms
[2.325s][info][gc,start      ] GC(43) Pause Cleanup
[2.325s][info][gc            ] GC(43) Pause Cleanup 1086M->1086M(2458M) 0.223ms
[2.325s][info][gc,cpu        ] GC(43) User=0.00s Sys=0.00s Real=0.00s
[2.325s][info][gc,marking    ] GC(43) Concurrent Cleanup for Next Mark
[2.326s][info][gc,marking    ] GC(43) Concurrent Cleanup for Next Mark 0.654ms
[2.326s][info][gc            ] GC(43) Concurrent Cycle 4.391ms
[2.547s][info][gc,start      ] GC(44) Pause Young (Concurrent Start) (G1 Humongous Allocation)
[2.548s][info][gc,task       ] GC(44) Using 13 workers of 13 for evacuation
[2.554s][info][gc,phases     ] GC(44)   Pre Evacuate Collection Set: 0.1ms
[2.554s][info][gc,phases     ] GC(44)   Evacuate Collection Set: 5.9ms
[2.554s][info][gc,phases     ] GC(44)   Post Evacuate Collection Set: 0.3ms
[2.554s][info][gc,phases     ] GC(44)   Other: 0.2ms
[2.554s][info][gc,heap       ] GC(44) Eden regions: 522->0(591)
[2.554s][info][gc,heap       ] GC(44) Survivor regions: 29->84(84)
[2.554s][info][gc,heap       ] GC(44) Old regions: 979->1022
[2.554s][info][gc,heap       ] GC(44) Humongous regions: 127->85
[2.554s][info][gc,metaspace  ] GC(44) Metaspace: 6842K(7168K)->6842K(7168K) NonClass: 6254K(6400K)->6254K(6400K) Class: 587K(768K)->587K(768K)
[2.554s][info][gc            ] GC(44) Pause Young (Concurrent Start) (G1 Humongous Allocation) 1655M->1190M(2458M) 6.591ms
[2.554s][info][gc,cpu        ] GC(44) User=0.06s Sys=0.12s Real=0.01s
[2.554s][info][gc            ] GC(45) Concurrent Cycle
[2.554s][info][gc,marking    ] GC(45) Concurrent Clear Claimed Marks
[2.554s][info][gc,marking    ] GC(45) Concurrent Clear Claimed Marks 0.015ms
[2.554s][info][gc,marking    ] GC(45) Concurrent Scan Root Regions
[2.554s][info][gc,marking    ] GC(45) Concurrent Scan Root Regions 0.063ms
[2.554s][info][gc,marking    ] GC(45) Concurrent Mark (2.554s)
[2.554s][info][gc,marking    ] GC(45) Concurrent Mark From Roots
[2.554s][info][gc,task       ] GC(45) Using 3 workers of 3 for marking
[2.557s][info][gc,marking    ] GC(45) Concurrent Mark From Roots 2.398ms
[2.557s][info][gc,marking    ] GC(45) Concurrent Preclean
[2.557s][info][gc,marking    ] GC(45) Concurrent Preclean 0.081ms
[2.557s][info][gc,marking    ] GC(45) Concurrent Mark (2.554s, 2.557s) 2.525ms
[2.557s][info][gc,start      ] GC(45) Pause Remark
[2.557s][info][gc,stringtable] GC(45) Cleaned string and symbol table, strings: 2630 processed, 0 removed, symbols: 25602 processed, 0 removed
[2.557s][info][gc            ] GC(45) Pause Remark 1198M->1198M(2458M) 0.521ms
[2.557s][info][gc,cpu        ] GC(45) User=0.00s Sys=0.00s Real=0.00s
[2.557s][info][gc,marking    ] GC(45) Concurrent Rebuild Remembered Sets
[2.559s][info][gc,marking    ] GC(45) Concurrent Rebuild Remembered Sets 1.146ms
[2.559s][info][gc,start      ] GC(45) Pause Cleanup
[2.559s][info][gc            ] GC(45) Pause Cleanup 1202M->1202M(2458M) 0.209ms
[2.559s][info][gc,cpu        ] GC(45) User=0.00s Sys=0.00s Real=0.00s
[2.559s][info][gc,marking    ] GC(45) Concurrent Cleanup for Next Mark
[2.560s][info][gc,marking    ] GC(45) Concurrent Cleanup for Next Mark 1.216ms
[2.560s][info][gc            ] GC(45) Concurrent Cycle 5.954ms
[2.561s][info][gc,start      ] GC(46) Pause Young (Concurrent Start) (G1 Humongous Allocation)
[2.561s][info][gc,task       ] GC(46) Using 13 workers of 13 for evacuation
[2.565s][info][gc,phases     ] GC(46)   Pre Evacuate Collection Set: 0.0ms
[2.565s][info][gc,phases     ] GC(46)   Evacuate Collection Set: 4.0ms
[2.565s][info][gc,phases     ] GC(46)   Post Evacuate Collection Set: 0.2ms
[2.565s][info][gc,phases     ] GC(46)   Other: 0.1ms
[2.565s][info][gc,heap       ] GC(46) Eden regions: 14->0(641)
[2.565s][info][gc,heap       ] GC(46) Survivor regions: 84->3(85)
[2.565s][info][gc,heap       ] GC(46) Old regions: 1022->1104
[2.565s][info][gc,heap       ] GC(46) Humongous regions: 87->85
[2.565s][info][gc,metaspace  ] GC(46) Metaspace: 6842K(7168K)->6842K(7168K) NonClass: 6254K(6400K)->6254K(6400K) Class: 587K(768K)->587K(768K)
[2.565s][info][gc            ] GC(46) Pause Young (Concurrent Start) (G1 Humongous Allocation) 1206M->1191M(2458M) 4.364ms
[2.565s][info][gc,cpu        ] GC(46) User=0.00s Sys=0.00s Real=0.00s
[2.565s][info][gc            ] GC(47) Concurrent Cycle
[2.565s][info][gc,marking    ] GC(47) Concurrent Clear Claimed Marks
[2.565s][info][gc,marking    ] GC(47) Concurrent Clear Claimed Marks 0.009ms
[2.565s][info][gc,marking    ] GC(47) Concurrent Scan Root Regions
[2.565s][info][gc,marking    ] GC(47) Concurrent Scan Root Regions 0.035ms
[2.565s][info][gc,marking    ] GC(47) Concurrent Mark (2.565s)
[2.565s][info][gc,marking    ] GC(47) Concurrent Mark From Roots
[2.565s][info][gc,task       ] GC(47) Using 3 workers of 3 for marking
[2.567s][info][gc,marking    ] GC(47) Concurrent Mark From Roots 1.918ms
[2.567s][info][gc,marking    ] GC(47) Concurrent Preclean
[2.567s][info][gc,marking    ] GC(47) Concurrent Preclean 0.058ms
[2.567s][info][gc,marking    ] GC(47) Concurrent Mark (2.565s, 2.567s) 2.002ms
[2.567s][info][gc,start      ] GC(47) Pause Remark
[2.567s][info][gc,stringtable] GC(47) Cleaned string and symbol table, strings: 2630 processed, 0 removed, symbols: 25602 processed, 0 removed
[2.568s][info][gc            ] GC(47) Pause Remark 1198M->1198M(2458M) 0.469ms
[2.568s][info][gc,cpu        ] GC(47) User=0.00s Sys=0.00s Real=0.00s
[2.568s][info][gc,marking    ] GC(47) Concurrent Rebuild Remembered Sets
[2.569s][info][gc,marking    ] GC(47) Concurrent Rebuild Remembered Sets 1.155ms
[2.569s][info][gc,start      ] GC(47) Pause Cleanup
[2.569s][info][gc            ] GC(47) Pause Cleanup 1202M->1202M(2458M) 0.216ms
[2.569s][info][gc,cpu        ] GC(47) User=0.00s Sys=0.00s Real=0.00s
[2.569s][info][gc,marking    ] GC(47) Concurrent Cleanup for Next Mark
[2.570s][info][gc,marking    ] GC(47) Concurrent Cleanup for Next Mark 1.024ms
[2.570s][info][gc            ] GC(47) Concurrent Cycle 5.167ms
[2.570s][info][gc,start      ] GC(48) Pause Young (Concurrent Start) (G1 Humongous Allocation)
[2.570s][info][gc,task       ] GC(48) Using 13 workers of 13 for evacuation
[2.571s][info][gc,phases     ] GC(48)   Pre Evacuate Collection Set: 0.0ms
[2.571s][info][gc,phases     ] GC(48)   Evacuate Collection Set: 0.3ms
[2.571s][info][gc,phases     ] GC(48)   Post Evacuate Collection Set: 0.1ms
[2.571s][info][gc,phases     ] GC(48)   Other: 0.1ms
[2.571s][info][gc,heap       ] GC(48) Eden regions: 12->0(499)
[2.571s][info][gc,heap       ] GC(48) Survivor regions: 3->6(81)
[2.571s][info][gc,heap       ] GC(48) Old regions: 1104->1104
[2.571s][info][gc,heap       ] GC(48) Humongous regions: 87->86
[2.571s][info][gc,metaspace  ] GC(48) Metaspace: 6842K(7168K)->6842K(7168K) NonClass: 6254K(6400K)->6254K(6400K) Class: 587K(768K)->587K(768K)
[2.571s][info][gc            ] GC(48) Pause Young (Concurrent Start) (G1 Humongous Allocation) 1204M->1195M(2458M) 0.574ms
[2.571s][info][gc,cpu        ] GC(48) User=0.00s Sys=0.00s Real=0.00s
[2.571s][info][gc            ] GC(49) Concurrent Cycle
[2.571s][info][gc,marking    ] GC(49) Concurrent Clear Claimed Marks
[2.571s][info][gc,marking    ] GC(49) Concurrent Clear Claimed Marks 0.010ms
[2.571s][info][gc,marking    ] GC(49) Concurrent Scan Root Regions
[2.571s][info][gc,marking    ] GC(49) Concurrent Scan Root Regions 0.028ms
[2.571s][info][gc,marking    ] GC(49) Concurrent Mark (2.571s)
[2.571s][info][gc,marking    ] GC(49) Concurrent Mark From Roots
[2.571s][info][gc,task       ] GC(49) Using 3 workers of 3 for marking
[2.572s][info][gc,marking    ] GC(49) Concurrent Mark From Roots 1.544ms
[2.572s][info][gc,marking    ] GC(49) Concurrent Preclean
[2.572s][info][gc,marking    ] GC(49) Concurrent Preclean 0.060ms
[2.572s][info][gc,marking    ] GC(49) Concurrent Mark (2.571s, 2.572s) 1.641ms
[2.573s][info][gc,start      ] GC(49) Pause Remark
[2.573s][info][gc,stringtable] GC(49) Cleaned string and symbol table, strings: 2630 processed, 0 removed, symbols: 25602 processed, 0 removed
[2.573s][info][gc            ] GC(49) Pause Remark 1200M->1200M(2458M) 0.442ms
[2.573s][info][gc,cpu        ] GC(49) User=0.00s Sys=0.00s Real=0.00s
[2.573s][info][gc,marking    ] GC(49) Concurrent Rebuild Remembered Sets
[2.574s][info][gc,marking    ] GC(49) Concurrent Rebuild Remembered Sets 0.972ms
[2.574s][info][gc,start      ] GC(49) Pause Cleanup
[2.574s][info][gc            ] GC(49) Pause Cleanup 1203M->1203M(2458M) 0.196ms
[2.574s][info][gc,cpu        ] GC(49) User=0.00s Sys=0.00s Real=0.00s
[2.574s][info][gc,marking    ] GC(49) Concurrent Cleanup for Next Mark
[2.575s][info][gc,marking    ] GC(49) Concurrent Cleanup for Next Mark 0.666ms
[2.575s][info][gc            ] GC(49) Concurrent Cycle 4.207ms
[2.577s][info][gc,start      ] GC(50) Pause Young (Concurrent Start) (G1 Humongous Allocation)
[2.577s][info][gc,task       ] GC(50) Using 13 workers of 13 for evacuation
[2.578s][info][gc,phases     ] GC(50)   Pre Evacuate Collection Set: 0.0ms
[2.578s][info][gc,phases     ] GC(50)   Evacuate Collection Set: 0.4ms
[2.578s][info][gc,phases     ] GC(50)   Post Evacuate Collection Set: 0.2ms
[2.578s][info][gc,phases     ] GC(50)   Other: 0.1ms
[2.578s][info][gc,heap       ] GC(50) Eden regions: 16->0(491)
[2.578s][info][gc,heap       ] GC(50) Survivor regions: 6->9(64)
[2.578s][info][gc,heap       ] GC(50) Old regions: 1104->1104
[2.578s][info][gc,heap       ] GC(50) Humongous regions: 88->86
[2.578s][info][gc,metaspace  ] GC(50) Metaspace: 6842K(7168K)->6842K(7168K) NonClass: 6254K(6400K)->6254K(6400K) Class: 587K(768K)->587K(768K)
[2.578s][info][gc            ] GC(50) Pause Young (Concurrent Start) (G1 Humongous Allocation) 1213M->1198M(2458M) 0.778ms
[2.578s][info][gc,cpu        ] GC(50) User=0.00s Sys=0.00s Real=0.00s
[2.578s][info][gc            ] GC(51) Concurrent Cycle
[2.578s][info][gc,marking    ] GC(51) Concurrent Clear Claimed Marks
[2.578s][info][gc,marking    ] GC(51) Concurrent Clear Claimed Marks 0.012ms
[2.578s][info][gc,marking    ] GC(51) Concurrent Scan Root Regions
[2.578s][info][gc,marking    ] GC(51) Concurrent Scan Root Regions 0.032ms
[2.578s][info][gc,marking    ] GC(51) Concurrent Mark (2.578s)
[2.578s][info][gc,marking    ] GC(51) Concurrent Mark From Roots
[2.578s][info][gc,task       ] GC(51) Using 3 workers of 3 for marking
[2.580s][info][gc,marking    ] GC(51) Concurrent Mark From Roots 1.504ms
[2.580s][info][gc,marking    ] GC(51) Concurrent Preclean
[2.580s][info][gc,marking    ] GC(51) Concurrent Preclean 0.075ms
[2.580s][info][gc,marking    ] GC(51) Concurrent Mark (2.578s, 2.580s) 1.607ms
[2.580s][info][gc,start      ] GC(51) Pause Remark
[2.580s][info][gc,stringtable] GC(51) Cleaned string and symbol table, strings: 2630 processed, 0 removed, symbols: 25602 processed, 0 removed
[2.580s][info][gc            ] GC(51) Pause Remark 1203M->1203M(2458M) 0.414ms
[2.580s][info][gc,cpu        ] GC(51) User=0.00s Sys=0.00s Real=0.00s
[2.580s][info][gc,marking    ] GC(51) Concurrent Rebuild Remembered Sets
[2.581s][info][gc,marking    ] GC(51) Concurrent Rebuild Remembered Sets 0.978ms
[2.581s][info][gc,start      ] GC(51) Pause Cleanup
[2.581s][info][gc            ] GC(51) Pause Cleanup 1207M->1207M(2458M) 0.203ms
[2.581s][info][gc,cpu        ] GC(51) User=0.00s Sys=0.00s Real=0.00s
[2.582s][info][gc,marking    ] GC(51) Concurrent Cleanup for Next Mark
[2.582s][info][gc,marking    ] GC(51) Concurrent Cleanup for Next Mark 0.745ms
[2.582s][info][gc            ] GC(51) Concurrent Cycle 4.219ms
[2.583s][info][gc,start      ] GC(52) Pause Young (Concurrent Start) (G1 Humongous Allocation)
[2.583s][info][gc,task       ] GC(52) Using 13 workers of 13 for evacuation
[2.583s][info][gc,phases     ] GC(52)   Pre Evacuate Collection Set: 0.0ms
[2.583s][info][gc,phases     ] GC(52)   Evacuate Collection Set: 0.4ms
[2.583s][info][gc,phases     ] GC(52)   Post Evacuate Collection Set: 0.1ms
[2.583s][info][gc,phases     ] GC(52)   Other: 0.1ms
[2.583s][info][gc,heap       ] GC(52) Eden regions: 9->0(511)
[2.583s][info][gc,heap       ] GC(52) Survivor regions: 9->10(63)
[2.583s][info][gc,heap       ] GC(52) Old regions: 1104->1104
[2.583s][info][gc,heap       ] GC(52) Humongous regions: 91->88
[2.583s][info][gc,metaspace  ] GC(52) Metaspace: 6842K(7168K)->6842K(7168K) NonClass: 6254K(6400K)->6254K(6400K) Class: 587K(768K)->587K(768K)
[2.583s][info][gc            ] GC(52) Pause Young (Concurrent Start) (G1 Humongous Allocation) 1211M->1201M(2458M) 0.725ms
[2.583s][info][gc,cpu        ] GC(52) User=0.00s Sys=0.00s Real=0.00s
[2.583s][info][gc            ] GC(53) Concurrent Cycle
[2.583s][info][gc,marking    ] GC(53) Concurrent Clear Claimed Marks
[2.583s][info][gc,marking    ] GC(53) Concurrent Clear Claimed Marks 0.010ms
[2.583s][info][gc,marking    ] GC(53) Concurrent Scan Root Regions
[2.583s][info][gc,marking    ] GC(53) Concurrent Scan Root Regions 0.029ms
[2.583s][info][gc,marking    ] GC(53) Concurrent Mark (2.583s)
[2.583s][info][gc,marking    ] GC(53) Concurrent Mark From Roots
[2.584s][info][gc,task       ] GC(53) Using 3 workers of 3 for marking
[2.585s][info][gc,marking    ] GC(53) Concurrent Mark From Roots 1.423ms
[2.585s][info][gc,marking    ] GC(53) Concurrent Preclean
[2.585s][info][gc,marking    ] GC(53) Concurrent Preclean 0.059ms
[2.585s][info][gc,marking    ] GC(53) Concurrent Mark (2.583s, 2.585s) 1.509ms
[2.585s][info][gc,start      ] GC(53) Pause Remark
[2.585s][info][gc,stringtable] GC(53) Cleaned string and symbol table, strings: 2630 processed, 0 removed, symbols: 25602 processed, 0 removed
[2.586s][info][gc            ] GC(53) Pause Remark 1206M->1206M(2458M) 0.476ms
[2.586s][info][gc,cpu        ] GC(53) User=0.00s Sys=0.00s Real=0.00s
[2.586s][info][gc,marking    ] GC(53) Concurrent Rebuild Remembered Sets
[2.587s][info][gc,marking    ] GC(53) Concurrent Rebuild Remembered Sets 0.983ms
[2.587s][info][gc,start      ] GC(53) Pause Cleanup
[2.587s][info][gc            ] GC(53) Pause Cleanup 1208M->1208M(2458M) 0.230ms
[2.587s][info][gc,cpu        ] GC(53) User=0.00s Sys=0.00s Real=0.00s
[2.587s][info][gc,marking    ] GC(53) Concurrent Cleanup for Next Mark
[2.587s][info][gc,marking    ] GC(53) Concurrent Cleanup for Next Mark 0.601ms
[2.588s][info][gc            ] GC(53) Concurrent Cycle 4.095ms
[2.589s][info][gc,start      ] GC(54) Pause Young (Concurrent Start) (G1 Humongous Allocation)
[2.589s][info][gc,task       ] GC(54) Using 13 workers of 13 for evacuation
[2.590s][info][gc,phases     ] GC(54)   Pre Evacuate Collection Set: 0.0ms
[2.590s][info][gc,phases     ] GC(54)   Evacuate Collection Set: 0.5ms
[2.590s][info][gc,phases     ] GC(54)   Post Evacuate Collection Set: 0.1ms
[2.590s][info][gc,phases     ] GC(54)   Other: 0.1ms
[2.590s][info][gc,heap       ] GC(54) Eden regions: 12->0(442)
[2.590s][info][gc,heap       ] GC(54) Survivor regions: 10->12(66)
[2.590s][info][gc,heap       ] GC(54) Old regions: 1104->1104
[2.590s][info][gc,heap       ] GC(54) Humongous regions: 89->88
[2.590s][info][gc,metaspace  ] GC(54) Metaspace: 6842K(7168K)->6842K(7168K) NonClass: 6254K(6400K)->6254K(6400K) Class: 587K(768K)->587K(768K)
[2.590s][info][gc            ] GC(54) Pause Young (Concurrent Start) (G1 Humongous Allocation) 1213M->1203M(2458M) 0.842ms
[2.590s][info][gc,cpu        ] GC(54) User=0.00s Sys=0.00s Real=0.00s
[2.590s][info][gc            ] GC(55) Concurrent Cycle
[2.590s][info][gc,marking    ] GC(55) Concurrent Clear Claimed Marks
[2.590s][info][gc,marking    ] GC(55) Concurrent Clear Claimed Marks 0.010ms
[2.590s][info][gc,marking    ] GC(55) Concurrent Scan Root Regions
[2.590s][info][gc,marking    ] GC(55) Concurrent Scan Root Regions 0.028ms
[2.590s][info][gc,marking    ] GC(55) Concurrent Mark (2.590s)
[2.590s][info][gc,marking    ] GC(55) Concurrent Mark From Roots
[2.590s][info][gc,task       ] GC(55) Using 3 workers of 3 for marking
[2.592s][info][gc,marking    ] GC(55) Concurrent Mark From Roots 1.573ms
[2.592s][info][gc,marking    ] GC(55) Concurrent Preclean
[2.592s][info][gc,marking    ] GC(55) Concurrent Preclean 0.064ms
[2.592s][info][gc,marking    ] GC(55) Concurrent Mark (2.590s, 2.592s) 1.662ms
[2.592s][info][gc,start      ] GC(55) Pause Remark
[2.592s][info][gc,stringtable] GC(55) Cleaned string and symbol table, strings: 2630 processed, 0 removed, symbols: 25602 processed, 0 removed
[2.592s][info][gc            ] GC(55) Pause Remark 1209M->1209M(2458M) 0.410ms
[2.592s][info][gc,cpu        ] GC(55) User=0.00s Sys=0.00s Real=0.00s
[2.592s][info][gc,marking    ] GC(55) Concurrent Rebuild Remembered Sets
[2.593s][info][gc,marking    ] GC(55) Concurrent Rebuild Remembered Sets 1.049ms
[2.593s][info][gc,start      ] GC(55) Pause Cleanup
[2.593s][info][gc            ] GC(55) Pause Cleanup 1212M->1212M(2458M) 0.191ms
[2.593s][info][gc,cpu        ] GC(55) User=0.00s Sys=0.00s Real=0.00s
[2.593s][info][gc,marking    ] GC(55) Concurrent Cleanup for Next Mark
[2.594s][info][gc,marking    ] GC(55) Concurrent Cleanup for Next Mark 0.644ms
[2.594s][info][gc            ] GC(55) Concurrent Cycle 4.237ms
[2.602s][info][gc,start      ] GC(56) Pause Young (Concurrent Start) (G1 Humongous Allocation)
[2.602s][info][gc,task       ] GC(56) Using 13 workers of 13 for evacuation
[2.604s][info][gc,phases     ] GC(56)   Pre Evacuate Collection Set: 0.0ms
[2.604s][info][gc,phases     ] GC(56)   Evacuate Collection Set: 0.9ms
[2.604s][info][gc,phases     ] GC(56)   Post Evacuate Collection Set: 0.1ms
[2.604s][info][gc,phases     ] GC(56)   Other: 0.1ms
[2.604s][info][gc,heap       ] GC(56) Eden regions: 35->0(482)
[2.604s][info][gc,heap       ] GC(56) Survivor regions: 12->19(57)
[2.604s][info][gc,heap       ] GC(56) Old regions: 1104->1104
[2.604s][info][gc,heap       ] GC(56) Humongous regions: 89->88
[2.604s][info][gc,metaspace  ] GC(56) Metaspace: 6842K(7168K)->6842K(7168K) NonClass: 6254K(6400K)->6254K(6400K) Class: 587K(768K)->587K(768K)
[2.604s][info][gc            ] GC(56) Pause Young (Concurrent Start) (G1 Humongous Allocation) 1239M->1210M(2458M) 1.267ms
[2.604s][info][gc,cpu        ] GC(56) User=0.00s Sys=0.00s Real=0.00s
[2.604s][info][gc            ] GC(57) Concurrent Cycle
[2.604s][info][gc,marking    ] GC(57) Concurrent Clear Claimed Marks
[2.604s][info][gc,marking    ] GC(57) Concurrent Clear Claimed Marks 0.010ms
[2.604s][info][gc,marking    ] GC(57) Concurrent Scan Root Regions
[2.604s][info][gc,marking    ] GC(57) Concurrent Scan Root Regions 0.031ms
[2.604s][info][gc,marking    ] GC(57) Concurrent Mark (2.604s)
[2.604s][info][gc,marking    ] GC(57) Concurrent Mark From Roots
[2.604s][info][gc,task       ] GC(57) Using 3 workers of 3 for marking
[2.605s][info][gc,marking    ] GC(57) Concurrent Mark From Roots 1.620ms
[2.605s][info][gc,marking    ] GC(57) Concurrent Preclean
[2.606s][info][gc,marking    ] GC(57) Concurrent Preclean 0.060ms
[2.606s][info][gc,marking    ] GC(57) Concurrent Mark (2.604s, 2.606s) 1.710ms
[2.606s][info][gc,start      ] GC(57) Pause Remark
[2.606s][info][gc,stringtable] GC(57) Cleaned string and symbol table, strings: 2630 processed, 0 removed, symbols: 25602 processed, 0 removed
[2.606s][info][gc            ] GC(57) Pause Remark 1216M->1216M(2458M) 0.388ms
[2.606s][info][gc,cpu        ] GC(57) User=0.00s Sys=0.00s Real=0.00s
[2.606s][info][gc,marking    ] GC(57) Concurrent Rebuild Remembered Sets
[2.607s][info][gc,marking    ] GC(57) Concurrent Rebuild Remembered Sets 1.002ms
[2.607s][info][gc,start      ] GC(57) Pause Cleanup
[2.607s][info][gc            ] GC(57) Pause Cleanup 1219M->1219M(2458M) 0.194ms
[2.607s][info][gc,cpu        ] GC(57) User=0.00s Sys=0.00s Real=0.00s
[2.607s][info][gc,marking    ] GC(57) Concurrent Cleanup for Next Mark
[2.608s][info][gc,marking    ] GC(57) Concurrent Cleanup for Next Mark 0.707ms
[2.608s][info][gc            ] GC(57) Concurrent Cycle 4.277ms
[2.619s][info][gc,start      ] GC(58) Pause Young (Concurrent Start) (G1 Humongous Allocation)
[2.619s][info][gc,task       ] GC(58) Using 13 workers of 13 for evacuation
[2.620s][info][gc,phases     ] GC(58)   Pre Evacuate Collection Set: 0.0ms
[2.620s][info][gc,phases     ] GC(58)   Evacuate Collection Set: 1.2ms
[2.620s][info][gc,phases     ] GC(58)   Post Evacuate Collection Set: 0.2ms
[2.620s][info][gc,phases     ] GC(58)   Other: 0.1ms
[2.620s][info][gc,heap       ] GC(58) Eden regions: 41->0(470)
[2.620s][info][gc,heap       ] GC(58) Survivor regions: 19->27(63)
[2.620s][info][gc,heap       ] GC(58) Old regions: 1104->1104
[2.620s][info][gc,heap       ] GC(58) Humongous regions: 91->89
[2.620s][info][gc,metaspace  ] GC(58) Metaspace: 6842K(7168K)->6842K(7168K) NonClass: 6254K(6400K)->6254K(6400K) Class: 587K(768K)->587K(768K)
[2.620s][info][gc            ] GC(58) Pause Young (Concurrent Start) (G1 Humongous Allocation) 1254M->1219M(2458M) 1.604ms
[2.620s][info][gc,cpu        ] GC(58) User=0.00s Sys=0.00s Real=0.00s
[2.620s][info][gc            ] GC(59) Concurrent Cycle
[2.620s][info][gc,marking    ] GC(59) Concurrent Clear Claimed Marks
[2.620s][info][gc,marking    ] GC(59) Concurrent Clear Claimed Marks 0.010ms
[2.620s][info][gc,marking    ] GC(59) Concurrent Scan Root Regions
[2.621s][info][gc,marking    ] GC(59) Concurrent Scan Root Regions 0.034ms
[2.621s][info][gc,marking    ] GC(59) Concurrent Mark (2.621s)
[2.621s][info][gc,marking    ] GC(59) Concurrent Mark From Roots
[2.621s][info][gc,task       ] GC(59) Using 3 workers of 3 for marking
[2.622s][info][gc,marking    ] GC(59) Concurrent Mark From Roots 1.727ms
[2.622s][info][gc,marking    ] GC(59) Concurrent Preclean
[2.622s][info][gc,marking    ] GC(59) Concurrent Preclean 0.080ms
[2.622s][info][gc,marking    ] GC(59) Concurrent Mark (2.621s, 2.622s) 1.849ms
[2.622s][info][gc,start      ] GC(59) Pause Remark
[2.623s][info][gc,stringtable] GC(59) Cleaned string and symbol table, strings: 2630 processed, 0 removed, symbols: 25602 processed, 0 removed
[2.623s][info][gc            ] GC(59) Pause Remark 1225M->1225M(2458M) 0.499ms
[2.623s][info][gc,cpu        ] GC(59) User=0.00s Sys=0.00s Real=0.00s
[2.623s][info][gc,marking    ] GC(59) Concurrent Rebuild Remembered Sets
[2.624s][info][gc,marking    ] GC(59) Concurrent Rebuild Remembered Sets 1.044ms
[2.624s][info][gc,start      ] GC(59) Pause Cleanup
[2.624s][info][gc            ] GC(59) Pause Cleanup 1229M->1229M(2458M) 0.190ms
[2.624s][info][gc,cpu        ] GC(59) User=0.00s Sys=0.00s Real=0.00s
[2.624s][info][gc,marking    ] GC(59) Concurrent Cleanup for Next Mark
[2.625s][info][gc,marking    ] GC(59) Concurrent Cleanup for Next Mark 0.855ms
[2.625s][info][gc            ] GC(59) Concurrent Cycle 4.760ms
[2.627s][info][gc,start      ] GC(60) Pause Young (Concurrent Start) (G1 Humongous Allocation)
[2.627s][info][gc,task       ] GC(60) Using 13 workers of 13 for evacuation
[2.629s][info][gc,phases     ] GC(60)   Pre Evacuate Collection Set: 0.0ms
[2.629s][info][gc,phases     ] GC(60)   Evacuate Collection Set: 1.1ms
[2.629s][info][gc,phases     ] GC(60)   Post Evacuate Collection Set: 0.1ms
[2.629s][info][gc,phases     ] GC(60)   Other: 0.1ms
[2.629s][info][gc,heap       ] GC(60) Eden regions: 15->0(498)
[2.629s][info][gc,heap       ] GC(60) Survivor regions: 27->30(63)
[2.629s][info][gc,heap       ] GC(60) Old regions: 1104->1104
[2.629s][info][gc,heap       ] GC(60) Humongous regions: 92->90
[2.629s][info][gc,metaspace  ] GC(60) Metaspace: 6842K(7168K)->6842K(7168K) NonClass: 6254K(6400K)->6254K(6400K) Class: 587K(768K)->587K(768K)
[2.629s][info][gc            ] GC(60) Pause Young (Concurrent Start) (G1 Humongous Allocation) 1237M->1223M(2458M) 1.476ms
[2.629s][info][gc,cpu        ] GC(60) User=0.06s Sys=0.06s Real=0.00s
[2.629s][info][gc            ] GC(61) Concurrent Cycle
[2.629s][info][gc,marking    ] GC(61) Concurrent Clear Claimed Marks
[2.629s][info][gc,marking    ] GC(61) Concurrent Clear Claimed Marks 0.009ms
[2.629s][info][gc,marking    ] GC(61) Concurrent Scan Root Regions
[2.629s][info][gc,marking    ] GC(61) Concurrent Scan Root Regions 0.032ms
[2.629s][info][gc,marking    ] GC(61) Concurrent Mark (2.629s)
[2.629s][info][gc,marking    ] GC(61) Concurrent Mark From Roots
[2.629s][info][gc,task       ] GC(61) Using 3 workers of 3 for marking
[2.631s][info][gc,marking    ] GC(61) Concurrent Mark From Roots 1.612ms
[2.631s][info][gc,marking    ] GC(61) Concurrent Preclean
[2.631s][info][gc,marking    ] GC(61) Concurrent Preclean 0.064ms
[2.631s][info][gc,marking    ] GC(61) Concurrent Mark (2.629s, 2.631s) 1.700ms
[2.631s][info][gc,start      ] GC(61) Pause Remark
[2.631s][info][gc,stringtable] GC(61) Cleaned string and symbol table, strings: 2630 processed, 0 removed, symbols: 25602 processed, 0 removed
[2.631s][info][gc            ] GC(61) Pause Remark 1228M->1228M(2458M) 0.394ms
[2.631s][info][gc,cpu        ] GC(61) User=0.00s Sys=0.00s Real=0.00s
[2.631s][info][gc,marking    ] GC(61) Concurrent Rebuild Remembered Sets
[2.632s][info][gc,marking    ] GC(61) Concurrent Rebuild Remembered Sets 1.069ms
[2.632s][info][gc,start      ] GC(61) Pause Cleanup
[2.633s][info][gc            ] GC(61) Pause Cleanup 1232M->1232M(2458M) 0.207ms
[2.633s][info][gc,cpu        ] GC(61) User=0.00s Sys=0.00s Real=0.00s
[2.633s][info][gc,marking    ] GC(61) Concurrent Cleanup for Next Mark
[2.633s][info][gc,marking    ] GC(61) Concurrent Cleanup for Next Mark 0.695ms
[2.633s][info][gc            ] GC(61) Concurrent Cycle 4.343ms
[2.639s][info][gc,start      ] GC(62) Pause Young (Concurrent Start) (G1 Humongous Allocation)
[2.639s][info][gc,task       ] GC(62) Using 13 workers of 13 for evacuation
[2.641s][info][gc,phases     ] GC(62)   Pre Evacuate Collection Set: 0.0ms
[2.641s][info][gc,phases     ] GC(62)   Evacuate Collection Set: 1.5ms
[2.641s][info][gc,phases     ] GC(62)   Post Evacuate Collection Set: 0.2ms
[2.641s][info][gc,phases     ] GC(62)   Other: 0.1ms
[2.641s][info][gc,heap       ] GC(62) Eden regions: 27->0(525)
[2.641s][info][gc,heap       ] GC(62) Survivor regions: 30->35(66)
[2.641s][info][gc,heap       ] GC(62) Old regions: 1104->1104
[2.641s][info][gc,heap       ] GC(62) Humongous regions: 91->90
[2.641s][info][gc,metaspace  ] GC(62) Metaspace: 6842K(7168K)->6842K(7168K) NonClass: 6254K(6400K)->6254K(6400K) Class: 587K(768K)->587K(768K)
[2.641s][info][gc            ] GC(62) Pause Young (Concurrent Start) (G1 Humongous Allocation) 1250M->1228M(2458M) 1.832ms
[2.641s][info][gc,cpu        ] GC(62) User=0.00s Sys=0.00s Real=0.00s
[2.641s][info][gc            ] GC(63) Concurrent Cycle
[2.641s][info][gc,marking    ] GC(63) Concurrent Clear Claimed Marks
[2.641s][info][gc,marking    ] GC(63) Concurrent Clear Claimed Marks 0.010ms
[2.641s][info][gc,marking    ] GC(63) Concurrent Scan Root Regions
[2.641s][info][gc,marking    ] GC(63) Concurrent Scan Root Regions 0.037ms
[2.641s][info][gc,marking    ] GC(63) Concurrent Mark (2.641s)
[2.641s][info][gc,marking    ] GC(63) Concurrent Mark From Roots
[2.641s][info][gc,task       ] GC(63) Using 3 workers of 3 for marking
[2.642s][info][gc,marking    ] GC(63) Concurrent Mark From Roots 1.715ms
[2.642s][info][gc,marking    ] GC(63) Concurrent Preclean
[2.643s][info][gc,marking    ] GC(63) Concurrent Preclean 0.061ms
[2.643s][info][gc,marking    ] GC(63) Concurrent Mark (2.641s, 2.643s) 1.815ms
[2.643s][info][gc,start      ] GC(63) Pause Remark
[2.643s][info][gc,stringtable] GC(63) Cleaned string and symbol table, strings: 2630 processed, 0 removed, symbols: 25602 processed, 0 removed
[2.643s][info][gc            ] GC(63) Pause Remark 1235M->1235M(2458M) 0.434ms
[2.643s][info][gc,cpu        ] GC(63) User=0.00s Sys=0.00s Real=0.00s
[2.643s][info][gc,marking    ] GC(63) Concurrent Rebuild Remembered Sets
[2.644s][info][gc,marking    ] GC(63) Concurrent Rebuild Remembered Sets 1.086ms
[2.644s][info][gc,start      ] GC(63) Pause Cleanup
[2.644s][info][gc            ] GC(63) Pause Cleanup 1239M->1239M(2458M) 0.208ms
[2.644s][info][gc,cpu        ] GC(63) User=0.00s Sys=0.00s Real=0.00s
[2.644s][info][gc,marking    ] GC(63) Concurrent Cleanup for Next Mark
[2.645s][info][gc,marking    ] GC(63) Concurrent Cleanup for Next Mark 0.884ms
[2.645s][info][gc            ] GC(63) Concurrent Cycle 4.720ms
[2.647s][info][gc,start      ] GC(64) Pause Young (Concurrent Start) (G1 Humongous Allocation)
[2.647s][info][gc,task       ] GC(64) Using 13 workers of 13 for evacuation
[2.649s][info][gc,phases     ] GC(64)   Pre Evacuate Collection Set: 0.0ms
[2.649s][info][gc,phases     ] GC(64)   Evacuate Collection Set: 1.5ms
[2.649s][info][gc,phases     ] GC(64)   Post Evacuate Collection Set: 0.1ms
[2.649s][info][gc,phases     ] GC(64)   Other: 0.1ms
[2.649s][info][gc,heap       ] GC(64) Eden regions: 15->0(527)
[2.649s][info][gc,heap       ] GC(64) Survivor regions: 35->36(70)
[2.649s][info][gc,heap       ] GC(64) Old regions: 1104->1104
[2.649s][info][gc,heap       ] GC(64) Humongous regions: 94->92
[2.649s][info][gc,metaspace  ] GC(64) Metaspace: 6842K(7168K)->6842K(7168K) NonClass: 6254K(6400K)->6254K(6400K) Class: 587K(768K)->587K(768K)
[2.649s][info][gc            ] GC(64) Pause Young (Concurrent Start) (G1 Humongous Allocation) 1246M->1231M(2458M) 1.862ms
[2.649s][info][gc,cpu        ] GC(64) User=0.00s Sys=0.00s Real=0.00s
[2.649s][info][gc            ] GC(65) Concurrent Cycle
[2.649s][info][gc,marking    ] GC(65) Concurrent Clear Claimed Marks
[2.649s][info][gc,marking    ] GC(65) Concurrent Clear Claimed Marks 0.011ms
[2.649s][info][gc,marking    ] GC(65) Concurrent Scan Root Regions
[2.649s][info][gc,marking    ] GC(65) Concurrent Scan Root Regions 0.188ms
[2.649s][info][gc,marking    ] GC(65) Concurrent Mark (2.649s)
[2.649s][info][gc,marking    ] GC(65) Concurrent Mark From Roots
[2.649s][info][gc,task       ] GC(65) Using 3 workers of 3 for marking
[2.652s][info][gc,marking    ] GC(65) Concurrent Mark From Roots 2.085ms
[2.652s][info][gc,marking    ] GC(65) Concurrent Preclean
[2.652s][info][gc,marking    ] GC(65) Concurrent Preclean 0.061ms
[2.652s][info][gc,marking    ] GC(65) Concurrent Mark (2.649s, 2.652s) 2.189ms
[2.652s][info][gc,start      ] GC(65) Pause Remark
[2.652s][info][gc,stringtable] GC(65) Cleaned string and symbol table, strings: 2630 processed, 0 removed, symbols: 25602 processed, 0 removed
[2.652s][info][gc            ] GC(65) Pause Remark 1239M->1239M(2458M) 0.421ms
[2.652s][info][gc,cpu        ] GC(65) User=0.00s Sys=0.00s Real=0.00s
[2.652s][info][gc,marking    ] GC(65) Concurrent Rebuild Remembered Sets
[2.653s][info][gc,marking    ] GC(65) Concurrent Rebuild Remembered Sets 1.073ms
[2.653s][info][gc,start      ] GC(65) Pause Cleanup
[2.653s][info][gc            ] GC(65) Pause Cleanup 1243M->1243M(2458M) 0.187ms
[2.653s][info][gc,cpu        ] GC(65) User=0.00s Sys=0.00s Real=0.00s
[2.654s][info][gc,marking    ] GC(65) Concurrent Cleanup for Next Mark
[2.654s][info][gc,marking    ] GC(65) Concurrent Cleanup for Next Mark 0.719ms
[2.654s][info][gc            ] GC(65) Concurrent Cycle 5.064ms
[2.655s][info][gc,start      ] GC(66) Pause Young (Concurrent Start) (G1 Humongous Allocation)
[2.655s][info][gc,task       ] GC(66) Using 13 workers of 13 for evacuation
[2.657s][info][gc,phases     ] GC(66)   Pre Evacuate Collection Set: 0.0ms
[2.657s][info][gc,phases     ] GC(66)   Evacuate Collection Set: 1.7ms
[2.657s][info][gc,phases     ] GC(66)   Post Evacuate Collection Set: 0.1ms
[2.657s][info][gc,phases     ] GC(66)   Other: 0.1ms
[2.657s][info][gc,heap       ] GC(66) Eden regions: 14->0(411)
[2.657s][info][gc,heap       ] GC(66) Survivor regions: 36->39(71)
[2.657s][info][gc,heap       ] GC(66) Old regions: 1104->1104
[2.657s][info][gc,heap       ] GC(66) Humongous regions: 93->92
[2.657s][info][gc,metaspace  ] GC(66) Metaspace: 6842K(7168K)->6842K(7168K) NonClass: 6254K(6400K)->6254K(6400K) Class: 587K(768K)->587K(768K)
[2.657s][info][gc            ] GC(66) Pause Young (Concurrent Start) (G1 Humongous Allocation) 1246M->1234M(2458M) 2.054ms
[2.657s][info][gc,cpu        ] GC(66) User=0.00s Sys=0.00s Real=0.00s
[2.657s][info][gc            ] GC(67) Concurrent Cycle
[2.657s][info][gc,marking    ] GC(67) Concurrent Clear Claimed Marks
[2.657s][info][gc,marking    ] GC(67) Concurrent Clear Claimed Marks 0.010ms
[2.657s][info][gc,marking    ] GC(67) Concurrent Scan Root Regions
[2.657s][info][gc,marking    ] GC(67) Concurrent Scan Root Regions 0.156ms
[2.657s][info][gc,marking    ] GC(67) Concurrent Mark (2.657s)
[2.657s][info][gc,marking    ] GC(67) Concurrent Mark From Roots
[2.657s][info][gc,task       ] GC(67) Using 3 workers of 3 for marking
[2.659s][info][gc,marking    ] GC(67) Concurrent Mark From Roots 1.920ms
[2.659s][info][gc,marking    ] GC(67) Concurrent Preclean
[2.659s][info][gc,marking    ] GC(67) Concurrent Preclean 0.064ms
[2.659s][info][gc,marking    ] GC(67) Concurrent Mark (2.657s, 2.659s) 2.015ms
[2.659s][info][gc,start      ] GC(67) Pause Remark
[2.660s][info][gc,stringtable] GC(67) Cleaned string and symbol table, strings: 2630 processed, 0 removed, symbols: 25602 processed, 0 removed
[2.660s][info][gc            ] GC(67) Pause Remark 1243M->1243M(2458M) 0.458ms
[2.660s][info][gc,cpu        ] GC(67) User=0.00s Sys=0.00s Real=0.00s
[2.660s][info][gc,marking    ] GC(67) Concurrent Rebuild Remembered Sets
[2.661s][info][gc,marking    ] GC(67) Concurrent Rebuild Remembered Sets 1.013ms
[2.661s][info][gc,start      ] GC(67) Pause Cleanup
[2.661s][info][gc            ] GC(67) Pause Cleanup 1246M->1246M(2458M) 0.188ms
[2.661s][info][gc,cpu        ] GC(67) User=0.00s Sys=0.00s Real=0.00s
[2.661s][info][gc,marking    ] GC(67) Concurrent Cleanup for Next Mark
[2.662s][info][gc,marking    ] GC(67) Concurrent Cleanup for Next Mark 0.855ms
[2.662s][info][gc            ] GC(67) Concurrent Cycle 4.954ms
[2.677s][info][gc,start      ] GC(68) Pause Young (Concurrent Start) (G1 Humongous Allocation)
[2.677s][info][gc,task       ] GC(68) Using 13 workers of 13 for evacuation
[2.680s][info][gc,phases     ] GC(68)   Pre Evacuate Collection Set: 0.0ms
[2.680s][info][gc,phases     ] GC(68)   Evacuate Collection Set: 2.3ms
[2.680s][info][gc,phases     ] GC(68)   Post Evacuate Collection Set: 0.1ms
[2.680s][info][gc,phases     ] GC(68)   Other: 0.1ms
[2.680s][info][gc,heap       ] GC(68) Eden regions: 61->0(366)
[2.680s][info][gc,heap       ] GC(68) Survivor regions: 39->41(57)
[2.680s][info][gc,heap       ] GC(68) Old regions: 1104->1113
[2.680s][info][gc,heap       ] GC(68) Humongous regions: 94->93
[2.680s][info][gc,metaspace  ] GC(68) Metaspace: 6842K(7168K)->6842K(7168K) NonClass: 6254K(6400K)->6254K(6400K) Class: 587K(768K)->587K(768K)
[2.680s][info][gc            ] GC(68) Pause Young (Concurrent Start) (G1 Humongous Allocation) 1297M->1246M(2458M) 2.732ms
[2.680s][info][gc,cpu        ] GC(68) User=0.00s Sys=0.00s Real=0.00s
[2.680s][info][gc            ] GC(69) Concurrent Cycle
[2.680s][info][gc,marking    ] GC(69) Concurrent Clear Claimed Marks
[2.680s][info][gc,marking    ] GC(69) Concurrent Clear Claimed Marks 0.010ms
[2.680s][info][gc,marking    ] GC(69) Concurrent Scan Root Regions
[2.680s][info][gc,marking    ] GC(69) Concurrent Scan Root Regions 0.205ms
[2.680s][info][gc,marking    ] GC(69) Concurrent Mark (2.680s)
[2.680s][info][gc,marking    ] GC(69) Concurrent Mark From Roots
[2.680s][info][gc,task       ] GC(69) Using 3 workers of 3 for marking
[2.682s][info][gc,marking    ] GC(69) Concurrent Mark From Roots 1.897ms
[2.682s][info][gc,marking    ] GC(69) Concurrent Preclean
[2.682s][info][gc,marking    ] GC(69) Concurrent Preclean 0.091ms
[2.682s][info][gc,marking    ] GC(69) Concurrent Mark (2.680s, 2.682s) 2.040ms
[2.683s][info][gc,start      ] GC(69) Pause Remark
[2.683s][info][gc,stringtable] GC(69) Cleaned string and symbol table, strings: 2630 processed, 0 removed, symbols: 25602 processed, 0 removed
[2.683s][info][gc            ] GC(69) Pause Remark 1253M->1253M(2458M) 0.470ms
[2.683s][info][gc,cpu        ] GC(69) User=0.00s Sys=0.00s Real=0.00s
[2.683s][info][gc,marking    ] GC(69) Concurrent Rebuild Remembered Sets
[2.684s][info][gc,marking    ] GC(69) Concurrent Rebuild Remembered Sets 1.003ms
[2.684s][info][gc,start      ] GC(69) Pause Cleanup
[2.684s][info][gc            ] GC(69) Pause Cleanup 1257M->1257M(2458M) 0.192ms
[2.684s][info][gc,cpu        ] GC(69) User=0.00s Sys=0.00s Real=0.00s
[2.684s][info][gc,marking    ] GC(69) Concurrent Cleanup for Next Mark
[2.685s][info][gc,marking    ] GC(69) Concurrent Cleanup for Next Mark 0.851ms
[2.685s][info][gc            ] GC(69) Concurrent Cycle 5.056ms
[2.688s][info][gc,start      ] GC(70) Pause Young (Concurrent Start) (G1 Humongous Allocation)
[2.688s][info][gc,task       ] GC(70) Using 13 workers of 13 for evacuation
[2.690s][info][gc,phases     ] GC(70)   Pre Evacuate Collection Set: 0.0ms
[2.690s][info][gc,phases     ] GC(70)   Evacuate Collection Set: 1.9ms
[2.690s][info][gc,phases     ] GC(70)   Post Evacuate Collection Set: 0.2ms
[2.690s][info][gc,phases     ] GC(70)   Other: 0.1ms
[2.690s][info][gc,heap       ] GC(70) Eden regions: 18->0(372)
[2.690s][info][gc,heap       ] GC(70) Survivor regions: 41->27(51)
[2.690s][info][gc,heap       ] GC(70) Old regions: 1113->1131
[2.690s][info][gc,heap       ] GC(70) Humongous regions: 95->94
[2.690s][info][gc,metaspace  ] GC(70) Metaspace: 6842K(7168K)->6842K(7168K) NonClass: 6254K(6400K)->6254K(6400K) Class: 587K(768K)->587K(768K)
[2.690s][info][gc            ] GC(70) Pause Young (Concurrent Start) (G1 Humongous Allocation) 1266M->1251M(2458M) 2.315ms
[2.690s][info][gc,cpu        ] GC(70) User=0.00s Sys=0.00s Real=0.00s
[2.690s][info][gc            ] GC(71) Concurrent Cycle
[2.690s][info][gc,marking    ] GC(71) Concurrent Clear Claimed Marks
[2.690s][info][gc,marking    ] GC(71) Concurrent Clear Claimed Marks 0.010ms
[2.690s][info][gc,marking    ] GC(71) Concurrent Scan Root Regions
[2.690s][info][gc,marking    ] GC(71) Concurrent Scan Root Regions 0.180ms
[2.690s][info][gc,marking    ] GC(71) Concurrent Mark (2.690s)
[2.690s][info][gc,marking    ] GC(71) Concurrent Mark From Roots
[2.690s][info][gc,task       ] GC(71) Using 3 workers of 3 for marking
[2.692s][info][gc,marking    ] GC(71) Concurrent Mark From Roots 1.845ms
[2.692s][info][gc,marking    ] GC(71) Concurrent Preclean
[2.692s][info][gc,marking    ] GC(71) Concurrent Preclean 0.060ms
[2.692s][info][gc,marking    ] GC(71) Concurrent Mark (2.690s, 2.692s) 1.936ms
[2.692s][info][gc,start      ] GC(71) Pause Remark
[2.692s][info][gc,stringtable] GC(71) Cleaned string and symbol table, strings: 2630 processed, 0 removed, symbols: 25602 processed, 0 removed
[2.693s][info][gc            ] GC(71) Pause Remark 1258M->1258M(2458M) 0.436ms
[2.693s][info][gc,cpu        ] GC(71) User=0.00s Sys=0.00s Real=0.00s
[2.693s][info][gc,marking    ] GC(71) Concurrent Rebuild Remembered Sets
[2.694s][info][gc,marking    ] GC(71) Concurrent Rebuild Remembered Sets 0.926ms
[2.694s][info][gc,start      ] GC(71) Pause Cleanup
[2.694s][info][gc            ] GC(71) Pause Cleanup 1261M->1261M(2458M) 0.212ms
[2.694s][info][gc,cpu        ] GC(71) User=0.00s Sys=0.00s Real=0.00s
[2.694s][info][gc,marking    ] GC(71) Concurrent Cleanup for Next Mark
[2.695s][info][gc,marking    ] GC(71) Concurrent Cleanup for Next Mark 0.870ms
[2.695s][info][gc            ] GC(71) Concurrent Cycle 4.819ms
[2.701s][info][gc,start      ] GC(72) Pause Young (Concurrent Start) (G1 Humongous Allocation)
[2.701s][info][gc,task       ] GC(72) Using 13 workers of 13 for evacuation
[2.705s][info][gc,phases     ] GC(72)   Pre Evacuate Collection Set: 0.0ms
[2.705s][info][gc,phases     ] GC(72)   Evacuate Collection Set: 1.4ms
[2.705s][info][gc,phases     ] GC(72)   Post Evacuate Collection Set: 2.4ms
[2.705s][info][gc,phases     ] GC(72)   Other: 0.1ms
[2.705s][info][gc,heap       ] GC(72) Eden regions: 29->0(491)
[2.705s][info][gc,heap       ] GC(72) Survivor regions: 27->34(50)
[2.705s][info][gc,heap       ] GC(72) Old regions: 1131->1131
[2.705s][info][gc,heap       ] GC(72) Humongous regions: 95->94
[2.705s][info][gc,metaspace  ] GC(72) Metaspace: 6842K(7168K)->6842K(7168K) NonClass: 6254K(6400K)->6254K(6400K) Class: 587K(768K)->587K(768K)
[2.705s][info][gc            ] GC(72) Pause Young (Concurrent Start) (G1 Humongous Allocation) 1280M->1258M(2814M) 4.052ms
[2.705s][info][gc,cpu        ] GC(72) User=0.00s Sys=0.00s Real=0.00s
[2.705s][info][gc            ] GC(73) Concurrent Cycle
[2.705s][info][gc,marking    ] GC(73) Concurrent Clear Claimed Marks
[2.705s][info][gc,marking    ] GC(73) Concurrent Clear Claimed Marks 0.012ms
[2.705s][info][gc,marking    ] GC(73) Concurrent Scan Root Regions
[2.705s][info][gc,marking    ] GC(73) Concurrent Scan Root Regions 0.151ms
[2.705s][info][gc,marking    ] GC(73) Concurrent Mark (2.705s)
[2.705s][info][gc,marking    ] GC(73) Concurrent Mark From Roots
[2.705s][info][gc,task       ] GC(73) Using 3 workers of 3 for marking
[2.707s][info][gc,marking    ] GC(73) Concurrent Mark From Roots 1.868ms
[2.707s][info][gc,marking    ] GC(73) Concurrent Preclean
[2.707s][info][gc,marking    ] GC(73) Concurrent Preclean 0.060ms
[2.707s][info][gc,marking    ] GC(73) Concurrent Mark (2.705s, 2.707s) 1.960ms
[2.707s][info][gc,start      ] GC(73) Pause Remark
[2.707s][info][gc,stringtable] GC(73) Cleaned string and symbol table, strings: 2630 processed, 0 removed, symbols: 25602 processed, 0 removed
[2.707s][info][gc            ] GC(73) Pause Remark 1263M->1263M(2814M) 0.390ms
[2.707s][info][gc,cpu        ] GC(73) User=0.00s Sys=0.00s Real=0.00s
[2.707s][info][gc,marking    ] GC(73) Concurrent Rebuild Remembered Sets
[2.708s][info][gc,marking    ] GC(73) Concurrent Rebuild Remembered Sets 0.929ms
[2.708s][info][gc,start      ] GC(73) Pause Cleanup
[2.709s][info][gc            ] GC(73) Pause Cleanup 1265M->1265M(2814M) 0.194ms
[2.709s][info][gc,cpu        ] GC(73) User=0.00s Sys=0.00s Real=0.00s
[2.709s][info][gc,marking    ] GC(73) Concurrent Cleanup for Next Mark
[2.710s][info][gc,marking    ] GC(73) Concurrent Cleanup for Next Mark 0.931ms
[2.710s][info][gc            ] GC(73) Concurrent Cycle 4.902ms
[2.863s][info][gc,start      ] GC(74) Pause Young (Concurrent Start) (G1 Humongous Allocation)
[2.863s][info][gc,task       ] GC(74) Using 13 workers of 13 for evacuation
[2.869s][info][gc,phases     ] GC(74)   Pre Evacuate Collection Set: 0.1ms
[2.869s][info][gc,phases     ] GC(74)   Evacuate Collection Set: 5.2ms
[2.869s][info][gc,phases     ] GC(74)   Post Evacuate Collection Set: 0.3ms
[2.869s][info][gc,phases     ] GC(74)   Other: 0.2ms
[2.869s][info][gc,heap       ] GC(74) Eden regions: 341->0(505)
[2.869s][info][gc,heap       ] GC(74) Survivor regions: 34->66(66)
[2.869s][info][gc,heap       ] GC(74) Old regions: 1131->1163
[2.869s][info][gc,heap       ] GC(74) Humongous regions: 135->101
[2.869s][info][gc,metaspace  ] GC(74) Metaspace: 6842K(7168K)->6842K(7168K) NonClass: 6254K(6400K)->6254K(6400K) Class: 587K(768K)->587K(768K)
[2.869s][info][gc            ] GC(74) Pause Young (Concurrent Start) (G1 Humongous Allocation) 1640M->1329M(2814M) 5.863ms
[2.869s][info][gc,cpu        ] GC(74) User=0.00s Sys=0.00s Real=0.01s
[2.869s][info][gc            ] GC(75) Concurrent Cycle
[2.869s][info][gc,marking    ] GC(75) Concurrent Clear Claimed Marks
[2.869s][info][gc,marking    ] GC(75) Concurrent Clear Claimed Marks 0.010ms
[2.869s][info][gc,marking    ] GC(75) Concurrent Scan Root Regions
[2.869s][info][gc,marking    ] GC(75) Concurrent Scan Root Regions 0.509ms
[2.869s][info][gc,marking    ] GC(75) Concurrent Mark (2.869s)
[2.869s][info][gc,marking    ] GC(75) Concurrent Mark From Roots
[2.869s][info][gc,task       ] GC(75) Using 3 workers of 3 for marking
[2.872s][info][gc,marking    ] GC(75) Concurrent Mark From Roots 2.498ms
[2.872s][info][gc,marking    ] GC(75) Concurrent Preclean
[2.872s][info][gc,marking    ] GC(75) Concurrent Preclean 0.076ms
[2.872s][info][gc,marking    ] GC(75) Concurrent Mark (2.869s, 2.872s) 2.603ms
[2.872s][info][gc,start      ] GC(75) Pause Remark
[2.872s][info][gc,stringtable] GC(75) Cleaned string and symbol table, strings: 2630 processed, 0 removed, symbols: 25602 processed, 0 removed
[2.873s][info][gc            ] GC(75) Pause Remark 1340M->1340M(2814M) 0.523ms
[2.873s][info][gc,cpu        ] GC(75) User=0.00s Sys=0.00s Real=0.00s
[2.873s][info][gc,marking    ] GC(75) Concurrent Rebuild Remembered Sets
[2.874s][info][gc,marking    ] GC(75) Concurrent Rebuild Remembered Sets 1.249ms
[2.874s][info][gc,start      ] GC(75) Pause Cleanup
[2.874s][info][gc            ] GC(75) Pause Cleanup 1344M->1344M(2814M) 0.242ms
[2.874s][info][gc,cpu        ] GC(75) User=0.00s Sys=0.00s Real=0.00s
[2.874s][info][gc,marking    ] GC(75) Concurrent Cleanup for Next Mark
[2.876s][info][gc,marking    ] GC(75) Concurrent Cleanup for Next Mark 1.356ms
[2.876s][info][gc            ] GC(75) Concurrent Cycle 6.771ms
[2.880s][info][gc,start      ] GC(76) Pause Young (Concurrent Start) (G1 Humongous Allocation)
[2.880s][info][gc,task       ] GC(76) Using 13 workers of 13 for evacuation
[2.883s][info][gc,phases     ] GC(76)   Pre Evacuate Collection Set: 0.0ms
[2.883s][info][gc,phases     ] GC(76)   Evacuate Collection Set: 3.4ms
[2.883s][info][gc,phases     ] GC(76)   Post Evacuate Collection Set: 0.2ms
[2.883s][info][gc,phases     ] GC(76)   Other: 0.1ms
[2.883s][info][gc,heap       ] GC(76) Eden regions: 25->0(541)
[2.883s][info][gc,heap       ] GC(76) Survivor regions: 66->45(72)
[2.883s][info][gc,heap       ] GC(76) Old regions: 1163->1190
[2.883s][info][gc,heap       ] GC(76) Humongous regions: 104->101
[2.883s][info][gc,metaspace  ] GC(76) Metaspace: 6842K(7168K)->6842K(7168K) NonClass: 6254K(6400K)->6254K(6400K) Class: 587K(768K)->587K(768K)
[2.884s][info][gc            ] GC(76) Pause Young (Concurrent Start) (G1 Humongous Allocation) 1357M->1334M(2814M) 3.833ms
[2.884s][info][gc,cpu        ] GC(76) User=0.00s Sys=0.00s Real=0.00s
[2.884s][info][gc            ] GC(77) Concurrent Cycle
[2.884s][info][gc,marking    ] GC(77) Concurrent Clear Claimed Marks
[2.884s][info][gc,marking    ] GC(77) Concurrent Clear Claimed Marks 0.013ms
[2.884s][info][gc,marking    ] GC(77) Concurrent Scan Root Regions
[2.884s][info][gc,marking    ] GC(77) Concurrent Scan Root Regions 0.049ms
[2.884s][info][gc,marking    ] GC(77) Concurrent Mark (2.884s)
[2.884s][info][gc,marking    ] GC(77) Concurrent Mark From Roots
[2.884s][info][gc,task       ] GC(77) Using 3 workers of 3 for marking
[2.886s][info][gc,marking    ] GC(77) Concurrent Mark From Roots 1.972ms
[2.886s][info][gc,marking    ] GC(77) Concurrent Preclean
[2.886s][info][gc,marking    ] GC(77) Concurrent Preclean 0.074ms
[2.886s][info][gc,marking    ] GC(77) Concurrent Mark (2.884s, 2.886s) 2.078ms
[2.886s][info][gc,start      ] GC(77) Pause Remark
[2.886s][info][gc,stringtable] GC(77) Cleaned string and symbol table, strings: 2630 processed, 0 removed, symbols: 25602 processed, 0 removed
[2.886s][info][gc            ] GC(77) Pause Remark 1341M->1341M(2814M) 0.458ms
[2.886s][info][gc,cpu        ] GC(77) User=0.00s Sys=0.00s Real=0.00s
[2.886s][info][gc,marking    ] GC(77) Concurrent Rebuild Remembered Sets
[2.887s][info][gc,marking    ] GC(77) Concurrent Rebuild Remembered Sets 1.205ms
[2.888s][info][gc,start      ] GC(77) Pause Cleanup
[2.888s][info][gc            ] GC(77) Pause Cleanup 1347M->1347M(2814M) 0.224ms
[2.888s][info][gc,cpu        ] GC(77) User=0.00s Sys=0.00s Real=0.00s
[2.888s][info][gc,marking    ] GC(77) Concurrent Cleanup for Next Mark
[2.889s][info][gc,marking    ] GC(77) Concurrent Cleanup for Next Mark 1.358ms
[2.889s][info][gc            ] GC(77) Concurrent Cycle 5.661ms
[2.889s][info][gc,start      ] GC(78) Pause Young (Concurrent Start) (G1 Humongous Allocation)
[2.890s][info][gc,task       ] GC(78) Using 13 workers of 13 for evacuation
[2.892s][info][gc,phases     ] GC(78)   Pre Evacuate Collection Set: 0.0ms
[2.892s][info][gc,phases     ] GC(78)   Evacuate Collection Set: 2.0ms
[2.892s][info][gc,phases     ] GC(78)   Post Evacuate Collection Set: 0.2ms
[2.892s][info][gc,phases     ] GC(78)   Other: 0.1ms
[2.892s][info][gc,heap       ] GC(78) Eden regions: 8->0(580)
[2.892s][info][gc,heap       ] GC(78) Survivor regions: 45->40(74)
[2.892s][info][gc,heap       ] GC(78) Old regions: 1190->1196
[2.892s][info][gc,heap       ] GC(78) Humongous regions: 108->103
[2.892s][info][gc,metaspace  ] GC(78) Metaspace: 6842K(7168K)->6842K(7168K) NonClass: 6254K(6400K)->6254K(6400K) Class: 587K(768K)->587K(768K)
[2.892s][info][gc            ] GC(78) Pause Young (Concurrent Start) (G1 Humongous Allocation) 1349M->1337M(2814M) 2.387ms
[2.892s][info][gc,cpu        ] GC(78) User=0.00s Sys=0.00s Real=0.00s
[2.892s][info][gc            ] GC(79) Concurrent Cycle
[2.892s][info][gc,marking    ] GC(79) Concurrent Clear Claimed Marks
[2.892s][info][gc,marking    ] GC(79) Concurrent Clear Claimed Marks 0.010ms
[2.892s][info][gc,marking    ] GC(79) Concurrent Scan Root Regions
[2.892s][info][gc,marking    ] GC(79) Concurrent Scan Root Regions 0.039ms
[2.892s][info][gc,marking    ] GC(79) Concurrent Mark (2.892s)
[2.892s][info][gc,marking    ] GC(79) Concurrent Mark From Roots
[2.892s][info][gc,task       ] GC(79) Using 3 workers of 3 for marking
[2.894s][info][gc,marking    ] GC(79) Concurrent Mark From Roots 1.729ms
[2.894s][info][gc,marking    ] GC(79) Concurrent Preclean
[2.894s][info][gc,marking    ] GC(79) Concurrent Preclean 0.059ms
[2.894s][info][gc,marking    ] GC(79) Concurrent Mark (2.892s, 2.894s) 1.820ms
[2.894s][info][gc,start      ] GC(79) Pause Remark
[2.894s][info][gc,stringtable] GC(79) Cleaned string and symbol table, strings: 2630 processed, 0 removed, symbols: 25602 processed, 0 removed
[2.894s][info][gc            ] GC(79) Pause Remark 1344M->1344M(2814M) 0.456ms
[2.894s][info][gc,cpu        ] GC(79) User=0.00s Sys=0.00s Real=0.00s
[2.894s][info][gc,marking    ] GC(79) Concurrent Rebuild Remembered Sets
[2.896s][info][gc,marking    ] GC(79) Concurrent Rebuild Remembered Sets 1.214ms
[2.896s][info][gc,start      ] GC(79) Pause Cleanup
[2.896s][info][gc            ] GC(79) Pause Cleanup 1348M->1348M(2814M) 0.252ms
[2.896s][info][gc,cpu        ] GC(79) User=0.00s Sys=0.00s Real=0.00s
[2.896s][info][gc,marking    ] GC(79) Concurrent Cleanup for Next Mark
[2.897s][info][gc,marking    ] GC(79) Concurrent Cleanup for Next Mark 1.137ms
[2.897s][info][gc            ] GC(79) Concurrent Cycle 5.167ms
[2.899s][info][gc,start      ] GC(80) Pause Young (Concurrent Start) (G1 Humongous Allocation)
[2.899s][info][gc,task       ] GC(80) Using 13 workers of 13 for evacuation
[2.903s][info][gc,phases     ] GC(80)   Pre Evacuate Collection Set: 0.0ms
[2.903s][info][gc,phases     ] GC(80)   Evacuate Collection Set: 1.9ms
[2.903s][info][gc,phases     ] GC(80)   Post Evacuate Collection Set: 2.0ms
[2.903s][info][gc,phases     ] GC(80)   Other: 0.1ms
[2.903s][info][gc,heap       ] GC(80) Eden regions: 19->0(748)
[2.903s][info][gc,heap       ] GC(80) Survivor regions: 40->44(78)
[2.903s][info][gc,heap       ] GC(80) Old regions: 1196->1196
[2.903s][info][gc,heap       ] GC(80) Humongous regions: 104->103
[2.903s][info][gc,metaspace  ] GC(80) Metaspace: 6842K(7168K)->6842K(7168K) NonClass: 6254K(6400K)->6254K(6400K) Class: 587K(768K)->587K(768K)
[2.903s][info][gc            ] GC(80) Pause Young (Concurrent Start) (G1 Humongous Allocation) 1357M->1341M(3071M) 4.122ms
[2.903s][info][gc,cpu        ] GC(80) User=0.00s Sys=0.00s Real=0.00s
[2.903s][info][gc            ] GC(81) Concurrent Cycle
[2.903s][info][gc,marking    ] GC(81) Concurrent Clear Claimed Marks
[2.903s][info][gc,marking    ] GC(81) Concurrent Clear Claimed Marks 0.014ms
[2.903s][info][gc,marking    ] GC(81) Concurrent Scan Root Regions
[2.903s][info][gc,marking    ] GC(81) Concurrent Scan Root Regions 0.046ms
[2.903s][info][gc,marking    ] GC(81) Concurrent Mark (2.903s)
[2.903s][info][gc,marking    ] GC(81) Concurrent Mark From Roots
[2.903s][info][gc,task       ] GC(81) Using 3 workers of 3 for marking
[2.906s][info][gc,marking    ] GC(81) Concurrent Mark From Roots 2.081ms
[2.906s][info][gc,marking    ] GC(81) Concurrent Preclean
[2.906s][info][gc,marking    ] GC(81) Concurrent Preclean 0.061ms
[2.906s][info][gc,marking    ] GC(81) Concurrent Mark (2.903s, 2.906s) 2.181ms
[2.906s][info][gc,start      ] GC(81) Pause Remark
[2.906s][info][gc,stringtable] GC(81) Cleaned string and symbol table, strings: 2630 processed, 0 removed, symbols: 25602 processed, 0 removed
[2.906s][info][gc            ] GC(81) Pause Remark 1346M->1346M(3071M) 0.435ms
[2.906s][info][gc,cpu        ] GC(81) User=0.00s Sys=0.00s Real=0.00s
[2.906s][info][gc,marking    ] GC(81) Concurrent Rebuild Remembered Sets
[2.907s][info][gc,marking    ] GC(81) Concurrent Rebuild Remembered Sets 1.232ms
[2.907s][info][gc,start      ] GC(81) Pause Cleanup
[2.908s][info][gc            ] GC(81) Pause Cleanup 1349M->1349M(3071M) 0.219ms
[2.908s][info][gc,cpu        ] GC(81) User=0.00s Sys=0.00s Real=0.00s
[2.908s][info][gc,marking    ] GC(81) Concurrent Cleanup for Next Mark
[2.909s][info][gc,marking    ] GC(81) Concurrent Cleanup for Next Mark 1.156ms
[2.909s][info][gc            ] GC(81) Concurrent Cycle 5.534ms
[3.188s][info][gc,start      ] GC(82) Pause Young (Normal) (G1 Evacuation Pause)
[3.188s][info][gc,task       ] GC(82) Using 13 workers of 13 for evacuation
[3.198s][info][gc,phases     ] GC(82)   Pre Evacuate Collection Set: 0.1ms
[3.198s][info][gc,phases     ] GC(82)   Evacuate Collection Set: 8.7ms
[3.198s][info][gc,phases     ] GC(82)   Post Evacuate Collection Set: 0.3ms
[3.198s][info][gc,phases     ] GC(82)   Other: 0.2ms
[3.198s][info][gc,heap       ] GC(82) Eden regions: 748->0(709)
[3.198s][info][gc,heap       ] GC(82) Survivor regions: 44->99(99)
[3.198s][info][gc,heap       ] GC(82) Old regions: 1196->1280
[3.198s][info][gc,heap       ] GC(82) Humongous regions: 182->118
[3.198s][info][gc,metaspace  ] GC(82) Metaspace: 6842K(7168K)->6842K(7168K) NonClass: 6254K(6400K)->6254K(6400K) Class: 587K(768K)->587K(768K)
[3.198s][info][gc            ] GC(82) Pause Young (Normal) (G1 Evacuation Pause) 2168M->1496M(3071M) 9.508ms
[3.198s][info][gc,cpu        ] GC(82) User=0.02s Sys=0.03s Real=0.01s
[3.200s][info][gc,start      ] GC(83) Pause Young (Concurrent Start) (G1 Humongous Allocation)
[3.200s][info][gc,task       ] GC(83) Using 13 workers of 13 for evacuation
[3.206s][info][gc,phases     ] GC(83)   Pre Evacuate Collection Set: 0.1ms
[3.206s][info][gc,phases     ] GC(83)   Evacuate Collection Set: 4.8ms
[3.206s][info][gc,phases     ] GC(83)   Post Evacuate Collection Set: 0.2ms
[3.206s][info][gc,phases     ] GC(83)   Other: 0.1ms
[3.206s][info][gc,heap       ] GC(83) Eden regions: 7->0(729)
[3.206s][info][gc,heap       ] GC(83) Survivor regions: 99->2(101)
[3.206s][info][gc,heap       ] GC(83) Old regions: 1280->1380
[3.206s][info][gc,heap       ] GC(83) Humongous regions: 118->118
[3.206s][info][gc,metaspace  ] GC(83) Metaspace: 6842K(7168K)->6842K(7168K) NonClass: 6254K(6400K)->6254K(6400K) Class: 587K(768K)->587K(768K)
[3.206s][info][gc            ] GC(83) Pause Young (Concurrent Start) (G1 Humongous Allocation) 1503M->1499M(3071M) 5.283ms
[3.206s][info][gc,cpu        ] GC(83) User=0.00s Sys=0.00s Real=0.01s
[3.206s][info][gc            ] GC(84) Concurrent Cycle
[3.206s][info][gc,marking    ] GC(84) Concurrent Clear Claimed Marks
[3.206s][info][gc,marking    ] GC(84) Concurrent Clear Claimed Marks 0.012ms
[3.206s][info][gc,marking    ] GC(84) Concurrent Scan Root Regions
[3.206s][info][gc,marking    ] GC(84) Concurrent Scan Root Regions 0.040ms
[3.206s][info][gc,marking    ] GC(84) Concurrent Mark (3.206s)
[3.206s][info][gc,marking    ] GC(84) Concurrent Mark From Roots
[3.206s][info][gc,task       ] GC(84) Using 3 workers of 3 for marking
[3.209s][info][gc,marking    ] GC(84) Concurrent Mark From Roots 2.949ms
[3.209s][info][gc,marking    ] GC(84) Concurrent Preclean
[3.209s][info][gc,marking    ] GC(84) Concurrent Preclean 0.061ms
[3.209s][info][gc,marking    ] GC(84) Concurrent Mark (3.206s, 3.209s) 3.043ms
[3.209s][info][gc,start      ] GC(84) Pause Remark
[3.209s][info][gc,stringtable] GC(84) Cleaned string and symbol table, strings: 2630 processed, 0 removed, symbols: 25602 processed, 0 removed
[3.209s][info][gc            ] GC(84) Pause Remark 1509M->1509M(3071M) 0.517ms
[3.209s][info][gc,cpu        ] GC(84) User=0.00s Sys=0.00s Real=0.00s
[3.209s][info][gc,marking    ] GC(84) Concurrent Rebuild Remembered Sets
[3.211s][info][gc,marking    ] GC(84) Concurrent Rebuild Remembered Sets 1.398ms
[3.211s][info][gc,start      ] GC(84) Pause Cleanup
[3.211s][info][gc            ] GC(84) Pause Cleanup 1513M->1513M(3071M) 0.248ms
[3.211s][info][gc,cpu        ] GC(84) User=0.00s Sys=0.00s Real=0.00s
[3.211s][info][gc,marking    ] GC(84) Concurrent Cleanup for Next Mark
[3.213s][info][gc,marking    ] GC(84) Concurrent Cleanup for Next Mark 1.440ms
[3.213s][info][gc            ] GC(84) Concurrent Cycle 6.955ms
[3.216s][info][gc,start      ] GC(85) Pause Young (Concurrent Start) (G1 Humongous Allocation)
[3.216s][info][gc,task       ] GC(85) Using 13 workers of 13 for evacuation
[3.217s][info][gc,phases     ] GC(85)   Pre Evacuate Collection Set: 0.0ms
[3.217s][info][gc,phases     ] GC(85)   Evacuate Collection Set: 0.3ms
[3.217s][info][gc,phases     ] GC(85)   Post Evacuate Collection Set: 0.2ms
[3.217s][info][gc,phases     ] GC(85)   Other: 0.1ms
[3.217s][info][gc,heap       ] GC(85) Eden regions: 27->0(705)
[3.217s][info][gc,heap       ] GC(85) Survivor regions: 2->7(92)
[3.217s][info][gc,heap       ] GC(85) Old regions: 1380->1380
[3.217s][info][gc,heap       ] GC(85) Humongous regions: 119->118
[3.217s][info][gc,metaspace  ] GC(85) Metaspace: 6842K(7168K)->6842K(7168K) NonClass: 6254K(6400K)->6254K(6400K) Class: 587K(768K)->587K(768K)
[3.217s][info][gc            ] GC(85) Pause Young (Concurrent Start) (G1 Humongous Allocation) 1526M->1503M(3071M) 0.745ms
[3.217s][info][gc,cpu        ] GC(85) User=0.00s Sys=0.00s Real=0.00s
[3.217s][info][gc            ] GC(86) Concurrent Cycle
[3.217s][info][gc,marking    ] GC(86) Concurrent Clear Claimed Marks
[3.217s][info][gc,marking    ] GC(86) Concurrent Clear Claimed Marks 0.010ms
[3.217s][info][gc,marking    ] GC(86) Concurrent Scan Root Regions
[3.217s][info][gc,marking    ] GC(86) Concurrent Scan Root Regions 0.033ms
[3.217s][info][gc,marking    ] GC(86) Concurrent Mark (3.217s)
[3.217s][info][gc,marking    ] GC(86) Concurrent Mark From Roots
[3.217s][info][gc,task       ] GC(86) Using 3 workers of 3 for marking
[3.219s][info][gc,marking    ] GC(86) Concurrent Mark From Roots 1.793ms
[3.219s][info][gc,marking    ] GC(86) Concurrent Preclean
[3.219s][info][gc,marking    ] GC(86) Concurrent Preclean 0.060ms
[3.219s][info][gc,marking    ] GC(86) Concurrent Mark (3.217s, 3.219s) 1.884ms
[3.219s][info][gc,start      ] GC(86) Pause Remark
[3.219s][info][gc,stringtable] GC(86) Cleaned string and symbol table, strings: 2630 processed, 0 removed, symbols: 25602 processed, 0 removed
[3.219s][info][gc            ] GC(86) Pause Remark 1510M->1510M(3071M) 0.435ms
[3.219s][info][gc,cpu        ] GC(86) User=0.00s Sys=0.00s Real=0.00s
[3.219s][info][gc,marking    ] GC(86) Concurrent Rebuild Remembered Sets
[3.221s][info][gc,marking    ] GC(86) Concurrent Rebuild Remembered Sets 1.348ms
[3.221s][info][gc,start      ] GC(86) Pause Cleanup
[3.221s][info][gc            ] GC(86) Pause Cleanup 1513M->1513M(3071M) 0.316ms
[3.221s][info][gc,cpu        ] GC(86) User=0.00s Sys=0.00s Real=0.00s
[3.221s][info][gc,marking    ] GC(86) Concurrent Cleanup for Next Mark
[3.222s][info][gc,marking    ] GC(86) Concurrent Cleanup for Next Mark 1.136ms
[3.222s][info][gc            ] GC(86) Concurrent Cycle 5.426ms
[3.234s][info][gc,start      ] GC(87) Pause Young (Concurrent Start) (G1 Humongous Allocation)
[3.234s][info][gc,task       ] GC(87) Using 13 workers of 13 for evacuation
[3.235s][info][gc,phases     ] GC(87)   Pre Evacuate Collection Set: 0.0ms
[3.235s][info][gc,phases     ] GC(87)   Evacuate Collection Set: 0.8ms
[3.235s][info][gc,phases     ] GC(87)   Post Evacuate Collection Set: 0.2ms
[3.235s][info][gc,phases     ] GC(87)   Other: 0.1ms
[3.235s][info][gc,heap       ] GC(87) Eden regions: 48->0(731)
[3.235s][info][gc,heap       ] GC(87) Survivor regions: 7->16(89)
[3.235s][info][gc,heap       ] GC(87) Old regions: 1380->1380
[3.235s][info][gc,heap       ] GC(87) Humongous regions: 119->118
[3.235s][info][gc,metaspace  ] GC(87) Metaspace: 6842K(7168K)->6842K(7168K) NonClass: 6254K(6400K)->6254K(6400K) Class: 587K(768K)->587K(768K)
[3.235s][info][gc            ] GC(87) Pause Young (Concurrent Start) (G1 Humongous Allocation) 1552M->1512M(3071M) 1.216ms
[3.235s][info][gc,cpu        ] GC(87) User=0.00s Sys=0.00s Real=0.00s
[3.235s][info][gc            ] GC(88) Concurrent Cycle
[3.235s][info][gc,marking    ] GC(88) Concurrent Clear Claimed Marks
[3.235s][info][gc,marking    ] GC(88) Concurrent Clear Claimed Marks 0.010ms
[3.235s][info][gc,marking    ] GC(88) Concurrent Scan Root Regions
[3.235s][info][gc,marking    ] GC(88) Concurrent Scan Root Regions 0.033ms
[3.235s][info][gc,marking    ] GC(88) Concurrent Mark (3.235s)
[3.235s][info][gc,marking    ] GC(88) Concurrent Mark From Roots
[3.235s][info][gc,task       ] GC(88) Using 3 workers of 3 for marking
[3.238s][info][gc,marking    ] GC(88) Concurrent Mark From Roots 2.391ms
[3.238s][info][gc,marking    ] GC(88) Concurrent Preclean
[3.238s][info][gc,marking    ] GC(88) Concurrent Preclean 0.076ms
[3.238s][info][gc,marking    ] GC(88) Concurrent Mark (3.235s, 3.238s) 2.502ms
[3.238s][info][gc,start      ] GC(88) Pause Remark
[3.238s][info][gc,stringtable] GC(88) Cleaned string and symbol table, strings: 2630 processed, 0 removed, symbols: 25602 processed, 0 removed
[3.238s][info][gc            ] GC(88) Pause Remark 1520M->1520M(3071M) 0.456ms
[3.238s][info][gc,cpu        ] GC(88) User=0.00s Sys=0.00s Real=0.00s
[3.238s][info][gc,marking    ] GC(88) Concurrent Rebuild Remembered Sets
[3.240s][info][gc,marking    ] GC(88) Concurrent Rebuild Remembered Sets 1.385ms
[3.240s][info][gc,start      ] GC(88) Pause Cleanup
[3.240s][info][gc            ] GC(88) Pause Cleanup 1526M->1526M(3071M) 0.241ms
[3.240s][info][gc,cpu        ] GC(88) User=0.00s Sys=0.00s Real=0.00s
[3.240s][info][gc,marking    ] GC(88) Concurrent Cleanup for Next Mark
[3.241s][info][gc,marking    ] GC(88) Concurrent Cleanup for Next Mark 1.274ms
[3.241s][info][gc            ] GC(88) Concurrent Cycle 6.160ms
[3.244s][info][gc,start      ] GC(89) Pause Young (Concurrent Start) (G1 Humongous Allocation)
[3.244s][info][gc,task       ] GC(89) Using 13 workers of 13 for evacuation
[3.245s][info][gc,phases     ] GC(89)   Pre Evacuate Collection Set: 0.0ms
[3.245s][info][gc,phases     ] GC(89)   Evacuate Collection Set: 0.9ms
[3.245s][info][gc,phases     ] GC(89)   Post Evacuate Collection Set: 0.2ms
[3.245s][info][gc,phases     ] GC(89)   Other: 0.1ms
[3.245s][info][gc,heap       ] GC(89) Eden regions: 21->0(776)
[3.245s][info][gc,heap       ] GC(89) Survivor regions: 16->20(94)
[3.245s][info][gc,heap       ] GC(89) Old regions: 1380->1380
[3.245s][info][gc,heap       ] GC(89) Humongous regions: 121->118
[3.245s][info][gc,metaspace  ] GC(89) Metaspace: 6842K(7168K)->6842K(7168K) NonClass: 6254K(6400K)->6254K(6400K) Class: 587K(768K)->587K(768K)
[3.245s][info][gc            ] GC(89) Pause Young (Concurrent Start) (G1 Humongous Allocation) 1536M->1517M(3071M) 1.252ms
[3.245s][info][gc,cpu        ] GC(89) User=0.00s Sys=0.00s Real=0.00s
[3.245s][info][gc            ] GC(90) Concurrent Cycle
[3.245s][info][gc,marking    ] GC(90) Concurrent Clear Claimed Marks
[3.245s][info][gc,marking    ] GC(90) Concurrent Clear Claimed Marks 0.009ms
[3.245s][info][gc,marking    ] GC(90) Concurrent Scan Root Regions
[3.245s][info][gc,marking    ] GC(90) Concurrent Scan Root Regions 0.036ms
[3.245s][info][gc,marking    ] GC(90) Concurrent Mark (3.245s)
[3.245s][info][gc,marking    ] GC(90) Concurrent Mark From Roots
[3.245s][info][gc,task       ] GC(90) Using 3 workers of 3 for marking
[3.247s][info][gc,marking    ] GC(90) Concurrent Mark From Roots 1.804ms
[3.247s][info][gc,marking    ] GC(90) Concurrent Preclean
[3.247s][info][gc,marking    ] GC(90) Concurrent Preclean 0.076ms
[3.247s][info][gc,marking    ] GC(90) Concurrent Mark (3.245s, 3.247s) 1.911ms
[3.247s][info][gc,start      ] GC(90) Pause Remark
[3.248s][info][gc,stringtable] GC(90) Cleaned string and symbol table, strings: 2630 processed, 0 removed, symbols: 25602 processed, 0 removed
[3.248s][info][gc            ] GC(90) Pause Remark 1524M->1524M(3071M) 0.434ms
[3.248s][info][gc,cpu        ] GC(90) User=0.00s Sys=0.00s Real=0.00s
[3.248s][info][gc,marking    ] GC(90) Concurrent Rebuild Remembered Sets
[3.249s][info][gc,marking    ] GC(90) Concurrent Rebuild Remembered Sets 1.250ms
[3.249s][info][gc,start      ] GC(90) Pause Cleanup
[3.249s][info][gc            ] GC(90) Pause Cleanup 1527M->1527M(3071M) 0.252ms
[3.249s][info][gc,cpu        ] GC(90) User=0.00s Sys=0.00s Real=0.00s
[3.249s][info][gc,marking    ] GC(90) Concurrent Cleanup for Next Mark
[3.250s][info][gc,marking    ] GC(90) Concurrent Cleanup for Next Mark 1.121ms
[3.250s][info][gc            ] GC(90) Concurrent Cycle 5.227ms
[3.252s][info][gc,start      ] GC(91) Pause Young (Concurrent Start) (G1 Humongous Allocation)
[3.252s][info][gc,task       ] GC(91) Using 13 workers of 13 for evacuation
[3.253s][info][gc,phases     ] GC(91)   Pre Evacuate Collection Set: 0.0ms
[3.253s][info][gc,phases     ] GC(91)   Evacuate Collection Set: 1.0ms
[3.253s][info][gc,phases     ] GC(91)   Post Evacuate Collection Set: 0.2ms
[3.253s][info][gc,phases     ] GC(91)   Other: 0.1ms
[3.253s][info][gc,heap       ] GC(91) Eden regions: 14->0(709)
[3.253s][info][gc,heap       ] GC(91) Survivor regions: 20->24(100)
[3.253s][info][gc,heap       ] GC(91) Old regions: 1380->1380
[3.253s][info][gc,heap       ] GC(91) Humongous regions: 122->118
[3.253s][info][gc,metaspace  ] GC(91) Metaspace: 6842K(7168K)->6842K(7168K) NonClass: 6254K(6400K)->6254K(6400K) Class: 587K(768K)->587K(768K)
[3.253s][info][gc            ] GC(91) Pause Young (Concurrent Start) (G1 Humongous Allocation) 1535M->1521M(3071M) 1.354ms
[3.253s][info][gc,cpu        ] GC(91) User=0.08s Sys=0.09s Real=0.00s
[3.253s][info][gc            ] GC(92) Concurrent Cycle
[3.253s][info][gc,marking    ] GC(92) Concurrent Clear Claimed Marks
[3.253s][info][gc,marking    ] GC(92) Concurrent Clear Claimed Marks 0.016ms
[3.253s][info][gc,marking    ] GC(92) Concurrent Scan Root Regions
[3.254s][info][gc,marking    ] GC(92) Concurrent Scan Root Regions 0.035ms
[3.254s][info][gc,marking    ] GC(92) Concurrent Mark (3.254s)
[3.254s][info][gc,marking    ] GC(92) Concurrent Mark From Roots
[3.254s][info][gc,task       ] GC(92) Using 3 workers of 3 for marking
[3.255s][info][gc,marking    ] GC(92) Concurrent Mark From Roots 1.972ms
[3.256s][info][gc,marking    ] GC(92) Concurrent Preclean
[3.256s][info][gc,marking    ] GC(92) Concurrent Preclean 0.061ms
[3.256s][info][gc,marking    ] GC(92) Concurrent Mark (3.254s, 3.256s) 2.058ms
[3.256s][info][gc,start      ] GC(92) Pause Remark
[3.256s][info][gc,stringtable] GC(92) Cleaned string and symbol table, strings: 2630 processed, 0 removed, symbols: 25602 processed, 0 removed
[3.256s][info][gc            ] GC(92) Pause Remark 1529M->1529M(3071M) 0.391ms
[3.256s][info][gc,cpu        ] GC(92) User=0.00s Sys=0.00s Real=0.00s
[3.256s][info][gc,marking    ] GC(92) Concurrent Rebuild Remembered Sets
[3.257s][info][gc,marking    ] GC(92) Concurrent Rebuild Remembered Sets 1.253ms
[3.257s][info][gc,start      ] GC(92) Pause Cleanup
[3.258s][info][gc            ] GC(92) Pause Cleanup 1534M->1534M(3071M) 0.246ms
[3.258s][info][gc,cpu        ] GC(92) User=0.00s Sys=0.00s Real=0.00s
[3.258s][info][gc,marking    ] GC(92) Concurrent Cleanup for Next Mark
[3.259s][info][gc,marking    ] GC(92) Concurrent Cleanup for Next Mark 1.037ms
[3.259s][info][gc            ] GC(92) Concurrent Cycle 5.286ms
[3.262s][info][gc,start      ] GC(93) Pause Young (Concurrent Start) (G1 Humongous Allocation)
[3.262s][info][gc,task       ] GC(93) Using 13 workers of 13 for evacuation
[3.263s][info][gc,phases     ] GC(93)   Pre Evacuate Collection Set: 0.0ms
[3.263s][info][gc,phases     ] GC(93)   Evacuate Collection Set: 1.2ms
[3.263s][info][gc,phases     ] GC(93)   Post Evacuate Collection Set: 0.2ms
[3.263s][info][gc,phases     ] GC(93)   Other: 0.1ms
[3.263s][info][gc,heap       ] GC(93) Eden regions: 22->0(653)
[3.263s][info][gc,heap       ] GC(93) Survivor regions: 24->28(92)
[3.263s][info][gc,heap       ] GC(93) Old regions: 1380->1380
[3.263s][info][gc,heap       ] GC(93) Humongous regions: 121->118
[3.263s][info][gc,metaspace  ] GC(93) Metaspace: 6842K(7168K)->6842K(7168K) NonClass: 6254K(6400K)->6254K(6400K) Class: 587K(768K)->587K(768K)
[3.263s][info][gc            ] GC(93) Pause Young (Concurrent Start) (G1 Humongous Allocation) 1545M->1525M(3071M) 1.557ms
[3.263s][info][gc,cpu        ] GC(93) User=0.00s Sys=0.00s Real=0.00s
[3.263s][info][gc            ] GC(94) Concurrent Cycle
[3.263s][info][gc,marking    ] GC(94) Concurrent Clear Claimed Marks
[3.263s][info][gc,marking    ] GC(94) Concurrent Clear Claimed Marks 0.011ms
[3.263s][info][gc,marking    ] GC(94) Concurrent Scan Root Regions
[3.263s][info][gc,marking    ] GC(94) Concurrent Scan Root Regions 0.030ms
[3.263s][info][gc,marking    ] GC(94) Concurrent Mark (3.263s)
[3.263s][info][gc,marking    ] GC(94) Concurrent Mark From Roots
[3.263s][info][gc,task       ] GC(94) Using 3 workers of 3 for marking
[3.265s][info][gc,marking    ] GC(94) Concurrent Mark From Roots 1.904ms
[3.265s][info][gc,marking    ] GC(94) Concurrent Preclean
[3.265s][info][gc,marking    ] GC(94) Concurrent Preclean 0.061ms
[3.265s][info][gc,marking    ] GC(94) Concurrent Mark (3.263s, 3.265s) 2.000ms
[3.266s][info][gc,start      ] GC(94) Pause Remark
[3.266s][info][gc,stringtable] GC(94) Cleaned string and symbol table, strings: 2630 processed, 0 removed, symbols: 25602 processed, 0 removed
[3.266s][info][gc            ] GC(94) Pause Remark 1532M->1532M(3071M) 0.416ms
[3.266s][info][gc,cpu        ] GC(94) User=0.00s Sys=0.00s Real=0.00s
[3.266s][info][gc,marking    ] GC(94) Concurrent Rebuild Remembered Sets
[3.267s][info][gc,marking    ] GC(94) Concurrent Rebuild Remembered Sets 1.272ms
[3.267s][info][gc,start      ] GC(94) Pause Cleanup
[3.268s][info][gc            ] GC(94) Pause Cleanup 1536M->1536M(3071M) 0.340ms
[3.268s][info][gc,cpu        ] GC(94) User=0.00s Sys=0.00s Real=0.00s
[3.268s][info][gc,marking    ] GC(94) Concurrent Cleanup for Next Mark
[3.269s][info][gc,marking    ] GC(94) Concurrent Cleanup for Next Mark 1.108ms
[3.269s][info][gc            ] GC(94) Concurrent Cycle 5.406ms
[3.273s][info][gc,start      ] GC(95) Pause Young (Concurrent Start) (G1 Humongous Allocation)
[3.273s][info][gc,task       ] GC(95) Using 13 workers of 13 for evacuation
[3.275s][info][gc,phases     ] GC(95)   Pre Evacuate Collection Set: 0.0ms
[3.275s][info][gc,phases     ] GC(95)   Evacuate Collection Set: 1.5ms
[3.275s][info][gc,phases     ] GC(95)   Post Evacuate Collection Set: 0.2ms
[3.275s][info][gc,phases     ] GC(95)   Other: 0.1ms
[3.275s][info][gc,heap       ] GC(95) Eden regions: 23->0(718)
[3.275s][info][gc,heap       ] GC(95) Survivor regions: 28->33(86)
[3.275s][info][gc,heap       ] GC(95) Old regions: 1380->1380
[3.275s][info][gc,heap       ] GC(95) Humongous regions: 121->118
[3.275s][info][gc,metaspace  ] GC(95) Metaspace: 6842K(7168K)->6842K(7168K) NonClass: 6254K(6400K)->6254K(6400K) Class: 587K(768K)->587K(768K)
[3.275s][info][gc            ] GC(95) Pause Young (Concurrent Start) (G1 Humongous Allocation) 1550M->1529M(3071M) 1.808ms
[3.275s][info][gc,cpu        ] GC(95) User=0.00s Sys=0.00s Real=0.00s
[3.275s][info][gc            ] GC(96) Concurrent Cycle
[3.275s][info][gc,marking    ] GC(96) Concurrent Clear Claimed Marks
[3.275s][info][gc,marking    ] GC(96) Concurrent Clear Claimed Marks 0.011ms
[3.275s][info][gc,marking    ] GC(96) Concurrent Scan Root Regions
[3.275s][info][gc,marking    ] GC(96) Concurrent Scan Root Regions 0.037ms
[3.275s][info][gc,marking    ] GC(96) Concurrent Mark (3.275s)
[3.275s][info][gc,marking    ] GC(96) Concurrent Mark From Roots
[3.275s][info][gc,task       ] GC(96) Using 3 workers of 3 for marking
[3.277s][info][gc,marking    ] GC(96) Concurrent Mark From Roots 1.950ms
[3.277s][info][gc,marking    ] GC(96) Concurrent Preclean
[3.277s][info][gc,marking    ] GC(96) Concurrent Preclean 0.060ms
[3.277s][info][gc,marking    ] GC(96) Concurrent Mark (3.275s, 3.277s) 2.036ms
[3.277s][info][gc,start      ] GC(96) Pause Remark
[3.277s][info][gc,stringtable] GC(96) Cleaned string and symbol table, strings: 2630 processed, 0 removed, symbols: 25602 processed, 0 removed
[3.277s][info][gc            ] GC(96) Pause Remark 1536M->1536M(3071M) 0.445ms
[3.277s][info][gc,cpu        ] GC(96) User=0.00s Sys=0.00s Real=0.00s
[3.277s][info][gc,marking    ] GC(96) Concurrent Rebuild Remembered Sets
[3.279s][info][gc,marking    ] GC(96) Concurrent Rebuild Remembered Sets 1.262ms
[3.279s][info][gc,start      ] GC(96) Pause Cleanup
[3.279s][info][gc            ] GC(96) Pause Cleanup 1540M->1540M(3071M) 0.233ms
[3.279s][info][gc,cpu        ] GC(96) User=0.00s Sys=0.00s Real=0.00s
[3.279s][info][gc,marking    ] GC(96) Concurrent Cleanup for Next Mark
[3.280s][info][gc,marking    ] GC(96) Concurrent Cleanup for Next Mark 0.988ms
[3.280s][info][gc            ] GC(96) Concurrent Cycle 5.252ms
[3.280s][info][gc,start      ] GC(97) Pause Young (Concurrent Start) (G1 Humongous Allocation)
[3.280s][info][gc,task       ] GC(97) Using 13 workers of 13 for evacuation
[3.282s][info][gc,phases     ] GC(97)   Pre Evacuate Collection Set: 0.0ms
[3.282s][info][gc,phases     ] GC(97)   Evacuate Collection Set: 1.4ms
[3.282s][info][gc,phases     ] GC(97)   Post Evacuate Collection Set: 0.1ms
[3.282s][info][gc,phases     ] GC(97)   Other: 0.1ms
[3.282s][info][gc,heap       ] GC(97) Eden regions: 12->0(715)
[3.282s][info][gc,heap       ] GC(97) Survivor regions: 33->35(94)
[3.282s][info][gc,heap       ] GC(97) Old regions: 1380->1380
[3.282s][info][gc,heap       ] GC(97) Humongous regions: 121->119
[3.282s][info][gc,metaspace  ] GC(97) Metaspace: 6842K(7168K)->6842K(7168K) NonClass: 6254K(6400K)->6254K(6400K) Class: 587K(768K)->587K(768K)
[3.282s][info][gc            ] GC(97) Pause Young (Concurrent Start) (G1 Humongous Allocation) 1544M->1532M(3071M) 1.768ms
[3.282s][info][gc,cpu        ] GC(97) User=0.00s Sys=0.00s Real=0.00s
[3.282s][info][gc            ] GC(98) Concurrent Cycle
[3.282s][info][gc,marking    ] GC(98) Concurrent Clear Claimed Marks
[3.282s][info][gc,marking    ] GC(98) Concurrent Clear Claimed Marks 0.010ms
[3.282s][info][gc,marking    ] GC(98) Concurrent Scan Root Regions
[3.282s][info][gc,marking    ] GC(98) Concurrent Scan Root Regions 0.029ms
[3.282s][info][gc,marking    ] GC(98) Concurrent Mark (3.282s)
[3.282s][info][gc,marking    ] GC(98) Concurrent Mark From Roots
[3.282s][info][gc,task       ] GC(98) Using 3 workers of 3 for marking
[3.284s][info][gc,marking    ] GC(98) Concurrent Mark From Roots 1.759ms
[3.284s][info][gc,marking    ] GC(98) Concurrent Preclean
[3.284s][info][gc,marking    ] GC(98) Concurrent Preclean 0.060ms
[3.284s][info][gc,marking    ] GC(98) Concurrent Mark (3.282s, 3.284s) 1.859ms
[3.284s][info][gc,start      ] GC(98) Pause Remark
[3.285s][info][gc,stringtable] GC(98) Cleaned string and symbol table, strings: 2630 processed, 0 removed, symbols: 25602 processed, 0 removed
[3.285s][info][gc            ] GC(98) Pause Remark 1539M->1539M(3071M) 0.475ms
[3.285s][info][gc,cpu        ] GC(98) User=0.00s Sys=0.00s Real=0.00s
[3.285s][info][gc,marking    ] GC(98) Concurrent Rebuild Remembered Sets
[3.286s][info][gc,marking    ] GC(98) Concurrent Rebuild Remembered Sets 1.189ms
[3.286s][info][gc,start      ] GC(98) Pause Cleanup
[3.286s][info][gc            ] GC(98) Pause Cleanup 1542M->1542M(3071M) 0.265ms
[3.286s][info][gc,cpu        ] GC(98) User=0.00s Sys=0.00s Real=0.00s
[3.286s][info][gc,marking    ] GC(98) Concurrent Cleanup for Next Mark
[3.287s][info][gc,marking    ] GC(98) Concurrent Cleanup for Next Mark 0.910ms
[3.287s][info][gc            ] GC(98) Concurrent Cycle 4.997ms
[3.288s][info][gc,start      ] GC(99) Pause Young (Concurrent Start) (G1 Humongous Allocation)
[3.288s][info][gc,task       ] GC(99) Using 13 workers of 13 for evacuation
[3.289s][info][gc,phases     ] GC(99)   Pre Evacuate Collection Set: 0.0ms
[3.289s][info][gc,phases     ] GC(99)   Evacuate Collection Set: 1.5ms
[3.289s][info][gc,phases     ] GC(99)   Post Evacuate Collection Set: 0.1ms
[3.289s][info][gc,phases     ] GC(99)   Other: 0.1ms
[3.289s][info][gc,heap       ] GC(99) Eden regions: 11->0(756)
[3.289s][info][gc,heap       ] GC(99) Survivor regions: 35->37(94)
[3.289s][info][gc,heap       ] GC(99) Old regions: 1380->1380
[3.289s][info][gc,heap       ] GC(99) Humongous regions: 121->120
[3.290s][info][gc,metaspace  ] GC(99) Metaspace: 6842K(7168K)->6842K(7168K) NonClass: 6254K(6400K)->6254K(6400K) Class: 587K(768K)->587K(768K)
[3.290s][info][gc            ] GC(99) Pause Young (Concurrent Start) (G1 Humongous Allocation) 1545M->1536M(3071M) 1.859ms
[3.290s][info][gc,cpu        ] GC(99) User=0.00s Sys=0.00s Real=0.00s
[3.290s][info][gc            ] GC(100) Concurrent Cycle
[3.290s][info][gc,marking    ] GC(100) Concurrent Clear Claimed Marks
[3.290s][info][gc,marking    ] GC(100) Concurrent Clear Claimed Marks 0.009ms
[3.290s][info][gc,marking    ] GC(100) Concurrent Scan Root Regions
[3.290s][info][gc,marking    ] GC(100) Concurrent Scan Root Regions 0.029ms
[3.290s][info][gc,marking    ] GC(100) Concurrent Mark (3.290s)
[3.290s][info][gc,marking    ] GC(100) Concurrent Mark From Roots
[3.290s][info][gc,task       ] GC(100) Using 3 workers of 3 for marking
[3.291s][info][gc,marking    ] GC(100) Concurrent Mark From Roots 1.607ms
[3.291s][info][gc,marking    ] GC(100) Concurrent Preclean
[3.291s][info][gc,marking    ] GC(100) Concurrent Preclean 0.090ms
[3.291s][info][gc,marking    ] GC(100) Concurrent Mark (3.290s, 3.291s) 1.730ms
[3.291s][info][gc,start      ] GC(100) Pause Remark
[3.292s][info][gc,stringtable] GC(100) Cleaned string and symbol table, strings: 2630 processed, 0 removed, symbols: 25602 processed, 0 removed
[3.292s][info][gc            ] GC(100) Pause Remark 1543M->1543M(3071M) 0.443ms
[3.292s][info][gc,cpu        ] GC(100) User=0.00s Sys=0.00s Real=0.00s
[3.292s][info][gc,marking    ] GC(100) Concurrent Rebuild Remembered Sets
[3.293s][info][gc,marking    ] GC(100) Concurrent Rebuild Remembered Sets 1.258ms
[3.293s][info][gc,start      ] GC(100) Pause Cleanup
[3.293s][info][gc            ] GC(100) Pause Cleanup 1547M->1547M(3071M) 0.247ms
[3.293s][info][gc,cpu        ] GC(100) User=0.00s Sys=0.00s Real=0.00s
[3.293s][info][gc,marking    ] GC(100) Concurrent Cleanup for Next Mark
[3.294s][info][gc,marking    ] GC(100) Concurrent Cleanup for Next Mark 0.899ms
[3.294s][info][gc            ] GC(100) Concurrent Cycle 4.843ms
[3.296s][info][gc,start      ] GC(101) Pause Young (Concurrent Start) (G1 Humongous Allocation)
[3.296s][info][gc,task       ] GC(101) Using 13 workers of 13 for evacuation
[3.298s][info][gc,phases     ] GC(101)   Pre Evacuate Collection Set: 0.0ms
[3.298s][info][gc,phases     ] GC(101)   Evacuate Collection Set: 1.8ms
[3.298s][info][gc,phases     ] GC(101)   Post Evacuate Collection Set: 0.2ms
[3.298s][info][gc,phases     ] GC(101)   Other: 0.1ms
[3.298s][info][gc,heap       ] GC(101) Eden regions: 15->0(557)
[3.298s][info][gc,heap       ] GC(101) Survivor regions: 37->40(100)
[3.298s][info][gc,heap       ] GC(101) Old regions: 1380->1380
[3.298s][info][gc,heap       ] GC(101) Humongous regions: 122->120
[3.298s][info][gc,metaspace  ] GC(101) Metaspace: 6842K(7168K)->6842K(7168K) NonClass: 6254K(6400K)->6254K(6400K) Class: 587K(768K)->587K(768K)
[3.298s][info][gc            ] GC(101) Pause Young (Concurrent Start) (G1 Humongous Allocation) 1553M->1539M(3071M) 2.182ms
[3.298s][info][gc,cpu        ] GC(101) User=0.00s Sys=0.00s Real=0.00s
[3.298s][info][gc            ] GC(102) Concurrent Cycle
[3.298s][info][gc,marking    ] GC(102) Concurrent Clear Claimed Marks
[3.298s][info][gc,marking    ] GC(102) Concurrent Clear Claimed Marks 0.009ms
[3.298s][info][gc,marking    ] GC(102) Concurrent Scan Root Regions
[3.298s][info][gc,marking    ] GC(102) Concurrent Scan Root Regions 0.038ms
[3.298s][info][gc,marking    ] GC(102) Concurrent Mark (3.298s)
[3.298s][info][gc,marking    ] GC(102) Concurrent Mark From Roots
[3.298s][info][gc,task       ] GC(102) Using 3 workers of 3 for marking
[3.300s][info][gc,marking    ] GC(102) Concurrent Mark From Roots 1.738ms
[3.300s][info][gc,marking    ] GC(102) Concurrent Preclean
[3.300s][info][gc,marking    ] GC(102) Concurrent Preclean 0.076ms
[3.300s][info][gc,marking    ] GC(102) Concurrent Mark (3.298s, 3.300s) 1.859ms
[3.300s][info][gc,start      ] GC(102) Pause Remark
[3.300s][info][gc,stringtable] GC(102) Cleaned string and symbol table, strings: 2630 processed, 0 removed, symbols: 25602 processed, 0 removed
[3.300s][info][gc            ] GC(102) Pause Remark 1546M->1546M(3071M) 0.466ms
[3.300s][info][gc,cpu        ] GC(102) User=0.00s Sys=0.00s Real=0.00s
[3.300s][info][gc,marking    ] GC(102) Concurrent Rebuild Remembered Sets
[3.302s][info][gc,marking    ] GC(102) Concurrent Rebuild Remembered Sets 1.254ms
[3.302s][info][gc,start      ] GC(102) Pause Cleanup
[3.302s][info][gc            ] GC(102) Pause Cleanup 1550M->1550M(3071M) 0.312ms
[3.302s][info][gc,cpu        ] GC(102) User=0.00s Sys=0.00s Real=0.00s
[3.302s][info][gc,marking    ] GC(102) Concurrent Cleanup for Next Mark
[3.303s][info][gc,marking    ] GC(102) Concurrent Cleanup for Next Mark 0.907ms
[3.303s][info][gc            ] GC(102) Concurrent Cycle 5.079ms
[3.303s][info][gc,start      ] GC(103) Pause Young (Concurrent Start) (G1 Humongous Allocation)
[3.303s][info][gc,task       ] GC(103) Using 13 workers of 13 for evacuation
[3.305s][info][gc,phases     ] GC(103)   Pre Evacuate Collection Set: 0.0ms
[3.305s][info][gc,phases     ] GC(103)   Evacuate Collection Set: 1.8ms
[3.305s][info][gc,phases     ] GC(103)   Post Evacuate Collection Set: 0.1ms
[3.305s][info][gc,phases     ] GC(103)   Other: 0.1ms
[3.305s][info][gc,heap       ] GC(103) Eden regions: 11->0(546)
[3.305s][info][gc,heap       ] GC(103) Survivor regions: 40->42(75)
[3.305s][info][gc,heap       ] GC(103) Old regions: 1380->1380
[3.305s][info][gc,heap       ] GC(103) Humongous regions: 122->121
[3.305s][info][gc,metaspace  ] GC(103) Metaspace: 6842K(7168K)->6842K(7168K) NonClass: 6254K(6400K)->6254K(6400K) Class: 587K(768K)->587K(768K)
[3.305s][info][gc            ] GC(103) Pause Young (Concurrent Start) (G1 Humongous Allocation) 1551M->1541M(3071M) 2.122ms
[3.305s][info][gc,cpu        ] GC(103) User=0.00s Sys=0.00s Real=0.00s
[3.305s][info][gc            ] GC(104) Concurrent Cycle
[3.305s][info][gc,marking    ] GC(104) Concurrent Clear Claimed Marks
[3.305s][info][gc,marking    ] GC(104) Concurrent Clear Claimed Marks 0.010ms
[3.305s][info][gc,marking    ] GC(104) Concurrent Scan Root Regions
[3.305s][info][gc,marking    ] GC(104) Concurrent Scan Root Regions 0.030ms
[3.305s][info][gc,marking    ] GC(104) Concurrent Mark (3.305s)
[3.305s][info][gc,marking    ] GC(104) Concurrent Mark From Roots
[3.305s][info][gc,task       ] GC(104) Using 3 workers of 3 for marking
[3.307s][info][gc,marking    ] GC(104) Concurrent Mark From Roots 1.637ms
[3.307s][info][gc,marking    ] GC(104) Concurrent Preclean
[3.307s][info][gc,marking    ] GC(104) Concurrent Preclean 0.076ms
[3.307s][info][gc,marking    ] GC(104) Concurrent Mark (3.305s, 3.307s) 1.760ms
[3.307s][info][gc,start      ] GC(104) Pause Remark
[3.307s][info][gc,stringtable] GC(104) Cleaned string and symbol table, strings: 2630 processed, 0 removed, symbols: 25602 processed, 0 removed
[3.307s][info][gc            ] GC(104) Pause Remark 1548M->1548M(3071M) 0.397ms
[3.307s][info][gc,cpu        ] GC(104) User=0.00s Sys=0.00s Real=0.00s
[3.307s][info][gc,marking    ] GC(104) Concurrent Rebuild Remembered Sets
[3.309s][info][gc,marking    ] GC(104) Concurrent Rebuild Remembered Sets 1.250ms
[3.309s][info][gc,start      ] GC(104) Pause Cleanup
[3.309s][info][gc            ] GC(104) Pause Cleanup 1552M->1552M(3071M) 0.299ms
[3.309s][info][gc,cpu        ] GC(104) User=0.00s Sys=0.00s Real=0.00s
[3.309s][info][gc,marking    ] GC(104) Concurrent Cleanup for Next Mark
[3.310s][info][gc,marking    ] GC(104) Concurrent Cleanup for Next Mark 0.901ms
[3.310s][info][gc            ] GC(104) Concurrent Cycle 4.872ms
[3.310s][info][gc,start      ] GC(105) Pause Young (Concurrent Start) (G1 Humongous Allocation)
[3.310s][info][gc,task       ] GC(105) Using 13 workers of 13 for evacuation
[3.313s][info][gc,phases     ] GC(105)   Pre Evacuate Collection Set: 0.0ms
[3.313s][info][gc,phases     ] GC(105)   Evacuate Collection Set: 1.9ms
[3.313s][info][gc,phases     ] GC(105)   Post Evacuate Collection Set: 0.1ms
[3.313s][info][gc,phases     ] GC(105)   Other: 0.1ms
[3.313s][info][gc,heap       ] GC(105) Eden regions: 11->0(580)
[3.313s][info][gc,heap       ] GC(105) Survivor regions: 42->44(74)
[3.313s][info][gc,heap       ] GC(105) Old regions: 1380->1380
[3.313s][info][gc,heap       ] GC(105) Humongous regions: 124->122
[3.313s][info][gc,metaspace  ] GC(105) Metaspace: 6842K(7168K)->6842K(7168K) NonClass: 6254K(6400K)->6254K(6400K) Class: 587K(768K)->587K(768K)
[3.313s][info][gc            ] GC(105) Pause Young (Concurrent Start) (G1 Humongous Allocation) 1555M->1545M(3071M) 2.208ms
[3.313s][info][gc,cpu        ] GC(105) User=0.00s Sys=0.00s Real=0.00s
[3.313s][info][gc            ] GC(106) Concurrent Cycle
[3.313s][info][gc,marking    ] GC(106) Concurrent Clear Claimed Marks
[3.313s][info][gc,marking    ] GC(106) Concurrent Clear Claimed Marks 0.010ms
[3.313s][info][gc,marking    ] GC(106) Concurrent Scan Root Regions
[3.313s][info][gc,marking    ] GC(106) Concurrent Scan Root Regions 0.034ms
[3.313s][info][gc,marking    ] GC(106) Concurrent Mark (3.313s)
[3.313s][info][gc,marking    ] GC(106) Concurrent Mark From Roots
[3.313s][info][gc,task       ] GC(106) Using 3 workers of 3 for marking
[3.315s][info][gc,marking    ] GC(106) Concurrent Mark From Roots 1.780ms
[3.315s][info][gc,marking    ] GC(106) Concurrent Preclean
[3.315s][info][gc,marking    ] GC(106) Concurrent Preclean 0.076ms
[3.315s][info][gc,marking    ] GC(106) Concurrent Mark (3.313s, 3.315s) 1.900ms
[3.315s][info][gc,start      ] GC(106) Pause Remark
[3.315s][info][gc,stringtable] GC(106) Cleaned string and symbol table, strings: 2630 processed, 0 removed, symbols: 25602 processed, 0 removed
[3.315s][info][gc            ] GC(106) Pause Remark 1553M->1553M(3071M) 0.446ms
[3.315s][info][gc,cpu        ] GC(106) User=0.06s Sys=0.06s Real=0.00s
[3.315s][info][gc,marking    ] GC(106) Concurrent Rebuild Remembered Sets
[3.316s][info][gc,marking    ] GC(106) Concurrent Rebuild Remembered Sets 1.197ms
[3.316s][info][gc,start      ] GC(106) Pause Cleanup
[3.317s][info][gc            ] GC(106) Pause Cleanup 1557M->1557M(3071M) 0.272ms
[3.317s][info][gc,cpu        ] GC(106) User=0.00s Sys=0.00s Real=0.00s
[3.317s][info][gc,marking    ] GC(106) Concurrent Cleanup for Next Mark
[3.318s][info][gc,marking    ] GC(106) Concurrent Cleanup for Next Mark 0.963ms
[3.318s][info][gc            ] GC(106) Concurrent Cycle 5.088ms
[3.318s][info][gc,start      ] GC(107) Pause Young (Concurrent Start) (G1 Humongous Allocation)
[3.318s][info][gc,task       ] GC(107) Using 13 workers of 13 for evacuation
[3.320s][info][gc,phases     ] GC(107)   Pre Evacuate Collection Set: 0.0ms
[3.320s][info][gc,phases     ] GC(107)   Evacuate Collection Set: 1.9ms
[3.320s][info][gc,phases     ] GC(107)   Post Evacuate Collection Set: 0.2ms
[3.320s][info][gc,phases     ] GC(107)   Other: 0.1ms
[3.320s][info][gc,heap       ] GC(107) Eden regions: 11->0(514)
[3.320s][info][gc,heap       ] GC(107) Survivor regions: 44->44(78)
[3.320s][info][gc,heap       ] GC(107) Old regions: 1380->1380
[3.320s][info][gc,heap       ] GC(107) Humongous regions: 126->123
[3.320s][info][gc,metaspace  ] GC(107) Metaspace: 6842K(7168K)->6842K(7168K) NonClass: 6254K(6400K)->6254K(6400K) Class: 587K(768K)->587K(768K)
[3.320s][info][gc            ] GC(107) Pause Young (Concurrent Start) (G1 Humongous Allocation) 1560M->1546M(3071M) 2.263ms
[3.320s][info][gc,cpu        ] GC(107) User=0.00s Sys=0.00s Real=0.00s
[3.320s][info][gc            ] GC(108) Concurrent Cycle
[3.320s][info][gc,marking    ] GC(108) Concurrent Clear Claimed Marks
[3.320s][info][gc,marking    ] GC(108) Concurrent Clear Claimed Marks 0.012ms
[3.320s][info][gc,marking    ] GC(108) Concurrent Scan Root Regions
[3.320s][info][gc,marking    ] GC(108) Concurrent Scan Root Regions 0.038ms
[3.320s][info][gc,marking    ] GC(108) Concurrent Mark (3.320s)
[3.320s][info][gc,marking    ] GC(108) Concurrent Mark From Roots
[3.320s][info][gc,task       ] GC(108) Using 3 workers of 3 for marking
[3.322s][info][gc,marking    ] GC(108) Concurrent Mark From Roots 1.839ms
[3.322s][info][gc,marking    ] GC(108) Concurrent Preclean
[3.322s][info][gc,marking    ] GC(108) Concurrent Preclean 0.090ms
[3.322s][info][gc,marking    ] GC(108) Concurrent Mark (3.320s, 3.322s) 1.962ms
[3.322s][info][gc,start      ] GC(108) Pause Remark
[3.323s][info][gc,stringtable] GC(108) Cleaned string and symbol table, strings: 2630 processed, 0 removed, symbols: 25602 processed, 0 removed
[3.323s][info][gc            ] GC(108) Pause Remark 1555M->1555M(3071M) 0.476ms
[3.323s][info][gc,cpu        ] GC(108) User=0.00s Sys=0.00s Real=0.00s
[3.323s][info][gc,marking    ] GC(108) Concurrent Rebuild Remembered Sets
[3.324s][info][gc,marking    ] GC(108) Concurrent Rebuild Remembered Sets 1.234ms
[3.324s][info][gc,start      ] GC(108) Pause Cleanup
[3.325s][info][gc            ] GC(108) Pause Cleanup 1558M->1558M(3071M) 0.245ms
[3.325s][info][gc,cpu        ] GC(108) User=0.00s Sys=0.00s Real=0.00s
[3.325s][info][gc,marking    ] GC(108) Concurrent Cleanup for Next Mark
[3.326s][info][gc,marking    ] GC(108) Concurrent Cleanup for Next Mark 0.965ms
[3.326s][info][gc            ] GC(108) Concurrent Cycle 5.178ms
[3.333s][info][gc,start      ] GC(109) Pause Young (Concurrent Start) (G1 Humongous Allocation)
[3.333s][info][gc,task       ] GC(109) Using 13 workers of 13 for evacuation
[3.338s][info][gc,phases     ] GC(109)   Pre Evacuate Collection Set: 0.0ms
[3.338s][info][gc,phases     ] GC(109)   Evacuate Collection Set: 2.3ms
[3.338s][info][gc,phases     ] GC(109)   Post Evacuate Collection Set: 1.8ms
[3.338s][info][gc,phases     ] GC(109)   Other: 0.1ms
[3.338s][info][gc,heap       ] GC(109) Eden regions: 37->0(582)
[3.338s][info][gc,heap       ] GC(109) Survivor regions: 44->48(70)
[3.338s][info][gc,heap       ] GC(109) Old regions: 1380->1386
[3.338s][info][gc,heap       ] GC(109) Humongous regions: 125->123
[3.338s][info][gc,metaspace  ] GC(109) Metaspace: 6842K(7168K)->6842K(7168K) NonClass: 6254K(6400K)->6254K(6400K) Class: 587K(768K)->587K(768K)
[3.338s][info][gc            ] GC(109) Pause Young (Concurrent Start) (G1 Humongous Allocation) 1585M->1555M(3311M) 4.284ms
[3.338s][info][gc,cpu        ] GC(109) User=0.00s Sys=0.00s Real=0.00s
[3.338s][info][gc            ] GC(110) Concurrent Cycle
[3.338s][info][gc,marking    ] GC(110) Concurrent Clear Claimed Marks
[3.338s][info][gc,marking    ] GC(110) Concurrent Clear Claimed Marks 0.013ms
[3.338s][info][gc,marking    ] GC(110) Concurrent Scan Root Regions
[3.338s][info][gc,marking    ] GC(110) Concurrent Scan Root Regions 0.045ms
[3.338s][info][gc,marking    ] GC(110) Concurrent Mark (3.338s)
[3.338s][info][gc,marking    ] GC(110) Concurrent Mark From Roots
[3.338s][info][gc,task       ] GC(110) Using 3 workers of 3 for marking
[3.340s][info][gc,marking    ] GC(110) Concurrent Mark From Roots 1.932ms
[3.340s][info][gc,marking    ] GC(110) Concurrent Preclean
[3.340s][info][gc,marking    ] GC(110) Concurrent Preclean 0.074ms
[3.340s][info][gc,marking    ] GC(110) Concurrent Mark (3.338s, 3.340s) 2.039ms
[3.340s][info][gc,start      ] GC(110) Pause Remark
[3.340s][info][gc,stringtable] GC(110) Cleaned string and symbol table, strings: 2630 processed, 0 removed, symbols: 25602 processed, 0 removed
[3.340s][info][gc            ] GC(110) Pause Remark 1561M->1561M(3311M) 0.458ms
[3.340s][info][gc,cpu        ] GC(110) User=0.00s Sys=0.00s Real=0.00s
[3.341s][info][gc,marking    ] GC(110) Concurrent Rebuild Remembered Sets
[3.342s][info][gc,marking    ] GC(110) Concurrent Rebuild Remembered Sets 1.244ms
[3.342s][info][gc,start      ] GC(110) Pause Cleanup
[3.342s][info][gc            ] GC(110) Pause Cleanup 1564M->1564M(3311M) 0.240ms
[3.342s][info][gc,cpu        ] GC(110) User=0.00s Sys=0.00s Real=0.00s
[3.342s][info][gc,marking    ] GC(110) Concurrent Cleanup for Next Mark
[3.343s][info][gc,marking    ] GC(110) Concurrent Cleanup for Next Mark 1.130ms
[3.343s][info][gc            ] GC(110) Concurrent Cycle 5.470ms
[3.359s][info][gc,start      ] GC(111) Pause Young (Concurrent Start) (G1 Humongous Allocation)
[3.359s][info][gc,task       ] GC(111) Using 13 workers of 13 for evacuation
[3.363s][info][gc,phases     ] GC(111)   Pre Evacuate Collection Set: 0.0ms
[3.363s][info][gc,phases     ] GC(111)   Evacuate Collection Set: 3.5ms
[3.363s][info][gc,phases     ] GC(111)   Post Evacuate Collection Set: 0.2ms
[3.363s][info][gc,phases     ] GC(111)   Other: 0.1ms
[3.363s][info][gc,heap       ] GC(111) Eden regions: 43->0(637)
[3.363s][info][gc,heap       ] GC(111) Survivor regions: 48->46(79)
[3.363s][info][gc,heap       ] GC(111) Old regions: 1386->1395
[3.363s][info][gc,heap       ] GC(111) Humongous regions: 125->123
[3.363s][info][gc,metaspace  ] GC(111) Metaspace: 6842K(7168K)->6842K(7168K) NonClass: 6254K(6400K)->6254K(6400K) Class: 587K(768K)->587K(768K)
[3.363s][info][gc            ] GC(111) Pause Young (Concurrent Start) (G1 Humongous Allocation) 1599M->1562M(3311M) 3.948ms
[3.363s][info][gc,cpu        ] GC(111) User=0.05s Sys=0.16s Real=0.00s
[3.363s][info][gc            ] GC(112) Concurrent Cycle
[3.363s][info][gc,marking    ] GC(112) Concurrent Clear Claimed Marks
[3.363s][info][gc,marking    ] GC(112) Concurrent Clear Claimed Marks 0.011ms
[3.363s][info][gc,marking    ] GC(112) Concurrent Scan Root Regions
[3.363s][info][gc,marking    ] GC(112) Concurrent Scan Root Regions 0.041ms
[3.363s][info][gc,marking    ] GC(112) Concurrent Mark (3.363s)
[3.363s][info][gc,marking    ] GC(112) Concurrent Mark From Roots
[3.363s][info][gc,task       ] GC(112) Using 3 workers of 3 for marking
[3.365s][info][gc,marking    ] GC(112) Concurrent Mark From Roots 2.041ms
[3.365s][info][gc,marking    ] GC(112) Concurrent Preclean
[3.365s][info][gc,marking    ] GC(112) Concurrent Preclean 0.076ms
[3.365s][info][gc,marking    ] GC(112) Concurrent Mark (3.363s, 3.365s) 2.160ms
[3.365s][info][gc,start      ] GC(112) Pause Remark
[3.366s][info][gc,stringtable] GC(112) Cleaned string and symbol table, strings: 2630 processed, 0 removed, symbols: 25602 processed, 0 removed
[3.366s][info][gc            ] GC(112) Pause Remark 1570M->1570M(3311M) 0.451ms
[3.366s][info][gc,cpu        ] GC(112) User=0.00s Sys=0.00s Real=0.00s
[3.366s][info][gc,marking    ] GC(112) Concurrent Rebuild Remembered Sets
[3.367s][info][gc,marking    ] GC(112) Concurrent Rebuild Remembered Sets 1.418ms
[3.367s][info][gc,start      ] GC(112) Pause Cleanup
[3.368s][info][gc            ] GC(112) Pause Cleanup 1575M->1575M(3311M) 0.245ms
[3.368s][info][gc,cpu        ] GC(112) User=0.00s Sys=0.00s Real=0.00s
[3.368s][info][gc,marking    ] GC(112) Concurrent Cleanup for Next Mark
[3.369s][info][gc,marking    ] GC(112) Concurrent Cleanup for Next Mark 1.290ms
[3.369s][info][gc            ] GC(112) Concurrent Cycle 5.876ms
[3.370s][info][gc,start      ] GC(113) Pause Young (Concurrent Start) (G1 Humongous Allocation)
[3.370s][info][gc,task       ] GC(113) Using 13 workers of 13 for evacuation
[3.374s][info][gc,phases     ] GC(113)   Pre Evacuate Collection Set: 0.0ms
[3.374s][info][gc,phases     ] GC(113)   Evacuate Collection Set: 3.0ms
[3.374s][info][gc,phases     ] GC(113)   Post Evacuate Collection Set: 0.1ms
[3.374s][info][gc,phases     ] GC(113)   Other: 0.1ms
[3.374s][info][gc,heap       ] GC(113) Eden regions: 16->0(711)
[3.374s][info][gc,heap       ] GC(113) Survivor regions: 46->49(86)
[3.374s][info][gc,heap       ] GC(113) Old regions: 1395->1395
[3.374s][info][gc,heap       ] GC(113) Humongous regions: 126->124
[3.374s][info][gc,metaspace  ] GC(113) Metaspace: 6842K(7168K)->6842K(7168K) NonClass: 6254K(6400K)->6254K(6400K) Class: 587K(768K)->587K(768K)
[3.374s][info][gc            ] GC(113) Pause Young (Concurrent Start) (G1 Humongous Allocation) 1581M->1566M(3311M) 3.312ms
[3.374s][info][gc,cpu        ] GC(113) User=0.00s Sys=0.00s Real=0.00s
[3.374s][info][gc            ] GC(114) Concurrent Cycle
[3.374s][info][gc,marking    ] GC(114) Concurrent Clear Claimed Marks
[3.374s][info][gc,marking    ] GC(114) Concurrent Clear Claimed Marks 0.010ms
[3.374s][info][gc,marking    ] GC(114) Concurrent Scan Root Regions
[3.374s][info][gc,marking    ] GC(114) Concurrent Scan Root Regions 0.036ms
[3.374s][info][gc,marking    ] GC(114) Concurrent Mark (3.374s)
[3.374s][info][gc,marking    ] GC(114) Concurrent Mark From Roots
[3.374s][info][gc,task       ] GC(114) Using 3 workers of 3 for marking
[3.376s][info][gc,marking    ] GC(114) Concurrent Mark From Roots 1.800ms
[3.376s][info][gc,marking    ] GC(114) Concurrent Preclean
[3.376s][info][gc,marking    ] GC(114) Concurrent Preclean 0.075ms
[3.376s][info][gc,marking    ] GC(114) Concurrent Mark (3.374s, 3.376s) 1.903ms
[3.376s][info][gc,start      ] GC(114) Pause Remark
[3.376s][info][gc,stringtable] GC(114) Cleaned string and symbol table, strings: 2630 processed, 0 removed, symbols: 25602 processed, 0 removed
[3.376s][info][gc            ] GC(114) Pause Remark 1573M->1573M(3311M) 0.442ms
[3.376s][info][gc,cpu        ] GC(114) User=0.00s Sys=0.00s Real=0.00s
[3.376s][info][gc,marking    ] GC(114) Concurrent Rebuild Remembered Sets
[3.377s][info][gc,marking    ] GC(114) Concurrent Rebuild Remembered Sets 1.281ms
[3.378s][info][gc,start      ] GC(114) Pause Cleanup
[3.378s][info][gc            ] GC(114) Pause Cleanup 1577M->1577M(3311M) 0.272ms
[3.378s][info][gc,cpu        ] GC(114) User=0.00s Sys=0.20s Real=0.00s
[3.378s][info][gc,marking    ] GC(114) Concurrent Cleanup for Next Mark
[3.379s][info][gc,marking    ] GC(114) Concurrent Cleanup for Next Mark 1.160ms
[3.379s][info][gc            ] GC(114) Concurrent Cycle 5.371ms
[3.384s][info][gc,start      ] GC(115) Pause Young (Concurrent Start) (G1 Humongous Allocation)
[3.384s][info][gc,task       ] GC(115) Using 13 workers of 13 for evacuation
[3.387s][info][gc,phases     ] GC(115)   Pre Evacuate Collection Set: 0.0ms
[3.387s][info][gc,phases     ] GC(115)   Evacuate Collection Set: 2.8ms
[3.387s][info][gc,phases     ] GC(115)   Post Evacuate Collection Set: 0.2ms
[3.387s][info][gc,phases     ] GC(115)   Other: 0.1ms
[3.387s][info][gc,heap       ] GC(115) Eden regions: 25->0(783)
[3.387s][info][gc,heap       ] GC(115) Survivor regions: 49->53(95)
[3.387s][info][gc,heap       ] GC(115) Old regions: 1395->1395
[3.387s][info][gc,heap       ] GC(115) Humongous regions: 126->124
[3.387s][info][gc,metaspace  ] GC(115) Metaspace: 6842K(7168K)->6842K(7168K) NonClass: 6254K(6400K)->6254K(6400K) Class: 587K(768K)->587K(768K)
[3.387s][info][gc            ] GC(115) Pause Young (Concurrent Start) (G1 Humongous Allocation) 1593M->1570M(3311M) 3.193ms
[3.387s][info][gc,cpu        ] GC(115) User=0.00s Sys=0.00s Real=0.00s
[3.387s][info][gc            ] GC(116) Concurrent Cycle
[3.387s][info][gc,marking    ] GC(116) Concurrent Clear Claimed Marks
[3.387s][info][gc,marking    ] GC(116) Concurrent Clear Claimed Marks 0.010ms
[3.387s][info][gc,marking    ] GC(116) Concurrent Scan Root Regions
[3.387s][info][gc,marking    ] GC(116) Concurrent Scan Root Regions 0.038ms
[3.387s][info][gc,marking    ] GC(116) Concurrent Mark (3.387s)
[3.387s][info][gc,marking    ] GC(116) Concurrent Mark From Roots
[3.387s][info][gc,task       ] GC(116) Using 3 workers of 3 for marking
[3.389s][info][gc,marking    ] GC(116) Concurrent Mark From Roots 1.840ms
[3.389s][info][gc,marking    ] GC(116) Concurrent Preclean
[3.389s][info][gc,marking    ] GC(116) Concurrent Preclean 0.060ms
[3.389s][info][gc,marking    ] GC(116) Concurrent Mark (3.387s, 3.389s) 1.930ms
[3.389s][info][gc,start      ] GC(116) Pause Remark
[3.389s][info][gc,stringtable] GC(116) Cleaned string and symbol table, strings: 2630 processed, 0 removed, symbols: 25602 processed, 0 removed
[3.389s][info][gc            ] GC(116) Pause Remark 1576M->1576M(3311M) 0.421ms
[3.389s][info][gc,cpu        ] GC(116) User=0.00s Sys=0.00s Real=0.00s
[3.389s][info][gc,marking    ] GC(116) Concurrent Rebuild Remembered Sets
[3.391s][info][gc,marking    ] GC(116) Concurrent Rebuild Remembered Sets 1.249ms
[3.391s][info][gc,start      ] GC(116) Pause Cleanup
[3.391s][info][gc            ] GC(116) Pause Cleanup 1579M->1579M(3311M) 0.256ms
[3.391s][info][gc,cpu        ] GC(116) User=0.00s Sys=0.00s Real=0.00s
[3.391s][info][gc,marking    ] GC(116) Concurrent Cleanup for Next Mark
[3.392s][info][gc,marking    ] GC(116) Concurrent Cleanup for Next Mark 1.179ms
[3.392s][info][gc            ] GC(116) Concurrent Cycle 5.313ms
[3.399s][info][gc,start      ] GC(117) Pause Young (Concurrent Start) (G1 Humongous Allocation)
[3.399s][info][gc,task       ] GC(117) Using 13 workers of 13 for evacuation
[3.404s][info][gc,phases     ] GC(117)   Pre Evacuate Collection Set: 0.0ms
[3.404s][info][gc,phases     ] GC(117)   Evacuate Collection Set: 3.2ms
[3.404s][info][gc,phases     ] GC(117)   Post Evacuate Collection Set: 2.3ms
[3.404s][info][gc,phases     ] GC(117)   Other: 0.1ms
[3.405s][info][gc,heap       ] GC(117) Eden regions: 31->0(921)
[3.405s][info][gc,heap       ] GC(117) Survivor regions: 53->59(105)
[3.405s][info][gc,heap       ] GC(117) Old regions: 1395->1395
[3.405s][info][gc,heap       ] GC(117) Humongous regions: 125->124
[3.405s][info][gc,metaspace  ] GC(117) Metaspace: 6842K(7168K)->6842K(7168K) NonClass: 6254K(6400K)->6254K(6400K) Class: 587K(768K)->587K(768K)
[3.405s][info][gc            ] GC(117) Pause Young (Concurrent Start) (G1 Humongous Allocation) 1602M->1576M(3618M) 5.672ms
[3.405s][info][gc,cpu        ] GC(117) User=0.00s Sys=0.00s Real=0.01s
[3.405s][info][gc            ] GC(118) Concurrent Cycle
[3.405s][info][gc,marking    ] GC(118) Concurrent Clear Claimed Marks
[3.405s][info][gc,marking    ] GC(118) Concurrent Clear Claimed Marks 0.012ms
[3.405s][info][gc,marking    ] GC(118) Concurrent Scan Root Regions
[3.405s][info][gc,marking    ] GC(118) Concurrent Scan Root Regions 0.047ms
[3.405s][info][gc,marking    ] GC(118) Concurrent Mark (3.405s)
[3.405s][info][gc,marking    ] GC(118) Concurrent Mark From Roots
[3.405s][info][gc,task       ] GC(118) Using 3 workers of 3 for marking
[3.407s][info][gc,marking    ] GC(118) Concurrent Mark From Roots 2.038ms
[3.407s][info][gc,marking    ] GC(118) Concurrent Preclean
[3.407s][info][gc,marking    ] GC(118) Concurrent Preclean 0.090ms
[3.407s][info][gc,marking    ] GC(118) Concurrent Mark (3.405s, 3.407s) 2.162ms
[3.407s][info][gc,start      ] GC(118) Pause Remark
[3.407s][info][gc,stringtable] GC(118) Cleaned string and symbol table, strings: 2630 processed, 0 removed, symbols: 25602 processed, 0 removed
[3.407s][info][gc            ] GC(118) Pause Remark 1581M->1581M(3618M) 0.482ms
[3.407s][info][gc,cpu        ] GC(118) User=0.00s Sys=0.00s Real=0.00s
[3.407s][info][gc,marking    ] GC(118) Concurrent Rebuild Remembered Sets
[3.409s][info][gc,marking    ] GC(118) Concurrent Rebuild Remembered Sets 1.399ms
[3.409s][info][gc,start      ] GC(118) Pause Cleanup
[3.409s][info][gc            ] GC(118) Pause Cleanup 1584M->1584M(3618M) 0.269ms
[3.409s][info][gc,cpu        ] GC(118) User=0.00s Sys=0.00s Real=0.00s
[3.409s][info][gc,marking    ] GC(118) Concurrent Cleanup for Next Mark
[3.411s][info][gc,marking    ] GC(118) Concurrent Cleanup for Next Mark 1.381ms
[3.411s][info][gc            ] GC(118) Concurrent Cycle 6.051ms
[3.760s][info][gc,start      ] GC(119) Pause Young (Normal) (G1 Evacuation Pause)
[3.760s][info][gc,task       ] GC(119) Using 13 workers of 13 for evacuation
[3.771s][info][gc,phases     ] GC(119)   Pre Evacuate Collection Set: 0.1ms
[3.771s][info][gc,phases     ] GC(119)   Evacuate Collection Set: 11.1ms
[3.771s][info][gc,phases     ] GC(119)   Post Evacuate Collection Set: 0.4ms
[3.771s][info][gc,phases     ] GC(119)   Other: 0.2ms
[3.771s][info][gc,heap       ] GC(119) Eden regions: 921->0(863)
[3.771s][info][gc,heap       ] GC(119) Survivor regions: 59->123(123)
[3.771s][info][gc,heap       ] GC(119) Old regions: 1395->1504
[3.771s][info][gc,heap       ] GC(119) Humongous regions: 209->136
[3.771s][info][gc,metaspace  ] GC(119) Metaspace: 6842K(7168K)->6842K(7168K) NonClass: 6254K(6400K)->6254K(6400K) Class: 587K(768K)->587K(768K)
[3.771s][info][gc            ] GC(119) Pause Young (Normal) (G1 Evacuation Pause) 2582M->1762M(3618M) 11.981ms
[3.772s][info][gc,cpu        ] GC(119) User=0.11s Sys=0.06s Real=0.01s
[3.778s][info][gc,start      ] GC(120) Pause Young (Concurrent Start) (G1 Humongous Allocation)
[3.778s][info][gc,task       ] GC(120) Using 13 workers of 13 for evacuation
[3.785s][info][gc,phases     ] GC(120)   Pre Evacuate Collection Set: 0.1ms
[3.785s][info][gc,phases     ] GC(120)   Evacuate Collection Set: 6.0ms
[3.785s][info][gc,phases     ] GC(120)   Post Evacuate Collection Set: 0.2ms
[3.785s][info][gc,phases     ] GC(120)   Other: 0.2ms
[3.785s][info][gc,heap       ] GC(120) Eden regions: 20->0(658)
[3.785s][info][gc,heap       ] GC(120) Survivor regions: 123->4(124)
[3.785s][info][gc,heap       ] GC(120) Old regions: 1504->1626
[3.785s][info][gc,heap       ] GC(120) Humongous regions: 136->136
[3.785s][info][gc,metaspace  ] GC(120) Metaspace: 6842K(7168K)->6842K(7168K) NonClass: 6254K(6400K)->6254K(6400K) Class: 587K(768K)->587K(768K)
[3.785s][info][gc            ] GC(120) Pause Young (Concurrent Start) (G1 Humongous Allocation) 1781M->1765M(3618M) 6.452ms
[3.785s][info][gc,cpu        ] GC(120) User=0.09s Sys=0.11s Real=0.01s
[3.785s][info][gc            ] GC(121) Concurrent Cycle
[3.785s][info][gc,marking    ] GC(121) Concurrent Clear Claimed Marks
[3.785s][info][gc,marking    ] GC(121) Concurrent Clear Claimed Marks 0.011ms
[3.785s][info][gc,marking    ] GC(121) Concurrent Scan Root Regions
[3.785s][info][gc,marking    ] GC(121) Concurrent Scan Root Regions 0.040ms
[3.785s][info][gc,marking    ] GC(121) Concurrent Mark (3.785s)
[3.785s][info][gc,marking    ] GC(121) Concurrent Mark From Roots
[3.785s][info][gc,task       ] GC(121) Using 3 workers of 3 for marking
[3.788s][info][gc,marking    ] GC(121) Concurrent Mark From Roots 3.228ms
[3.788s][info][gc,marking    ] GC(121) Concurrent Preclean
[3.788s][info][gc,marking    ] GC(121) Concurrent Preclean 0.075ms
[3.788s][info][gc,marking    ] GC(121) Concurrent Mark (3.785s, 3.788s) 3.334ms
[3.788s][info][gc,start      ] GC(121) Pause Remark
[3.789s][info][gc,stringtable] GC(121) Cleaned string and symbol table, strings: 2630 processed, 0 removed, symbols: 25602 processed, 0 removed
[3.789s][info][gc            ] GC(121) Pause Remark 1777M->1777M(3618M) 0.590ms
[3.789s][info][gc,cpu        ] GC(121) User=0.00s Sys=0.00s Real=0.00s
[3.789s][info][gc,marking    ] GC(121) Concurrent Rebuild Remembered Sets
[3.791s][info][gc,marking    ] GC(121) Concurrent Rebuild Remembered Sets 2.256ms
[3.791s][info][gc,start      ] GC(121) Pause Cleanup
[3.791s][info][gc            ] GC(121) Pause Cleanup 1784M->1784M(3618M) 0.299ms
[3.791s][info][gc,cpu        ] GC(121) User=0.00s Sys=0.00s Real=0.00s
[3.791s][info][gc,marking    ] GC(121) Concurrent Cleanup for Next Mark
[3.793s][info][gc,marking    ] GC(121) Concurrent Cleanup for Next Mark 1.823ms
[3.793s][info][gc            ] GC(121) Concurrent Cycle 8.672ms
[3.803s][info][gc,start      ] GC(122) Pause Young (Concurrent Start) (G1 Humongous Allocation)
[3.803s][info][gc,task       ] GC(122) Using 13 workers of 13 for evacuation
[3.804s][info][gc,phases     ] GC(122)   Pre Evacuate Collection Set: 0.0ms
[3.804s][info][gc,phases     ] GC(122)   Evacuate Collection Set: 0.6ms
[3.804s][info][gc,phases     ] GC(122)   Post Evacuate Collection Set: 0.2ms
[3.804s][info][gc,phases     ] GC(122)   Other: 0.1ms
[3.804s][info][gc,heap       ] GC(122) Eden regions: 48->0(647)
[3.804s][info][gc,heap       ] GC(122) Survivor regions: 4->13(83)
[3.804s][info][gc,heap       ] GC(122) Old regions: 1626->1626
[3.804s][info][gc,heap       ] GC(122) Humongous regions: 140->137
[3.804s][info][gc,metaspace  ] GC(122) Metaspace: 6842K(7168K)->6842K(7168K) NonClass: 6254K(6400K)->6254K(6400K) Class: 587K(768K)->587K(768K)
[3.804s][info][gc            ] GC(122) Pause Young (Concurrent Start) (G1 Humongous Allocation) 1817M->1775M(3618M) 1.024ms
[3.804s][info][gc,cpu        ] GC(122) User=0.00s Sys=0.00s Real=0.00s
[3.804s][info][gc            ] GC(123) Concurrent Cycle
[3.804s][info][gc,marking    ] GC(123) Concurrent Clear Claimed Marks
[3.804s][info][gc,marking    ] GC(123) Concurrent Clear Claimed Marks 0.010ms
[3.804s][info][gc,marking    ] GC(123) Concurrent Scan Root Regions
[3.804s][info][gc,marking    ] GC(123) Concurrent Scan Root Regions 0.036ms
[3.804s][info][gc,marking    ] GC(123) Concurrent Mark (3.804s)
[3.804s][info][gc,marking    ] GC(123) Concurrent Mark From Roots
[3.804s][info][gc,task       ] GC(123) Using 3 workers of 3 for marking
[3.806s][info][gc,marking    ] GC(123) Concurrent Mark From Roots 2.741ms
[3.807s][info][gc,marking    ] GC(123) Concurrent Preclean
[3.807s][info][gc,marking    ] GC(123) Concurrent Preclean 0.091ms
[3.807s][info][gc,marking    ] GC(123) Concurrent Mark (3.804s, 3.807s) 2.883ms
[3.807s][info][gc,start      ] GC(123) Pause Remark
[3.807s][info][gc,stringtable] GC(123) Cleaned string and symbol table, strings: 2630 processed, 0 removed, symbols: 25602 processed, 0 removed
[3.807s][info][gc            ] GC(123) Pause Remark 1785M->1785M(3618M) 0.534ms
[3.807s][info][gc,cpu        ] GC(123) User=0.00s Sys=0.00s Real=0.00s
[3.807s][info][gc,marking    ] GC(123) Concurrent Rebuild Remembered Sets
[3.809s][info][gc,marking    ] GC(123) Concurrent Rebuild Remembered Sets 1.666ms
[3.809s][info][gc,start      ] GC(123) Pause Cleanup
[3.809s][info][gc            ] GC(123) Pause Cleanup 1790M->1790M(3618M) 0.288ms
[3.809s][info][gc,cpu        ] GC(123) User=0.00s Sys=0.00s Real=0.00s
[3.809s][info][gc,marking    ] GC(123) Concurrent Cleanup for Next Mark
[3.811s][info][gc,marking    ] GC(123) Concurrent Cleanup for Next Mark 1.420ms
[3.811s][info][gc            ] GC(123) Concurrent Cycle 7.114ms
[3.817s][info][gc,start      ] GC(124) Pause Young (Concurrent Start) (G1 Humongous Allocation)
[3.817s][info][gc,task       ] GC(124) Using 13 workers of 13 for evacuation
[3.818s][info][gc,phases     ] GC(124)   Pre Evacuate Collection Set: 0.0ms
[3.818s][info][gc,phases     ] GC(124)   Evacuate Collection Set: 0.9ms
[3.818s][info][gc,phases     ] GC(124)   Post Evacuate Collection Set: 0.2ms
[3.818s][info][gc,phases     ] GC(124)   Other: 0.1ms
[3.818s][info][gc,heap       ] GC(124) Eden regions: 34->0(694)
[3.818s][info][gc,heap       ] GC(124) Survivor regions: 13->19(83)
[3.818s][info][gc,heap       ] GC(124) Old regions: 1626->1626
[3.818s][info][gc,heap       ] GC(124) Humongous regions: 139->137
[3.818s][info][gc,metaspace  ] GC(124) Metaspace: 6842K(7168K)->6842K(7168K) NonClass: 6254K(6400K)->6254K(6400K) Class: 587K(768K)->587K(768K)
[3.818s][info][gc            ] GC(124) Pause Young (Concurrent Start) (G1 Humongous Allocation) 1811M->1781M(3618M) 1.269ms
[3.818s][info][gc,cpu        ] GC(124) User=0.00s Sys=0.00s Real=0.00s
[3.818s][info][gc            ] GC(125) Concurrent Cycle
[3.818s][info][gc,marking    ] GC(125) Concurrent Clear Claimed Marks
[3.818s][info][gc,marking    ] GC(125) Concurrent Clear Claimed Marks 0.010ms
[3.818s][info][gc,marking    ] GC(125) Concurrent Scan Root Regions
[3.818s][info][gc,marking    ] GC(125) Concurrent Scan Root Regions 0.033ms
[3.818s][info][gc,marking    ] GC(125) Concurrent Mark (3.818s)
[3.818s][info][gc,marking    ] GC(125) Concurrent Mark From Roots
[3.818s][info][gc,task       ] GC(125) Using 3 workers of 3 for marking
[3.820s][info][gc,marking    ] GC(125) Concurrent Mark From Roots 2.327ms
[3.820s][info][gc,marking    ] GC(125) Concurrent Preclean
[3.820s][info][gc,marking    ] GC(125) Concurrent Preclean 0.062ms
[3.820s][info][gc,marking    ] GC(125) Concurrent Mark (3.818s, 3.820s) 2.428ms
[3.821s][info][gc,start      ] GC(125) Pause Remark
[3.821s][info][gc,stringtable] GC(125) Cleaned string and symbol table, strings: 2630 processed, 0 removed, symbols: 25602 processed, 0 removed
[3.821s][info][gc            ] GC(125) Pause Remark 1790M->1790M(3618M) 0.490ms
[3.821s][info][gc,cpu        ] GC(125) User=0.00s Sys=0.00s Real=0.00s
[3.821s][info][gc,marking    ] GC(125) Concurrent Rebuild Remembered Sets
[3.823s][info][gc,marking    ] GC(125) Concurrent Rebuild Remembered Sets 1.599ms
[3.823s][info][gc,start      ] GC(125) Pause Cleanup
[3.823s][info][gc            ] GC(125) Pause Cleanup 1796M->1796M(3618M) 0.280ms
[3.823s][info][gc,cpu        ] GC(125) User=0.00s Sys=0.00s Real=0.00s
[3.823s][info][gc,marking    ] GC(125) Concurrent Cleanup for Next Mark
[3.824s][info][gc,marking    ] GC(125) Concurrent Cleanup for Next Mark 1.421ms
[3.824s][info][gc            ] GC(125) Concurrent Cycle 6.650ms
[3.836s][info][gc,start      ] GC(126) Pause Young (Concurrent Start) (G1 Humongous Allocation)
[3.836s][info][gc,task       ] GC(126) Using 13 workers of 13 for evacuation
[3.838s][info][gc,phases     ] GC(126)   Pre Evacuate Collection Set: 0.0ms
[3.838s][info][gc,phases     ] GC(126)   Evacuate Collection Set: 1.4ms
[3.838s][info][gc,phases     ] GC(126)   Post Evacuate Collection Set: 0.2ms
[3.838s][info][gc,phases     ] GC(126)   Other: 0.1ms
[3.838s][info][gc,heap       ] GC(126) Eden regions: 52->0(734)
[3.838s][info][gc,heap       ] GC(126) Survivor regions: 19->30(90)
[3.838s][info][gc,heap       ] GC(126) Old regions: 1626->1626
[3.838s][info][gc,heap       ] GC(126) Humongous regions: 139->137
[3.838s][info][gc,metaspace  ] GC(126) Metaspace: 6842K(7168K)->6842K(7168K) NonClass: 6254K(6400K)->6254K(6400K) Class: 587K(768K)->587K(768K)
[3.838s][info][gc            ] GC(126) Pause Young (Concurrent Start) (G1 Humongous Allocation) 1835M->1792M(3618M) 1.881ms
[3.838s][info][gc,cpu        ] GC(126) User=0.00s Sys=0.00s Real=0.00s
[3.838s][info][gc            ] GC(127) Concurrent Cycle
[3.838s][info][gc,marking    ] GC(127) Concurrent Clear Claimed Marks
[3.838s][info][gc,marking    ] GC(127) Concurrent Clear Claimed Marks 0.012ms
[3.838s][info][gc,marking    ] GC(127) Concurrent Scan Root Regions
[3.838s][info][gc,marking    ] GC(127) Concurrent Scan Root Regions 0.034ms
[3.838s][info][gc,marking    ] GC(127) Concurrent Mark (3.838s)
[3.838s][info][gc,marking    ] GC(127) Concurrent Mark From Roots
[3.838s][info][gc,task       ] GC(127) Using 3 workers of 3 for marking
[3.840s][info][gc,marking    ] GC(127) Concurrent Mark From Roots 2.389ms
[3.840s][info][gc,marking    ] GC(127) Concurrent Preclean
[3.841s][info][gc,marking    ] GC(127) Concurrent Preclean 0.080ms
[3.841s][info][gc,marking    ] GC(127) Concurrent Mark (3.838s, 3.841s) 2.499ms
[3.841s][info][gc,start      ] GC(127) Pause Remark
[3.841s][info][gc,stringtable] GC(127) Cleaned string and symbol table, strings: 2630 processed, 0 removed, symbols: 25602 processed, 0 removed
[3.841s][info][gc            ] GC(127) Pause Remark 1800M->1800M(3618M) 0.474ms
[3.841s][info][gc,cpu        ] GC(127) User=0.00s Sys=0.00s Real=0.00s
[3.841s][info][gc,marking    ] GC(127) Concurrent Rebuild Remembered Sets
[3.843s][info][gc,marking    ] GC(127) Concurrent Rebuild Remembered Sets 1.496ms
[3.843s][info][gc,start      ] GC(127) Pause Cleanup
[3.843s][info][gc            ] GC(127) Pause Cleanup 1804M->1804M(3618M) 0.274ms
[3.843s][info][gc,cpu        ] GC(127) User=0.00s Sys=0.00s Real=0.00s
[3.843s][info][gc,marking    ] GC(127) Concurrent Cleanup for Next Mark
[3.844s][info][gc,marking    ] GC(127) Concurrent Cleanup for Next Mark 1.406ms
[3.844s][info][gc            ] GC(127) Concurrent Cycle 6.451ms
[3.851s][info][gc,start      ] GC(128) Pause Young (Concurrent Start) (G1 Humongous Allocation)
[3.851s][info][gc,task       ] GC(128) Using 13 workers of 13 for evacuation
[3.853s][info][gc,phases     ] GC(128)   Pre Evacuate Collection Set: 0.0ms
[3.853s][info][gc,phases     ] GC(128)   Evacuate Collection Set: 1.6ms
[3.853s][info][gc,phases     ] GC(128)   Post Evacuate Collection Set: 0.2ms
[3.853s][info][gc,phases     ] GC(128)   Other: 0.1ms
[3.853s][info][gc,heap       ] GC(128) Eden regions: 35->0(772)
[3.853s][info][gc,heap       ] GC(128) Survivor regions: 30->36(96)
[3.853s][info][gc,heap       ] GC(128) Old regions: 1626->1626
[3.853s][info][gc,heap       ] GC(128) Humongous regions: 139->137
[3.853s][info][gc,metaspace  ] GC(128) Metaspace: 6842K(7168K)->6842K(7168K) NonClass: 6254K(6400K)->6254K(6400K) Class: 587K(768K)->587K(768K)
[3.853s][info][gc            ] GC(128) Pause Young (Concurrent Start) (G1 Humongous Allocation) 1828M->1798M(3618M) 2.118ms
[3.853s][info][gc,cpu        ] GC(128) User=0.00s Sys=0.00s Real=0.00s
[3.853s][info][gc            ] GC(129) Concurrent Cycle
[3.853s][info][gc,marking    ] GC(129) Concurrent Clear Claimed Marks
[3.853s][info][gc,marking    ] GC(129) Concurrent Clear Claimed Marks 0.010ms
[3.853s][info][gc,marking    ] GC(129) Concurrent Scan Root Regions
[3.853s][info][gc,marking    ] GC(129) Concurrent Scan Root Regions 0.037ms
[3.853s][info][gc,marking    ] GC(129) Concurrent Mark (3.853s)
[3.853s][info][gc,marking    ] GC(129) Concurrent Mark From Roots
[3.853s][info][gc,task       ] GC(129) Using 3 workers of 3 for marking
[3.855s][info][gc,marking    ] GC(129) Concurrent Mark From Roots 2.376ms
[3.855s][info][gc,marking    ] GC(129) Concurrent Preclean
[3.855s][info][gc,marking    ] GC(129) Concurrent Preclean 0.075ms
[3.855s][info][gc,marking    ] GC(129) Concurrent Mark (3.853s, 3.855s) 2.480ms
[3.856s][info][gc,start      ] GC(129) Pause Remark
[3.856s][info][gc,stringtable] GC(129) Cleaned string and symbol table, strings: 2630 processed, 0 removed, symbols: 25602 processed, 0 removed
[3.856s][info][gc            ] GC(129) Pause Remark 1807M->1807M(3618M) 0.440ms
[3.856s][info][gc,cpu        ] GC(129) User=0.00s Sys=0.00s Real=0.00s
[3.856s][info][gc,marking    ] GC(129) Concurrent Rebuild Remembered Sets
[3.857s][info][gc,marking    ] GC(129) Concurrent Rebuild Remembered Sets 1.517ms
[3.858s][info][gc,start      ] GC(129) Pause Cleanup
[3.858s][info][gc            ] GC(129) Pause Cleanup 1813M->1813M(3618M) 0.271ms
[3.858s][info][gc,cpu        ] GC(129) User=0.00s Sys=0.00s Real=0.00s
[3.858s][info][gc,marking    ] GC(129) Concurrent Cleanup for Next Mark
[3.859s][info][gc,marking    ] GC(129) Concurrent Cleanup for Next Mark 1.364ms
[3.859s][info][gc            ] GC(129) Concurrent Cycle 6.343ms
[3.862s][info][gc,start      ] GC(130) Pause Young (Concurrent Start) (G1 Humongous Allocation)
[3.862s][info][gc,task       ] GC(130) Using 13 workers of 13 for evacuation
[3.864s][info][gc,phases     ] GC(130)   Pre Evacuate Collection Set: 0.0ms
[3.864s][info][gc,phases     ] GC(130)   Evacuate Collection Set: 1.7ms
[3.864s][info][gc,phases     ] GC(130)   Post Evacuate Collection Set: 0.2ms
[3.864s][info][gc,phases     ] GC(130)   Other: 0.1ms
[3.864s][info][gc,heap       ] GC(130) Eden regions: 24->0(794)
[3.864s][info][gc,heap       ] GC(130) Survivor regions: 36->40(101)
[3.864s][info][gc,heap       ] GC(130) Old regions: 1626->1626
[3.864s][info][gc,heap       ] GC(130) Humongous regions: 142->138
[3.864s][info][gc,metaspace  ] GC(130) Metaspace: 6842K(7168K)->6842K(7168K) NonClass: 6254K(6400K)->6254K(6400K) Class: 587K(768K)->587K(768K)
[3.864s][info][gc            ] GC(130) Pause Young (Concurrent Start) (G1 Humongous Allocation) 1826M->1803M(3618M) 2.130ms
[3.864s][info][gc,cpu        ] GC(130) User=0.00s Sys=0.00s Real=0.00s
[3.864s][info][gc            ] GC(131) Concurrent Cycle
[3.865s][info][gc,marking    ] GC(131) Concurrent Clear Claimed Marks
[3.865s][info][gc,marking    ] GC(131) Concurrent Clear Claimed Marks 0.009ms
[3.865s][info][gc,marking    ] GC(131) Concurrent Scan Root Regions
[3.865s][info][gc,marking    ] GC(131) Concurrent Scan Root Regions 0.034ms
[3.865s][info][gc,marking    ] GC(131) Concurrent Mark (3.865s)
[3.865s][info][gc,marking    ] GC(131) Concurrent Mark From Roots
[3.865s][info][gc,task       ] GC(131) Using 3 workers of 3 for marking
[3.867s][info][gc,marking    ] GC(131) Concurrent Mark From Roots 2.286ms
[3.867s][info][gc,marking    ] GC(131) Concurrent Preclean
[3.867s][info][gc,marking    ] GC(131) Concurrent Preclean 0.061ms
[3.867s][info][gc,marking    ] GC(131) Concurrent Mark (3.865s, 3.867s) 2.383ms
[3.867s][info][gc,start      ] GC(131) Pause Remark
[3.867s][info][gc,stringtable] GC(131) Cleaned string and symbol table, strings: 2630 processed, 0 removed, symbols: 25602 processed, 0 removed
[3.867s][info][gc            ] GC(131) Pause Remark 1812M->1812M(3618M) 0.453ms
[3.867s][info][gc,cpu        ] GC(131) User=0.00s Sys=0.00s Real=0.00s
[3.867s][info][gc,marking    ] GC(131) Concurrent Rebuild Remembered Sets
[3.869s][info][gc,marking    ] GC(131) Concurrent Rebuild Remembered Sets 1.544ms
[3.869s][info][gc,start      ] GC(131) Pause Cleanup
[3.870s][info][gc            ] GC(131) Pause Cleanup 1817M->1817M(3618M) 0.270ms
[3.870s][info][gc,cpu        ] GC(131) User=0.00s Sys=0.00s Real=0.00s
[3.870s][info][gc,marking    ] GC(131) Concurrent Cleanup for Next Mark
[3.871s][info][gc,marking    ] GC(131) Concurrent Cleanup for Next Mark 1.312ms
[3.871s][info][gc            ] GC(131) Concurrent Cycle 6.408ms
[3.871s][info][gc,start      ] GC(132) Pause Young (Concurrent Start) (G1 Humongous Allocation)
[3.871s][info][gc,task       ] GC(132) Using 13 workers of 13 for evacuation
[3.874s][info][gc,phases     ] GC(132)   Pre Evacuate Collection Set: 0.0ms
[3.874s][info][gc,phases     ] GC(132)   Evacuate Collection Set: 1.9ms
[3.874s][info][gc,phases     ] GC(132)   Post Evacuate Collection Set: 0.2ms
[3.874s][info][gc,phases     ] GC(132)   Other: 0.1ms
[3.874s][info][gc,heap       ] GC(132) Eden regions: 13->0(734)
[3.874s][info][gc,heap       ] GC(132) Survivor regions: 40->43(105)
[3.874s][info][gc,heap       ] GC(132) Old regions: 1626->1626
[3.874s][info][gc,heap       ] GC(132) Humongous regions: 144->139
[3.874s][info][gc,metaspace  ] GC(132) Metaspace: 6842K(7168K)->6842K(7168K) NonClass: 6254K(6400K)->6254K(6400K) Class: 587K(768K)->587K(768K)
[3.874s][info][gc            ] GC(132) Pause Young (Concurrent Start) (G1 Humongous Allocation) 1822M->1807M(3618M) 2.266ms
[3.874s][info][gc,cpu        ] GC(132) User=0.00s Sys=0.00s Real=0.00s
[3.874s][info][gc            ] GC(133) Concurrent Cycle
[3.874s][info][gc,marking    ] GC(133) Concurrent Clear Claimed Marks
[3.874s][info][gc,marking    ] GC(133) Concurrent Clear Claimed Marks 0.010ms
[3.874s][info][gc,marking    ] GC(133) Concurrent Scan Root Regions
[3.874s][info][gc,marking    ] GC(133) Concurrent Scan Root Regions 0.036ms
[3.874s][info][gc,marking    ] GC(133) Concurrent Mark (3.874s)
[3.874s][info][gc,marking    ] GC(133) Concurrent Mark From Roots
[3.874s][info][gc,task       ] GC(133) Using 3 workers of 3 for marking
[3.876s][info][gc,marking    ] GC(133) Concurrent Mark From Roots 2.175ms
[3.876s][info][gc,marking    ] GC(133) Concurrent Preclean
[3.876s][info][gc,marking    ] GC(133) Concurrent Preclean 0.076ms
[3.876s][info][gc,marking    ] GC(133) Concurrent Mark (3.874s, 3.876s) 2.280ms
[3.876s][info][gc,start      ] GC(133) Pause Remark
[3.876s][info][gc,stringtable] GC(133) Cleaned string and symbol table, strings: 2630 processed, 0 removed, symbols: 25602 processed, 0 removed
[3.877s][info][gc            ] GC(133) Pause Remark 1815M->1815M(3618M) 0.482ms
[3.877s][info][gc,cpu        ] GC(133) User=0.00s Sys=0.00s Real=0.00s
[3.877s][info][gc,marking    ] GC(133) Concurrent Rebuild Remembered Sets
[3.878s][info][gc,marking    ] GC(133) Concurrent Rebuild Remembered Sets 1.461ms
[3.878s][info][gc,start      ] GC(133) Pause Cleanup
[3.878s][info][gc            ] GC(133) Pause Cleanup 1820M->1820M(3618M) 0.288ms
[3.878s][info][gc,cpu        ] GC(133) User=0.00s Sys=0.00s Real=0.00s
[3.878s][info][gc,marking    ] GC(133) Concurrent Cleanup for Next Mark
[3.880s][info][gc,marking    ] GC(133) Concurrent Cleanup for Next Mark 1.301ms
[3.880s][info][gc            ] GC(133) Concurrent Cycle 6.077ms
[3.881s][info][gc,start      ] GC(134) Pause Young (Concurrent Start) (G1 Humongous Allocation)
[3.881s][info][gc,task       ] GC(134) Using 13 workers of 13 for evacuation
[3.883s][info][gc,phases     ] GC(134)   Pre Evacuate Collection Set: 0.0ms
[3.883s][info][gc,phases     ] GC(134)   Evacuate Collection Set: 1.9ms
[3.883s][info][gc,phases     ] GC(134)   Post Evacuate Collection Set: 0.2ms
[3.883s][info][gc,phases     ] GC(134)   Other: 0.1ms
[3.883s][info][gc,heap       ] GC(134) Eden regions: 13->0(741)
[3.883s][info][gc,heap       ] GC(134) Survivor regions: 43->44(98)
[3.883s][info][gc,heap       ] GC(134) Old regions: 1626->1626
[3.883s][info][gc,heap       ] GC(134) Humongous regions: 147->142
[3.883s][info][gc,metaspace  ] GC(134) Metaspace: 6842K(7168K)->6842K(7168K) NonClass: 6254K(6400K)->6254K(6400K) Class: 587K(768K)->587K(768K)
[3.883s][info][gc            ] GC(134) Pause Young (Concurrent Start) (G1 Humongous Allocation) 1828M->1811M(3618M) 2.322ms
[3.883s][info][gc,cpu        ] GC(134) User=0.00s Sys=0.00s Real=0.00s
[3.883s][info][gc            ] GC(135) Concurrent Cycle
[3.883s][info][gc,marking    ] GC(135) Concurrent Clear Claimed Marks
[3.883s][info][gc,marking    ] GC(135) Concurrent Clear Claimed Marks 0.009ms
[3.883s][info][gc,marking    ] GC(135) Concurrent Scan Root Regions
[3.883s][info][gc,marking    ] GC(135) Concurrent Scan Root Regions 0.037ms
[3.883s][info][gc,marking    ] GC(135) Concurrent Mark (3.883s)
[3.884s][info][gc,marking    ] GC(135) Concurrent Mark From Roots
[3.884s][info][gc,task       ] GC(135) Using 3 workers of 3 for marking
[3.886s][info][gc,marking    ] GC(135) Concurrent Mark From Roots 2.409ms
[3.886s][info][gc,marking    ] GC(135) Concurrent Preclean
[3.886s][info][gc,marking    ] GC(135) Concurrent Preclean 0.083ms
[3.886s][info][gc,marking    ] GC(135) Concurrent Mark (3.883s, 3.886s) 2.538ms
[3.886s][info][gc,start      ] GC(135) Pause Remark
[3.886s][info][gc,stringtable] GC(135) Cleaned string and symbol table, strings: 2630 processed, 0 removed, symbols: 25602 processed, 0 removed
[3.887s][info][gc            ] GC(135) Pause Remark 1820M->1820M(3618M) 0.478ms
[3.887s][info][gc,cpu        ] GC(135) User=0.00s Sys=0.00s Real=0.00s
[3.887s][info][gc,marking    ] GC(135) Concurrent Rebuild Remembered Sets
[3.888s][info][gc,marking    ] GC(135) Concurrent Rebuild Remembered Sets 1.618ms
[3.888s][info][gc,start      ] GC(135) Pause Cleanup
[3.889s][info][gc            ] GC(135) Pause Cleanup 1825M->1825M(3618M) 0.271ms
[3.889s][info][gc,cpu        ] GC(135) User=0.00s Sys=0.00s Real=0.00s
[3.889s][info][gc,marking    ] GC(135) Concurrent Cleanup for Next Mark
[3.890s][info][gc,marking    ] GC(135) Concurrent Cleanup for Next Mark 1.345ms
[3.890s][info][gc            ] GC(135) Concurrent Cycle 6.547ms
[3.890s][info][gc,start      ] GC(136) Pause Young (Concurrent Start) (G1 Humongous Allocation)
[3.890s][info][gc,task       ] GC(136) Using 13 workers of 13 for evacuation
[3.893s][info][gc,phases     ] GC(136)   Pre Evacuate Collection Set: 0.0ms
[3.893s][info][gc,phases     ] GC(136)   Evacuate Collection Set: 2.2ms
[3.893s][info][gc,phases     ] GC(136)   Post Evacuate Collection Set: 0.2ms
[3.893s][info][gc,phases     ] GC(136)   Other: 0.1ms
[3.893s][info][gc,heap       ] GC(136) Eden regions: 14->0(751)
[3.893s][info][gc,heap       ] GC(136) Survivor regions: 44->47(99)
[3.893s][info][gc,heap       ] GC(136) Old regions: 1626->1626
[3.893s][info][gc,heap       ] GC(136) Humongous regions: 145->142
[3.893s][info][gc,metaspace  ] GC(136) Metaspace: 6842K(7168K)->6842K(7168K) NonClass: 6254K(6400K)->6254K(6400K) Class: 587K(768K)->587K(768K)
[3.893s][info][gc            ] GC(136) Pause Young (Concurrent Start) (G1 Humongous Allocation) 1828M->1814M(3618M) 2.550ms
[3.893s][info][gc,cpu        ] GC(136) User=0.00s Sys=0.00s Real=0.00s
[3.893s][info][gc            ] GC(137) Concurrent Cycle
[3.893s][info][gc,marking    ] GC(137) Concurrent Clear Claimed Marks
[3.893s][info][gc,marking    ] GC(137) Concurrent Clear Claimed Marks 0.010ms
[3.893s][info][gc,marking    ] GC(137) Concurrent Scan Root Regions
[3.893s][info][gc,marking    ] GC(137) Concurrent Scan Root Regions 0.046ms
[3.893s][info][gc,marking    ] GC(137) Concurrent Mark (3.893s)
[3.893s][info][gc,marking    ] GC(137) Concurrent Mark From Roots
[3.893s][info][gc,task       ] GC(137) Using 3 workers of 3 for marking
[3.895s][info][gc,marking    ] GC(137) Concurrent Mark From Roots 2.170ms
[3.895s][info][gc,marking    ] GC(137) Concurrent Preclean
[3.895s][info][gc,marking    ] GC(137) Concurrent Preclean 0.064ms
[3.895s][info][gc,marking    ] GC(137) Concurrent Mark (3.893s, 3.895s) 2.265ms
[3.895s][info][gc,start      ] GC(137) Pause Remark
[3.895s][info][gc,stringtable] GC(137) Cleaned string and symbol table, strings: 2630 processed, 0 removed, symbols: 25602 processed, 0 removed
[3.896s][info][gc            ] GC(137) Pause Remark 1822M->1822M(3618M) 0.453ms
[3.896s][info][gc,cpu        ] GC(137) User=0.00s Sys=0.00s Real=0.00s
[3.896s][info][gc,marking    ] GC(137) Concurrent Rebuild Remembered Sets
[3.897s][info][gc,marking    ] GC(137) Concurrent Rebuild Remembered Sets 1.511ms
[3.897s][info][gc,start      ] GC(137) Pause Cleanup
[3.897s][info][gc            ] GC(137) Pause Cleanup 1827M->1827M(3618M) 0.315ms
[3.897s][info][gc,cpu        ] GC(137) User=0.00s Sys=0.00s Real=0.00s
[3.898s][info][gc,marking    ] GC(137) Concurrent Cleanup for Next Mark
[3.899s][info][gc,marking    ] GC(137) Concurrent Cleanup for Next Mark 1.381ms
[3.899s][info][gc            ] GC(137) Concurrent Cycle 6.221ms
[3.900s][info][gc,start      ] GC(138) Pause Young (Concurrent Start) (G1 Humongous Allocation)
[3.900s][info][gc,task       ] GC(138) Using 13 workers of 13 for evacuation
[3.903s][info][gc,phases     ] GC(138)   Pre Evacuate Collection Set: 0.0ms
[3.903s][info][gc,phases     ] GC(138)   Evacuate Collection Set: 2.4ms
[3.903s][info][gc,phases     ] GC(138)   Post Evacuate Collection Set: 0.2ms
[3.903s][info][gc,phases     ] GC(138)   Other: 0.1ms
[3.903s][info][gc,heap       ] GC(138) Eden regions: 20->0(693)
[3.903s][info][gc,heap       ] GC(138) Survivor regions: 47->53(100)
[3.903s][info][gc,heap       ] GC(138) Old regions: 1626->1626
[3.903s][info][gc,heap       ] GC(138) Humongous regions: 143->142
[3.903s][info][gc,metaspace  ] GC(138) Metaspace: 6842K(7168K)->6842K(7168K) NonClass: 6254K(6400K)->6254K(6400K) Class: 587K(768K)->587K(768K)
[3.903s][info][gc            ] GC(138) Pause Young (Concurrent Start) (G1 Humongous Allocation) 1834M->1820M(3618M) 2.822ms
[3.903s][info][gc,cpu        ] GC(138) User=0.00s Sys=0.00s Real=0.00s
[3.903s][info][gc            ] GC(139) Concurrent Cycle
[3.903s][info][gc,marking    ] GC(139) Concurrent Clear Claimed Marks
[3.903s][info][gc,marking    ] GC(139) Concurrent Clear Claimed Marks 0.012ms
[3.903s][info][gc,marking    ] GC(139) Concurrent Scan Root Regions
[3.903s][info][gc,marking    ] GC(139) Concurrent Scan Root Regions 0.043ms
[3.903s][info][gc,marking    ] GC(139) Concurrent Mark (3.903s)
[3.903s][info][gc,marking    ] GC(139) Concurrent Mark From Roots
[3.903s][info][gc,task       ] GC(139) Using 3 workers of 3 for marking
[3.906s][info][gc,marking    ] GC(139) Concurrent Mark From Roots 2.311ms
[3.906s][info][gc,marking    ] GC(139) Concurrent Preclean
[3.906s][info][gc,marking    ] GC(139) Concurrent Preclean 0.061ms
[3.906s][info][gc,marking    ] GC(139) Concurrent Mark (3.903s, 3.906s) 2.403ms
[3.906s][info][gc,start      ] GC(139) Pause Remark
[3.906s][info][gc,stringtable] GC(139) Cleaned string and symbol table, strings: 2630 processed, 0 removed, symbols: 25602 processed, 0 removed
[3.906s][info][gc            ] GC(139) Pause Remark 1828M->1828M(3618M) 0.472ms
[3.906s][info][gc,cpu        ] GC(139) User=0.00s Sys=0.00s Real=0.00s
[3.906s][info][gc,marking    ] GC(139) Concurrent Rebuild Remembered Sets
[3.908s][info][gc,marking    ] GC(139) Concurrent Rebuild Remembered Sets 1.562ms
[3.908s][info][gc,start      ] GC(139) Pause Cleanup
[3.908s][info][gc            ] GC(139) Pause Cleanup 1832M->1832M(3618M) 0.288ms
[3.908s][info][gc,cpu        ] GC(139) User=0.00s Sys=0.00s Real=0.00s
[3.908s][info][gc,marking    ] GC(139) Concurrent Cleanup for Next Mark
[3.910s][info][gc,marking    ] GC(139) Concurrent Cleanup for Next Mark 1.399ms
[3.910s][info][gc            ] GC(139) Concurrent Cycle 6.434ms
[3.910s][info][gc,start      ] GC(140) Pause Young (Concurrent Start) (G1 Humongous Allocation)
[3.910s][info][gc,task       ] GC(140) Using 13 workers of 13 for evacuation
[3.913s][info][gc,phases     ] GC(140)   Pre Evacuate Collection Set: 0.0ms
[3.913s][info][gc,phases     ] GC(140)   Evacuate Collection Set: 2.4ms
[3.913s][info][gc,phases     ] GC(140)   Post Evacuate Collection Set: 0.2ms
[3.913s][info][gc,phases     ] GC(140)   Other: 0.1ms
[3.913s][info][gc,heap       ] GC(140) Eden regions: 15->0(728)
[3.913s][info][gc,heap       ] GC(140) Survivor regions: 53->53(94)
[3.913s][info][gc,heap       ] GC(140) Old regions: 1626->1626
[3.913s][info][gc,heap       ] GC(140) Humongous regions: 143->142
[3.913s][info][gc,metaspace  ] GC(140) Metaspace: 6842K(7168K)->6842K(7168K) NonClass: 6254K(6400K)->6254K(6400K) Class: 587K(768K)->587K(768K)
[3.913s][info][gc            ] GC(140) Pause Young (Concurrent Start) (G1 Humongous Allocation) 1836M->1820M(3618M) 2.790ms
[3.913s][info][gc,cpu        ] GC(140) User=0.00s Sys=0.00s Real=0.00s
[3.913s][info][gc            ] GC(141) Concurrent Cycle
[3.913s][info][gc,marking    ] GC(141) Concurrent Clear Claimed Marks
[3.913s][info][gc,marking    ] GC(141) Concurrent Clear Claimed Marks 0.010ms
[3.913s][info][gc,marking    ] GC(141) Concurrent Scan Root Regions
[3.913s][info][gc,marking    ] GC(141) Concurrent Scan Root Regions 0.036ms
[3.913s][info][gc,marking    ] GC(141) Concurrent Mark (3.913s)
[3.913s][info][gc,marking    ] GC(141) Concurrent Mark From Roots
[3.913s][info][gc,task       ] GC(141) Using 3 workers of 3 for marking
[3.915s][info][gc,marking    ] GC(141) Concurrent Mark From Roots 2.360ms
[3.915s][info][gc,marking    ] GC(141) Concurrent Preclean
[3.915s][info][gc,marking    ] GC(141) Concurrent Preclean 0.091ms
[3.915s][info][gc,marking    ] GC(141) Concurrent Mark (3.913s, 3.915s) 2.488ms
[3.916s][info][gc,start      ] GC(141) Pause Remark
[3.916s][info][gc,stringtable] GC(141) Cleaned string and symbol table, strings: 2630 processed, 0 removed, symbols: 25602 processed, 0 removed
[3.916s][info][gc            ] GC(141) Pause Remark 1827M->1827M(3618M) 0.469ms
[3.916s][info][gc,cpu        ] GC(141) User=0.00s Sys=0.00s Real=0.00s
[3.916s][info][gc,marking    ] GC(141) Concurrent Rebuild Remembered Sets
[3.918s][info][gc,marking    ] GC(141) Concurrent Rebuild Remembered Sets 1.589ms
[3.918s][info][gc,start      ] GC(141) Pause Cleanup
[3.918s][info][gc            ] GC(141) Pause Cleanup 1832M->1832M(3618M) 0.300ms
[3.918s][info][gc,cpu        ] GC(141) User=0.00s Sys=0.00s Real=0.00s
[3.918s][info][gc,marking    ] GC(141) Concurrent Cleanup for Next Mark
[3.919s][info][gc,marking    ] GC(141) Concurrent Cleanup for Next Mark 1.366ms
[3.919s][info][gc            ] GC(141) Concurrent Cycle 6.520ms
[3.925s][info][gc,start      ] GC(142) Pause Young (Concurrent Start) (G1 Humongous Allocation)
[3.925s][info][gc,task       ] GC(142) Using 13 workers of 13 for evacuation
[3.928s][info][gc,phases     ] GC(142)   Pre Evacuate Collection Set: 0.0ms
[3.928s][info][gc,phases     ] GC(142)   Evacuate Collection Set: 2.8ms
[3.928s][info][gc,phases     ] GC(142)   Post Evacuate Collection Set: 0.2ms
[3.928s][info][gc,phases     ] GC(142)   Other: 0.1ms
[3.928s][info][gc,heap       ] GC(142) Eden regions: 31->0(782)
[3.928s][info][gc,heap       ] GC(142) Survivor regions: 53->58(98)
[3.928s][info][gc,heap       ] GC(142) Old regions: 1626->1630
[3.928s][info][gc,heap       ] GC(142) Humongous regions: 144->142
[3.928s][info][gc,metaspace  ] GC(142) Metaspace: 6842K(7168K)->6842K(7168K) NonClass: 6254K(6400K)->6254K(6400K) Class: 587K(768K)->587K(768K)
[3.928s][info][gc            ] GC(142) Pause Young (Concurrent Start) (G1 Humongous Allocation) 1852M->1828M(3618M) 3.200ms
[3.928s][info][gc,cpu        ] GC(142) User=0.00s Sys=0.00s Real=0.00s
[3.928s][info][gc            ] GC(143) Concurrent Cycle
[3.928s][info][gc,marking    ] GC(143) Concurrent Clear Claimed Marks
[3.928s][info][gc,marking    ] GC(143) Concurrent Clear Claimed Marks 0.012ms
[3.928s][info][gc,marking    ] GC(143) Concurrent Scan Root Regions
[3.928s][info][gc,marking    ] GC(143) Concurrent Scan Root Regions 0.047ms
[3.928s][info][gc,marking    ] GC(143) Concurrent Mark (3.928s)
[3.928s][info][gc,marking    ] GC(143) Concurrent Mark From Roots
[3.928s][info][gc,task       ] GC(143) Using 3 workers of 3 for marking
[3.931s][info][gc,marking    ] GC(143) Concurrent Mark From Roots 2.358ms
[3.931s][info][gc,marking    ] GC(143) Concurrent Preclean
[3.931s][info][gc,marking    ] GC(143) Concurrent Preclean 0.091ms
[3.931s][info][gc,marking    ] GC(143) Concurrent Mark (3.928s, 3.931s) 2.485ms
[3.931s][info][gc,start      ] GC(143) Pause Remark
[3.931s][info][gc,stringtable] GC(143) Cleaned string and symbol table, strings: 2630 processed, 0 removed, symbols: 25602 processed, 0 removed
[3.931s][info][gc            ] GC(143) Pause Remark 1838M->1838M(3618M) 0.568ms
[3.931s][info][gc,cpu        ] GC(143) User=0.00s Sys=0.00s Real=0.00s
[3.932s][info][gc,marking    ] GC(143) Concurrent Rebuild Remembered Sets
[3.933s][info][gc,marking    ] GC(143) Concurrent Rebuild Remembered Sets 1.602ms
[3.933s][info][gc,start      ] GC(143) Pause Cleanup
[3.934s][info][gc            ] GC(143) Pause Cleanup 1844M->1844M(3618M) 0.371ms
[3.934s][info][gc,cpu        ] GC(143) User=0.00s Sys=0.00s Real=0.00s
[3.934s][info][gc,marking    ] GC(143) Concurrent Cleanup for Next Mark
[3.935s][info][gc,marking    ] GC(143) Concurrent Cleanup for Next Mark 1.433ms
[3.935s][info][gc            ] GC(143) Concurrent Cycle 6.836ms
[3.936s][info][gc,start      ] GC(144) Pause Young (Concurrent Start) (G1 Humongous Allocation)
[3.936s][info][gc,task       ] GC(144) Using 13 workers of 13 for evacuation
[3.939s][info][gc,phases     ] GC(144)   Pre Evacuate Collection Set: 0.0ms
[3.939s][info][gc,phases     ] GC(144)   Evacuate Collection Set: 2.7ms
[3.939s][info][gc,phases     ] GC(144)   Post Evacuate Collection Set: 0.2ms
[3.939s][info][gc,phases     ] GC(144)   Other: 0.1ms
[3.939s][info][gc,heap       ] GC(144) Eden regions: 19->0(809)
[3.939s][info][gc,heap       ] GC(144) Survivor regions: 58->60(105)
[3.939s][info][gc,heap       ] GC(144) Old regions: 1630->1630
[3.939s][info][gc,heap       ] GC(144) Humongous regions: 146->143
[3.939s][info][gc,metaspace  ] GC(144) Metaspace: 6842K(7168K)->6842K(7168K) NonClass: 6254K(6400K)->6254K(6400K) Class: 587K(768K)->587K(768K)
[3.939s][info][gc            ] GC(144) Pause Young (Concurrent Start) (G1 Humongous Allocation) 1851M->1831M(3618M) 3.130ms
[3.939s][info][gc,cpu        ] GC(144) User=0.00s Sys=0.00s Real=0.00s
[3.939s][info][gc            ] GC(145) Concurrent Cycle
[3.939s][info][gc,marking    ] GC(145) Concurrent Clear Claimed Marks
[3.939s][info][gc,marking    ] GC(145) Concurrent Clear Claimed Marks 0.010ms
[3.939s][info][gc,marking    ] GC(145) Concurrent Scan Root Regions
[3.939s][info][gc,marking    ] GC(145) Concurrent Scan Root Regions 0.043ms
[3.939s][info][gc,marking    ] GC(145) Concurrent Mark (3.939s)
[3.939s][info][gc,marking    ] GC(145) Concurrent Mark From Roots
[3.939s][info][gc,task       ] GC(145) Using 3 workers of 3 for marking
[3.942s][info][gc,marking    ] GC(145) Concurrent Mark From Roots 2.290ms
[3.942s][info][gc,marking    ] GC(145) Concurrent Preclean
[3.942s][info][gc,marking    ] GC(145) Concurrent Preclean 0.089ms
[3.942s][info][gc,marking    ] GC(145) Concurrent Mark (3.939s, 3.942s) 2.412ms
[3.942s][info][gc,start      ] GC(145) Pause Remark
[3.942s][info][gc,stringtable] GC(145) Cleaned string and symbol table, strings: 2630 processed, 0 removed, symbols: 25602 processed, 0 removed
[3.942s][info][gc            ] GC(145) Pause Remark 1840M->1840M(3618M) 0.473ms
[3.942s][info][gc,cpu        ] GC(145) User=0.00s Sys=0.00s Real=0.00s
[3.942s][info][gc,marking    ] GC(145) Concurrent Rebuild Remembered Sets
[3.944s][info][gc,marking    ] GC(145) Concurrent Rebuild Remembered Sets 1.466ms
[3.944s][info][gc,start      ] GC(145) Pause Cleanup
[3.944s][info][gc            ] GC(145) Pause Cleanup 1844M->1844M(3618M) 0.272ms
[3.944s][info][gc,cpu        ] GC(145) User=0.00s Sys=0.00s Real=0.00s
[3.944s][info][gc,marking    ] GC(145) Concurrent Cleanup for Next Mark
[3.945s][info][gc,marking    ] GC(145) Concurrent Cleanup for Next Mark 1.237ms
[3.945s][info][gc            ] GC(145) Concurrent Cycle 6.146ms
[3.948s][info][gc,start      ] GC(146) Pause Young (Concurrent Start) (G1 Humongous Allocation)
[3.948s][info][gc,task       ] GC(146) Using 13 workers of 13 for evacuation
[3.952s][info][gc,phases     ] GC(146)   Pre Evacuate Collection Set: 0.0ms
[3.952s][info][gc,phases     ] GC(146)   Evacuate Collection Set: 3.5ms
[3.952s][info][gc,phases     ] GC(146)   Post Evacuate Collection Set: 1.1ms
[3.952s][info][gc,phases     ] GC(146)   Other: 0.1ms
[3.952s][info][gc,heap       ] GC(146) Eden regions: 19->0(739)
[3.952s][info][gc,heap       ] GC(146) Survivor regions: 60->63(109)
[3.952s][info][gc,heap       ] GC(146) Old regions: 1630->1630
[3.952s][info][gc,heap       ] GC(146) Humongous regions: 146->144
[3.952s][info][gc,metaspace  ] GC(146) Metaspace: 6842K(7168K)->6842K(7168K) NonClass: 6254K(6400K)->6254K(6400K) Class: 587K(768K)->587K(768K)
[3.952s][info][gc            ] GC(146) Pause Young (Concurrent Start) (G1 Humongous Allocation) 1853M->1835M(3734M) 4.808ms
[3.952s][info][gc,cpu        ] GC(146) User=0.00s Sys=0.00s Real=0.01s
[3.952s][info][gc            ] GC(147) Concurrent Cycle
[3.952s][info][gc,marking    ] GC(147) Concurrent Clear Claimed Marks
[3.952s][info][gc,marking    ] GC(147) Concurrent Clear Claimed Marks 0.010ms
[3.952s][info][gc,marking    ] GC(147) Concurrent Scan Root Regions
[3.952s][info][gc,marking    ] GC(147) Concurrent Scan Root Regions 0.079ms
[3.952s][info][gc,marking    ] GC(147) Concurrent Mark (3.952s)
[3.952s][info][gc,marking    ] GC(147) Concurrent Mark From Roots
[3.952s][info][gc,task       ] GC(147) Using 3 workers of 3 for marking
[3.955s][info][gc,marking    ] GC(147) Concurrent Mark From Roots 2.314ms
[3.955s][info][gc,marking    ] GC(147) Concurrent Preclean
[3.955s][info][gc,marking    ] GC(147) Concurrent Preclean 0.089ms
[3.955s][info][gc,marking    ] GC(147) Concurrent Mark (3.952s, 3.955s) 2.435ms
[3.955s][info][gc,start      ] GC(147) Pause Remark
[3.955s][info][gc,stringtable] GC(147) Cleaned string and symbol table, strings: 2630 processed, 0 removed, symbols: 25602 processed, 0 removed
[3.955s][info][gc            ] GC(147) Pause Remark 1843M->1843M(3734M) 0.440ms
[3.955s][info][gc,cpu        ] GC(147) User=0.00s Sys=0.00s Real=0.00s
[3.955s][info][gc,marking    ] GC(147) Concurrent Rebuild Remembered Sets
[3.957s][info][gc,marking    ] GC(147) Concurrent Rebuild Remembered Sets 1.480ms
[3.957s][info][gc,start      ] GC(147) Pause Cleanup
[3.957s][info][gc            ] GC(147) Pause Cleanup 1846M->1846M(3734M) 0.285ms
[3.957s][info][gc,cpu        ] GC(147) User=0.00s Sys=0.00s Real=0.00s
[3.957s][info][gc,marking    ] GC(147) Concurrent Cleanup for Next Mark
[3.959s][info][gc,marking    ] GC(147) Concurrent Cleanup for Next Mark 1.305ms
[3.959s][info][gc            ] GC(147) Concurrent Cycle 6.303ms
[3.964s][info][gc,start      ] GC(148) Pause Young (Concurrent Start) (G1 Humongous Allocation)
[3.964s][info][gc,task       ] GC(148) Using 13 workers of 13 for evacuation
[3.968s][info][gc,phases     ] GC(148)   Pre Evacuate Collection Set: 0.0ms
[3.968s][info][gc,phases     ] GC(148)   Evacuate Collection Set: 4.6ms
[3.968s][info][gc,phases     ] GC(148)   Post Evacuate Collection Set: 0.2ms
[3.969s][info][gc,phases     ] GC(148)   Other: 0.1ms
[3.969s][info][gc,heap       ] GC(148) Eden regions: 20->0(770)
[3.969s][info][gc,heap       ] GC(148) Survivor regions: 63->59(101)
[3.969s][info][gc,heap       ] GC(148) Old regions: 1630->1638
[3.969s][info][gc,heap       ] GC(148) Humongous regions: 148->145
[3.969s][info][gc,metaspace  ] GC(148) Metaspace: 6842K(7168K)->6842K(7168K) NonClass: 6254K(6400K)->6254K(6400K) Class: 587K(768K)->587K(768K)
[3.969s][info][gc            ] GC(148) Pause Young (Concurrent Start) (G1 Humongous Allocation) 1859M->1841M(3734M) 4.998ms
[3.969s][info][gc,cpu        ] GC(148) User=0.00s Sys=0.00s Real=0.00s
[3.969s][info][gc            ] GC(149) Concurrent Cycle
[3.969s][info][gc,marking    ] GC(149) Concurrent Clear Claimed Marks
[3.969s][info][gc,marking    ] GC(149) Concurrent Clear Claimed Marks 0.010ms
[3.969s][info][gc,marking    ] GC(149) Concurrent Scan Root Regions
[3.969s][info][gc,marking    ] GC(149) Concurrent Scan Root Regions 0.036ms
[3.969s][info][gc,marking    ] GC(149) Concurrent Mark (3.969s)
[3.969s][info][gc,marking    ] GC(149) Concurrent Mark From Roots
[3.969s][info][gc,task       ] GC(149) Using 3 workers of 3 for marking
[3.971s][info][gc,marking    ] GC(149) Concurrent Mark From Roots 2.194ms
[3.971s][info][gc,marking    ] GC(149) Concurrent Preclean
[3.971s][info][gc,marking    ] GC(149) Concurrent Preclean 0.060ms
[3.971s][info][gc,marking    ] GC(149) Concurrent Mark (3.969s, 3.971s) 2.279ms
[3.971s][info][gc,start      ] GC(149) Pause Remark
[3.971s][info][gc,stringtable] GC(149) Cleaned string and symbol table, strings: 2630 processed, 0 removed, symbols: 25602 processed, 0 removed
[3.971s][info][gc            ] GC(149) Pause Remark 1849M->1849M(3734M) 0.432ms
[3.971s][info][gc,cpu        ] GC(149) User=0.17s Sys=0.03s Real=0.00s
[3.971s][info][gc,marking    ] GC(149) Concurrent Rebuild Remembered Sets
[3.973s][info][gc,marking    ] GC(149) Concurrent Rebuild Remembered Sets 1.505ms
[3.973s][info][gc,start      ] GC(149) Pause Cleanup
[3.973s][info][gc            ] GC(149) Pause Cleanup 1854M->1854M(3734M) 0.341ms
[3.973s][info][gc,cpu        ] GC(149) User=0.00s Sys=0.00s Real=0.00s
[3.973s][info][gc,marking    ] GC(149) Concurrent Cleanup for Next Mark
[3.975s][info][gc,marking    ] GC(149) Concurrent Cleanup for Next Mark 1.343ms
[3.975s][info][gc            ] GC(149) Concurrent Cycle 6.216ms
[3.977s][info][gc,start      ] GC(150) Pause Young (Concurrent Start) (G1 Humongous Allocation)
[3.977s][info][gc,task       ] GC(150) Using 13 workers of 13 for evacuation
[3.982s][info][gc,phases     ] GC(150)   Pre Evacuate Collection Set: 0.0ms
[3.982s][info][gc,phases     ] GC(150)   Evacuate Collection Set: 3.8ms
[3.982s][info][gc,phases     ] GC(150)   Post Evacuate Collection Set: 0.3ms
[3.982s][info][gc,phases     ] GC(150)   Other: 0.1ms
[3.982s][info][gc,heap       ] GC(150) Eden regions: 22->0(820)
[3.982s][info][gc,heap       ] GC(150) Survivor regions: 59->56(104)
[3.982s][info][gc,heap       ] GC(150) Old regions: 1638->1645
[3.982s][info][gc,heap       ] GC(150) Humongous regions: 147->145
[3.982s][info][gc,metaspace  ] GC(150) Metaspace: 6842K(7168K)->6842K(7168K) NonClass: 6254K(6400K)->6254K(6400K) Class: 587K(768K)->587K(768K)
[3.982s][info][gc            ] GC(150) Pause Young (Concurrent Start) (G1 Humongous Allocation) 1864M->1845M(3734M) 4.291ms
[3.982s][info][gc,cpu        ] GC(150) User=0.00s Sys=0.00s Real=0.00s
[3.982s][info][gc            ] GC(151) Concurrent Cycle
[3.982s][info][gc,marking    ] GC(151) Concurrent Clear Claimed Marks
[3.982s][info][gc,marking    ] GC(151) Concurrent Clear Claimed Marks 0.010ms
[3.982s][info][gc,marking    ] GC(151) Concurrent Scan Root Regions
[3.982s][info][gc,marking    ] GC(151) Concurrent Scan Root Regions 0.039ms
[3.982s][info][gc,marking    ] GC(151) Concurrent Mark (3.982s)
[3.982s][info][gc,marking    ] GC(151) Concurrent Mark From Roots
[3.982s][info][gc,task       ] GC(151) Using 3 workers of 3 for marking
[3.984s][info][gc,marking    ] GC(151) Concurrent Mark From Roots 2.262ms
[3.984s][info][gc,marking    ] GC(151) Concurrent Preclean
[3.984s][info][gc,marking    ] GC(151) Concurrent Preclean 0.094ms
[3.984s][info][gc,marking    ] GC(151) Concurrent Mark (3.982s, 3.984s) 2.389ms
[3.984s][info][gc,start      ] GC(151) Pause Remark
[3.985s][info][gc,stringtable] GC(151) Cleaned string and symbol table, strings: 2630 processed, 0 removed, symbols: 25602 processed, 0 removed
[3.985s][info][gc            ] GC(151) Pause Remark 1855M->1855M(3734M) 0.455ms
[3.985s][info][gc,cpu        ] GC(151) User=0.00s Sys=0.00s Real=0.00s
[3.985s][info][gc,marking    ] GC(151) Concurrent Rebuild Remembered Sets
[3.986s][info][gc,marking    ] GC(151) Concurrent Rebuild Remembered Sets 1.614ms
[3.986s][info][gc,start      ] GC(151) Pause Cleanup
[3.987s][info][gc            ] GC(151) Pause Cleanup 1860M->1860M(3734M) 0.287ms
[3.987s][info][gc,cpu        ] GC(151) User=0.00s Sys=0.00s Real=0.00s
[3.987s][info][gc,marking    ] GC(151) Concurrent Cleanup for Next Mark
[3.988s][info][gc,marking    ] GC(151) Concurrent Cleanup for Next Mark 1.322ms
[3.988s][info][gc            ] GC(151) Concurrent Cycle 6.386ms
[3.991s][info][gc,start      ] GC(152) Pause Young (Concurrent Start) (G1 Humongous Allocation)
[3.991s][info][gc,task       ] GC(152) Using 13 workers of 13 for evacuation
[3.994s][info][gc,phases     ] GC(152)   Pre Evacuate Collection Set: 0.0ms
[3.994s][info][gc,phases     ] GC(152)   Evacuate Collection Set: 2.8ms
[3.994s][info][gc,phases     ] GC(152)   Post Evacuate Collection Set: 0.2ms
[3.994s][info][gc,phases     ] GC(152)   Other: 0.1ms
[3.994s][info][gc,heap       ] GC(152) Eden regions: 23->0(694)
[3.994s][info][gc,heap       ] GC(152) Survivor regions: 56->63(110)
[3.994s][info][gc,heap       ] GC(152) Old regions: 1645->1645
[3.994s][info][gc,heap       ] GC(152) Humongous regions: 149->145
[3.994s][info][gc,metaspace  ] GC(152) Metaspace: 6842K(7168K)->6842K(7168K) NonClass: 6254K(6400K)->6254K(6400K) Class: 587K(768K)->587K(768K)
[3.994s][info][gc            ] GC(152) Pause Young (Concurrent Start) (G1 Humongous Allocation) 1871M->1852M(3734M) 3.179ms
[3.994s][info][gc,cpu        ] GC(152) User=0.00s Sys=0.00s Real=0.00s
[3.994s][info][gc            ] GC(153) Concurrent Cycle
[3.994s][info][gc,marking    ] GC(153) Concurrent Clear Claimed Marks
[3.994s][info][gc,marking    ] GC(153) Concurrent Clear Claimed Marks 0.010ms
[3.994s][info][gc,marking    ] GC(153) Concurrent Scan Root Regions
[3.994s][info][gc,marking    ] GC(153) Concurrent Scan Root Regions 0.041ms
[3.994s][info][gc,marking    ] GC(153) Concurrent Mark (3.994s)
[3.994s][info][gc,marking    ] GC(153) Concurrent Mark From Roots
[3.994s][info][gc,task       ] GC(153) Using 3 workers of 3 for marking
[3.996s][info][gc,marking    ] GC(153) Concurrent Mark From Roots 2.270ms
[3.997s][info][gc,marking    ] GC(153) Concurrent Preclean
[3.997s][info][gc,marking    ] GC(153) Concurrent Preclean 0.090ms
[3.997s][info][gc,marking    ] GC(153) Concurrent Mark (3.994s, 3.997s) 2.412ms
[3.997s][info][gc,start      ] GC(153) Pause Remark
[3.997s][info][gc,stringtable] GC(153) Cleaned string and symbol table, strings: 2630 processed, 0 removed, symbols: 25602 processed, 0 removed
[3.997s][info][gc            ] GC(153) Pause Remark 1860M->1860M(3734M) 0.514ms
[3.997s][info][gc,cpu        ] GC(153) User=0.00s Sys=0.00s Real=0.00s
[3.997s][info][gc,marking    ] GC(153) Concurrent Rebuild Remembered Sets
[3.999s][info][gc,marking    ] GC(153) Concurrent Rebuild Remembered Sets 1.518ms
[3.999s][info][gc,start      ] GC(153) Pause Cleanup
[3.999s][info][gc            ] GC(153) Pause Cleanup 1865M->1865M(3734M) 0.278ms
[3.999s][info][gc,cpu        ] GC(153) User=0.00s Sys=0.00s Real=0.00s
[3.999s][info][gc,marking    ] GC(153) Concurrent Cleanup for Next Mark
[4.000s][info][gc,marking    ] GC(153) Concurrent Cleanup for Next Mark 1.289ms
[4.000s][info][gc            ] GC(153) Concurrent Cycle 6.298ms
[4.001s][info][gc,start      ] GC(154) Pause Young (Concurrent Start) (G1 Humongous Allocation)
[4.002s][info][gc,task       ] GC(154) Using 13 workers of 13 for evacuation
[4.006s][info][gc,phases     ] GC(154)   Pre Evacuate Collection Set: 0.0ms
[4.006s][info][gc,phases     ] GC(154)   Evacuate Collection Set: 2.9ms
[4.006s][info][gc,phases     ] GC(154)   Post Evacuate Collection Set: 1.3ms
[4.006s][info][gc,phases     ] GC(154)   Other: 0.1ms
[4.006s][info][gc,heap       ] GC(154) Eden regions: 17->0(742)
[4.006s][info][gc,heap       ] GC(154) Survivor regions: 63->54(95)
[4.006s][info][gc,heap       ] GC(154) Old regions: 1645->1655
[4.006s][info][gc,heap       ] GC(154) Humongous regions: 148->145
[4.006s][info][gc,metaspace  ] GC(154) Metaspace: 6842K(7168K)->6842K(7168K) NonClass: 6254K(6400K)->6254K(6400K) Class: 587K(768K)->587K(768K)
[4.006s][info][gc            ] GC(154) Pause Young (Concurrent Start) (G1 Humongous Allocation) 1871M->1853M(3879M) 4.358ms
[4.006s][info][gc,cpu        ] GC(154) User=0.09s Sys=0.06s Real=0.00s
[4.006s][info][gc            ] GC(155) Concurrent Cycle
[4.006s][info][gc,marking    ] GC(155) Concurrent Clear Claimed Marks
[4.006s][info][gc,marking    ] GC(155) Concurrent Clear Claimed Marks 0.010ms
[4.006s][info][gc,marking    ] GC(155) Concurrent Scan Root Regions
[4.006s][info][gc,marking    ] GC(155) Concurrent Scan Root Regions 0.289ms
[4.006s][info][gc,marking    ] GC(155) Concurrent Mark (4.006s)
[4.006s][info][gc,marking    ] GC(155) Concurrent Mark From Roots
[4.006s][info][gc,task       ] GC(155) Using 3 workers of 3 for marking
[4.009s][info][gc,marking    ] GC(155) Concurrent Mark From Roots 2.736ms
[4.009s][info][gc,marking    ] GC(155) Concurrent Preclean
[4.009s][info][gc,marking    ] GC(155) Concurrent Preclean 0.091ms
[4.009s][info][gc,marking    ] GC(155) Concurrent Mark (4.006s, 4.009s) 2.861ms
[4.009s][info][gc,start      ] GC(155) Pause Remark
[4.009s][info][gc,stringtable] GC(155) Cleaned string and symbol table, strings: 2630 processed, 0 removed, symbols: 25602 processed, 0 removed
[4.010s][info][gc            ] GC(155) Pause Remark 1864M->1864M(3879M) 0.537ms
[4.010s][info][gc,cpu        ] GC(155) User=0.00s Sys=0.00s Real=0.00s
[4.010s][info][gc,marking    ] GC(155) Concurrent Rebuild Remembered Sets
[4.011s][info][gc,marking    ] GC(155) Concurrent Rebuild Remembered Sets 1.503ms
[4.011s][info][gc,start      ] GC(155) Pause Cleanup
[4.012s][info][gc            ] GC(155) Pause Cleanup 1867M->1867M(3879M) 0.286ms
[4.012s][info][gc,cpu        ] GC(155) User=0.00s Sys=0.00s Real=0.00s
[4.012s][info][gc,marking    ] GC(155) Concurrent Cleanup for Next Mark
[4.013s][info][gc,marking    ] GC(155) Concurrent Cleanup for Next Mark 1.365ms
[4.013s][info][gc            ] GC(155) Concurrent Cycle 7.176ms
[4.016s][info][gc,start      ] GC(156) Pause Young (Concurrent Start) (G1 Humongous Allocation)
[4.016s][info][gc,task       ] GC(156) Using 13 workers of 13 for evacuation
[4.021s][info][gc,phases     ] GC(156)   Pre Evacuate Collection Set: 0.0ms
[4.021s][info][gc,phases     ] GC(156)   Evacuate Collection Set: 4.5ms
[4.021s][info][gc,phases     ] GC(156)   Post Evacuate Collection Set: 0.2ms
[4.021s][info][gc,phases     ] GC(156)   Other: 0.1ms
[4.021s][info][gc,heap       ] GC(156) Eden regions: 17->0(692)
[4.021s][info][gc,heap       ] GC(156) Survivor regions: 54->59(100)
[4.021s][info][gc,heap       ] GC(156) Old regions: 1655->1655
[4.021s][info][gc,heap       ] GC(156) Humongous regions: 150->146
[4.021s][info][gc,metaspace  ] GC(156) Metaspace: 6842K(7168K)->6842K(7168K) NonClass: 6254K(6400K)->6254K(6400K) Class: 587K(768K)->587K(768K)
[4.021s][info][gc            ] GC(156) Pause Young (Concurrent Start) (G1 Humongous Allocation) 1875M->1859M(3879M) 4.910ms
[4.021s][info][gc,cpu        ] GC(156) User=0.16s Sys=0.05s Real=0.00s
[4.021s][info][gc            ] GC(157) Concurrent Cycle
[4.021s][info][gc,marking    ] GC(157) Concurrent Clear Claimed Marks
[4.021s][info][gc,marking    ] GC(157) Concurrent Clear Claimed Marks 0.011ms
[4.021s][info][gc,marking    ] GC(157) Concurrent Scan Root Regions
[4.021s][info][gc,marking    ] GC(157) Concurrent Scan Root Regions 0.273ms
[4.021s][info][gc,marking    ] GC(157) Concurrent Mark (4.021s)
[4.021s][info][gc,marking    ] GC(157) Concurrent Mark From Roots
[4.021s][info][gc,task       ] GC(157) Using 3 workers of 3 for marking
[4.024s][info][gc,marking    ] GC(157) Concurrent Mark From Roots 2.469ms
[4.024s][info][gc,marking    ] GC(157) Concurrent Preclean
[4.024s][info][gc,marking    ] GC(157) Concurrent Preclean 0.060ms
[4.024s][info][gc,marking    ] GC(157) Concurrent Mark (4.021s, 4.024s) 2.559ms
[4.024s][info][gc,start      ] GC(157) Pause Remark
[4.024s][info][gc,stringtable] GC(157) Cleaned string and symbol table, strings: 2630 processed, 0 removed, symbols: 25602 processed, 0 removed
[4.025s][info][gc            ] GC(157) Pause Remark 1868M->1868M(3879M) 0.506ms
[4.025s][info][gc,cpu        ] GC(157) User=0.00s Sys=0.00s Real=0.00s
[4.025s][info][gc,marking    ] GC(157) Concurrent Rebuild Remembered Sets
[4.026s][info][gc,marking    ] GC(157) Concurrent Rebuild Remembered Sets 1.460ms
[4.026s][info][gc,start      ] GC(157) Pause Cleanup
[4.026s][info][gc            ] GC(157) Pause Cleanup 1874M->1874M(3879M) 0.276ms
[4.026s][info][gc,cpu        ] GC(157) User=0.00s Sys=0.00s Real=0.00s
[4.026s][info][gc,marking    ] GC(157) Concurrent Cleanup for Next Mark
[4.028s][info][gc,marking    ] GC(157) Concurrent Cleanup for Next Mark 1.579ms
[4.028s][info][gc            ] GC(157) Concurrent Cycle 6.966ms
[4.028s][info][gc,start      ] GC(158) Pause Young (Concurrent Start) (G1 Humongous Allocation)
[4.028s][info][gc,task       ] GC(158) Using 13 workers of 13 for evacuation
[4.033s][info][gc,phases     ] GC(158)   Pre Evacuate Collection Set: 0.0ms
[4.033s][info][gc,phases     ] GC(158)   Evacuate Collection Set: 3.9ms
[4.033s][info][gc,phases     ] GC(158)   Post Evacuate Collection Set: 0.2ms
[4.033s][info][gc,phases     ] GC(158)   Other: 0.1ms
[4.033s][info][gc,heap       ] GC(158) Eden regions: 15->0(669)
[4.033s][info][gc,heap       ] GC(158) Survivor regions: 59->53(94)
[4.033s][info][gc,heap       ] GC(158) Old regions: 1655->1662
[4.033s][info][gc,heap       ] GC(158) Humongous regions: 149->147
[4.033s][info][gc,metaspace  ] GC(158) Metaspace: 6842K(7168K)->6842K(7168K) NonClass: 6254K(6400K)->6254K(6400K) Class: 587K(768K)->587K(768K)
[4.033s][info][gc            ] GC(158) Pause Young (Concurrent Start) (G1 Humongous Allocation) 1877M->1860M(3879M) 4.360ms
[4.033s][info][gc,cpu        ] GC(158) User=0.00s Sys=0.00s Real=0.00s
[4.033s][info][gc            ] GC(159) Concurrent Cycle
[4.033s][info][gc,marking    ] GC(159) Concurrent Clear Claimed Marks
[4.033s][info][gc,marking    ] GC(159) Concurrent Clear Claimed Marks 0.011ms
[4.033s][info][gc,marking    ] GC(159) Concurrent Scan Root Regions
[4.033s][info][gc,marking    ] GC(159) Concurrent Scan Root Regions 0.294ms
[4.033s][info][gc,marking    ] GC(159) Concurrent Mark (4.033s)
[4.033s][info][gc,marking    ] GC(159) Concurrent Mark From Roots
[4.033s][info][gc,task       ] GC(159) Using 3 workers of 3 for marking
[4.036s][info][gc,marking    ] GC(159) Concurrent Mark From Roots 2.448ms
[4.036s][info][gc,marking    ] GC(159) Concurrent Preclean
[4.036s][info][gc,marking    ] GC(159) Concurrent Preclean 0.062ms
[4.036s][info][gc,marking    ] GC(159) Concurrent Mark (4.033s, 4.036s) 2.547ms
[4.036s][info][gc,start      ] GC(159) Pause Remark
[4.036s][info][gc,stringtable] GC(159) Cleaned string and symbol table, strings: 2630 processed, 0 removed, symbols: 25602 processed, 0 removed
[4.036s][info][gc            ] GC(159) Pause Remark 1869M->1869M(3879M) 0.461ms
[4.036s][info][gc,cpu        ] GC(159) User=0.00s Sys=0.00s Real=0.00s
[4.036s][info][gc,marking    ] GC(159) Concurrent Rebuild Remembered Sets
[4.038s][info][gc,marking    ] GC(159) Concurrent Rebuild Remembered Sets 1.451ms
[4.038s][info][gc,start      ] GC(159) Pause Cleanup
[4.038s][info][gc            ] GC(159) Pause Cleanup 1874M->1874M(3879M) 0.280ms
[4.038s][info][gc,cpu        ] GC(159) User=0.00s Sys=0.00s Real=0.00s
[4.038s][info][gc,marking    ] GC(159) Concurrent Cleanup for Next Mark
[4.040s][info][gc,marking    ] GC(159) Concurrent Cleanup for Next Mark 1.538ms
[4.040s][info][gc            ] GC(159) Concurrent Cycle 6.831ms
[4.049s][info][gc,start      ] GC(160) Pause Young (Concurrent Start) (G1 Humongous Allocation)
[4.049s][info][gc,task       ] GC(160) Using 13 workers of 13 for evacuation
[4.053s][info][gc,phases     ] GC(160)   Pre Evacuate Collection Set: 0.0ms
[4.053s][info][gc,phases     ] GC(160)   Evacuate Collection Set: 3.4ms
[4.053s][info][gc,phases     ] GC(160)   Post Evacuate Collection Set: 0.2ms
[4.053s][info][gc,phases     ] GC(160)   Other: 0.1ms
[4.053s][info][gc,heap       ] GC(160) Eden regions: 44->0(670)
[4.053s][info][gc,heap       ] GC(160) Survivor regions: 53->57(91)
[4.053s][info][gc,heap       ] GC(160) Old regions: 1662->1666
[4.053s][info][gc,heap       ] GC(160) Humongous regions: 149->147
[4.053s][info][gc,metaspace  ] GC(160) Metaspace: 6842K(7168K)->6842K(7168K) NonClass: 6254K(6400K)->6254K(6400K) Class: 587K(768K)->587K(768K)
[4.053s][info][gc            ] GC(160) Pause Young (Concurrent Start) (G1 Humongous Allocation) 1906M->1868M(3879M) 3.800ms
[4.053s][info][gc,cpu        ] GC(160) User=0.17s Sys=0.03s Real=0.00s
[4.053s][info][gc            ] GC(161) Concurrent Cycle
[4.053s][info][gc,marking    ] GC(161) Concurrent Clear Claimed Marks
[4.053s][info][gc,marking    ] GC(161) Concurrent Clear Claimed Marks 0.010ms
[4.053s][info][gc,marking    ] GC(161) Concurrent Scan Root Regions
[4.053s][info][gc,marking    ] GC(161) Concurrent Scan Root Regions 0.302ms
[4.053s][info][gc,marking    ] GC(161) Concurrent Mark (4.053s)
[4.053s][info][gc,marking    ] GC(161) Concurrent Mark From Roots
[4.053s][info][gc,task       ] GC(161) Using 3 workers of 3 for marking
[4.056s][info][gc,marking    ] GC(161) Concurrent Mark From Roots 2.459ms
[4.056s][info][gc,marking    ] GC(161) Concurrent Preclean
[4.056s][info][gc,marking    ] GC(161) Concurrent Preclean 0.067ms
[4.056s][info][gc,marking    ] GC(161) Concurrent Mark (4.053s, 4.056s) 2.567ms
[4.056s][info][gc,start      ] GC(161) Pause Remark
[4.056s][info][gc,stringtable] GC(161) Cleaned string and symbol table, strings: 2630 processed, 0 removed, symbols: 25602 processed, 0 removed
[4.057s][info][gc            ] GC(161) Pause Remark 1880M->1880M(3879M) 0.487ms
[4.057s][info][gc,cpu        ] GC(161) User=0.00s Sys=0.00s Real=0.00s
[4.057s][info][gc,marking    ] GC(161) Concurrent Rebuild Remembered Sets
[4.058s][info][gc,marking    ] GC(161) Concurrent Rebuild Remembered Sets 1.475ms
[4.058s][info][gc,start      ] GC(161) Pause Cleanup
[4.058s][info][gc            ] GC(161) Pause Cleanup 1886M->1886M(3879M) 0.271ms
[4.058s][info][gc,cpu        ] GC(161) User=0.00s Sys=0.00s Real=0.00s
[4.058s][info][gc,marking    ] GC(161) Concurrent Cleanup for Next Mark
[4.060s][info][gc,marking    ] GC(161) Concurrent Cleanup for Next Mark 1.672ms
[4.060s][info][gc            ] GC(161) Concurrent Cycle 7.070ms
[4.060s][info][gc,start      ] GC(162) Pause Young (Concurrent Start) (G1 Humongous Allocation)
[4.060s][info][gc,task       ] GC(162) Using 13 workers of 13 for evacuation
[4.064s][info][gc,phases     ] GC(162)   Pre Evacuate Collection Set: 0.0ms
[4.064s][info][gc,phases     ] GC(162)   Evacuate Collection Set: 2.8ms
[4.064s][info][gc,phases     ] GC(162)   Post Evacuate Collection Set: 0.8ms
[4.064s][info][gc,phases     ] GC(162)   Other: 0.1ms
[4.064s][info][gc,heap       ] GC(162) Eden regions: 16->0(771)
[4.064s][info][gc,heap       ] GC(162) Survivor regions: 57->54(91)
[4.064s][info][gc,heap       ] GC(162) Old regions: 1666->1674
[4.064s][info][gc,heap       ] GC(162) Humongous regions: 152->147
[4.064s][info][gc,metaspace  ] GC(162) Metaspace: 6842K(7168K)->6842K(7168K) NonClass: 6254K(6400K)->6254K(6400K) Class: 587K(768K)->587K(768K)
[4.064s][info][gc            ] GC(162) Pause Young (Concurrent Start) (G1 Humongous Allocation) 1889M->1874M(3960M) 3.798ms
[4.064s][info][gc,cpu        ] GC(162) User=0.00s Sys=0.00s Real=0.00s
[4.064s][info][gc            ] GC(163) Concurrent Cycle
[4.064s][info][gc,marking    ] GC(163) Concurrent Clear Claimed Marks
[4.064s][info][gc,marking    ] GC(163) Concurrent Clear Claimed Marks 0.011ms
[4.064s][info][gc,marking    ] GC(163) Concurrent Scan Root Regions
[4.064s][info][gc,marking    ] GC(163) Concurrent Scan Root Regions 0.323ms
[4.064s][info][gc,marking    ] GC(163) Concurrent Mark (4.064s)
[4.064s][info][gc,marking    ] GC(163) Concurrent Mark From Roots
[4.065s][info][gc,task       ] GC(163) Using 3 workers of 3 for marking
[4.067s][info][gc,marking    ] GC(163) Concurrent Mark From Roots 2.645ms
[4.067s][info][gc,marking    ] GC(163) Concurrent Preclean
[4.067s][info][gc,marking    ] GC(163) Concurrent Preclean 0.083ms
[4.067s][info][gc,marking    ] GC(163) Concurrent Mark (4.064s, 4.067s) 2.762ms
[4.067s][info][gc,start      ] GC(163) Pause Remark
[4.068s][info][gc,stringtable] GC(163) Cleaned string and symbol table, strings: 2630 processed, 0 removed, symbols: 25602 processed, 0 removed
[4.068s][info][gc            ] GC(163) Pause Remark 1882M->1882M(3960M) 0.470ms
[4.068s][info][gc,cpu        ] GC(163) User=0.00s Sys=0.00s Real=0.00s
[4.068s][info][gc,marking    ] GC(163) Concurrent Rebuild Remembered Sets
[4.069s][info][gc,marking    ] GC(163) Concurrent Rebuild Remembered Sets 1.388ms
[4.069s][info][gc,start      ] GC(163) Pause Cleanup
[4.070s][info][gc            ] GC(163) Pause Cleanup 1885M->1885M(3960M) 0.311ms
[4.070s][info][gc,cpu        ] GC(163) User=0.00s Sys=0.00s Real=0.00s
[4.070s][info][gc,marking    ] GC(163) Concurrent Cleanup for Next Mark
[4.071s][info][gc,marking    ] GC(163) Concurrent Cleanup for Next Mark 1.569ms
[4.071s][info][gc            ] GC(163) Concurrent Cycle 7.133ms
[4.078s][info][gc,start      ] GC(164) Pause Young (Concurrent Start) (G1 Humongous Allocation)
[4.078s][info][gc,task       ] GC(164) Using 13 workers of 13 for evacuation
[4.083s][info][gc,phases     ] GC(164)   Pre Evacuate Collection Set: 0.0ms
[4.083s][info][gc,phases     ] GC(164)   Evacuate Collection Set: 4.4ms
[4.083s][info][gc,phases     ] GC(164)   Post Evacuate Collection Set: 0.2ms
[4.083s][info][gc,phases     ] GC(164)   Other: 0.1ms
[4.083s][info][gc,heap       ] GC(164) Eden regions: 26->0(672)
[4.083s][info][gc,heap       ] GC(164) Survivor regions: 54->60(104)
[4.083s][info][gc,heap       ] GC(164) Old regions: 1674->1674
[4.083s][info][gc,heap       ] GC(164) Humongous regions: 150->148
[4.083s][info][gc,metaspace  ] GC(164) Metaspace: 6842K(7168K)->6842K(7168K) NonClass: 6254K(6400K)->6254K(6400K) Class: 587K(768K)->587K(768K)
[4.083s][info][gc            ] GC(164) Pause Young (Concurrent Start) (G1 Humongous Allocation) 1902M->1880M(3960M) 4.859ms
[4.083s][info][gc,cpu        ] GC(164) User=0.16s Sys=0.05s Real=0.00s
[4.083s][info][gc            ] GC(165) Concurrent Cycle
[4.083s][info][gc,marking    ] GC(165) Concurrent Clear Claimed Marks
[4.083s][info][gc,marking    ] GC(165) Concurrent Clear Claimed Marks 0.013ms
[4.083s][info][gc,marking    ] GC(165) Concurrent Scan Root Regions
[4.083s][info][gc,marking    ] GC(165) Concurrent Scan Root Regions 0.272ms
[4.083s][info][gc,marking    ] GC(165) Concurrent Mark (4.083s)
[4.083s][info][gc,marking    ] GC(165) Concurrent Mark From Roots
[4.083s][info][gc,task       ] GC(165) Using 3 workers of 3 for marking
[4.086s][info][gc,marking    ] GC(165) Concurrent Mark From Roots 2.461ms
[4.086s][info][gc,marking    ] GC(165) Concurrent Preclean
[4.086s][info][gc,marking    ] GC(165) Concurrent Preclean 0.061ms
[4.086s][info][gc,marking    ] GC(165) Concurrent Mark (4.083s, 4.086s) 2.552ms
[4.086s][info][gc,start      ] GC(165) Pause Remark
[4.086s][info][gc,stringtable] GC(165) Cleaned string and symbol table, strings: 2630 processed, 0 removed, symbols: 25602 processed, 0 removed
[4.086s][info][gc            ] GC(165) Pause Remark 1890M->1890M(3960M) 0.437ms
[4.086s][info][gc,cpu        ] GC(165) User=0.00s Sys=0.00s Real=0.00s
[4.086s][info][gc,marking    ] GC(165) Concurrent Rebuild Remembered Sets
[4.088s][info][gc,marking    ] GC(165) Concurrent Rebuild Remembered Sets 1.403ms
[4.088s][info][gc,start      ] GC(165) Pause Cleanup
[4.088s][info][gc            ] GC(165) Pause Cleanup 1894M->1894M(3960M) 0.309ms
[4.088s][info][gc,cpu        ] GC(165) User=0.00s Sys=0.00s Real=0.00s
[4.088s][info][gc,marking    ] GC(165) Concurrent Cleanup for Next Mark
[4.090s][info][gc,marking    ] GC(165) Concurrent Cleanup for Next Mark 1.636ms
[4.090s][info][gc            ] GC(165) Concurrent Cycle 6.872ms
[4.096s][info][gc,start      ] GC(166) Pause Young (Concurrent Start) (G1 Humongous Allocation)
[4.096s][info][gc,task       ] GC(166) Using 13 workers of 13 for evacuation
[4.099s][info][gc,phases     ] GC(166)   Pre Evacuate Collection Set: 0.0ms
[4.099s][info][gc,phases     ] GC(166)   Evacuate Collection Set: 3.0ms
[4.099s][info][gc,phases     ] GC(166)   Post Evacuate Collection Set: 0.2ms
[4.099s][info][gc,phases     ] GC(166)   Other: 0.1ms
[4.099s][info][gc,heap       ] GC(166) Eden regions: 35->0(733)
[4.099s][info][gc,heap       ] GC(166) Survivor regions: 60->52(92)
[4.099s][info][gc,heap       ] GC(166) Old regions: 1674->1687
[4.099s][info][gc,heap       ] GC(166) Humongous regions: 150->148
[4.099s][info][gc,metaspace  ] GC(166) Metaspace: 6842K(7168K)->6842K(7168K) NonClass: 6254K(6400K)->6254K(6400K) Class: 587K(768K)->587K(768K)
[4.099s][info][gc            ] GC(166) Pause Young (Concurrent Start) (G1 Humongous Allocation) 1916M->1885M(3960M) 3.474ms
[4.099s][info][gc,cpu        ] GC(166) User=0.12s Sys=0.08s Real=0.00s
[4.099s][info][gc            ] GC(167) Concurrent Cycle
[4.099s][info][gc,marking    ] GC(167) Concurrent Clear Claimed Marks
[4.099s][info][gc,marking    ] GC(167) Concurrent Clear Claimed Marks 0.010ms
[4.099s][info][gc,marking    ] GC(167) Concurrent Scan Root Regions
[4.100s][info][gc,marking    ] GC(167) Concurrent Scan Root Regions 0.274ms
[4.100s][info][gc,marking    ] GC(167) Concurrent Mark (4.100s)
[4.100s][info][gc,marking    ] GC(167) Concurrent Mark From Roots
[4.100s][info][gc,task       ] GC(167) Using 3 workers of 3 for marking
[4.102s][info][gc,marking    ] GC(167) Concurrent Mark From Roots 2.490ms
[4.102s][info][gc,marking    ] GC(167) Concurrent Preclean
[4.102s][info][gc,marking    ] GC(167) Concurrent Preclean 0.089ms
[4.102s][info][gc,marking    ] GC(167) Concurrent Mark (4.100s, 4.102s) 2.615ms
[4.102s][info][gc,start      ] GC(167) Pause Remark
[4.103s][info][gc,stringtable] GC(167) Cleaned string and symbol table, strings: 2630 processed, 0 removed, symbols: 25602 processed, 0 removed
[4.103s][info][gc            ] GC(167) Pause Remark 1895M->1895M(3960M) 0.460ms
[4.103s][info][gc,cpu        ] GC(167) User=0.00s Sys=0.00s Real=0.00s
[4.103s][info][gc,marking    ] GC(167) Concurrent Rebuild Remembered Sets
[4.104s][info][gc,marking    ] GC(167) Concurrent Rebuild Remembered Sets 1.419ms
[4.104s][info][gc,start      ] GC(167) Pause Cleanup
[4.105s][info][gc            ] GC(167) Pause Cleanup 1899M->1899M(3960M) 0.264ms
[4.105s][info][gc,cpu        ] GC(167) User=0.00s Sys=0.00s Real=0.00s
[4.105s][info][gc,marking    ] GC(167) Concurrent Cleanup for Next Mark
[4.106s][info][gc,marking    ] GC(167) Concurrent Cleanup for Next Mark 1.597ms
[4.106s][info][gc            ] GC(167) Concurrent Cycle 6.911ms
[4.108s][info][gc,start      ] GC(168) Pause Young (Concurrent Start) (G1 Humongous Allocation)
[4.108s][info][gc,task       ] GC(168) Using 13 workers of 13 for evacuation
[4.111s][info][gc,phases     ] GC(168)   Pre Evacuate Collection Set: 0.0ms
[4.111s][info][gc,phases     ] GC(168)   Evacuate Collection Set: 2.6ms
[4.111s][info][gc,phases     ] GC(168)   Post Evacuate Collection Set: 0.2ms
[4.111s][info][gc,phases     ] GC(168)   Other: 0.1ms
[4.111s][info][gc,heap       ] GC(168) Eden regions: 19->0(796)
[4.111s][info][gc,heap       ] GC(168) Survivor regions: 52->56(99)
[4.111s][info][gc,heap       ] GC(168) Old regions: 1687->1687
[4.111s][info][gc,heap       ] GC(168) Humongous regions: 151->149
[4.111s][info][gc,metaspace  ] GC(168) Metaspace: 6842K(7168K)->6842K(7168K) NonClass: 6254K(6400K)->6254K(6400K) Class: 587K(768K)->587K(768K)
[4.111s][info][gc            ] GC(168) Pause Young (Concurrent Start) (G1 Humongous Allocation) 1906M->1890M(3960M) 3.004ms
[4.111s][info][gc,cpu        ] GC(168) User=0.00s Sys=0.00s Real=0.00s
[4.111s][info][gc            ] GC(169) Concurrent Cycle
[4.111s][info][gc,marking    ] GC(169) Concurrent Clear Claimed Marks
[4.111s][info][gc,marking    ] GC(169) Concurrent Clear Claimed Marks 0.010ms
[4.111s][info][gc,marking    ] GC(169) Concurrent Scan Root Regions
[4.111s][info][gc,marking    ] GC(169) Concurrent Scan Root Regions 0.243ms
[4.111s][info][gc,marking    ] GC(169) Concurrent Mark (4.111s)
[4.111s][info][gc,marking    ] GC(169) Concurrent Mark From Roots
[4.111s][info][gc,task       ] GC(169) Using 3 workers of 3 for marking
[4.114s][info][gc,marking    ] GC(169) Concurrent Mark From Roots 2.515ms
[4.114s][info][gc,marking    ] GC(169) Concurrent Preclean
[4.114s][info][gc,marking    ] GC(169) Concurrent Preclean 0.060ms
[4.114s][info][gc,marking    ] GC(169) Concurrent Mark (4.111s, 4.114s) 2.605ms
[4.114s][info][gc,start      ] GC(169) Pause Remark
[4.114s][info][gc,stringtable] GC(169) Cleaned string and symbol table, strings: 2630 processed, 0 removed, symbols: 25602 processed, 0 removed
[4.114s][info][gc            ] GC(169) Pause Remark 1900M->1900M(3960M) 0.453ms
[4.114s][info][gc,cpu        ] GC(169) User=0.00s Sys=0.00s Real=0.00s
[4.114s][info][gc,marking    ] GC(169) Concurrent Rebuild Remembered Sets
[4.116s][info][gc,marking    ] GC(169) Concurrent Rebuild Remembered Sets 1.369ms
[4.116s][info][gc,start      ] GC(169) Pause Cleanup
[4.116s][info][gc            ] GC(169) Pause Cleanup 1905M->1905M(3960M) 0.270ms
[4.116s][info][gc,cpu        ] GC(169) User=0.00s Sys=0.00s Real=0.00s
[4.116s][info][gc,marking    ] GC(169) Concurrent Cleanup for Next Mark
[4.117s][info][gc,marking    ] GC(169) Concurrent Cleanup for Next Mark 1.540ms
[4.117s][info][gc            ] GC(169) Concurrent Cycle 6.756ms
[4.127s][info][gc,start      ] GC(170) Pause Young (Concurrent Start) (G1 Humongous Allocation)
[4.127s][info][gc,task       ] GC(170) Using 13 workers of 13 for evacuation
[4.131s][info][gc,phases     ] GC(170)   Pre Evacuate Collection Set: 0.0ms
[4.131s][info][gc,phases     ] GC(170)   Evacuate Collection Set: 3.0ms
[4.131s][info][gc,phases     ] GC(170)   Post Evacuate Collection Set: 0.5ms
[4.131s][info][gc,phases     ] GC(170)   Other: 0.1ms
[4.131s][info][gc,heap       ] GC(170) Eden regions: 49->0(875)
[4.131s][info][gc,heap       ] GC(170) Survivor regions: 56->66(107)
[4.131s][info][gc,heap       ] GC(170) Old regions: 1687->1687
[4.131s][info][gc,heap       ] GC(170) Humongous regions: 151->149
[4.131s][info][gc,metaspace  ] GC(170) Metaspace: 6842K(7168K)->6842K(7168K) NonClass: 6254K(6400K)->6254K(6400K) Class: 587K(768K)->587K(768K)
[4.131s][info][gc            ] GC(170) Pause Young (Concurrent Start) (G1 Humongous Allocation) 1940M->1900M(3999M) 3.838ms
[4.131s][info][gc,cpu        ] GC(170) User=0.17s Sys=0.02s Real=0.00s
[4.131s][info][gc            ] GC(171) Concurrent Cycle
[4.131s][info][gc,marking    ] GC(171) Concurrent Clear Claimed Marks
[4.131s][info][gc,marking    ] GC(171) Concurrent Clear Claimed Marks 0.010ms
[4.131s][info][gc,marking    ] GC(171) Concurrent Scan Root Regions
[4.131s][info][gc,marking    ] GC(171) Concurrent Scan Root Regions 0.277ms
[4.131s][info][gc,marking    ] GC(171) Concurrent Mark (4.131s)
[4.131s][info][gc,marking    ] GC(171) Concurrent Mark From Roots
[4.131s][info][gc,task       ] GC(171) Using 3 workers of 3 for marking
[4.134s][info][gc,marking    ] GC(171) Concurrent Mark From Roots 2.544ms
[4.134s][info][gc,marking    ] GC(171) Concurrent Preclean
[4.134s][info][gc,marking    ] GC(171) Concurrent Preclean 0.089ms
[4.134s][info][gc,marking    ] GC(171) Concurrent Mark (4.131s, 4.134s) 2.668ms
[4.134s][info][gc,start      ] GC(171) Pause Remark
[4.134s][info][gc,stringtable] GC(171) Cleaned string and symbol table, strings: 2630 processed, 0 removed, symbols: 25602 processed, 0 removed
[4.134s][info][gc            ] GC(171) Pause Remark 1907M->1907M(3999M) 0.465ms
[4.134s][info][gc,cpu        ] GC(171) User=0.00s Sys=0.00s Real=0.00s
[4.134s][info][gc,marking    ] GC(171) Concurrent Rebuild Remembered Sets
[4.136s][info][gc,marking    ] GC(171) Concurrent Rebuild Remembered Sets 1.381ms
[4.136s][info][gc,start      ] GC(171) Pause Cleanup
[4.136s][info][gc            ] GC(171) Pause Cleanup 1910M->1910M(3999M) 0.298ms
[4.136s][info][gc,cpu        ] GC(171) User=0.00s Sys=0.00s Real=0.00s
[4.136s][info][gc,marking    ] GC(171) Concurrent Cleanup for Next Mark
[4.138s][info][gc,marking    ] GC(171) Concurrent Cleanup for Next Mark 1.568ms
[4.138s][info][gc            ] GC(171) Concurrent Cycle 6.929ms
[4.138s][info][gc,start      ] GC(172) Pause Young (Concurrent Start) (G1 Humongous Allocation)
[4.138s][info][gc,task       ] GC(172) Using 13 workers of 13 for evacuation
[4.142s][info][gc,phases     ] GC(172)   Pre Evacuate Collection Set: 0.0ms
[4.142s][info][gc,phases     ] GC(172)   Evacuate Collection Set: 3.8ms
[4.142s][info][gc,phases     ] GC(172)   Post Evacuate Collection Set: 0.2ms
[4.142s][info][gc,phases     ] GC(172)   Other: 0.1ms
[4.142s][info][gc,heap       ] GC(172) Eden regions: 11->0(962)
[4.142s][info][gc,heap       ] GC(172) Survivor regions: 66->67(118)
[4.142s][info][gc,heap       ] GC(172) Old regions: 1687->1687
[4.142s][info][gc,heap       ] GC(172) Humongous regions: 151->149
[4.142s][info][gc,metaspace  ] GC(172) Metaspace: 6842K(7168K)->6842K(7168K) NonClass: 6254K(6400K)->6254K(6400K) Class: 587K(768K)->587K(768K)
[4.142s][info][gc            ] GC(172) Pause Young (Concurrent Start) (G1 Humongous Allocation) 1913M->1902M(3999M) 4.221ms
[4.142s][info][gc,cpu        ] GC(172) User=0.00s Sys=0.00s Real=0.00s
[4.142s][info][gc            ] GC(173) Concurrent Cycle
[4.142s][info][gc,marking    ] GC(173) Concurrent Clear Claimed Marks
[4.142s][info][gc,marking    ] GC(173) Concurrent Clear Claimed Marks 0.038ms
[4.142s][info][gc,marking    ] GC(173) Concurrent Scan Root Regions
[4.143s][info][gc,marking    ] GC(173) Concurrent Scan Root Regions 0.246ms
[4.143s][info][gc,marking    ] GC(173) Concurrent Mark (4.143s)
[4.143s][info][gc,marking    ] GC(173) Concurrent Mark From Roots
[4.143s][info][gc,task       ] GC(173) Using 3 workers of 3 for marking
[4.145s][info][gc,marking    ] GC(173) Concurrent Mark From Roots 2.452ms
[4.145s][info][gc,marking    ] GC(173) Concurrent Preclean
[4.145s][info][gc,marking    ] GC(173) Concurrent Preclean 0.069ms
[4.145s][info][gc,marking    ] GC(173) Concurrent Mark (4.143s, 4.145s) 2.558ms
[4.145s][info][gc,start      ] GC(173) Pause Remark
[4.146s][info][gc,stringtable] GC(173) Cleaned string and symbol table, strings: 2630 processed, 0 removed, symbols: 25602 processed, 0 removed
[4.146s][info][gc            ] GC(173) Pause Remark 1912M->1912M(3999M) 0.424ms
[4.146s][info][gc,cpu        ] GC(173) User=0.00s Sys=0.00s Real=0.00s
[4.146s][info][gc,marking    ] GC(173) Concurrent Rebuild Remembered Sets
[4.147s][info][gc,marking    ] GC(173) Concurrent Rebuild Remembered Sets 1.375ms
[4.147s][info][gc,start      ] GC(173) Pause Cleanup
[4.147s][info][gc            ] GC(173) Pause Cleanup 1916M->1916M(3999M) 0.272ms
[4.147s][info][gc,cpu        ] GC(173) User=0.00s Sys=0.00s Real=0.00s
[4.147s][info][gc,marking    ] GC(173) Concurrent Cleanup for Next Mark
[4.149s][info][gc,marking    ] GC(173) Concurrent Cleanup for Next Mark 1.559ms
[4.149s][info][gc            ] GC(173) Concurrent Cycle 6.704ms
[4.150s][info][gc,start      ] GC(174) Pause Young (Concurrent Start) (G1 Humongous Allocation)
[4.150s][info][gc,task       ] GC(174) Using 13 workers of 13 for evacuation
[4.154s][info][gc,phases     ] GC(174)   Pre Evacuate Collection Set: 0.0ms
[4.154s][info][gc,phases     ] GC(174)   Evacuate Collection Set: 3.3ms
[4.154s][info][gc,phases     ] GC(174)   Post Evacuate Collection Set: 0.2ms
[4.154s][info][gc,phases     ] GC(174)   Other: 0.1ms
[4.154s][info][gc,heap       ] GC(174) Eden regions: 21->0(715)
[4.154s][info][gc,heap       ] GC(174) Survivor regions: 67->69(129)
[4.154s][info][gc,heap       ] GC(174) Old regions: 1687->1690
[4.154s][info][gc,heap       ] GC(174) Humongous regions: 150->149
[4.154s][info][gc,metaspace  ] GC(174) Metaspace: 6842K(7168K)->6842K(7168K) NonClass: 6254K(6400K)->6254K(6400K) Class: 587K(768K)->587K(768K)
[4.154s][info][gc            ] GC(174) Pause Young (Concurrent Start) (G1 Humongous Allocation) 1924M->1907M(3999M) 3.664ms
[4.154s][info][gc,cpu        ] GC(174) User=0.00s Sys=0.00s Real=0.00s
[4.154s][info][gc            ] GC(175) Concurrent Cycle
[4.154s][info][gc,marking    ] GC(175) Concurrent Clear Claimed Marks
[4.154s][info][gc,marking    ] GC(175) Concurrent Clear Claimed Marks 0.010ms
[4.154s][info][gc,marking    ] GC(175) Concurrent Scan Root Regions
[4.154s][info][gc,marking    ] GC(175) Concurrent Scan Root Regions 0.281ms
[4.154s][info][gc,marking    ] GC(175) Concurrent Mark (4.154s)
[4.154s][info][gc,marking    ] GC(175) Concurrent Mark From Roots
[4.154s][info][gc,task       ] GC(175) Using 3 workers of 3 for marking
[4.157s][info][gc,marking    ] GC(175) Concurrent Mark From Roots 2.442ms
[4.157s][info][gc,marking    ] GC(175) Concurrent Preclean
[4.157s][info][gc,marking    ] GC(175) Concurrent Preclean 0.095ms
[4.157s][info][gc,marking    ] GC(175) Concurrent Mark (4.154s, 4.157s) 2.569ms
[4.157s][info][gc,start      ] GC(175) Pause Remark
[4.157s][info][gc,stringtable] GC(175) Cleaned string and symbol table, strings: 2630 processed, 0 removed, symbols: 25602 processed, 0 removed
[4.157s][info][gc            ] GC(175) Pause Remark 1916M->1916M(3999M) 0.452ms
[4.157s][info][gc,cpu        ] GC(175) User=0.00s Sys=0.00s Real=0.00s
[4.158s][info][gc,marking    ] GC(175) Concurrent Rebuild Remembered Sets
[4.159s][info][gc,marking    ] GC(175) Concurrent Rebuild Remembered Sets 1.399ms
[4.159s][info][gc,start      ] GC(175) Pause Cleanup
[4.159s][info][gc            ] GC(175) Pause Cleanup 1921M->1921M(3999M) 0.313ms
[4.159s][info][gc,cpu        ] GC(175) User=0.00s Sys=0.00s Real=0.00s
[4.159s][info][gc,marking    ] GC(175) Concurrent Cleanup for Next Mark
[4.161s][info][gc,marking    ] GC(175) Concurrent Cleanup for Next Mark 1.558ms
[4.161s][info][gc            ] GC(175) Concurrent Cycle 6.817ms
[4.161s][info][gc,start      ] GC(176) Pause Young (Concurrent Start) (G1 Humongous Allocation)
[4.161s][info][gc,task       ] GC(176) Using 13 workers of 13 for evacuation
[4.165s][info][gc,phases     ] GC(176)   Pre Evacuate Collection Set: 0.0ms
[4.165s][info][gc,phases     ] GC(176)   Evacuate Collection Set: 3.2ms
[4.165s][info][gc,phases     ] GC(176)   Post Evacuate Collection Set: 0.1ms
[4.165s][info][gc,phases     ] GC(176)   Other: 0.1ms
[4.165s][info][gc,heap       ] GC(176) Eden regions: 16->0(744)
[4.165s][info][gc,heap       ] GC(176) Survivor regions: 69->55(98)
[4.165s][info][gc,heap       ] GC(176) Old regions: 1690->1706
[4.165s][info][gc,heap       ] GC(176) Humongous regions: 151->149
[4.165s][info][gc,metaspace  ] GC(176) Metaspace: 6842K(7168K)->6842K(7168K) NonClass: 6254K(6400K)->6254K(6400K) Class: 587K(768K)->587K(768K)
[4.165s][info][gc            ] GC(176) Pause Young (Concurrent Start) (G1 Humongous Allocation) 1925M->1909M(3999M) 3.587ms
[4.165s][info][gc,cpu        ] GC(176) User=0.00s Sys=0.00s Real=0.00s
[4.165s][info][gc            ] GC(177) Concurrent Cycle
[4.165s][info][gc,marking    ] GC(177) Concurrent Clear Claimed Marks
[4.165s][info][gc,marking    ] GC(177) Concurrent Clear Claimed Marks 0.009ms
[4.165s][info][gc,marking    ] GC(177) Concurrent Scan Root Regions
[4.165s][info][gc,marking    ] GC(177) Concurrent Scan Root Regions 0.242ms
[4.165s][info][gc,marking    ] GC(177) Concurrent Mark (4.165s)
[4.165s][info][gc,marking    ] GC(177) Concurrent Mark From Roots
[4.165s][info][gc,task       ] GC(177) Using 3 workers of 3 for marking
[4.168s][info][gc,marking    ] GC(177) Concurrent Mark From Roots 2.506ms
[4.168s][info][gc,marking    ] GC(177) Concurrent Preclean
[4.168s][info][gc,marking    ] GC(177) Concurrent Preclean 0.072ms
[4.168s][info][gc,marking    ] GC(177) Concurrent Mark (4.165s, 4.168s) 2.623ms
[4.168s][info][gc,start      ] GC(177) Pause Remark
[4.168s][info][gc,stringtable] GC(177) Cleaned string and symbol table, strings: 2630 processed, 0 removed, symbols: 25602 processed, 0 removed
[4.168s][info][gc            ] GC(177) Pause Remark 1918M->1918M(3999M) 0.504ms
[4.168s][info][gc,cpu        ] GC(177) User=0.00s Sys=0.00s Real=0.00s
[4.168s][info][gc,marking    ] GC(177) Concurrent Rebuild Remembered Sets
[4.170s][info][gc,marking    ] GC(177) Concurrent Rebuild Remembered Sets 1.462ms
[4.170s][info][gc,start      ] GC(177) Pause Cleanup
[4.170s][info][gc            ] GC(177) Pause Cleanup 1923M->1923M(3999M) 0.308ms
[4.170s][info][gc,cpu        ] GC(177) User=0.00s Sys=0.00s Real=0.00s
[4.170s][info][gc,marking    ] GC(177) Concurrent Cleanup for Next Mark
[4.172s][info][gc,marking    ] GC(177) Concurrent Cleanup for Next Mark 1.564ms
[4.172s][info][gc            ] GC(177) Concurrent Cycle 7.030ms
[4.172s][info][gc,start      ] GC(178) Pause Young (Concurrent Start) (G1 Humongous Allocation)
[4.172s][info][gc,task       ] GC(178) Using 13 workers of 13 for evacuation
[4.175s][info][gc,phases     ] GC(178)   Pre Evacuate Collection Set: 0.0ms
[4.175s][info][gc,phases     ] GC(178)   Evacuate Collection Set: 2.7ms
[4.175s][info][gc,phases     ] GC(178)   Post Evacuate Collection Set: 0.4ms
[4.175s][info][gc,phases     ] GC(178)   Other: 0.1ms
[4.175s][info][gc,heap       ] GC(178) Eden regions: 15->0(774)
[4.175s][info][gc,heap       ] GC(178) Survivor regions: 55->58(100)
[4.175s][info][gc,heap       ] GC(178) Old regions: 1706->1706
[4.175s][info][gc,heap       ] GC(178) Humongous regions: 152->150
[4.175s][info][gc,metaspace  ] GC(178) Metaspace: 6842K(7168K)->6842K(7168K) NonClass: 6254K(6400K)->6254K(6400K) Class: 587K(768K)->587K(768K)
[4.175s][info][gc            ] GC(178) Pause Young (Concurrent Start) (G1 Humongous Allocation) 1926M->1913M(4026M) 3.339ms
[4.175s][info][gc,cpu        ] GC(178) User=0.16s Sys=0.02s Real=0.00s
[4.175s][info][gc            ] GC(179) Concurrent Cycle
[4.175s][info][gc,marking    ] GC(179) Concurrent Clear Claimed Marks
[4.175s][info][gc,marking    ] GC(179) Concurrent Clear Claimed Marks 0.010ms
[4.175s][info][gc,marking    ] GC(179) Concurrent Scan Root Regions
[4.176s][info][gc,marking    ] GC(179) Concurrent Scan Root Regions 0.246ms
[4.176s][info][gc,marking    ] GC(179) Concurrent Mark (4.176s)
[4.176s][info][gc,marking    ] GC(179) Concurrent Mark From Roots
[4.176s][info][gc,task       ] GC(179) Using 3 workers of 3 for marking
[4.178s][info][gc,marking    ] GC(179) Concurrent Mark From Roots 2.578ms
[4.178s][info][gc,marking    ] GC(179) Concurrent Preclean
[4.178s][info][gc,marking    ] GC(179) Concurrent Preclean 0.060ms
[4.178s][info][gc,marking    ] GC(179) Concurrent Mark (4.176s, 4.178s) 2.675ms
[4.178s][info][gc,start      ] GC(179) Pause Remark
[4.179s][info][gc,stringtable] GC(179) Cleaned string and symbol table, strings: 2630 processed, 0 removed, symbols: 25602 processed, 0 removed
[4.179s][info][gc            ] GC(179) Pause Remark 1921M->1921M(4026M) 0.523ms
[4.179s][info][gc,cpu        ] GC(179) User=0.00s Sys=0.00s Real=0.00s
[4.179s][info][gc,marking    ] GC(179) Concurrent Rebuild Remembered Sets
[4.180s][info][gc,marking    ] GC(179) Concurrent Rebuild Remembered Sets 1.435ms
[4.180s][info][gc,start      ] GC(179) Pause Cleanup
[4.181s][info][gc            ] GC(179) Pause Cleanup 1924M->1924M(4026M) 0.290ms
[4.181s][info][gc,cpu        ] GC(179) User=0.00s Sys=0.00s Real=0.00s
[4.181s][info][gc,marking    ] GC(179) Concurrent Cleanup for Next Mark
[4.182s][info][gc,marking    ] GC(179) Concurrent Cleanup for Next Mark 1.504ms
[4.182s][info][gc            ] GC(179) Concurrent Cycle 6.967ms
[4.189s][info][gc,start      ] GC(180) Pause Young (Concurrent Start) (G1 Humongous Allocation)
[4.189s][info][gc,task       ] GC(180) Using 13 workers of 13 for evacuation
[4.192s][info][gc,phases     ] GC(180)   Pre Evacuate Collection Set: 0.0ms
[4.192s][info][gc,phases     ] GC(180)   Evacuate Collection Set: 3.0ms
[4.192s][info][gc,phases     ] GC(180)   Post Evacuate Collection Set: 0.2ms
[4.192s][info][gc,phases     ] GC(180)   Other: 0.1ms
[4.192s][info][gc,heap       ] GC(180) Eden regions: 24->0(692)
[4.192s][info][gc,heap       ] GC(180) Survivor regions: 58->63(104)
[4.192s][info][gc,heap       ] GC(180) Old regions: 1706->1706
[4.192s][info][gc,heap       ] GC(180) Humongous regions: 152->150
[4.192s][info][gc,metaspace  ] GC(180) Metaspace: 6842K(7168K)->6842K(7168K) NonClass: 6254K(6400K)->6254K(6400K) Class: 587K(768K)->587K(768K)
[4.192s][info][gc            ] GC(180) Pause Young (Concurrent Start) (G1 Humongous Allocation) 1939M->1918M(4026M) 3.408ms
[4.192s][info][gc,cpu        ] GC(180) User=0.09s Sys=0.05s Real=0.00s
[4.192s][info][gc            ] GC(181) Concurrent Cycle
[4.192s][info][gc,marking    ] GC(181) Concurrent Clear Claimed Marks
[4.192s][info][gc,marking    ] GC(181) Concurrent Clear Claimed Marks 0.012ms
[4.192s][info][gc,marking    ] GC(181) Concurrent Scan Root Regions
[4.193s][info][gc,marking    ] GC(181) Concurrent Scan Root Regions 0.257ms
[4.193s][info][gc,marking    ] GC(181) Concurrent Mark (4.193s)
[4.193s][info][gc,marking    ] GC(181) Concurrent Mark From Roots
[4.193s][info][gc,task       ] GC(181) Using 3 workers of 3 for marking
[4.195s][info][gc,marking    ] GC(181) Concurrent Mark From Roots 2.638ms
[4.195s][info][gc,marking    ] GC(181) Concurrent Preclean
[4.195s][info][gc,marking    ] GC(181) Concurrent Preclean 0.060ms
[4.195s][info][gc,marking    ] GC(181) Concurrent Mark (4.193s, 4.195s) 2.732ms
[4.196s][info][gc,start      ] GC(181) Pause Remark
[4.196s][info][gc,stringtable] GC(181) Cleaned string and symbol table, strings: 2630 processed, 0 removed, symbols: 25602 processed, 0 removed
[4.196s][info][gc            ] GC(181) Pause Remark 1927M->1927M(4026M) 0.473ms
[4.196s][info][gc,cpu        ] GC(181) User=0.00s Sys=0.00s Real=0.00s
[4.196s][info][gc,marking    ] GC(181) Concurrent Rebuild Remembered Sets
[4.197s][info][gc,marking    ] GC(181) Concurrent Rebuild Remembered Sets 1.389ms
[4.197s][info][gc,start      ] GC(181) Pause Cleanup
[4.198s][info][gc            ] GC(181) Pause Cleanup 1932M->1932M(4026M) 0.279ms
[4.198s][info][gc,cpu        ] GC(181) User=0.00s Sys=0.00s Real=0.00s
[4.198s][info][gc,marking    ] GC(181) Concurrent Cleanup for Next Mark
[4.199s][info][gc,marking    ] GC(181) Concurrent Cleanup for Next Mark 1.600ms
[4.199s][info][gc            ] GC(181) Concurrent Cycle 7.026ms
[4.211s][info][gc,start      ] GC(182) Pause Young (Concurrent Start) (G1 Humongous Allocation)
[4.211s][info][gc,task       ] GC(182) Using 13 workers of 13 for evacuation
[4.215s][info][gc,phases     ] GC(182)   Pre Evacuate Collection Set: 0.1ms
[4.215s][info][gc,phases     ] GC(182)   Evacuate Collection Set: 3.3ms
[4.215s][info][gc,phases     ] GC(182)   Post Evacuate Collection Set: 0.2ms
[4.215s][info][gc,phases     ] GC(182)   Other: 0.1ms
[4.215s][info][gc,heap       ] GC(182) Eden regions: 52->0(629)
[4.215s][info][gc,heap       ] GC(182) Survivor regions: 63->56(95)
[4.215s][info][gc,heap       ] GC(182) Old regions: 1706->1724
[4.215s][info][gc,heap       ] GC(182) Humongous regions: 152->150
[4.215s][info][gc,metaspace  ] GC(182) Metaspace: 6842K(7168K)->6842K(7168K) NonClass: 6254K(6400K)->6254K(6400K) Class: 587K(768K)->587K(768K)
[4.215s][info][gc            ] GC(182) Pause Young (Concurrent Start) (G1 Humongous Allocation) 1972M->1929M(4026M) 3.857ms
[4.215s][info][gc,cpu        ] GC(182) User=0.00s Sys=0.00s Real=0.00s
[4.215s][info][gc            ] GC(183) Concurrent Cycle
[4.215s][info][gc,marking    ] GC(183) Concurrent Clear Claimed Marks
[4.215s][info][gc,marking    ] GC(183) Concurrent Clear Claimed Marks 0.013ms
[4.215s][info][gc,marking    ] GC(183) Concurrent Scan Root Regions
[4.215s][info][gc,marking    ] GC(183) Concurrent Scan Root Regions 0.049ms
[4.215s][info][gc,marking    ] GC(183) Concurrent Mark (4.215s)
[4.215s][info][gc,marking    ] GC(183) Concurrent Mark From Roots
[4.215s][info][gc,task       ] GC(183) Using 3 workers of 3 for marking
[4.218s][info][gc,marking    ] GC(183) Concurrent Mark From Roots 2.720ms
[4.218s][info][gc,marking    ] GC(183) Concurrent Preclean
[4.218s][info][gc,marking    ] GC(183) Concurrent Preclean 0.076ms
[4.218s][info][gc,marking    ] GC(183) Concurrent Mark (4.215s, 4.218s) 2.841ms
[4.218s][info][gc,start      ] GC(183) Pause Remark
[4.218s][info][gc,stringtable] GC(183) Cleaned string and symbol table, strings: 2630 processed, 0 removed, symbols: 25602 processed, 0 removed
[4.218s][info][gc            ] GC(183) Pause Remark 1939M->1939M(4026M) 0.467ms
[4.218s][info][gc,cpu        ] GC(183) User=0.00s Sys=0.00s Real=0.00s
[4.218s][info][gc,marking    ] GC(183) Concurrent Rebuild Remembered Sets
[4.220s][info][gc,marking    ] GC(183) Concurrent Rebuild Remembered Sets 1.837ms
[4.220s][info][gc,start      ] GC(183) Pause Cleanup
[4.220s][info][gc            ] GC(183) Pause Cleanup 1945M->1945M(4026M) 0.333ms
[4.220s][info][gc,cpu        ] GC(183) User=0.00s Sys=0.00s Real=0.00s
[4.221s][info][gc,marking    ] GC(183) Concurrent Cleanup for Next Mark
[4.222s][info][gc,marking    ] GC(183) Concurrent Cleanup for Next Mark 1.804ms
[4.222s][info][gc            ] GC(183) Concurrent Cycle 7.617ms
[4.227s][info][gc,start      ] GC(184) Pause Young (Concurrent Start) (G1 Humongous Allocation)
[4.227s][info][gc,task       ] GC(184) Using 13 workers of 13 for evacuation
[4.230s][info][gc,phases     ] GC(184)   Pre Evacuate Collection Set: 0.0ms
[4.230s][info][gc,phases     ] GC(184)   Evacuate Collection Set: 2.8ms
[4.230s][info][gc,phases     ] GC(184)   Post Evacuate Collection Set: 0.2ms
[4.230s][info][gc,phases     ] GC(184)   Other: 0.1ms
[4.230s][info][gc,heap       ] GC(184) Eden regions: 32->0(646)
[4.230s][info][gc,heap       ] GC(184) Survivor regions: 56->52(86)
[4.230s][info][gc,heap       ] GC(184) Old regions: 1724->1732
[4.230s][info][gc,heap       ] GC(184) Humongous regions: 151->150
[4.230s][info][gc,metaspace  ] GC(184) Metaspace: 6842K(7168K)->6842K(7168K) NonClass: 6254K(6400K)->6254K(6400K) Class: 587K(768K)->587K(768K)
[4.230s][info][gc            ] GC(184) Pause Young (Concurrent Start) (G1 Humongous Allocation) 1962M->1933M(4026M) 3.291ms
[4.230s][info][gc,cpu        ] GC(184) User=0.00s Sys=0.00s Real=0.00s
[4.230s][info][gc            ] GC(185) Concurrent Cycle
[4.230s][info][gc,marking    ] GC(185) Concurrent Clear Claimed Marks
[4.230s][info][gc,marking    ] GC(185) Concurrent Clear Claimed Marks 0.012ms
[4.230s][info][gc,marking    ] GC(185) Concurrent Scan Root Regions
[4.230s][info][gc,marking    ] GC(185) Concurrent Scan Root Regions 0.041ms
[4.230s][info][gc,marking    ] GC(185) Concurrent Mark (4.230s)
[4.230s][info][gc,marking    ] GC(185) Concurrent Mark From Roots
[4.230s][info][gc,task       ] GC(185) Using 3 workers of 3 for marking
[4.233s][info][gc,marking    ] GC(185) Concurrent Mark From Roots 2.793ms
[4.233s][info][gc,marking    ] GC(185) Concurrent Preclean
[4.233s][info][gc,marking    ] GC(185) Concurrent Preclean 0.076ms
[4.233s][info][gc,marking    ] GC(185) Concurrent Mark (4.230s, 4.233s) 2.916ms
[4.233s][info][gc,start      ] GC(185) Pause Remark
[4.233s][info][gc,stringtable] GC(185) Cleaned string and symbol table, strings: 2630 processed, 0 removed, symbols: 25602 processed, 0 removed
[4.234s][info][gc            ] GC(185) Pause Remark 1942M->1942M(4026M) 0.513ms
[4.234s][info][gc,cpu        ] GC(185) User=0.00s Sys=0.00s Real=0.00s
[4.234s][info][gc,marking    ] GC(185) Concurrent Rebuild Remembered Sets
[4.235s][info][gc,marking    ] GC(185) Concurrent Rebuild Remembered Sets 1.783ms
[4.236s][info][gc,start      ] GC(185) Pause Cleanup
[4.236s][info][gc            ] GC(185) Pause Cleanup 1948M->1948M(4026M) 0.315ms
[4.236s][info][gc,cpu        ] GC(185) User=0.00s Sys=0.00s Real=0.00s
[4.236s][info][gc,marking    ] GC(185) Concurrent Cleanup for Next Mark
[4.237s][info][gc,marking    ] GC(185) Concurrent Cleanup for Next Mark 1.600ms
[4.237s][info][gc            ] GC(185) Concurrent Cycle 7.454ms
[4.250s][info][gc,start      ] GC(186) Pause Young (Concurrent Start) (G1 Humongous Allocation)
[4.250s][info][gc,task       ] GC(186) Using 13 workers of 13 for evacuation
[4.253s][info][gc,phases     ] GC(186)   Pre Evacuate Collection Set: 0.1ms
[4.253s][info][gc,phases     ] GC(186)   Evacuate Collection Set: 2.9ms
[4.253s][info][gc,phases     ] GC(186)   Post Evacuate Collection Set: 0.3ms
[4.253s][info][gc,phases     ] GC(186)   Other: 0.2ms
[4.253s][info][gc,heap       ] GC(186) Eden regions: 57->0(603)
[4.253s][info][gc,heap       ] GC(186) Survivor regions: 52->57(88)
[4.253s][info][gc,heap       ] GC(186) Old regions: 1732->1739
[4.253s][info][gc,heap       ] GC(186) Humongous regions: 152->150
[4.253s][info][gc,metaspace  ] GC(186) Metaspace: 6842K(7168K)->6842K(7168K) NonClass: 6254K(6400K)->6254K(6400K) Class: 587K(768K)->587K(768K)
[4.253s][info][gc            ] GC(186) Pause Young (Concurrent Start) (G1 Humongous Allocation) 1991M->1944M(4044M) 3.533ms
[4.253s][info][gc,cpu        ] GC(186) User=0.11s Sys=0.03s Real=0.00s
[4.253s][info][gc            ] GC(187) Concurrent Cycle
[4.254s][info][gc,marking    ] GC(187) Concurrent Clear Claimed Marks
[4.254s][info][gc,marking    ] GC(187) Concurrent Clear Claimed Marks 0.010ms
[4.254s][info][gc,marking    ] GC(187) Concurrent Scan Root Regions
[4.254s][info][gc,marking    ] GC(187) Concurrent Scan Root Regions 0.039ms
[4.254s][info][gc,marking    ] GC(187) Concurrent Mark (4.254s)
[4.254s][info][gc,marking    ] GC(187) Concurrent Mark From Roots
[4.254s][info][gc,task       ] GC(187) Using 3 workers of 3 for marking
[4.256s][info][gc,marking    ] GC(187) Concurrent Mark From Roots 2.548ms
[4.256s][info][gc,marking    ] GC(187) Concurrent Preclean
[4.256s][info][gc,marking    ] GC(187) Concurrent Preclean 0.101ms
[4.256s][info][gc,marking    ] GC(187) Concurrent Mark (4.254s, 4.256s) 2.686ms
[4.256s][info][gc,start      ] GC(187) Pause Remark
[4.257s][info][gc,stringtable] GC(187) Cleaned string and symbol table, strings: 2630 processed, 0 removed, symbols: 25602 processed, 0 removed
[4.257s][info][gc            ] GC(187) Pause Remark 1951M->1951M(4044M) 0.476ms
[4.257s][info][gc,cpu        ] GC(187) User=0.00s Sys=0.00s Real=0.00s
[4.257s][info][gc,marking    ] GC(187) Concurrent Rebuild Remembered Sets
[4.259s][info][gc,marking    ] GC(187) Concurrent Rebuild Remembered Sets 1.737ms
[4.259s][info][gc,start      ] GC(187) Pause Cleanup
[4.259s][info][gc            ] GC(187) Pause Cleanup 1954M->1954M(4044M) 0.297ms
[4.259s][info][gc,cpu        ] GC(187) User=0.00s Sys=0.00s Real=0.00s
[4.259s][info][gc,marking    ] GC(187) Concurrent Cleanup for Next Mark
[4.261s][info][gc,marking    ] GC(187) Concurrent Cleanup for Next Mark 1.603ms
[4.261s][info][gc            ] GC(187) Concurrent Cycle 7.120ms
[4.261s][info][gc,start      ] GC(188) Pause Young (Concurrent Start) (G1 Humongous Allocation)
[4.261s][info][gc,task       ] GC(188) Using 13 workers of 13 for evacuation
[4.264s][info][gc,phases     ] GC(188)   Pre Evacuate Collection Set: 0.1ms
[4.264s][info][gc,phases     ] GC(188)   Evacuate Collection Set: 3.0ms
[4.264s][info][gc,phases     ] GC(188)   Post Evacuate Collection Set: 0.2ms
[4.264s][info][gc,phases     ] GC(188)   Other: 0.1ms
[4.264s][info][gc,heap       ] GC(188) Eden regions: 11->0(653)
[4.264s][info][gc,heap       ] GC(188) Survivor regions: 57->47(83)
[4.264s][info][gc,heap       ] GC(188) Old regions: 1739->1751
[4.264s][info][gc,heap       ] GC(188) Humongous regions: 151->150
[4.264s][info][gc,metaspace  ] GC(188) Metaspace: 6842K(7168K)->6842K(7168K) NonClass: 6254K(6400K)->6254K(6400K) Class: 587K(768K)->587K(768K)
[4.264s][info][gc            ] GC(188) Pause Young (Concurrent Start) (G1 Humongous Allocation) 1956M->1947M(4044M) 3.417ms
[4.264s][info][gc,cpu        ] GC(188) User=0.00s Sys=0.00s Real=0.00s
[4.264s][info][gc            ] GC(189) Concurrent Cycle
[4.264s][info][gc,marking    ] GC(189) Concurrent Clear Claimed Marks
[4.264s][info][gc,marking    ] GC(189) Concurrent Clear Claimed Marks 0.013ms
[4.264s][info][gc,marking    ] GC(189) Concurrent Scan Root Regions
[4.264s][info][gc,marking    ] GC(189) Concurrent Scan Root Regions 0.044ms
[4.264s][info][gc,marking    ] GC(189) Concurrent Mark (4.264s)
[4.264s][info][gc,marking    ] GC(189) Concurrent Mark From Roots
[4.264s][info][gc,task       ] GC(189) Using 3 workers of 3 for marking
[4.267s][info][gc,marking    ] GC(189) Concurrent Mark From Roots 2.542ms
[4.267s][info][gc,marking    ] GC(189) Concurrent Preclean
[4.267s][info][gc,marking    ] GC(189) Concurrent Preclean 0.062ms
[4.267s][info][gc,marking    ] GC(189) Concurrent Mark (4.264s, 4.267s) 2.643ms
[4.267s][info][gc,start      ] GC(189) Pause Remark
[4.267s][info][gc,stringtable] GC(189) Cleaned string and symbol table, strings: 2630 processed, 0 removed, symbols: 25602 processed, 0 removed
[4.268s][info][gc            ] GC(189) Pause Remark 1957M->1957M(4044M) 0.492ms
[4.268s][info][gc,cpu        ] GC(189) User=0.00s Sys=0.00s Real=0.00s
[4.268s][info][gc,marking    ] GC(189) Concurrent Rebuild Remembered Sets
[4.269s][info][gc,marking    ] GC(189) Concurrent Rebuild Remembered Sets 1.726ms
[4.269s][info][gc,start      ] GC(189) Pause Cleanup
[4.270s][info][gc            ] GC(189) Pause Cleanup 1961M->1961M(4044M) 0.302ms
[4.270s][info][gc,cpu        ] GC(189) User=0.00s Sys=0.00s Real=0.00s
[4.270s][info][gc,marking    ] GC(189) Concurrent Cleanup for Next Mark
[4.271s][info][gc,marking    ] GC(189) Concurrent Cleanup for Next Mark 1.541ms
[4.271s][info][gc            ] GC(189) Concurrent Cycle 7.042ms
[4.272s][info][gc,start      ] GC(190) Pause Young (Concurrent Start) (G1 Humongous Allocation)
[4.272s][info][gc,task       ] GC(190) Using 13 workers of 13 for evacuation
[4.275s][info][gc,phases     ] GC(190)   Pre Evacuate Collection Set: 0.0ms
[4.275s][info][gc,phases     ] GC(190)   Evacuate Collection Set: 2.3ms
[4.275s][info][gc,phases     ] GC(190)   Post Evacuate Collection Set: 0.2ms
[4.275s][info][gc,phases     ] GC(190)   Other: 0.1ms
[4.275s][info][gc,heap       ] GC(190) Eden regions: 16->0(732)
[4.275s][info][gc,heap       ] GC(190) Survivor regions: 47->51(88)
[4.275s][info][gc,heap       ] GC(190) Old regions: 1751->1751
[4.275s][info][gc,heap       ] GC(190) Humongous regions: 153->150
[4.275s][info][gc,metaspace  ] GC(190) Metaspace: 6842K(7168K)->6842K(7168K) NonClass: 6254K(6400K)->6254K(6400K) Class: 587K(768K)->587K(768K)
[4.275s][info][gc            ] GC(190) Pause Young (Concurrent Start) (G1 Humongous Allocation) 1966M->1951M(4044M) 2.744ms
[4.275s][info][gc,cpu        ] GC(190) User=0.00s Sys=0.00s Real=0.00s
[4.275s][info][gc            ] GC(191) Concurrent Cycle
[4.275s][info][gc,marking    ] GC(191) Concurrent Clear Claimed Marks
[4.275s][info][gc,marking    ] GC(191) Concurrent Clear Claimed Marks 0.010ms
[4.275s][info][gc,marking    ] GC(191) Concurrent Scan Root Regions
[4.275s][info][gc,marking    ] GC(191) Concurrent Scan Root Regions 0.036ms
[4.275s][info][gc,marking    ] GC(191) Concurrent Mark (4.275s)
[4.275s][info][gc,marking    ] GC(191) Concurrent Mark From Roots
[4.275s][info][gc,task       ] GC(191) Using 3 workers of 3 for marking
[4.277s][info][gc,marking    ] GC(191) Concurrent Mark From Roots 2.375ms
[4.277s][info][gc,marking    ] GC(191) Concurrent Preclean
[4.277s][info][gc,marking    ] GC(191) Concurrent Preclean 0.060ms
[4.277s][info][gc,marking    ] GC(191) Concurrent Mark (4.275s, 4.277s) 2.467ms
[4.277s][info][gc,start      ] GC(191) Pause Remark
[4.278s][info][gc,stringtable] GC(191) Cleaned string and symbol table, strings: 2630 processed, 0 removed, symbols: 25602 processed, 0 removed
[4.278s][info][gc            ] GC(191) Pause Remark 1960M->1960M(4044M) 0.528ms
[4.278s][info][gc,cpu        ] GC(191) User=0.00s Sys=0.00s Real=0.00s
[4.278s][info][gc,marking    ] GC(191) Concurrent Rebuild Remembered Sets
[4.280s][info][gc,marking    ] GC(191) Concurrent Rebuild Remembered Sets 1.675ms
[4.280s][info][gc,start      ] GC(191) Pause Cleanup
[4.280s][info][gc            ] GC(191) Pause Cleanup 1965M->1965M(4044M) 0.290ms
[4.280s][info][gc,cpu        ] GC(191) User=0.00s Sys=0.00s Real=0.00s
[4.280s][info][gc,marking    ] GC(191) Concurrent Cleanup for Next Mark
[4.282s][info][gc,marking    ] GC(191) Concurrent Cleanup for Next Mark 1.473ms
[4.282s][info][gc            ] GC(191) Concurrent Cycle 6.719ms
[4.283s][info][gc,start      ] GC(192) Pause Young (Concurrent Start) (G1 Humongous Allocation)
[4.283s][info][gc,task       ] GC(192) Using 13 workers of 13 for evacuation
[4.286s][info][gc,phases     ] GC(192)   Pre Evacuate Collection Set: 0.0ms
[4.286s][info][gc,phases     ] GC(192)   Evacuate Collection Set: 2.4ms
[4.286s][info][gc,phases     ] GC(192)   Post Evacuate Collection Set: 0.2ms
[4.286s][info][gc,phases     ] GC(192)   Other: 0.1ms
[4.286s][info][gc,heap       ] GC(192) Eden regions: 18->0(699)
[4.286s][info][gc,heap       ] GC(192) Survivor regions: 51->52(98)
[4.286s][info][gc,heap       ] GC(192) Old regions: 1751->1751
[4.286s][info][gc,heap       ] GC(192) Humongous regions: 152->150
[4.286s][info][gc,metaspace  ] GC(192) Metaspace: 6842K(7168K)->6842K(7168K) NonClass: 6254K(6400K)->6254K(6400K) Class: 587K(768K)->587K(768K)
[4.286s][info][gc            ] GC(192) Pause Young (Concurrent Start) (G1 Humongous Allocation) 1971M->1952M(4044M) 2.831ms
[4.286s][info][gc,cpu        ] GC(192) User=0.16s Sys=0.02s Real=0.00s
[4.286s][info][gc            ] GC(193) Concurrent Cycle
[4.286s][info][gc,marking    ] GC(193) Concurrent Clear Claimed Marks
[4.286s][info][gc,marking    ] GC(193) Concurrent Clear Claimed Marks 0.009ms
[4.286s][info][gc,marking    ] GC(193) Concurrent Scan Root Regions
[4.286s][info][gc,marking    ] GC(193) Concurrent Scan Root Regions 0.040ms
[4.286s][info][gc,marking    ] GC(193) Concurrent Mark (4.286s)
[4.286s][info][gc,marking    ] GC(193) Concurrent Mark From Roots
[4.286s][info][gc,task       ] GC(193) Using 3 workers of 3 for marking
[4.288s][info][gc,marking    ] GC(193) Concurrent Mark From Roots 2.302ms
[4.288s][info][gc,marking    ] GC(193) Concurrent Preclean
[4.288s][info][gc,marking    ] GC(193) Concurrent Preclean 0.076ms
[4.288s][info][gc,marking    ] GC(193) Concurrent Mark (4.286s, 4.288s) 2.411ms
[4.288s][info][gc,start      ] GC(193) Pause Remark
[4.289s][info][gc,stringtable] GC(193) Cleaned string and symbol table, strings: 2630 processed, 0 removed, symbols: 25602 processed, 0 removed
[4.289s][info][gc            ] GC(193) Pause Remark 1961M->1961M(4044M) 0.467ms
[4.289s][info][gc,cpu        ] GC(193) User=0.00s Sys=0.00s Real=0.00s
[4.289s][info][gc,marking    ] GC(193) Concurrent Rebuild Remembered Sets
[4.290s][info][gc,marking    ] GC(193) Concurrent Rebuild Remembered Sets 1.521ms
[4.290s][info][gc,start      ] GC(193) Pause Cleanup
[4.291s][info][gc            ] GC(193) Pause Cleanup 1965M->1965M(4044M) 0.297ms
[4.291s][info][gc,cpu        ] GC(193) User=0.00s Sys=0.00s Real=0.00s
[4.291s][info][gc,marking    ] GC(193) Concurrent Cleanup for Next Mark
[4.292s][info][gc,marking    ] GC(193) Concurrent Cleanup for Next Mark 1.433ms
[4.292s][info][gc            ] GC(193) Concurrent Cycle 6.410ms
[4.292s][info][gc,start      ] GC(194) Pause Young (Concurrent Start) (G1 Humongous Allocation)
[4.292s][info][gc,task       ] GC(194) Using 13 workers of 13 for evacuation
[4.295s][info][gc,phases     ] GC(194)   Pre Evacuate Collection Set: 0.0ms
[4.295s][info][gc,phases     ] GC(194)   Evacuate Collection Set: 2.6ms
[4.295s][info][gc,phases     ] GC(194)   Post Evacuate Collection Set: 0.3ms
[4.295s][info][gc,phases     ] GC(194)   Other: 0.1ms
[4.295s][info][gc,heap       ] GC(194) Eden regions: 16->0(637)
[4.295s][info][gc,heap       ] GC(194) Survivor regions: 52->55(94)
[4.295s][info][gc,heap       ] GC(194) Old regions: 1751->1753
[4.295s][info][gc,heap       ] GC(194) Humongous regions: 151->150
[4.295s][info][gc,metaspace  ] GC(194) Metaspace: 6842K(7168K)->6842K(7168K) NonClass: 6254K(6400K)->6254K(6400K) Class: 587K(768K)->587K(768K)
[4.295s][info][gc            ] GC(194) Pause Young (Concurrent Start) (G1 Humongous Allocation) 1969M->1957M(4055M) 3.103ms
[4.295s][info][gc,cpu        ] GC(194) User=0.00s Sys=0.00s Real=0.00s
[4.295s][info][gc            ] GC(195) Concurrent Cycle
[4.295s][info][gc,marking    ] GC(195) Concurrent Clear Claimed Marks
[4.295s][info][gc,marking    ] GC(195) Concurrent Clear Claimed Marks 0.013ms
[4.295s][info][gc,marking    ] GC(195) Concurrent Scan Root Regions
[4.295s][info][gc,marking    ] GC(195) Concurrent Scan Root Regions 0.043ms
[4.295s][info][gc,marking    ] GC(195) Concurrent Mark (4.295s)
[4.295s][info][gc,marking    ] GC(195) Concurrent Mark From Roots
[4.295s][info][gc,task       ] GC(195) Using 3 workers of 3 for marking
[4.298s][info][gc,marking    ] GC(195) Concurrent Mark From Roots 2.350ms
[4.298s][info][gc,marking    ] GC(195) Concurrent Preclean
[4.298s][info][gc,marking    ] GC(195) Concurrent Preclean 0.076ms
[4.298s][info][gc,marking    ] GC(195) Concurrent Mark (4.295s, 4.298s) 2.458ms
[4.298s][info][gc,start      ] GC(195) Pause Remark
[4.298s][info][gc,stringtable] GC(195) Cleaned string and symbol table, strings: 2630 processed, 0 removed, symbols: 25602 processed, 0 removed
[4.298s][info][gc            ] GC(195) Pause Remark 1964M->1964M(4055M) 0.483ms
[4.298s][info][gc,cpu        ] GC(195) User=0.00s Sys=0.00s Real=0.00s
[4.299s][info][gc,marking    ] GC(195) Concurrent Rebuild Remembered Sets
[4.300s][info][gc,marking    ] GC(195) Concurrent Rebuild Remembered Sets 1.613ms
[4.300s][info][gc,start      ] GC(195) Pause Cleanup
[4.301s][info][gc            ] GC(195) Pause Cleanup 1968M->1968M(4055M) 0.323ms
[4.301s][info][gc,cpu        ] GC(195) User=0.00s Sys=0.00s Real=0.00s
[4.301s][info][gc,marking    ] GC(195) Concurrent Cleanup for Next Mark
[4.302s][info][gc,marking    ] GC(195) Concurrent Cleanup for Next Mark 1.367ms
[4.302s][info][gc            ] GC(195) Concurrent Cycle 6.562ms
[4.304s][info][gc,start      ] GC(196) Pause Young (Concurrent Start) (G1 Humongous Allocation)
[4.304s][info][gc,task       ] GC(196) Using 13 workers of 13 for evacuation
[4.307s][info][gc,phases     ] GC(196)   Pre Evacuate Collection Set: 0.0ms
[4.307s][info][gc,phases     ] GC(196)   Evacuate Collection Set: 2.6ms
[4.307s][info][gc,phases     ] GC(196)   Post Evacuate Collection Set: 0.2ms
[4.307s][info][gc,phases     ] GC(196)   Other: 0.1ms
[4.307s][info][gc,heap       ] GC(196) Eden regions: 15->0(614)
[4.307s][info][gc,heap       ] GC(196) Survivor regions: 55->51(87)
[4.307s][info][gc,heap       ] GC(196) Old regions: 1753->1761
[4.307s][info][gc,heap       ] GC(196) Humongous regions: 153->151
[4.307s][info][gc,metaspace  ] GC(196) Metaspace: 6842K(7168K)->6842K(7168K) NonClass: 6254K(6400K)->6254K(6400K) Class: 587K(768K)->587K(768K)
[4.307s][info][gc            ] GC(196) Pause Young (Concurrent Start) (G1 Humongous Allocation) 1975M->1961M(4055M) 2.960ms
[4.307s][info][gc,cpu        ] GC(196) User=0.00s Sys=0.00s Real=0.00s
[4.307s][info][gc            ] GC(197) Concurrent Cycle
[4.307s][info][gc,marking    ] GC(197) Concurrent Clear Claimed Marks
[4.307s][info][gc,marking    ] GC(197) Concurrent Clear Claimed Marks 0.011ms
[4.307s][info][gc,marking    ] GC(197) Concurrent Scan Root Regions
[4.307s][info][gc,marking    ] GC(197) Concurrent Scan Root Regions 0.040ms
[4.307s][info][gc,marking    ] GC(197) Concurrent Mark (4.307s)
[4.307s][info][gc,marking    ] GC(197) Concurrent Mark From Roots
[4.307s][info][gc,task       ] GC(197) Using 3 workers of 3 for marking
[4.309s][info][gc,marking    ] GC(197) Concurrent Mark From Roots 2.291ms
[4.309s][info][gc,marking    ] GC(197) Concurrent Preclean
[4.310s][info][gc,marking    ] GC(197) Concurrent Preclean 0.080ms
[4.310s][info][gc,marking    ] GC(197) Concurrent Mark (4.307s, 4.310s) 2.416ms
[4.310s][info][gc,start      ] GC(197) Pause Remark
[4.310s][info][gc,stringtable] GC(197) Cleaned string and symbol table, strings: 2630 processed, 0 removed, symbols: 25602 processed, 0 removed
[4.310s][info][gc            ] GC(197) Pause Remark 1969M->1969M(4055M) 0.472ms
[4.310s][info][gc,cpu        ] GC(197) User=0.00s Sys=0.00s Real=0.00s
[4.310s][info][gc,marking    ] GC(197) Concurrent Rebuild Remembered Sets
[4.312s][info][gc,marking    ] GC(197) Concurrent Rebuild Remembered Sets 1.532ms
[4.312s][info][gc,start      ] GC(197) Pause Cleanup
[4.312s][info][gc            ] GC(197) Pause Cleanup 1973M->1973M(4055M) 0.322ms
[4.312s][info][gc,cpu        ] GC(197) User=0.00s Sys=0.00s Real=0.00s
[4.312s][info][gc,marking    ] GC(197) Concurrent Cleanup for Next Mark
[4.313s][info][gc,marking    ] GC(197) Concurrent Cleanup for Next Mark 1.423ms
[4.313s][info][gc            ] GC(197) Concurrent Cycle 6.454ms
[4.314s][info][gc,start      ] GC(198) Pause Young (Concurrent Start) (G1 Humongous Allocation)
[4.314s][info][gc,task       ] GC(198) Using 13 workers of 13 for evacuation
[4.317s][info][gc,phases     ] GC(198)   Pre Evacuate Collection Set: 0.0ms
[4.317s][info][gc,phases     ] GC(198)   Evacuate Collection Set: 2.4ms
[4.317s][info][gc,phases     ] GC(198)   Post Evacuate Collection Set: 0.2ms
[4.317s][info][gc,phases     ] GC(198)   Other: 0.1ms
[4.317s][info][gc,heap       ] GC(198) Eden regions: 13->0(674)
[4.317s][info][gc,heap       ] GC(198) Survivor regions: 51->49(84)
[4.317s][info][gc,heap       ] GC(198) Old regions: 1761->1763
[4.317s][info][gc,heap       ] GC(198) Humongous regions: 154->152
[4.317s][info][gc,metaspace  ] GC(198) Metaspace: 6842K(7168K)->6842K(7168K) NonClass: 6254K(6400K)->6254K(6400K) Class: 587K(768K)->587K(768K)
[4.317s][info][gc            ] GC(198) Pause Young (Concurrent Start) (G1 Humongous Allocation) 1977M->1963M(4055M) 2.744ms
[4.317s][info][gc,cpu        ] GC(198) User=0.14s Sys=0.03s Real=0.00s
[4.317s][info][gc            ] GC(199) Concurrent Cycle
[4.317s][info][gc,marking    ] GC(199) Concurrent Clear Claimed Marks
[4.317s][info][gc,marking    ] GC(199) Concurrent Clear Claimed Marks 0.010ms
[4.317s][info][gc,marking    ] GC(199) Concurrent Scan Root Regions
[4.317s][info][gc,marking    ] GC(199) Concurrent Scan Root Regions 0.040ms
[4.317s][info][gc,marking    ] GC(199) Concurrent Mark (4.317s)
[4.317s][info][gc,marking    ] GC(199) Concurrent Mark From Roots
[4.317s][info][gc,task       ] GC(199) Using 3 workers of 3 for marking
[4.319s][info][gc,marking    ] GC(199) Concurrent Mark From Roots 2.275ms
[4.319s][info][gc,marking    ] GC(199) Concurrent Preclean
[4.319s][info][gc,marking    ] GC(199) Concurrent Preclean 0.076ms
[4.319s][info][gc,marking    ] GC(199) Concurrent Mark (4.317s, 4.319s) 2.383ms
[4.319s][info][gc,start      ] GC(199) Pause Remark
[4.320s][info][gc,stringtable] GC(199) Cleaned string and symbol table, strings: 2630 processed, 0 removed, symbols: 25602 processed, 0 removed
[4.320s][info][gc            ] GC(199) Pause Remark 1972M->1972M(4055M) 0.511ms
[4.320s][info][gc,cpu        ] GC(199) User=0.00s Sys=0.00s Real=0.00s
[4.320s][info][gc,marking    ] GC(199) Concurrent Rebuild Remembered Sets
[4.321s][info][gc,marking    ] GC(199) Concurrent Rebuild Remembered Sets 1.511ms
[4.321s][info][gc,start      ] GC(199) Pause Cleanup
[4.322s][info][gc            ] GC(199) Pause Cleanup 1975M->1975M(4055M) 0.315ms
[4.322s][info][gc,cpu        ] GC(199) User=0.00s Sys=0.00s Real=0.00s
[4.322s][info][gc,marking    ] GC(199) Concurrent Cleanup for Next Mark
[4.323s][info][gc,marking    ] GC(199) Concurrent Cleanup for Next Mark 1.347ms
[4.323s][info][gc            ] GC(199) Concurrent Cycle 6.362ms
[4.336s][info][gc,start      ] GC(200) Pause Young (Concurrent Start) (G1 Humongous Allocation)
[4.336s][info][gc,task       ] GC(200) Using 13 workers of 13 for evacuation
[4.339s][info][gc,phases     ] GC(200)   Pre Evacuate Collection Set: 0.1ms
[4.339s][info][gc,phases     ] GC(200)   Evacuate Collection Set: 2.7ms
[4.339s][info][gc,phases     ] GC(200)   Post Evacuate Collection Set: 0.2ms
[4.339s][info][gc,phases     ] GC(200)   Other: 0.1ms
[4.339s][info][gc,heap       ] GC(200) Eden regions: 50->0(745)
[4.339s][info][gc,heap       ] GC(200) Survivor regions: 49->58(91)
[4.339s][info][gc,heap       ] GC(200) Old regions: 1763->1763
[4.339s][info][gc,heap       ] GC(200) Humongous regions: 155->152
[4.339s][info][gc,metaspace  ] GC(200) Metaspace: 6842K(7168K)->6842K(7168K) NonClass: 6254K(6400K)->6254K(6400K) Class: 587K(768K)->587K(768K)
[4.339s][info][gc            ] GC(200) Pause Young (Concurrent Start) (G1 Humongous Allocation) 2016M->1972M(4055M) 3.185ms
[4.339s][info][gc,cpu        ] GC(200) User=0.00s Sys=0.00s Real=0.00s
[4.339s][info][gc            ] GC(201) Concurrent Cycle
[4.339s][info][gc,marking    ] GC(201) Concurrent Clear Claimed Marks
[4.339s][info][gc,marking    ] GC(201) Concurrent Clear Claimed Marks 0.011ms
[4.339s][info][gc,marking    ] GC(201) Concurrent Scan Root Regions
[4.339s][info][gc,marking    ] GC(201) Concurrent Scan Root Regions 0.041ms
[4.339s][info][gc,marking    ] GC(201) Concurrent Mark (4.339s)
[4.339s][info][gc,marking    ] GC(201) Concurrent Mark From Roots
[4.339s][info][gc,task       ] GC(201) Using 3 workers of 3 for marking
[4.342s][info][gc,marking    ] GC(201) Concurrent Mark From Roots 2.655ms
[4.342s][info][gc,marking    ] GC(201) Concurrent Preclean
[4.342s][info][gc,marking    ] GC(201) Concurrent Preclean 0.077ms
[4.342s][info][gc,marking    ] GC(201) Concurrent Mark (4.339s, 4.342s) 2.779ms
[4.342s][info][gc,start      ] GC(201) Pause Remark
[4.342s][info][gc,stringtable] GC(201) Cleaned string and symbol table, strings: 2630 processed, 0 removed, symbols: 25602 processed, 0 removed
[4.343s][info][gc            ] GC(201) Pause Remark 1981M->1981M(4055M) 0.527ms
[4.343s][info][gc,cpu        ] GC(201) User=0.00s Sys=0.00s Real=0.00s
[4.343s][info][gc,marking    ] GC(201) Concurrent Rebuild Remembered Sets
[4.344s][info][gc,marking    ] GC(201) Concurrent Rebuild Remembered Sets 1.761ms
[4.344s][info][gc,start      ] GC(201) Pause Cleanup
[4.345s][info][gc            ] GC(201) Pause Cleanup 1986M->1986M(4055M) 0.348ms
[4.345s][info][gc,cpu        ] GC(201) User=0.00s Sys=0.00s Real=0.00s
[4.345s][info][gc,marking    ] GC(201) Concurrent Cleanup for Next Mark
[4.346s][info][gc,marking    ] GC(201) Concurrent Cleanup for Next Mark 1.682ms
[4.346s][info][gc            ] GC(201) Concurrent Cycle 7.412ms
[4.423s][info][gc,start      ] GC(202) Pause Young (Concurrent Start) (G1 Humongous Allocation)
[4.423s][info][gc,task       ] GC(202) Using 13 workers of 13 for evacuation
[4.429s][info][gc,phases     ] GC(202)   Pre Evacuate Collection Set: 0.1ms
[4.429s][info][gc,phases     ] GC(202)   Evacuate Collection Set: 4.6ms
[4.429s][info][gc,phases     ] GC(202)   Post Evacuate Collection Set: 0.3ms
[4.429s][info][gc,phases     ] GC(202)   Other: 0.2ms
[4.429s][info][gc,heap       ] GC(202) Eden regions: 227->0(798)
[4.429s][info][gc,heap       ] GC(202) Survivor regions: 58->92(101)
[4.429s][info][gc,heap       ] GC(202) Old regions: 1763->1768
[4.429s][info][gc,heap       ] GC(202) Humongous regions: 154->152
[4.429s][info][gc,metaspace  ] GC(202) Metaspace: 6842K(7168K)->6842K(7168K) NonClass: 6254K(6400K)->6254K(6400K) Class: 587K(768K)->587K(768K)
[4.429s][info][gc            ] GC(202) Pause Young (Concurrent Start) (G1 Humongous Allocation) 2201M->2010M(4064M) 5.310ms
[4.429s][info][gc,cpu        ] GC(202) User=0.06s Sys=0.09s Real=0.00s
[4.429s][info][gc            ] GC(203) Concurrent Cycle
[4.429s][info][gc,marking    ] GC(203) Concurrent Clear Claimed Marks
[4.429s][info][gc,marking    ] GC(203) Concurrent Clear Claimed Marks 0.010ms
[4.429s][info][gc,marking    ] GC(203) Concurrent Scan Root Regions
[4.429s][info][gc,marking    ] GC(203) Concurrent Scan Root Regions 0.074ms
[4.429s][info][gc,marking    ] GC(203) Concurrent Mark (4.429s)
[4.429s][info][gc,marking    ] GC(203) Concurrent Mark From Roots
[4.429s][info][gc,task       ] GC(203) Using 3 workers of 3 for marking
[4.432s][info][gc,marking    ] GC(203) Concurrent Mark From Roots 3.367ms
[4.432s][info][gc,marking    ] GC(203) Concurrent Preclean
[4.432s][info][gc,marking    ] GC(203) Concurrent Preclean 0.077ms
[4.432s][info][gc,marking    ] GC(203) Concurrent Mark (4.429s, 4.432s) 3.474ms
[4.432s][info][gc,start      ] GC(203) Pause Remark
[4.433s][info][gc,stringtable] GC(203) Cleaned string and symbol table, strings: 2630 processed, 0 removed, symbols: 25602 processed, 0 removed
[4.433s][info][gc            ] GC(203) Pause Remark 2017M->2017M(4064M) 0.524ms
[4.433s][info][gc,cpu        ] GC(203) User=0.00s Sys=0.00s Real=0.00s
[4.433s][info][gc,marking    ] GC(203) Concurrent Rebuild Remembered Sets
[4.435s][info][gc,marking    ] GC(203) Concurrent Rebuild Remembered Sets 2.039ms
[4.435s][info][gc,start      ] GC(203) Pause Cleanup
[4.436s][info][gc            ] GC(203) Pause Cleanup 2020M->2020M(4064M) 0.344ms
[4.436s][info][gc,cpu        ] GC(203) User=0.00s Sys=0.00s Real=0.00s
[4.436s][info][gc,marking    ] GC(203) Concurrent Cleanup for Next Mark
[4.438s][info][gc,marking    ] GC(203) Concurrent Cleanup for Next Mark 1.987ms
[4.438s][info][gc            ] GC(203) Concurrent Cycle 8.883ms
[4.441s][info][gc,start      ] GC(204) Pause Young (Concurrent Start) (G1 Humongous Allocation)
[4.441s][info][gc,task       ] GC(204) Using 13 workers of 13 for evacuation
[4.445s][info][gc,phases     ] GC(204)   Pre Evacuate Collection Set: 0.0ms
[4.445s][info][gc,phases     ] GC(204)   Evacuate Collection Set: 4.3ms
[4.445s][info][gc,phases     ] GC(204)   Post Evacuate Collection Set: 0.2ms
[4.445s][info][gc,phases     ] GC(204)   Other: 0.1ms
[4.446s][info][gc,heap       ] GC(204) Eden regions: 20->0(693)
[4.446s][info][gc,heap       ] GC(204) Survivor regions: 92->63(112)
[4.446s][info][gc,heap       ] GC(204) Old regions: 1768->1800
[4.446s][info][gc,heap       ] GC(204) Humongous regions: 153->152
[4.446s][info][gc,metaspace  ] GC(204) Metaspace: 6842K(7168K)->6842K(7168K) NonClass: 6254K(6400K)->6254K(6400K) Class: 587K(768K)->587K(768K)
[4.446s][info][gc            ] GC(204) Pause Young (Concurrent Start) (G1 Humongous Allocation) 2031M->2013M(4064M) 4.757ms
[4.446s][info][gc,cpu        ] GC(204) User=0.00s Sys=0.00s Real=0.00s
[4.446s][info][gc            ] GC(205) Concurrent Cycle
[4.446s][info][gc,marking    ] GC(205) Concurrent Clear Claimed Marks
[4.446s][info][gc,marking    ] GC(205) Concurrent Clear Claimed Marks 0.012ms
[4.446s][info][gc,marking    ] GC(205) Concurrent Scan Root Regions
[4.446s][info][gc,marking    ] GC(205) Concurrent Scan Root Regions 0.078ms
[4.446s][info][gc,marking    ] GC(205) Concurrent Mark (4.446s)
[4.446s][info][gc,marking    ] GC(205) Concurrent Mark From Roots
[4.446s][info][gc,task       ] GC(205) Using 3 workers of 3 for marking
[4.449s][info][gc,marking    ] GC(205) Concurrent Mark From Roots 2.972ms
[4.449s][info][gc,marking    ] GC(205) Concurrent Preclean
[4.449s][info][gc,marking    ] GC(205) Concurrent Preclean 0.076ms
[4.449s][info][gc,marking    ] GC(205) Concurrent Mark (4.446s, 4.449s) 3.082ms
[4.449s][info][gc,start      ] GC(205) Pause Remark
[4.449s][info][gc,stringtable] GC(205) Cleaned string and symbol table, strings: 2630 processed, 0 removed, symbols: 25602 processed, 0 removed
[4.449s][info][gc            ] GC(205) Pause Remark 2024M->2024M(4064M) 0.495ms
[4.449s][info][gc,cpu        ] GC(205) User=0.00s Sys=0.00s Real=0.00s
[4.449s][info][gc,marking    ] GC(205) Concurrent Rebuild Remembered Sets
[4.451s][info][gc,marking    ] GC(205) Concurrent Rebuild Remembered Sets 2.038ms
[4.452s][info][gc,start      ] GC(205) Pause Cleanup
[4.452s][info][gc            ] GC(205) Pause Cleanup 2031M->2031M(4064M) 0.314ms
[4.452s][info][gc,cpu        ] GC(205) User=0.00s Sys=0.00s Real=0.00s
[4.452s][info][gc,marking    ] GC(205) Concurrent Cleanup for Next Mark
[4.454s][info][gc,marking    ] GC(205) Concurrent Cleanup for Next Mark 1.683ms
[4.454s][info][gc            ] GC(205) Concurrent Cycle 7.993ms
[4.458s][info][gc,start      ] GC(206) Pause Young (Concurrent Start) (G1 Humongous Allocation)
[4.458s][info][gc,task       ] GC(206) Using 13 workers of 13 for evacuation
[4.461s][info][gc,phases     ] GC(206)   Pre Evacuate Collection Set: 0.0ms
[4.461s][info][gc,phases     ] GC(206)   Evacuate Collection Set: 3.2ms
[4.461s][info][gc,phases     ] GC(206)   Post Evacuate Collection Set: 0.2ms
[4.461s][info][gc,phases     ] GC(206)   Other: 0.1ms
[4.461s][info][gc,heap       ] GC(206) Eden regions: 27->0(646)
[4.461s][info][gc,heap       ] GC(206) Survivor regions: 63->46(95)
[4.461s][info][gc,heap       ] GC(206) Old regions: 1800->1820
[4.461s][info][gc,heap       ] GC(206) Humongous regions: 159->154
[4.461s][info][gc,metaspace  ] GC(206) Metaspace: 6842K(7168K)->6842K(7168K) NonClass: 6254K(6400K)->6254K(6400K) Class: 587K(768K)->587K(768K)
[4.461s][info][gc            ] GC(206) Pause Young (Concurrent Start) (G1 Humongous Allocation) 2047M->2019M(4064M) 3.591ms
[4.461s][info][gc,cpu        ] GC(206) User=0.00s Sys=0.00s Real=0.00s
[4.461s][info][gc            ] GC(207) Concurrent Cycle
[4.461s][info][gc,marking    ] GC(207) Concurrent Clear Claimed Marks
[4.461s][info][gc,marking    ] GC(207) Concurrent Clear Claimed Marks 0.010ms
[4.461s][info][gc,marking    ] GC(207) Concurrent Scan Root Regions
[4.461s][info][gc,marking    ] GC(207) Concurrent Scan Root Regions 0.066ms
[4.461s][info][gc,marking    ] GC(207) Concurrent Mark (4.461s)
[4.461s][info][gc,marking    ] GC(207) Concurrent Mark From Roots
[4.461s][info][gc,task       ] GC(207) Using 3 workers of 3 for marking
[4.464s][info][gc,marking    ] GC(207) Concurrent Mark From Roots 2.649ms
[4.464s][info][gc,marking    ] GC(207) Concurrent Preclean
[4.464s][info][gc,marking    ] GC(207) Concurrent Preclean 0.060ms
[4.464s][info][gc,marking    ] GC(207) Concurrent Mark (4.461s, 4.464s) 2.740ms
[4.464s][info][gc,start      ] GC(207) Pause Remark
[4.465s][info][gc,stringtable] GC(207) Cleaned string and symbol table, strings: 2630 processed, 0 removed, symbols: 25602 processed, 0 removed
[4.465s][info][gc            ] GC(207) Pause Remark 2028M->2028M(4064M) 0.505ms
[4.465s][info][gc,cpu        ] GC(207) User=0.00s Sys=0.00s Real=0.00s
[4.465s][info][gc,marking    ] GC(207) Concurrent Rebuild Remembered Sets
[4.467s][info][gc,marking    ] GC(207) Concurrent Rebuild Remembered Sets 1.802ms
[4.467s][info][gc,start      ] GC(207) Pause Cleanup
[4.467s][info][gc            ] GC(207) Pause Cleanup 2033M->2033M(4064M) 0.334ms
[4.467s][info][gc,cpu        ] GC(207) User=0.00s Sys=0.00s Real=0.00s
[4.467s][info][gc,marking    ] GC(207) Concurrent Cleanup for Next Mark
[4.469s][info][gc,marking    ] GC(207) Concurrent Cleanup for Next Mark 1.790ms
[4.469s][info][gc            ] GC(207) Concurrent Cycle 7.527ms
[4.471s][info][gc,start      ] GC(208) Pause Young (Concurrent Start) (G1 Humongous Allocation)
[4.471s][info][gc,task       ] GC(208) Using 13 workers of 13 for evacuation
[4.473s][info][gc,phases     ] GC(208)   Pre Evacuate Collection Set: 0.0ms
[4.473s][info][gc,phases     ] GC(208)   Evacuate Collection Set: 2.4ms
[4.473s][info][gc,phases     ] GC(208)   Post Evacuate Collection Set: 0.2ms
[4.473s][info][gc,phases     ] GC(208)   Other: 0.1ms
[4.473s][info][gc,heap       ] GC(208) Eden regions: 20->0(704)
[4.473s][info][gc,heap       ] GC(208) Survivor regions: 46->50(87)
[4.473s][info][gc,heap       ] GC(208) Old regions: 1820->1820
[4.473s][info][gc,heap       ] GC(208) Humongous regions: 156->154
[4.473s][info][gc,metaspace  ] GC(208) Metaspace: 6842K(7168K)->6842K(7168K) NonClass: 6254K(6400K)->6254K(6400K) Class: 587K(768K)->587K(768K)
[4.473s][info][gc            ] GC(208) Pause Young (Concurrent Start) (G1 Humongous Allocation) 2041M->2022M(4064M) 2.820ms
[4.473s][info][gc,cpu        ] GC(208) User=0.09s Sys=0.03s Real=0.00s
[4.473s][info][gc            ] GC(209) Concurrent Cycle
[4.473s][info][gc,marking    ] GC(209) Concurrent Clear Claimed Marks
[4.473s][info][gc,marking    ] GC(209) Concurrent Clear Claimed Marks 0.012ms
[4.473s][info][gc,marking    ] GC(209) Concurrent Scan Root Regions
[4.473s][info][gc,marking    ] GC(209) Concurrent Scan Root Regions 0.069ms
[4.473s][info][gc,marking    ] GC(209) Concurrent Mark (4.473s)
[4.473s][info][gc,marking    ] GC(209) Concurrent Mark From Roots
[4.474s][info][gc,task       ] GC(209) Using 3 workers of 3 for marking
[4.476s][info][gc,marking    ] GC(209) Concurrent Mark From Roots 2.513ms
[4.476s][info][gc,marking    ] GC(209) Concurrent Preclean
[4.476s][info][gc,marking    ] GC(209) Concurrent Preclean 0.091ms
[4.476s][info][gc,marking    ] GC(209) Concurrent Mark (4.473s, 4.476s) 2.638ms
[4.476s][info][gc,start      ] GC(209) Pause Remark
[4.477s][info][gc,stringtable] GC(209) Cleaned string and symbol table, strings: 2630 processed, 0 removed, symbols: 25602 processed, 0 removed
[4.477s][info][gc            ] GC(209) Pause Remark 2031M->2031M(4064M) 0.476ms
[4.477s][info][gc,cpu        ] GC(209) User=0.00s Sys=0.00s Real=0.00s
[4.477s][info][gc,marking    ] GC(209) Concurrent Rebuild Remembered Sets
[4.478s][info][gc,marking    ] GC(209) Concurrent Rebuild Remembered Sets 1.738ms
[4.479s][info][gc,start      ] GC(209) Pause Cleanup
[4.479s][info][gc            ] GC(209) Pause Cleanup 2035M->2035M(4064M) 0.331ms
[4.479s][info][gc,cpu        ] GC(209) User=0.00s Sys=0.00s Real=0.00s
[4.479s][info][gc,marking    ] GC(209) Concurrent Cleanup for Next Mark
[4.480s][info][gc,marking    ] GC(209) Concurrent Cleanup for Next Mark 1.504ms
[4.480s][info][gc            ] GC(209) Concurrent Cycle 7.027ms
[4.490s][info][gc,start      ] GC(210) Pause Young (Concurrent Start) (G1 Humongous Allocation)
[4.490s][info][gc,task       ] GC(210) Using 13 workers of 13 for evacuation
[4.493s][info][gc,phases     ] GC(210)   Pre Evacuate Collection Set: 0.0ms
[4.493s][info][gc,phases     ] GC(210)   Evacuate Collection Set: 2.8ms
[4.493s][info][gc,phases     ] GC(210)   Post Evacuate Collection Set: 0.3ms
[4.493s][info][gc,phases     ] GC(210)   Other: 0.1ms
[4.493s][info][gc,heap       ] GC(210) Eden regions: 45->0(789)
[4.493s][info][gc,heap       ] GC(210) Survivor regions: 50->59(95)
[4.493s][info][gc,heap       ] GC(210) Old regions: 1820->1820
[4.493s][info][gc,heap       ] GC(210) Humongous regions: 156->154
[4.493s][info][gc,metaspace  ] GC(210) Metaspace: 6842K(7168K)->6842K(7168K) NonClass: 6254K(6400K)->6254K(6400K) Class: 587K(768K)->587K(768K)
[4.493s][info][gc            ] GC(210) Pause Young (Concurrent Start) (G1 Humongous Allocation) 2069M->2031M(4071M) 3.371ms
[4.493s][info][gc,cpu        ] GC(210) User=0.00s Sys=0.00s Real=0.00s
[4.493s][info][gc            ] GC(211) Concurrent Cycle
[4.493s][info][gc,marking    ] GC(211) Concurrent Clear Claimed Marks
[4.493s][info][gc,marking    ] GC(211) Concurrent Clear Claimed Marks 0.010ms
[4.493s][info][gc,marking    ] GC(211) Concurrent Scan Root Regions
[4.493s][info][gc,marking    ] GC(211) Concurrent Scan Root Regions 0.071ms
[4.493s][info][gc,marking    ] GC(211) Concurrent Mark (4.493s)
[4.493s][info][gc,marking    ] GC(211) Concurrent Mark From Roots
[4.493s][info][gc,task       ] GC(211) Using 3 workers of 3 for marking
[4.496s][info][gc,marking    ] GC(211) Concurrent Mark From Roots 2.661ms
[4.496s][info][gc,marking    ] GC(211) Concurrent Preclean
[4.496s][info][gc,marking    ] GC(211) Concurrent Preclean 0.060ms
[4.496s][info][gc,marking    ] GC(211) Concurrent Mark (4.493s, 4.496s) 2.751ms
[4.496s][info][gc,start      ] GC(211) Pause Remark
[4.496s][info][gc,stringtable] GC(211) Cleaned string and symbol table, strings: 2630 processed, 0 removed, symbols: 25602 processed, 0 removed
[4.497s][info][gc            ] GC(211) Pause Remark 2037M->2037M(4071M) 0.493ms
[4.497s][info][gc,cpu        ] GC(211) User=0.00s Sys=0.00s Real=0.00s
[4.497s][info][gc,marking    ] GC(211) Concurrent Rebuild Remembered Sets
[4.498s][info][gc,marking    ] GC(211) Concurrent Rebuild Remembered Sets 1.823ms
[4.499s][info][gc,start      ] GC(211) Pause Cleanup
[4.499s][info][gc            ] GC(211) Pause Cleanup 2041M->2041M(4071M) 0.311ms
[4.499s][info][gc,cpu        ] GC(211) User=0.00s Sys=0.00s Real=0.00s
[4.499s][info][gc,marking    ] GC(211) Concurrent Cleanup for Next Mark
[4.501s][info][gc,marking    ] GC(211) Concurrent Cleanup for Next Mark 1.712ms
[4.501s][info][gc            ] GC(211) Concurrent Cycle 7.429ms
[4.501s][info][gc,start      ] GC(212) Pause Young (Concurrent Start) (G1 Humongous Allocation)
[4.501s][info][gc,task       ] GC(212) Using 13 workers of 13 for evacuation
[4.504s][info][gc,phases     ] GC(212)   Pre Evacuate Collection Set: 0.0ms
[4.504s][info][gc,phases     ] GC(212)   Evacuate Collection Set: 2.8ms
[4.504s][info][gc,phases     ] GC(212)   Post Evacuate Collection Set: 0.2ms
[4.504s][info][gc,phases     ] GC(212)   Other: 0.1ms
[4.504s][info][gc,heap       ] GC(212) Eden regions: 12->0(850)
[4.504s][info][gc,heap       ] GC(212) Survivor regions: 59->23(106)
[4.504s][info][gc,heap       ] GC(212) Old regions: 1820->1858
[4.504s][info][gc,heap       ] GC(212) Humongous regions: 155->154
[4.504s][info][gc,metaspace  ] GC(212) Metaspace: 6842K(7168K)->6842K(7168K) NonClass: 6254K(6400K)->6254K(6400K) Class: 587K(768K)->587K(768K)
[4.504s][info][gc            ] GC(212) Pause Young (Concurrent Start) (G1 Humongous Allocation) 2044M->2034M(4071M) 3.232ms
[4.504s][info][gc,cpu        ] GC(212) User=0.16s Sys=0.02s Real=0.00s
[4.504s][info][gc            ] GC(213) Concurrent Cycle
[4.504s][info][gc,marking    ] GC(213) Concurrent Clear Claimed Marks
[4.504s][info][gc,marking    ] GC(213) Concurrent Clear Claimed Marks 0.011ms
[4.504s][info][gc,marking    ] GC(213) Concurrent Scan Root Regions
[4.504s][info][gc,marking    ] GC(213) Concurrent Scan Root Regions 0.040ms
[4.504s][info][gc,marking    ] GC(213) Concurrent Mark (4.504s)
[4.504s][info][gc,marking    ] GC(213) Concurrent Mark From Roots
[4.504s][info][gc,task       ] GC(213) Using 3 workers of 3 for marking
[4.507s][info][gc,marking    ] GC(213) Concurrent Mark From Roots 2.456ms
[4.507s][info][gc,marking    ] GC(213) Concurrent Preclean
[4.507s][info][gc,marking    ] GC(213) Concurrent Preclean 0.061ms
[4.507s][info][gc,marking    ] GC(213) Concurrent Mark (4.504s, 4.507s) 2.550ms
[4.507s][info][gc,start      ] GC(213) Pause Remark
[4.507s][info][gc,stringtable] GC(213) Cleaned string and symbol table, strings: 2630 processed, 0 removed, symbols: 25602 processed, 0 removed
[4.507s][info][gc            ] GC(213) Pause Remark 2042M->2042M(4071M) 0.472ms
[4.507s][info][gc,cpu        ] GC(213) User=0.00s Sys=0.00s Real=0.00s
[4.507s][info][gc,marking    ] GC(213) Concurrent Rebuild Remembered Sets
[4.509s][info][gc,marking    ] GC(213) Concurrent Rebuild Remembered Sets 1.813ms
[4.509s][info][gc,start      ] GC(213) Pause Cleanup
[4.509s][info][gc            ] GC(213) Pause Cleanup 2048M->2048M(4071M) 0.316ms
[4.509s][info][gc,cpu        ] GC(213) User=0.00s Sys=0.00s Real=0.00s
[4.509s][info][gc,marking    ] GC(213) Concurrent Cleanup for Next Mark
[4.511s][info][gc,marking    ] GC(213) Concurrent Cleanup for Next Mark 1.546ms
[4.511s][info][gc            ] GC(213) Concurrent Cycle 6.972ms
[4.512s][info][gc,start      ] GC(214) Pause Young (Concurrent Start) (G1 Humongous Allocation)
[4.512s][info][gc,task       ] GC(214) Using 13 workers of 13 for evacuation
[4.513s][info][gc,phases     ] GC(214)   Pre Evacuate Collection Set: 0.0ms
[4.513s][info][gc,phases     ] GC(214)   Evacuate Collection Set: 1.2ms
[4.513s][info][gc,phases     ] GC(214)   Post Evacuate Collection Set: 0.2ms
[4.513s][info][gc,phases     ] GC(214)   Other: 0.1ms
[4.513s][info][gc,heap       ] GC(214) Eden regions: 18->0(674)
[4.513s][info][gc,heap       ] GC(214) Survivor regions: 23->26(110)
[4.513s][info][gc,heap       ] GC(214) Old regions: 1858->1858
[4.513s][info][gc,heap       ] GC(214) Humongous regions: 156->154
[4.513s][info][gc,metaspace  ] GC(214) Metaspace: 6842K(7168K)->6842K(7168K) NonClass: 6254K(6400K)->6254K(6400K) Class: 587K(768K)->587K(768K)
[4.513s][info][gc            ] GC(214) Pause Young (Concurrent Start) (G1 Humongous Allocation) 2053M->2036M(4071M) 1.589ms
[4.513s][info][gc,cpu        ] GC(214) User=0.00s Sys=0.00s Real=0.00s
[4.513s][info][gc            ] GC(215) Concurrent Cycle
[4.513s][info][gc,marking    ] GC(215) Concurrent Clear Claimed Marks
[4.513s][info][gc,marking    ] GC(215) Concurrent Clear Claimed Marks 0.010ms
[4.513s][info][gc,marking    ] GC(215) Concurrent Scan Root Regions
[4.513s][info][gc,marking    ] GC(215) Concurrent Scan Root Regions 0.039ms
[4.513s][info][gc,marking    ] GC(215) Concurrent Mark (4.513s)
[4.513s][info][gc,marking    ] GC(215) Concurrent Mark From Roots
[4.513s][info][gc,task       ] GC(215) Using 3 workers of 3 for marking
[4.516s][info][gc,marking    ] GC(215) Concurrent Mark From Roots 2.370ms
[4.516s][info][gc,marking    ] GC(215) Concurrent Preclean
[4.516s][info][gc,marking    ] GC(215) Concurrent Preclean 0.077ms
[4.516s][info][gc,marking    ] GC(215) Concurrent Mark (4.513s, 4.516s) 2.491ms
[4.516s][info][gc,start      ] GC(215) Pause Remark
[4.516s][info][gc,stringtable] GC(215) Cleaned string and symbol table, strings: 2630 processed, 0 removed, symbols: 25602 processed, 0 removed
[4.516s][info][gc            ] GC(215) Pause Remark 2044M->2044M(4071M) 0.474ms
[4.516s][info][gc,cpu        ] GC(215) User=0.00s Sys=0.00s Real=0.00s
[4.516s][info][gc,marking    ] GC(215) Concurrent Rebuild Remembered Sets
[4.518s][info][gc,marking    ] GC(215) Concurrent Rebuild Remembered Sets 1.747ms
[4.518s][info][gc,start      ] GC(215) Pause Cleanup
[4.518s][info][gc            ] GC(215) Pause Cleanup 2050M->2050M(4071M) 0.320ms
[4.518s][info][gc,cpu        ] GC(215) User=0.20s Sys=0.00s Real=0.00s
[4.518s][info][gc,marking    ] GC(215) Concurrent Cleanup for Next Mark
[4.520s][info][gc,marking    ] GC(215) Concurrent Cleanup for Next Mark 1.491ms
[4.520s][info][gc            ] GC(215) Concurrent Cycle 6.835ms
[4.529s][info][gc,start      ] GC(216) Pause Young (Concurrent Start) (G1 Humongous Allocation)
[4.529s][info][gc,task       ] GC(216) Using 13 workers of 13 for evacuation
[4.531s][info][gc,phases     ] GC(216)   Pre Evacuate Collection Set: 0.0ms
[4.531s][info][gc,phases     ] GC(216)   Evacuate Collection Set: 1.7ms
[4.531s][info][gc,phases     ] GC(216)   Post Evacuate Collection Set: 0.2ms
[4.531s][info][gc,phases     ] GC(216)   Other: 0.1ms
[4.531s][info][gc,heap       ] GC(216) Eden regions: 46->0(749)
[4.531s][info][gc,heap       ] GC(216) Survivor regions: 26->34(88)
[4.531s][info][gc,heap       ] GC(216) Old regions: 1858->1858
[4.531s][info][gc,heap       ] GC(216) Humongous regions: 155->154
[4.531s][info][gc,metaspace  ] GC(216) Metaspace: 6842K(7168K)->6842K(7168K) NonClass: 6254K(6400K)->6254K(6400K) Class: 587K(768K)->587K(768K)
[4.531s][info][gc            ] GC(216) Pause Young (Concurrent Start) (G1 Humongous Allocation) 2083M->2044M(4071M) 2.204ms
[4.531s][info][gc,cpu        ] GC(216) User=0.00s Sys=0.00s Real=0.00s
[4.531s][info][gc            ] GC(217) Concurrent Cycle
[4.531s][info][gc,marking    ] GC(217) Concurrent Clear Claimed Marks
[4.531s][info][gc,marking    ] GC(217) Concurrent Clear Claimed Marks 0.010ms
[4.531s][info][gc,marking    ] GC(217) Concurrent Scan Root Regions
[4.531s][info][gc,marking    ] GC(217) Concurrent Scan Root Regions 0.048ms
[4.531s][info][gc,marking    ] GC(217) Concurrent Mark (4.531s)
[4.531s][info][gc,marking    ] GC(217) Concurrent Mark From Roots
[4.531s][info][gc,task       ] GC(217) Using 3 workers of 3 for marking
[4.534s][info][gc,marking    ] GC(217) Concurrent Mark From Roots 2.414ms
[4.534s][info][gc,marking    ] GC(217) Concurrent Preclean
[4.534s][info][gc,marking    ] GC(217) Concurrent Preclean 0.092ms
[4.534s][info][gc,marking    ] GC(217) Concurrent Mark (4.531s, 4.534s) 2.540ms
[4.534s][info][gc,start      ] GC(217) Pause Remark
[4.534s][info][gc,stringtable] GC(217) Cleaned string and symbol table, strings: 2630 processed, 0 removed, symbols: 25602 processed, 0 removed
[4.534s][info][gc            ] GC(217) Pause Remark 2052M->2052M(4071M) 0.478ms
[4.534s][info][gc,cpu        ] GC(217) User=0.00s Sys=0.20s Real=0.00s
[4.534s][info][gc,marking    ] GC(217) Concurrent Rebuild Remembered Sets
[4.536s][info][gc,marking    ] GC(217) Concurrent Rebuild Remembered Sets 1.736ms
[4.536s][info][gc,start      ] GC(217) Pause Cleanup
[4.536s][info][gc            ] GC(217) Pause Cleanup 2057M->2057M(4071M) 0.331ms
[4.536s][info][gc,cpu        ] GC(217) User=0.00s Sys=0.00s Real=0.00s
[4.536s][info][gc,marking    ] GC(217) Concurrent Cleanup for Next Mark
[4.538s][info][gc,marking    ] GC(217) Concurrent Cleanup for Next Mark 1.505ms
[4.538s][info][gc            ] GC(217) Concurrent Cycle 6.911ms
[4.546s][info][gc,start      ] GC(218) Pause Young (Concurrent Start) (G1 Humongous Allocation)
[4.546s][info][gc,task       ] GC(218) Using 13 workers of 13 for evacuation
[4.548s][info][gc,phases     ] GC(218)   Pre Evacuate Collection Set: 0.0ms
[4.548s][info][gc,phases     ] GC(218)   Evacuate Collection Set: 1.9ms
[4.548s][info][gc,phases     ] GC(218)   Post Evacuate Collection Set: 0.2ms
[4.548s][info][gc,phases     ] GC(218)   Other: 0.1ms
[4.548s][info][gc,heap       ] GC(218) Eden regions: 41->0(834)
[4.548s][info][gc,heap       ] GC(218) Survivor regions: 34->43(98)
[4.548s][info][gc,heap       ] GC(218) Old regions: 1858->1858
[4.548s][info][gc,heap       ] GC(218) Humongous regions: 156->154
[4.548s][info][gc,metaspace  ] GC(218) Metaspace: 6842K(7168K)->6842K(7168K) NonClass: 6254K(6400K)->6254K(6400K) Class: 587K(768K)->587K(768K)
[4.548s][info][gc            ] GC(218) Pause Young (Concurrent Start) (G1 Humongous Allocation) 2086M->2053M(4071M) 2.338ms
[4.548s][info][gc,cpu        ] GC(218) User=0.00s Sys=0.00s Real=0.00s
[4.548s][info][gc            ] GC(219) Concurrent Cycle
[4.548s][info][gc,marking    ] GC(219) Concurrent Clear Claimed Marks
[4.548s][info][gc,marking    ] GC(219) Concurrent Clear Claimed Marks 0.010ms
[4.548s][info][gc,marking    ] GC(219) Concurrent Scan Root Regions
[4.548s][info][gc,marking    ] GC(219) Concurrent Scan Root Regions 0.051ms
[4.548s][info][gc,marking    ] GC(219) Concurrent Mark (4.548s)
[4.548s][info][gc,marking    ] GC(219) Concurrent Mark From Roots
[4.548s][info][gc,task       ] GC(219) Using 3 workers of 3 for marking
[4.551s][info][gc,marking    ] GC(219) Concurrent Mark From Roots 2.574ms
[4.551s][info][gc,marking    ] GC(219) Concurrent Preclean
[4.551s][info][gc,marking    ] GC(219) Concurrent Preclean 0.075ms
[4.551s][info][gc,marking    ] GC(219) Concurrent Mark (4.548s, 4.551s) 2.678ms
[4.551s][info][gc,start      ] GC(219) Pause Remark
[4.551s][info][gc,stringtable] GC(219) Cleaned string and symbol table, strings: 2630 processed, 0 removed, symbols: 25602 processed, 0 removed
[4.551s][info][gc            ] GC(219) Pause Remark 2063M->2063M(4071M) 0.492ms
[4.551s][info][gc,cpu        ] GC(219) User=0.00s Sys=0.00s Real=0.00s
[4.551s][info][gc,marking    ] GC(219) Concurrent Rebuild Remembered Sets
[4.553s][info][gc,marking    ] GC(219) Concurrent Rebuild Remembered Sets 1.786ms
[4.553s][info][gc,start      ] GC(219) Pause Cleanup
[4.554s][info][gc            ] GC(219) Pause Cleanup 2070M->2070M(4071M) 0.327ms
[4.554s][info][gc,cpu        ] GC(219) User=0.00s Sys=0.00s Real=0.00s
[4.554s][info][gc,marking    ] GC(219) Concurrent Cleanup for Next Mark
[4.555s][info][gc,marking    ] GC(219) Concurrent Cleanup for Next Mark 1.540ms
[4.555s][info][gc            ] GC(219) Concurrent Cycle 7.140ms
[4.562s][info][gc,start      ] GC(220) Pause Young (Concurrent Start) (G1 Humongous Allocation)
[4.562s][info][gc,task       ] GC(220) Using 13 workers of 13 for evacuation
[4.565s][info][gc,phases     ] GC(220)   Pre Evacuate Collection Set: 0.0ms
[4.565s][info][gc,phases     ] GC(220)   Evacuate Collection Set: 2.3ms
[4.565s][info][gc,phases     ] GC(220)   Post Evacuate Collection Set: 0.3ms
[4.565s][info][gc,phases     ] GC(220)   Other: 0.1ms
[4.565s][info][gc,heap       ] GC(220) Eden regions: 39->0(764)
[4.565s][info][gc,heap       ] GC(220) Survivor regions: 43->50(110)
[4.565s][info][gc,heap       ] GC(220) Old regions: 1858->1858
[4.565s][info][gc,heap       ] GC(220) Humongous regions: 159->155
[4.565s][info][gc,metaspace  ] GC(220) Metaspace: 6842K(7168K)->6842K(7168K) NonClass: 6254K(6400K)->6254K(6400K) Class: 587K(768K)->587K(768K)
[4.565s][info][gc            ] GC(220) Pause Young (Concurrent Start) (G1 Humongous Allocation) 2096M->2061M(4074M) 2.883ms
[4.565s][info][gc,cpu        ] GC(220) User=0.00s Sys=0.00s Real=0.00s
[4.565s][info][gc            ] GC(221) Concurrent Cycle
[4.565s][info][gc,marking    ] GC(221) Concurrent Clear Claimed Marks
[4.565s][info][gc,marking    ] GC(221) Concurrent Clear Claimed Marks 0.013ms
[4.565s][info][gc,marking    ] GC(221) Concurrent Scan Root Regions
[4.565s][info][gc,marking    ] GC(221) Concurrent Scan Root Regions 0.053ms
[4.565s][info][gc,marking    ] GC(221) Concurrent Mark (4.565s)
[4.565s][info][gc,marking    ] GC(221) Concurrent Mark From Roots
[4.565s][info][gc,task       ] GC(221) Using 3 workers of 3 for marking
[4.568s][info][gc,marking    ] GC(221) Concurrent Mark From Roots 2.568ms
[4.568s][info][gc,marking    ] GC(221) Concurrent Preclean
[4.568s][info][gc,marking    ] GC(221) Concurrent Preclean 0.075ms
[4.568s][info][gc,marking    ] GC(221) Concurrent Mark (4.565s, 4.568s) 2.673ms
[4.568s][info][gc,start      ] GC(221) Pause Remark
[4.569s][info][gc,stringtable] GC(221) Cleaned string and symbol table, strings: 2630 processed, 0 removed, symbols: 25602 processed, 0 removed
[4.569s][info][gc            ] GC(221) Pause Remark 2069M->2069M(4074M) 0.493ms
[4.569s][info][gc,cpu        ] GC(221) User=0.00s Sys=0.00s Real=0.00s
[4.569s][info][gc,marking    ] GC(221) Concurrent Rebuild Remembered Sets
[4.571s][info][gc,marking    ] GC(221) Concurrent Rebuild Remembered Sets 1.787ms
[4.571s][info][gc,start      ] GC(221) Pause Cleanup
[4.571s][info][gc            ] GC(221) Pause Cleanup 2074M->2074M(4074M) 0.316ms
[4.571s][info][gc,cpu        ] GC(221) User=0.00s Sys=0.00s Real=0.00s
[4.571s][info][gc,marking    ] GC(221) Concurrent Cleanup for Next Mark
[4.573s][info][gc,marking    ] GC(221) Concurrent Cleanup for Next Mark 1.569ms
[4.573s][info][gc            ] GC(221) Concurrent Cycle 7.175ms
[4.575s][info][gc,start      ] GC(222) Pause Young (Concurrent Start) (G1 Humongous Allocation)
[4.575s][info][gc,task       ] GC(222) Using 13 workers of 13 for evacuation
[4.578s][info][gc,phases     ] GC(222)   Pre Evacuate Collection Set: 0.1ms
[4.578s][info][gc,phases     ] GC(222)   Evacuate Collection Set: 2.5ms
[4.578s][info][gc,phases     ] GC(222)   Post Evacuate Collection Set: 0.2ms
[4.578s][info][gc,phases     ] GC(222)   Other: 0.1ms
[4.578s][info][gc,heap       ] GC(222) Eden regions: 22->0(830)
[4.578s][info][gc,heap       ] GC(222) Survivor regions: 50->53(102)
[4.578s][info][gc,heap       ] GC(222) Old regions: 1858->1858
[4.578s][info][gc,heap       ] GC(222) Humongous regions: 158->156
[4.578s][info][gc,metaspace  ] GC(222) Metaspace: 6842K(7168K)->6842K(7168K) NonClass: 6254K(6400K)->6254K(6400K) Class: 587K(768K)->587K(768K)
[4.578s][info][gc            ] GC(222) Pause Young (Concurrent Start) (G1 Humongous Allocation) 2086M->2065M(4074M) 2.958ms
[4.578s][info][gc,cpu        ] GC(222) User=0.00s Sys=0.00s Real=0.00s
[4.578s][info][gc            ] GC(223) Concurrent Cycle
[4.578s][info][gc,marking    ] GC(223) Concurrent Clear Claimed Marks
[4.578s][info][gc,marking    ] GC(223) Concurrent Clear Claimed Marks 0.011ms
[4.578s][info][gc,marking    ] GC(223) Concurrent Scan Root Regions
[4.578s][info][gc,marking    ] GC(223) Concurrent Scan Root Regions 0.051ms
[4.578s][info][gc,marking    ] GC(223) Concurrent Mark (4.578s)
[4.578s][info][gc,marking    ] GC(223) Concurrent Mark From Roots
[4.578s][info][gc,task       ] GC(223) Using 3 workers of 3 for marking
[4.581s][info][gc,marking    ] GC(223) Concurrent Mark From Roots 2.564ms
[4.581s][info][gc,marking    ] GC(223) Concurrent Preclean
[4.581s][info][gc,marking    ] GC(223) Concurrent Preclean 0.075ms
[4.581s][info][gc,marking    ] GC(223) Concurrent Mark (4.578s, 4.581s) 2.668ms
[4.581s][info][gc,start      ] GC(223) Pause Remark
[4.581s][info][gc,stringtable] GC(223) Cleaned string and symbol table, strings: 2630 processed, 0 removed, symbols: 25602 processed, 0 removed
[4.582s][info][gc            ] GC(223) Pause Remark 2074M->2074M(4074M) 0.464ms
[4.582s][info][gc,cpu        ] GC(223) User=0.00s Sys=0.00s Real=0.00s
[4.582s][info][gc,marking    ] GC(223) Concurrent Rebuild Remembered Sets
[4.583s][info][gc,marking    ] GC(223) Concurrent Rebuild Remembered Sets 1.803ms
[4.583s][info][gc,start      ] GC(223) Pause Cleanup
[4.584s][info][gc            ] GC(223) Pause Cleanup 2079M->2079M(4074M) 0.330ms
[4.584s][info][gc,cpu        ] GC(223) User=0.00s Sys=0.00s Real=0.00s
[4.584s][info][gc,marking    ] GC(223) Concurrent Cleanup for Next Mark
[4.585s][info][gc,marking    ] GC(223) Concurrent Cleanup for Next Mark 1.500ms
[4.585s][info][gc            ] GC(223) Concurrent Cycle 7.073ms
[4.589s][info][gc,start      ] GC(224) Pause Young (Concurrent Start) (G1 Humongous Allocation)
[4.589s][info][gc,task       ] GC(224) Using 13 workers of 13 for evacuation
[4.592s][info][gc,phases     ] GC(224)   Pre Evacuate Collection Set: 0.0ms
[4.592s][info][gc,phases     ] GC(224)   Evacuate Collection Set: 2.7ms
[4.592s][info][gc,phases     ] GC(224)   Post Evacuate Collection Set: 0.2ms
[4.592s][info][gc,phases     ] GC(224)   Other: 0.1ms
[4.592s][info][gc,heap       ] GC(224) Eden regions: 29->0(700)
[4.592s][info][gc,heap       ] GC(224) Survivor regions: 53->58(111)
[4.592s][info][gc,heap       ] GC(224) Old regions: 1858->1858
[4.592s][info][gc,heap       ] GC(224) Humongous regions: 157->156
[4.592s][info][gc,metaspace  ] GC(224) Metaspace: 6842K(7168K)->6842K(7168K) NonClass: 6254K(6400K)->6254K(6400K) Class: 587K(768K)->587K(768K)
[4.593s][info][gc            ] GC(224) Pause Young (Concurrent Start) (G1 Humongous Allocation) 2095M->2070M(4074M) 3.201ms
[4.593s][info][gc,cpu        ] GC(224) User=0.00s Sys=0.00s Real=0.00s
[4.593s][info][gc            ] GC(225) Concurrent Cycle
[4.593s][info][gc,marking    ] GC(225) Concurrent Clear Claimed Marks
[4.593s][info][gc,marking    ] GC(225) Concurrent Clear Claimed Marks 0.013ms
[4.593s][info][gc,marking    ] GC(225) Concurrent Scan Root Regions
[4.593s][info][gc,marking    ] GC(225) Concurrent Scan Root Regions 0.057ms
[4.593s][info][gc,marking    ] GC(225) Concurrent Mark (4.593s)
[4.593s][info][gc,marking    ] GC(225) Concurrent Mark From Roots
[4.593s][info][gc,task       ] GC(225) Using 3 workers of 3 for marking
[4.595s][info][gc,marking    ] GC(225) Concurrent Mark From Roots 2.465ms
[4.595s][info][gc,marking    ] GC(225) Concurrent Preclean
[4.595s][info][gc,marking    ] GC(225) Concurrent Preclean 0.076ms
[4.595s][info][gc,marking    ] GC(225) Concurrent Mark (4.593s, 4.595s) 2.577ms
[4.595s][info][gc,start      ] GC(225) Pause Remark
[4.596s][info][gc,stringtable] GC(225) Cleaned string and symbol table, strings: 2630 processed, 0 removed, symbols: 25602 processed, 0 removed
[4.596s][info][gc            ] GC(225) Pause Remark 2080M->2080M(4074M) 0.497ms
[4.596s][info][gc,cpu        ] GC(225) User=0.00s Sys=0.00s Real=0.00s
[4.596s][info][gc,marking    ] GC(225) Concurrent Rebuild Remembered Sets
[4.598s][info][gc,marking    ] GC(225) Concurrent Rebuild Remembered Sets 1.720ms
[4.598s][info][gc,start      ] GC(225) Pause Cleanup
[4.598s][info][gc            ] GC(225) Pause Cleanup 2085M->2085M(4074M) 0.369ms
[4.598s][info][gc,cpu        ] GC(225) User=0.00s Sys=0.00s Real=0.00s
[4.598s][info][gc,marking    ] GC(225) Concurrent Cleanup for Next Mark
[4.600s][info][gc,marking    ] GC(225) Concurrent Cleanup for Next Mark 1.421ms
[4.600s][info][gc            ] GC(225) Concurrent Cycle 6.918ms
[4.600s][info][gc,start      ] GC(226) Pause Young (Concurrent Start) (G1 Humongous Allocation)
[4.600s][info][gc,task       ] GC(226) Using 13 workers of 13 for evacuation
[4.603s][info][gc,phases     ] GC(226)   Pre Evacuate Collection Set: 0.0ms
[4.603s][info][gc,phases     ] GC(226)   Evacuate Collection Set: 2.9ms
[4.603s][info][gc,phases     ] GC(226)   Post Evacuate Collection Set: 0.2ms
[4.603s][info][gc,phases     ] GC(226)   Other: 0.1ms
[4.603s][info][gc,heap       ] GC(226) Eden regions: 17->0(646)
[4.603s][info][gc,heap       ] GC(226) Survivor regions: 58->55(95)
[4.603s][info][gc,heap       ] GC(226) Old regions: 1858->1865
[4.603s][info][gc,heap       ] GC(226) Humongous regions: 159->156
[4.603s][info][gc,metaspace  ] GC(226) Metaspace: 6842K(7168K)->6842K(7168K) NonClass: 6254K(6400K)->6254K(6400K) Class: 587K(768K)->587K(768K)
[4.603s][info][gc            ] GC(226) Pause Young (Concurrent Start) (G1 Humongous Allocation) 2090M->2074M(4074M) 3.310ms
[4.603s][info][gc,cpu        ] GC(226) User=0.00s Sys=0.00s Real=0.00s
[4.603s][info][gc            ] GC(227) Concurrent Cycle
[4.603s][info][gc,marking    ] GC(227) Concurrent Clear Claimed Marks
[4.603s][info][gc,marking    ] GC(227) Concurrent Clear Claimed Marks 0.010ms
[4.603s][info][gc,marking    ] GC(227) Concurrent Scan Root Regions
[4.603s][info][gc,marking    ] GC(227) Concurrent Scan Root Regions 0.044ms
[4.603s][info][gc,marking    ] GC(227) Concurrent Mark (4.603s)
[4.603s][info][gc,marking    ] GC(227) Concurrent Mark From Roots
[4.603s][info][gc,task       ] GC(227) Using 3 workers of 3 for marking
[4.606s][info][gc,marking    ] GC(227) Concurrent Mark From Roots 2.413ms
[4.606s][info][gc,marking    ] GC(227) Concurrent Preclean
[4.606s][info][gc,marking    ] GC(227) Concurrent Preclean 0.089ms
[4.606s][info][gc,marking    ] GC(227) Concurrent Mark (4.603s, 4.606s) 2.535ms
[4.606s][info][gc,start      ] GC(227) Pause Remark
[4.606s][info][gc,stringtable] GC(227) Cleaned string and symbol table, strings: 2630 processed, 0 removed, symbols: 25602 processed, 0 removed
[4.606s][info][gc            ] GC(227) Pause Remark 2083M->2083M(4074M) 0.446ms
[4.606s][info][gc,cpu        ] GC(227) User=0.00s Sys=0.00s Real=0.00s
[4.606s][info][gc,marking    ] GC(227) Concurrent Rebuild Remembered Sets
[4.608s][info][gc,marking    ] GC(227) Concurrent Rebuild Remembered Sets 1.683ms
[4.608s][info][gc,start      ] GC(227) Pause Cleanup
[4.608s][info][gc            ] GC(227) Pause Cleanup 2088M->2088M(4074M) 0.327ms
[4.608s][info][gc,cpu        ] GC(227) User=0.00s Sys=0.00s Real=0.00s
[4.609s][info][gc,marking    ] GC(227) Concurrent Cleanup for Next Mark
[4.610s][info][gc,marking    ] GC(227) Concurrent Cleanup for Next Mark 1.487ms
[4.610s][info][gc            ] GC(227) Concurrent Cycle 6.897ms
[4.614s][info][gc,start      ] GC(228) Pause Young (Concurrent Start) (G1 Humongous Allocation)
[4.614s][info][gc,task       ] GC(228) Using 13 workers of 13 for evacuation
[4.617s][info][gc,phases     ] GC(228)   Pre Evacuate Collection Set: 0.0ms
[4.617s][info][gc,phases     ] GC(228)   Evacuate Collection Set: 2.8ms
[4.617s][info][gc,phases     ] GC(228)   Post Evacuate Collection Set: 0.3ms
[4.617s][info][gc,phases     ] GC(228)   Other: 0.1ms
[4.617s][info][gc,heap       ] GC(228) Eden regions: 27->0(662)
[4.617s][info][gc,heap       ] GC(228) Survivor regions: 55->47(88)
[4.617s][info][gc,heap       ] GC(228) Old regions: 1865->1877
[4.617s][info][gc,heap       ] GC(228) Humongous regions: 157->156
[4.617s][info][gc,metaspace  ] GC(228) Metaspace: 6842K(7168K)->6842K(7168K) NonClass: 6254K(6400K)->6254K(6400K) Class: 587K(768K)->587K(768K)
[4.617s][info][gc            ] GC(228) Pause Young (Concurrent Start) (G1 Humongous Allocation) 2102M->2078M(4079M) 3.294ms
[4.617s][info][gc,cpu        ] GC(228) User=0.00s Sys=0.00s Real=0.00s
[4.617s][info][gc            ] GC(229) Concurrent Cycle
[4.617s][info][gc,marking    ] GC(229) Concurrent Clear Claimed Marks
[4.617s][info][gc,marking    ] GC(229) Concurrent Clear Claimed Marks 0.013ms
[4.617s][info][gc,marking    ] GC(229) Concurrent Scan Root Regions
[4.617s][info][gc,marking    ] GC(229) Concurrent Scan Root Regions 0.042ms
[4.617s][info][gc,marking    ] GC(229) Concurrent Mark (4.617s)
[4.617s][info][gc,marking    ] GC(229) Concurrent Mark From Roots
[4.617s][info][gc,task       ] GC(229) Using 3 workers of 3 for marking
[4.620s][info][gc,marking    ] GC(229) Concurrent Mark From Roots 2.460ms
[4.620s][info][gc,marking    ] GC(229) Concurrent Preclean
[4.620s][info][gc,marking    ] GC(229) Concurrent Preclean 0.076ms
[4.620s][info][gc,marking    ] GC(229) Concurrent Mark (4.617s, 4.620s) 2.567ms
[4.620s][info][gc,start      ] GC(229) Pause Remark
[4.620s][info][gc,stringtable] GC(229) Cleaned string and symbol table, strings: 2630 processed, 0 removed, symbols: 25602 processed, 0 removed
[4.620s][info][gc            ] GC(229) Pause Remark 2084M->2084M(4079M) 0.445ms
[4.620s][info][gc,cpu        ] GC(229) User=0.00s Sys=0.00s Real=0.00s
[4.620s][info][gc,marking    ] GC(229) Concurrent Rebuild Remembered Sets
[4.622s][info][gc,marking    ] GC(229) Concurrent Rebuild Remembered Sets 1.776ms
[4.622s][info][gc,start      ] GC(229) Pause Cleanup
[4.622s][info][gc            ] GC(229) Pause Cleanup 2089M->2089M(4079M) 0.335ms
[4.622s][info][gc,cpu        ] GC(229) User=0.00s Sys=0.00s Real=0.00s
[4.623s][info][gc,marking    ] GC(229) Concurrent Cleanup for Next Mark
[4.624s][info][gc,marking    ] GC(229) Concurrent Cleanup for Next Mark 1.406ms
[4.624s][info][gc            ] GC(229) Concurrent Cycle 6.866ms
[4.626s][info][gc,start      ] GC(230) Pause Young (Concurrent Start) (G1 Humongous Allocation)
[4.626s][info][gc,task       ] GC(230) Using 13 workers of 13 for evacuation
[4.629s][info][gc,phases     ] GC(230)   Pre Evacuate Collection Set: 0.0ms
[4.629s][info][gc,phases     ] GC(230)   Evacuate Collection Set: 2.4ms
[4.629s][info][gc,phases     ] GC(230)   Post Evacuate Collection Set: 0.2ms
[4.629s][info][gc,phases     ] GC(230)   Other: 0.1ms
[4.629s][info][gc,heap       ] GC(230) Eden regions: 18->0(703)
[4.629s][info][gc,heap       ] GC(230) Survivor regions: 47->52(89)
[4.629s][info][gc,heap       ] GC(230) Old regions: 1877->1877
[4.629s][info][gc,heap       ] GC(230) Humongous regions: 157->156
[4.629s][info][gc,metaspace  ] GC(230) Metaspace: 6842K(7168K)->6842K(7168K) NonClass: 6254K(6400K)->6254K(6400K) Class: 587K(768K)->587K(768K)
[4.629s][info][gc            ] GC(230) Pause Young (Concurrent Start) (G1 Humongous Allocation) 2097M->2083M(4079M) 2.751ms
[4.629s][info][gc,cpu        ] GC(230) User=0.14s Sys=0.03s Real=0.00s
[4.629s][info][gc            ] GC(231) Concurrent Cycle
[4.629s][info][gc,marking    ] GC(231) Concurrent Clear Claimed Marks
[4.629s][info][gc,marking    ] GC(231) Concurrent Clear Claimed Marks 0.012ms
[4.629s][info][gc,marking    ] GC(231) Concurrent Scan Root Regions
[4.629s][info][gc,marking    ] GC(231) Concurrent Scan Root Regions 0.046ms
[4.629s][info][gc,marking    ] GC(231) Concurrent Mark (4.629s)
[4.629s][info][gc,marking    ] GC(231) Concurrent Mark From Roots
[4.629s][info][gc,task       ] GC(231) Using 3 workers of 3 for marking
[4.631s][info][gc,marking    ] GC(231) Concurrent Mark From Roots 2.486ms
[4.631s][info][gc,marking    ] GC(231) Concurrent Preclean
[4.632s][info][gc,marking    ] GC(231) Concurrent Preclean 0.090ms
[4.632s][info][gc,marking    ] GC(231) Concurrent Mark (4.629s, 4.632s) 2.611ms
[4.632s][info][gc,start      ] GC(231) Pause Remark
[4.632s][info][gc,stringtable] GC(231) Cleaned string and symbol table, strings: 2630 processed, 0 removed, symbols: 25602 processed, 0 removed
[4.632s][info][gc            ] GC(231) Pause Remark 2092M->2092M(4079M) 0.498ms
[4.632s][info][gc,cpu        ] GC(231) User=0.00s Sys=0.00s Real=0.00s
[4.632s][info][gc,marking    ] GC(231) Concurrent Rebuild Remembered Sets
[4.634s][info][gc,marking    ] GC(231) Concurrent Rebuild Remembered Sets 1.737ms
[4.634s][info][gc,start      ] GC(231) Pause Cleanup
[4.634s][info][gc            ] GC(231) Pause Cleanup 2098M->2098M(4079M) 0.317ms
[4.634s][info][gc,cpu        ] GC(231) User=0.00s Sys=0.00s Real=0.00s
[4.634s][info][gc,marking    ] GC(231) Concurrent Cleanup for Next Mark
[4.636s][info][gc,marking    ] GC(231) Concurrent Cleanup for Next Mark 1.384ms
[4.636s][info][gc            ] GC(231) Concurrent Cycle 6.875ms
[4.636s][info][gc,start      ] GC(232) Pause Young (Concurrent Start) (G1 Humongous Allocation)
[4.636s][info][gc,task       ] GC(232) Using 13 workers of 13 for evacuation
[4.639s][info][gc,phases     ] GC(232)   Pre Evacuate Collection Set: 0.0ms
[4.639s][info][gc,phases     ] GC(232)   Evacuate Collection Set: 2.5ms
[4.639s][info][gc,phases     ] GC(232)   Post Evacuate Collection Set: 0.2ms
[4.639s][info][gc,phases     ] GC(232)   Other: 0.1ms
[4.639s][info][gc,heap       ] GC(232) Eden regions: 17->0(712)
[4.639s][info][gc,heap       ] GC(232) Survivor regions: 52->54(95)
[4.639s][info][gc,heap       ] GC(232) Old regions: 1877->1877
[4.639s][info][gc,heap       ] GC(232) Humongous regions: 158->156
[4.639s][info][gc,metaspace  ] GC(232) Metaspace: 6842K(7168K)->6842K(7168K) NonClass: 6254K(6400K)->6254K(6400K) Class: 587K(768K)->587K(768K)
[4.639s][info][gc            ] GC(232) Pause Young (Concurrent Start) (G1 Humongous Allocation) 2102M->2086M(4079M) 2.926ms
[4.639s][info][gc,cpu        ] GC(232) User=0.00s Sys=0.00s Real=0.00s
[4.639s][info][gc            ] GC(233) Concurrent Cycle
[4.639s][info][gc,marking    ] GC(233) Concurrent Clear Claimed Marks
[4.639s][info][gc,marking    ] GC(233) Concurrent Clear Claimed Marks 0.012ms
[4.639s][info][gc,marking    ] GC(233) Concurrent Scan Root Regions
[4.639s][info][gc,marking    ] GC(233) Concurrent Scan Root Regions 0.046ms
[4.639s][info][gc,marking    ] GC(233) Concurrent Mark (4.639s)
[4.639s][info][gc,marking    ] GC(233) Concurrent Mark From Roots
[4.639s][info][gc,task       ] GC(233) Using 3 workers of 3 for marking
[4.642s][info][gc,marking    ] GC(233) Concurrent Mark From Roots 2.456ms
[4.642s][info][gc,marking    ] GC(233) Concurrent Preclean
[4.642s][info][gc,marking    ] GC(233) Concurrent Preclean 0.076ms
[4.642s][info][gc,marking    ] GC(233) Concurrent Mark (4.639s, 4.642s) 2.579ms
[4.642s][info][gc,start      ] GC(233) Pause Remark
[4.642s][info][gc,stringtable] GC(233) Cleaned string and symbol table, strings: 2630 processed, 0 removed, symbols: 25602 processed, 0 removed
[4.643s][info][gc            ] GC(233) Pause Remark 2094M->2094M(4079M) 0.442ms
[4.643s][info][gc,cpu        ] GC(233) User=0.00s Sys=0.00s Real=0.00s
[4.643s][info][gc,marking    ] GC(233) Concurrent Rebuild Remembered Sets
[4.644s][info][gc,marking    ] GC(233) Concurrent Rebuild Remembered Sets 1.666ms
[4.644s][info][gc,start      ] GC(233) Pause Cleanup
[4.645s][info][gc            ] GC(233) Pause Cleanup 2099M->2099M(4079M) 0.345ms
[4.645s][info][gc,cpu        ] GC(233) User=0.00s Sys=0.00s Real=0.00s
[4.645s][info][gc,marking    ] GC(233) Concurrent Cleanup for Next Mark
[4.646s][info][gc,marking    ] GC(233) Concurrent Cleanup for Next Mark 1.389ms
[4.646s][info][gc            ] GC(233) Concurrent Cycle 6.729ms
[4.660s][info][gc,start      ] GC(234) Pause Young (Concurrent Start) (G1 Humongous Allocation)
[4.660s][info][gc,task       ] GC(234) Using 13 workers of 13 for evacuation
[4.664s][info][gc,phases     ] GC(234)   Pre Evacuate Collection Set: 0.1ms
[4.664s][info][gc,phases     ] GC(234)   Evacuate Collection Set: 3.1ms
[4.664s][info][gc,phases     ] GC(234)   Post Evacuate Collection Set: 0.2ms
[4.664s][info][gc,phases     ] GC(234)   Other: 0.2ms
[4.664s][info][gc,heap       ] GC(234) Eden regions: 60->0(703)
[4.664s][info][gc,heap       ] GC(234) Survivor regions: 54->64(96)
[4.664s][info][gc,heap       ] GC(234) Old regions: 1877->1879
[4.664s][info][gc,heap       ] GC(234) Humongous regions: 158->156
[4.664s][info][gc,metaspace  ] GC(234) Metaspace: 6842K(7168K)->6842K(7168K) NonClass: 6254K(6400K)->6254K(6400K) Class: 587K(768K)->587K(768K)
[4.664s][info][gc            ] GC(234) Pause Young (Concurrent Start) (G1 Humongous Allocation) 2147M->2097M(4079M) 3.538ms
[4.664s][info][gc,cpu        ] GC(234) User=0.00s Sys=0.00s Real=0.00s
[4.664s][info][gc            ] GC(235) Concurrent Cycle
[4.664s][info][gc,marking    ] GC(235) Concurrent Clear Claimed Marks
[4.664s][info][gc,marking    ] GC(235) Concurrent Clear Claimed Marks 0.012ms
[4.664s][info][gc,marking    ] GC(235) Concurrent Scan Root Regions
[4.664s][info][gc,marking    ] GC(235) Concurrent Scan Root Regions 0.049ms
[4.664s][info][gc,marking    ] GC(235) Concurrent Mark (4.664s)
[4.664s][info][gc,marking    ] GC(235) Concurrent Mark From Roots
[4.664s][info][gc,task       ] GC(235) Using 3 workers of 3 for marking
[4.667s][info][gc,marking    ] GC(235) Concurrent Mark From Roots 2.770ms
[4.667s][info][gc,marking    ] GC(235) Concurrent Preclean
[4.667s][info][gc,marking    ] GC(235) Concurrent Preclean 0.063ms
[4.667s][info][gc,marking    ] GC(235) Concurrent Mark (4.664s, 4.667s) 2.866ms
[4.667s][info][gc,start      ] GC(235) Pause Remark
[4.667s][info][gc,stringtable] GC(235) Cleaned string and symbol table, strings: 2630 processed, 0 removed, symbols: 25602 processed, 0 removed
[4.667s][info][gc            ] GC(235) Pause Remark 2106M->2106M(4079M) 0.491ms
[4.667s][info][gc,cpu        ] GC(235) User=0.00s Sys=0.00s Real=0.00s
[4.667s][info][gc,marking    ] GC(235) Concurrent Rebuild Remembered Sets
[4.669s][info][gc,marking    ] GC(235) Concurrent Rebuild Remembered Sets 1.898ms
[4.669s][info][gc,start      ] GC(235) Pause Cleanup
[4.670s][info][gc            ] GC(235) Pause Cleanup 2112M->2112M(4079M) 0.377ms
[4.670s][info][gc,cpu        ] GC(235) User=0.00s Sys=0.00s Real=0.00s
[4.670s][info][gc,marking    ] GC(235) Concurrent Cleanup for Next Mark
[4.671s][info][gc,marking    ] GC(235) Concurrent Cleanup for Next Mark 1.609ms
[4.671s][info][gc            ] GC(235) Concurrent Cycle 7.554ms
[4.677s][info][gc,start      ] GC(236) Pause Young (Concurrent Start) (G1 Humongous Allocation)
[4.677s][info][gc,task       ] GC(236) Using 13 workers of 13 for evacuation
[4.680s][info][gc,phases     ] GC(236)   Pre Evacuate Collection Set: 0.0ms
[4.681s][info][gc,phases     ] GC(236)   Evacuate Collection Set: 3.3ms
[4.681s][info][gc,phases     ] GC(236)   Post Evacuate Collection Set: 0.3ms
[4.681s][info][gc,phases     ] GC(236)   Other: 0.1ms
[4.681s][info][gc,heap       ] GC(236) Eden regions: 34->0(744)
[4.681s][info][gc,heap       ] GC(236) Survivor regions: 64->58(96)
[4.681s][info][gc,heap       ] GC(236) Old regions: 1879->1891
[4.681s][info][gc,heap       ] GC(236) Humongous regions: 158->156
[4.681s][info][gc,metaspace  ] GC(236) Metaspace: 6842K(7168K)->6842K(7168K) NonClass: 6254K(6400K)->6254K(6400K) Class: 587K(768K)->587K(768K)
[4.681s][info][gc            ] GC(236) Pause Young (Concurrent Start) (G1 Humongous Allocation) 2133M->2104M(4083M) 3.878ms
[4.681s][info][gc,cpu        ] GC(236) User=0.00s Sys=0.00s Real=0.00s
[4.681s][info][gc            ] GC(237) Concurrent Cycle
[4.681s][info][gc,marking    ] GC(237) Concurrent Clear Claimed Marks
[4.681s][info][gc,marking    ] GC(237) Concurrent Clear Claimed Marks 0.013ms
[4.681s][info][gc,marking    ] GC(237) Concurrent Scan Root Regions
[4.681s][info][gc,marking    ] GC(237) Concurrent Scan Root Regions 0.058ms
[4.681s][info][gc,marking    ] GC(237) Concurrent Mark (4.681s)
[4.681s][info][gc,marking    ] GC(237) Concurrent Mark From Roots
[4.681s][info][gc,task       ] GC(237) Using 3 workers of 3 for marking
[4.684s][info][gc,marking    ] GC(237) Concurrent Mark From Roots 3.161ms
[4.684s][info][gc,marking    ] GC(237) Concurrent Preclean
[4.684s][info][gc,marking    ] GC(237) Concurrent Preclean 0.076ms
[4.684s][info][gc,marking    ] GC(237) Concurrent Mark (4.681s, 4.684s) 3.287ms
[4.684s][info][gc,start      ] GC(237) Pause Remark
[4.685s][info][gc,stringtable] GC(237) Cleaned string and symbol table, strings: 2630 processed, 0 removed, symbols: 25602 processed, 0 removed
[4.685s][info][gc            ] GC(237) Pause Remark 2113M->2113M(4083M) 0.524ms
[4.685s][info][gc,cpu        ] GC(237) User=0.00s Sys=0.00s Real=0.00s
[4.685s][info][gc,marking    ] GC(237) Concurrent Rebuild Remembered Sets
[4.687s][info][gc,marking    ] GC(237) Concurrent Rebuild Remembered Sets 2.156ms
[4.687s][info][gc,start      ] GC(237) Pause Cleanup
[4.687s][info][gc            ] GC(237) Pause Cleanup 2121M->2121M(4083M) 0.317ms
[4.687s][info][gc,cpu        ] GC(237) User=0.00s Sys=0.00s Real=0.00s
[4.687s][info][gc,marking    ] GC(237) Concurrent Cleanup for Next Mark
[4.689s][info][gc,marking    ] GC(237) Concurrent Cleanup for Next Mark 1.844ms
[4.689s][info][gc            ] GC(237) Concurrent Cycle 8.493ms
[4.690s][info][gc,start      ] GC(238) Pause Young (Concurrent Start) (G1 Humongous Allocation)
[4.690s][info][gc,task       ] GC(238) Using 13 workers of 13 for evacuation
[4.693s][info][gc,phases     ] GC(238)   Pre Evacuate Collection Set: 0.0ms
[4.693s][info][gc,phases     ] GC(238)   Evacuate Collection Set: 2.8ms
[4.693s][info][gc,phases     ] GC(238)   Post Evacuate Collection Set: 0.2ms
[4.693s][info][gc,phases     ] GC(238)   Other: 0.1ms
[4.693s][info][gc,heap       ] GC(238) Eden regions: 20->0(707)
[4.693s][info][gc,heap       ] GC(238) Survivor regions: 58->54(101)
[4.693s][info][gc,heap       ] GC(238) Old regions: 1891->1899
[4.693s][info][gc,heap       ] GC(238) Humongous regions: 158->156
[4.693s][info][gc,metaspace  ] GC(238) Metaspace: 6842K(7168K)->6842K(7168K) NonClass: 6254K(6400K)->6254K(6400K) Class: 587K(768K)->587K(768K)
[4.693s][info][gc            ] GC(238) Pause Young (Concurrent Start) (G1 Humongous Allocation) 2126M->2108M(4083M) 3.223ms
[4.693s][info][gc,cpu        ] GC(238) User=0.06s Sys=0.05s Real=0.00s
[4.693s][info][gc            ] GC(239) Concurrent Cycle
[4.693s][info][gc,marking    ] GC(239) Concurrent Clear Claimed Marks
[4.693s][info][gc,marking    ] GC(239) Concurrent Clear Claimed Marks 0.011ms
[4.693s][info][gc,marking    ] GC(239) Concurrent Scan Root Regions
[4.693s][info][gc,marking    ] GC(239) Concurrent Scan Root Regions 0.045ms
[4.693s][info][gc,marking    ] GC(239) Concurrent Mark (4.693s)
[4.693s][info][gc,marking    ] GC(239) Concurrent Mark From Roots
[4.693s][info][gc,task       ] GC(239) Using 3 workers of 3 for marking
[4.696s][info][gc,marking    ] GC(239) Concurrent Mark From Roots 2.721ms
[4.696s][info][gc,marking    ] GC(239) Concurrent Preclean
[4.696s][info][gc,marking    ] GC(239) Concurrent Preclean 0.090ms
[4.696s][info][gc,marking    ] GC(239) Concurrent Mark (4.693s, 4.696s) 2.855ms
[4.696s][info][gc,start      ] GC(239) Pause Remark
[4.697s][info][gc,stringtable] GC(239) Cleaned string and symbol table, strings: 2630 processed, 0 removed, symbols: 25602 processed, 0 removed
[4.697s][info][gc            ] GC(239) Pause Remark 2118M->2118M(4083M) 0.455ms
[4.697s][info][gc,cpu        ] GC(239) User=0.00s Sys=0.00s Real=0.00s
[4.697s][info][gc,marking    ] GC(239) Concurrent Rebuild Remembered Sets
[4.699s][info][gc,marking    ] GC(239) Concurrent Rebuild Remembered Sets 1.928ms
[4.699s][info][gc,start      ] GC(239) Pause Cleanup
[4.699s][info][gc            ] GC(239) Pause Cleanup 2123M->2123M(4083M) 0.308ms
[4.699s][info][gc,cpu        ] GC(239) User=0.00s Sys=0.00s Real=0.00s
[4.699s][info][gc,marking    ] GC(239) Concurrent Cleanup for Next Mark
[4.700s][info][gc,marking    ] GC(239) Concurrent Cleanup for Next Mark 1.440ms
[4.700s][info][gc            ] GC(239) Concurrent Cycle 7.308ms
[4.702s][info][gc,start      ] GC(240) Pause Young (Concurrent Start) (G1 Humongous Allocation)
[4.702s][info][gc,task       ] GC(240) Using 13 workers of 13 for evacuation
[4.705s][info][gc,phases     ] GC(240)   Pre Evacuate Collection Set: 0.1ms
[4.705s][info][gc,phases     ] GC(240)   Evacuate Collection Set: 2.7ms
[4.705s][info][gc,phases     ] GC(240)   Post Evacuate Collection Set: 0.2ms
[4.705s][info][gc,phases     ] GC(240)   Other: 0.1ms
[4.705s][info][gc,heap       ] GC(240) Eden regions: 20->0(751)
[4.705s][info][gc,heap       ] GC(240) Survivor regions: 54->50(96)
[4.705s][info][gc,heap       ] GC(240) Old regions: 1899->1906
[4.705s][info][gc,heap       ] GC(240) Humongous regions: 159->157
[4.705s][info][gc,metaspace  ] GC(240) Metaspace: 6842K(7168K)->6842K(7168K) NonClass: 6254K(6400K)->6254K(6400K) Class: 587K(768K)->587K(768K)
[4.705s][info][gc            ] GC(240) Pause Young (Concurrent Start) (G1 Humongous Allocation) 2131M->2112M(4083M) 3.170ms
[4.705s][info][gc,cpu        ] GC(240) User=0.00s Sys=0.00s Real=0.00s
[4.705s][info][gc            ] GC(241) Concurrent Cycle
[4.705s][info][gc,marking    ] GC(241) Concurrent Clear Claimed Marks
[4.705s][info][gc,marking    ] GC(241) Concurrent Clear Claimed Marks 0.010ms
[4.705s][info][gc,marking    ] GC(241) Concurrent Scan Root Regions
[4.705s][info][gc,marking    ] GC(241) Concurrent Scan Root Regions 0.040ms
[4.705s][info][gc,marking    ] GC(241) Concurrent Mark (4.705s)
[4.705s][info][gc,marking    ] GC(241) Concurrent Mark From Roots
[4.705s][info][gc,task       ] GC(241) Using 3 workers of 3 for marking
[4.708s][info][gc,marking    ] GC(241) Concurrent Mark From Roots 2.485ms
[4.708s][info][gc,marking    ] GC(241) Concurrent Preclean
[4.708s][info][gc,marking    ] GC(241) Concurrent Preclean 0.095ms
[4.708s][info][gc,marking    ] GC(241) Concurrent Mark (4.705s, 4.708s) 2.619ms
[4.708s][info][gc,start      ] GC(241) Pause Remark
[4.708s][info][gc,stringtable] GC(241) Cleaned string and symbol table, strings: 2630 processed, 0 removed, symbols: 25602 processed, 0 removed
[4.709s][info][gc            ] GC(241) Pause Remark 2120M->2120M(4083M) 0.466ms
[4.709s][info][gc,cpu        ] GC(241) User=0.00s Sys=0.00s Real=0.00s
[4.709s][info][gc,marking    ] GC(241) Concurrent Rebuild Remembered Sets
[4.711s][info][gc,marking    ] GC(241) Concurrent Rebuild Remembered Sets 1.856ms
[4.711s][info][gc,start      ] GC(241) Pause Cleanup
[4.711s][info][gc            ] GC(241) Pause Cleanup 2125M->2125M(4083M) 0.285ms
[4.711s][info][gc,cpu        ] GC(241) User=0.00s Sys=0.00s Real=0.00s
[4.711s][info][gc,marking    ] GC(241) Concurrent Cleanup for Next Mark
[4.712s][info][gc,marking    ] GC(241) Concurrent Cleanup for Next Mark 1.467ms
[4.712s][info][gc            ] GC(241) Concurrent Cycle 6.984ms
[4.729s][info][gc,start      ] GC(242) Pause Young (Concurrent Start) (G1 Humongous Allocation)
[4.729s][info][gc,task       ] GC(242) Using 13 workers of 13 for evacuation
[4.733s][info][gc,phases     ] GC(242)   Pre Evacuate Collection Set: 0.0ms
[4.733s][info][gc,phases     ] GC(242)   Evacuate Collection Set: 2.9ms
[4.733s][info][gc,phases     ] GC(242)   Post Evacuate Collection Set: 0.2ms
[4.733s][info][gc,phases     ] GC(242)   Other: 0.1ms
[4.733s][info][gc,heap       ] GC(242) Eden regions: 66->0(728)
[4.733s][info][gc,heap       ] GC(242) Survivor regions: 50->62(101)
[4.733s][info][gc,heap       ] GC(242) Old regions: 1906->1906
[4.733s][info][gc,heap       ] GC(242) Humongous regions: 158->157
[4.733s][info][gc,metaspace  ] GC(242) Metaspace: 6842K(7168K)->6842K(7168K) NonClass: 6254K(6400K)->6254K(6400K) Class: 587K(768K)->587K(768K)
[4.733s][info][gc            ] GC(242) Pause Young (Concurrent Start) (G1 Humongous Allocation) 2179M->2124M(4083M) 3.423ms
[4.733s][info][gc,cpu        ] GC(242) User=0.00s Sys=0.00s Real=0.00s
[4.733s][info][gc            ] GC(243) Concurrent Cycle
[4.733s][info][gc,marking    ] GC(243) Concurrent Clear Claimed Marks
[4.733s][info][gc,marking    ] GC(243) Concurrent Clear Claimed Marks 0.010ms
[4.733s][info][gc,marking    ] GC(243) Concurrent Scan Root Regions
[4.733s][info][gc,marking    ] GC(243) Concurrent Scan Root Regions 0.049ms
[4.733s][info][gc,marking    ] GC(243) Concurrent Mark (4.733s)
[4.733s][info][gc,marking    ] GC(243) Concurrent Mark From Roots
[4.733s][info][gc,task       ] GC(243) Using 3 workers of 3 for marking
[4.736s][info][gc,marking    ] GC(243) Concurrent Mark From Roots 2.707ms
[4.736s][info][gc,marking    ] GC(243) Concurrent Preclean
[4.736s][info][gc,marking    ] GC(243) Concurrent Preclean 0.095ms
[4.736s][info][gc,marking    ] GC(243) Concurrent Mark (4.733s, 4.736s) 2.834ms
[4.736s][info][gc,start      ] GC(243) Pause Remark
[4.736s][info][gc,stringtable] GC(243) Cleaned string and symbol table, strings: 2630 processed, 0 removed, symbols: 25602 processed, 0 removed
[4.736s][info][gc            ] GC(243) Pause Remark 2133M->2133M(4083M) 0.626ms
[4.736s][info][gc,cpu        ] GC(243) User=0.00s Sys=0.00s Real=0.00s
[4.736s][info][gc,marking    ] GC(243) Concurrent Rebuild Remembered Sets
[4.738s][info][gc,marking    ] GC(243) Concurrent Rebuild Remembered Sets 2.050ms
[4.739s][info][gc,start      ] GC(243) Pause Cleanup
[4.739s][info][gc            ] GC(243) Pause Cleanup 2139M->2139M(4083M) 0.295ms
[4.739s][info][gc,cpu        ] GC(243) User=0.00s Sys=0.00s Real=0.00s
[4.739s][info][gc,marking    ] GC(243) Concurrent Cleanup for Next Mark
[4.740s][info][gc,marking    ] GC(243) Concurrent Cleanup for Next Mark 1.540ms
[4.740s][info][gc            ] GC(243) Concurrent Cycle 7.675ms
[4.747s][info][gc,start      ] GC(244) Pause Young (Concurrent Start) (G1 Humongous Allocation)
[4.747s][info][gc,task       ] GC(244) Using 13 workers of 13 for evacuation
[4.750s][info][gc,phases     ] GC(244)   Pre Evacuate Collection Set: 0.1ms
[4.750s][info][gc,phases     ] GC(244)   Evacuate Collection Set: 3.2ms
[4.750s][info][gc,phases     ] GC(244)   Post Evacuate Collection Set: 0.3ms
[4.750s][info][gc,phases     ] GC(244)   Other: 0.1ms
[4.750s][info][gc,heap       ] GC(244) Eden regions: 37->0(751)
[4.750s][info][gc,heap       ] GC(244) Survivor regions: 62->61(99)
[4.750s][info][gc,heap       ] GC(244) Old regions: 1906->1915
[4.751s][info][gc,heap       ] GC(244) Humongous regions: 159->158
[4.751s][info][gc,metaspace  ] GC(244) Metaspace: 6842K(7168K)->6842K(7168K) NonClass: 6254K(6400K)->6254K(6400K) Class: 587K(768K)->587K(768K)
[4.751s][info][gc            ] GC(244) Pause Young (Concurrent Start) (G1 Humongous Allocation) 2162M->2132M(4087M) 3.739ms
[4.751s][info][gc,cpu        ] GC(244) User=0.00s Sys=0.00s Real=0.00s
[4.751s][info][gc            ] GC(245) Concurrent Cycle
[4.751s][info][gc,marking    ] GC(245) Concurrent Clear Claimed Marks
[4.751s][info][gc,marking    ] GC(245) Concurrent Clear Claimed Marks 0.043ms
[4.751s][info][gc,marking    ] GC(245) Concurrent Scan Root Regions
[4.751s][info][gc,marking    ] GC(245) Concurrent Scan Root Regions 0.053ms
[4.751s][info][gc,marking    ] GC(245) Concurrent Mark (4.751s)
[4.751s][info][gc,marking    ] GC(245) Concurrent Mark From Roots
[4.751s][info][gc,task       ] GC(245) Using 3 workers of 3 for marking
[4.753s][info][gc,marking    ] GC(245) Concurrent Mark From Roots 2.714ms
[4.753s][info][gc,marking    ] GC(245) Concurrent Preclean
[4.754s][info][gc,marking    ] GC(245) Concurrent Preclean 0.061ms
[4.754s][info][gc,marking    ] GC(245) Concurrent Mark (4.751s, 4.754s) 2.815ms
[4.754s][info][gc,start      ] GC(245) Pause Remark
[4.754s][info][gc,stringtable] GC(245) Cleaned string and symbol table, strings: 2630 processed, 0 removed, symbols: 25602 processed, 0 removed
[4.754s][info][gc            ] GC(245) Pause Remark 2140M->2140M(4087M) 0.420ms
[4.754s][info][gc,cpu        ] GC(245) User=0.00s Sys=0.00s Real=0.00s
[4.754s][info][gc,marking    ] GC(245) Concurrent Rebuild Remembered Sets
[4.756s][info][gc,marking    ] GC(245) Concurrent Rebuild Remembered Sets 1.909ms
[4.756s][info][gc,start      ] GC(245) Pause Cleanup
[4.756s][info][gc            ] GC(245) Pause Cleanup 2146M->2146M(4087M) 0.300ms
[4.756s][info][gc,cpu        ] GC(245) User=0.00s Sys=0.00s Real=0.00s
[4.756s][info][gc,marking    ] GC(245) Concurrent Cleanup for Next Mark
[4.758s][info][gc,marking    ] GC(245) Concurrent Cleanup for Next Mark 1.554ms
[4.758s][info][gc            ] GC(245) Concurrent Cycle 7.350ms
[4.758s][info][gc,start      ] GC(246) Pause Young (Concurrent Start) (G1 Humongous Allocation)
[4.758s][info][gc,task       ] GC(246) Using 13 workers of 13 for evacuation
[4.761s][info][gc,phases     ] GC(246)   Pre Evacuate Collection Set: 0.0ms
[4.761s][info][gc,phases     ] GC(246)   Evacuate Collection Set: 2.9ms
[4.761s][info][gc,phases     ] GC(246)   Post Evacuate Collection Set: 0.2ms
[4.761s][info][gc,phases     ] GC(246)   Other: 0.1ms
[4.762s][info][gc,heap       ] GC(246) Eden regions: 16->0(811)
[4.762s][info][gc,heap       ] GC(246) Survivor regions: 61->54(102)
[4.762s][info][gc,heap       ] GC(246) Old regions: 1915->1923
[4.762s][info][gc,heap       ] GC(246) Humongous regions: 160->158
[4.762s][info][gc,metaspace  ] GC(246) Metaspace: 6842K(7168K)->6842K(7168K) NonClass: 6254K(6400K)->6254K(6400K) Class: 587K(768K)->587K(768K)
[4.762s][info][gc            ] GC(246) Pause Young (Concurrent Start) (G1 Humongous Allocation) 2150M->2134M(4087M) 3.229ms
[4.762s][info][gc,cpu        ] GC(246) User=0.00s Sys=0.00s Real=0.00s
[4.762s][info][gc            ] GC(247) Concurrent Cycle
[4.762s][info][gc,marking    ] GC(247) Concurrent Clear Claimed Marks
[4.762s][info][gc,marking    ] GC(247) Concurrent Clear Claimed Marks 0.010ms
[4.762s][info][gc,marking    ] GC(247) Concurrent Scan Root Regions
[4.762s][info][gc,marking    ] GC(247) Concurrent Scan Root Regions 0.042ms
[4.762s][info][gc,marking    ] GC(247) Concurrent Mark (4.762s)
[4.762s][info][gc,marking    ] GC(247) Concurrent Mark From Roots
[4.762s][info][gc,task       ] GC(247) Using 3 workers of 3 for marking
[4.764s][info][gc,marking    ] GC(247) Concurrent Mark From Roots 2.524ms
[4.764s][info][gc,marking    ] GC(247) Concurrent Preclean
[4.764s][info][gc,marking    ] GC(247) Concurrent Preclean 0.093ms
[4.764s][info][gc,marking    ] GC(247) Concurrent Mark (4.762s, 4.764s) 2.650ms
[4.764s][info][gc,start      ] GC(247) Pause Remark
[4.765s][info][gc,stringtable] GC(247) Cleaned string and symbol table, strings: 2630 processed, 0 removed, symbols: 25602 processed, 0 removed
[4.765s][info][gc            ] GC(247) Pause Remark 2143M->2143M(4087M) 0.470ms
[4.765s][info][gc,cpu        ] GC(247) User=0.00s Sys=0.00s Real=0.00s
[4.765s][info][gc,marking    ] GC(247) Concurrent Rebuild Remembered Sets
[4.767s][info][gc,marking    ] GC(247) Concurrent Rebuild Remembered Sets 1.843ms
[4.767s][info][gc,start      ] GC(247) Pause Cleanup
[4.767s][info][gc            ] GC(247) Pause Cleanup 2148M->2148M(4087M) 0.332ms
[4.767s][info][gc,cpu        ] GC(247) User=0.00s Sys=0.00s Real=0.00s
[4.767s][info][gc,marking    ] GC(247) Concurrent Cleanup for Next Mark
[4.769s][info][gc,marking    ] GC(247) Concurrent Cleanup for Next Mark 1.535ms
[4.769s][info][gc            ] GC(247) Concurrent Cycle 7.134ms
[4.772s][info][gc,start      ] GC(248) Pause Young (Concurrent Start) (G1 Humongous Allocation)
[4.772s][info][gc,task       ] GC(248) Using 13 workers of 13 for evacuation
[4.775s][info][gc,phases     ] GC(248)   Pre Evacuate Collection Set: 0.0ms
[4.775s][info][gc,phases     ] GC(248)   Evacuate Collection Set: 2.7ms
[4.775s][info][gc,phases     ] GC(248)   Post Evacuate Collection Set: 0.2ms
[4.775s][info][gc,phases     ] GC(248)   Other: 0.1ms
[4.775s][info][gc,heap       ] GC(248) Eden regions: 25->0(873)
[4.775s][info][gc,heap       ] GC(248) Survivor regions: 54->59(109)
[4.775s][info][gc,heap       ] GC(248) Old regions: 1923->1923
[4.775s][info][gc,heap       ] GC(248) Humongous regions: 159->158
[4.775s][info][gc,metaspace  ] GC(248) Metaspace: 6842K(7168K)->6842K(7168K) NonClass: 6254K(6400K)->6254K(6400K) Class: 587K(768K)->587K(768K)
[4.775s][info][gc            ] GC(248) Pause Young (Concurrent Start) (G1 Humongous Allocation) 2160M->2139M(4087M) 3.106ms
[4.775s][info][gc,cpu        ] GC(248) User=0.00s Sys=0.00s Real=0.00s
[4.775s][info][gc            ] GC(249) Concurrent Cycle
[4.775s][info][gc,marking    ] GC(249) Concurrent Clear Claimed Marks
[4.775s][info][gc,marking    ] GC(249) Concurrent Clear Claimed Marks 0.013ms
[4.775s][info][gc,marking    ] GC(249) Concurrent Scan Root Regions
[4.775s][info][gc,marking    ] GC(249) Concurrent Scan Root Regions 0.053ms
[4.775s][info][gc,marking    ] GC(249) Concurrent Mark (4.775s)
[4.775s][info][gc,marking    ] GC(249) Concurrent Mark From Roots
[4.775s][info][gc,task       ] GC(249) Using 3 workers of 3 for marking
[4.777s][info][gc,marking    ] GC(249) Concurrent Mark From Roots 2.523ms
[4.777s][info][gc,marking    ] GC(249) Concurrent Preclean
[4.778s][info][gc,marking    ] GC(249) Concurrent Preclean 0.090ms
[4.778s][info][gc,marking    ] GC(249) Concurrent Mark (4.775s, 4.778s) 2.650ms
[4.778s][info][gc,start      ] GC(249) Pause Remark
[4.778s][info][gc,stringtable] GC(249) Cleaned string and symbol table, strings: 2630 processed, 0 removed, symbols: 25602 processed, 0 removed
[4.778s][info][gc            ] GC(249) Pause Remark 2148M->2148M(4087M) 0.497ms
[4.778s][info][gc,cpu        ] GC(249) User=0.00s Sys=0.00s Real=0.00s
[4.778s][info][gc,marking    ] GC(249) Concurrent Rebuild Remembered Sets
[4.780s][info][gc,marking    ] GC(249) Concurrent Rebuild Remembered Sets 1.836ms
[4.780s][info][gc,start      ] GC(249) Pause Cleanup
[4.780s][info][gc            ] GC(249) Pause Cleanup 2154M->2154M(4087M) 0.299ms
[4.780s][info][gc,cpu        ] GC(249) User=0.00s Sys=0.00s Real=0.00s
[4.780s][info][gc,marking    ] GC(249) Concurrent Cleanup for Next Mark
[4.782s][info][gc,marking    ] GC(249) Concurrent Cleanup for Next Mark 1.463ms
[4.782s][info][gc            ] GC(249) Concurrent Cycle 7.065ms
[4.791s][info][gc,start      ] GC(250) Pause Young (Concurrent Start) (G1 Humongous Allocation)
[4.791s][info][gc,task       ] GC(250) Using 13 workers of 13 for evacuation
[4.795s][info][gc,phases     ] GC(250)   Pre Evacuate Collection Set: 0.1ms
[4.795s][info][gc,phases     ] GC(250)   Evacuate Collection Set: 3.2ms
[4.795s][info][gc,phases     ] GC(250)   Post Evacuate Collection Set: 0.2ms
[4.795s][info][gc,phases     ] GC(250)   Other: 0.1ms
[4.795s][info][gc,heap       ] GC(250) Eden regions: 47->0(719)
[4.795s][info][gc,heap       ] GC(250) Survivor regions: 59->66(117)
[4.795s][info][gc,heap       ] GC(250) Old regions: 1923->1923
[4.795s][info][gc,heap       ] GC(250) Humongous regions: 160->158
[4.795s][info][gc,metaspace  ] GC(250) Metaspace: 6842K(7168K)->6842K(7168K) NonClass: 6254K(6400K)->6254K(6400K) Class: 587K(768K)->587K(768K)
[4.795s][info][gc            ] GC(250) Pause Young (Concurrent Start) (G1 Humongous Allocation) 2188M->2146M(4087M) 3.639ms
[4.795s][info][gc,cpu        ] GC(250) User=0.00s Sys=0.00s Real=0.00s
[4.795s][info][gc            ] GC(251) Concurrent Cycle
[4.795s][info][gc,marking    ] GC(251) Concurrent Clear Claimed Marks
[4.795s][info][gc,marking    ] GC(251) Concurrent Clear Claimed Marks 0.010ms
[4.795s][info][gc,marking    ] GC(251) Concurrent Scan Root Regions
[4.795s][info][gc,marking    ] GC(251) Concurrent Scan Root Regions 0.052ms
[4.795s][info][gc,marking    ] GC(251) Concurrent Mark (4.795s)
[4.795s][info][gc,marking    ] GC(251) Concurrent Mark From Roots
[4.795s][info][gc,task       ] GC(251) Using 3 workers of 3 for marking
[4.798s][info][gc,marking    ] GC(251) Concurrent Mark From Roots 2.693ms
[4.798s][info][gc,marking    ] GC(251) Concurrent Preclean
[4.798s][info][gc,marking    ] GC(251) Concurrent Preclean 0.110ms
[4.798s][info][gc,marking    ] GC(251) Concurrent Mark (4.795s, 4.798s) 2.844ms
[4.798s][info][gc,start      ] GC(251) Pause Remark
[4.798s][info][gc,stringtable] GC(251) Cleaned string and symbol table, strings: 2630 processed, 0 removed, symbols: 25602 processed, 0 removed
[4.799s][info][gc            ] GC(251) Pause Remark 2154M->2154M(4087M) 0.454ms
[4.799s][info][gc,cpu        ] GC(251) User=0.00s Sys=0.00s Real=0.00s
[4.799s][info][gc,marking    ] GC(251) Concurrent Rebuild Remembered Sets
[4.800s][info][gc,marking    ] GC(251) Concurrent Rebuild Remembered Sets 1.879ms
[4.801s][info][gc,start      ] GC(251) Pause Cleanup
[4.801s][info][gc            ] GC(251) Pause Cleanup 2159M->2159M(4087M) 0.310ms
[4.801s][info][gc,cpu        ] GC(251) User=0.00s Sys=0.00s Real=0.00s
[4.801s][info][gc,marking    ] GC(251) Concurrent Cleanup for Next Mark
[4.802s][info][gc,marking    ] GC(251) Concurrent Cleanup for Next Mark 1.499ms
[4.802s][info][gc            ] GC(251) Concurrent Cycle 7.285ms
[4.805s][info][gc,start      ] GC(252) Pause Young (Concurrent Start) (G1 Humongous Allocation)
[4.805s][info][gc,task       ] GC(252) Using 13 workers of 13 for evacuation
[4.808s][info][gc,phases     ] GC(252)   Pre Evacuate Collection Set: 0.0ms
[4.808s][info][gc,phases     ] GC(252)   Evacuate Collection Set: 3.5ms
[4.808s][info][gc,phases     ] GC(252)   Post Evacuate Collection Set: 0.2ms
[4.808s][info][gc,phases     ] GC(252)   Other: 0.1ms
[4.808s][info][gc,heap       ] GC(252) Eden regions: 20->0(620)
[4.808s][info][gc,heap       ] GC(252) Survivor regions: 66->53(99)
[4.808s][info][gc,heap       ] GC(252) Old regions: 1923->1941
[4.808s][info][gc,heap       ] GC(252) Humongous regions: 160->159
[4.808s][info][gc,metaspace  ] GC(252) Metaspace: 6842K(7168K)->6842K(7168K) NonClass: 6254K(6400K)->6254K(6400K) Class: 587K(768K)->587K(768K)
[4.808s][info][gc            ] GC(252) Pause Young (Concurrent Start) (G1 Humongous Allocation) 2167M->2151M(4089M) 3.944ms
[4.808s][info][gc,cpu        ] GC(252) User=0.00s Sys=0.00s Real=0.00s
[4.808s][info][gc            ] GC(253) Concurrent Cycle
[4.809s][info][gc,marking    ] GC(253) Concurrent Clear Claimed Marks
[4.809s][info][gc,marking    ] GC(253) Concurrent Clear Claimed Marks 0.010ms
[4.809s][info][gc,marking    ] GC(253) Concurrent Scan Root Regions
[4.809s][info][gc,marking    ] GC(253) Concurrent Scan Root Regions 0.050ms
[4.809s][info][gc,marking    ] GC(253) Concurrent Mark (4.809s)
[4.809s][info][gc,marking    ] GC(253) Concurrent Mark From Roots
[4.809s][info][gc,task       ] GC(253) Using 3 workers of 3 for marking
[4.811s][info][gc,marking    ] GC(253) Concurrent Mark From Roots 2.622ms
[4.811s][info][gc,marking    ] GC(253) Concurrent Preclean
[4.811s][info][gc,marking    ] GC(253) Concurrent Preclean 0.063ms
[4.811s][info][gc,marking    ] GC(253) Concurrent Mark (4.809s, 4.811s) 2.715ms
[4.811s][info][gc,start      ] GC(253) Pause Remark
[4.812s][info][gc,stringtable] GC(253) Cleaned string and symbol table, strings: 2630 processed, 0 removed, symbols: 25602 processed, 0 removed
[4.812s][info][gc            ] GC(253) Pause Remark 2159M->2159M(4089M) 0.432ms
[4.812s][info][gc,cpu        ] GC(253) User=0.00s Sys=0.00s Real=0.00s
[4.812s][info][gc,marking    ] GC(253) Concurrent Rebuild Remembered Sets
[4.814s][info][gc,marking    ] GC(253) Concurrent Rebuild Remembered Sets 1.893ms
[4.814s][info][gc,start      ] GC(253) Pause Cleanup
[4.814s][info][gc            ] GC(253) Pause Cleanup 2164M->2164M(4089M) 0.342ms
[4.814s][info][gc,cpu        ] GC(253) User=0.00s Sys=0.00s Real=0.00s
[4.814s][info][gc,marking    ] GC(253) Concurrent Cleanup for Next Mark
[4.816s][info][gc,marking    ] GC(253) Concurrent Cleanup for Next Mark 1.480ms
[4.816s][info][gc            ] GC(253) Concurrent Cycle 7.158ms
[4.816s][info][gc,start      ] GC(254) Pause Young (Concurrent Start) (G1 Humongous Allocation)
[4.816s][info][gc,task       ] GC(254) Using 13 workers of 13 for evacuation
[4.819s][info][gc,phases     ] GC(254)   Pre Evacuate Collection Set: 0.0ms
[4.819s][info][gc,phases     ] GC(254)   Evacuate Collection Set: 2.6ms
[4.819s][info][gc,phases     ] GC(254)   Post Evacuate Collection Set: 0.2ms
[4.819s][info][gc,phases     ] GC(254)   Other: 0.1ms
[4.819s][info][gc,heap       ] GC(254) Eden regions: 14->0(665)
[4.819s][info][gc,heap       ] GC(254) Survivor regions: 53->48(85)
[4.819s][info][gc,heap       ] GC(254) Old regions: 1941->1948
[4.819s][info][gc,heap       ] GC(254) Humongous regions: 161->160
[4.819s][info][gc,metaspace  ] GC(254) Metaspace: 6842K(7168K)->6842K(7168K) NonClass: 6254K(6400K)->6254K(6400K) Class: 587K(768K)->587K(768K)
[4.819s][info][gc            ] GC(254) Pause Young (Concurrent Start) (G1 Humongous Allocation) 2167M->2154M(4089M) 2.947ms
[4.819s][info][gc,cpu        ] GC(254) User=0.00s Sys=0.00s Real=0.00s
[4.819s][info][gc            ] GC(255) Concurrent Cycle
[4.819s][info][gc,marking    ] GC(255) Concurrent Clear Claimed Marks
[4.819s][info][gc,marking    ] GC(255) Concurrent Clear Claimed Marks 0.010ms
[4.819s][info][gc,marking    ] GC(255) Concurrent Scan Root Regions
[4.819s][info][gc,marking    ] GC(255) Concurrent Scan Root Regions 0.043ms
[4.819s][info][gc,marking    ] GC(255) Concurrent Mark (4.819s)
[4.819s][info][gc,marking    ] GC(255) Concurrent Mark From Roots
[4.819s][info][gc,task       ] GC(255) Using 3 workers of 3 for marking
[4.821s][info][gc,marking    ] GC(255) Concurrent Mark From Roots 2.422ms
[4.821s][info][gc,marking    ] GC(255) Concurrent Preclean
[4.821s][info][gc,marking    ] GC(255) Concurrent Preclean 0.090ms
[4.821s][info][gc,marking    ] GC(255) Concurrent Mark (4.819s, 4.821s) 2.546ms
[4.821s][info][gc,start      ] GC(255) Pause Remark
[4.822s][info][gc,stringtable] GC(255) Cleaned string and symbol table, strings: 2630 processed, 0 removed, symbols: 25602 processed, 0 removed
[4.822s][info][gc            ] GC(255) Pause Remark 2162M->2162M(4089M) 0.434ms
[4.822s][info][gc,cpu        ] GC(255) User=0.00s Sys=0.00s Real=0.00s
[4.822s][info][gc,marking    ] GC(255) Concurrent Rebuild Remembered Sets
[4.824s][info][gc,marking    ] GC(255) Concurrent Rebuild Remembered Sets 1.802ms
[4.824s][info][gc,start      ] GC(255) Pause Cleanup
[4.824s][info][gc            ] GC(255) Pause Cleanup 2167M->2167M(4089M) 0.370ms
[4.824s][info][gc,cpu        ] GC(255) User=0.00s Sys=0.00s Real=0.00s
[4.824s][info][gc,marking    ] GC(255) Concurrent Cleanup for Next Mark
[4.826s][info][gc,marking    ] GC(255) Concurrent Cleanup for Next Mark 1.385ms
[4.826s][info][gc            ] GC(255) Concurrent Cycle 6.829ms
[4.838s][info][gc,start      ] GC(256) Pause Young (Concurrent Start) (G1 Humongous Allocation)
[4.838s][info][gc,task       ] GC(256) Using 13 workers of 13 for evacuation
[4.841s][info][gc,phases     ] GC(256)   Pre Evacuate Collection Set: 0.0ms
[4.841s][info][gc,phases     ] GC(256)   Evacuate Collection Set: 2.7ms
[4.841s][info][gc,phases     ] GC(256)   Post Evacuate Collection Set: 0.2ms
[4.841s][info][gc,phases     ] GC(256)   Other: 0.1ms
[4.841s][info][gc,heap       ] GC(256) Eden regions: 54->0(726)
[4.841s][info][gc,heap       ] GC(256) Survivor regions: 48->57(90)
[4.841s][info][gc,heap       ] GC(256) Old regions: 1948->1948
[4.841s][info][gc,heap       ] GC(256) Humongous regions: 161->160
[4.841s][info][gc,metaspace  ] GC(256) Metaspace: 6842K(7168K)->6842K(7168K) NonClass: 6254K(6400K)->6254K(6400K) Class: 587K(768K)->587K(768K)
[4.841s][info][gc            ] GC(256) Pause Young (Concurrent Start) (G1 Humongous Allocation) 2208M->2163M(4089M) 3.170ms
[4.841s][info][gc,cpu        ] GC(256) User=0.00s Sys=0.00s Real=0.00s
[4.841s][info][gc            ] GC(257) Concurrent Cycle
[4.841s][info][gc,marking    ] GC(257) Concurrent Clear Claimed Marks
[4.841s][info][gc,marking    ] GC(257) Concurrent Clear Claimed Marks 0.010ms
[4.841s][info][gc,marking    ] GC(257) Concurrent Scan Root Regions
[4.841s][info][gc,marking    ] GC(257) Concurrent Scan Root Regions 0.053ms
[4.841s][info][gc,marking    ] GC(257) Concurrent Mark (4.841s)
[4.841s][info][gc,marking    ] GC(257) Concurrent Mark From Roots
[4.841s][info][gc,task       ] GC(257) Using 3 workers of 3 for marking
[4.844s][info][gc,marking    ] GC(257) Concurrent Mark From Roots 2.781ms
[4.844s][info][gc,marking    ] GC(257) Concurrent Preclean
[4.844s][info][gc,marking    ] GC(257) Concurrent Preclean 0.060ms
[4.844s][info][gc,marking    ] GC(257) Concurrent Mark (4.841s, 4.844s) 2.872ms
[4.844s][info][gc,start      ] GC(257) Pause Remark
[4.844s][info][gc,stringtable] GC(257) Cleaned string and symbol table, strings: 2630 processed, 0 removed, symbols: 25602 processed, 0 removed
[4.844s][info][gc            ] GC(257) Pause Remark 2172M->2172M(4089M) 0.435ms
[4.844s][info][gc,cpu        ] GC(257) User=0.00s Sys=0.00s Real=0.00s
[4.844s][info][gc,marking    ] GC(257) Concurrent Rebuild Remembered Sets
[4.846s][info][gc,marking    ] GC(257) Concurrent Rebuild Remembered Sets 1.978ms
[4.846s][info][gc,start      ] GC(257) Pause Cleanup
[4.847s][info][gc            ] GC(257) Pause Cleanup 2177M->2177M(4089M) 0.300ms
[4.847s][info][gc,cpu        ] GC(257) User=0.02s Sys=0.00s Real=0.00s
[4.847s][info][gc,marking    ] GC(257) Concurrent Cleanup for Next Mark
[4.848s][info][gc,marking    ] GC(257) Concurrent Cleanup for Next Mark 1.643ms
[4.848s][info][gc            ] GC(257) Concurrent Cycle 7.565ms
[4.853s][info][gc,start      ] GC(258) Pause Young (Concurrent Start) (G1 Humongous Allocation)
[4.853s][info][gc,task       ] GC(258) Using 13 workers of 13 for evacuation
[4.856s][info][gc,phases     ] GC(258)   Pre Evacuate Collection Set: 0.0ms
[4.856s][info][gc,phases     ] GC(258)   Evacuate Collection Set: 2.9ms
[4.856s][info][gc,phases     ] GC(258)   Post Evacuate Collection Set: 0.2ms
[4.856s][info][gc,phases     ] GC(258)   Other: 0.1ms
[4.856s][info][gc,heap       ] GC(258) Eden regions: 26->0(754)
[4.856s][info][gc,heap       ] GC(258) Survivor regions: 57->55(98)
[4.856s][info][gc,heap       ] GC(258) Old regions: 1948->1955
[4.856s][info][gc,heap       ] GC(258) Humongous regions: 161->160
[4.856s][info][gc,metaspace  ] GC(258) Metaspace: 6842K(7168K)->6842K(7168K) NonClass: 6254K(6400K)->6254K(6400K) Class: 587K(768K)->587K(768K)
[4.856s][info][gc            ] GC(258) Pause Young (Concurrent Start) (G1 Humongous Allocation) 2190M->2168M(4089M) 3.294ms
[4.856s][info][gc,cpu        ] GC(258) User=0.00s Sys=0.00s Real=0.00s
[4.856s][info][gc            ] GC(259) Concurrent Cycle
[4.856s][info][gc,marking    ] GC(259) Concurrent Clear Claimed Marks
[4.856s][info][gc,marking    ] GC(259) Concurrent Clear Claimed Marks 0.013ms
[4.856s][info][gc,marking    ] GC(259) Concurrent Scan Root Regions
[4.856s][info][gc,marking    ] GC(259) Concurrent Scan Root Regions 0.054ms
[4.856s][info][gc,marking    ] GC(259) Concurrent Mark (4.856s)
[4.856s][info][gc,marking    ] GC(259) Concurrent Mark From Roots
[4.856s][info][gc,task       ] GC(259) Using 3 workers of 3 for marking
[4.859s][info][gc,marking    ] GC(259) Concurrent Mark From Roots 2.766ms
[4.859s][info][gc,marking    ] GC(259) Concurrent Preclean
[4.859s][info][gc,marking    ] GC(259) Concurrent Preclean 0.079ms
[4.859s][info][gc,marking    ] GC(259) Concurrent Mark (4.856s, 4.859s) 2.878ms
[4.859s][info][gc,start      ] GC(259) Pause Remark
[4.859s][info][gc,stringtable] GC(259) Cleaned string and symbol table, strings: 2630 processed, 0 removed, symbols: 25602 processed, 0 removed
[4.860s][info][gc            ] GC(259) Pause Remark 2177M->2177M(4089M) 0.450ms
[4.860s][info][gc,cpu        ] GC(259) User=0.00s Sys=0.00s Real=0.00s
[4.860s][info][gc,marking    ] GC(259) Concurrent Rebuild Remembered Sets
[4.862s][info][gc,marking    ] GC(259) Concurrent Rebuild Remembered Sets 1.925ms
[4.862s][info][gc,start      ] GC(259) Pause Cleanup
[4.862s][info][gc            ] GC(259) Pause Cleanup 2183M->2183M(4089M) 0.362ms
[4.862s][info][gc,cpu        ] GC(259) User=0.00s Sys=0.00s Real=0.00s
[4.862s][info][gc,marking    ] GC(259) Concurrent Cleanup for Next Mark
[4.864s][info][gc,marking    ] GC(259) Concurrent Cleanup for Next Mark 1.593ms
[4.864s][info][gc            ] GC(259) Concurrent Cycle 7.529ms
[4.868s][info][gc,start      ] GC(260) Pause Young (Concurrent Start) (G1 Humongous Allocation)
[4.868s][info][gc,task       ] GC(260) Using 13 workers of 13 for evacuation
[4.871s][info][gc,phases     ] GC(260)   Pre Evacuate Collection Set: 0.0ms
[4.871s][info][gc,phases     ] GC(260)   Evacuate Collection Set: 2.9ms
[4.871s][info][gc,phases     ] GC(260)   Post Evacuate Collection Set: 0.2ms
[4.871s][info][gc,phases     ] GC(260)   Other: 0.1ms
[4.871s][info][gc,heap       ] GC(260) Eden regions: 30->0(792)
[4.871s][info][gc,heap       ] GC(260) Survivor regions: 55->61(102)
[4.871s][info][gc,heap       ] GC(260) Old regions: 1955->1955
[4.871s][info][gc,heap       ] GC(260) Humongous regions: 161->160
[4.871s][info][gc,metaspace  ] GC(260) Metaspace: 6842K(7168K)->6842K(7168K) NonClass: 6254K(6400K)->6254K(6400K) Class: 587K(768K)->587K(768K)
[4.871s][info][gc            ] GC(260) Pause Young (Concurrent Start) (G1 Humongous Allocation) 2199M->2174M(4091M) 3.305ms
[4.871s][info][gc,cpu        ] GC(260) User=0.00s Sys=0.00s Real=0.00s
[4.871s][info][gc            ] GC(261) Concurrent Cycle
[4.871s][info][gc,marking    ] GC(261) Concurrent Clear Claimed Marks
[4.871s][info][gc,marking    ] GC(261) Concurrent Clear Claimed Marks 0.012ms
[4.871s][info][gc,marking    ] GC(261) Concurrent Scan Root Regions
[4.871s][info][gc,marking    ] GC(261) Concurrent Scan Root Regions 0.057ms
[4.871s][info][gc,marking    ] GC(261) Concurrent Mark (4.871s)
[4.871s][info][gc,marking    ] GC(261) Concurrent Mark From Roots
[4.871s][info][gc,task       ] GC(261) Using 3 workers of 3 for marking
[4.874s][info][gc,marking    ] GC(261) Concurrent Mark From Roots 2.656ms
[4.874s][info][gc,marking    ] GC(261) Concurrent Preclean
[4.874s][info][gc,marking    ] GC(261) Concurrent Preclean 0.059ms
[4.874s][info][gc,marking    ] GC(261) Concurrent Mark (4.871s, 4.874s) 2.748ms
[4.874s][info][gc,start      ] GC(261) Pause Remark
[4.874s][info][gc,stringtable] GC(261) Cleaned string and symbol table, strings: 2630 processed, 0 removed, symbols: 25602 processed, 0 removed
[4.874s][info][gc            ] GC(261) Pause Remark 2182M->2182M(4091M) 0.452ms
[4.874s][info][gc,cpu        ] GC(261) User=0.00s Sys=0.00s Real=0.00s
[4.874s][info][gc,marking    ] GC(261) Concurrent Rebuild Remembered Sets
[4.876s][info][gc,marking    ] GC(261) Concurrent Rebuild Remembered Sets 1.885ms
[4.876s][info][gc,start      ] GC(261) Pause Cleanup
[4.877s][info][gc            ] GC(261) Pause Cleanup 2187M->2187M(4091M) 0.310ms
[4.877s][info][gc,cpu        ] GC(261) User=0.00s Sys=0.00s Real=0.00s
[4.877s][info][gc,marking    ] GC(261) Concurrent Cleanup for Next Mark
[4.878s][info][gc,marking    ] GC(261) Concurrent Cleanup for Next Mark 1.539ms
[4.878s][info][gc            ] GC(261) Concurrent Cycle 7.245ms
[4.884s][info][gc,start      ] GC(262) Pause Young (Concurrent Start) (G1 Humongous Allocation)
[4.884s][info][gc,task       ] GC(262) Using 13 workers of 13 for evacuation
[4.888s][info][gc,phases     ] GC(262)   Pre Evacuate Collection Set: 0.0ms
[4.888s][info][gc,phases     ] GC(262)   Evacuate Collection Set: 3.2ms
[4.888s][info][gc,phases     ] GC(262)   Post Evacuate Collection Set: 0.2ms
[4.888s][info][gc,phases     ] GC(262)   Other: 0.1ms
[4.888s][info][gc,heap       ] GC(262) Eden regions: 32->0(844)
[4.888s][info][gc,heap       ] GC(262) Survivor regions: 61->54(107)
[4.888s][info][gc,heap       ] GC(262) Old regions: 1955->1967
[4.888s][info][gc,heap       ] GC(262) Humongous regions: 161->160
[4.888s][info][gc,metaspace  ] GC(262) Metaspace: 6842K(7168K)->6842K(7168K) NonClass: 6254K(6400K)->6254K(6400K) Class: 587K(768K)->587K(768K)
[4.888s][info][gc            ] GC(262) Pause Young (Concurrent Start) (G1 Humongous Allocation) 2207M->2180M(4091M) 3.681ms
[4.888s][info][gc,cpu        ] GC(262) User=0.00s Sys=0.00s Real=0.00s
[4.888s][info][gc            ] GC(263) Concurrent Cycle
[4.888s][info][gc,marking    ] GC(263) Concurrent Clear Claimed Marks
[4.888s][info][gc,marking    ] GC(263) Concurrent Clear Claimed Marks 0.010ms
[4.888s][info][gc,marking    ] GC(263) Concurrent Scan Root Regions
[4.888s][info][gc,marking    ] GC(263) Concurrent Scan Root Regions 0.053ms
[4.888s][info][gc,marking    ] GC(263) Concurrent Mark (4.888s)
[4.888s][info][gc,marking    ] GC(263) Concurrent Mark From Roots
[4.888s][info][gc,task       ] GC(263) Using 3 workers of 3 for marking
[4.890s][info][gc,marking    ] GC(263) Concurrent Mark From Roots 2.572ms
[4.890s][info][gc,marking    ] GC(263) Concurrent Preclean
[4.891s][info][gc,marking    ] GC(263) Concurrent Preclean 0.075ms
[4.891s][info][gc,marking    ] GC(263) Concurrent Mark (4.888s, 4.891s) 2.678ms
[4.891s][info][gc,start      ] GC(263) Pause Remark
[4.891s][info][gc,stringtable] GC(263) Cleaned string and symbol table, strings: 2630 processed, 0 removed, symbols: 25602 processed, 0 removed
[4.891s][info][gc            ] GC(263) Pause Remark 2189M->2189M(4091M) 0.437ms
[4.891s][info][gc,cpu        ] GC(263) User=0.00s Sys=0.00s Real=0.00s
[4.891s][info][gc,marking    ] GC(263) Concurrent Rebuild Remembered Sets
[4.893s][info][gc,marking    ] GC(263) Concurrent Rebuild Remembered Sets 1.919ms
[4.893s][info][gc,start      ] GC(263) Pause Cleanup
[4.893s][info][gc            ] GC(263) Pause Cleanup 2195M->2195M(4091M) 0.351ms
[4.893s][info][gc,cpu        ] GC(263) User=0.00s Sys=0.00s Real=0.00s
[4.893s][info][gc,marking    ] GC(263) Concurrent Cleanup for Next Mark
[4.895s][info][gc,marking    ] GC(263) Concurrent Cleanup for Next Mark 1.484ms
[4.895s][info][gc            ] GC(263) Concurrent Cycle 7.182ms
[4.898s][info][gc,start      ] GC(264) Pause Young (Concurrent Start) (G1 Humongous Allocation)
[4.898s][info][gc,task       ] GC(264) Using 13 workers of 13 for evacuation
[4.901s][info][gc,phases     ] GC(264)   Pre Evacuate Collection Set: 0.0ms
[4.901s][info][gc,phases     ] GC(264)   Evacuate Collection Set: 2.8ms
[4.901s][info][gc,phases     ] GC(264)   Post Evacuate Collection Set: 0.2ms
[4.901s][info][gc,phases     ] GC(264)   Other: 0.1ms
[4.901s][info][gc,heap       ] GC(264) Eden regions: 26->0(651)
[4.901s][info][gc,heap       ] GC(264) Survivor regions: 54->59(113)
[4.901s][info][gc,heap       ] GC(264) Old regions: 1967->1967
[4.901s][info][gc,heap       ] GC(264) Humongous regions: 161->160
[4.901s][info][gc,metaspace  ] GC(264) Metaspace: 6842K(7168K)->6842K(7168K) NonClass: 6254K(6400K)->6254K(6400K) Class: 587K(768K)->587K(768K)
[4.901s][info][gc            ] GC(264) Pause Young (Concurrent Start) (G1 Humongous Allocation) 2206M->2184M(4091M) 3.252ms
[4.901s][info][gc,cpu        ] GC(264) User=0.00s Sys=0.00s Real=0.00s
[4.901s][info][gc            ] GC(265) Concurrent Cycle
[4.901s][info][gc,marking    ] GC(265) Concurrent Clear Claimed Marks
[4.901s][info][gc,marking    ] GC(265) Concurrent Clear Claimed Marks 0.010ms
[4.901s][info][gc,marking    ] GC(265) Concurrent Scan Root Regions
[4.901s][info][gc,marking    ] GC(265) Concurrent Scan Root Regions 0.055ms
[4.901s][info][gc,marking    ] GC(265) Concurrent Mark (4.901s)
[4.901s][info][gc,marking    ] GC(265) Concurrent Mark From Roots
[4.901s][info][gc,task       ] GC(265) Using 3 workers of 3 for marking
[4.904s][info][gc,marking    ] GC(265) Concurrent Mark From Roots 2.494ms
[4.904s][info][gc,marking    ] GC(265) Concurrent Preclean
[4.904s][info][gc,marking    ] GC(265) Concurrent Preclean 0.089ms
[4.904s][info][gc,marking    ] GC(265) Concurrent Mark (4.901s, 4.904s) 2.619ms
[4.904s][info][gc,start      ] GC(265) Pause Remark
[4.904s][info][gc,stringtable] GC(265) Cleaned string and symbol table, strings: 2630 processed, 0 removed, symbols: 25602 processed, 0 removed
[4.904s][info][gc            ] GC(265) Pause Remark 2194M->2194M(4091M) 0.485ms
[4.904s][info][gc,cpu        ] GC(265) User=0.00s Sys=0.00s Real=0.00s
[4.904s][info][gc,marking    ] GC(265) Concurrent Rebuild Remembered Sets
[4.906s][info][gc,marking    ] GC(265) Concurrent Rebuild Remembered Sets 1.865ms
[4.906s][info][gc,start      ] GC(265) Pause Cleanup
[4.907s][info][gc            ] GC(265) Pause Cleanup 2200M->2200M(4091M) 0.312ms
[4.907s][info][gc,cpu        ] GC(265) User=0.00s Sys=0.00s Real=0.00s
[4.907s][info][gc,marking    ] GC(265) Concurrent Cleanup for Next Mark
[4.908s][info][gc,marking    ] GC(265) Concurrent Cleanup for Next Mark 1.440ms
[4.908s][info][gc            ] GC(265) Concurrent Cycle 7.049ms
[4.919s][info][gc,start      ] GC(266) Pause Young (Concurrent Start) (G1 Humongous Allocation)
[4.919s][info][gc,task       ] GC(266) Using 13 workers of 13 for evacuation
[4.922s][info][gc,phases     ] GC(266)   Pre Evacuate Collection Set: 0.1ms
[4.922s][info][gc,phases     ] GC(266)   Evacuate Collection Set: 3.2ms
[4.922s][info][gc,phases     ] GC(266)   Post Evacuate Collection Set: 0.2ms
[4.922s][info][gc,phases     ] GC(266)   Other: 0.1ms
[4.922s][info][gc,heap       ] GC(266) Eden regions: 47->0(664)
[4.922s][info][gc,heap       ] GC(266) Survivor regions: 59->53(89)
[4.922s][info][gc,heap       ] GC(266) Old regions: 1967->1981
[4.922s][info][gc,heap       ] GC(266) Humongous regions: 164->161
[4.922s][info][gc,metaspace  ] GC(266) Metaspace: 6842K(7168K)->6842K(7168K) NonClass: 6254K(6400K)->6254K(6400K) Class: 587K(768K)->587K(768K)
[4.923s][info][gc            ] GC(266) Pause Young (Concurrent Start) (G1 Humongous Allocation) 2235M->2193M(4091M) 3.674ms
[4.923s][info][gc,cpu        ] GC(266) User=0.00s Sys=0.00s Real=0.00s
[4.923s][info][gc            ] GC(267) Concurrent Cycle
[4.923s][info][gc,marking    ] GC(267) Concurrent Clear Claimed Marks
[4.923s][info][gc,marking    ] GC(267) Concurrent Clear Claimed Marks 0.010ms
[4.923s][info][gc,marking    ] GC(267) Concurrent Scan Root Regions
[4.923s][info][gc,marking    ] GC(267) Concurrent Scan Root Regions 0.050ms
[4.923s][info][gc,marking    ] GC(267) Concurrent Mark (4.923s)
[4.923s][info][gc,marking    ] GC(267) Concurrent Mark From Roots
[4.923s][info][gc,task       ] GC(267) Using 3 workers of 3 for marking
[4.925s][info][gc,marking    ] GC(267) Concurrent Mark From Roots 2.656ms
[4.925s][info][gc,marking    ] GC(267) Concurrent Preclean
[4.925s][info][gc,marking    ] GC(267) Concurrent Preclean 0.061ms
[4.925s][info][gc,marking    ] GC(267) Concurrent Mark (4.923s, 4.925s) 2.747ms
[4.925s][info][gc,start      ] GC(267) Pause Remark
[4.926s][info][gc,stringtable] GC(267) Cleaned string and symbol table, strings: 2630 processed, 0 removed, symbols: 25602 processed, 0 removed
[4.926s][info][gc            ] GC(267) Pause Remark 2202M->2202M(4091M) 0.449ms
[4.926s][info][gc,cpu        ] GC(267) User=0.00s Sys=0.00s Real=0.00s
[4.926s][info][gc,marking    ] GC(267) Concurrent Rebuild Remembered Sets
[4.928s][info][gc,marking    ] GC(267) Concurrent Rebuild Remembered Sets 1.992ms
[4.928s][info][gc,start      ] GC(267) Pause Cleanup
[4.928s][info][gc            ] GC(267) Pause Cleanup 2208M->2208M(4091M) 0.361ms
[4.928s][info][gc,cpu        ] GC(267) User=0.00s Sys=0.00s Real=0.00s
[4.928s][info][gc,marking    ] GC(267) Concurrent Cleanup for Next Mark
[4.930s][info][gc,marking    ] GC(267) Concurrent Cleanup for Next Mark 1.598ms
[4.930s][info][gc            ] GC(267) Concurrent Cycle 7.494ms
[5.116s][info][gc,start      ] GC(268) Pause Young (Concurrent Start) (G1 Humongous Allocation)
[5.116s][info][gc,task       ] GC(268) Using 13 workers of 13 for evacuation
[5.123s][info][gc,phases     ] GC(268)   Pre Evacuate Collection Set: 0.1ms
[5.123s][info][gc,phases     ] GC(268)   Evacuate Collection Set: 6.6ms
[5.123s][info][gc,phases     ] GC(268)   Post Evacuate Collection Set: 0.3ms
[5.123s][info][gc,phases     ] GC(268)   Other: 0.2ms
[5.123s][info][gc,heap       ] GC(268) Eden regions: 268->0(686)
[5.123s][info][gc,heap       ] GC(268) Survivor regions: 53->73(90)
[5.123s][info][gc,heap       ] GC(268) Old regions: 1981->1989
[5.123s][info][gc,heap       ] GC(268) Humongous regions: 164->161
[5.123s][info][gc,metaspace  ] GC(268) Metaspace: 7880K(8320K)->7880K(8320K) NonClass: 7182K(7424K)->7182K(7424K) Class: 698K(896K)->698K(896K)
[5.123s][info][gc            ] GC(268) Pause Young (Concurrent Start) (G1 Humongous Allocation) 2464M->2221M(4093M) 7.371ms
[5.123s][info][gc,cpu        ] GC(268) User=0.00s Sys=0.00s Real=0.01s
[5.123s][info][gc            ] GC(269) Concurrent Cycle
[5.123s][info][gc,marking    ] GC(269) Concurrent Clear Claimed Marks
[5.123s][info][gc,marking    ] GC(269) Concurrent Clear Claimed Marks 0.014ms
[5.123s][info][gc,marking    ] GC(269) Concurrent Scan Root Regions
[5.126s][info][gc,marking    ] GC(269) Concurrent Scan Root Regions 2.555ms
[5.126s][info][gc,marking    ] GC(269) Concurrent Mark (5.126s)
[5.126s][info][gc,marking    ] GC(269) Concurrent Mark From Roots
[5.126s][info][gc,task       ] GC(269) Using 3 workers of 3 for marking
[5.130s][info][gc,marking    ] GC(269) Concurrent Mark From Roots 4.619ms
[5.130s][info][gc,marking    ] GC(269) Concurrent Preclean
[5.130s][info][gc,marking    ] GC(269) Concurrent Preclean 0.063ms
[5.130s][info][gc,marking    ] GC(269) Concurrent Mark (5.126s, 5.130s) 4.725ms
[5.131s][info][gc,start      ] GC(269) Pause Remark
[5.131s][info][gc,stringtable] GC(269) Cleaned string and symbol table, strings: 3239 processed, 0 removed, symbols: 29067 processed, 2 removed
[5.131s][info][gc            ] GC(269) Pause Remark 2249M->2249M(4093M) 0.548ms
[5.131s][info][gc,cpu        ] GC(269) User=0.00s Sys=0.00s Real=0.00s
[5.131s][info][gc,marking    ] GC(269) Concurrent Rebuild Remembered Sets
[5.134s][info][gc,marking    ] GC(269) Concurrent Rebuild Remembered Sets 3.056ms
[5.134s][info][gc,start      ] GC(269) Pause Cleanup
[5.135s][info][gc            ] GC(269) Pause Cleanup 2259M->2259M(4093M) 0.370ms
[5.135s][info][gc,cpu        ] GC(269) User=0.00s Sys=0.00s Real=0.00s
[5.135s][info][gc,marking    ] GC(269) Concurrent Cleanup for Next Mark
[5.137s][info][gc,marking    ] GC(269) Concurrent Cleanup for Next Mark 1.854ms
[5.137s][info][gc            ] GC(269) Concurrent Cycle 13.536ms
[5.236s][info][gc,start      ] GC(270) Pause Young (Concurrent Start) (G1 Humongous Allocation)
[5.236s][info][gc,task       ] GC(270) Using 13 workers of 13 for evacuation
[5.245s][info][gc,phases     ] GC(270)   Pre Evacuate Collection Set: 0.1ms
[5.245s][info][gc,phases     ] GC(270)   Evacuate Collection Set: 8.2ms
[5.245s][info][gc,phases     ] GC(270)   Post Evacuate Collection Set: 0.3ms
[5.245s][info][gc,phases     ] GC(270)   Other: 0.2ms
[5.245s][info][gc,heap       ] GC(270) Eden regions: 328->0(753)
[5.245s][info][gc,heap       ] GC(270) Survivor regions: 73->61(95)
[5.245s][info][gc,heap       ] GC(270) Old regions: 1989->2015
[5.245s][info][gc,heap       ] GC(270) Humongous regions: 165->165
[5.245s][info][gc,metaspace  ] GC(270) Metaspace: 7887K(8320K)->7887K(8320K) NonClass: 7189K(7424K)->7189K(7424K) Class: 698K(896K)->698K(896K)
[5.245s][info][gc            ] GC(270) Pause Young (Concurrent Start) (G1 Humongous Allocation) 2553M->2239M(4093M) 8.967ms
[5.245s][info][gc,cpu        ] GC(270) User=0.12s Sys=0.08s Real=0.01s
[5.245s][info][gc            ] GC(271) Concurrent Cycle
[5.245s][info][gc,marking    ] GC(271) Concurrent Clear Claimed Marks
[5.245s][info][gc,marking    ] GC(271) Concurrent Clear Claimed Marks 0.015ms
[5.245s][info][gc,marking    ] GC(271) Concurrent Scan Root Regions
[5.248s][info][gc,marking    ] GC(271) Concurrent Scan Root Regions 3.126ms
[5.248s][info][gc,marking    ] GC(271) Concurrent Mark (5.248s)
[5.248s][info][gc,marking    ] GC(271) Concurrent Mark From Roots
[5.248s][info][gc,task       ] GC(271) Using 3 workers of 3 for marking
[5.253s][info][gc,marking    ] GC(271) Concurrent Mark From Roots 4.420ms
[5.253s][info][gc,marking    ] GC(271) Concurrent Preclean
[5.253s][info][gc,marking    ] GC(271) Concurrent Preclean 0.062ms
[5.253s][info][gc,marking    ] GC(271) Concurrent Mark (5.248s, 5.253s) 4.525ms
[5.253s][info][gc,start      ] GC(271) Pause Remark
[5.253s][info][gc,stringtable] GC(271) Cleaned string and symbol table, strings: 3239 processed, 0 removed, symbols: 29065 processed, 0 removed
[5.253s][info][gc            ] GC(271) Pause Remark 2251M->2251M(4093M) 0.561ms
[5.253s][info][gc,cpu        ] GC(271) User=0.02s Sys=0.00s Real=0.00s
[5.253s][info][gc,marking    ] GC(271) Concurrent Rebuild Remembered Sets
[5.257s][info][gc,marking    ] GC(271) Concurrent Rebuild Remembered Sets 3.489ms
[5.257s][info][gc,start      ] GC(271) Pause Cleanup
[5.257s][info][gc            ] GC(271) Pause Cleanup 2251M->2251M(4093M) 0.350ms
[5.257s][info][gc,cpu        ] GC(271) User=0.00s Sys=0.00s Real=0.00s
[5.257s][info][gc,marking    ] GC(271) Concurrent Cleanup for Next Mark
[5.259s][info][gc,marking    ] GC(271) Concurrent Cleanup for Next Mark 1.691ms
[5.259s][info][gc            ] GC(271) Concurrent Cycle 14.108ms
[5.264s][info][gc,start      ] GC(272) Pause Young (Concurrent Start) (G1 Humongous Allocation)
[5.264s][info][gc,task       ] GC(272) Using 13 workers of 13 for evacuation
[5.269s][info][gc,phases     ] GC(272)   Pre Evacuate Collection Set: 0.1ms
[5.269s][info][gc,phases     ] GC(272)   Evacuate Collection Set: 4.5ms
[5.269s][info][gc,phases     ] GC(272)   Post Evacuate Collection Set: 0.2ms
[5.269s][info][gc,phases     ] GC(272)   Other: 0.1ms
[5.269s][info][gc,heap       ] GC(272) Eden regions: 14->0(816)
[5.269s][info][gc,heap       ] GC(272) Survivor regions: 61->51(102)
[5.269s][info][gc,heap       ] GC(272) Old regions: 2015->2025
[5.269s][info][gc,heap       ] GC(272) Humongous regions: 167->167
[5.269s][info][gc,metaspace  ] GC(272) Metaspace: 7889K(8320K)->7889K(8320K) NonClass: 7190K(7424K)->7190K(7424K) Class: 698K(896K)->698K(896K)
[5.269s][info][gc            ] GC(272) Pause Young (Concurrent Start) (G1 Humongous Allocation) 2255M->2242M(4093M) 5.012ms
[5.269s][info][gc,cpu        ] GC(272) User=0.20s Sys=0.00s Real=0.01s
[5.269s][info][gc            ] GC(273) Concurrent Cycle
[5.269s][info][gc,marking    ] GC(273) Concurrent Clear Claimed Marks
[5.269s][info][gc,marking    ] GC(273) Concurrent Clear Claimed Marks 0.012ms
[5.269s][info][gc,marking    ] GC(273) Concurrent Scan Root Regions
[5.272s][info][gc,marking    ] GC(273) Concurrent Scan Root Regions 2.804ms
[5.272s][info][gc,marking    ] GC(273) Concurrent Mark (5.272s)
[5.272s][info][gc,marking    ] GC(273) Concurrent Mark From Roots
[5.272s][info][gc,task       ] GC(273) Using 3 workers of 3 for marking
[5.276s][info][gc,marking    ] GC(273) Concurrent Mark From Roots 4.254ms
[5.276s][info][gc,marking    ] GC(273) Concurrent Preclean
[5.276s][info][gc,marking    ] GC(273) Concurrent Preclean 0.062ms
[5.276s][info][gc,marking    ] GC(273) Concurrent Mark (5.272s, 5.276s) 4.359ms
[5.276s][info][gc,start      ] GC(273) Pause Remark
[5.277s][info][gc,stringtable] GC(273) Cleaned string and symbol table, strings: 3239 processed, 0 removed, symbols: 29065 processed, 0 removed
[5.277s][info][gc            ] GC(273) Pause Remark 2265M->2264M(4093M) 0.508ms
[5.277s][info][gc,cpu        ] GC(273) User=0.00s Sys=0.00s Real=0.00s
[5.277s][info][gc,marking    ] GC(273) Concurrent Rebuild Remembered Sets
[5.280s][info][gc,marking    ] GC(273) Concurrent Rebuild Remembered Sets 3.629ms
[5.280s][info][gc,start      ] GC(273) Pause Cleanup
[5.281s][info][gc            ] GC(273) Pause Cleanup 2274M->2274M(4093M) 0.398ms
[5.281s][info][gc,cpu        ] GC(273) User=0.00s Sys=0.00s Real=0.00s
[5.281s][info][gc,marking    ] GC(273) Concurrent Cleanup for Next Mark
[5.283s][info][gc,marking    ] GC(273) Concurrent Cleanup for Next Mark 1.810ms
[5.283s][info][gc            ] GC(273) Concurrent Cycle 13.839ms
[5.298s][info][gc,start      ] GC(274) Pause Young (Concurrent Start) (G1 Humongous Allocation)
[5.298s][info][gc,task       ] GC(274) Using 13 workers of 13 for evacuation
[5.303s][info][gc,phases     ] GC(274)   Pre Evacuate Collection Set: 0.1ms
[5.303s][info][gc,phases     ] GC(274)   Evacuate Collection Set: 4.9ms
[5.303s][info][gc,phases     ] GC(274)   Post Evacuate Collection Set: 0.2ms
[5.303s][info][gc,phases     ] GC(274)   Other: 0.1ms
[5.303s][info][gc,heap       ] GC(274) Eden regions: 72->0(836)
[5.303s][info][gc,heap       ] GC(274) Survivor regions: 51->57(109)
[5.303s][info][gc,heap       ] GC(274) Old regions: 2025->2025
[5.303s][info][gc,heap       ] GC(274) Humongous regions: 170->170
[5.303s][info][gc,metaspace  ] GC(274) Metaspace: 7889K(8320K)->7889K(8320K) NonClass: 7190K(7424K)->7190K(7424K) Class: 698K(896K)->698K(896K)
[5.304s][info][gc            ] GC(274) Pause Young (Concurrent Start) (G1 Humongous Allocation) 2317M->2250M(4093M) 5.435ms
[5.304s][info][gc,cpu        ] GC(274) User=0.20s Sys=0.00s Real=0.00s
[5.304s][info][gc            ] GC(275) Concurrent Cycle
[5.304s][info][gc,marking    ] GC(275) Concurrent Clear Claimed Marks
[5.304s][info][gc,marking    ] GC(275) Concurrent Clear Claimed Marks 0.013ms
[5.304s][info][gc,marking    ] GC(275) Concurrent Scan Root Regions
[5.307s][info][gc,marking    ] GC(275) Concurrent Scan Root Regions 3.123ms
[5.307s][info][gc,marking    ] GC(275) Concurrent Mark (5.307s)
[5.307s][info][gc,marking    ] GC(275) Concurrent Mark From Roots
[5.307s][info][gc,task       ] GC(275) Using 3 workers of 3 for marking
[5.312s][info][gc,marking    ] GC(275) Concurrent Mark From Roots 5.142ms
[5.312s][info][gc,marking    ] GC(275) Concurrent Preclean
[5.312s][info][gc,marking    ] GC(275) Concurrent Preclean 0.067ms
[5.312s][info][gc,marking    ] GC(275) Concurrent Mark (5.307s, 5.312s) 5.252ms
[5.312s][info][gc,start      ] GC(275) Pause Remark
[5.312s][info][gc,stringtable] GC(275) Cleaned string and symbol table, strings: 3239 processed, 0 removed, symbols: 29065 processed, 0 removed
[5.313s][info][gc            ] GC(275) Pause Remark 2277M->2275M(4093M) 0.511ms
[5.313s][info][gc,cpu        ] GC(275) User=0.00s Sys=0.00s Real=0.00s
[5.313s][info][gc,marking    ] GC(275) Concurrent Rebuild Remembered Sets
[5.317s][info][gc,marking    ] GC(275) Concurrent Rebuild Remembered Sets 4.034ms
[5.317s][info][gc,start      ] GC(275) Pause Cleanup
[5.317s][info][gc            ] GC(275) Pause Cleanup 2288M->2288M(4093M) 0.347ms
[5.317s][info][gc,cpu        ] GC(275) User=0.00s Sys=0.00s Real=0.00s
[5.317s][info][gc,marking    ] GC(275) Concurrent Cleanup for Next Mark
[5.319s][info][gc,marking    ] GC(275) Concurrent Cleanup for Next Mark 1.890ms
[5.319s][info][gc            ] GC(275) Concurrent Cycle 15.542ms
[5.560s][info][gc,start      ] GC(276) Pause Young (Concurrent Start) (G1 Humongous Allocation)
[5.560s][info][gc,task       ] GC(276) Using 13 workers of 13 for evacuation
[5.572s][info][gc,phases     ] GC(276)   Pre Evacuate Collection Set: 0.1ms
[5.572s][info][gc,phases     ] GC(276)   Evacuate Collection Set: 11.3ms
[5.572s][info][gc,phases     ] GC(276)   Post Evacuate Collection Set: 0.4ms
[5.572s][info][gc,phases     ] GC(276)   Other: 0.2ms
[5.572s][info][gc,heap       ] GC(276) Eden regions: 743->0(893)
[5.572s][info][gc,heap       ] GC(276) Survivor regions: 57->82(112)
[5.572s][info][gc,heap       ] GC(276) Old regions: 2025->2025
[5.572s][info][gc,heap       ] GC(276) Humongous regions: 170->170
[5.572s][info][gc,metaspace  ] GC(276) Metaspace: 7889K(8320K)->7889K(8320K) NonClass: 7190K(7424K)->7190K(7424K) Class: 698K(896K)->698K(896K)
[5.572s][info][gc            ] GC(276) Pause Young (Concurrent Start) (G1 Humongous Allocation) 2993M->2276M(4094M) 12.200ms
[5.572s][info][gc,cpu        ] GC(276) User=0.19s Sys=0.02s Real=0.01s
[5.572s][info][gc            ] GC(277) Concurrent Cycle
[5.572s][info][gc,marking    ] GC(277) Concurrent Clear Claimed Marks
[5.572s][info][gc,marking    ] GC(277) Concurrent Clear Claimed Marks 0.016ms
[5.572s][info][gc,marking    ] GC(277) Concurrent Scan Root Regions
[5.579s][info][gc,marking    ] GC(277) Concurrent Scan Root Regions 7.232ms
[5.580s][info][gc,marking    ] GC(277) Concurrent Mark (5.580s)
[5.580s][info][gc,marking    ] GC(277) Concurrent Mark From Roots
[5.580s][info][gc,task       ] GC(277) Using 3 workers of 3 for marking
[5.584s][info][gc,marking    ] GC(277) Concurrent Mark From Roots 4.702ms
[5.584s][info][gc,marking    ] GC(277) Concurrent Preclean
[5.584s][info][gc,marking    ] GC(277) Concurrent Preclean 0.066ms
[5.584s][info][gc,marking    ] GC(277) Concurrent Mark (5.580s, 5.584s) 4.814ms
[5.585s][info][gc,start      ] GC(277) Pause Remark
[5.585s][info][gc,stringtable] GC(277) Cleaned string and symbol table, strings: 3239 processed, 0 removed, symbols: 29065 processed, 0 removed
[5.585s][info][gc            ] GC(277) Pause Remark 2310M->2309M(4094M) 0.536ms
[5.585s][info][gc,cpu        ] GC(277) User=0.00s Sys=0.00s Real=0.00s
[5.585s][info][gc,marking    ] GC(277) Concurrent Rebuild Remembered Sets
[5.589s][info][gc,marking    ] GC(277) Concurrent Rebuild Remembered Sets 4.253ms
[5.590s][info][gc,start      ] GC(277) Pause Cleanup
[5.590s][info][gc            ] GC(277) Pause Cleanup 2323M->2323M(4094M) 0.345ms
[5.590s][info][gc,cpu        ] GC(277) User=0.00s Sys=0.00s Real=0.00s
[5.590s][info][gc,marking    ] GC(277) Concurrent Cleanup for Next Mark
[5.592s][info][gc,marking    ] GC(277) Concurrent Cleanup for Next Mark 1.793ms
[5.592s][info][gc            ] GC(277) Concurrent Cycle 19.587ms
[5.641s][info][gc,start      ] GC(278) Pause Young (Concurrent Start) (G1 Humongous Allocation)
[5.641s][info][gc,task       ] GC(278) Using 13 workers of 13 for evacuation
[5.652s][info][gc,phases     ] GC(278)   Pre Evacuate Collection Set: 0.1ms
[5.652s][info][gc,phases     ] GC(278)   Evacuate Collection Set: 9.6ms
[5.652s][info][gc,phases     ] GC(278)   Post Evacuate Collection Set: 0.3ms
[5.652s][info][gc,phases     ] GC(278)   Other: 0.2ms
[5.652s][info][gc,heap       ] GC(278) Eden regions: 196->0(861)
[5.652s][info][gc,heap       ] GC(278) Survivor regions: 82->56(122)
[5.652s][info][gc,heap       ] GC(278) Old regions: 2025->2059
[5.652s][info][gc,heap       ] GC(278) Humongous regions: 178->178
[5.652s][info][gc,metaspace  ] GC(278) Metaspace: 7889K(8320K)->7889K(8320K) NonClass: 7190K(7424K)->7190K(7424K) Class: 698K(896K)->698K(896K)
[5.652s][info][gc            ] GC(278) Pause Young (Concurrent Start) (G1 Humongous Allocation) 2480M->2291M(4094M) 10.365ms
[5.652s][info][gc,cpu        ] GC(278) User=0.19s Sys=0.02s Real=0.01s
[5.652s][info][gc            ] GC(279) Concurrent Cycle
[5.652s][info][gc,marking    ] GC(279) Concurrent Clear Claimed Marks
[5.652s][info][gc,marking    ] GC(279) Concurrent Clear Claimed Marks 0.015ms
[5.652s][info][gc,marking    ] GC(279) Concurrent Scan Root Regions
[5.657s][info][gc,marking    ] GC(279) Concurrent Scan Root Regions 5.610ms
[5.657s][info][gc,marking    ] GC(279) Concurrent Mark (5.657s)
[5.657s][info][gc,marking    ] GC(279) Concurrent Mark From Roots
[5.657s][info][gc,task       ] GC(279) Using 3 workers of 3 for marking
[5.668s][info][gc,marking    ] GC(279) Concurrent Mark From Roots 10.527ms
[5.668s][info][gc,marking    ] GC(279) Concurrent Preclean
[5.668s][info][gc,marking    ] GC(279) Concurrent Preclean 0.063ms
[5.668s][info][gc,marking    ] GC(279) Concurrent Mark (5.657s, 5.668s) 10.641ms
[5.668s][info][gc,start      ] GC(279) Pause Remark
[5.669s][info][gc,stringtable] GC(279) Cleaned string and symbol table, strings: 3239 processed, 0 removed, symbols: 29065 processed, 0 removed
[5.669s][info][gc            ] GC(279) Pause Remark 2334M->2328M(4094M) 0.604ms
[5.669s][info][gc,cpu        ] GC(279) User=0.00s Sys=0.00s Real=0.00s
[5.669s][info][gc,marking    ] GC(279) Concurrent Rebuild Remembered Sets
[5.678s][info][gc,marking    ] GC(279) Concurrent Rebuild Remembered Sets 9.083ms
[5.678s][info][gc,start      ] GC(279) Pause Cleanup
[5.678s][info][gc            ] GC(279) Pause Cleanup 2353M->2353M(4094M) 0.379ms
[5.678s][info][gc,cpu        ] GC(279) User=0.00s Sys=0.00s Real=0.00s
[5.678s][info][gc,marking    ] GC(279) Concurrent Cleanup for Next Mark
[5.680s][info][gc,marking    ] GC(279) Concurrent Cleanup for Next Mark 1.770ms
[5.680s][info][gc            ] GC(279) Concurrent Cycle 28.504ms
[5.954s][info][gc,start      ] GC(280) Pause Young (Normal) (G1 Evacuation Pause)
[5.954s][info][gc,task       ] GC(280) Using 13 workers of 13 for evacuation
[5.970s][info][gc,phases     ] GC(280)   Pre Evacuate Collection Set: 0.1ms
[5.970s][info][gc,phases     ] GC(280)   Evacuate Collection Set: 15.2ms
[5.970s][info][gc,phases     ] GC(280)   Post Evacuate Collection Set: 0.5ms
[5.970s][info][gc,phases     ] GC(280)   Other: 0.3ms
[5.970s][info][gc,heap       ] GC(280) Eden regions: 861->0(911)
[5.970s][info][gc,heap       ] GC(280) Survivor regions: 56->84(115)
[5.970s][info][gc,heap       ] GC(280) Old regions: 2059->2059
[5.970s][info][gc,heap       ] GC(280) Humongous regions: 175->175
[5.970s][info][gc,metaspace  ] GC(280) Metaspace: 7889K(8320K)->7889K(8320K) NonClass: 7190K(7424K)->7190K(7424K) Class: 698K(896K)->698K(896K)
[5.970s][info][gc            ] GC(280) Pause Young (Normal) (G1 Evacuation Pause) 3149M->2317M(4094M) 16.214ms
[5.970s][info][gc,cpu        ] GC(280) User=0.19s Sys=0.02s Real=0.02s
[6.309s][info][gc,start      ] GC(281) Pause Young (Concurrent Start) (G1 Evacuation Pause)
[6.310s][info][gc,task       ] GC(281) Using 13 workers of 13 for evacuation
[6.329s][info][gc,phases     ] GC(281)   Pre Evacuate Collection Set: 0.1ms
[6.329s][info][gc,phases     ] GC(281)   Evacuate Collection Set: 18.6ms
[6.329s][info][gc,phases     ] GC(281)   Post Evacuate Collection Set: 0.5ms
[6.329s][info][gc,phases     ] GC(281)   Other: 0.4ms
[6.329s][info][gc,heap       ] GC(281) Eden regions: 911->0(953)
[6.329s][info][gc,heap       ] GC(281) Survivor regions: 84->92(125)
[6.329s][info][gc,heap       ] GC(281) Old regions: 2059->2078
[6.329s][info][gc,heap       ] GC(281) Humongous regions: 175->175
[6.329s][info][gc,metaspace  ] GC(281) Metaspace: 7889K(8320K)->7889K(8320K) NonClass: 7191K(7424K)->7191K(7424K) Class: 698K(896K)->698K(896K)
[6.329s][info][gc            ] GC(281) Pause Young (Concurrent Start) (G1 Evacuation Pause) 3228M->2343M(4094M) 19.740ms
[6.329s][info][gc,cpu        ] GC(281) User=0.19s Sys=0.02s Real=0.02s
[6.329s][info][gc            ] GC(282) Concurrent Cycle
[6.329s][info][gc,marking    ] GC(282) Concurrent Clear Claimed Marks
[6.329s][info][gc,marking    ] GC(282) Concurrent Clear Claimed Marks 0.020ms
[6.329s][info][gc,marking    ] GC(282) Concurrent Scan Root Regions
[6.342s][info][gc,marking    ] GC(282) Concurrent Scan Root Regions 12.998ms
[6.342s][info][gc,marking    ] GC(282) Concurrent Mark (6.342s)
[6.342s][info][gc,marking    ] GC(282) Concurrent Mark From Roots
[6.342s][info][gc,task       ] GC(282) Using 3 workers of 3 for marking
[6.361s][info][gc,marking    ] GC(282) Concurrent Mark From Roots 18.805ms
[6.361s][info][gc,marking    ] GC(282) Concurrent Preclean
[6.361s][info][gc,marking    ] GC(282) Concurrent Preclean 0.063ms
[6.361s][info][gc,marking    ] GC(282) Concurrent Mark (6.342s, 6.361s) 18.922ms
[6.361s][info][gc,start      ] GC(282) Pause Remark
[6.362s][info][gc,stringtable] GC(282) Cleaned string and symbol table, strings: 3239 processed, 17 removed, symbols: 29065 processed, 0 removed
[6.362s][info][gc            ] GC(282) Pause Remark 2426M->2424M(4094M) 0.871ms
[6.362s][info][gc,cpu        ] GC(282) User=0.11s Sys=0.00s Real=0.00s
[6.362s][info][gc,marking    ] GC(282) Concurrent Rebuild Remembered Sets
[6.378s][info][gc,marking    ] GC(282) Concurrent Rebuild Remembered Sets 15.383ms
[6.378s][info][gc,start      ] GC(282) Pause Cleanup
[6.378s][info][gc            ] GC(282) Pause Cleanup 2465M->2465M(4094M) 0.485ms
[6.378s][info][gc,cpu        ] GC(282) User=0.00s Sys=0.00s Real=0.00s
[6.378s][info][gc,marking    ] GC(282) Concurrent Cleanup for Next Mark
[6.380s][info][gc,marking    ] GC(282) Concurrent Cleanup for Next Mark 1.814ms
[6.380s][info][gc            ] GC(282) Concurrent Cycle 50.937ms
[6.393s][info][gc,start      ] GC(283) Pause Young (Concurrent Start) (G1 Humongous Allocation)
[6.393s][info][gc,task       ] GC(283) Using 13 workers of 13 for evacuation
[6.406s][info][gc,phases     ] GC(283)   Pre Evacuate Collection Set: 0.1ms
[6.406s][info][gc,phases     ] GC(283)   Evacuate Collection Set: 12.8ms
[6.406s][info][gc,phases     ] GC(283)   Post Evacuate Collection Set: 0.4ms
[6.406s][info][gc,phases     ] GC(283)   Other: 0.2ms
[6.406s][info][gc,heap       ] GC(283) Eden regions: 155->0(994)
[6.406s][info][gc,heap       ] GC(283) Survivor regions: 92->69(131)
[6.406s][info][gc,heap       ] GC(283) Old regions: 2078->2107
[6.406s][info][gc,heap       ] GC(283) Humongous regions: 178->178
[6.406s][info][gc,metaspace  ] GC(283) Metaspace: 7859K(8320K)->7859K(8320K) NonClass: 7170K(7424K)->7170K(7424K) Class: 688K(896K)->688K(896K)
[6.406s][info][gc            ] GC(283) Pause Young (Concurrent Start) (G1 Humongous Allocation) 2501M->2353M(4095M) 13.617ms
[6.406s][info][gc,cpu        ] GC(283) User=0.20s Sys=0.00s Real=0.01s
[6.406s][info][gc            ] GC(284) Concurrent Cycle
[6.406s][info][gc,marking    ] GC(284) Concurrent Clear Claimed Marks
[6.406s][info][gc,marking    ] GC(284) Concurrent Clear Claimed Marks 0.017ms
[6.406s][info][gc,marking    ] GC(284) Concurrent Scan Root Regions
[6.417s][info][gc,marking    ] GC(284) Concurrent Scan Root Regions 10.955ms
[6.417s][info][gc,marking    ] GC(284) Concurrent Mark (6.417s)
[6.417s][info][gc,marking    ] GC(284) Concurrent Mark From Roots
[6.417s][info][gc,task       ] GC(284) Using 3 workers of 3 for marking
[6.448s][info][gc,marking    ] GC(284) Concurrent Mark From Roots 31.101ms
[6.448s][info][gc,marking    ] GC(284) Concurrent Preclean
[6.449s][info][gc,marking    ] GC(284) Concurrent Preclean 0.064ms
[6.449s][info][gc,marking    ] GC(284) Concurrent Mark (6.417s, 6.449s) 31.221ms
[6.449s][info][gc,start      ] GC(284) Pause Remark
[6.449s][info][gc,stringtable] GC(284) Cleaned string and symbol table, strings: 3222 processed, 0 removed, symbols: 29065 processed, 18 removed
[6.449s][info][gc            ] GC(284) Pause Remark 2448M->2445M(4095M) 0.621ms
[6.449s][info][gc,cpu        ] GC(284) User=0.00s Sys=0.00s Real=0.00s
[6.449s][info][gc,marking    ] GC(284) Concurrent Rebuild Remembered Sets
[6.472s][info][gc,marking    ] GC(284) Concurrent Rebuild Remembered Sets 23.019ms
[6.472s][info][gc,start      ] GC(284) Pause Cleanup
[6.473s][info][gc            ] GC(284) Pause Cleanup 2502M->2502M(4095M) 0.555ms
[6.473s][info][gc,cpu        ] GC(284) User=0.00s Sys=0.00s Real=0.00s
[6.473s][info][gc,marking    ] GC(284) Concurrent Cleanup for Next Mark
[6.475s][info][gc,marking    ] GC(284) Concurrent Cleanup for Next Mark 1.756ms
[6.475s][info][gc            ] GC(284) Concurrent Cycle 68.570ms
[6.481s][info][gc,start      ] GC(285) Pause Young (Concurrent Start) (G1 Humongous Allocation)
[6.481s][info][gc,task       ] GC(285) Using 13 workers of 13 for evacuation
[6.494s][info][gc,phases     ] GC(285)   Pre Evacuate Collection Set: 0.1ms
[6.494s][info][gc,phases     ] GC(285)   Evacuate Collection Set: 11.6ms
[6.494s][info][gc,phases     ] GC(285)   Post Evacuate Collection Set: 0.3ms
[6.494s][info][gc,phases     ] GC(285)   Other: 0.2ms
[6.494s][info][gc,heap       ] GC(285) Eden regions: 164->0(1034)
[6.494s][info][gc,heap       ] GC(285) Survivor regions: 69->75(133)
[6.494s][info][gc,heap       ] GC(285) Old regions: 2107->2107
[6.494s][info][gc,heap       ] GC(285) Humongous regions: 185->185
[6.494s][info][gc,metaspace  ] GC(285) Metaspace: 7859K(8320K)->7859K(8320K) NonClass: 7170K(7424K)->7170K(7424K) Class: 688K(896K)->688K(896K)
[6.494s][info][gc            ] GC(285) Pause Young (Concurrent Start) (G1 Humongous Allocation) 2524M->2366M(4095M) 12.330ms
[6.494s][info][gc,cpu        ] GC(285) User=0.20s Sys=0.00s Real=0.01s
[6.494s][info][gc            ] GC(286) Concurrent Cycle
[6.494s][info][gc,marking    ] GC(286) Concurrent Clear Claimed Marks
[6.494s][info][gc,marking    ] GC(286) Concurrent Clear Claimed Marks 0.017ms
[6.494s][info][gc,marking    ] GC(286) Concurrent Scan Root Regions
[6.507s][info][gc,marking    ] GC(286) Concurrent Scan Root Regions 12.815ms
[6.507s][info][gc,marking    ] GC(286) Concurrent Mark (6.507s)
[6.507s][info][gc,marking    ] GC(286) Concurrent Mark From Roots
[6.507s][info][gc,task       ] GC(286) Using 3 workers of 3 for marking
[6.536s][info][gc,marking    ] GC(286) Concurrent Mark From Roots 28.910ms
[6.536s][info][gc,marking    ] GC(286) Concurrent Preclean
[6.536s][info][gc,marking    ] GC(286) Concurrent Preclean 0.064ms
[6.536s][info][gc,marking    ] GC(286) Concurrent Mark (6.507s, 6.536s) 29.050ms
[6.536s][info][gc,start      ] GC(286) Pause Remark
[6.536s][info][gc,stringtable] GC(286) Cleaned string and symbol table, strings: 3223 processed, 0 removed, symbols: 29047 processed, 0 removed
[6.536s][info][gc            ] GC(286) Pause Remark 2462M->2456M(4095M) 0.576ms
[6.537s][info][gc,cpu        ] GC(286) User=0.00s Sys=0.00s Real=0.00s
[6.537s][info][gc,marking    ] GC(286) Concurrent Rebuild Remembered Sets
[6.558s][info][gc,marking    ] GC(286) Concurrent Rebuild Remembered Sets 21.699ms
[6.558s][info][gc,start      ] GC(286) Pause Cleanup
[6.559s][info][gc            ] GC(286) Pause Cleanup 2512M->2512M(4095M) 0.508ms
[6.559s][info][gc,cpu        ] GC(286) User=0.00s Sys=0.00s Real=0.00s
[6.559s][info][gc,marking    ] GC(286) Concurrent Cleanup for Next Mark
[6.561s][info][gc,marking    ] GC(286) Concurrent Cleanup for Next Mark 1.742ms
[6.561s][info][gc            ] GC(286) Concurrent Cycle 66.855ms
[6.885s][info][gc,start      ] GC(287) Pause Young (Normal) (G1 Evacuation Pause)
[6.885s][info][gc,task       ] GC(287) Using 13 workers of 13 for evacuation
[6.906s][info][gc,phases     ] GC(287)   Pre Evacuate Collection Set: 0.1ms
[6.906s][info][gc,phases     ] GC(287)   Evacuate Collection Set: 19.4ms
[6.906s][info][gc,phases     ] GC(287)   Post Evacuate Collection Set: 0.5ms
[6.906s][info][gc,phases     ] GC(287)   Other: 0.4ms
[6.906s][info][gc,heap       ] GC(287) Eden regions: 1034->0(1049)
[6.906s][info][gc,heap       ] GC(287) Survivor regions: 75->98(139)
[6.906s][info][gc,heap       ] GC(287) Old regions: 2107->2114
[6.906s][info][gc,heap       ] GC(287) Humongous regions: 184->184
[6.906s][info][gc,metaspace  ] GC(287) Metaspace: 7859K(8320K)->7859K(8320K) NonClass: 7170K(7424K)->7170K(7424K) Class: 688K(896K)->688K(896K)
[6.906s][info][gc            ] GC(287) Pause Young (Normal) (G1 Evacuation Pause) 3399M->2394M(4095M) 20.530ms
[6.906s][info][gc,cpu        ] GC(287) User=0.20s Sys=0.00s Real=0.02s
[7.291s][info][gc,start      ] GC(288) Pause Young (Concurrent Start) (G1 Evacuation Pause)
[7.291s][info][gc,task       ] GC(288) Using 13 workers of 13 for evacuation
[7.314s][info][gc,phases     ] GC(288)   Pre Evacuate Collection Set: 0.1ms
[7.314s][info][gc,phases     ] GC(288)   Evacuate Collection Set: 22.1ms
[7.314s][info][gc,phases     ] GC(288)   Post Evacuate Collection Set: 0.5ms
[7.314s][info][gc,phases     ] GC(288)   Other: 0.4ms
[7.314s][info][gc,heap       ] GC(288) Eden regions: 1049->0(1060)
[7.314s][info][gc,heap       ] GC(288) Survivor regions: 98->96(144)
[7.314s][info][gc,heap       ] GC(288) Old regions: 2114->2142
[7.314s][info][gc,heap       ] GC(288) Humongous regions: 184->184
[7.314s][info][gc,metaspace  ] GC(288) Metaspace: 7859K(8320K)->7859K(8320K) NonClass: 7170K(7424K)->7170K(7424K) Class: 688K(896K)->688K(896K)
[7.314s][info][gc            ] GC(288) Pause Young (Concurrent Start) (G1 Evacuation Pause) 3443M->2421M(4095M) 23.227ms
[7.314s][info][gc,cpu        ] GC(288) User=0.20s Sys=0.00s Real=0.02s
[7.314s][info][gc            ] GC(289) Concurrent Cycle
[7.314s][info][gc,marking    ] GC(289) Concurrent Clear Claimed Marks
[7.314s][info][gc,marking    ] GC(289) Concurrent Clear Claimed Marks 0.019ms
[7.314s][info][gc,marking    ] GC(289) Concurrent Scan Root Regions
[7.331s][info][gc,marking    ] GC(289) Concurrent Scan Root Regions 16.491ms
[7.331s][info][gc,marking    ] GC(289) Concurrent Mark (7.331s)
[7.331s][info][gc,marking    ] GC(289) Concurrent Mark From Roots
[7.331s][info][gc,task       ] GC(289) Using 3 workers of 3 for marking
[7.382s][info][gc,marking    ] GC(289) Concurrent Mark From Roots 51.332ms
[7.382s][info][gc,marking    ] GC(289) Concurrent Preclean
[7.383s][info][gc,marking    ] GC(289) Concurrent Preclean 0.064ms
[7.383s][info][gc,marking    ] GC(289) Concurrent Mark (7.331s, 7.383s) 51.484ms
[7.383s][info][gc,start      ] GC(289) Pause Remark
[7.383s][info][gc,stringtable] GC(289) Cleaned string and symbol table, strings: 3247 processed, 0 removed, symbols: 29047 processed, 0 removed
[7.383s][info][gc            ] GC(289) Pause Remark 2583M->2580M(4095M) 0.614ms
[7.383s][info][gc,cpu        ] GC(289) User=0.00s Sys=0.00s Real=0.00s
[7.383s][info][gc,marking    ] GC(289) Concurrent Rebuild Remembered Sets
[7.418s][info][gc,marking    ] GC(289) Concurrent Rebuild Remembered Sets 34.762ms
[7.418s][info][gc,start      ] GC(289) Pause Cleanup
[7.419s][info][gc            ] GC(289) Pause Cleanup 2669M->2669M(4095M) 0.591ms
[7.419s][info][gc,cpu        ] GC(289) User=0.00s Sys=0.00s Real=0.00s
[7.419s][info][gc,marking    ] GC(289) Concurrent Cleanup for Next Mark
[7.421s][info][gc,marking    ] GC(289) Concurrent Cleanup for Next Mark 1.682ms
[7.421s][info][gc            ] GC(289) Concurrent Cycle 106.120ms
[7.724s][info][gc,start      ] GC(290) Pause Young (Normal) (G1 Evacuation Pause)
[7.724s][info][gc,task       ] GC(290) Using 13 workers of 13 for evacuation
[7.747s][info][gc,phases     ] GC(290)   Pre Evacuate Collection Set: 0.1ms
[7.747s][info][gc,phases     ] GC(290)   Evacuate Collection Set: 21.9ms
[7.747s][info][gc,phases     ] GC(290)   Post Evacuate Collection Set: 0.5ms
[7.747s][info][gc,phases     ] GC(290)   Other: 0.4ms
[7.747s][info][gc,heap       ] GC(290) Eden regions: 1060->0(1067)
[7.747s][info][gc,heap       ] GC(290) Survivor regions: 96->93(145)
[7.747s][info][gc,heap       ] GC(290) Old regions: 2142->2171
[7.747s][info][gc,heap       ] GC(290) Humongous regions: 181->181
[7.747s][info][gc,metaspace  ] GC(290) Metaspace: 7859K(8320K)->7859K(8320K) NonClass: 7170K(7424K)->7170K(7424K) Class: 688K(896K)->688K(896K)
[7.747s][info][gc            ] GC(290) Pause Young (Normal) (G1 Evacuation Pause) 3478M->2444M(4096M) 23.071ms
[7.747s][info][gc,cpu        ] GC(290) User=0.20s Sys=0.00s Real=0.02s
[8.155s][info][gc,start      ] GC(291) Pause Young (Concurrent Start) (G1 Evacuation Pause)
[8.155s][info][gc,task       ] GC(291) Using 13 workers of 13 for evacuation
[8.177s][info][gc,phases     ] GC(291)   Pre Evacuate Collection Set: 0.1ms
[8.177s][info][gc,phases     ] GC(291)   Evacuate Collection Set: 21.4ms
[8.177s][info][gc,phases     ] GC(291)   Post Evacuate Collection Set: 0.5ms
[8.177s][info][gc,phases     ] GC(291)   Other: 0.4ms
[8.177s][info][gc,heap       ] GC(291) Eden regions: 1067->0(1066)
[8.177s][info][gc,heap       ] GC(291) Survivor regions: 93->79(145)
[8.177s][info][gc,heap       ] GC(291) Old regions: 2171->2212
[8.177s][info][gc,heap       ] GC(291) Humongous regions: 181->181
[8.177s][info][gc,metaspace  ] GC(291) Metaspace: 7859K(8320K)->7859K(8320K) NonClass: 7170K(7424K)->7170K(7424K) Class: 688K(896K)->688K(896K)
[8.177s][info][gc            ] GC(291) Pause Young (Concurrent Start) (G1 Evacuation Pause) 3511M->2471M(4096M) 22.589ms
[8.177s][info][gc,cpu        ] GC(291) User=0.41s Sys=0.00s Real=0.02s
[8.177s][info][gc            ] GC(292) Concurrent Cycle
[8.177s][info][gc,marking    ] GC(292) Concurrent Clear Claimed Marks
[8.177s][info][gc,marking    ] GC(292) Concurrent Clear Claimed Marks 0.017ms
[8.177s][info][gc,marking    ] GC(292) Concurrent Scan Root Regions
[8.196s][info][gc,marking    ] GC(292) Concurrent Scan Root Regions 18.397ms
[8.196s][info][gc,marking    ] GC(292) Concurrent Mark (8.196s)
[8.196s][info][gc,marking    ] GC(292) Concurrent Mark From Roots
[8.196s][info][gc,task       ] GC(292) Using 3 workers of 3 for marking
[8.278s][info][gc,marking    ] GC(292) Concurrent Mark From Roots 81.897ms
[8.278s][info][gc,marking    ] GC(292) Concurrent Preclean
[8.278s][info][gc,marking    ] GC(292) Concurrent Preclean 0.064ms
[8.278s][info][gc,marking    ] GC(292) Concurrent Mark (8.196s, 8.278s) 82.041ms
[8.278s][info][gc,start      ] GC(292) Pause Remark
[8.278s][info][gc,stringtable] GC(292) Cleaned string and symbol table, strings: 3247 processed, 0 removed, symbols: 29047 processed, 0 removed
[8.279s][info][gc            ] GC(292) Pause Remark 2703M->2703M(4096M) 0.664ms
[8.279s][info][gc,cpu        ] GC(292) User=0.00s Sys=0.00s Real=0.00s
[8.279s][info][gc,marking    ] GC(292) Concurrent Rebuild Remembered Sets
[8.336s][info][gc,marking    ] GC(292) Concurrent Rebuild Remembered Sets 57.410ms
[8.336s][info][gc,start      ] GC(292) Pause Cleanup
[8.337s][info][gc            ] GC(292) Pause Cleanup 2832M->2832M(4096M) 0.648ms
[8.337s][info][gc,cpu        ] GC(292) User=0.00s Sys=0.00s Real=0.00s
[8.337s][info][gc,marking    ] GC(292) Concurrent Cleanup for Next Mark
[8.339s][info][gc,marking    ] GC(292) Concurrent Cleanup for Next Mark 1.773ms
[8.339s][info][gc            ] GC(292) Concurrent Cycle 161.454ms
[8.472s][info][gc,start      ] GC(293) Pause Young (Concurrent Start) (G1 Humongous Allocation)
[8.472s][info][gc,task       ] GC(293) Using 13 workers of 13 for evacuation
[8.491s][info][gc,phases     ] GC(293)   Pre Evacuate Collection Set: 0.1ms
[8.491s][info][gc,phases     ] GC(293)   Evacuate Collection Set: 18.5ms
[8.491s][info][gc,phases     ] GC(293)   Post Evacuate Collection Set: 0.5ms
[8.491s][info][gc,phases     ] GC(293)   Other: 0.4ms
[8.491s][info][gc,heap       ] GC(293) Eden regions: 716->0(1066)
[8.491s][info][gc,heap       ] GC(293) Survivor regions: 79->70(144)
[8.491s][info][gc,heap       ] GC(293) Old regions: 2212->2243
[8.491s][info][gc,heap       ] GC(293) Humongous regions: 181->181
[8.491s][info][gc,metaspace  ] GC(293) Metaspace: 7860K(8320K)->7860K(8320K) NonClass: 7172K(7424K)->7172K(7424K) Class: 688K(896K)->688K(896K)
[8.491s][info][gc            ] GC(293) Pause Young (Concurrent Start) (G1 Humongous Allocation) 3187M->2493M(4096M) 19.540ms
[8.492s][info][gc,cpu        ] GC(293) User=0.20s Sys=0.00s Real=0.02s
[8.492s][info][gc            ] GC(294) Concurrent Cycle
[8.492s][info][gc,marking    ] GC(294) Concurrent Clear Claimed Marks
[8.492s][info][gc,marking    ] GC(294) Concurrent Clear Claimed Marks 0.015ms
[8.492s][info][gc,marking    ] GC(294) Concurrent Scan Root Regions
[8.508s][info][gc,marking    ] GC(294) Concurrent Scan Root Regions 16.501ms
[8.508s][info][gc,marking    ] GC(294) Concurrent Mark (8.508s)
[8.508s][info][gc,marking    ] GC(294) Concurrent Mark From Roots
[8.508s][info][gc,task       ] GC(294) Using 3 workers of 3 for marking
[8.590s][info][gc,marking    ] GC(294) Concurrent Mark From Roots 82.166ms
[8.590s][info][gc,marking    ] GC(294) Concurrent Preclean
[8.590s][info][gc,marking    ] GC(294) Concurrent Preclean 0.072ms
[8.590s][info][gc,marking    ] GC(294) Concurrent Mark (8.508s, 8.590s) 82.319ms
[8.591s][info][gc,start      ] GC(294) Pause Remark
[8.591s][info][gc,stringtable] GC(294) Cleaned string and symbol table, strings: 3247 processed, 0 removed, symbols: 29047 processed, 0 removed
[8.591s][info][gc            ] GC(294) Pause Remark 2699M->2699M(4096M) 0.604ms
[8.591s][info][gc,cpu        ] GC(294) User=0.00s Sys=0.00s Real=0.00s
[8.591s][info][gc,marking    ] GC(294) Concurrent Rebuild Remembered Sets
[8.647s][info][gc,marking    ] GC(294) Concurrent Rebuild Remembered Sets 56.081ms
[8.647s][info][gc,start      ] GC(294) Pause Cleanup
[8.648s][info][gc            ] GC(294) Pause Cleanup 2820M->2820M(4096M) 0.688ms
[8.648s][info][gc,cpu        ] GC(294) User=0.00s Sys=0.00s Real=0.00s
[8.648s][info][gc,marking    ] GC(294) Concurrent Cleanup for Next Mark
[8.650s][info][gc,marking    ] GC(294) Concurrent Cleanup for Next Mark 1.777ms
[8.650s][info][gc            ] GC(294) Concurrent Cycle 158.469ms
[8.772s][info][gc,start      ] GC(295) Pause Young (Concurrent Start) (G1 Humongous Allocation)
[8.773s][info][gc,task       ] GC(295) Using 13 workers of 13 for evacuation
[8.793s][info][gc,phases     ] GC(295)   Pre Evacuate Collection Set: 0.1ms
[8.793s][info][gc,phases     ] GC(295)   Evacuate Collection Set: 19.4ms
[8.793s][info][gc,phases     ] GC(295)   Post Evacuate Collection Set: 0.5ms
[8.793s][info][gc,phases     ] GC(295)   Other: 0.4ms
[8.793s][info][gc,heap       ] GC(295) Eden regions: 630->0(1038)
[8.793s][info][gc,heap       ] GC(295) Survivor regions: 70->84(142)
[8.793s][info][gc,heap       ] GC(295) Old regions: 2243->2243
[8.793s][info][gc,heap       ] GC(295) Humongous regions: 208->208
[8.793s][info][gc,metaspace  ] GC(295) Metaspace: 7860K(8320K)->7860K(8320K) NonClass: 7172K(7424K)->7172K(7424K) Class: 688K(896K)->688K(896K)
[8.793s][info][gc            ] GC(295) Pause Young (Concurrent Start) (G1 Humongous Allocation) 3149M->2534M(4096M) 20.545ms
[8.793s][info][gc,cpu        ] GC(295) User=0.20s Sys=0.00s Real=0.02s
[8.793s][info][gc            ] GC(296) Concurrent Cycle
[8.793s][info][gc,marking    ] GC(296) Concurrent Clear Claimed Marks
[8.793s][info][gc,marking    ] GC(296) Concurrent Clear Claimed Marks 0.016ms
[8.793s][info][gc,marking    ] GC(296) Concurrent Scan Root Regions
[8.810s][info][gc,marking    ] GC(296) Concurrent Scan Root Regions 16.687ms
[8.810s][info][gc,marking    ] GC(296) Concurrent Mark (8.810s)
[8.810s][info][gc,marking    ] GC(296) Concurrent Mark From Roots
[8.810s][info][gc,task       ] GC(296) Using 3 workers of 3 for marking
[8.908s][info][gc,marking    ] GC(296) Concurrent Mark From Roots 97.790ms
[8.908s][info][gc,marking    ] GC(296) Concurrent Preclean
[8.908s][info][gc,marking    ] GC(296) Concurrent Preclean 0.064ms
[8.908s][info][gc,marking    ] GC(296) Concurrent Mark (8.810s, 8.908s) 97.937ms
[8.908s][info][gc,start      ] GC(296) Pause Remark
[8.908s][info][gc,stringtable] GC(296) Cleaned string and symbol table, strings: 3247 processed, 0 removed, symbols: 29047 processed, 0 removed
[8.908s][info][gc            ] GC(296) Pause Remark 2798M->2783M(4096M) 0.557ms
[8.908s][info][gc,cpu        ] GC(296) User=0.00s Sys=0.00s Real=0.00s
[8.909s][info][gc,marking    ] GC(296) Concurrent Rebuild Remembered Sets
[8.977s][info][gc,marking    ] GC(296) Concurrent Rebuild Remembered Sets 68.467ms
[8.977s][info][gc,start      ] GC(296) Pause Cleanup
[8.978s][info][gc            ] GC(296) Pause Cleanup 2939M->2939M(4096M) 0.671ms
[8.978s][info][gc,cpu        ] GC(296) User=0.00s Sys=0.00s Real=0.00s
[8.978s][info][gc,marking    ] GC(296) Concurrent Cleanup for Next Mark
[8.980s][info][gc,marking    ] GC(296) Concurrent Cleanup for Next Mark 1.739ms
[8.980s][info][gc            ] GC(296) Concurrent Cycle 186.595ms
[9.222s][info][gc,start      ] GC(297) Pause Young (Normal) (G1 Evacuation Pause)
[9.222s][info][gc,task       ] GC(297) Using 13 workers of 13 for evacuation
[9.248s][info][gc,phases     ] GC(297)   Pre Evacuate Collection Set: 0.1ms
[9.248s][info][gc,phases     ] GC(297)   Evacuate Collection Set: 25.3ms
[9.248s][info][gc,phases     ] GC(297)   Post Evacuate Collection Set: 0.6ms
[9.248s][info][gc,phases     ] GC(297)   Other: 0.4ms
[9.248s][info][gc,heap       ] GC(297) Eden regions: 1038->0(1033)
[9.248s][info][gc,heap       ] GC(297) Survivor regions: 84->82(141)
[9.248s][info][gc,heap       ] GC(297) Old regions: 2243->2268
[9.248s][info][gc,heap       ] GC(297) Humongous regions: 202->202
[9.248s][info][gc,metaspace  ] GC(297) Metaspace: 7860K(8320K)->7860K(8320K) NonClass: 7172K(7424K)->7172K(7424K) Class: 688K(896K)->688K(896K)
[9.248s][info][gc            ] GC(297) Pause Young (Normal) (G1 Evacuation Pause) 3566M->2551M(4096M) 26.594ms
[9.248s][info][gc,cpu        ] GC(297) User=0.20s Sys=0.00s Real=0.03s
[9.656s][info][gc,start      ] GC(298) Pause Young (Concurrent Start) (G1 Evacuation Pause)
[9.656s][info][gc,task       ] GC(298) Using 13 workers of 13 for evacuation
[9.682s][info][gc,phases     ] GC(298)   Pre Evacuate Collection Set: 0.1ms
[9.682s][info][gc,phases     ] GC(298)   Evacuate Collection Set: 24.5ms
[9.682s][info][gc,phases     ] GC(298)   Post Evacuate Collection Set: 0.6ms
[9.682s][info][gc,phases     ] GC(298)   Other: 0.4ms
[9.682s][info][gc,heap       ] GC(298) Eden regions: 1033->0(1019)
[9.682s][info][gc,heap       ] GC(298) Survivor regions: 82->81(140)
[9.682s][info][gc,heap       ] GC(298) Old regions: 2268->2294
[9.682s][info][gc,heap       ] GC(298) Humongous regions: 202->202
[9.682s][info][gc,metaspace  ] GC(298) Metaspace: 7860K(8320K)->7860K(8320K) NonClass: 7172K(7424K)->7172K(7424K) Class: 688K(896K)->688K(896K)
[9.682s][info][gc            ] GC(298) Pause Young (Concurrent Start) (G1 Evacuation Pause) 3584M->2575M(4096M) 25.745ms
[9.682s][info][gc,cpu        ] GC(298) User=0.41s Sys=0.00s Real=0.02s
[9.682s][info][gc            ] GC(299) Concurrent Cycle
[9.682s][info][gc,marking    ] GC(299) Concurrent Clear Claimed Marks
[9.682s][info][gc,marking    ] GC(299) Concurrent Clear Claimed Marks 0.018ms
[9.682s][info][gc,marking    ] GC(299) Concurrent Scan Root Regions
[9.699s][info][gc,marking    ] GC(299) Concurrent Scan Root Regions 17.182ms
[9.699s][info][gc,marking    ] GC(299) Concurrent Mark (9.699s)
[9.699s][info][gc,marking    ] GC(299) Concurrent Mark From Roots
[9.699s][info][gc,task       ] GC(299) Using 3 workers of 3 for marking
[9.819s][info][gc,marking    ] GC(299) Concurrent Mark From Roots 119.293ms
[9.819s][info][gc,marking    ] GC(299) Concurrent Preclean
[9.819s][info][gc,marking    ] GC(299) Concurrent Preclean 0.064ms
[9.819s][info][gc,marking    ] GC(299) Concurrent Mark (9.699s, 9.819s) 119.446ms
[9.819s][info][gc,start      ] GC(299) Pause Remark
[9.819s][info][gc,stringtable] GC(299) Cleaned string and symbol table, strings: 3247 processed, 0 removed, symbols: 29047 processed, 0 removed
[9.820s][info][gc            ] GC(299) Pause Remark 2887M->2882M(4096M) 0.608ms
[9.820s][info][gc,cpu        ] GC(299) User=0.00s Sys=0.00s Real=0.00s
[9.820s][info][gc,marking    ] GC(299) Concurrent Rebuild Remembered Sets
[9.902s][info][gc,marking    ] GC(299) Concurrent Rebuild Remembered Sets 82.433ms
[9.902s][info][gc,start      ] GC(299) Pause Cleanup
[9.903s][info][gc            ] GC(299) Pause Cleanup 3090M->3090M(4096M) 0.677ms
[9.903s][info][gc,cpu        ] GC(299) User=0.00s Sys=0.00s Real=0.00s
[9.903s][info][gc,marking    ] GC(299) Concurrent Cleanup for Next Mark
[9.905s][info][gc,marking    ] GC(299) Concurrent Cleanup for Next Mark 1.798ms
[9.905s][info][gc            ] GC(299) Concurrent Cycle 222.681ms
[10.114s][info][gc,start      ] GC(300) Pause Young (Normal) (G1 Evacuation Pause)
[10.114s][info][gc,task       ] GC(300) Using 13 workers of 13 for evacuation
[10.140s][info][gc,phases     ] GC(300)   Pre Evacuate Collection Set: 0.1ms
[10.140s][info][gc,phases     ] GC(300)   Evacuate Collection Set: 25.6ms
[10.140s][info][gc,phases     ] GC(300)   Post Evacuate Collection Set: 0.6ms
[10.140s][info][gc,phases     ] GC(300)   Other: 0.4ms
[10.141s][info][gc,heap       ] GC(300) Eden regions: 1019->0(1003)
[10.141s][info][gc,heap       ] GC(300) Survivor regions: 81->87(138)
[10.141s][info][gc,heap       ] GC(300) Old regions: 2294->2312
[10.141s][info][gc,heap       ] GC(300) Humongous regions: 197->197
[10.141s][info][gc,metaspace  ] GC(300) Metaspace: 7861K(8320K)->7861K(8320K) NonClass: 7172K(7424K)->7172K(7424K) Class: 688K(896K)->688K(896K)
[10.141s][info][gc            ] GC(300) Pause Young (Normal) (G1 Evacuation Pause) 3589M->2595M(4096M) 26.948ms
[10.141s][info][gc,cpu        ] GC(300) User=0.20s Sys=0.00s Real=0.03s
[10.531s][info][gc,start      ] GC(301) Pause Young (Concurrent Start) (G1 Evacuation Pause)
[10.532s][info][gc,task       ] GC(301) Using 13 workers of 13 for evacuation
[10.557s][info][gc,phases     ] GC(301)   Pre Evacuate Collection Set: 0.1ms
[10.557s][info][gc,phases     ] GC(301)   Evacuate Collection Set: 24.7ms
[10.557s][info][gc,phases     ] GC(301)   Post Evacuate Collection Set: 0.6ms
[10.557s][info][gc,phases     ] GC(301)   Other: 0.4ms
[10.557s][info][gc,heap       ] GC(301) Eden regions: 1003->0(977)
[10.557s][info][gc,heap       ] GC(301) Survivor regions: 87->92(137)
[10.557s][info][gc,heap       ] GC(301) Old regions: 2312->2328
[10.557s][info][gc,heap       ] GC(301) Humongous regions: 197->197
[10.557s][info][gc,metaspace  ] GC(301) Metaspace: 7861K(8320K)->7861K(8320K) NonClass: 7172K(7424K)->7172K(7424K) Class: 688K(896K)->688K(896K)
[10.558s][info][gc            ] GC(301) Pause Young (Concurrent Start) (G1 Evacuation Pause) 3598M->2616M(4096M) 26.039ms
[10.558s][info][gc,cpu        ] GC(301) User=0.39s Sys=0.00s Real=0.03s
[10.558s][info][gc            ] GC(302) Concurrent Cycle
[10.558s][info][gc,marking    ] GC(302) Concurrent Clear Claimed Marks
[10.558s][info][gc,marking    ] GC(302) Concurrent Clear Claimed Marks 0.019ms
[10.558s][info][gc,marking    ] GC(302) Concurrent Scan Root Regions
[10.578s][info][gc,marking    ] GC(302) Concurrent Scan Root Regions 20.609ms
[10.578s][info][gc,marking    ] GC(302) Concurrent Mark (10.578s)
[10.578s][info][gc,marking    ] GC(302) Concurrent Mark From Roots
[10.578s][info][gc,task       ] GC(302) Using 3 workers of 3 for marking
[10.713s][info][gc,marking    ] GC(302) Concurrent Mark From Roots 134.600ms
[10.713s][info][gc,marking    ] GC(302) Concurrent Preclean
[10.713s][info][gc,marking    ] GC(302) Concurrent Preclean 0.069ms
[10.713s][info][gc,marking    ] GC(302) Concurrent Mark (10.578s, 10.713s) 134.764ms
[10.713s][info][gc,start      ] GC(302) Pause Remark
[10.714s][info][gc,stringtable] GC(302) Cleaned string and symbol table, strings: 3247 processed, 0 removed, symbols: 29047 processed, 0 removed
[10.714s][info][gc            ] GC(302) Pause Remark 2971M->2971M(4096M) 0.617ms
[10.714s][info][gc,cpu        ] GC(302) User=0.00s Sys=0.00s Real=0.00s
[10.714s][info][gc,marking    ] GC(302) Concurrent Rebuild Remembered Sets
[10.800s][info][gc,marking    ] GC(302) Concurrent Rebuild Remembered Sets 86.344ms
[10.800s][info][gc,start      ] GC(302) Pause Cleanup
[10.801s][info][gc            ] GC(302) Pause Cleanup 3170M->3170M(4096M) 0.658ms
[10.801s][info][gc,cpu        ] GC(302) User=0.00s Sys=0.00s Real=0.00s
[10.801s][info][gc,marking    ] GC(302) Concurrent Cleanup for Next Mark
[10.803s][info][gc,marking    ] GC(302) Concurrent Cleanup for Next Mark 1.761ms
[10.803s][info][gc            ] GC(302) Concurrent Cycle 245.294ms
[10.972s][info][gc,start      ] GC(303) Pause Young (Normal) (G1 Evacuation Pause)
[10.972s][info][gc,task       ] GC(303) Using 13 workers of 13 for evacuation
[10.998s][info][gc,phases     ] GC(303)   Pre Evacuate Collection Set: 0.1ms
[10.998s][info][gc,phases     ] GC(303)   Evacuate Collection Set: 25.0ms
[10.998s][info][gc,phases     ] GC(303)   Post Evacuate Collection Set: 0.6ms
[10.998s][info][gc,phases     ] GC(303)   Other: 0.4ms
[10.998s][info][gc,heap       ] GC(303) Eden regions: 977->0(957)
[10.998s][info][gc,heap       ] GC(303) Survivor regions: 92->89(134)
[10.998s][info][gc,heap       ] GC(303) Old regions: 2328->2354
[10.998s][info][gc,heap       ] GC(303) Humongous regions: 197->197
[10.998s][info][gc,metaspace  ] GC(303) Metaspace: 7861K(8320K)->7861K(8320K) NonClass: 7172K(7424K)->7172K(7424K) Class: 688K(896K)->688K(896K)
[10.998s][info][gc            ] GC(303) Pause Young (Normal) (G1 Evacuation Pause) 3593M->2638M(4096M) 26.315ms
[10.998s][info][gc,cpu        ] GC(303) User=0.20s Sys=0.00s Real=0.03s
[11.405s][info][gc,start      ] GC(304) Pause Young (Concurrent Start) (G1 Evacuation Pause)
[11.405s][info][gc,task       ] GC(304) Using 13 workers of 13 for evacuation
[11.432s][info][gc,phases     ] GC(304)   Pre Evacuate Collection Set: 0.1ms
[11.432s][info][gc,phases     ] GC(304)   Evacuate Collection Set: 25.1ms
[11.432s][info][gc,phases     ] GC(304)   Post Evacuate Collection Set: 0.6ms
[11.432s][info][gc,phases     ] GC(304)   Other: 0.4ms
[11.432s][info][gc,heap       ] GC(304) Eden regions: 957->0(939)
[11.432s][info][gc,heap       ] GC(304) Survivor regions: 89->86(131)
[11.432s][info][gc,heap       ] GC(304) Old regions: 2354->2378
[11.432s][info][gc,heap       ] GC(304) Humongous regions: 197->197
[11.432s][info][gc,metaspace  ] GC(304) Metaspace: 7864K(8320K)->7864K(8320K) NonClass: 7176K(7424K)->7176K(7424K) Class: 688K(896K)->688K(896K)
[11.432s][info][gc            ] GC(304) Pause Young (Concurrent Start) (G1 Evacuation Pause) 3595M->2660M(4096M) 26.342ms
[11.432s][info][gc,cpu        ] GC(304) User=0.41s Sys=0.00s Real=0.03s
[11.432s][info][gc            ] GC(305) Concurrent Cycle
[11.432s][info][gc,marking    ] GC(305) Concurrent Clear Claimed Marks
[11.432s][info][gc,marking    ] GC(305) Concurrent Clear Claimed Marks 0.015ms
[11.432s][info][gc,marking    ] GC(305) Concurrent Scan Root Regions
[11.452s][info][gc,marking    ] GC(305) Concurrent Scan Root Regions 20.461ms
[11.452s][info][gc,marking    ] GC(305) Concurrent Mark (11.452s)
[11.452s][info][gc,marking    ] GC(305) Concurrent Mark From Roots
[11.452s][info][gc,task       ] GC(305) Using 3 workers of 3 for marking
[11.610s][info][gc,marking    ] GC(305) Concurrent Mark From Roots 157.477ms
[11.610s][info][gc,marking    ] GC(305) Concurrent Preclean
[11.610s][info][gc,marking    ] GC(305) Concurrent Preclean 0.096ms
[11.610s][info][gc,marking    ] GC(305) Concurrent Mark (11.452s, 11.610s) 157.672ms
[11.610s][info][gc,start      ] GC(305) Pause Remark
[11.611s][info][gc,stringtable] GC(305) Cleaned string and symbol table, strings: 3251 processed, 0 removed, symbols: 29048 processed, 0 removed
[11.611s][info][gc            ] GC(305) Pause Remark 2971M->2971M(4096M) 0.686ms
[11.611s][info][gc,cpu        ] GC(305) User=0.00s Sys=0.00s Real=0.00s
[11.611s][info][gc,marking    ] GC(305) Concurrent Rebuild Remembered Sets
[11.706s][info][gc,marking    ] GC(305) Concurrent Rebuild Remembered Sets 95.385ms
[11.707s][info][gc,start      ] GC(305) Pause Cleanup
[11.707s][info][gc            ] GC(305) Pause Cleanup 3131M->3131M(4096M) 0.752ms
[11.707s][info][gc,cpu        ] GC(305) User=0.00s Sys=0.00s Real=0.00s
[11.707s][info][gc,marking    ] GC(305) Concurrent Cleanup for Next Mark
[11.709s][info][gc,marking    ] GC(305) Concurrent Cleanup for Next Mark 1.673ms
[11.709s][info][gc            ] GC(305) Concurrent Cycle 277.171ms
[11.937s][info][gc,start      ] GC(306) Pause Young (Normal) (G1 Evacuation Pause)
[11.937s][info][gc,task       ] GC(306) Using 13 workers of 13 for evacuation
[11.962s][info][gc,phases     ] GC(306)   Pre Evacuate Collection Set: 0.1ms
[11.962s][info][gc,phases     ] GC(306)   Evacuate Collection Set: 24.0ms
[11.962s][info][gc,phases     ] GC(306)   Post Evacuate Collection Set: 0.7ms
[11.962s][info][gc,phases     ] GC(306)   Other: 0.4ms
[11.962s][info][gc,heap       ] GC(306) Eden regions: 939->0(920)
[11.962s][info][gc,heap       ] GC(306) Survivor regions: 86->84(129)
[11.962s][info][gc,heap       ] GC(306) Old regions: 2378->2401
[11.962s][info][gc,heap       ] GC(306) Humongous regions: 197->197
[11.962s][info][gc,metaspace  ] GC(306) Metaspace: 7864K(8320K)->7864K(8320K) NonClass: 7176K(7424K)->7176K(7424K) Class: 688K(896K)->688K(896K)
[11.962s][info][gc            ] GC(306) Pause Young (Normal) (G1 Evacuation Pause) 3599M->2681M(4096M) 25.298ms
[11.962s][info][gc,cpu        ] GC(306) User=0.41s Sys=0.00s Real=0.02s
[12.421s][info][gc,start      ] GC(307) Pause Young (Concurrent Start) (G1 Evacuation Pause)
[12.421s][info][gc,task       ] GC(307) Using 13 workers of 13 for evacuation
[12.447s][info][gc,phases     ] GC(307)   Pre Evacuate Collection Set: 0.1ms
[12.447s][info][gc,phases     ] GC(307)   Evacuate Collection Set: 25.0ms
[12.447s][info][gc,phases     ] GC(307)   Post Evacuate Collection Set: 0.6ms
[12.447s][info][gc,phases     ] GC(307)   Other: 0.4ms
[12.447s][info][gc,heap       ] GC(307) Eden regions: 920->0(900)
[12.447s][info][gc,heap       ] GC(307) Survivor regions: 84->82(126)
[12.447s][info][gc,heap       ] GC(307) Old regions: 2401->2425
[12.447s][info][gc,heap       ] GC(307) Humongous regions: 197->197
[12.447s][info][gc,metaspace  ] GC(307) Metaspace: 7869K(8320K)->7869K(8320K) NonClass: 7180K(7424K)->7180K(7424K) Class: 688K(896K)->688K(896K)
[12.447s][info][gc            ] GC(307) Pause Young (Concurrent Start) (G1 Evacuation Pause) 3601M->2703M(4096M) 26.279ms
[12.447s][info][gc,cpu        ] GC(307) User=0.41s Sys=0.00s Real=0.03s
[12.447s][info][gc            ] GC(308) Concurrent Cycle
[12.447s][info][gc,marking    ] GC(308) Concurrent Clear Claimed Marks
[12.448s][info][gc,marking    ] GC(308) Concurrent Clear Claimed Marks 0.016ms
[12.448s][info][gc,marking    ] GC(308) Concurrent Scan Root Regions
[12.468s][info][gc,marking    ] GC(308) Concurrent Scan Root Regions 20.194ms
[12.468s][info][gc,marking    ] GC(308) Concurrent Mark (12.468s)
[12.468s][info][gc,marking    ] GC(308) Concurrent Mark From Roots
[12.468s][info][gc,task       ] GC(308) Using 3 workers of 3 for marking
[12.639s][info][gc,marking    ] GC(308) Concurrent Mark From Roots 170.804ms
[12.639s][info][gc,marking    ] GC(308) Concurrent Preclean
[12.639s][info][gc,marking    ] GC(308) Concurrent Preclean 0.073ms
[12.639s][info][gc,marking    ] GC(308) Concurrent Mark (12.468s, 12.639s) 170.961ms
[12.639s][info][gc,start      ] GC(308) Pause Remark
[12.639s][info][gc,stringtable] GC(308) Cleaned string and symbol table, strings: 3251 processed, 0 removed, symbols: 29048 processed, 0 removed
[12.640s][info][gc            ] GC(308) Pause Remark 3038M->3038M(4096M) 0.697ms
[12.640s][info][gc,cpu        ] GC(308) User=0.00s Sys=0.00s Real=0.00s
[12.640s][info][gc,marking    ] GC(308) Concurrent Rebuild Remembered Sets
[12.747s][info][gc,marking    ] GC(308) Concurrent Rebuild Remembered Sets 107.641ms
[12.748s][info][gc,start      ] GC(308) Pause Cleanup
[12.748s][info][gc            ] GC(308) Pause Cleanup 3245M->3245M(4096M) 0.729ms
[12.748s][info][gc,cpu        ] GC(308) User=0.00s Sys=0.00s Real=0.00s
[12.748s][info][gc,marking    ] GC(308) Concurrent Cleanup for Next Mark
[12.750s][info][gc,marking    ] GC(308) Concurrent Cleanup for Next Mark 1.743ms
[12.750s][info][gc            ] GC(308) Concurrent Cycle 302.594ms
[12.945s][info][gc,start      ] GC(309) Pause Young (Normal) (G1 Evacuation Pause)
[12.945s][info][gc,task       ] GC(309) Using 13 workers of 13 for evacuation
[12.970s][info][gc,phases     ] GC(309)   Pre Evacuate Collection Set: 0.1ms
[12.970s][info][gc,phases     ] GC(309)   Evacuate Collection Set: 24.0ms
[12.970s][info][gc,phases     ] GC(309)   Post Evacuate Collection Set: 0.6ms
[12.970s][info][gc,phases     ] GC(309)   Other: 0.4ms
[12.970s][info][gc,heap       ] GC(309) Eden regions: 900->0(884)
[12.970s][info][gc,heap       ] GC(309) Survivor regions: 82->79(123)
[12.970s][info][gc,heap       ] GC(309) Old regions: 2425->2447
[12.970s][info][gc,heap       ] GC(309) Humongous regions: 197->197
[12.970s][info][gc,metaspace  ] GC(309) Metaspace: 7870K(8320K)->7870K(8320K) NonClass: 7182K(7424K)->7182K(7424K) Class: 688K(896K)->688K(896K)
[12.970s][info][gc            ] GC(309) Pause Young (Normal) (G1 Evacuation Pause) 3603M->2722M(4096M) 25.254ms
[12.970s][info][gc,cpu        ] GC(309) User=0.20s Sys=0.00s Real=0.03s
[13.427s][info][gc,start      ] GC(310) Pause Young (Concurrent Start) (G1 Evacuation Pause)
[13.427s][info][gc,task       ] GC(310) Using 13 workers of 13 for evacuation
[13.451s][info][gc,phases     ] GC(310)   Pre Evacuate Collection Set: 0.1ms
[13.451s][info][gc,phases     ] GC(310)   Evacuate Collection Set: 23.0ms
[13.451s][info][gc,phases     ] GC(310)   Post Evacuate Collection Set: 0.6ms
[13.451s][info][gc,phases     ] GC(310)   Other: 0.4ms
[13.451s][info][gc,heap       ] GC(310) Eden regions: 884->0(870)
[13.451s][info][gc,heap       ] GC(310) Survivor regions: 79->75(121)
[13.451s][info][gc,heap       ] GC(310) Old regions: 2447->2469
[13.451s][info][gc,heap       ] GC(310) Humongous regions: 197->197
[13.451s][info][gc,metaspace  ] GC(310) Metaspace: 7873K(8320K)->7873K(8320K) NonClass: 7184K(7424K)->7184K(7424K) Class: 688K(896K)->688K(896K)
[13.451s][info][gc            ] GC(310) Pause Young (Concurrent Start) (G1 Evacuation Pause) 3606M->2740M(4096M) 24.232ms
[13.451s][info][gc,cpu        ] GC(310) User=0.20s Sys=0.00s Real=0.02s
[13.451s][info][gc            ] GC(311) Concurrent Cycle
[13.451s][info][gc,marking    ] GC(311) Concurrent Clear Claimed Marks
[13.451s][info][gc,marking    ] GC(311) Concurrent Clear Claimed Marks 0.015ms
[13.452s][info][gc,marking    ] GC(311) Concurrent Scan Root Regions
[13.470s][info][gc,marking    ] GC(311) Concurrent Scan Root Regions 18.137ms
[13.470s][info][gc,marking    ] GC(311) Concurrent Mark (13.470s)
[13.470s][info][gc,marking    ] GC(311) Concurrent Mark From Roots
[13.470s][info][gc,task       ] GC(311) Using 3 workers of 3 for marking
[13.655s][info][gc,marking    ] GC(311) Concurrent Mark From Roots 184.991ms
[13.655s][info][gc,marking    ] GC(311) Concurrent Preclean
[13.655s][info][gc,marking    ] GC(311) Concurrent Preclean 0.068ms
[13.655s][info][gc,marking    ] GC(311) Concurrent Mark (13.470s, 13.655s) 185.131ms
[13.655s][info][gc,start      ] GC(311) Pause Remark
[13.655s][info][gc,stringtable] GC(311) Cleaned string and symbol table, strings: 3251 processed, 0 removed, symbols: 29048 processed, 0 removed
[13.656s][info][gc            ] GC(311) Pause Remark 2991M->2991M(4096M) 0.610ms
[13.656s][info][gc,cpu        ] GC(311) User=0.00s Sys=0.00s Real=0.00s
[13.656s][info][gc,marking    ] GC(311) Concurrent Rebuild Remembered Sets
[13.774s][info][gc,marking    ] GC(311) Concurrent Rebuild Remembered Sets 117.933ms
[13.774s][info][gc,start      ] GC(311) Pause Cleanup
[13.774s][info][gc            ] GC(311) Pause Cleanup 3077M->3077M(4096M) 0.737ms
[13.774s][info][gc,cpu        ] GC(311) User=0.00s Sys=0.00s Real=0.00s
[13.774s][info][gc,marking    ] GC(311) Concurrent Cleanup for Next Mark
[13.776s][info][gc,marking    ] GC(311) Concurrent Cleanup for Next Mark 1.563ms
[13.776s][info][gc            ] GC(311) Concurrent Cycle 324.565ms
[13.826s][info][gc,start      ] GC(312) Pause Young (Concurrent Start) (G1 Humongous Allocation)
[13.826s][info][gc,task       ] GC(312) Using 13 workers of 13 for evacuation
[13.844s][info][gc,phases     ] GC(312)   Pre Evacuate Collection Set: 0.1ms
[13.844s][info][gc,phases     ] GC(312)   Evacuate Collection Set: 17.7ms
[13.844s][info][gc,phases     ] GC(312)   Post Evacuate Collection Set: 0.5ms
[13.844s][info][gc,phases     ] GC(312)   Other: 0.3ms
[13.844s][info][gc,heap       ] GC(312) Eden regions: 371->0(874)
[13.844s][info][gc,heap       ] GC(312) Survivor regions: 75->63(119)
[13.844s][info][gc,heap       ] GC(312) Old regions: 2469->2489
[13.844s][info][gc,heap       ] GC(312) Humongous regions: 197->197
[13.844s][info][gc,metaspace  ] GC(312) Metaspace: 7875K(8320K)->7875K(8320K) NonClass: 7187K(7424K)->7187K(7424K) Class: 688K(896K)->688K(896K)
[13.844s][info][gc            ] GC(312) Pause Young (Concurrent Start) (G1 Humongous Allocation) 3111M->2748M(4096M) 18.761ms
[13.844s][info][gc,cpu        ] GC(312) User=0.20s Sys=0.00s Real=0.02s
[13.844s][info][gc            ] GC(313) Concurrent Cycle
[13.844s][info][gc,marking    ] GC(313) Concurrent Clear Claimed Marks
[13.844s][info][gc,marking    ] GC(313) Concurrent Clear Claimed Marks 0.017ms
[13.844s][info][gc,marking    ] GC(313) Concurrent Scan Root Regions
[13.860s][info][gc,marking    ] GC(313) Concurrent Scan Root Regions 15.583ms
[13.860s][info][gc,marking    ] GC(313) Concurrent Mark (13.860s)
[13.860s][info][gc,marking    ] GC(313) Concurrent Mark From Roots
[13.860s][info][gc,task       ] GC(313) Using 3 workers of 3 for marking
[14.044s][info][gc,marking    ] GC(313) Concurrent Mark From Roots 184.032ms
[14.044s][info][gc,marking    ] GC(313) Concurrent Preclean
[14.044s][info][gc,marking    ] GC(313) Concurrent Preclean 0.064ms
[14.044s][info][gc,marking    ] GC(313) Concurrent Mark (13.860s, 14.044s) 184.153ms
[14.044s][info][gc,start      ] GC(313) Pause Remark
[14.045s][info][gc,stringtable] GC(313) Cleaned string and symbol table, strings: 3252 processed, 0 removed, symbols: 29049 processed, 0 removed
[14.045s][info][gc            ] GC(313) Pause Remark 2839M->2839M(4096M) 0.532ms
[14.045s][info][gc,cpu        ] GC(313) User=0.00s Sys=0.00s Real=0.00s
[14.045s][info][gc,marking    ] GC(313) Concurrent Rebuild Remembered Sets
[14.176s][info][gc,marking    ] GC(313) Concurrent Rebuild Remembered Sets 131.296ms
[14.176s][info][gc,start      ] GC(313) Pause Cleanup
[14.177s][info][gc            ] GC(313) Pause Cleanup 2908M->2908M(4096M) 0.704ms
[14.177s][info][gc,cpu        ] GC(313) User=0.00s Sys=0.00s Real=0.00s
[14.177s][info][gc,marking    ] GC(313) Concurrent Cleanup for Next Mark
[14.179s][info][gc,marking    ] GC(313) Concurrent Cleanup for Next Mark 1.563ms
[14.179s][info][gc            ] GC(313) Concurrent Cycle 334.282ms
[14.330s][info][gc,start      ] GC(314) Pause Young (Concurrent Start) (G1 Humongous Allocation)
[14.330s][info][gc,task       ] GC(314) Using 13 workers of 13 for evacuation
[14.372s][info][gc,phases     ] GC(314)   Pre Evacuate Collection Set: 0.1ms
[14.372s][info][gc,phases     ] GC(314)   Evacuate Collection Set: 40.7ms
[14.372s][info][gc,phases     ] GC(314)   Post Evacuate Collection Set: 0.5ms
[14.372s][info][gc,phases     ] GC(314)   Other: 0.3ms
[14.372s][info][gc,heap       ] GC(314) Eden regions: 177->0(489)
[14.372s][info][gc,heap       ] GC(314) Survivor regions: 63->118(118)
[14.372s][info][gc,heap       ] GC(314) Old regions: 2489->2609
[14.372s][info][gc,heap       ] GC(314) Humongous regions: 240->240
[14.372s][info][gc,metaspace  ] GC(314) Metaspace: 7887K(8320K)->7887K(8320K) NonClass: 7198K(7424K)->7198K(7424K) Class: 689K(896K)->689K(896K)
[14.372s][info][gc            ] GC(314) Pause Young (Concurrent Start) (G1 Humongous Allocation) 2968M->2967M(4096M) 41.856ms
[14.372s][info][gc,cpu        ] GC(314) User=0.61s Sys=0.00s Real=0.04s
[14.372s][info][gc            ] GC(315) Concurrent Cycle
[14.372s][info][gc,marking    ] GC(315) Concurrent Clear Claimed Marks
[14.372s][info][gc,marking    ] GC(315) Concurrent Clear Claimed Marks 0.016ms
[14.372s][info][gc,marking    ] GC(315) Concurrent Scan Root Regions
[14.438s][info][gc,marking    ] GC(315) Concurrent Scan Root Regions 65.739ms
[14.438s][info][gc,marking    ] GC(315) Concurrent Mark (14.438s)
[14.438s][info][gc,marking    ] GC(315) Concurrent Mark From Roots
[14.438s][info][gc,task       ] GC(315) Using 3 workers of 3 for marking
[14.690s][info][gc,marking    ] GC(315) Concurrent Mark From Roots 251.937ms
[14.690s][info][gc,marking    ] GC(315) Concurrent Preclean
[14.690s][info][gc,marking    ] GC(315) Concurrent Preclean 0.068ms
[14.690s][info][gc,marking    ] GC(315) Concurrent Mark (14.438s, 14.690s) 252.086ms
[14.690s][info][gc,start      ] GC(315) Pause Remark
[14.690s][info][gc,stringtable] GC(315) Cleaned string and symbol table, strings: 3252 processed, 0 removed, symbols: 29049 processed, 0 removed
[14.690s][info][gc            ] GC(315) Pause Remark 3151M->3142M(4096M) 0.561ms
[14.691s][info][gc,cpu        ] GC(315) User=0.14s Sys=0.00s Real=0.00s
[14.691s][info][gc,marking    ] GC(315) Concurrent Rebuild Remembered Sets
[14.889s][info][gc,marking    ] GC(315) Concurrent Rebuild Remembered Sets 198.945ms
[14.890s][info][gc,start      ] GC(315) Pause Cleanup
[14.890s][info][gc            ] GC(315) Pause Cleanup 3183M->3183M(4096M) 0.709ms
[14.890s][info][gc,cpu        ] GC(315) User=0.00s Sys=0.00s Real=0.00s
[14.890s][info][gc,marking    ] GC(315) Concurrent Cleanup for Next Mark
[14.892s][info][gc,marking    ] GC(315) Concurrent Cleanup for Next Mark 1.567ms
[14.892s][info][gc            ] GC(315) Concurrent Cycle 520.065ms
[14.923s][info][gc,start      ] GC(316) Pause Young (Concurrent Start) (G1 Humongous Allocation)
[14.923s][info][gc,task       ] GC(316) Using 13 workers of 13 for evacuation
[14.979s][info][gc,phases     ] GC(316)   Pre Evacuate Collection Set: 0.1ms
[14.979s][info][gc,phases     ] GC(316)   Evacuate Collection Set: 55.2ms
[14.979s][info][gc,phases     ] GC(316)   Post Evacuate Collection Set: 0.5ms
[14.979s][info][gc,phases     ] GC(316)   Other: 0.2ms
[14.979s][info][gc,heap       ] GC(316) Eden regions: 144->0(197)
[14.979s][info][gc,heap       ] GC(316) Survivor regions: 118->76(76)
[14.979s][info][gc,heap       ] GC(316) Old regions: 2609->2796
[14.979s][info][gc,heap       ] GC(316) Humongous regions: 313->313
[14.979s][info][gc,metaspace  ] GC(316) Metaspace: 8088K(8576K)->8088K(8576K) NonClass: 7365K(7680K)->7365K(7680K) Class: 722K(896K)->722K(896K)
[14.979s][info][gc            ] GC(316) Pause Young (Concurrent Start) (G1 Humongous Allocation) 3183M->3184M(4096M) 56.127ms
[14.979s][info][gc,cpu        ] GC(316) User=0.81s Sys=0.00s Real=0.06s
[14.979s][info][gc            ] GC(317) Concurrent Cycle
[14.979s][info][gc,marking    ] GC(317) Concurrent Clear Claimed Marks
[14.979s][info][gc,marking    ] GC(317) Concurrent Clear Claimed Marks 0.021ms
[14.979s][info][gc,marking    ] GC(317) Concurrent Scan Root Regions
[15.027s][info][gc,marking    ] GC(317) Concurrent Scan Root Regions 48.476ms
[15.027s][info][gc,marking    ] GC(317) Concurrent Mark (15.027s)
[15.027s][info][gc,marking    ] GC(317) Concurrent Mark From Roots
[15.027s][info][gc,task       ] GC(317) Using 3 workers of 3 for marking
[15.293s][info][gc,marking    ] GC(317) Concurrent Mark From Roots 266.114ms
[15.293s][info][gc,marking    ] GC(317) Concurrent Preclean
[15.294s][info][gc,marking    ] GC(317) Concurrent Preclean 0.064ms
[15.294s][info][gc,marking    ] GC(317) Concurrent Mark (15.027s, 15.294s) 266.230ms
[15.294s][info][gc,start      ] GC(317) Pause Remark
[15.294s][info][gc,stringtable] GC(317) Cleaned string and symbol table, strings: 3282 processed, 0 removed, symbols: 29387 processed, 0 removed
[15.294s][info][gc            ] GC(317) Pause Remark 3190M->2996M(4096M) 0.695ms
[15.294s][info][gc,cpu        ] GC(317) User=0.00s Sys=0.00s Real=0.00s
[15.294s][info][gc,marking    ] GC(317) Concurrent Rebuild Remembered Sets
[15.478s][info][gc,marking    ] GC(317) Concurrent Rebuild Remembered Sets 183.717ms
[15.478s][info][gc,start      ] GC(317) Pause Cleanup
[15.479s][info][gc            ] GC(317) Pause Cleanup 3002M->3002M(4096M) 0.765ms
[15.479s][info][gc,cpu        ] GC(317) User=0.00s Sys=0.00s Real=0.00s
[15.479s][info][gc,marking    ] GC(317) Concurrent Cleanup for Next Mark
[15.481s][info][gc,marking    ] GC(317) Concurrent Cleanup for Next Mark 1.549ms
[15.481s][info][gc            ] GC(317) Concurrent Cycle 501.865ms
[15.481s][info][gc,heap,exit  ] Heap
[15.481s][info][gc,heap,exit  ]  garbage-first heap   total 4194304K, used 3074304K [0x0000000700000000, 0x0000000800000000)
[15.481s][info][gc,heap,exit  ]   region size 1024K, 78 young (79872K), 76 survivors (77824K)
[15.481s][info][gc,heap,exit  ]  Metaspace       used 8168K, capacity 8387K, committed 8576K, reserved 1056768K
[15.481s][info][gc,heap,exit  ]   class space    used 738K, capacity 797K, committed 896K, reserved 1048576K
