[0.006s][info][gc,heap] Heap region size: 1M
[0.021s][info][gc     ] Using G1
[0.021s][info][gc,heap,coops] Heap address: 0x0000000700000000, size: 4096 MB, Compressed Oops mode: Zero based, Oop shift amount: 3
[0.319s][info][gc,start     ] GC(0) Pause Young (Normal) (G1 Evacuation Pause)
[0.320s][info][gc,task      ] GC(0) Using 13 workers of 13 for evacuation
[0.322s][info][gc,phases    ] GC(0)   Pre Evacuate Collection Set: 0.0ms
[0.322s][info][gc,phases    ] GC(0)   Evacuate Collection Set: 2.1ms
[0.322s][info][gc,phases    ] GC(0)   Post Evacuate Collection Set: 0.2ms
[0.322s][info][gc,phases    ] GC(0)   Other: 1.3ms
[0.322s][info][gc,heap      ] GC(0) Eden regions: 102->0(97)
[0.322s][info][gc,heap      ] GC(0) Survivor regions: 0->6(13)
[0.323s][info][gc,heap      ] GC(0) Old regions: 0->0
[0.323s][info][gc,heap      ] GC(0) Humongous regions: 3->1
[0.323s][info][gc,metaspace ] GC(0) Metaspace: 7292K(7680K)->7292K(7680K) NonClass: 6653K(6912K)->6653K(6912K) Class: 638K(768K)->638K(768K)
[0.323s][info][gc           ] GC(0) Pause Young (Normal) (G1 Evacuation Pause) 105M->6M(2048M) 4.221ms
[0.323s][info][gc,cpu       ] GC(0) User=0.00s Sys=0.00s Real=0.00s
[0.434s][info][gc,start     ] GC(1) Pause Young (Normal) (G1 Evacuation Pause)
[0.434s][info][gc,task      ] GC(1) Using 13 workers of 13 for evacuation
[0.436s][info][gc,phases    ] GC(1)   Pre Evacuate Collection Set: 0.0ms
[0.436s][info][gc,phases    ] GC(1)   Evacuate Collection Set: 2.0ms
[0.436s][info][gc,phases    ] GC(1)   Post Evacuate Collection Set: 0.2ms
[0.436s][info][gc,phases    ] GC(1)   Other: 0.1ms
[0.436s][info][gc,heap      ] GC(1) Eden regions: 97->0(121)
[0.436s][info][gc,heap      ] GC(1) Survivor regions: 6->10(13)
[0.436s][info][gc,heap      ] GC(1) Old regions: 0->0
[0.436s][info][gc,heap      ] GC(1) Humongous regions: 5->1
[0.436s][info][gc,metaspace ] GC(1) Metaspace: 7297K(7680K)->7297K(7680K) NonClass: 6658K(6912K)->6658K(6912K) Class: 638K(768K)->638K(768K)
[0.436s][info][gc           ] GC(1) Pause Young (Normal) (G1 Evacuation Pause) 107M->10M(2048M) 2.395ms
[0.436s][info][gc,cpu       ] GC(1) User=0.00s Sys=0.00s Real=0.00s
[0.556s][info][gc,start     ] GC(2) Pause Young (Normal) (G1 Evacuation Pause)
[0.557s][info][gc,task      ] GC(2) Using 13 workers of 13 for evacuation
[0.560s][info][gc,phases    ] GC(2)   Pre Evacuate Collection Set: 0.0ms
[0.560s][info][gc,phases    ] GC(2)   Evacuate Collection Set: 3.1ms
[0.560s][info][gc,phases    ] GC(2)   Post Evacuate Collection Set: 0.2ms
[0.560s][info][gc,phases    ] GC(2)   Other: 0.1ms
[0.560s][info][gc,heap      ] GC(2) Eden regions: 121->0(215)
[0.560s][info][gc,heap      ] GC(2) Survivor regions: 10->8(17)
[0.560s][info][gc,heap      ] GC(2) Old regions: 0->6
[0.560s][info][gc,heap      ] GC(2) Humongous regions: 16->4
[0.560s][info][gc,metaspace ] GC(2) Metaspace: 7299K(7680K)->7299K(7680K) NonClass: 6661K(6912K)->6661K(6912K) Class: 638K(768K)->638K(768K)
[0.560s][info][gc           ] GC(2) Pause Young (Normal) (G1 Evacuation Pause) 146M->16M(2048M) 3.477ms
[0.560s][info][gc,cpu       ] GC(2) User=0.00s Sys=0.00s Real=0.00s
[0.651s][info][gc,start     ] GC(3) Pause Young (Normal) (G1 Evacuation Pause)
[0.651s][info][gc,task      ] GC(3) Using 13 workers of 13 for evacuation
[0.654s][info][gc,phases    ] GC(3)   Pre Evacuate Collection Set: 0.0ms
[0.654s][info][gc,phases    ] GC(3)   Evacuate Collection Set: 2.1ms
[0.654s][info][gc,phases    ] GC(3)   Post Evacuate Collection Set: 0.1ms
[0.654s][info][gc,phases    ] GC(3)   Other: 0.1ms
[0.654s][info][gc,heap      ] GC(3) Eden regions: 94->0(246)
[0.654s][info][gc,heap      ] GC(3) Survivor regions: 8->7(13)
[0.654s][info][gc,heap      ] GC(3) Old regions: 6->9
[0.654s][info][gc,heap      ] GC(3) Humongous regions: 7->3
[0.654s][info][gc,metaspace ] GC(3) Metaspace: 7309K(7680K)->7309K(7680K) NonClass: 6670K(6912K)->6670K(6912K) Class: 638K(768K)->638K(768K)
[0.654s][info][gc           ] GC(3) Pause Young (Normal) (G1 Evacuation Pause) 113M->18M(2048M) 2.462ms
[0.654s][info][gc,cpu       ] GC(3) User=0.00s Sys=0.00s Real=0.00s
[0.892s][info][gc,start     ] GC(4) Pause Young (Normal) (G1 Evacuation Pause)
[0.892s][info][gc,task      ] GC(4) Using 13 workers of 13 for evacuation
[0.896s][info][gc,phases    ] GC(4)   Pre Evacuate Collection Set: 0.0ms
[0.896s][info][gc,phases    ] GC(4)   Evacuate Collection Set: 3.7ms
[0.896s][info][gc,phases    ] GC(4)   Post Evacuate Collection Set: 0.2ms
[0.896s][info][gc,phases    ] GC(4)   Other: 0.1ms
[0.896s][info][gc,heap      ] GC(4) Eden regions: 246->0(89)
[0.896s][info][gc,heap      ] GC(4) Survivor regions: 7->13(32)
[0.896s][info][gc,heap      ] GC(4) Old regions: 9->9
[0.896s][info][gc,heap      ] GC(4) Humongous regions: 16->6
[0.896s][info][gc,metaspace ] GC(4) Metaspace: 7311K(7680K)->7311K(7680K) NonClass: 6673K(6912K)->6673K(6912K) Class: 638K(768K)->638K(768K)
[0.896s][info][gc           ] GC(4) Pause Young (Normal) (G1 Evacuation Pause) 277M->27M(2048M) 4.109ms
[0.897s][info][gc,cpu       ] GC(4) User=0.00s Sys=0.00s Real=0.00s
[0.976s][info][gc,start     ] GC(5) Pause Young (Normal) (G1 Evacuation Pause)
[0.976s][info][gc,task      ] GC(5) Using 13 workers of 13 for evacuation
[0.979s][info][gc,phases    ] GC(5)   Pre Evacuate Collection Set: 0.0ms
[0.979s][info][gc,phases    ] GC(5)   Evacuate Collection Set: 2.9ms
[0.979s][info][gc,phases    ] GC(5)   Post Evacuate Collection Set: 0.2ms
[0.979s][info][gc,phases    ] GC(5)   Other: 0.1ms
[0.979s][info][gc,heap      ] GC(5) Eden regions: 89->0(256)
[0.979s][info][gc,heap      ] GC(5) Survivor regions: 13->9(13)
[0.979s][info][gc,heap      ] GC(5) Old regions: 9->15
[0.979s][info][gc,heap      ] GC(5) Humongous regions: 6->6
[0.979s][info][gc,metaspace ] GC(5) Metaspace: 7311K(7680K)->7311K(7680K) NonClass: 6673K(6912K)->6673K(6912K) Class: 638K(768K)->638K(768K)
[0.979s][info][gc           ] GC(5) Pause Young (Normal) (G1 Evacuation Pause) 116M->29M(2048M) 3.232ms
[0.979s][info][gc,cpu       ] GC(5) User=0.00s Sys=0.00s Real=0.00s
[1.209s][info][gc,start     ] GC(6) Pause Young (Normal) (G1 Evacuation Pause)
[1.209s][info][gc,task      ] GC(6) Using 13 workers of 13 for evacuation
[1.213s][info][gc,phases    ] GC(6)   Pre Evacuate Collection Set: 0.0ms
[1.213s][info][gc,phases    ] GC(6)   Evacuate Collection Set: 4.2ms
[1.213s][info][gc,phases    ] GC(6)   Post Evacuate Collection Set: 0.2ms
[1.213s][info][gc,phases    ] GC(6)   Other: 0.2ms
[1.213s][info][gc,heap      ] GC(6) Eden regions: 256->0(377)
[1.213s][info][gc,heap      ] GC(6) Survivor regions: 9->14(34)
[1.213s][info][gc,heap      ] GC(6) Old regions: 15->15
[1.213s][info][gc,heap      ] GC(6) Humongous regions: 6->6
[1.214s][info][gc,metaspace ] GC(6) Metaspace: 7312K(7680K)->7312K(7680K) NonClass: 6673K(6912K)->6673K(6912K) Class: 638K(768K)->638K(768K)
[1.214s][info][gc           ] GC(6) Pause Young (Normal) (G1 Evacuation Pause) 285M->34M(2048M) 4.741ms
[1.214s][info][gc,cpu       ] GC(6) User=0.00s Sys=0.00s Real=0.00s
[1.572s][info][gc,start     ] GC(7) Pause Young (Normal) (G1 Evacuation Pause)
[1.572s][info][gc,task      ] GC(7) Using 13 workers of 13 for evacuation
[1.578s][info][gc,phases    ] GC(7)   Pre Evacuate Collection Set: 0.0ms
[1.578s][info][gc,phases    ] GC(7)   Evacuate Collection Set: 5.6ms
[1.578s][info][gc,phases    ] GC(7)   Post Evacuate Collection Set: 0.3ms
[1.578s][info][gc,phases    ] GC(7)   Other: 0.2ms
[1.578s][info][gc,heap      ] GC(7) Eden regions: 370->0(1207)
[1.578s][info][gc,heap      ] GC(7) Survivor regions: 14->21(48)
[1.578s][info][gc,heap      ] GC(7) Old regions: 15->15
[1.578s][info][gc,heap      ] GC(7) Humongous regions: 27->11
[1.579s][info][gc,metaspace ] GC(7) Metaspace: 7312K(7680K)->7312K(7680K) NonClass: 6673K(6912K)->6673K(6912K) Class: 638K(768K)->638K(768K)
[1.579s][info][gc           ] GC(7) Pause Young (Normal) (G1 Evacuation Pause) 425M->46M(2048M) 6.195ms
[1.579s][info][gc,cpu       ] GC(7) User=0.03s Sys=0.17s Real=0.01s
[1.871s][info][gc,start     ] GC(8) Pause Young (Normal) (G1 Evacuation Pause)
[1.871s][info][gc,task      ] GC(8) Using 13 workers of 13 for evacuation
[1.877s][info][gc,phases    ] GC(8)   Pre Evacuate Collection Set: 0.0ms
[1.877s][info][gc,phases    ] GC(8)   Evacuate Collection Set: 5.6ms
[1.877s][info][gc,phases    ] GC(8)   Post Evacuate Collection Set: 0.3ms
[1.877s][info][gc,phases    ] GC(8)   Other: 0.2ms
[1.877s][info][gc,heap      ] GC(8) Eden regions: 334->0(1201)
[1.877s][info][gc,heap      ] GC(8) Survivor regions: 21->27(45)
[1.877s][info][gc,heap      ] GC(8) Old regions: 15->15
[1.877s][info][gc,heap      ] GC(8) Humongous regions: 20->11
[1.877s][info][gc,metaspace ] GC(8) Metaspace: 7312K(7680K)->7312K(7680K) NonClass: 6673K(6912K)->6673K(6912K) Class: 638K(768K)->638K(768K)
[1.877s][info][gc           ] GC(8) Pause Young (Normal) (G1 Evacuation Pause) 389M->52M(2048M) 6.202ms
[1.877s][info][gc,cpu       ] GC(8) User=0.17s Sys=0.03s Real=0.01s
[2.487s][info][gc,start     ] GC(9) Pause Young (Normal) (G1 Evacuation Pause)
[2.487s][info][gc,task      ] GC(9) Using 13 workers of 13 for evacuation
[2.496s][info][gc,phases    ] GC(9)   Pre Evacuate Collection Set: 0.0ms
[2.496s][info][gc,phases    ] GC(9)   Evacuate Collection Set: 8.3ms
[2.496s][info][gc,phases    ] GC(9)   Post Evacuate Collection Set: 0.3ms
[2.496s][info][gc,phases    ] GC(9)   Other: 0.2ms
[2.496s][info][gc,heap      ] GC(9) Eden regions: 657->0(839)
[2.496s][info][gc,heap      ] GC(9) Survivor regions: 27->39(86)
[2.496s][info][gc,heap      ] GC(9) Old regions: 15->15
[2.496s][info][gc,heap      ] GC(9) Humongous regions: 42->11
[2.496s][info][gc,metaspace ] GC(9) Metaspace: 7312K(7680K)->7312K(7680K) NonClass: 6673K(6912K)->6673K(6912K) Class: 638K(768K)->638K(768K)
[2.496s][info][gc           ] GC(9) Pause Young (Normal) (G1 Evacuation Pause) 740M->64M(2048M) 9.026ms
[2.496s][info][gc,cpu       ] GC(9) User=0.00s Sys=0.00s Real=0.01s
[3.143s][info][gc,start     ] GC(10) Pause Young (Normal) (G1 Evacuation Pause)
[3.143s][info][gc,task      ] GC(10) Using 13 workers of 13 for evacuation
[3.153s][info][gc,phases    ] GC(10)   Pre Evacuate Collection Set: 0.0ms
[3.153s][info][gc,phases    ] GC(10)   Evacuate Collection Set: 9.5ms
[3.153s][info][gc,phases    ] GC(10)   Post Evacuate Collection Set: 0.4ms
[3.153s][info][gc,phases    ] GC(10)   Other: 0.2ms
[3.153s][info][gc,heap      ] GC(10) Eden regions: 736->0(832)
[3.153s][info][gc,heap      ] GC(10) Survivor regions: 39->51(97)
[3.153s][info][gc,heap      ] GC(10) Old regions: 15->15
[3.153s][info][gc,heap      ] GC(10) Humongous regions: 24->11
[3.153s][info][gc,metaspace ] GC(10) Metaspace: 7312K(7680K)->7312K(7680K) NonClass: 6673K(6912K)->6673K(6912K) Class: 638K(768K)->638K(768K)
[3.153s][info][gc           ] GC(10) Pause Young (Normal) (G1 Evacuation Pause) 813M->76M(2048M) 10.188ms
[3.153s][info][gc,cpu       ] GC(10) User=0.00s Sys=0.00s Real=0.01s
[3.868s][info][gc,start     ] GC(11) Pause Young (Normal) (G1 Evacuation Pause)
[3.868s][info][gc,task      ] GC(11) Using 13 workers of 13 for evacuation
[3.882s][info][gc,phases    ] GC(11)   Pre Evacuate Collection Set: 0.0ms
[3.882s][info][gc,phases    ] GC(11)   Evacuate Collection Set: 13.1ms
[3.882s][info][gc,phases    ] GC(11)   Post Evacuate Collection Set: 0.4ms
[3.882s][info][gc,phases    ] GC(11)   Other: 0.2ms
[3.882s][info][gc,heap      ] GC(11) Eden regions: 781->0(1166)
[3.882s][info][gc,heap      ] GC(11) Survivor regions: 51->62(104)
[3.882s][info][gc,heap      ] GC(11) Old regions: 15->15
[3.882s][info][gc,heap      ] GC(11) Humongous regions: 60->20
[3.882s][info][gc,metaspace ] GC(11) Metaspace: 7312K(7680K)->7312K(7680K) NonClass: 6673K(6912K)->6673K(6912K) Class: 638K(768K)->638K(768K)
[3.882s][info][gc           ] GC(11) Pause Young (Normal) (G1 Evacuation Pause) 906M->96M(2048M) 13.915ms
[3.882s][info][gc,cpu       ] GC(11) User=0.17s Sys=0.03s Real=0.01s
[4.961s][info][gc,start     ] GC(12) Pause Young (Normal) (G1 Evacuation Pause)
[4.961s][info][gc,task      ] GC(12) Using 13 workers of 13 for evacuation
[4.977s][info][gc,phases    ] GC(12)   Pre Evacuate Collection Set: 0.0ms
[4.977s][info][gc,phases    ] GC(12)   Evacuate Collection Set: 14.5ms
[4.977s][info][gc,phases    ] GC(12)   Post Evacuate Collection Set: 0.4ms
[4.977s][info][gc,phases    ] GC(12)   Other: 0.4ms
[4.977s][info][gc,heap      ] GC(12) Eden regions: 1166->0(1149)
[4.977s][info][gc,heap      ] GC(12) Survivor regions: 62->79(154)
[4.977s][info][gc,heap      ] GC(12) Old regions: 15->15
[4.977s][info][gc,heap      ] GC(12) Humongous regions: 54->20
[4.977s][info][gc,metaspace ] GC(12) Metaspace: 7312K(7680K)->7312K(7680K) NonClass: 6673K(6912K)->6673K(6912K) Class: 638K(768K)->638K(768K)
[4.977s][info][gc           ] GC(12) Pause Young (Normal) (G1 Evacuation Pause) 1296M->113M(2048M) 15.470ms
[4.977s][info][gc,cpu       ] GC(12) User=0.20s Sys=0.00s Real=0.02s
[5.991s][info][gc,start     ] GC(13) Pause Young (Normal) (G1 Evacuation Pause)
[5.991s][info][gc,task      ] GC(13) Using 13 workers of 13 for evacuation
[6.006s][info][gc,phases    ] GC(13)   Pre Evacuate Collection Set: 0.0ms
[6.007s][info][gc,phases    ] GC(13)   Evacuate Collection Set: 15.0ms
[6.007s][info][gc,phases    ] GC(13)   Post Evacuate Collection Set: 0.5ms
[6.007s][info][gc,phases    ] GC(13)   Other: 0.4ms
[6.007s][info][gc,heap      ] GC(13) Eden regions: 1149->0(1134)
[6.007s][info][gc,heap      ] GC(13) Survivor regions: 79->94(154)
[6.007s][info][gc,heap      ] GC(13) Old regions: 15->15
[6.007s][info][gc,heap      ] GC(13) Humongous regions: 51->20
[6.007s][info][gc,metaspace ] GC(13) Metaspace: 7312K(7680K)->7312K(7680K) NonClass: 6673K(6912K)->6673K(6912K) Class: 638K(768K)->638K(768K)
[6.007s][info][gc           ] GC(13) Pause Young (Normal) (G1 Evacuation Pause) 1293M->128M(2048M) 15.942ms
[6.007s][info][gc,cpu       ] GC(13) User=0.20s Sys=0.00s Real=0.02s
[7.009s][info][gc,start     ] GC(14) Pause Young (Normal) (G1 Evacuation Pause)
[7.009s][info][gc,task      ] GC(14) Using 13 workers of 13 for evacuation
[7.027s][info][gc,phases    ] GC(14)   Pre Evacuate Collection Set: 0.0ms
[7.027s][info][gc,phases    ] GC(14)   Evacuate Collection Set: 17.0ms
[7.027s][info][gc,phases    ] GC(14)   Post Evacuate Collection Set: 0.5ms
[7.027s][info][gc,phases    ] GC(14)   Other: 0.4ms
[7.027s][info][gc,heap      ] GC(14) Eden regions: 1134->0(1139)
[7.027s][info][gc,heap      ] GC(14) Survivor regions: 94->89(154)
[7.027s][info][gc,heap      ] GC(14) Old regions: 15->34
[7.027s][info][gc,heap      ] GC(14) Humongous regions: 58->21
[7.027s][info][gc,metaspace ] GC(14) Metaspace: 7312K(7680K)->7312K(7680K) NonClass: 6673K(6912K)->6673K(6912K) Class: 638K(768K)->638K(768K)
[7.027s][info][gc           ] GC(14) Pause Young (Normal) (G1 Evacuation Pause) 1300M->143M(2048M) 18.011ms
[7.027s][info][gc,cpu       ] GC(14) User=0.17s Sys=0.03s Real=0.02s
[8.049s][info][gc,start     ] GC(15) Pause Young (Normal) (G1 Evacuation Pause)
[8.049s][info][gc,task      ] GC(15) Using 13 workers of 13 for evacuation
[8.068s][info][gc,phases    ] GC(15)   Pre Evacuate Collection Set: 0.0ms
[8.068s][info][gc,phases    ] GC(15)   Evacuate Collection Set: 18.3ms
[8.068s][info][gc,phases    ] GC(15)   Post Evacuate Collection Set: 0.6ms
[8.068s][info][gc,phases    ] GC(15)   Other: 0.4ms
[8.068s][info][gc,heap      ] GC(15) Eden regions: 1139->0(1145)
[8.068s][info][gc,heap      ] GC(15) Survivor regions: 89->83(154)
[8.068s][info][gc,heap      ] GC(15) Old regions: 34->54
[8.068s][info][gc,heap      ] GC(15) Humongous regions: 51->20
[8.068s][info][gc,metaspace ] GC(15) Metaspace: 7316K(7680K)->7316K(7680K) NonClass: 6677K(6912K)->6677K(6912K) Class: 638K(768K)->638K(768K)
[8.068s][info][gc           ] GC(15) Pause Young (Normal) (G1 Evacuation Pause) 1312M->156M(2048M) 19.371ms
[8.068s][info][gc,cpu       ] GC(15) User=0.20s Sys=0.00s Real=0.02s
[9.153s][info][gc,start     ] GC(16) Pause Young (Normal) (G1 Evacuation Pause)
[9.153s][info][gc,task      ] GC(16) Using 13 workers of 13 for evacuation
[9.178s][info][gc,phases    ] GC(16)   Pre Evacuate Collection Set: 0.0ms
[9.178s][info][gc,phases    ] GC(16)   Evacuate Collection Set: 23.8ms
[9.178s][info][gc,phases    ] GC(16)   Post Evacuate Collection Set: 0.5ms
[9.178s][info][gc,phases    ] GC(16)   Other: 0.5ms
[9.178s][info][gc,heap      ] GC(16) Eden regions: 1145->0(1141)
[9.178s][info][gc,heap      ] GC(16) Survivor regions: 83->87(154)
[9.178s][info][gc,heap      ] GC(16) Old regions: 54->66
[9.178s][info][gc,heap      ] GC(16) Humongous regions: 82->38
[9.178s][info][gc,metaspace ] GC(16) Metaspace: 7317K(7680K)->7317K(7680K) NonClass: 6679K(6912K)->6679K(6912K) Class: 638K(768K)->638K(768K)
[9.178s][info][gc           ] GC(16) Pause Young (Normal) (G1 Evacuation Pause) 1363M->190M(2048M) 25.012ms
[9.178s][info][gc,cpu       ] GC(16) User=0.41s Sys=0.00s Real=0.03s
[10.248s][info][gc,start     ] GC(17) Pause Young (Normal) (G1 Evacuation Pause)
[10.248s][info][gc,task      ] GC(17) Using 13 workers of 13 for evacuation
[10.271s][info][gc,phases    ] GC(17)   Pre Evacuate Collection Set: 0.0ms
[10.271s][info][gc,phases    ] GC(17)   Evacuate Collection Set: 21.8ms
[10.271s][info][gc,phases    ] GC(17)   Post Evacuate Collection Set: 0.6ms
[10.271s][info][gc,phases    ] GC(17)   Other: 0.4ms
[10.271s][info][gc,heap      ] GC(17) Eden regions: 1141->0(1139)
[10.271s][info][gc,heap      ] GC(17) Survivor regions: 87->89(154)
[10.271s][info][gc,heap      ] GC(17) Old regions: 66->79
[10.271s][info][gc,heap      ] GC(17) Humongous regions: 104->37
[10.271s][info][gc,metaspace ] GC(17) Metaspace: 7317K(7680K)->7317K(7680K) NonClass: 6679K(6912K)->6679K(6912K) Class: 638K(768K)->638K(768K)
[10.271s][info][gc           ] GC(17) Pause Young (Normal) (G1 Evacuation Pause) 1397M->203M(2048M) 22.973ms
[10.271s][info][gc,cpu       ] GC(17) User=0.39s Sys=0.00s Real=0.02s
[11.365s][info][gc,start     ] GC(18) Pause Young (Normal) (G1 Evacuation Pause)
[11.365s][info][gc,task      ] GC(18) Using 13 workers of 13 for evacuation
[11.390s][info][gc,phases    ] GC(18)   Pre Evacuate Collection Set: 0.0ms
[11.390s][info][gc,phases    ] GC(18)   Evacuate Collection Set: 23.5ms
[11.390s][info][gc,phases    ] GC(18)   Post Evacuate Collection Set: 0.6ms
[11.390s][info][gc,phases    ] GC(18)   Other: 0.5ms
[11.390s][info][gc,heap      ] GC(18) Eden regions: 1139->0(1141)
[11.390s][info][gc,heap      ] GC(18) Survivor regions: 89->87(154)
[11.390s][info][gc,heap      ] GC(18) Old regions: 79->95
[11.390s][info][gc,heap      ] GC(18) Humongous regions: 97->37
[11.390s][info][gc,metaspace ] GC(18) Metaspace: 7318K(7680K)->7318K(7680K) NonClass: 6680K(6912K)->6680K(6912K) Class: 638K(768K)->638K(768K)
[11.390s][info][gc           ] GC(18) Pause Young (Normal) (G1 Evacuation Pause) 1402M->219M(2048M) 24.673ms
[11.390s][info][gc,cpu       ] GC(18) User=0.20s Sys=0.00s Real=0.02s
[12.464s][info][gc,start     ] GC(19) Pause Young (Normal) (G1 Evacuation Pause)
[12.464s][info][gc,task      ] GC(19) Using 13 workers of 13 for evacuation
[12.489s][info][gc,phases    ] GC(19)   Pre Evacuate Collection Set: 0.0ms
[12.489s][info][gc,phases    ] GC(19)   Evacuate Collection Set: 23.8ms
[12.489s][info][gc,phases    ] GC(19)   Post Evacuate Collection Set: 0.6ms
[12.489s][info][gc,phases    ] GC(19)   Other: 0.4ms
[12.489s][info][gc,heap      ] GC(19) Eden regions: 1141->0(1144)
[12.489s][info][gc,heap      ] GC(19) Survivor regions: 87->84(154)
[12.489s][info][gc,heap      ] GC(19) Old regions: 95->111
[12.489s][info][gc,heap      ] GC(19) Humongous regions: 77->37
[12.489s][info][gc,metaspace ] GC(19) Metaspace: 7318K(7680K)->7318K(7680K) NonClass: 6680K(6912K)->6680K(6912K) Class: 638K(768K)->638K(768K)
[12.489s][info][gc           ] GC(19) Pause Young (Normal) (G1 Evacuation Pause) 1400M->231M(2048M) 24.923ms
[12.489s][info][gc,cpu       ] GC(19) User=0.41s Sys=0.00s Real=0.02s
[13.580s][info][gc,start     ] GC(20) Pause Young (Normal) (G1 Evacuation Pause)
[13.580s][info][gc,task      ] GC(20) Using 13 workers of 13 for evacuation
[13.608s][info][gc,phases    ] GC(20)   Pre Evacuate Collection Set: 0.0ms
[13.608s][info][gc,phases    ] GC(20)   Evacuate Collection Set: 26.4ms
[13.608s][info][gc,phases    ] GC(20)   Post Evacuate Collection Set: 0.6ms
[13.608s][info][gc,phases    ] GC(20)   Other: 0.4ms
[13.608s][info][gc,heap      ] GC(20) Eden regions: 1144->0(1144)
[13.608s][info][gc,heap      ] GC(20) Survivor regions: 84->84(154)
[13.608s][info][gc,heap      ] GC(20) Old regions: 111->127
[13.608s][info][gc,heap      ] GC(20) Humongous regions: 86->37
[13.608s][info][gc,metaspace ] GC(20) Metaspace: 7318K(7680K)->7318K(7680K) NonClass: 6680K(6912K)->6680K(6912K) Class: 638K(768K)->638K(768K)
[13.608s][info][gc           ] GC(20) Pause Young (Normal) (G1 Evacuation Pause) 1424M->246M(2048M) 27.600ms
[13.608s][info][gc,cpu       ] GC(20) User=0.20s Sys=0.00s Real=0.03s
[14.707s][info][gc,start     ] GC(21) Pause Young (Normal) (G1 Evacuation Pause)
[14.707s][info][gc,task      ] GC(21) Using 13 workers of 13 for evacuation
[14.735s][info][gc,phases    ] GC(21)   Pre Evacuate Collection Set: 0.0ms
[14.735s][info][gc,phases    ] GC(21)   Evacuate Collection Set: 26.5ms
[14.735s][info][gc,phases    ] GC(21)   Post Evacuate Collection Set: 0.6ms
[14.735s][info][gc,phases    ] GC(21)   Other: 0.4ms
[14.735s][info][gc,heap      ] GC(21) Eden regions: 1144->0(1145)
[14.735s][info][gc,heap      ] GC(21) Survivor regions: 84->83(154)
[14.735s][info][gc,heap      ] GC(21) Old regions: 127->141
[14.735s][info][gc,heap      ] GC(21) Humongous regions: 89->37
[14.735s][info][gc,metaspace ] GC(21) Metaspace: 7318K(7680K)->7318K(7680K) NonClass: 6680K(6912K)->6680K(6912K) Class: 638K(768K)->638K(768K)
[14.735s][info][gc           ] GC(21) Pause Young (Normal) (G1 Evacuation Pause) 1442M->260M(2048M) 27.642ms
[14.735s][info][gc,cpu       ] GC(21) User=0.41s Sys=0.00s Real=0.03s
[15.864s][info][gc,start     ] GC(22) Pause Young (Normal) (G1 Evacuation Pause)
[15.864s][info][gc,task      ] GC(22) Using 13 workers of 13 for evacuation
[15.893s][info][gc,phases    ] GC(22)   Pre Evacuate Collection Set: 0.0ms
[15.893s][info][gc,phases    ] GC(22)   Evacuate Collection Set: 27.9ms
[15.893s][info][gc,phases    ] GC(22)   Post Evacuate Collection Set: 0.6ms
[15.893s][info][gc,phases    ] GC(22)   Other: 0.4ms
[15.893s][info][gc,heap      ] GC(22) Eden regions: 1145->0(1147)
[15.893s][info][gc,heap      ] GC(22) Survivor regions: 83->81(154)
[15.893s][info][gc,heap      ] GC(22) Old regions: 141->156
[15.893s][info][gc,heap      ] GC(22) Humongous regions: 80->37
[15.893s][info][gc,metaspace ] GC(22) Metaspace: 7318K(7680K)->7318K(7680K) NonClass: 6680K(6912K)->6680K(6912K) Class: 638K(768K)->638K(768K)
[15.893s][info][gc           ] GC(22) Pause Young (Normal) (G1 Evacuation Pause) 1448M->273M(2048M) 29.054ms
[15.893s][info][gc,cpu       ] GC(22) User=0.41s Sys=0.00s Real=0.03s
[16.965s][info][gc,start     ] GC(23) Pause Young (Normal) (G1 Evacuation Pause)
[16.965s][info][gc,task      ] GC(23) Using 13 workers of 13 for evacuation
[16.995s][info][gc,phases    ] GC(23)   Pre Evacuate Collection Set: 0.0ms
[16.995s][info][gc,phases    ] GC(23)   Evacuate Collection Set: 28.6ms
[16.995s][info][gc,phases    ] GC(23)   Post Evacuate Collection Set: 0.6ms
[16.995s][info][gc,phases    ] GC(23)   Other: 0.4ms
[16.995s][info][gc,heap      ] GC(23) Eden regions: 1147->0(1147)
[16.995s][info][gc,heap      ] GC(23) Survivor regions: 81->81(154)
[16.995s][info][gc,heap      ] GC(23) Old regions: 156->171
[16.995s][info][gc,heap      ] GC(23) Humongous regions: 76->37
[16.995s][info][gc,metaspace ] GC(23) Metaspace: 7318K(7680K)->7318K(7680K) NonClass: 6680K(6912K)->6680K(6912K) Class: 638K(768K)->638K(768K)
[16.995s][info][gc           ] GC(23) Pause Young (Normal) (G1 Evacuation Pause) 1459M->287M(2048M) 29.794ms
[16.995s][info][gc,cpu       ] GC(23) User=0.41s Sys=0.00s Real=0.03s
[18.087s][info][gc,start     ] GC(24) Pause Young (Normal) (G1 Evacuation Pause)
[18.087s][info][gc,task      ] GC(24) Using 13 workers of 13 for evacuation
[18.118s][info][gc,phases    ] GC(24)   Pre Evacuate Collection Set: 0.0ms
[18.118s][info][gc,phases    ] GC(24)   Evacuate Collection Set: 29.7ms
[18.118s][info][gc,phases    ] GC(24)   Post Evacuate Collection Set: 0.6ms
[18.118s][info][gc,phases    ] GC(24)   Other: 0.4ms
[18.118s][info][gc,heap      ] GC(24) Eden regions: 1147->0(1149)
[18.118s][info][gc,heap      ] GC(24) Survivor regions: 81->79(154)
[18.118s][info][gc,heap      ] GC(24) Old regions: 171->185
[18.118s][info][gc,heap      ] GC(24) Humongous regions: 83->37
[18.118s][info][gc,metaspace ] GC(24) Metaspace: 7318K(7680K)->7318K(7680K) NonClass: 6680K(6912K)->6680K(6912K) Class: 638K(768K)->638K(768K)
[18.118s][info][gc           ] GC(24) Pause Young (Normal) (G1 Evacuation Pause) 1480M->299M(2048M) 30.934ms
[18.118s][info][gc,cpu       ] GC(24) User=0.41s Sys=0.00s Real=0.03s
[19.233s][info][gc,start     ] GC(25) Pause Young (Normal) (G1 Evacuation Pause)
[19.233s][info][gc,task      ] GC(25) Using 13 workers of 13 for evacuation
[19.264s][info][gc,phases    ] GC(25)   Pre Evacuate Collection Set: 0.0ms
[19.264s][info][gc,phases    ] GC(25)   Evacuate Collection Set: 30.0ms
[19.264s][info][gc,phases    ] GC(25)   Post Evacuate Collection Set: 0.6ms
[19.264s][info][gc,phases    ] GC(25)   Other: 0.4ms
[19.264s][info][gc,heap      ] GC(25) Eden regions: 1149->0(1137)
[19.264s][info][gc,heap      ] GC(25) Survivor regions: 79->91(154)
[19.264s][info][gc,heap      ] GC(25) Old regions: 185->185
[19.264s][info][gc,heap      ] GC(25) Humongous regions: 87->37
[19.264s][info][gc,metaspace ] GC(25) Metaspace: 7319K(7680K)->7319K(7680K) NonClass: 6680K(6912K)->6680K(6912K) Class: 638K(768K)->638K(768K)
[19.264s][info][gc           ] GC(25) Pause Young (Normal) (G1 Evacuation Pause) 1498M->312M(2048M) 31.139ms
[19.264s][info][gc,cpu       ] GC(25) User=0.41s Sys=0.00s Real=0.03s
[20.459s][info][gc,start     ] GC(26) Pause Young (Normal) (G1 Evacuation Pause)
[20.459s][info][gc,task      ] GC(26) Using 13 workers of 13 for evacuation
[20.505s][info][gc,phases    ] GC(26)   Pre Evacuate Collection Set: 0.0ms
[20.505s][info][gc,phases    ] GC(26)   Evacuate Collection Set: 43.7ms
[20.505s][info][gc,phases    ] GC(26)   Post Evacuate Collection Set: 1.2ms
[20.505s][info][gc,phases    ] GC(26)   Other: 0.4ms
[20.505s][info][gc,heap      ] GC(26) Eden regions: 1137->0(1138)
[20.505s][info][gc,heap      ] GC(26) Survivor regions: 91->90(154)
[20.505s][info][gc,heap      ] GC(26) Old regions: 185->198
[20.505s][info][gc,heap      ] GC(26) Humongous regions: 115->70
[20.505s][info][gc,metaspace ] GC(26) Metaspace: 7324K(7680K)->7324K(7680K) NonClass: 6685K(6912K)->6685K(6912K) Class: 638K(768K)->638K(768K)
[20.505s][info][gc           ] GC(26) Pause Young (Normal) (G1 Evacuation Pause) 1527M->357M(2048M) 45.459ms
[20.505s][info][gc,cpu       ] GC(26) User=0.59s Sys=0.00s Real=0.05s
[21.615s][info][gc,start     ] GC(27) Pause Young (Normal) (G1 Evacuation Pause)
[21.616s][info][gc,task      ] GC(27) Using 13 workers of 13 for evacuation
[21.649s][info][gc,phases    ] GC(27)   Pre Evacuate Collection Set: 0.0ms
[21.649s][info][gc,phases    ] GC(27)   Evacuate Collection Set: 32.3ms
[21.649s][info][gc,phases    ] GC(27)   Post Evacuate Collection Set: 0.6ms
[21.649s][info][gc,phases    ] GC(27)   Other: 0.4ms
[21.649s][info][gc,heap      ] GC(27) Eden regions: 1138->0(1141)
[21.649s][info][gc,heap      ] GC(27) Survivor regions: 90->87(154)
[21.649s][info][gc,heap      ] GC(27) Old regions: 198->212
[21.649s][info][gc,heap      ] GC(27) Humongous regions: 102->70
[21.649s][info][gc,metaspace ] GC(27) Metaspace: 7324K(7680K)->7324K(7680K) NonClass: 6685K(6912K)->6685K(6912K) Class: 638K(768K)->638K(768K)
[21.649s][info][gc           ] GC(27) Pause Young (Normal) (G1 Evacuation Pause) 1527M->368M(2048M) 33.466ms
[21.649s][info][gc,cpu       ] GC(27) User=0.41s Sys=0.00s Real=0.03s
[22.739s][info][gc,start     ] GC(28) Pause Young (Normal) (G1 Evacuation Pause)
[22.739s][info][gc,task      ] GC(28) Using 13 workers of 13 for evacuation
[22.773s][info][gc,phases    ] GC(28)   Pre Evacuate Collection Set: 0.0ms
[22.773s][info][gc,phases    ] GC(28)   Evacuate Collection Set: 32.8ms
[22.773s][info][gc,phases    ] GC(28)   Post Evacuate Collection Set: 0.7ms
[22.773s][info][gc,phases    ] GC(28)   Other: 0.4ms
[22.773s][info][gc,heap      ] GC(28) Eden regions: 1141->0(1142)
[22.773s][info][gc,heap      ] GC(28) Survivor regions: 87->86(154)
[22.773s][info][gc,heap      ] GC(28) Old regions: 212->225
[22.773s][info][gc,heap      ] GC(28) Humongous regions: 115->70
[22.773s][info][gc,metaspace ] GC(28) Metaspace: 7324K(7680K)->7324K(7680K) NonClass: 6685K(6912K)->6685K(6912K) Class: 638K(768K)->638K(768K)
[22.773s][info][gc           ] GC(28) Pause Young (Normal) (G1 Evacuation Pause) 1554M->380M(2048M) 34.024ms
[22.773s][info][gc,cpu       ] GC(28) User=0.41s Sys=0.00s Real=0.03s
[23.859s][info][gc,start     ] GC(29) Pause Young (Normal) (G1 Evacuation Pause)
[23.859s][info][gc,task      ] GC(29) Using 13 workers of 13 for evacuation
[23.894s][info][gc,phases    ] GC(29)   Pre Evacuate Collection Set: 0.0ms
[23.894s][info][gc,phases    ] GC(29)   Evacuate Collection Set: 33.7ms
[23.894s][info][gc,phases    ] GC(29)   Post Evacuate Collection Set: 0.9ms
[23.894s][info][gc,phases    ] GC(29)   Other: 0.4ms
[23.894s][info][gc,heap      ] GC(29) Eden regions: 1142->0(1145)
[23.894s][info][gc,heap      ] GC(29) Survivor regions: 86->83(154)
[23.894s][info][gc,heap      ] GC(29) Old regions: 225->239
[23.894s][info][gc,heap      ] GC(29) Humongous regions: 109->71
[23.894s][info][gc,metaspace ] GC(29) Metaspace: 7324K(7680K)->7324K(7680K) NonClass: 6685K(6912K)->6685K(6912K) Class: 638K(768K)->638K(768K)
[23.894s][info][gc           ] GC(29) Pause Young (Normal) (G1 Evacuation Pause) 1561M->392M(2048M) 35.180ms
[23.894s][info][gc,cpu       ] GC(29) User=0.41s Sys=0.02s Real=0.04s
[24.997s][info][gc,start     ] GC(30) Pause Young (Normal) (G1 Evacuation Pause)
[24.997s][info][gc,task      ] GC(30) Using 13 workers of 13 for evacuation
[25.034s][info][gc,phases    ] GC(30)   Pre Evacuate Collection Set: 0.0ms
[25.034s][info][gc,phases    ] GC(30)   Evacuate Collection Set: 35.4ms
[25.034s][info][gc,phases    ] GC(30)   Post Evacuate Collection Set: 1.0ms
[25.034s][info][gc,phases    ] GC(30)   Other: 0.4ms
[25.034s][info][gc,heap      ] GC(30) Eden regions: 1145->0(1145)
[25.034s][info][gc,heap      ] GC(30) Survivor regions: 83->83(154)
[25.034s][info][gc,heap      ] GC(30) Old regions: 239->252
[25.034s][info][gc,heap      ] GC(30) Humongous regions: 127->70
[25.034s][info][gc,metaspace ] GC(30) Metaspace: 7324K(7680K)->7324K(7680K) NonClass: 6685K(6912K)->6685K(6912K) Class: 638K(768K)->638K(768K)
[25.034s][info][gc           ] GC(30) Pause Young (Normal) (G1 Evacuation Pause) 1593M->404M(2048M) 36.909ms
[25.034s][info][gc,cpu       ] GC(30) User=0.61s Sys=0.00s Real=0.04s
[26.215s][info][gc,start     ] GC(31) Pause Young (Normal) (G1 Evacuation Pause)
[26.215s][info][gc,task      ] GC(31) Using 13 workers of 13 for evacuation
[26.252s][info][gc,phases    ] GC(31)   Pre Evacuate Collection Set: 0.0ms
[26.252s][info][gc,phases    ] GC(31)   Evacuate Collection Set: 35.8ms
[26.252s][info][gc,phases    ] GC(31)   Post Evacuate Collection Set: 1.1ms
[26.252s][info][gc,phases    ] GC(31)   Other: 0.4ms
[26.252s][info][gc,heap      ] GC(31) Eden regions: 1145->0(1146)
[26.252s][info][gc,heap      ] GC(31) Survivor regions: 83->82(154)
[26.252s][info][gc,heap      ] GC(31) Old regions: 252->265
[26.252s][info][gc,heap      ] GC(31) Humongous regions: 103->70
[26.252s][info][gc,metaspace ] GC(31) Metaspace: 7324K(7680K)->7324K(7680K) NonClass: 6685K(6912K)->6685K(6912K) Class: 638K(768K)->638K(768K)
[26.252s][info][gc           ] GC(31) Pause Young (Normal) (G1 Evacuation Pause) 1582M->416M(2048M) 37.370ms
[26.252s][info][gc,cpu       ] GC(31) User=0.61s Sys=0.00s Real=0.04s
[27.378s][info][gc,start     ] GC(32) Pause Young (Normal) (G1 Evacuation Pause)
[27.378s][info][gc,task      ] GC(32) Using 13 workers of 13 for evacuation
[27.415s][info][gc,phases    ] GC(32)   Pre Evacuate Collection Set: 0.0ms
[27.415s][info][gc,phases    ] GC(32)   Evacuate Collection Set: 35.4ms
[27.415s][info][gc,phases    ] GC(32)   Post Evacuate Collection Set: 0.9ms
[27.415s][info][gc,phases    ] GC(32)   Other: 0.4ms
[27.415s][info][gc,heap      ] GC(32) Eden regions: 1146->0(1150)
[27.415s][info][gc,heap      ] GC(32) Survivor regions: 82->78(154)
[27.415s][info][gc,heap      ] GC(32) Old regions: 265->277
[27.415s][info][gc,heap      ] GC(32) Humongous regions: 88->70
[27.415s][info][gc,metaspace ] GC(32) Metaspace: 7328K(7680K)->7328K(7680K) NonClass: 6689K(6912K)->6689K(6912K) Class: 638K(768K)->638K(768K)
[27.415s][info][gc           ] GC(32) Pause Young (Normal) (G1 Evacuation Pause) 1580M->425M(2048M) 36.878ms
[27.415s][info][gc,cpu       ] GC(32) User=0.39s Sys=0.02s Real=0.04s
[28.549s][info][gc,start     ] GC(33) Pause Young (Normal) (G1 Evacuation Pause)
[28.549s][info][gc,task      ] GC(33) Using 13 workers of 13 for evacuation
[28.585s][info][gc,phases    ] GC(33)   Pre Evacuate Collection Set: 0.0ms
[28.585s][info][gc,phases    ] GC(33)   Evacuate Collection Set: 34.1ms
[28.585s][info][gc,phases    ] GC(33)   Post Evacuate Collection Set: 1.0ms
[28.585s][info][gc,phases    ] GC(33)   Other: 0.4ms
[28.585s][info][gc,heap      ] GC(33) Eden regions: 1150->0(1139)
[28.585s][info][gc,heap      ] GC(33) Survivor regions: 78->89(154)
[28.585s][info][gc,heap      ] GC(33) Old regions: 277->277
[28.585s][info][gc,heap      ] GC(33) Humongous regions: 100->70
[28.585s][info][gc,metaspace ] GC(33) Metaspace: 7328K(7680K)->7328K(7680K) NonClass: 6689K(6912K)->6689K(6912K) Class: 638K(768K)->638K(768K)
[28.585s][info][gc           ] GC(33) Pause Young (Normal) (G1 Evacuation Pause) 1605M->435M(2048M) 35.611ms
[28.585s][info][gc,cpu       ] GC(33) User=0.39s Sys=0.02s Real=0.04s
[30.358s][info][gc,start     ] GC(34) Pause Young (Normal) (G1 Evacuation Pause)
[30.358s][info][gc,task      ] GC(34) Using 13 workers of 13 for evacuation
[30.433s][info][gc,phases    ] GC(34)   Pre Evacuate Collection Set: 0.0ms
[30.433s][info][gc,phases    ] GC(34)   Evacuate Collection Set: 73.7ms
[30.433s][info][gc,phases    ] GC(34)   Post Evacuate Collection Set: 1.1ms
[30.433s][info][gc,phases    ] GC(34)   Other: 0.4ms
[30.433s][info][gc,heap      ] GC(34) Eden regions: 1139->0(1074)
[30.433s][info][gc,heap      ] GC(34) Survivor regions: 89->154(154)
[30.433s][info][gc,heap      ] GC(34) Old regions: 277->296
[30.433s][info][gc,heap      ] GC(34) Humongous regions: 153->134
[30.433s][info][gc,metaspace ] GC(34) Metaspace: 7512K(7936K)->7512K(7936K) NonClass: 6841K(7168K)->6841K(7168K) Class: 670K(768K)->670K(768K)
[30.433s][info][gc           ] GC(34) Pause Young (Normal) (G1 Evacuation Pause) 1657M->583M(2048M) 75.349ms
[30.433s][info][gc,cpu       ] GC(34) User=1.00s Sys=0.00s Real=0.08s
[30.673s][info][gc,heap,exit ] Heap
[30.673s][info][gc,heap,exit ]  garbage-first heap   total 2097152K, used 714096K [0x0000000700000000, 0x0000000800000000)
[30.673s][info][gc,heap,exit ]   region size 1024K, 236 young (241664K), 154 survivors (157696K)
[30.673s][info][gc,heap,exit ]  Metaspace       used 7764K, capacity 7968K, committed 8192K, reserved 1056768K
[30.673s][info][gc,heap,exit ]   class space    used 705K, capacity 764K, committed 768K, reserved 1048576K
