[0.008s][info][gc,heap] Heap region size: 1M
[0.022s][info][gc     ] Using G1
[0.022s][info][gc,heap,coops] Heap address: 0x0000000700000000, size: 4096 MB, Compressed Oops mode: Zero based, Oop shift amount: 3
[0.302s][info][gc,start     ] GC(0) Pause Young (Normal) (G1 Evacuation Pause)
[0.302s][info][gc,task      ] GC(0) Using 13 workers of 13 for evacuation
[0.304s][info][gc,phases    ] GC(0)   Pre Evacuate Collection Set: 0.0ms
[0.304s][info][gc,phases    ] GC(0)   Evacuate Collection Set: 1.5ms
[0.304s][info][gc,phases    ] GC(0)   Post Evacuate Collection Set: 0.2ms
[0.304s][info][gc,phases    ] GC(0)   Other: 0.7ms
[0.304s][info][gc,heap      ] GC(0) Eden regions: 102->0(89)
[0.304s][info][gc,heap      ] GC(0) Survivor regions: 0->13(13)
[0.305s][info][gc,heap      ] GC(0) Old regions: 0->8
[0.305s][info][gc,heap      ] GC(0) Humongous regions: 16->3
[0.305s][info][gc,metaspace ] GC(0) Metaspace: 6838K(7168K)->6838K(7168K) NonClass: 6250K(6400K)->6250K(6400K) Class: 587K(768K)->587K(768K)
[0.305s][info][gc           ] GC(0) Pause Young (Normal) (G1 Evacuation Pause) 117M->23M(2048M) 2.872ms
[0.305s][info][gc,cpu       ] GC(0) User=0.00s Sys=0.00s Real=0.00s
[0.383s][info][gc,start     ] GC(1) Pause Young (Normal) (G1 Evacuation Pause)
[0.383s][info][gc,task      ] GC(1) Using 13 workers of 13 for evacuation
[0.385s][info][gc,phases    ] GC(1)   Pre Evacuate Collection Set: 0.0ms
[0.385s][info][gc,phases    ] GC(1)   Evacuate Collection Set: 2.0ms
[0.385s][info][gc,phases    ] GC(1)   Post Evacuate Collection Set: 0.2ms
[0.385s][info][gc,phases    ] GC(1)   Other: 0.1ms
[0.385s][info][gc,heap      ] GC(1) Eden regions: 89->0(89)
[0.385s][info][gc,heap      ] GC(1) Survivor regions: 13->13(13)
[0.385s][info][gc,heap      ] GC(1) Old regions: 8->25
[0.385s][info][gc,heap      ] GC(1) Humongous regions: 16->5
[0.385s][info][gc,metaspace ] GC(1) Metaspace: 6840K(7168K)->6840K(7168K) NonClass: 6253K(6400K)->6253K(6400K) Class: 587K(768K)->587K(768K)
[0.386s][info][gc           ] GC(1) Pause Young (Normal) (G1 Evacuation Pause) 125M->42M(2048M) 2.467ms
[0.386s][info][gc,cpu       ] GC(1) User=0.00s Sys=0.00s Real=0.00s
[0.416s][info][gc,start     ] GC(2) Pause Young (Normal) (G1 Evacuation Pause)
[0.416s][info][gc,task      ] GC(2) Using 13 workers of 13 for evacuation
[0.418s][info][gc,phases    ] GC(2)   Pre Evacuate Collection Set: 0.0ms
[0.418s][info][gc,phases    ] GC(2)   Evacuate Collection Set: 2.0ms
[0.418s][info][gc,phases    ] GC(2)   Post Evacuate Collection Set: 0.1ms
[0.418s][info][gc,phases    ] GC(2)   Other: 0.1ms
[0.418s][info][gc,heap      ] GC(2) Eden regions: 89->0(89)
[0.418s][info][gc,heap      ] GC(2) Survivor regions: 13->13(13)
[0.418s][info][gc,heap      ] GC(2) Old regions: 25->42
[0.418s][info][gc,heap      ] GC(2) Humongous regions: 8->5
[0.418s][info][gc,metaspace ] GC(2) Metaspace: 6842K(7168K)->6842K(7168K) NonClass: 6254K(6400K)->6254K(6400K) Class: 587K(768K)->587K(768K)
[0.418s][info][gc           ] GC(2) Pause Young (Normal) (G1 Evacuation Pause) 134M->59M(2048M) 2.385ms
[0.418s][info][gc,cpu       ] GC(2) User=0.00s Sys=0.00s Real=0.00s
[0.446s][info][gc,start     ] GC(3) Pause Young (Normal) (G1 Evacuation Pause)
[0.446s][info][gc,task      ] GC(3) Using 13 workers of 13 for evacuation
[0.448s][info][gc,phases    ] GC(3)   Pre Evacuate Collection Set: 0.0ms
[0.448s][info][gc,phases    ] GC(3)   Evacuate Collection Set: 1.9ms
[0.448s][info][gc,phases    ] GC(3)   Post Evacuate Collection Set: 0.1ms
[0.448s][info][gc,phases    ] GC(3)   Other: 0.1ms
[0.448s][info][gc,heap      ] GC(3) Eden regions: 89->0(109)
[0.448s][info][gc,heap      ] GC(3) Survivor regions: 13->13(13)
[0.448s][info][gc,heap      ] GC(3) Old regions: 42->59
[0.448s][info][gc,heap      ] GC(3) Humongous regions: 6->5
[0.448s][info][gc,metaspace ] GC(3) Metaspace: 6842K(7168K)->6842K(7168K) NonClass: 6254K(6400K)->6254K(6400K) Class: 587K(768K)->587K(768K)
[0.448s][info][gc           ] GC(3) Pause Young (Normal) (G1 Evacuation Pause) 149M->76M(2048M) 2.193ms
[0.448s][info][gc,cpu       ] GC(3) User=0.00s Sys=0.00s Real=0.00s
[0.486s][info][gc,start     ] GC(4) Pause Young (Normal) (G1 Evacuation Pause)
[0.486s][info][gc,task      ] GC(4) Using 13 workers of 13 for evacuation
[0.489s][info][gc,phases    ] GC(4)   Pre Evacuate Collection Set: 0.0ms
[0.489s][info][gc,phases    ] GC(4)   Evacuate Collection Set: 2.5ms
[0.489s][info][gc,phases    ] GC(4)   Post Evacuate Collection Set: 0.1ms
[0.489s][info][gc,phases    ] GC(4)   Other: 0.1ms
[0.489s][info][gc,heap      ] GC(4) Eden regions: 109->0(127)
[0.489s][info][gc,heap      ] GC(4) Survivor regions: 13->16(16)
[0.489s][info][gc,heap      ] GC(4) Old regions: 59->78
[0.489s][info][gc,heap      ] GC(4) Humongous regions: 16->6
[0.489s][info][gc,metaspace ] GC(4) Metaspace: 6842K(7168K)->6842K(7168K) NonClass: 6254K(6400K)->6254K(6400K) Class: 587K(768K)->587K(768K)
[0.489s][info][gc           ] GC(4) Pause Young (Normal) (G1 Evacuation Pause) 196M->99M(2048M) 2.794ms
[0.489s][info][gc,cpu       ] GC(4) User=0.00s Sys=0.00s Real=0.00s
[0.533s][info][gc,start     ] GC(5) Pause Young (Normal) (G1 Evacuation Pause)
[0.533s][info][gc,task      ] GC(5) Using 13 workers of 13 for evacuation
[0.536s][info][gc,phases    ] GC(5)   Pre Evacuate Collection Set: 0.0ms
[0.536s][info][gc,phases    ] GC(5)   Evacuate Collection Set: 2.7ms
[0.536s][info][gc,phases    ] GC(5)   Post Evacuate Collection Set: 0.1ms
[0.536s][info][gc,phases    ] GC(5)   Other: 0.1ms
[0.536s][info][gc,heap      ] GC(5) Eden regions: 127->0(156)
[0.536s][info][gc,heap      ] GC(5) Survivor regions: 16->18(18)
[0.536s][info][gc,heap      ] GC(5) Old regions: 78->100
[0.536s][info][gc,heap      ] GC(5) Humongous regions: 18->8
[0.536s][info][gc,metaspace ] GC(5) Metaspace: 6842K(7168K)->6842K(7168K) NonClass: 6254K(6400K)->6254K(6400K) Class: 587K(768K)->587K(768K)
[0.536s][info][gc           ] GC(5) Pause Young (Normal) (G1 Evacuation Pause) 238M->125M(2048M) 3.079ms
[0.536s][info][gc,cpu       ] GC(5) User=0.00s Sys=0.00s Real=0.00s
[0.591s][info][gc,start     ] GC(6) Pause Young (Normal) (G1 Evacuation Pause)
[0.591s][info][gc,task      ] GC(6) Using 13 workers of 13 for evacuation
[0.595s][info][gc,phases    ] GC(6)   Pre Evacuate Collection Set: 0.0ms
[0.595s][info][gc,phases    ] GC(6)   Evacuate Collection Set: 3.2ms
[0.595s][info][gc,phases    ] GC(6)   Post Evacuate Collection Set: 0.1ms
[0.595s][info][gc,phases    ] GC(6)   Other: 0.1ms
[0.595s][info][gc,heap      ] GC(6) Eden regions: 156->0(196)
[0.595s][info][gc,heap      ] GC(6) Survivor regions: 18->22(22)
[0.595s][info][gc,heap      ] GC(6) Old regions: 100->127
[0.595s][info][gc,heap      ] GC(6) Humongous regions: 25->11
[0.595s][info][gc,metaspace ] GC(6) Metaspace: 6842K(7168K)->6842K(7168K) NonClass: 6254K(6400K)->6254K(6400K) Class: 587K(768K)->587K(768K)
[0.595s][info][gc           ] GC(6) Pause Young (Normal) (G1 Evacuation Pause) 298M->159M(2048M) 3.596ms
[0.595s][info][gc,cpu       ] GC(6) User=0.09s Sys=0.11s Real=0.00s
[0.664s][info][gc,start     ] GC(7) Pause Young (Normal) (G1 Evacuation Pause)
[0.664s][info][gc,task      ] GC(7) Using 13 workers of 13 for evacuation
[0.669s][info][gc,phases    ] GC(7)   Pre Evacuate Collection Set: 0.0ms
[0.669s][info][gc,phases    ] GC(7)   Evacuate Collection Set: 4.2ms
[0.669s][info][gc,phases    ] GC(7)   Post Evacuate Collection Set: 0.2ms
[0.669s][info][gc,phases    ] GC(7)   Other: 0.2ms
[0.669s][info][gc,heap      ] GC(7) Eden regions: 196->0(246)
[0.669s][info][gc,heap      ] GC(7) Survivor regions: 22->28(28)
[0.669s][info][gc,heap      ] GC(7) Old regions: 127->161
[0.669s][info][gc,heap      ] GC(7) Humongous regions: 30->13
[0.669s][info][gc,metaspace ] GC(7) Metaspace: 6842K(7168K)->6842K(7168K) NonClass: 6254K(6400K)->6254K(6400K) Class: 587K(768K)->587K(768K)
[0.669s][info][gc           ] GC(7) Pause Young (Normal) (G1 Evacuation Pause) 374M->201M(2048M) 4.568ms
[0.669s][info][gc,cpu       ] GC(7) User=0.00s Sys=0.00s Real=0.00s
[0.752s][info][gc,start     ] GC(8) Pause Young (Normal) (G1 Evacuation Pause)
[0.752s][info][gc,task      ] GC(8) Using 13 workers of 13 for evacuation
[0.758s][info][gc,phases    ] GC(8)   Pre Evacuate Collection Set: 0.0ms
[0.758s][info][gc,phases    ] GC(8)   Evacuate Collection Set: 4.9ms
[0.758s][info][gc,phases    ] GC(8)   Post Evacuate Collection Set: 0.2ms
[0.758s][info][gc,phases    ] GC(8)   Other: 0.2ms
[0.758s][info][gc,heap      ] GC(8) Eden regions: 246->0(308)
[0.758s][info][gc,heap      ] GC(8) Survivor regions: 28->35(35)
[0.758s][info][gc,heap      ] GC(8) Old regions: 161->202
[0.758s][info][gc,heap      ] GC(8) Humongous regions: 28->13
[0.758s][info][gc,metaspace ] GC(8) Metaspace: 6843K(7168K)->6843K(7168K) NonClass: 6255K(6400K)->6255K(6400K) Class: 587K(768K)->587K(768K)
[0.758s][info][gc           ] GC(8) Pause Young (Normal) (G1 Evacuation Pause) 462M->249M(2048M) 5.348ms
[0.758s][info][gc,cpu       ] GC(8) User=0.00s Sys=0.00s Real=0.00s
[0.869s][info][gc,start     ] GC(9) Pause Young (Normal) (G1 Evacuation Pause)
[0.869s][info][gc,task      ] GC(9) Using 13 workers of 13 for evacuation
[0.876s][info][gc,phases    ] GC(9)   Pre Evacuate Collection Set: 0.0ms
[0.876s][info][gc,phases    ] GC(9)   Evacuate Collection Set: 6.6ms
[0.876s][info][gc,phases    ] GC(9)   Post Evacuate Collection Set: 0.3ms
[0.876s][info][gc,phases    ] GC(9)   Other: 0.1ms
[0.876s][info][gc,heap      ] GC(9) Eden regions: 308->0(383)
[0.876s][info][gc,heap      ] GC(9) Survivor regions: 35->43(43)
[0.876s][info][gc,heap      ] GC(9) Old regions: 202->252
[0.876s][info][gc,heap      ] GC(9) Humongous regions: 55->17
[0.876s][info][gc,metaspace ] GC(9) Metaspace: 6843K(7168K)->6843K(7168K) NonClass: 6255K(6400K)->6255K(6400K) Class: 587K(768K)->587K(768K)
[0.876s][info][gc           ] GC(9) Pause Young (Normal) (G1 Evacuation Pause) 599M->311M(2048M) 7.151ms
[0.876s][info][gc,cpu       ] GC(9) User=0.11s Sys=0.06s Real=0.01s
[1.005s][info][gc,start     ] GC(10) Pause Young (Normal) (G1 Evacuation Pause)
[1.005s][info][gc,task      ] GC(10) Using 13 workers of 13 for evacuation
[1.013s][info][gc,phases    ] GC(10)   Pre Evacuate Collection Set: 0.0ms
[1.013s][info][gc,phases    ] GC(10)   Evacuate Collection Set: 8.2ms
[1.013s][info][gc,phases    ] GC(10)   Post Evacuate Collection Set: 0.3ms
[1.013s][info][gc,phases    ] GC(10)   Other: 0.1ms
[1.013s][info][gc,heap      ] GC(10) Eden regions: 383->0(538)
[1.013s][info][gc,heap      ] GC(10) Survivor regions: 43->54(54)
[1.013s][info][gc,heap      ] GC(10) Old regions: 252->318
[1.013s][info][gc,heap      ] GC(10) Humongous regions: 45->20
[1.013s][info][gc,metaspace ] GC(10) Metaspace: 6843K(7168K)->6843K(7168K) NonClass: 6255K(6400K)->6255K(6400K) Class: 587K(768K)->587K(768K)
[1.013s][info][gc           ] GC(10) Pause Young (Normal) (G1 Evacuation Pause) 722M->391M(2048M) 8.766ms
[1.013s][info][gc,cpu       ] GC(10) User=0.00s Sys=0.00s Real=0.01s
[1.209s][info][gc,start     ] GC(11) Pause Young (Normal) (G1 Evacuation Pause)
[1.209s][info][gc,task      ] GC(11) Using 13 workers of 13 for evacuation
[1.221s][info][gc,phases    ] GC(11)   Pre Evacuate Collection Set: 0.0ms
[1.221s][info][gc,phases    ] GC(11)   Evacuate Collection Set: 11.7ms
[1.221s][info][gc,phases    ] GC(11)   Post Evacuate Collection Set: 0.3ms
[1.221s][info][gc,phases    ] GC(11)   Other: 0.2ms
[1.221s][info][gc,heap      ] GC(11) Eden regions: 538->0(622)
[1.221s][info][gc,heap      ] GC(11) Survivor regions: 54->74(74)
[1.221s][info][gc,heap      ] GC(11) Old regions: 318->399
[1.221s][info][gc,heap      ] GC(11) Humongous regions: 70->26
[1.221s][info][gc,metaspace ] GC(11) Metaspace: 6843K(7168K)->6843K(7168K) NonClass: 6255K(6400K)->6255K(6400K) Class: 587K(768K)->587K(768K)
[1.221s][info][gc           ] GC(11) Pause Young (Normal) (G1 Evacuation Pause) 979M->498M(2048M) 12.314ms
[1.221s][info][gc,cpu       ] GC(11) User=0.05s Sys=0.16s Real=0.01s
[1.433s][info][gc,start     ] GC(12) Pause Young (Normal) (G1 Evacuation Pause)
[1.433s][info][gc,task      ] GC(12) Using 13 workers of 13 for evacuation
[1.448s][info][gc,phases    ] GC(12)   Pre Evacuate Collection Set: 0.0ms
[1.448s][info][gc,phases    ] GC(12)   Evacuate Collection Set: 13.6ms
[1.448s][info][gc,phases    ] GC(12)   Post Evacuate Collection Set: 0.3ms
[1.448s][info][gc,phases    ] GC(12)   Other: 0.2ms
[1.448s][info][gc,heap      ] GC(12) Eden regions: 622->0(752)
[1.448s][info][gc,heap      ] GC(12) Survivor regions: 74->87(87)
[1.448s][info][gc,heap      ] GC(12) Old regions: 399->507
[1.448s][info][gc,heap      ] GC(12) Humongous regions: 73->32
[1.448s][info][gc,metaspace ] GC(12) Metaspace: 6843K(7168K)->6843K(7168K) NonClass: 6255K(6400K)->6255K(6400K) Class: 587K(768K)->587K(768K)
[1.448s][info][gc           ] GC(12) Pause Young (Normal) (G1 Evacuation Pause) 1167M->625M(2048M) 14.254ms
[1.448s][info][gc,cpu       ] GC(12) User=0.09s Sys=0.11s Real=0.01s
[1.700s][info][gc,start     ] GC(13) Pause Young (Normal) (G1 Evacuation Pause)
[1.700s][info][gc,task      ] GC(13) Using 13 workers of 13 for evacuation
[1.719s][info][gc,phases    ] GC(13)   Pre Evacuate Collection Set: 0.1ms
[1.719s][info][gc,phases    ] GC(13)   Evacuate Collection Set: 17.3ms
[1.719s][info][gc,phases    ] GC(13)   Post Evacuate Collection Set: 2.0ms
[1.719s][info][gc,phases    ] GC(13)   Other: 0.2ms
[1.719s][info][gc,heap      ] GC(13) Eden regions: 752->0(777)
[1.719s][info][gc,heap      ] GC(13) Survivor regions: 87->105(105)
[1.719s][info][gc,heap      ] GC(13) Old regions: 507->632
[1.719s][info][gc,heap      ] GC(13) Humongous regions: 125->48
[1.719s][info][gc,metaspace ] GC(13) Metaspace: 6843K(7168K)->6843K(7168K) NonClass: 6255K(6400K)->6255K(6400K) Class: 587K(768K)->587K(768K)
[1.719s][info][gc           ] GC(13) Pause Young (Normal) (G1 Evacuation Pause) 1470M->784M(2282M) 19.702ms
[1.719s][info][gc,cpu       ] GC(13) User=0.12s Sys=0.09s Real=0.02s
[2.008s][info][gc,start     ] GC(14) Pause Young (Normal) (G1 Evacuation Pause)
[2.008s][info][gc,task      ] GC(14) Using 13 workers of 13 for evacuation
[2.024s][info][gc,phases    ] GC(14)   Pre Evacuate Collection Set: 0.1ms
[2.024s][info][gc,phases    ] GC(14)   Evacuate Collection Set: 15.6ms
[2.024s][info][gc,phases    ] GC(14)   Post Evacuate Collection Set: 0.4ms
[2.024s][info][gc,phases    ] GC(14)   Other: 0.2ms
[2.024s][info][gc,heap      ] GC(14) Eden regions: 777->0(724)
[2.024s][info][gc,heap      ] GC(14) Survivor regions: 105->111(111)
[2.024s][info][gc,heap      ] GC(14) Old regions: 632->774
[2.024s][info][gc,heap      ] GC(14) Humongous regions: 161->62
[2.024s][info][gc,metaspace ] GC(14) Metaspace: 6844K(7168K)->6844K(7168K) NonClass: 6256K(6400K)->6256K(6400K) Class: 587K(768K)->587K(768K)
[2.024s][info][gc           ] GC(14) Pause Young (Normal) (G1 Evacuation Pause) 1673M->946M(2282M) 16.354ms
[2.024s][info][gc,cpu       ] GC(14) User=0.08s Sys=0.12s Real=0.02s
[2.269s][info][gc,start     ] GC(15) Pause Young (Normal) (G1 Evacuation Pause)
[2.270s][info][gc,task      ] GC(15) Using 13 workers of 13 for evacuation
[2.286s][info][gc,phases    ] GC(15)   Pre Evacuate Collection Set: 0.1ms
[2.286s][info][gc,phases    ] GC(15)   Evacuate Collection Set: 15.7ms
[2.286s][info][gc,phases    ] GC(15)   Post Evacuate Collection Set: 0.3ms
[2.286s][info][gc,phases    ] GC(15)   Other: 0.2ms
[2.286s][info][gc,heap      ] GC(15) Eden regions: 724->0(639)
[2.286s][info][gc,heap      ] GC(15) Survivor regions: 111->105(105)
[2.286s][info][gc,heap      ] GC(15) Old regions: 774->919
[2.286s][info][gc,heap      ] GC(15) Humongous regions: 154->76
[2.286s][info][gc,metaspace ] GC(15) Metaspace: 6844K(7168K)->6844K(7168K) NonClass: 6256K(6400K)->6256K(6400K) Class: 587K(768K)->587K(768K)
[2.286s][info][gc           ] GC(15) Pause Young (Normal) (G1 Evacuation Pause) 1762M->1099M(2282M) 16.404ms
[2.286s][info][gc,cpu       ] GC(15) User=0.08s Sys=0.12s Real=0.02s
[2.413s][info][gc,start     ] GC(16) Pause Young (Concurrent Start) (G1 Humongous Allocation)
[2.413s][info][gc,task      ] GC(16) Using 13 workers of 13 for evacuation
[2.423s][info][gc,phases    ] GC(16)   Pre Evacuate Collection Set: 0.1ms
[2.423s][info][gc,phases    ] GC(16)   Evacuate Collection Set: 8.9ms
[2.423s][info][gc,phases    ] GC(16)   Post Evacuate Collection Set: 0.3ms
[2.423s][info][gc,phases    ] GC(16)   Other: 0.2ms
[2.423s][info][gc,heap      ] GC(16) Eden regions: 398->0(535)
[2.423s][info][gc,heap      ] GC(16) Survivor regions: 105->76(93)
[2.423s][info][gc,heap      ] GC(16) Old regions: 919->1025
[2.423s][info][gc,heap      ] GC(16) Humongous regions: 108->83
[2.423s][info][gc,metaspace ] GC(16) Metaspace: 6844K(7168K)->6844K(7168K) NonClass: 6256K(6400K)->6256K(6400K) Class: 587K(768K)->587K(768K)
[2.423s][info][gc           ] GC(16) Pause Young (Concurrent Start) (G1 Humongous Allocation) 1529M->1183M(2282M) 9.579ms
[2.423s][info][gc,cpu       ] GC(16) User=0.03s Sys=0.12s Real=0.01s
[2.423s][info][gc           ] GC(17) Concurrent Cycle
[2.423s][info][gc,marking   ] GC(17) Concurrent Clear Claimed Marks
[2.423s][info][gc,marking   ] GC(17) Concurrent Clear Claimed Marks 0.012ms
[2.423s][info][gc,marking   ] GC(17) Concurrent Scan Root Regions
[2.423s][info][gc,marking   ] GC(17) Concurrent Scan Root Regions 0.256ms
[2.423s][info][gc,marking   ] GC(17) Concurrent Mark (2.423s)
[2.423s][info][gc,marking   ] GC(17) Concurrent Mark From Roots
[2.423s][info][gc,task      ] GC(17) Using 3 workers of 3 for marking
[2.426s][info][gc,marking   ] GC(17) Concurrent Mark From Roots 2.382ms
[2.426s][info][gc,marking   ] GC(17) Concurrent Preclean
[2.426s][info][gc,marking   ] GC(17) Concurrent Preclean 0.062ms
[2.426s][info][gc,marking   ] GC(17) Concurrent Mark (2.423s, 2.426s) 2.489ms
[2.426s][info][gc,start     ] GC(17) Pause Remark
[2.426s][info][gc,stringtable] GC(17) Cleaned string and symbol table, strings: 2628 processed, 4 removed, symbols: 25587 processed, 0 removed
[2.426s][info][gc            ] GC(17) Pause Remark 1192M->1192M(2282M) 0.531ms
[2.426s][info][gc,cpu        ] GC(17) User=0.00s Sys=0.00s Real=0.00s
[2.426s][info][gc,marking    ] GC(17) Concurrent Rebuild Remembered Sets
[2.428s][info][gc,marking    ] GC(17) Concurrent Rebuild Remembered Sets 1.326ms
[2.428s][info][gc,start      ] GC(17) Pause Cleanup
[2.428s][info][gc            ] GC(17) Pause Cleanup 1197M->1197M(2282M) 0.222ms
[2.428s][info][gc,cpu        ] GC(17) User=0.00s Sys=0.00s Real=0.00s
[2.428s][info][gc,marking    ] GC(17) Concurrent Cleanup for Next Mark
[2.429s][info][gc,marking    ] GC(17) Concurrent Cleanup for Next Mark 1.132ms
[2.429s][info][gc            ] GC(17) Concurrent Cycle 6.248ms
[2.431s][info][gc,start      ] GC(18) Pause Young (Concurrent Start) (G1 Humongous Allocation)
[2.431s][info][gc,task       ] GC(18) Using 13 workers of 13 for evacuation
[2.435s][info][gc,phases     ] GC(18)   Pre Evacuate Collection Set: 0.0ms
[2.435s][info][gc,phases     ] GC(18)   Evacuate Collection Set: 3.8ms
[2.435s][info][gc,phases     ] GC(18)   Post Evacuate Collection Set: 0.2ms
[2.435s][info][gc,phases     ] GC(18)   Other: 0.1ms
[2.435s][info][gc,heap       ] GC(18) Eden regions: 20->0(493)
[2.435s][info][gc,heap       ] GC(18) Survivor regions: 76->5(77)
[2.435s][info][gc,heap       ] GC(18) Old regions: 1025->1101
[2.435s][info][gc,heap       ] GC(18) Humongous regions: 85->83
[2.435s][info][gc,metaspace  ] GC(18) Metaspace: 6844K(7168K)->6844K(7168K) NonClass: 6256K(6400K)->6256K(6400K) Class: 587K(768K)->587K(768K)
[2.435s][info][gc            ] GC(18) Pause Young (Concurrent Start) (G1 Humongous Allocation) 1204M->1187M(2282M) 4.151ms
[2.435s][info][gc,cpu        ] GC(18) User=0.00s Sys=0.00s Real=0.00s
[2.435s][info][gc            ] GC(19) Concurrent Cycle
[2.435s][info][gc,marking    ] GC(19) Concurrent Clear Claimed Marks
[2.435s][info][gc,marking    ] GC(19) Concurrent Clear Claimed Marks 0.012ms
[2.435s][info][gc,marking    ] GC(19) Concurrent Scan Root Regions
[2.435s][info][gc,marking    ] GC(19) Concurrent Scan Root Regions 0.036ms
[2.435s][info][gc,marking    ] GC(19) Concurrent Mark (2.435s)
[2.435s][info][gc,marking    ] GC(19) Concurrent Mark From Roots
[2.435s][info][gc,task       ] GC(19) Using 3 workers of 3 for marking
[2.437s][info][gc,marking    ] GC(19) Concurrent Mark From Roots 1.829ms
[2.437s][info][gc,marking    ] GC(19) Concurrent Preclean
[2.437s][info][gc,marking    ] GC(19) Concurrent Preclean 0.074ms
[2.437s][info][gc,marking    ] GC(19) Concurrent Mark (2.435s, 2.437s) 1.937ms
[2.437s][info][gc,start      ] GC(19) Pause Remark
[2.438s][info][gc,stringtable] GC(19) Cleaned string and symbol table, strings: 2624 processed, 0 removed, symbols: 25587 processed, 0 removed
[2.438s][info][gc            ] GC(19) Pause Remark 1194M->1194M(2282M) 0.489ms
[2.438s][info][gc,cpu        ] GC(19) User=0.00s Sys=0.00s Real=0.00s
[2.438s][info][gc,marking    ] GC(19) Concurrent Rebuild Remembered Sets
[2.439s][info][gc,marking    ] GC(19) Concurrent Rebuild Remembered Sets 1.107ms
[2.439s][info][gc,start      ] GC(19) Pause Cleanup
[2.439s][info][gc            ] GC(19) Pause Cleanup 1198M->1198M(2282M) 0.205ms
[2.439s][info][gc,cpu        ] GC(19) User=0.00s Sys=0.00s Real=0.00s
[2.439s][info][gc,marking    ] GC(19) Concurrent Cleanup for Next Mark
[2.440s][info][gc,marking    ] GC(19) Concurrent Cleanup for Next Mark 0.936ms
[2.440s][info][gc            ] GC(19) Concurrent Cycle 4.996ms
[2.440s][info][gc,start      ] GC(20) Pause Young (Concurrent Start) (G1 Humongous Allocation)
[2.440s][info][gc,task       ] GC(20) Using 13 workers of 13 for evacuation
[2.441s][info][gc,phases     ] GC(20)   Pre Evacuate Collection Set: 0.0ms
[2.441s][info][gc,phases     ] GC(20)   Evacuate Collection Set: 0.3ms
[2.441s][info][gc,phases     ] GC(20)   Post Evacuate Collection Set: 0.1ms
[2.441s][info][gc,phases     ] GC(20)   Other: 0.1ms
[2.441s][info][gc,heap       ] GC(20) Eden regions: 10->0(518)
[2.441s][info][gc,heap       ] GC(20) Survivor regions: 5->6(63)
[2.441s][info][gc,heap       ] GC(20) Old regions: 1101->1101
[2.441s][info][gc,heap       ] GC(20) Humongous regions: 87->85
[2.441s][info][gc,metaspace  ] GC(20) Metaspace: 6844K(7168K)->6844K(7168K) NonClass: 6256K(6400K)->6256K(6400K) Class: 587K(768K)->587K(768K)
[2.441s][info][gc            ] GC(20) Pause Young (Concurrent Start) (G1 Humongous Allocation) 1200M->1190M(2282M) 0.558ms
[2.441s][info][gc,cpu        ] GC(20) User=0.00s Sys=0.00s Real=0.00s
[2.441s][info][gc            ] GC(21) Concurrent Cycle
[2.441s][info][gc,marking    ] GC(21) Concurrent Clear Claimed Marks
[2.441s][info][gc,marking    ] GC(21) Concurrent Clear Claimed Marks 0.009ms
[2.441s][info][gc,marking    ] GC(21) Concurrent Scan Root Regions
[2.441s][info][gc,marking    ] GC(21) Concurrent Scan Root Regions 0.027ms
[2.441s][info][gc,marking    ] GC(21) Concurrent Mark (2.441s)
[2.441s][info][gc,marking    ] GC(21) Concurrent Mark From Roots
[2.441s][info][gc,task       ] GC(21) Using 3 workers of 3 for marking
[2.443s][info][gc,marking    ] GC(21) Concurrent Mark From Roots 1.488ms
[2.443s][info][gc,marking    ] GC(21) Concurrent Preclean
[2.443s][info][gc,marking    ] GC(21) Concurrent Preclean 0.060ms
[2.443s][info][gc,marking    ] GC(21) Concurrent Mark (2.441s, 2.443s) 1.578ms
[2.443s][info][gc,start      ] GC(21) Pause Remark
[2.443s][info][gc,stringtable] GC(21) Cleaned string and symbol table, strings: 2624 processed, 0 removed, symbols: 25587 processed, 0 removed
[2.443s][info][gc            ] GC(21) Pause Remark 1196M->1196M(2282M) 0.412ms
[2.443s][info][gc,cpu        ] GC(21) User=0.00s Sys=0.00s Real=0.00s
[2.443s][info][gc,marking    ] GC(21) Concurrent Rebuild Remembered Sets
[2.444s][info][gc,marking    ] GC(21) Concurrent Rebuild Remembered Sets 0.985ms
[2.444s][info][gc,start      ] GC(21) Pause Cleanup
[2.444s][info][gc            ] GC(21) Pause Cleanup 1199M->1199M(2282M) 0.211ms
[2.444s][info][gc,cpu        ] GC(21) User=0.00s Sys=0.00s Real=0.00s
[2.444s][info][gc,marking    ] GC(21) Concurrent Cleanup for Next Mark
[2.445s][info][gc,marking    ] GC(21) Concurrent Cleanup for Next Mark 0.669ms
[2.445s][info][gc            ] GC(21) Concurrent Cycle 4.133ms
[2.449s][info][gc,start      ] GC(22) Pause Young (Concurrent Start) (G1 Humongous Allocation)
[2.449s][info][gc,task       ] GC(22) Using 13 workers of 13 for evacuation
[2.450s][info][gc,phases     ] GC(22)   Pre Evacuate Collection Set: 0.0ms
[2.450s][info][gc,phases     ] GC(22)   Evacuate Collection Set: 0.4ms
[2.450s][info][gc,phases     ] GC(22)   Post Evacuate Collection Set: 0.1ms
[2.450s][info][gc,phases     ] GC(22)   Other: 0.1ms
[2.450s][info][gc,heap       ] GC(22) Eden regions: 21->0(472)
[2.450s][info][gc,heap       ] GC(22) Survivor regions: 6->9(66)
[2.450s][info][gc,heap       ] GC(22) Old regions: 1101->1101
[2.450s][info][gc,heap       ] GC(22) Humongous regions: 86->85
[2.450s][info][gc,metaspace  ] GC(22) Metaspace: 6844K(7168K)->6844K(7168K) NonClass: 6256K(6400K)->6256K(6400K) Class: 587K(768K)->587K(768K)
[2.450s][info][gc            ] GC(22) Pause Young (Concurrent Start) (G1 Humongous Allocation) 1212M->1194M(2282M) 0.751ms
[2.450s][info][gc,cpu        ] GC(22) User=0.00s Sys=0.00s Real=0.00s
[2.450s][info][gc            ] GC(23) Concurrent Cycle
[2.450s][info][gc,marking    ] GC(23) Concurrent Clear Claimed Marks
[2.450s][info][gc,marking    ] GC(23) Concurrent Clear Claimed Marks 0.011ms
[2.450s][info][gc,marking    ] GC(23) Concurrent Scan Root Regions
[2.450s][info][gc,marking    ] GC(23) Concurrent Scan Root Regions 0.032ms
[2.450s][info][gc,marking    ] GC(23) Concurrent Mark (2.450s)
[2.450s][info][gc,marking    ] GC(23) Concurrent Mark From Roots
[2.450s][info][gc,task       ] GC(23) Using 3 workers of 3 for marking
[2.451s][info][gc,marking    ] GC(23) Concurrent Mark From Roots 1.537ms
[2.451s][info][gc,marking    ] GC(23) Concurrent Preclean
[2.451s][info][gc,marking    ] GC(23) Concurrent Preclean 0.062ms
[2.451s][info][gc,marking    ] GC(23) Concurrent Mark (2.450s, 2.451s) 1.634ms
[2.451s][info][gc,start      ] GC(23) Pause Remark
[2.452s][info][gc,stringtable] GC(23) Cleaned string and symbol table, strings: 2624 processed, 0 removed, symbols: 25587 processed, 0 removed
[2.452s][info][gc            ] GC(23) Pause Remark 1199M->1199M(2282M) 0.486ms
[2.452s][info][gc,cpu        ] GC(23) User=0.00s Sys=0.00s Real=0.00s
[2.452s][info][gc,marking    ] GC(23) Concurrent Rebuild Remembered Sets
[2.453s][info][gc,marking    ] GC(23) Concurrent Rebuild Remembered Sets 0.967ms
[2.453s][info][gc,start      ] GC(23) Pause Cleanup
[2.453s][info][gc            ] GC(23) Pause Cleanup 1202M->1202M(2282M) 0.187ms
[2.453s][info][gc,cpu        ] GC(23) User=0.00s Sys=0.00s Real=0.00s
[2.453s][info][gc,marking    ] GC(23) Concurrent Cleanup for Next Mark
[2.454s][info][gc,marking    ] GC(23) Concurrent Cleanup for Next Mark 0.653ms
[2.454s][info][gc            ] GC(23) Concurrent Cycle 4.206ms
[2.455s][info][gc,start      ] GC(24) Pause Young (Concurrent Start) (G1 Humongous Allocation)
[2.455s][info][gc,task       ] GC(24) Using 13 workers of 13 for evacuation
[2.456s][info][gc,phases     ] GC(24)   Pre Evacuate Collection Set: 0.0ms
[2.456s][info][gc,phases     ] GC(24)   Evacuate Collection Set: 0.5ms
[2.456s][info][gc,phases     ] GC(24)   Post Evacuate Collection Set: 0.1ms
[2.456s][info][gc,phases     ] GC(24)   Other: 0.1ms
[2.456s][info][gc,heap       ] GC(24) Eden regions: 13->0(362)
[2.456s][info][gc,heap       ] GC(24) Survivor regions: 9->12(61)
[2.456s][info][gc,heap       ] GC(24) Old regions: 1101->1101
[2.456s][info][gc,heap       ] GC(24) Humongous regions: 87->85
[2.456s][info][gc,metaspace  ] GC(24) Metaspace: 6844K(7168K)->6844K(7168K) NonClass: 6256K(6400K)->6256K(6400K) Class: 587K(768K)->587K(768K)
[2.456s][info][gc            ] GC(24) Pause Young (Concurrent Start) (G1 Humongous Allocation) 1209M->1197M(2282M) 0.816ms
[2.456s][info][gc,cpu        ] GC(24) User=0.00s Sys=0.00s Real=0.00s
[2.456s][info][gc            ] GC(25) Concurrent Cycle
[2.456s][info][gc,marking    ] GC(25) Concurrent Clear Claimed Marks
[2.456s][info][gc,marking    ] GC(25) Concurrent Clear Claimed Marks 0.010ms
[2.456s][info][gc,marking    ] GC(25) Concurrent Scan Root Regions
[2.456s][info][gc,marking    ] GC(25) Concurrent Scan Root Regions 0.034ms
[2.456s][info][gc,marking    ] GC(25) Concurrent Mark (2.456s)
[2.456s][info][gc,marking    ] GC(25) Concurrent Mark From Roots
[2.456s][info][gc,task       ] GC(25) Using 3 workers of 3 for marking
[2.458s][info][gc,marking    ] GC(25) Concurrent Mark From Roots 1.456ms
[2.458s][info][gc,marking    ] GC(25) Concurrent Preclean
[2.458s][info][gc,marking    ] GC(25) Concurrent Preclean 0.063ms
[2.458s][info][gc,marking    ] GC(25) Concurrent Mark (2.456s, 2.458s) 1.559ms
[2.458s][info][gc,start      ] GC(25) Pause Remark
[2.458s][info][gc,stringtable] GC(25) Cleaned string and symbol table, strings: 2624 processed, 0 removed, symbols: 25587 processed, 0 removed
[2.458s][info][gc            ] GC(25) Pause Remark 1202M->1202M(2282M) 0.451ms
[2.458s][info][gc,cpu        ] GC(25) User=0.00s Sys=0.00s Real=0.00s
[2.458s][info][gc,marking    ] GC(25) Concurrent Rebuild Remembered Sets
[2.459s][info][gc,marking    ] GC(25) Concurrent Rebuild Remembered Sets 1.038ms
[2.459s][info][gc,start      ] GC(25) Pause Cleanup
[2.460s][info][gc            ] GC(25) Pause Cleanup 1206M->1206M(2282M) 0.217ms
[2.460s][info][gc,cpu        ] GC(25) User=0.00s Sys=0.00s Real=0.00s
[2.460s][info][gc,marking    ] GC(25) Concurrent Cleanup for Next Mark
[2.460s][info][gc,marking    ] GC(25) Concurrent Cleanup for Next Mark 0.553ms
[2.460s][info][gc            ] GC(25) Concurrent Cycle 4.125ms
[2.462s][info][gc,start      ] GC(26) Pause Young (Concurrent Start) (G1 Humongous Allocation)
[2.462s][info][gc,task       ] GC(26) Using 13 workers of 13 for evacuation
[2.463s][info][gc,phases     ] GC(26)   Pre Evacuate Collection Set: 0.0ms
[2.463s][info][gc,phases     ] GC(26)   Evacuate Collection Set: 0.6ms
[2.463s][info][gc,phases     ] GC(26)   Post Evacuate Collection Set: 0.1ms
[2.463s][info][gc,phases     ] GC(26)   Other: 0.1ms
[2.463s][info][gc,heap       ] GC(26) Eden regions: 14->0(411)
[2.463s][info][gc,heap       ] GC(26) Survivor regions: 12->15(47)
[2.463s][info][gc,heap       ] GC(26) Old regions: 1101->1101
[2.463s][info][gc,heap       ] GC(26) Humongous regions: 87->85
[2.463s][info][gc,metaspace  ] GC(26) Metaspace: 6844K(7168K)->6844K(7168K) NonClass: 6256K(6400K)->6256K(6400K) Class: 587K(768K)->587K(768K)
[2.463s][info][gc            ] GC(26) Pause Young (Concurrent Start) (G1 Humongous Allocation) 1212M->1199M(2282M) 0.897ms
[2.463s][info][gc,cpu        ] GC(26) User=0.00s Sys=0.00s Real=0.00s
[2.463s][info][gc            ] GC(27) Concurrent Cycle
[2.463s][info][gc,marking    ] GC(27) Concurrent Clear Claimed Marks
[2.463s][info][gc,marking    ] GC(27) Concurrent Clear Claimed Marks 0.009ms
[2.463s][info][gc,marking    ] GC(27) Concurrent Scan Root Regions
[2.463s][info][gc,marking    ] GC(27) Concurrent Scan Root Regions 0.030ms
[2.463s][info][gc,marking    ] GC(27) Concurrent Mark (2.463s)
[2.463s][info][gc,marking    ] GC(27) Concurrent Mark From Roots
[2.463s][info][gc,task       ] GC(27) Using 3 workers of 3 for marking
[2.464s][info][gc,marking    ] GC(27) Concurrent Mark From Roots 1.553ms
[2.464s][info][gc,marking    ] GC(27) Concurrent Preclean
[2.464s][info][gc,marking    ] GC(27) Concurrent Preclean 0.073ms
[2.464s][info][gc,marking    ] GC(27) Concurrent Mark (2.463s, 2.464s) 1.668ms
[2.464s][info][gc,start      ] GC(27) Pause Remark
[2.465s][info][gc,stringtable] GC(27) Cleaned string and symbol table, strings: 2624 processed, 0 removed, symbols: 25587 processed, 0 removed
[2.465s][info][gc            ] GC(27) Pause Remark 1205M->1205M(2282M) 0.428ms
[2.465s][info][gc,cpu        ] GC(27) User=0.00s Sys=0.00s Real=0.00s
[2.465s][info][gc,marking    ] GC(27) Concurrent Rebuild Remembered Sets
[2.466s][info][gc,marking    ] GC(27) Concurrent Rebuild Remembered Sets 0.987ms
[2.466s][info][gc,start      ] GC(27) Pause Cleanup
[2.466s][info][gc            ] GC(27) Pause Cleanup 1209M->1209M(2282M) 0.222ms
[2.466s][info][gc,cpu        ] GC(27) User=0.00s Sys=0.00s Real=0.00s
[2.466s][info][gc,marking    ] GC(27) Concurrent Cleanup for Next Mark
[2.467s][info][gc,marking    ] GC(27) Concurrent Cleanup for Next Mark 0.593ms
[2.467s][info][gc            ] GC(27) Concurrent Cycle 4.220ms
[2.467s][info][gc,start      ] GC(28) Pause Young (Concurrent Start) (G1 Humongous Allocation)
[2.467s][info][gc,task       ] GC(28) Using 13 workers of 13 for evacuation
[2.468s][info][gc,phases     ] GC(28)   Pre Evacuate Collection Set: 0.0ms
[2.468s][info][gc,phases     ] GC(28)   Evacuate Collection Set: 0.7ms
[2.468s][info][gc,phases     ] GC(28)   Post Evacuate Collection Set: 0.1ms
[2.468s][info][gc,phases     ] GC(28)   Other: 0.1ms
[2.468s][info][gc,heap       ] GC(28) Eden regions: 11->0(382)
[2.468s][info][gc,heap       ] GC(28) Survivor regions: 15->18(54)
[2.468s][info][gc,heap       ] GC(28) Old regions: 1101->1101
[2.468s][info][gc,heap       ] GC(28) Humongous regions: 86->85
[2.468s][info][gc,metaspace  ] GC(28) Metaspace: 6844K(7168K)->6844K(7168K) NonClass: 6256K(6400K)->6256K(6400K) Class: 587K(768K)->587K(768K)
[2.468s][info][gc            ] GC(28) Pause Young (Concurrent Start) (G1 Humongous Allocation) 1211M->1202M(2282M) 0.964ms
[2.468s][info][gc,cpu        ] GC(28) User=0.00s Sys=0.19s Real=0.00s
[2.468s][info][gc            ] GC(29) Concurrent Cycle
[2.468s][info][gc,marking    ] GC(29) Concurrent Clear Claimed Marks
[2.468s][info][gc,marking    ] GC(29) Concurrent Clear Claimed Marks 0.010ms
[2.468s][info][gc,marking    ] GC(29) Concurrent Scan Root Regions
[2.468s][info][gc,marking    ] GC(29) Concurrent Scan Root Regions 0.028ms
[2.468s][info][gc,marking    ] GC(29) Concurrent Mark (2.468s)
[2.468s][info][gc,marking    ] GC(29) Concurrent Mark From Roots
[2.468s][info][gc,task       ] GC(29) Using 3 workers of 3 for marking
[2.470s][info][gc,marking    ] GC(29) Concurrent Mark From Roots 1.366ms
[2.470s][info][gc,marking    ] GC(29) Concurrent Preclean
[2.470s][info][gc,marking    ] GC(29) Concurrent Preclean 0.080ms
[2.470s][info][gc,marking    ] GC(29) Concurrent Mark (2.468s, 2.470s) 1.475ms
[2.470s][info][gc,start      ] GC(29) Pause Remark
[2.470s][info][gc,stringtable] GC(29) Cleaned string and symbol table, strings: 2624 processed, 0 removed, symbols: 25587 processed, 0 removed
[2.470s][info][gc            ] GC(29) Pause Remark 1208M->1208M(2282M) 0.478ms
[2.470s][info][gc,cpu        ] GC(29) User=0.00s Sys=0.00s Real=0.00s
[2.470s][info][gc,marking    ] GC(29) Concurrent Rebuild Remembered Sets
[2.471s][info][gc,marking    ] GC(29) Concurrent Rebuild Remembered Sets 0.953ms
[2.471s][info][gc,start      ] GC(29) Pause Cleanup
[2.472s][info][gc            ] GC(29) Pause Cleanup 1210M->1210M(2282M) 0.190ms
[2.472s][info][gc,cpu        ] GC(29) User=0.00s Sys=0.00s Real=0.00s
[2.472s][info][gc,marking    ] GC(29) Concurrent Cleanup for Next Mark
[2.472s][info][gc,marking    ] GC(29) Concurrent Cleanup for Next Mark 0.586ms
[2.472s][info][gc            ] GC(29) Concurrent Cycle 3.960ms
[2.473s][info][gc,start      ] GC(30) Pause Young (Concurrent Start) (G1 Humongous Allocation)
[2.473s][info][gc,task       ] GC(30) Using 13 workers of 13 for evacuation
[2.473s][info][gc,phases     ] GC(30)   Pre Evacuate Collection Set: 0.0ms
[2.474s][info][gc,phases     ] GC(30)   Evacuate Collection Set: 0.7ms
[2.474s][info][gc,phases     ] GC(30)   Post Evacuate Collection Set: 0.1ms
[2.474s][info][gc,phases     ] GC(30)   Other: 0.1ms
[2.474s][info][gc,heap       ] GC(30) Eden regions: 8->0(389)
[2.474s][info][gc,heap       ] GC(30) Survivor regions: 18->19(50)
[2.474s][info][gc,heap       ] GC(30) Old regions: 1101->1101
[2.474s][info][gc,heap       ] GC(30) Humongous regions: 87->86
[2.474s][info][gc,metaspace  ] GC(30) Metaspace: 6844K(7168K)->6844K(7168K) NonClass: 6256K(6400K)->6256K(6400K) Class: 587K(768K)->587K(768K)
[2.474s][info][gc            ] GC(30) Pause Young (Concurrent Start) (G1 Humongous Allocation) 1212M->1204M(2282M) 0.940ms
[2.474s][info][gc,cpu        ] GC(30) User=0.00s Sys=0.00s Real=0.00s
[2.474s][info][gc            ] GC(31) Concurrent Cycle
[2.474s][info][gc,marking    ] GC(31) Concurrent Clear Claimed Marks
[2.474s][info][gc,marking    ] GC(31) Concurrent Clear Claimed Marks 0.012ms
[2.474s][info][gc,marking    ] GC(31) Concurrent Scan Root Regions
[2.474s][info][gc,marking    ] GC(31) Concurrent Scan Root Regions 0.029ms
[2.474s][info][gc,marking    ] GC(31) Concurrent Mark (2.474s)
[2.474s][info][gc,marking    ] GC(31) Concurrent Mark From Roots
[2.474s][info][gc,task       ] GC(31) Using 3 workers of 3 for marking
[2.475s][info][gc,marking    ] GC(31) Concurrent Mark From Roots 1.384ms
[2.475s][info][gc,marking    ] GC(31) Concurrent Preclean
[2.475s][info][gc,marking    ] GC(31) Concurrent Preclean 0.063ms
[2.475s][info][gc,marking    ] GC(31) Concurrent Mark (2.474s, 2.475s) 1.477ms
[2.475s][info][gc,start      ] GC(31) Pause Remark
[2.476s][info][gc,stringtable] GC(31) Cleaned string and symbol table, strings: 2624 processed, 0 removed, symbols: 25587 processed, 0 removed
[2.476s][info][gc            ] GC(31) Pause Remark 1211M->1211M(2282M) 0.482ms
[2.476s][info][gc,cpu        ] GC(31) User=0.00s Sys=0.00s Real=0.00s
[2.476s][info][gc,marking    ] GC(31) Concurrent Rebuild Remembered Sets
[2.477s][info][gc,marking    ] GC(31) Concurrent Rebuild Remembered Sets 0.975ms
[2.477s][info][gc,start      ] GC(31) Pause Cleanup
[2.477s][info][gc            ] GC(31) Pause Cleanup 1213M->1213M(2282M) 0.178ms
[2.477s][info][gc,cpu        ] GC(31) User=0.00s Sys=0.00s Real=0.00s
[2.477s][info][gc,marking    ] GC(31) Concurrent Cleanup for Next Mark
[2.478s][info][gc,marking    ] GC(31) Concurrent Cleanup for Next Mark 0.577ms
[2.478s][info][gc            ] GC(31) Concurrent Cycle 4.020ms
[2.478s][info][gc,start      ] GC(32) Pause Young (Concurrent Start) (G1 Humongous Allocation)
[2.478s][info][gc,task       ] GC(32) Using 13 workers of 13 for evacuation
[2.479s][info][gc,phases     ] GC(32)   Pre Evacuate Collection Set: 0.0ms
[2.479s][info][gc,phases     ] GC(32)   Evacuate Collection Set: 0.8ms
[2.479s][info][gc,phases     ] GC(32)   Post Evacuate Collection Set: 0.1ms
[2.479s][info][gc,phases     ] GC(32)   Other: 0.1ms
[2.479s][info][gc,heap       ] GC(32) Eden regions: 10->0(403)
[2.479s][info][gc,heap       ] GC(32) Survivor regions: 19->20(51)
[2.479s][info][gc,heap       ] GC(32) Old regions: 1101->1101
[2.479s][info][gc,heap       ] GC(32) Humongous regions: 88->87
[2.479s][info][gc,metaspace  ] GC(32) Metaspace: 6844K(7168K)->6844K(7168K) NonClass: 6256K(6400K)->6256K(6400K) Class: 587K(768K)->587K(768K)
[2.479s][info][gc            ] GC(32) Pause Young (Concurrent Start) (G1 Humongous Allocation) 1215M->1206M(2282M) 1.148ms
[2.479s][info][gc,cpu        ] GC(32) User=0.00s Sys=0.00s Real=0.00s
[2.479s][info][gc            ] GC(33) Concurrent Cycle
[2.479s][info][gc,marking    ] GC(33) Concurrent Clear Claimed Marks
[2.479s][info][gc,marking    ] GC(33) Concurrent Clear Claimed Marks 0.010ms
[2.479s][info][gc,marking    ] GC(33) Concurrent Scan Root Regions
[2.479s][info][gc,marking    ] GC(33) Concurrent Scan Root Regions 0.025ms
[2.479s][info][gc,marking    ] GC(33) Concurrent Mark (2.479s)
[2.479s][info][gc,marking    ] GC(33) Concurrent Mark From Roots
[2.479s][info][gc,task       ] GC(33) Using 3 workers of 3 for marking
[2.481s][info][gc,marking    ] GC(33) Concurrent Mark From Roots 1.385ms
[2.481s][info][gc,marking    ] GC(33) Concurrent Preclean
[2.481s][info][gc,marking    ] GC(33) Concurrent Preclean 0.061ms
[2.481s][info][gc,marking    ] GC(33) Concurrent Mark (2.479s, 2.481s) 1.476ms
[2.481s][info][gc,start      ] GC(33) Pause Remark
[2.481s][info][gc,stringtable] GC(33) Cleaned string and symbol table, strings: 2624 processed, 0 removed, symbols: 25587 processed, 0 removed
[2.481s][info][gc            ] GC(33) Pause Remark 1213M->1213M(2282M) 0.456ms
[2.481s][info][gc,cpu        ] GC(33) User=0.00s Sys=0.00s Real=0.00s
[2.481s][info][gc,marking    ] GC(33) Concurrent Rebuild Remembered Sets
[2.482s][info][gc,marking    ] GC(33) Concurrent Rebuild Remembered Sets 0.998ms
[2.482s][info][gc,start      ] GC(33) Pause Cleanup
[2.482s][info][gc            ] GC(33) Pause Cleanup 1216M->1216M(2282M) 0.224ms
[2.482s][info][gc,cpu        ] GC(33) User=0.00s Sys=0.00s Real=0.00s
[2.483s][info][gc,marking    ] GC(33) Concurrent Cleanup for Next Mark
[2.483s][info][gc,marking    ] GC(33) Concurrent Cleanup for Next Mark 0.621ms
[2.483s][info][gc            ] GC(33) Concurrent Cycle 4.089ms
[2.487s][info][gc,start      ] GC(34) Pause Young (Concurrent Start) (G1 Humongous Allocation)
[2.487s][info][gc,task       ] GC(34) Using 13 workers of 13 for evacuation
[2.488s][info][gc,phases     ] GC(34)   Pre Evacuate Collection Set: 0.0ms
[2.488s][info][gc,phases     ] GC(34)   Evacuate Collection Set: 1.0ms
[2.488s][info][gc,phases     ] GC(34)   Post Evacuate Collection Set: 0.1ms
[2.488s][info][gc,phases     ] GC(34)   Other: 0.1ms
[2.488s][info][gc,heap       ] GC(34) Eden regions: 19->0(376)
[2.488s][info][gc,heap       ] GC(34) Survivor regions: 20->24(53)
[2.488s][info][gc,heap       ] GC(34) Old regions: 1101->1101
[2.488s][info][gc,heap       ] GC(34) Humongous regions: 92->88
[2.488s][info][gc,metaspace  ] GC(34) Metaspace: 6844K(7168K)->6844K(7168K) NonClass: 6256K(6400K)->6256K(6400K) Class: 587K(768K)->587K(768K)
[2.488s][info][gc            ] GC(34) Pause Young (Concurrent Start) (G1 Humongous Allocation) 1230M->1211M(2282M) 1.353ms
[2.488s][info][gc,cpu        ] GC(34) User=0.00s Sys=0.00s Real=0.00s
[2.488s][info][gc            ] GC(35) Concurrent Cycle
[2.488s][info][gc,marking    ] GC(35) Concurrent Clear Claimed Marks
[2.488s][info][gc,marking    ] GC(35) Concurrent Clear Claimed Marks 0.009ms
[2.488s][info][gc,marking    ] GC(35) Concurrent Scan Root Regions
[2.488s][info][gc,marking    ] GC(35) Concurrent Scan Root Regions 0.030ms
[2.488s][info][gc,marking    ] GC(35) Concurrent Mark (2.488s)
[2.488s][info][gc,marking    ] GC(35) Concurrent Mark From Roots
[2.488s][info][gc,task       ] GC(35) Using 3 workers of 3 for marking
[2.490s][info][gc,marking    ] GC(35) Concurrent Mark From Roots 1.581ms
[2.490s][info][gc,marking    ] GC(35) Concurrent Preclean
[2.490s][info][gc,marking    ] GC(35) Concurrent Preclean 0.062ms
[2.490s][info][gc,marking    ] GC(35) Concurrent Mark (2.488s, 2.490s) 1.676ms
[2.490s][info][gc,start      ] GC(35) Pause Remark
[2.491s][info][gc,stringtable] GC(35) Cleaned string and symbol table, strings: 2624 processed, 0 removed, symbols: 25587 processed, 0 removed
[2.491s][info][gc            ] GC(35) Pause Remark 1217M->1217M(2282M) 0.438ms
[2.491s][info][gc,cpu        ] GC(35) User=0.00s Sys=0.00s Real=0.00s
[2.491s][info][gc,marking    ] GC(35) Concurrent Rebuild Remembered Sets
[2.492s][info][gc,marking    ] GC(35) Concurrent Rebuild Remembered Sets 1.041ms
[2.492s][info][gc,start      ] GC(35) Pause Cleanup
[2.492s][info][gc            ] GC(35) Pause Cleanup 1221M->1221M(2282M) 0.201ms
[2.492s][info][gc,cpu        ] GC(35) User=0.00s Sys=0.00s Real=0.00s
[2.492s][info][gc,marking    ] GC(35) Concurrent Cleanup for Next Mark
[2.493s][info][gc,marking    ] GC(35) Concurrent Cleanup for Next Mark 0.732ms
[2.493s][info][gc            ] GC(35) Concurrent Cycle 4.355ms
[2.501s][info][gc,start      ] GC(36) Pause Young (Concurrent Start) (G1 Humongous Allocation)
[2.501s][info][gc,task       ] GC(36) Using 13 workers of 13 for evacuation
[2.502s][info][gc,phases     ] GC(36)   Pre Evacuate Collection Set: 0.0ms
[2.502s][info][gc,phases     ] GC(36)   Evacuate Collection Set: 1.4ms
[2.502s][info][gc,phases     ] GC(36)   Post Evacuate Collection Set: 0.2ms
[2.502s][info][gc,phases     ] GC(36)   Other: 0.1ms
[2.502s][info][gc,heap       ] GC(36) Eden regions: 35->0(407)
[2.502s][info][gc,heap       ] GC(36) Survivor regions: 24->32(50)
[2.502s][info][gc,heap       ] GC(36) Old regions: 1101->1101
[2.502s][info][gc,heap       ] GC(36) Humongous regions: 89->88
[2.502s][info][gc,metaspace  ] GC(36) Metaspace: 6844K(7168K)->6844K(7168K) NonClass: 6256K(6400K)->6256K(6400K) Class: 587K(768K)->587K(768K)
[2.503s][info][gc            ] GC(36) Pause Young (Concurrent Start) (G1 Humongous Allocation) 1247M->1219M(2282M) 1.744ms
[2.503s][info][gc,cpu        ] GC(36) User=0.00s Sys=0.00s Real=0.00s
[2.503s][info][gc            ] GC(37) Concurrent Cycle
[2.503s][info][gc,marking    ] GC(37) Concurrent Clear Claimed Marks
[2.503s][info][gc,marking    ] GC(37) Concurrent Clear Claimed Marks 0.012ms
[2.503s][info][gc,marking    ] GC(37) Concurrent Scan Root Regions
[2.503s][info][gc,marking    ] GC(37) Concurrent Scan Root Regions 0.036ms
[2.503s][info][gc,marking    ] GC(37) Concurrent Mark (2.503s)
[2.503s][info][gc,marking    ] GC(37) Concurrent Mark From Roots
[2.503s][info][gc,task       ] GC(37) Using 3 workers of 3 for marking
[2.504s][info][gc,marking    ] GC(37) Concurrent Mark From Roots 1.767ms
[2.504s][info][gc,marking    ] GC(37) Concurrent Preclean
[2.505s][info][gc,marking    ] GC(37) Concurrent Preclean 0.100ms
[2.505s][info][gc,marking    ] GC(37) Concurrent Mark (2.503s, 2.505s) 1.921ms
[2.505s][info][gc,start      ] GC(37) Pause Remark
[2.505s][info][gc,stringtable] GC(37) Cleaned string and symbol table, strings: 2624 processed, 0 removed, symbols: 25587 processed, 0 removed
[2.505s][info][gc            ] GC(37) Pause Remark 1226M->1226M(2282M) 0.503ms
[2.505s][info][gc,cpu        ] GC(37) User=0.00s Sys=0.00s Real=0.00s
[2.505s][info][gc,marking    ] GC(37) Concurrent Rebuild Remembered Sets
[2.506s][info][gc,marking    ] GC(37) Concurrent Rebuild Remembered Sets 1.152ms
[2.506s][info][gc,start      ] GC(37) Pause Cleanup
[2.507s][info][gc            ] GC(37) Pause Cleanup 1229M->1229M(2282M) 0.213ms
[2.507s][info][gc,cpu        ] GC(37) User=0.00s Sys=0.00s Real=0.00s
[2.507s][info][gc,marking    ] GC(37) Concurrent Cleanup for Next Mark
[2.507s][info][gc,marking    ] GC(37) Concurrent Cleanup for Next Mark 0.857ms
[2.508s][info][gc            ] GC(37) Concurrent Cycle 4.947ms
[2.518s][info][gc,start      ] GC(38) Pause Young (Concurrent Start) (G1 Humongous Allocation)
[2.518s][info][gc,task       ] GC(38) Using 13 workers of 13 for evacuation
[2.520s][info][gc,phases     ] GC(38)   Pre Evacuate Collection Set: 0.0ms
[2.520s][info][gc,phases     ] GC(38)   Evacuate Collection Set: 1.6ms
[2.520s][info][gc,phases     ] GC(38)   Post Evacuate Collection Set: 0.1ms
[2.520s][info][gc,phases     ] GC(38)   Other: 0.1ms
[2.520s][info][gc,heap       ] GC(38) Eden regions: 41->0(413)
[2.520s][info][gc,heap       ] GC(38) Survivor regions: 32->38(55)
[2.520s][info][gc,heap       ] GC(38) Old regions: 1101->1101
[2.520s][info][gc,heap       ] GC(38) Humongous regions: 91->89
[2.520s][info][gc,metaspace  ] GC(38) Metaspace: 6844K(7168K)->6844K(7168K) NonClass: 6256K(6400K)->6256K(6400K) Class: 587K(768K)->587K(768K)
[2.520s][info][gc            ] GC(38) Pause Young (Concurrent Start) (G1 Humongous Allocation) 1263M->1227M(2282M) 1.973ms
[2.520s][info][gc,cpu        ] GC(38) User=0.00s Sys=0.00s Real=0.00s
[2.520s][info][gc            ] GC(39) Concurrent Cycle
[2.520s][info][gc,marking    ] GC(39) Concurrent Clear Claimed Marks
[2.520s][info][gc,marking    ] GC(39) Concurrent Clear Claimed Marks 0.012ms
[2.520s][info][gc,marking    ] GC(39) Concurrent Scan Root Regions
[2.520s][info][gc,marking    ] GC(39) Concurrent Scan Root Regions 0.036ms
[2.520s][info][gc,marking    ] GC(39) Concurrent Mark (2.520s)
[2.520s][info][gc,marking    ] GC(39) Concurrent Mark From Roots
[2.520s][info][gc,task       ] GC(39) Using 3 workers of 3 for marking
[2.522s][info][gc,marking    ] GC(39) Concurrent Mark From Roots 1.706ms
[2.522s][info][gc,marking    ] GC(39) Concurrent Preclean
[2.522s][info][gc,marking    ] GC(39) Concurrent Preclean 0.065ms
[2.522s][info][gc,marking    ] GC(39) Concurrent Mark (2.520s, 2.522s) 1.802ms
[2.522s][info][gc,start      ] GC(39) Pause Remark
[2.522s][info][gc,stringtable] GC(39) Cleaned string and symbol table, strings: 2624 processed, 0 removed, symbols: 25587 processed, 0 removed
[2.522s][info][gc            ] GC(39) Pause Remark 1233M->1233M(2282M) 0.426ms
[2.523s][info][gc,cpu        ] GC(39) User=0.00s Sys=0.00s Real=0.00s
[2.523s][info][gc,marking    ] GC(39) Concurrent Rebuild Remembered Sets
[2.524s][info][gc,marking    ] GC(39) Concurrent Rebuild Remembered Sets 1.112ms
[2.524s][info][gc,start      ] GC(39) Pause Cleanup
[2.524s][info][gc            ] GC(39) Pause Cleanup 1237M->1237M(2282M) 0.197ms
[2.524s][info][gc,cpu        ] GC(39) User=0.00s Sys=0.00s Real=0.00s
[2.524s][info][gc,marking    ] GC(39) Concurrent Cleanup for Next Mark
[2.525s][info][gc,marking    ] GC(39) Concurrent Cleanup for Next Mark 0.784ms
[2.525s][info][gc            ] GC(39) Concurrent Cycle 4.654ms
[2.527s][info][gc,start      ] GC(40) Pause Young (Concurrent Start) (G1 Humongous Allocation)
[2.527s][info][gc,task       ] GC(40) Using 13 workers of 13 for evacuation
[2.529s][info][gc,phases     ] GC(40)   Pre Evacuate Collection Set: 0.0ms
[2.529s][info][gc,phases     ] GC(40)   Evacuate Collection Set: 1.6ms
[2.529s][info][gc,phases     ] GC(40)   Post Evacuate Collection Set: 0.1ms
[2.529s][info][gc,phases     ] GC(40)   Other: 0.1ms
[2.529s][info][gc,heap       ] GC(40) Eden regions: 15->0(375)
[2.529s][info][gc,heap       ] GC(40) Survivor regions: 38->31(57)
[2.529s][info][gc,heap       ] GC(40) Old regions: 1101->1110
[2.529s][info][gc,heap       ] GC(40) Humongous regions: 92->90
[2.529s][info][gc,metaspace  ] GC(40) Metaspace: 6844K(7168K)->6844K(7168K) NonClass: 6256K(6400K)->6256K(6400K) Class: 587K(768K)->587K(768K)
[2.529s][info][gc            ] GC(40) Pause Young (Concurrent Start) (G1 Humongous Allocation) 1245M->1230M(2282M) 1.930ms
[2.529s][info][gc,cpu        ] GC(40) User=0.00s Sys=0.00s Real=0.00s
[2.529s][info][gc            ] GC(41) Concurrent Cycle
[2.529s][info][gc,marking    ] GC(41) Concurrent Clear Claimed Marks
[2.529s][info][gc,marking    ] GC(41) Concurrent Clear Claimed Marks 0.010ms
[2.529s][info][gc,marking    ] GC(41) Concurrent Scan Root Regions
[2.529s][info][gc,marking    ] GC(41) Concurrent Scan Root Regions 0.032ms
[2.529s][info][gc,marking    ] GC(41) Concurrent Mark (2.529s)
[2.529s][info][gc,marking    ] GC(41) Concurrent Mark From Roots
[2.529s][info][gc,task       ] GC(41) Using 3 workers of 3 for marking
[2.531s][info][gc,marking    ] GC(41) Concurrent Mark From Roots 1.624ms
[2.531s][info][gc,marking    ] GC(41) Concurrent Preclean
[2.531s][info][gc,marking    ] GC(41) Concurrent Preclean 0.060ms
[2.531s][info][gc,marking    ] GC(41) Concurrent Mark (2.529s, 2.531s) 1.708ms
[2.531s][info][gc,start      ] GC(41) Pause Remark
[2.531s][info][gc,stringtable] GC(41) Cleaned string and symbol table, strings: 2624 processed, 0 removed, symbols: 25587 processed, 0 removed
[2.531s][info][gc            ] GC(41) Pause Remark 1236M->1236M(2282M) 0.461ms
[2.531s][info][gc,cpu        ] GC(41) User=0.00s Sys=0.00s Real=0.00s
[2.531s][info][gc,marking    ] GC(41) Concurrent Rebuild Remembered Sets
[2.532s][info][gc,marking    ] GC(41) Concurrent Rebuild Remembered Sets 1.111ms
[2.533s][info][gc,start      ] GC(41) Pause Cleanup
[2.533s][info][gc            ] GC(41) Pause Cleanup 1239M->1239M(2282M) 0.194ms
[2.533s][info][gc,cpu        ] GC(41) User=0.00s Sys=0.00s Real=0.00s
[2.533s][info][gc,marking    ] GC(41) Concurrent Cleanup for Next Mark
[2.534s][info][gc,marking    ] GC(41) Concurrent Cleanup for Next Mark 0.744ms
[2.534s][info][gc            ] GC(41) Concurrent Cycle 4.482ms
[2.539s][info][gc,start      ] GC(42) Pause Young (Concurrent Start) (G1 Humongous Allocation)
[2.539s][info][gc,task       ] GC(42) Using 13 workers of 13 for evacuation
[2.541s][info][gc,phases     ] GC(42)   Pre Evacuate Collection Set: 0.0ms
[2.541s][info][gc,phases     ] GC(42)   Evacuate Collection Set: 1.6ms
[2.541s][info][gc,phases     ] GC(42)   Post Evacuate Collection Set: 0.1ms
[2.541s][info][gc,phases     ] GC(42)   Other: 0.1ms
[2.541s][info][gc,heap       ] GC(42) Eden regions: 27->0(333)
[2.541s][info][gc,heap       ] GC(42) Survivor regions: 31->32(51)
[2.541s][info][gc,heap       ] GC(42) Old regions: 1110->1115
[2.541s][info][gc,heap       ] GC(42) Humongous regions: 91->90
[2.541s][info][gc,metaspace  ] GC(42) Metaspace: 6844K(7168K)->6844K(7168K) NonClass: 6256K(6400K)->6256K(6400K) Class: 587K(768K)->587K(768K)
[2.541s][info][gc            ] GC(42) Pause Young (Concurrent Start) (G1 Humongous Allocation) 1257M->1236M(2282M) 2.008ms
[2.541s][info][gc,cpu        ] GC(42) User=0.00s Sys=0.00s Real=0.00s
[2.541s][info][gc            ] GC(43) Concurrent Cycle
[2.541s][info][gc,marking    ] GC(43) Concurrent Clear Claimed Marks
[2.541s][info][gc,marking    ] GC(43) Concurrent Clear Claimed Marks 0.009ms
[2.541s][info][gc,marking    ] GC(43) Concurrent Scan Root Regions
[2.541s][info][gc,marking    ] GC(43) Concurrent Scan Root Regions 0.033ms
[2.541s][info][gc,marking    ] GC(43) Concurrent Mark (2.541s)
[2.541s][info][gc,marking    ] GC(43) Concurrent Mark From Roots
[2.541s][info][gc,task       ] GC(43) Using 3 workers of 3 for marking
[2.543s][info][gc,marking    ] GC(43) Concurrent Mark From Roots 1.671ms
[2.543s][info][gc,marking    ] GC(43) Concurrent Preclean
[2.543s][info][gc,marking    ] GC(43) Concurrent Preclean 0.077ms
[2.543s][info][gc,marking    ] GC(43) Concurrent Mark (2.541s, 2.543s) 1.792ms
[2.543s][info][gc,start      ] GC(43) Pause Remark
[2.543s][info][gc,stringtable] GC(43) Cleaned string and symbol table, strings: 2624 processed, 0 removed, symbols: 25587 processed, 0 removed
[2.543s][info][gc            ] GC(43) Pause Remark 1243M->1243M(2282M) 0.476ms
[2.543s][info][gc,cpu        ] GC(43) User=0.00s Sys=0.00s Real=0.00s
[2.543s][info][gc,marking    ] GC(43) Concurrent Rebuild Remembered Sets
[2.545s][info][gc,marking    ] GC(43) Concurrent Rebuild Remembered Sets 1.167ms
[2.545s][info][gc,start      ] GC(43) Pause Cleanup
[2.545s][info][gc            ] GC(43) Pause Cleanup 1246M->1246M(2282M) 0.195ms
[2.545s][info][gc,cpu        ] GC(43) User=0.00s Sys=0.00s Real=0.00s
[2.545s][info][gc,marking    ] GC(43) Concurrent Cleanup for Next Mark
[2.546s][info][gc,marking    ] GC(43) Concurrent Cleanup for Next Mark 0.816ms
[2.546s][info][gc            ] GC(43) Concurrent Cycle 4.719ms
[2.548s][info][gc,start      ] GC(44) Pause Young (Concurrent Start) (G1 Humongous Allocation)
[2.548s][info][gc,task       ] GC(44) Using 13 workers of 13 for evacuation
[2.552s][info][gc,phases     ] GC(44)   Pre Evacuate Collection Set: 0.0ms
[2.552s][info][gc,phases     ] GC(44)   Evacuate Collection Set: 1.5ms
[2.552s][info][gc,phases     ] GC(44)   Post Evacuate Collection Set: 2.7ms
[2.552s][info][gc,phases     ] GC(44)   Other: 0.1ms
[2.552s][info][gc,heap       ] GC(44) Eden regions: 15->0(521)
[2.552s][info][gc,heap       ] GC(44) Survivor regions: 32->25(46)
[2.552s][info][gc,heap       ] GC(44) Old regions: 1115->1124
[2.552s][info][gc,heap       ] GC(44) Humongous regions: 94->92
[2.552s][info][gc,metaspace  ] GC(44) Metaspace: 6844K(7168K)->6844K(7168K) NonClass: 6256K(6400K)->6256K(6400K) Class: 587K(768K)->587K(768K)
[2.552s][info][gc            ] GC(44) Pause Young (Concurrent Start) (G1 Humongous Allocation) 1254M->1240M(2672M) 4.381ms
[2.552s][info][gc,cpu        ] GC(44) User=0.00s Sys=0.00s Real=0.00s
[2.552s][info][gc            ] GC(45) Concurrent Cycle
[2.552s][info][gc,marking    ] GC(45) Concurrent Clear Claimed Marks
[2.552s][info][gc,marking    ] GC(45) Concurrent Clear Claimed Marks 0.010ms
[2.552s][info][gc,marking    ] GC(45) Concurrent Scan Root Regions
[2.552s][info][gc,marking    ] GC(45) Concurrent Scan Root Regions 0.236ms
[2.552s][info][gc,marking    ] GC(45) Concurrent Mark (2.552s)
[2.552s][info][gc,marking    ] GC(45) Concurrent Mark From Roots
[2.552s][info][gc,task       ] GC(45) Using 3 workers of 3 for marking
[2.555s][info][gc,marking    ] GC(45) Concurrent Mark From Roots 2.143ms
[2.555s][info][gc,marking    ] GC(45) Concurrent Preclean
[2.555s][info][gc,marking    ] GC(45) Concurrent Preclean 0.076ms
[2.555s][info][gc,marking    ] GC(45) Concurrent Mark (2.552s, 2.555s) 2.250ms
[2.555s][info][gc,start      ] GC(45) Pause Remark
[2.555s][info][gc,stringtable] GC(45) Cleaned string and symbol table, strings: 2624 processed, 0 removed, symbols: 25587 processed, 0 removed
[2.555s][info][gc            ] GC(45) Pause Remark 1245M->1245M(2672M) 0.504ms
[2.555s][info][gc,cpu        ] GC(45) User=0.00s Sys=0.00s Real=0.00s
[2.555s][info][gc,marking    ] GC(45) Concurrent Rebuild Remembered Sets
[2.556s][info][gc,marking    ] GC(45) Concurrent Rebuild Remembered Sets 1.084ms
[2.556s][info][gc,start      ] GC(45) Pause Cleanup
[2.557s][info][gc            ] GC(45) Pause Cleanup 1248M->1248M(2672M) 0.223ms
[2.557s][info][gc,cpu        ] GC(45) User=0.00s Sys=0.00s Real=0.00s
[2.557s][info][gc,marking    ] GC(45) Concurrent Cleanup for Next Mark
[2.558s][info][gc,marking    ] GC(45) Concurrent Cleanup for Next Mark 0.957ms
[2.558s][info][gc            ] GC(45) Concurrent Cycle 5.502ms
[2.560s][info][gc,start      ] GC(46) Pause Young (Concurrent Start) (G1 Humongous Allocation)
[2.560s][info][gc,task       ] GC(46) Using 13 workers of 13 for evacuation
[2.563s][info][gc,phases     ] GC(46)   Pre Evacuate Collection Set: 0.0ms
[2.563s][info][gc,phases     ] GC(46)   Evacuate Collection Set: 2.6ms
[2.563s][info][gc,phases     ] GC(46)   Post Evacuate Collection Set: 0.1ms
[2.563s][info][gc,phases     ] GC(46)   Other: 0.1ms
[2.563s][info][gc,heap       ] GC(46) Eden regions: 14->0(499)
[2.563s][info][gc,heap       ] GC(46) Survivor regions: 25->27(69)
[2.563s][info][gc,heap       ] GC(46) Old regions: 1124->1124
[2.563s][info][gc,heap       ] GC(46) Humongous regions: 93->92
[2.563s][info][gc,metaspace  ] GC(46) Metaspace: 6844K(7168K)->6844K(7168K) NonClass: 6256K(6400K)->6256K(6400K) Class: 587K(768K)->587K(768K)
[2.563s][info][gc            ] GC(46) Pause Young (Concurrent Start) (G1 Humongous Allocation) 1254M->1241M(2672M) 2.949ms
[2.563s][info][gc,cpu        ] GC(46) User=0.08s Sys=0.12s Real=0.00s
[2.563s][info][gc            ] GC(47) Concurrent Cycle
[2.563s][info][gc,marking    ] GC(47) Concurrent Clear Claimed Marks
[2.563s][info][gc,marking    ] GC(47) Concurrent Clear Claimed Marks 0.010ms
[2.563s][info][gc,marking    ] GC(47) Concurrent Scan Root Regions
[2.563s][info][gc,marking    ] GC(47) Concurrent Scan Root Regions 0.186ms
[2.563s][info][gc,marking    ] GC(47) Concurrent Mark (2.563s)
[2.563s][info][gc,marking    ] GC(47) Concurrent Mark From Roots
[2.563s][info][gc,task       ] GC(47) Using 3 workers of 3 for marking
[2.565s][info][gc,marking    ] GC(47) Concurrent Mark From Roots 1.747ms
[2.565s][info][gc,marking    ] GC(47) Concurrent Preclean
[2.565s][info][gc,marking    ] GC(47) Concurrent Preclean 0.061ms
[2.565s][info][gc,marking    ] GC(47) Concurrent Mark (2.563s, 2.565s) 1.833ms
[2.565s][info][gc,start      ] GC(47) Pause Remark
[2.566s][info][gc,stringtable] GC(47) Cleaned string and symbol table, strings: 2624 processed, 0 removed, symbols: 25587 processed, 0 removed
[2.566s][info][gc            ] GC(47) Pause Remark 1249M->1249M(2672M) 0.499ms
[2.566s][info][gc,cpu        ] GC(47) User=0.00s Sys=0.00s Real=0.00s
[2.566s][info][gc,marking    ] GC(47) Concurrent Rebuild Remembered Sets
[2.567s][info][gc,marking    ] GC(47) Concurrent Rebuild Remembered Sets 1.085ms
[2.567s][info][gc,start      ] GC(47) Pause Cleanup
[2.567s][info][gc            ] GC(47) Pause Cleanup 1252M->1252M(2672M) 0.182ms
[2.567s][info][gc,cpu        ] GC(47) User=0.00s Sys=0.00s Real=0.00s
[2.567s][info][gc,marking    ] GC(47) Concurrent Cleanup for Next Mark
[2.568s][info][gc,marking    ] GC(47) Concurrent Cleanup for Next Mark 1.082ms
[2.568s][info][gc            ] GC(47) Concurrent Cycle 5.120ms
[2.590s][info][gc,start      ] GC(48) Pause Young (Concurrent Start) (G1 Humongous Allocation)
[2.590s][info][gc,task       ] GC(48) Using 13 workers of 13 for evacuation
[2.594s][info][gc,phases     ] GC(48)   Pre Evacuate Collection Set: 0.0ms
[2.594s][info][gc,phases     ] GC(48)   Evacuate Collection Set: 3.4ms
[2.594s][info][gc,phases     ] GC(48)   Post Evacuate Collection Set: 0.1ms
[2.594s][info][gc,phases     ] GC(48)   Other: 0.1ms
[2.594s][info][gc,heap       ] GC(48) Eden regions: 61->0(518)
[2.594s][info][gc,heap       ] GC(48) Survivor regions: 27->39(66)
[2.594s][info][gc,heap       ] GC(48) Old regions: 1124->1124
[2.594s][info][gc,heap       ] GC(48) Humongous regions: 94->93
[2.594s][info][gc,metaspace  ] GC(48) Metaspace: 6844K(7168K)->6844K(7168K) NonClass: 6256K(6400K)->6256K(6400K) Class: 587K(768K)->587K(768K)
[2.594s][info][gc            ] GC(48) Pause Young (Concurrent Start) (G1 Humongous Allocation) 1304M->1254M(2672M) 3.824ms
[2.594s][info][gc,cpu        ] GC(48) User=0.03s Sys=0.16s Real=0.00s
[2.594s][info][gc            ] GC(49) Concurrent Cycle
[2.594s][info][gc,marking    ] GC(49) Concurrent Clear Claimed Marks
[2.594s][info][gc,marking    ] GC(49) Concurrent Clear Claimed Marks 0.010ms
[2.594s][info][gc,marking    ] GC(49) Concurrent Scan Root Regions
[2.594s][info][gc,marking    ] GC(49) Concurrent Scan Root Regions 0.249ms
[2.594s][info][gc,marking    ] GC(49) Concurrent Mark (2.594s)
[2.595s][info][gc,marking    ] GC(49) Concurrent Mark From Roots
[2.595s][info][gc,task       ] GC(49) Using 3 workers of 3 for marking
[2.596s][info][gc,marking    ] GC(49) Concurrent Mark From Roots 1.858ms
[2.596s][info][gc,marking    ] GC(49) Concurrent Preclean
[2.596s][info][gc,marking    ] GC(49) Concurrent Preclean 0.062ms
[2.596s][info][gc,marking    ] GC(49) Concurrent Mark (2.594s, 2.596s) 1.946ms
[2.597s][info][gc,start      ] GC(49) Pause Remark
[2.597s][info][gc,stringtable] GC(49) Cleaned string and symbol table, strings: 2624 processed, 0 removed, symbols: 25587 processed, 0 removed
[2.597s][info][gc            ] GC(49) Pause Remark 1262M->1262M(2672M) 0.453ms
[2.597s][info][gc,cpu        ] GC(49) User=0.00s Sys=0.00s Real=0.00s
[2.597s][info][gc,marking    ] GC(49) Concurrent Rebuild Remembered Sets
[2.598s][info][gc,marking    ] GC(49) Concurrent Rebuild Remembered Sets 1.022ms
[2.598s][info][gc,start      ] GC(49) Pause Cleanup
[2.598s][info][gc            ] GC(49) Pause Cleanup 1266M->1266M(2672M) 0.198ms
[2.598s][info][gc,cpu        ] GC(49) User=0.00s Sys=0.00s Real=0.00s
[2.598s][info][gc,marking    ] GC(49) Concurrent Cleanup for Next Mark
[2.599s][info][gc,marking    ] GC(49) Concurrent Cleanup for Next Mark 1.087ms
[2.599s][info][gc            ] GC(49) Concurrent Cycle 5.204ms
[2.601s][info][gc,start      ] GC(50) Pause Young (Concurrent Start) (G1 Humongous Allocation)
[2.601s][info][gc,task       ] GC(50) Using 13 workers of 13 for evacuation
[2.603s][info][gc,phases     ] GC(50)   Pre Evacuate Collection Set: 0.0ms
[2.604s][info][gc,phases     ] GC(50)   Evacuate Collection Set: 1.9ms
[2.604s][info][gc,phases     ] GC(50)   Post Evacuate Collection Set: 0.1ms
[2.604s][info][gc,phases     ] GC(50)   Other: 0.1ms
[2.604s][info][gc,heap       ] GC(50) Eden regions: 18->0(537)
[2.604s][info][gc,heap       ] GC(50) Survivor regions: 39->42(70)
[2.604s][info][gc,heap       ] GC(50) Old regions: 1124->1124
[2.604s][info][gc,heap       ] GC(50) Humongous regions: 95->94
[2.604s][info][gc,metaspace  ] GC(50) Metaspace: 6844K(7168K)->6844K(7168K) NonClass: 6256K(6400K)->6256K(6400K) Class: 587K(768K)->587K(768K)
[2.604s][info][gc            ] GC(50) Pause Young (Concurrent Start) (G1 Humongous Allocation) 1274M->1259M(2672M) 2.244ms
[2.604s][info][gc,cpu        ] GC(50) User=0.00s Sys=0.00s Real=0.00s
[2.604s][info][gc            ] GC(51) Concurrent Cycle
[2.604s][info][gc,marking    ] GC(51) Concurrent Clear Claimed Marks
[2.604s][info][gc,marking    ] GC(51) Concurrent Clear Claimed Marks 0.009ms
[2.604s][info][gc,marking    ] GC(51) Concurrent Scan Root Regions
[2.604s][info][gc,marking    ] GC(51) Concurrent Scan Root Regions 0.207ms
[2.604s][info][gc,marking    ] GC(51) Concurrent Mark (2.604s)
[2.604s][info][gc,marking    ] GC(51) Concurrent Mark From Roots
[2.604s][info][gc,task       ] GC(51) Using 3 workers of 3 for marking
[2.606s][info][gc,marking    ] GC(51) Concurrent Mark From Roots 1.835ms
[2.606s][info][gc,marking    ] GC(51) Concurrent Preclean
[2.606s][info][gc,marking    ] GC(51) Concurrent Preclean 0.081ms
[2.606s][info][gc,marking    ] GC(51) Concurrent Mark (2.604s, 2.606s) 1.966ms
[2.606s][info][gc,start      ] GC(51) Pause Remark
[2.606s][info][gc,stringtable] GC(51) Cleaned string and symbol table, strings: 2624 processed, 0 removed, symbols: 25587 processed, 0 removed
[2.606s][info][gc            ] GC(51) Pause Remark 1266M->1266M(2672M) 0.483ms
[2.606s][info][gc,cpu        ] GC(51) User=0.00s Sys=0.00s Real=0.00s
[2.606s][info][gc,marking    ] GC(51) Concurrent Rebuild Remembered Sets
[2.608s][info][gc,marking    ] GC(51) Concurrent Rebuild Remembered Sets 1.064ms
[2.608s][info][gc,start      ] GC(51) Pause Cleanup
[2.608s][info][gc            ] GC(51) Pause Cleanup 1269M->1269M(2672M) 0.186ms
[2.608s][info][gc,cpu        ] GC(51) User=0.00s Sys=0.00s Real=0.00s
[2.608s][info][gc,marking    ] GC(51) Concurrent Cleanup for Next Mark
[2.609s][info][gc,marking    ] GC(51) Concurrent Cleanup for Next Mark 1.113ms
[2.609s][info][gc            ] GC(51) Concurrent Cycle 5.295ms
[2.615s][info][gc,start      ] GC(52) Pause Young (Concurrent Start) (G1 Humongous Allocation)
[2.615s][info][gc,task       ] GC(52) Using 13 workers of 13 for evacuation
[2.620s][info][gc,phases     ] GC(52)   Pre Evacuate Collection Set: 0.0ms
[2.620s][info][gc,phases     ] GC(52)   Evacuate Collection Set: 2.1ms
[2.620s][info][gc,phases     ] GC(52)   Post Evacuate Collection Set: 3.3ms
[2.620s][info][gc,phases     ] GC(52)   Other: 0.1ms
[2.620s][info][gc,heap       ] GC(52) Eden regions: 29->0(630)
[2.620s][info][gc,heap       ] GC(52) Survivor regions: 42->41(73)
[2.620s][info][gc,heap       ] GC(52) Old regions: 1124->1130
[2.620s][info][gc,heap       ] GC(52) Humongous regions: 95->94
[2.620s][info][gc,metaspace  ] GC(52) Metaspace: 6844K(7168K)->6844K(7168K) NonClass: 6256K(6400K)->6256K(6400K) Class: 587K(768K)->587K(768K)
[2.620s][info][gc            ] GC(52) Pause Young (Concurrent Start) (G1 Humongous Allocation) 1288M->1264M(3145M) 5.676ms
[2.620s][info][gc,cpu        ] GC(52) User=0.00s Sys=0.00s Real=0.01s
[2.620s][info][gc            ] GC(53) Concurrent Cycle
[2.620s][info][gc,marking    ] GC(53) Concurrent Clear Claimed Marks
[2.620s][info][gc,marking    ] GC(53) Concurrent Clear Claimed Marks 0.014ms
[2.620s][info][gc,marking    ] GC(53) Concurrent Scan Root Regions
[2.621s][info][gc,marking    ] GC(53) Concurrent Scan Root Regions 0.184ms
[2.621s][info][gc,marking    ] GC(53) Concurrent Mark (2.621s)
[2.621s][info][gc,marking    ] GC(53) Concurrent Mark From Roots
[2.621s][info][gc,task       ] GC(53) Using 3 workers of 3 for marking
[2.623s][info][gc,marking    ] GC(53) Concurrent Mark From Roots 2.010ms
[2.623s][info][gc,marking    ] GC(53) Concurrent Preclean
[2.623s][info][gc,marking    ] GC(53) Concurrent Preclean 0.076ms
[2.623s][info][gc,marking    ] GC(53) Concurrent Mark (2.621s, 2.623s) 2.135ms
[2.623s][info][gc,start      ] GC(53) Pause Remark
[2.623s][info][gc,stringtable] GC(53) Cleaned string and symbol table, strings: 2624 processed, 0 removed, symbols: 25587 processed, 0 removed
[2.623s][info][gc            ] GC(53) Pause Remark 1269M->1269M(3145M) 0.544ms
[2.623s][info][gc,cpu        ] GC(53) User=0.00s Sys=0.00s Real=0.00s
[2.623s][info][gc,marking    ] GC(53) Concurrent Rebuild Remembered Sets
[2.624s][info][gc,marking    ] GC(53) Concurrent Rebuild Remembered Sets 1.087ms
[2.624s][info][gc,start      ] GC(53) Pause Cleanup
[2.625s][info][gc            ] GC(53) Pause Cleanup 1272M->1272M(3145M) 0.214ms
[2.625s][info][gc,cpu        ] GC(53) User=0.00s Sys=0.00s Real=0.00s
[2.625s][info][gc,marking    ] GC(53) Concurrent Cleanup for Next Mark
[2.626s][info][gc,marking    ] GC(53) Concurrent Cleanup for Next Mark 1.208ms
[2.626s][info][gc            ] GC(53) Concurrent Cycle 5.653ms
[2.904s][info][gc,start      ] GC(54) Pause Young (Normal) (G1 Evacuation Pause)
[2.905s][info][gc,task       ] GC(54) Using 13 workers of 13 for evacuation
[2.915s][info][gc,phases     ] GC(54)   Pre Evacuate Collection Set: 0.1ms
[2.915s][info][gc,phases     ] GC(54)   Evacuate Collection Set: 10.0ms
[2.915s][info][gc,phases     ] GC(54)   Post Evacuate Collection Set: 0.4ms
[2.915s][info][gc,phases     ] GC(54)   Other: 0.2ms
[2.915s][info][gc,heap       ] GC(54) Eden regions: 630->0(637)
[2.915s][info][gc,heap       ] GC(54) Survivor regions: 41->84(84)
[2.915s][info][gc,heap       ] GC(54) Old regions: 1130->1206
[2.915s][info][gc,heap       ] GC(54) Humongous regions: 165->107
[2.915s][info][gc,metaspace  ] GC(54) Metaspace: 6844K(7168K)->6844K(7168K) NonClass: 6256K(6400K)->6256K(6400K) Class: 587K(768K)->587K(768K)
[2.915s][info][gc            ] GC(54) Pause Young (Normal) (G1 Evacuation Pause) 1965M->1396M(3145M) 10.727ms
[2.915s][info][gc,cpu        ] GC(54) User=0.08s Sys=0.12s Real=0.01s
[3.125s][info][gc,start      ] GC(55) Pause Young (Normal) (G1 Evacuation Pause)
[3.125s][info][gc,task       ] GC(55) Using 13 workers of 13 for evacuation
[3.138s][info][gc,phases     ] GC(55)   Pre Evacuate Collection Set: 0.1ms
[3.138s][info][gc,phases     ] GC(55)   Evacuate Collection Set: 12.1ms
[3.138s][info][gc,phases     ] GC(55)   Post Evacuate Collection Set: 0.3ms
[3.138s][info][gc,phases     ] GC(55)   Other: 0.2ms
[3.138s][info][gc,heap       ] GC(55) Eden regions: 637->0(631)
[3.138s][info][gc,heap       ] GC(55) Survivor regions: 84->91(91)
[3.138s][info][gc,heap       ] GC(55) Old regions: 1206->1321
[3.138s][info][gc,heap       ] GC(55) Humongous regions: 179->118
[3.138s][info][gc,metaspace  ] GC(55) Metaspace: 6844K(7168K)->6844K(7168K) NonClass: 6256K(6400K)->6256K(6400K) Class: 587K(768K)->587K(768K)
[3.138s][info][gc            ] GC(55) Pause Young (Normal) (G1 Evacuation Pause) 2105M->1529M(3145M) 12.740ms
[3.138s][info][gc,cpu        ] GC(55) User=0.00s Sys=0.00s Real=0.01s
[3.141s][info][gc,start      ] GC(56) Pause Young (Concurrent Start) (G1 Humongous Allocation)
[3.141s][info][gc,task       ] GC(56) Using 13 workers of 13 for evacuation
[3.146s][info][gc,phases     ] GC(56)   Pre Evacuate Collection Set: 0.1ms
[3.146s][info][gc,phases     ] GC(56)   Evacuate Collection Set: 4.3ms
[3.146s][info][gc,phases     ] GC(56)   Post Evacuate Collection Set: 0.1ms
[3.146s][info][gc,phases     ] GC(56)   Other: 0.1ms
[3.146s][info][gc,heap       ] GC(56) Eden regions: 10->0(527)
[3.146s][info][gc,heap       ] GC(56) Survivor regions: 91->43(91)
[3.146s][info][gc,heap       ] GC(56) Old regions: 1321->1370
[3.146s][info][gc,heap       ] GC(56) Humongous regions: 118->118
[3.146s][info][gc,metaspace  ] GC(56) Metaspace: 6844K(7168K)->6844K(7168K) NonClass: 6256K(6400K)->6256K(6400K) Class: 587K(768K)->587K(768K)
[3.146s][info][gc            ] GC(56) Pause Young (Concurrent Start) (G1 Humongous Allocation) 1539M->1530M(3145M) 4.746ms
[3.146s][info][gc,cpu        ] GC(56) User=0.00s Sys=0.00s Real=0.01s
[3.146s][info][gc            ] GC(57) Concurrent Cycle
[3.146s][info][gc,marking    ] GC(57) Concurrent Clear Claimed Marks
[3.146s][info][gc,marking    ] GC(57) Concurrent Clear Claimed Marks 0.013ms
[3.146s][info][gc,marking    ] GC(57) Concurrent Scan Root Regions
[3.146s][info][gc,marking    ] GC(57) Concurrent Scan Root Regions 0.055ms
[3.146s][info][gc,marking    ] GC(57) Concurrent Mark (3.146s)
[3.146s][info][gc,marking    ] GC(57) Concurrent Mark From Roots
[3.146s][info][gc,task       ] GC(57) Using 3 workers of 3 for marking
[3.149s][info][gc,marking    ] GC(57) Concurrent Mark From Roots 2.906ms
[3.149s][info][gc,marking    ] GC(57) Concurrent Preclean
[3.149s][info][gc,marking    ] GC(57) Concurrent Preclean 0.093ms
[3.149s][info][gc,marking    ] GC(57) Concurrent Mark (3.146s, 3.149s) 3.042ms
[3.149s][info][gc,start      ] GC(57) Pause Remark
[3.150s][info][gc,stringtable] GC(57) Cleaned string and symbol table, strings: 2624 processed, 0 removed, symbols: 25587 processed, 0 removed
[3.150s][info][gc            ] GC(57) Pause Remark 1540M->1540M(3145M) 0.535ms
[3.150s][info][gc,cpu        ] GC(57) User=0.00s Sys=0.00s Real=0.00s
[3.150s][info][gc,marking    ] GC(57) Concurrent Rebuild Remembered Sets
[3.152s][info][gc,marking    ] GC(57) Concurrent Rebuild Remembered Sets 1.706ms
[3.152s][info][gc,start      ] GC(57) Pause Cleanup
[3.152s][info][gc            ] GC(57) Pause Cleanup 1546M->1546M(3145M) 0.271ms
[3.152s][info][gc,cpu        ] GC(57) User=0.00s Sys=0.00s Real=0.00s
[3.152s][info][gc,marking    ] GC(57) Concurrent Cleanup for Next Mark
[3.153s][info][gc,marking    ] GC(57) Concurrent Cleanup for Next Mark 1.429ms
[3.153s][info][gc            ] GC(57) Concurrent Cycle 7.366ms
[3.156s][info][gc,start      ] GC(58) Pause Young (Concurrent Start) (G1 Humongous Allocation)
[3.156s][info][gc,task       ] GC(58) Using 13 workers of 13 for evacuation
[3.159s][info][gc,phases     ] GC(58)   Pre Evacuate Collection Set: 0.0ms
[3.159s][info][gc,phases     ] GC(58)   Evacuate Collection Set: 2.3ms
[3.159s][info][gc,phases     ] GC(58)   Post Evacuate Collection Set: 0.1ms
[3.159s][info][gc,phases     ] GC(58)   Other: 0.1ms
[3.159s][info][gc,heap       ] GC(58) Eden regions: 23->0(600)
[3.159s][info][gc,heap       ] GC(58) Survivor regions: 43->8(72)
[3.159s][info][gc,heap       ] GC(58) Old regions: 1370->1410
[3.159s][info][gc,heap       ] GC(58) Humongous regions: 121->118
[3.159s][info][gc,metaspace  ] GC(58) Metaspace: 6844K(7168K)->6844K(7168K) NonClass: 6256K(6400K)->6256K(6400K) Class: 587K(768K)->587K(768K)
[3.159s][info][gc            ] GC(58) Pause Young (Concurrent Start) (G1 Humongous Allocation) 1556M->1534M(3145M) 2.709ms
[3.159s][info][gc,cpu        ] GC(58) User=0.00s Sys=0.00s Real=0.00s
[3.159s][info][gc            ] GC(59) Concurrent Cycle
[3.159s][info][gc,marking    ] GC(59) Concurrent Clear Claimed Marks
[3.159s][info][gc,marking    ] GC(59) Concurrent Clear Claimed Marks 0.011ms
[3.159s][info][gc,marking    ] GC(59) Concurrent Scan Root Regions
[3.159s][info][gc,marking    ] GC(59) Concurrent Scan Root Regions 0.034ms
[3.159s][info][gc,marking    ] GC(59) Concurrent Mark (3.159s)
[3.159s][info][gc,marking    ] GC(59) Concurrent Mark From Roots
[3.159s][info][gc,task       ] GC(59) Using 3 workers of 3 for marking
[3.161s][info][gc,marking    ] GC(59) Concurrent Mark From Roots 2.257ms
[3.161s][info][gc,marking    ] GC(59) Concurrent Preclean
[3.161s][info][gc,marking    ] GC(59) Concurrent Preclean 0.085ms
[3.161s][info][gc,marking    ] GC(59) Concurrent Mark (3.159s, 3.161s) 2.386ms
[3.162s][info][gc,start      ] GC(59) Pause Remark
[3.162s][info][gc,stringtable] GC(59) Cleaned string and symbol table, strings: 2624 processed, 0 removed, symbols: 25587 processed, 0 removed
[3.162s][info][gc            ] GC(59) Pause Remark 1543M->1543M(3145M) 0.483ms
[3.162s][info][gc,cpu        ] GC(59) User=0.00s Sys=0.00s Real=0.00s
[3.162s][info][gc,marking    ] GC(59) Concurrent Rebuild Remembered Sets
[3.163s][info][gc,marking    ] GC(59) Concurrent Rebuild Remembered Sets 1.412ms
[3.163s][info][gc,start      ] GC(59) Pause Cleanup
[3.164s][info][gc            ] GC(59) Pause Cleanup 1546M->1546M(3145M) 0.249ms
[3.164s][info][gc,cpu        ] GC(59) User=0.00s Sys=0.00s Real=0.00s
[3.164s][info][gc,marking    ] GC(59) Concurrent Cleanup for Next Mark
[3.165s][info][gc,marking    ] GC(59) Concurrent Cleanup for Next Mark 1.326ms
[3.165s][info][gc            ] GC(59) Concurrent Cycle 6.141ms
[3.165s][info][gc,start      ] GC(60) Pause Young (Concurrent Start) (G1 Humongous Allocation)
[3.165s][info][gc,task       ] GC(60) Using 13 workers of 13 for evacuation
[3.166s][info][gc,phases     ] GC(60)   Pre Evacuate Collection Set: 0.0ms
[3.166s][info][gc,phases     ] GC(60)   Evacuate Collection Set: 0.5ms
[3.166s][info][gc,phases     ] GC(60)   Post Evacuate Collection Set: 0.1ms
[3.166s][info][gc,phases     ] GC(60)   Other: 0.1ms
[3.166s][info][gc,heap       ] GC(60) Eden regions: 12->0(656)
[3.166s][info][gc,heap       ] GC(60) Survivor regions: 8->9(76)
[3.166s][info][gc,heap       ] GC(60) Old regions: 1410->1410
[3.166s][info][gc,heap       ] GC(60) Humongous regions: 121->119
[3.166s][info][gc,metaspace  ] GC(60) Metaspace: 6844K(7168K)->6844K(7168K) NonClass: 6256K(6400K)->6256K(6400K) Class: 587K(768K)->587K(768K)
[3.166s][info][gc            ] GC(60) Pause Young (Concurrent Start) (G1 Humongous Allocation) 1549M->1537M(3145M) 0.843ms
[3.166s][info][gc,cpu        ] GC(60) User=0.00s Sys=0.00s Real=0.00s
[3.166s][info][gc            ] GC(61) Concurrent Cycle
[3.166s][info][gc,marking    ] GC(61) Concurrent Clear Claimed Marks
[3.166s][info][gc,marking    ] GC(61) Concurrent Clear Claimed Marks 0.010ms
[3.166s][info][gc,marking    ] GC(61) Concurrent Scan Root Regions
[3.166s][info][gc,marking    ] GC(61) Concurrent Scan Root Regions 0.029ms
[3.166s][info][gc,marking    ] GC(61) Concurrent Mark (3.166s)
[3.166s][info][gc,marking    ] GC(61) Concurrent Mark From Roots
[3.166s][info][gc,task       ] GC(61) Using 3 workers of 3 for marking
[3.168s][info][gc,marking    ] GC(61) Concurrent Mark From Roots 1.905ms
[3.168s][info][gc,marking    ] GC(61) Concurrent Preclean
[3.168s][info][gc,marking    ] GC(61) Concurrent Preclean 0.061ms
[3.168s][info][gc,marking    ] GC(61) Concurrent Mark (3.166s, 3.168s) 1.996ms
[3.168s][info][gc,start      ] GC(61) Pause Remark
[3.169s][info][gc,stringtable] GC(61) Cleaned string and symbol table, strings: 2624 processed, 0 removed, symbols: 25587 processed, 0 removed
[3.169s][info][gc            ] GC(61) Pause Remark 1544M->1544M(3145M) 0.465ms
[3.169s][info][gc,cpu        ] GC(61) User=0.00s Sys=0.00s Real=0.00s
[3.169s][info][gc,marking    ] GC(61) Concurrent Rebuild Remembered Sets
[3.170s][info][gc,marking    ] GC(61) Concurrent Rebuild Remembered Sets 1.312ms
[3.170s][info][gc,start      ] GC(61) Pause Cleanup
[3.170s][info][gc            ] GC(61) Pause Cleanup 1548M->1548M(3145M) 0.231ms
[3.170s][info][gc,cpu        ] GC(61) User=0.00s Sys=0.00s Real=0.00s
[3.170s][info][gc,marking    ] GC(61) Concurrent Cleanup for Next Mark
[3.172s][info][gc,marking    ] GC(61) Concurrent Cleanup for Next Mark 1.135ms
[3.172s][info][gc            ] GC(61) Concurrent Cycle 5.436ms
[3.173s][info][gc,start      ] GC(62) Pause Young (Concurrent Start) (G1 Humongous Allocation)
[3.173s][info][gc,task       ] GC(62) Using 13 workers of 13 for evacuation
[3.174s][info][gc,phases     ] GC(62)   Pre Evacuate Collection Set: 0.0ms
[3.174s][info][gc,phases     ] GC(62)   Evacuate Collection Set: 0.7ms
[3.174s][info][gc,phases     ] GC(62)   Post Evacuate Collection Set: 0.1ms
[3.174s][info][gc,phases     ] GC(62)   Other: 0.1ms
[3.174s][info][gc,heap       ] GC(62) Eden regions: 16->0(569)
[3.174s][info][gc,heap       ] GC(62) Survivor regions: 9->12(84)
[3.174s][info][gc,heap       ] GC(62) Old regions: 1410->1410
[3.174s][info][gc,heap       ] GC(62) Humongous regions: 122->120
[3.174s][info][gc,metaspace  ] GC(62) Metaspace: 6844K(7168K)->6844K(7168K) NonClass: 6256K(6400K)->6256K(6400K) Class: 587K(768K)->587K(768K)
[3.174s][info][gc            ] GC(62) Pause Young (Concurrent Start) (G1 Humongous Allocation) 1556M->1541M(3145M) 1.011ms
[3.174s][info][gc,cpu        ] GC(62) User=0.00s Sys=0.00s Real=0.00s
[3.174s][info][gc            ] GC(63) Concurrent Cycle
[3.174s][info][gc,marking    ] GC(63) Concurrent Clear Claimed Marks
[3.174s][info][gc,marking    ] GC(63) Concurrent Clear Claimed Marks 0.010ms
[3.174s][info][gc,marking    ] GC(63) Concurrent Scan Root Regions
[3.174s][info][gc,marking    ] GC(63) Concurrent Scan Root Regions 0.028ms
[3.174s][info][gc,marking    ] GC(63) Concurrent Mark (3.174s)
[3.174s][info][gc,marking    ] GC(63) Concurrent Mark From Roots
[3.174s][info][gc,task       ] GC(63) Using 3 workers of 3 for marking
[3.176s][info][gc,marking    ] GC(63) Concurrent Mark From Roots 1.790ms
[3.176s][info][gc,marking    ] GC(63) Concurrent Preclean
[3.176s][info][gc,marking    ] GC(63) Concurrent Preclean 0.062ms
[3.176s][info][gc,marking    ] GC(63) Concurrent Mark (3.174s, 3.176s) 1.877ms
[3.176s][info][gc,start      ] GC(63) Pause Remark
[3.177s][info][gc,stringtable] GC(63) Cleaned string and symbol table, strings: 2624 processed, 0 removed, symbols: 25587 processed, 0 removed
[3.177s][info][gc            ] GC(63) Pause Remark 1548M->1548M(3145M) 0.508ms
[3.177s][info][gc,cpu        ] GC(63) User=0.00s Sys=0.00s Real=0.00s
[3.177s][info][gc,marking    ] GC(63) Concurrent Rebuild Remembered Sets
[3.178s][info][gc,marking    ] GC(63) Concurrent Rebuild Remembered Sets 1.301ms
[3.178s][info][gc,start      ] GC(63) Pause Cleanup
[3.178s][info][gc            ] GC(63) Pause Cleanup 1553M->1553M(3145M) 0.235ms
[3.178s][info][gc,cpu        ] GC(63) User=0.00s Sys=0.00s Real=0.00s
[3.178s][info][gc,marking    ] GC(63) Concurrent Cleanup for Next Mark
[3.179s][info][gc,marking    ] GC(63) Concurrent Cleanup for Next Mark 1.050ms
[3.179s][info][gc            ] GC(63) Concurrent Cycle 5.245ms
[3.182s][info][gc,start      ] GC(64) Pause Young (Concurrent Start) (G1 Humongous Allocation)
[3.182s][info][gc,task       ] GC(64) Using 13 workers of 13 for evacuation
[3.183s][info][gc,phases     ] GC(64)   Pre Evacuate Collection Set: 0.0ms
[3.183s][info][gc,phases     ] GC(64)   Evacuate Collection Set: 0.7ms
[3.183s][info][gc,phases     ] GC(64)   Post Evacuate Collection Set: 0.1ms
[3.183s][info][gc,phases     ] GC(64)   Other: 0.1ms
[3.183s][info][gc,heap       ] GC(64) Eden regions: 20->0(561)
[3.183s][info][gc,heap       ] GC(64) Survivor regions: 12->16(73)
[3.183s][info][gc,heap       ] GC(64) Old regions: 1410->1410
[3.183s][info][gc,heap       ] GC(64) Humongous regions: 123->121
[3.183s][info][gc,metaspace  ] GC(64) Metaspace: 6844K(7168K)->6844K(7168K) NonClass: 6256K(6400K)->6256K(6400K) Class: 587K(768K)->587K(768K)
[3.183s][info][gc            ] GC(64) Pause Young (Concurrent Start) (G1 Humongous Allocation) 1564M->1546M(3145M) 1.041ms
[3.183s][info][gc,cpu        ] GC(64) User=0.00s Sys=0.00s Real=0.00s
[3.183s][info][gc            ] GC(65) Concurrent Cycle
[3.183s][info][gc,marking    ] GC(65) Concurrent Clear Claimed Marks
[3.183s][info][gc,marking    ] GC(65) Concurrent Clear Claimed Marks 0.010ms
[3.183s][info][gc,marking    ] GC(65) Concurrent Scan Root Regions
[3.183s][info][gc,marking    ] GC(65) Concurrent Scan Root Regions 0.028ms
[3.183s][info][gc,marking    ] GC(65) Concurrent Mark (3.183s)
[3.183s][info][gc,marking    ] GC(65) Concurrent Mark From Roots
[3.183s][info][gc,task       ] GC(65) Using 3 workers of 3 for marking
[3.185s][info][gc,marking    ] GC(65) Concurrent Mark From Roots 1.879ms
[3.185s][info][gc,marking    ] GC(65) Concurrent Preclean
[3.185s][info][gc,marking    ] GC(65) Concurrent Preclean 0.061ms
[3.185s][info][gc,marking    ] GC(65) Concurrent Mark (3.183s, 3.185s) 1.971ms
[3.185s][info][gc,start      ] GC(65) Pause Remark
[3.186s][info][gc,stringtable] GC(65) Cleaned string and symbol table, strings: 2624 processed, 0 removed, symbols: 25587 processed, 0 removed
[3.186s][info][gc            ] GC(65) Pause Remark 1553M->1553M(3145M) 0.473ms
[3.186s][info][gc,cpu        ] GC(65) User=0.00s Sys=0.00s Real=0.00s
[3.186s][info][gc,marking    ] GC(65) Concurrent Rebuild Remembered Sets
[3.187s][info][gc,marking    ] GC(65) Concurrent Rebuild Remembered Sets 1.364ms
[3.187s][info][gc,start      ] GC(65) Pause Cleanup
[3.187s][info][gc            ] GC(65) Pause Cleanup 1557M->1557M(3145M) 0.237ms
[3.187s][info][gc,cpu        ] GC(65) User=0.00s Sys=0.00s Real=0.00s
[3.188s][info][gc,marking    ] GC(65) Concurrent Cleanup for Next Mark
[3.189s][info][gc,marking    ] GC(65) Concurrent Cleanup for Next Mark 1.103ms
[3.189s][info][gc            ] GC(65) Concurrent Cycle 5.418ms
[3.189s][info][gc,start      ] GC(66) Pause Young (Concurrent Start) (G1 Humongous Allocation)
[3.189s][info][gc,task       ] GC(66) Using 13 workers of 13 for evacuation
[3.190s][info][gc,phases     ] GC(66)   Pre Evacuate Collection Set: 0.0ms
[3.190s][info][gc,phases     ] GC(66)   Evacuate Collection Set: 0.7ms
[3.190s][info][gc,phases     ] GC(66)   Post Evacuate Collection Set: 0.1ms
[3.190s][info][gc,phases     ] GC(66)   Other: 0.1ms
[3.190s][info][gc,heap       ] GC(66) Eden regions: 11->0(505)
[3.190s][info][gc,heap       ] GC(66) Survivor regions: 16->18(73)
[3.190s][info][gc,heap       ] GC(66) Old regions: 1410->1410
[3.190s][info][gc,heap       ] GC(66) Humongous regions: 124->122
[3.190s][info][gc,metaspace  ] GC(66) Metaspace: 6844K(7168K)->6844K(7168K) NonClass: 6256K(6400K)->6256K(6400K) Class: 587K(768K)->587K(768K)
[3.190s][info][gc            ] GC(66) Pause Young (Concurrent Start) (G1 Humongous Allocation) 1560M->1549M(3145M) 1.046ms
[3.190s][info][gc,cpu        ] GC(66) User=0.00s Sys=0.00s Real=0.00s
[3.190s][info][gc            ] GC(67) Concurrent Cycle
[3.190s][info][gc,marking    ] GC(67) Concurrent Clear Claimed Marks
[3.190s][info][gc,marking    ] GC(67) Concurrent Clear Claimed Marks 0.010ms
[3.190s][info][gc,marking    ] GC(67) Concurrent Scan Root Regions
[3.190s][info][gc,marking    ] GC(67) Concurrent Scan Root Regions 0.028ms
[3.190s][info][gc,marking    ] GC(67) Concurrent Mark (3.190s)
[3.190s][info][gc,marking    ] GC(67) Concurrent Mark From Roots
[3.190s][info][gc,task       ] GC(67) Using 3 workers of 3 for marking
[3.192s][info][gc,marking    ] GC(67) Concurrent Mark From Roots 1.785ms
[3.192s][info][gc,marking    ] GC(67) Concurrent Preclean
[3.192s][info][gc,marking    ] GC(67) Concurrent Preclean 0.061ms
[3.192s][info][gc,marking    ] GC(67) Concurrent Mark (3.190s, 3.192s) 1.870ms
[3.192s][info][gc,start      ] GC(67) Pause Remark
[3.192s][info][gc,stringtable] GC(67) Cleaned string and symbol table, strings: 2624 processed, 0 removed, symbols: 25587 processed, 0 removed
[3.193s][info][gc            ] GC(67) Pause Remark 1558M->1558M(3145M) 0.453ms
[3.193s][info][gc,cpu        ] GC(67) User=0.00s Sys=0.00s Real=0.00s
[3.193s][info][gc,marking    ] GC(67) Concurrent Rebuild Remembered Sets
[3.194s][info][gc,marking    ] GC(67) Concurrent Rebuild Remembered Sets 1.248ms
[3.194s][info][gc,start      ] GC(67) Pause Cleanup
[3.194s][info][gc            ] GC(67) Pause Cleanup 1562M->1562M(3145M) 0.232ms
[3.194s][info][gc,cpu        ] GC(67) User=0.00s Sys=0.00s Real=0.00s
[3.194s][info][gc,marking    ] GC(67) Concurrent Cleanup for Next Mark
[3.195s][info][gc,marking    ] GC(67) Concurrent Cleanup for Next Mark 1.037ms
[3.195s][info][gc            ] GC(67) Concurrent Cycle 5.109ms
[3.196s][info][gc,start      ] GC(68) Pause Young (Concurrent Start) (G1 Humongous Allocation)
[3.196s][info][gc,task       ] GC(68) Using 13 workers of 13 for evacuation
[3.197s][info][gc,phases     ] GC(68)   Pre Evacuate Collection Set: 0.0ms
[3.197s][info][gc,phases     ] GC(68)   Evacuate Collection Set: 0.8ms
[3.197s][info][gc,phases     ] GC(68)   Post Evacuate Collection Set: 0.2ms
[3.197s][info][gc,phases     ] GC(68)   Other: 0.1ms
[3.197s][info][gc,heap       ] GC(68) Eden regions: 13->0(524)
[3.197s][info][gc,heap       ] GC(68) Survivor regions: 18->20(66)
[3.197s][info][gc,heap       ] GC(68) Old regions: 1410->1410
[3.197s][info][gc,heap       ] GC(68) Humongous regions: 127->123
[3.197s][info][gc,metaspace  ] GC(68) Metaspace: 6844K(7168K)->6844K(7168K) NonClass: 6256K(6400K)->6256K(6400K) Class: 587K(768K)->587K(768K)
[3.197s][info][gc            ] GC(68) Pause Young (Concurrent Start) (G1 Humongous Allocation) 1566M->1552M(3145M) 1.237ms
[3.197s][info][gc,cpu        ] GC(68) User=0.00s Sys=0.00s Real=0.00s
[3.197s][info][gc            ] GC(69) Concurrent Cycle
[3.197s][info][gc,marking    ] GC(69) Concurrent Clear Claimed Marks
[3.197s][info][gc,marking    ] GC(69) Concurrent Clear Claimed Marks 0.010ms
[3.197s][info][gc,marking    ] GC(69) Concurrent Scan Root Regions
[3.197s][info][gc,marking    ] GC(69) Concurrent Scan Root Regions 0.031ms
[3.197s][info][gc,marking    ] GC(69) Concurrent Mark (3.197s)
[3.197s][info][gc,marking    ] GC(69) Concurrent Mark From Roots
[3.197s][info][gc,task       ] GC(69) Using 3 workers of 3 for marking
[3.199s][info][gc,marking    ] GC(69) Concurrent Mark From Roots 1.733ms
[3.199s][info][gc,marking    ] GC(69) Concurrent Preclean
[3.199s][info][gc,marking    ] GC(69) Concurrent Preclean 0.078ms
[3.199s][info][gc,marking    ] GC(69) Concurrent Mark (3.197s, 3.199s) 1.859ms
[3.199s][info][gc,start      ] GC(69) Pause Remark
[3.199s][info][gc,stringtable] GC(69) Cleaned string and symbol table, strings: 2624 processed, 0 removed, symbols: 25587 processed, 0 removed
[3.200s][info][gc            ] GC(69) Pause Remark 1559M->1559M(3145M) 0.491ms
[3.200s][info][gc,cpu        ] GC(69) User=0.00s Sys=0.00s Real=0.00s
[3.200s][info][gc,marking    ] GC(69) Concurrent Rebuild Remembered Sets
[3.201s][info][gc,marking    ] GC(69) Concurrent Rebuild Remembered Sets 1.285ms
[3.201s][info][gc,start      ] GC(69) Pause Cleanup
[3.201s][info][gc            ] GC(69) Pause Cleanup 1562M->1562M(3145M) 0.252ms
[3.201s][info][gc,cpu        ] GC(69) User=0.00s Sys=0.00s Real=0.00s
[3.201s][info][gc,marking    ] GC(69) Concurrent Cleanup for Next Mark
[3.202s][info][gc,marking    ] GC(69) Concurrent Cleanup for Next Mark 1.017ms
[3.202s][info][gc            ] GC(69) Concurrent Cycle 5.192ms
[3.210s][info][gc,start      ] GC(70) Pause Young (Concurrent Start) (G1 Humongous Allocation)
[3.210s][info][gc,task       ] GC(70) Using 13 workers of 13 for evacuation
[3.211s][info][gc,phases     ] GC(70)   Pre Evacuate Collection Set: 0.0ms
[3.211s][info][gc,phases     ] GC(70)   Evacuate Collection Set: 1.2ms
[3.211s][info][gc,phases     ] GC(70)   Post Evacuate Collection Set: 0.1ms
[3.211s][info][gc,phases     ] GC(70)   Other: 0.1ms
[3.211s][info][gc,heap       ] GC(70) Eden regions: 36->0(493)
[3.211s][info][gc,heap       ] GC(70) Survivor regions: 20->27(68)
[3.211s][info][gc,heap       ] GC(70) Old regions: 1410->1410
[3.211s][info][gc,heap       ] GC(70) Humongous regions: 124->123
[3.211s][info][gc,metaspace  ] GC(70) Metaspace: 6844K(7168K)->6844K(7168K) NonClass: 6256K(6400K)->6256K(6400K) Class: 587K(768K)->587K(768K)
[3.212s][info][gc            ] GC(70) Pause Young (Concurrent Start) (G1 Humongous Allocation) 1589M->1559M(3145M) 1.545ms
[3.212s][info][gc,cpu        ] GC(70) User=0.00s Sys=0.00s Real=0.00s
[3.212s][info][gc            ] GC(71) Concurrent Cycle
[3.212s][info][gc,marking    ] GC(71) Concurrent Clear Claimed Marks
[3.212s][info][gc,marking    ] GC(71) Concurrent Clear Claimed Marks 0.012ms
[3.212s][info][gc,marking    ] GC(71) Concurrent Scan Root Regions
[3.212s][info][gc,marking    ] GC(71) Concurrent Scan Root Regions 0.035ms
[3.212s][info][gc,marking    ] GC(71) Concurrent Mark (3.212s)
[3.212s][info][gc,marking    ] GC(71) Concurrent Mark From Roots
[3.212s][info][gc,task       ] GC(71) Using 3 workers of 3 for marking
[3.214s][info][gc,marking    ] GC(71) Concurrent Mark From Roots 2.008ms
[3.214s][info][gc,marking    ] GC(71) Concurrent Preclean
[3.214s][info][gc,marking    ] GC(71) Concurrent Preclean 0.063ms
[3.214s][info][gc,marking    ] GC(71) Concurrent Mark (3.212s, 3.214s) 2.111ms
[3.214s][info][gc,start      ] GC(71) Pause Remark
[3.214s][info][gc,stringtable] GC(71) Cleaned string and symbol table, strings: 2624 processed, 0 removed, symbols: 25587 processed, 0 removed
[3.214s][info][gc            ] GC(71) Pause Remark 1567M->1567M(3145M) 0.445ms
[3.214s][info][gc,cpu        ] GC(71) User=0.00s Sys=0.00s Real=0.00s
[3.214s][info][gc,marking    ] GC(71) Concurrent Rebuild Remembered Sets
[3.216s][info][gc,marking    ] GC(71) Concurrent Rebuild Remembered Sets 1.285ms
[3.216s][info][gc,start      ] GC(71) Pause Cleanup
[3.216s][info][gc            ] GC(71) Pause Cleanup 1571M->1571M(3145M) 0.230ms
[3.216s][info][gc,cpu        ] GC(71) User=0.00s Sys=0.00s Real=0.00s
[3.216s][info][gc,marking    ] GC(71) Concurrent Cleanup for Next Mark
[3.217s][info][gc,marking    ] GC(71) Concurrent Cleanup for Next Mark 1.053ms
[3.217s][info][gc            ] GC(71) Concurrent Cycle 5.415ms
[3.227s][info][gc,start      ] GC(72) Pause Young (Concurrent Start) (G1 Humongous Allocation)
[3.227s][info][gc,task       ] GC(72) Using 13 workers of 13 for evacuation
[3.228s][info][gc,phases     ] GC(72)   Pre Evacuate Collection Set: 0.0ms
[3.228s][info][gc,phases     ] GC(72)   Evacuate Collection Set: 1.5ms
[3.228s][info][gc,phases     ] GC(72)   Post Evacuate Collection Set: 0.1ms
[3.229s][info][gc,phases     ] GC(72)   Other: 0.1ms
[3.229s][info][gc,heap       ] GC(72) Eden regions: 43->0(541)
[3.229s][info][gc,heap       ] GC(72) Survivor regions: 27->34(65)
[3.229s][info][gc,heap       ] GC(72) Old regions: 1410->1410
[3.229s][info][gc,heap       ] GC(72) Humongous regions: 125->123
[3.229s][info][gc,metaspace  ] GC(72) Metaspace: 6844K(7168K)->6844K(7168K) NonClass: 6256K(6400K)->6256K(6400K) Class: 587K(768K)->587K(768K)
[3.229s][info][gc            ] GC(72) Pause Young (Concurrent Start) (G1 Humongous Allocation) 1604M->1566M(3145M) 1.875ms
[3.229s][info][gc,cpu        ] GC(72) User=0.00s Sys=0.00s Real=0.00s
[3.229s][info][gc            ] GC(73) Concurrent Cycle
[3.229s][info][gc,marking    ] GC(73) Concurrent Clear Claimed Marks
[3.229s][info][gc,marking    ] GC(73) Concurrent Clear Claimed Marks 0.009ms
[3.229s][info][gc,marking    ] GC(73) Concurrent Scan Root Regions
[3.229s][info][gc,marking    ] GC(73) Concurrent Scan Root Regions 0.036ms
[3.229s][info][gc,marking    ] GC(73) Concurrent Mark (3.229s)
[3.229s][info][gc,marking    ] GC(73) Concurrent Mark From Roots
[3.229s][info][gc,task       ] GC(73) Using 3 workers of 3 for marking
[3.231s][info][gc,marking    ] GC(73) Concurrent Mark From Roots 2.024ms
[3.231s][info][gc,marking    ] GC(73) Concurrent Preclean
[3.231s][info][gc,marking    ] GC(73) Concurrent Preclean 0.062ms
[3.231s][info][gc,marking    ] GC(73) Concurrent Mark (3.229s, 3.231s) 2.132ms
[3.231s][info][gc,start      ] GC(73) Pause Remark
[3.231s][info][gc,stringtable] GC(73) Cleaned string and symbol table, strings: 2624 processed, 0 removed, symbols: 25587 processed, 0 removed
[3.231s][info][gc            ] GC(73) Pause Remark 1573M->1573M(3145M) 0.500ms
[3.231s][info][gc,cpu        ] GC(73) User=0.00s Sys=0.00s Real=0.00s
[3.231s][info][gc,marking    ] GC(73) Concurrent Rebuild Remembered Sets
[3.233s][info][gc,marking    ] GC(73) Concurrent Rebuild Remembered Sets 1.312ms
[3.233s][info][gc,start      ] GC(73) Pause Cleanup
[3.233s][info][gc            ] GC(73) Pause Cleanup 1577M->1577M(3145M) 0.246ms
[3.233s][info][gc,cpu        ] GC(73) User=0.00s Sys=0.00s Real=0.00s
[3.233s][info][gc,marking    ] GC(73) Concurrent Cleanup for Next Mark
[3.234s][info][gc,marking    ] GC(73) Concurrent Cleanup for Next Mark 1.034ms
[3.234s][info][gc            ] GC(73) Concurrent Cycle 5.518ms
[3.236s][info][gc,start      ] GC(74) Pause Young (Concurrent Start) (G1 Humongous Allocation)
[3.236s][info][gc,task       ] GC(74) Using 13 workers of 13 for evacuation
[3.238s][info][gc,phases     ] GC(74)   Pre Evacuate Collection Set: 0.0ms
[3.238s][info][gc,phases     ] GC(74)   Evacuate Collection Set: 1.6ms
[3.238s][info][gc,phases     ] GC(74)   Post Evacuate Collection Set: 0.1ms
[3.238s][info][gc,phases     ] GC(74)   Other: 0.1ms
[3.238s][info][gc,heap       ] GC(74) Eden regions: 16->0(606)
[3.238s][info][gc,heap       ] GC(74) Survivor regions: 34->38(72)
[3.238s][info][gc,heap       ] GC(74) Old regions: 1410->1410
[3.238s][info][gc,heap       ] GC(74) Humongous regions: 126->124
[3.238s][info][gc,metaspace  ] GC(74) Metaspace: 6844K(7168K)->6844K(7168K) NonClass: 6256K(6400K)->6256K(6400K) Class: 587K(768K)->587K(768K)
[3.238s][info][gc            ] GC(74) Pause Young (Concurrent Start) (G1 Humongous Allocation) 1585M->1570M(3145M) 1.952ms
[3.238s][info][gc,cpu        ] GC(74) User=0.00s Sys=0.00s Real=0.00s
[3.238s][info][gc            ] GC(75) Concurrent Cycle
[3.238s][info][gc,marking    ] GC(75) Concurrent Clear Claimed Marks
[3.238s][info][gc,marking    ] GC(75) Concurrent Clear Claimed Marks 0.010ms
[3.238s][info][gc,marking    ] GC(75) Concurrent Scan Root Regions
[3.238s][info][gc,marking    ] GC(75) Concurrent Scan Root Regions 0.032ms
[3.238s][info][gc,marking    ] GC(75) Concurrent Mark (3.238s)
[3.238s][info][gc,marking    ] GC(75) Concurrent Mark From Roots
[3.238s][info][gc,task       ] GC(75) Using 3 workers of 3 for marking
[3.240s][info][gc,marking    ] GC(75) Concurrent Mark From Roots 1.849ms
[3.240s][info][gc,marking    ] GC(75) Concurrent Preclean
[3.240s][info][gc,marking    ] GC(75) Concurrent Preclean 0.062ms
[3.240s][info][gc,marking    ] GC(75) Concurrent Mark (3.238s, 3.240s) 1.939ms
[3.240s][info][gc,start      ] GC(75) Pause Remark
[3.241s][info][gc,stringtable] GC(75) Cleaned string and symbol table, strings: 2624 processed, 0 removed, symbols: 25587 processed, 0 removed
[3.241s][info][gc            ] GC(75) Pause Remark 1576M->1576M(3145M) 0.484ms
[3.241s][info][gc,cpu        ] GC(75) User=0.00s Sys=0.00s Real=0.00s
[3.241s][info][gc,marking    ] GC(75) Concurrent Rebuild Remembered Sets
[3.242s][info][gc,marking    ] GC(75) Concurrent Rebuild Remembered Sets 1.301ms
[3.242s][info][gc,start      ] GC(75) Pause Cleanup
[3.242s][info][gc            ] GC(75) Pause Cleanup 1581M->1581M(3145M) 0.261ms
[3.242s][info][gc,cpu        ] GC(75) User=0.00s Sys=0.00s Real=0.00s
[3.242s][info][gc,marking    ] GC(75) Concurrent Cleanup for Next Mark
[3.243s][info][gc,marking    ] GC(75) Concurrent Cleanup for Next Mark 0.980ms
[3.243s][info][gc            ] GC(75) Concurrent Cycle 5.245ms
[3.248s][info][gc,start      ] GC(76) Pause Young (Concurrent Start) (G1 Humongous Allocation)
[3.248s][info][gc,task       ] GC(76) Using 13 workers of 13 for evacuation
[3.250s][info][gc,phases     ] GC(76)   Pre Evacuate Collection Set: 0.0ms
[3.250s][info][gc,phases     ] GC(76)   Evacuate Collection Set: 1.8ms
[3.250s][info][gc,phases     ] GC(76)   Post Evacuate Collection Set: 0.1ms
[3.250s][info][gc,phases     ] GC(76)   Other: 0.1ms
[3.250s][info][gc,heap       ] GC(76) Eden regions: 25->0(671)
[3.250s][info][gc,heap       ] GC(76) Survivor regions: 38->43(81)
[3.250s][info][gc,heap       ] GC(76) Old regions: 1410->1410
[3.250s][info][gc,heap       ] GC(76) Humongous regions: 126->124
[3.250s][info][gc,metaspace  ] GC(76) Metaspace: 6844K(7168K)->6844K(7168K) NonClass: 6256K(6400K)->6256K(6400K) Class: 587K(768K)->587K(768K)
[3.250s][info][gc            ] GC(76) Pause Young (Concurrent Start) (G1 Humongous Allocation) 1597M->1576M(3145M) 2.232ms
[3.250s][info][gc,cpu        ] GC(76) User=0.08s Sys=0.09s Real=0.00s
[3.250s][info][gc            ] GC(77) Concurrent Cycle
[3.250s][info][gc,marking    ] GC(77) Concurrent Clear Claimed Marks
[3.250s][info][gc,marking    ] GC(77) Concurrent Clear Claimed Marks 0.010ms
[3.250s][info][gc,marking    ] GC(77) Concurrent Scan Root Regions
[3.250s][info][gc,marking    ] GC(77) Concurrent Scan Root Regions 0.040ms
[3.250s][info][gc,marking    ] GC(77) Concurrent Mark (3.250s)
[3.250s][info][gc,marking    ] GC(77) Concurrent Mark From Roots
[3.250s][info][gc,task       ] GC(77) Using 3 workers of 3 for marking
[3.252s][info][gc,marking    ] GC(77) Concurrent Mark From Roots 1.811ms
[3.252s][info][gc,marking    ] GC(77) Concurrent Preclean
[3.252s][info][gc,marking    ] GC(77) Concurrent Preclean 0.076ms
[3.252s][info][gc,marking    ] GC(77) Concurrent Mark (3.250s, 3.252s) 1.930ms
[3.252s][info][gc,start      ] GC(77) Pause Remark
[3.253s][info][gc,stringtable] GC(77) Cleaned string and symbol table, strings: 2624 processed, 0 removed, symbols: 25587 processed, 0 removed
[3.253s][info][gc            ] GC(77) Pause Remark 1582M->1582M(3145M) 0.446ms
[3.253s][info][gc,cpu        ] GC(77) User=0.00s Sys=0.00s Real=0.00s
[3.253s][info][gc,marking    ] GC(77) Concurrent Rebuild Remembered Sets
[3.254s][info][gc,marking    ] GC(77) Concurrent Rebuild Remembered Sets 1.250ms
[3.254s][info][gc,start      ] GC(77) Pause Cleanup
[3.254s][info][gc            ] GC(77) Pause Cleanup 1586M->1586M(3145M) 0.236ms
[3.254s][info][gc,cpu        ] GC(77) User=0.00s Sys=0.00s Real=0.00s
[3.254s][info][gc,marking    ] GC(77) Concurrent Cleanup for Next Mark
[3.255s][info][gc,marking    ] GC(77) Concurrent Cleanup for Next Mark 0.989ms
[3.255s][info][gc            ] GC(77) Concurrent Cycle 5.115ms
[3.262s][info][gc,start      ] GC(78) Pause Young (Concurrent Start) (G1 Humongous Allocation)
[3.262s][info][gc,task       ] GC(78) Using 13 workers of 13 for evacuation
[3.264s][info][gc,phases     ] GC(78)   Pre Evacuate Collection Set: 0.0ms
[3.264s][info][gc,phases     ] GC(78)   Evacuate Collection Set: 2.1ms
[3.264s][info][gc,phases     ] GC(78)   Post Evacuate Collection Set: 0.1ms
[3.264s][info][gc,phases     ] GC(78)   Other: 0.1ms
[3.264s][info][gc,heap       ] GC(78) Eden regions: 31->0(699)
[3.264s][info][gc,heap       ] GC(78) Survivor regions: 43->48(90)
[3.265s][info][gc,heap       ] GC(78) Old regions: 1410->1410
[3.265s][info][gc,heap       ] GC(78) Humongous regions: 125->124
[3.265s][info][gc,metaspace  ] GC(78) Metaspace: 6844K(7168K)->6844K(7168K) NonClass: 6256K(6400K)->6256K(6400K) Class: 587K(768K)->587K(768K)
[3.265s][info][gc            ] GC(78) Pause Young (Concurrent Start) (G1 Humongous Allocation) 1607M->1581M(3145M) 2.534ms
[3.265s][info][gc,cpu        ] GC(78) User=0.00s Sys=0.00s Real=0.00s
[3.265s][info][gc            ] GC(79) Concurrent Cycle
[3.265s][info][gc,marking    ] GC(79) Concurrent Clear Claimed Marks
[3.265s][info][gc,marking    ] GC(79) Concurrent Clear Claimed Marks 0.010ms
[3.265s][info][gc,marking    ] GC(79) Concurrent Scan Root Regions
[3.265s][info][gc,marking    ] GC(79) Concurrent Scan Root Regions 0.040ms
[3.265s][info][gc,marking    ] GC(79) Concurrent Mark (3.265s)
[3.265s][info][gc,marking    ] GC(79) Concurrent Mark From Roots
[3.265s][info][gc,task       ] GC(79) Using 3 workers of 3 for marking
[3.266s][info][gc,marking    ] GC(79) Concurrent Mark From Roots 1.797ms
[3.266s][info][gc,marking    ] GC(79) Concurrent Preclean
[3.267s][info][gc,marking    ] GC(79) Concurrent Preclean 0.074ms
[3.267s][info][gc,marking    ] GC(79) Concurrent Mark (3.265s, 3.267s) 1.904ms
[3.267s][info][gc,start      ] GC(79) Pause Remark
[3.267s][info][gc,stringtable] GC(79) Cleaned string and symbol table, strings: 2624 processed, 0 removed, symbols: 25587 processed, 0 removed
[3.267s][info][gc            ] GC(79) Pause Remark 1587M->1587M(3145M) 0.453ms
[3.267s][info][gc,cpu        ] GC(79) User=0.00s Sys=0.00s Real=0.00s
[3.267s][info][gc,marking    ] GC(79) Concurrent Rebuild Remembered Sets
[3.268s][info][gc,marking    ] GC(79) Concurrent Rebuild Remembered Sets 1.327ms
[3.269s][info][gc,start      ] GC(79) Pause Cleanup
[3.269s][info][gc            ] GC(79) Pause Cleanup 1591M->1591M(3145M) 0.295ms
[3.269s][info][gc,cpu        ] GC(79) User=0.00s Sys=0.00s Real=0.00s
[3.269s][info][gc,marking    ] GC(79) Concurrent Cleanup for Next Mark
[3.270s][info][gc,marking    ] GC(79) Concurrent Cleanup for Next Mark 0.996ms
[3.270s][info][gc            ] GC(79) Concurrent Cycle 5.277ms
[3.275s][info][gc,start      ] GC(80) Pause Young (Concurrent Start) (G1 Humongous Allocation)
[3.275s][info][gc,task       ] GC(80) Using 13 workers of 13 for evacuation
[3.278s][info][gc,phases     ] GC(80)   Pre Evacuate Collection Set: 0.0ms
[3.278s][info][gc,phases     ] GC(80)   Evacuate Collection Set: 2.4ms
[3.278s][info][gc,phases     ] GC(80)   Post Evacuate Collection Set: 0.2ms
[3.278s][info][gc,phases     ] GC(80)   Other: 0.1ms
[3.278s][info][gc,heap       ] GC(80) Eden regions: 26->0(565)
[3.278s][info][gc,heap       ] GC(80) Survivor regions: 48->53(94)
[3.278s][info][gc,heap       ] GC(80) Old regions: 1410->1410
[3.278s][info][gc,heap       ] GC(80) Humongous regions: 125->124
[3.278s][info][gc,metaspace  ] GC(80) Metaspace: 6844K(7168K)->6844K(7168K) NonClass: 6256K(6400K)->6256K(6400K) Class: 587K(768K)->587K(768K)
[3.278s][info][gc            ] GC(80) Pause Young (Concurrent Start) (G1 Humongous Allocation) 1608M->1586M(3145M) 2.878ms
[3.278s][info][gc,cpu        ] GC(80) User=0.00s Sys=0.00s Real=0.00s
[3.278s][info][gc            ] GC(81) Concurrent Cycle
[3.278s][info][gc,marking    ] GC(81) Concurrent Clear Claimed Marks
[3.278s][info][gc,marking    ] GC(81) Concurrent Clear Claimed Marks 0.010ms
[3.278s][info][gc,marking    ] GC(81) Concurrent Scan Root Regions
[3.278s][info][gc,marking    ] GC(81) Concurrent Scan Root Regions 0.043ms
[3.278s][info][gc,marking    ] GC(81) Concurrent Mark (3.278s)
[3.278s][info][gc,marking    ] GC(81) Concurrent Mark From Roots
[3.278s][info][gc,task       ] GC(81) Using 3 workers of 3 for marking
[3.280s][info][gc,marking    ] GC(81) Concurrent Mark From Roots 1.894ms
[3.280s][info][gc,marking    ] GC(81) Concurrent Preclean
[3.280s][info][gc,marking    ] GC(81) Concurrent Preclean 0.075ms
[3.280s][info][gc,marking    ] GC(81) Concurrent Mark (3.278s, 3.280s) 1.999ms
[3.280s][info][gc,start      ] GC(81) Pause Remark
[3.280s][info][gc,stringtable] GC(81) Cleaned string and symbol table, strings: 2624 processed, 0 removed, symbols: 25587 processed, 0 removed
[3.280s][info][gc            ] GC(81) Pause Remark 1593M->1593M(3145M) 0.506ms
[3.280s][info][gc,cpu        ] GC(81) User=0.00s Sys=0.00s Real=0.00s
[3.280s][info][gc,marking    ] GC(81) Concurrent Rebuild Remembered Sets
[3.282s][info][gc,marking    ] GC(81) Concurrent Rebuild Remembered Sets 1.327ms
[3.282s][info][gc,start      ] GC(81) Pause Cleanup
[3.282s][info][gc            ] GC(81) Pause Cleanup 1598M->1598M(3145M) 0.246ms
[3.282s][info][gc,cpu        ] GC(81) User=0.00s Sys=0.00s Real=0.00s
[3.282s][info][gc,marking    ] GC(81) Concurrent Cleanup for Next Mark
[3.283s][info][gc,marking    ] GC(81) Concurrent Cleanup for Next Mark 1.004ms
[3.283s][info][gc            ] GC(81) Concurrent Cycle 5.368ms
[3.288s][info][gc,start      ] GC(82) Pause Young (Concurrent Start) (G1 Humongous Allocation)
[3.288s][info][gc,task       ] GC(82) Using 13 workers of 13 for evacuation
[3.293s][info][gc,phases     ] GC(82)   Pre Evacuate Collection Set: 0.0ms
[3.293s][info][gc,phases     ] GC(82)   Evacuate Collection Set: 2.7ms
[3.293s][info][gc,phases     ] GC(82)   Post Evacuate Collection Set: 1.6ms
[3.293s][info][gc,phases     ] GC(82)   Other: 0.1ms
[3.293s][info][gc,heap       ] GC(82) Eden regions: 28->0(586)
[3.293s][info][gc,heap       ] GC(82) Survivor regions: 53->46(78)
[3.293s][info][gc,heap       ] GC(82) Old regions: 1410->1422
[3.293s][info][gc,heap       ] GC(82) Humongous regions: 127->125
[3.293s][info][gc,metaspace  ] GC(82) Metaspace: 6844K(7168K)->6844K(7168K) NonClass: 6256K(6400K)->6256K(6400K) Class: 587K(768K)->587K(768K)
[3.293s][info][gc            ] GC(82) Pause Young (Concurrent Start) (G1 Humongous Allocation) 1617M->1592M(3360M) 4.521ms
[3.293s][info][gc,cpu        ] GC(82) User=0.00s Sys=0.00s Real=0.00s
[3.293s][info][gc            ] GC(83) Concurrent Cycle
[3.293s][info][gc,marking    ] GC(83) Concurrent Clear Claimed Marks
[3.293s][info][gc,marking    ] GC(83) Concurrent Clear Claimed Marks 0.012ms
[3.293s][info][gc,marking    ] GC(83) Concurrent Scan Root Regions
[3.293s][info][gc,marking    ] GC(83) Concurrent Scan Root Regions 0.045ms
[3.293s][info][gc,marking    ] GC(83) Concurrent Mark (3.293s)
[3.293s][info][gc,marking    ] GC(83) Concurrent Mark From Roots
[3.293s][info][gc,task       ] GC(83) Using 3 workers of 3 for marking
[3.295s][info][gc,marking    ] GC(83) Concurrent Mark From Roots 1.949ms
[3.295s][info][gc,marking    ] GC(83) Concurrent Preclean
[3.295s][info][gc,marking    ] GC(83) Concurrent Preclean 0.061ms
[3.295s][info][gc,marking    ] GC(83) Concurrent Mark (3.293s, 3.295s) 2.035ms
[3.295s][info][gc,start      ] GC(83) Pause Remark
[3.295s][info][gc,stringtable] GC(83) Cleaned string and symbol table, strings: 2624 processed, 0 removed, symbols: 25587 processed, 0 removed
[3.295s][info][gc            ] GC(83) Pause Remark 1597M->1597M(3360M) 0.449ms
[3.295s][info][gc,cpu        ] GC(83) User=0.00s Sys=0.00s Real=0.00s
[3.295s][info][gc,marking    ] GC(83) Concurrent Rebuild Remembered Sets
[3.297s][info][gc,marking    ] GC(83) Concurrent Rebuild Remembered Sets 1.373ms
[3.297s][info][gc,start      ] GC(83) Pause Cleanup
[3.297s][info][gc            ] GC(83) Pause Cleanup 1601M->1601M(3360M) 0.251ms
[3.297s][info][gc,cpu        ] GC(83) User=0.00s Sys=0.00s Real=0.00s
[3.297s][info][gc,marking    ] GC(83) Concurrent Cleanup for Next Mark
[3.298s][info][gc,marking    ] GC(83) Concurrent Cleanup for Next Mark 1.162ms
[3.298s][info][gc            ] GC(83) Concurrent Cycle 5.570ms
[3.306s][info][gc,start      ] GC(84) Pause Young (Concurrent Start) (G1 Humongous Allocation)
[3.306s][info][gc,task       ] GC(84) Using 13 workers of 13 for evacuation
[3.310s][info][gc,phases     ] GC(84)   Pre Evacuate Collection Set: 0.0ms
[3.310s][info][gc,phases     ] GC(84)   Evacuate Collection Set: 3.9ms
[3.310s][info][gc,phases     ] GC(84)   Post Evacuate Collection Set: 0.1ms
[3.310s][info][gc,phases     ] GC(84)   Other: 0.1ms
[3.310s][info][gc,heap       ] GC(84) Eden regions: 24->0(545)
[3.310s][info][gc,heap       ] GC(84) Survivor regions: 46->47(79)
[3.310s][info][gc,heap       ] GC(84) Old regions: 1422->1425
[3.310s][info][gc,heap       ] GC(84) Humongous regions: 127->126
[3.310s][info][gc,metaspace  ] GC(84) Metaspace: 6844K(7168K)->6844K(7168K) NonClass: 6256K(6400K)->6256K(6400K) Class: 587K(768K)->587K(768K)
[3.310s][info][gc            ] GC(84) Pause Young (Concurrent Start) (G1 Humongous Allocation) 1618M->1597M(3360M) 4.290ms
[3.310s][info][gc,cpu        ] GC(84) User=0.00s Sys=0.00s Real=0.00s
[3.310s][info][gc            ] GC(85) Concurrent Cycle
[3.310s][info][gc,marking    ] GC(85) Concurrent Clear Claimed Marks
[3.310s][info][gc,marking    ] GC(85) Concurrent Clear Claimed Marks 0.010ms
[3.310s][info][gc,marking    ] GC(85) Concurrent Scan Root Regions
[3.310s][info][gc,marking    ] GC(85) Concurrent Scan Root Regions 0.036ms
[3.310s][info][gc,marking    ] GC(85) Concurrent Mark (3.310s)
[3.310s][info][gc,marking    ] GC(85) Concurrent Mark From Roots
[3.310s][info][gc,task       ] GC(85) Using 3 workers of 3 for marking
[3.312s][info][gc,marking    ] GC(85) Concurrent Mark From Roots 1.864ms
[3.312s][info][gc,marking    ] GC(85) Concurrent Preclean
[3.312s][info][gc,marking    ] GC(85) Concurrent Preclean 0.090ms
[3.312s][info][gc,marking    ] GC(85) Concurrent Mark (3.310s, 3.312s) 1.987ms
[3.312s][info][gc,start      ] GC(85) Pause Remark
[3.312s][info][gc,stringtable] GC(85) Cleaned string and symbol table, strings: 2624 processed, 0 removed, symbols: 25587 processed, 0 removed
[3.313s][info][gc            ] GC(85) Pause Remark 1604M->1604M(3360M) 0.467ms
[3.313s][info][gc,cpu        ] GC(85) User=0.00s Sys=0.00s Real=0.00s
[3.313s][info][gc,marking    ] GC(85) Concurrent Rebuild Remembered Sets
[3.314s][info][gc,marking    ] GC(85) Concurrent Rebuild Remembered Sets 1.370ms
[3.314s][info][gc,start      ] GC(85) Pause Cleanup
[3.314s][info][gc            ] GC(85) Pause Cleanup 1608M->1608M(3360M) 0.249ms
[3.314s][info][gc,cpu        ] GC(85) User=0.00s Sys=0.00s Real=0.00s
[3.314s][info][gc,marking    ] GC(85) Concurrent Cleanup for Next Mark
[3.316s][info][gc,marking    ] GC(85) Concurrent Cleanup for Next Mark 1.215ms
[3.316s][info][gc            ] GC(85) Concurrent Cycle 5.574ms
[3.316s][info][gc,start      ] GC(86) Pause Young (Concurrent Start) (G1 Humongous Allocation)
[3.316s][info][gc,task       ] GC(86) Using 13 workers of 13 for evacuation
[3.319s][info][gc,phases     ] GC(86)   Pre Evacuate Collection Set: 0.0ms
[3.319s][info][gc,phases     ] GC(86)   Evacuate Collection Set: 3.0ms
[3.319s][info][gc,phases     ] GC(86)   Post Evacuate Collection Set: 0.1ms
[3.319s][info][gc,phases     ] GC(86)   Other: 0.1ms
[3.319s][info][gc,heap       ] GC(86) Eden regions: 14->0(540)
[3.319s][info][gc,heap       ] GC(86) Survivor regions: 47->40(74)
[3.319s][info][gc,heap       ] GC(86) Old regions: 1425->1436
[3.319s][info][gc,heap       ] GC(86) Humongous regions: 127->126
[3.319s][info][gc,metaspace  ] GC(86) Metaspace: 6844K(7168K)->6844K(7168K) NonClass: 6256K(6400K)->6256K(6400K) Class: 587K(768K)->587K(768K)
[3.319s][info][gc            ] GC(86) Pause Young (Concurrent Start) (G1 Humongous Allocation) 1612M->1600M(3360M) 3.304ms
[3.319s][info][gc,cpu        ] GC(86) User=0.00s Sys=0.00s Real=0.00s
[3.319s][info][gc            ] GC(87) Concurrent Cycle
[3.319s][info][gc,marking    ] GC(87) Concurrent Clear Claimed Marks
[3.319s][info][gc,marking    ] GC(87) Concurrent Clear Claimed Marks 0.011ms
[3.319s][info][gc,marking    ] GC(87) Concurrent Scan Root Regions
[3.319s][info][gc,marking    ] GC(87) Concurrent Scan Root Regions 0.036ms
[3.319s][info][gc,marking    ] GC(87) Concurrent Mark (3.319s)
[3.319s][info][gc,marking    ] GC(87) Concurrent Mark From Roots
[3.319s][info][gc,task       ] GC(87) Using 3 workers of 3 for marking
[3.321s][info][gc,marking    ] GC(87) Concurrent Mark From Roots 1.836ms
[3.321s][info][gc,marking    ] GC(87) Concurrent Preclean
[3.321s][info][gc,marking    ] GC(87) Concurrent Preclean 0.060ms
[3.321s][info][gc,marking    ] GC(87) Concurrent Mark (3.319s, 3.321s) 1.930ms
[3.321s][info][gc,start      ] GC(87) Pause Remark
[3.322s][info][gc,stringtable] GC(87) Cleaned string and symbol table, strings: 2624 processed, 0 removed, symbols: 25587 processed, 0 removed
[3.322s][info][gc            ] GC(87) Pause Remark 1608M->1608M(3360M) 0.487ms
[3.322s][info][gc,cpu        ] GC(87) User=0.00s Sys=0.00s Real=0.00s
[3.322s][info][gc,marking    ] GC(87) Concurrent Rebuild Remembered Sets
[3.323s][info][gc,marking    ] GC(87) Concurrent Rebuild Remembered Sets 1.341ms
[3.323s][info][gc,start      ] GC(87) Pause Cleanup
[3.324s][info][gc            ] GC(87) Pause Cleanup 1611M->1611M(3360M) 0.282ms
[3.324s][info][gc,cpu        ] GC(87) User=0.00s Sys=0.00s Real=0.00s
[3.324s][info][gc,marking    ] GC(87) Concurrent Cleanup for Next Mark
[3.325s][info][gc,marking    ] GC(87) Concurrent Cleanup for Next Mark 1.305ms
[3.325s][info][gc            ] GC(87) Concurrent Cycle 5.673ms
[3.330s][info][gc,start      ] GC(88) Pause Young (Concurrent Start) (G1 Humongous Allocation)
[3.330s][info][gc,task       ] GC(88) Using 13 workers of 13 for evacuation
[3.333s][info][gc,phases     ] GC(88)   Pre Evacuate Collection Set: 0.0ms
[3.333s][info][gc,phases     ] GC(88)   Evacuate Collection Set: 2.4ms
[3.333s][info][gc,phases     ] GC(88)   Post Evacuate Collection Set: 0.1ms
[3.333s][info][gc,phases     ] GC(88)   Other: 0.1ms
[3.333s][info][gc,heap       ] GC(88) Eden regions: 27->0(605)
[3.333s][info][gc,heap       ] GC(88) Survivor regions: 40->45(73)
[3.333s][info][gc,heap       ] GC(88) Old regions: 1436->1436
[3.333s][info][gc,heap       ] GC(88) Humongous regions: 129->127
[3.333s][info][gc,metaspace  ] GC(88) Metaspace: 6844K(7168K)->6844K(7168K) NonClass: 6256K(6400K)->6256K(6400K) Class: 587K(768K)->587K(768K)
[3.333s][info][gc            ] GC(88) Pause Young (Concurrent Start) (G1 Humongous Allocation) 1630M->1607M(3360M) 2.816ms
[3.333s][info][gc,cpu        ] GC(88) User=0.00s Sys=0.00s Real=0.00s
[3.333s][info][gc            ] GC(89) Concurrent Cycle
[3.333s][info][gc,marking    ] GC(89) Concurrent Clear Claimed Marks
[3.333s][info][gc,marking    ] GC(89) Concurrent Clear Claimed Marks 0.011ms
[3.333s][info][gc,marking    ] GC(89) Concurrent Scan Root Regions
[3.333s][info][gc,marking    ] GC(89) Concurrent Scan Root Regions 0.040ms
[3.333s][info][gc,marking    ] GC(89) Concurrent Mark (3.333s)
[3.333s][info][gc,marking    ] GC(89) Concurrent Mark From Roots
[3.333s][info][gc,task       ] GC(89) Using 3 workers of 3 for marking
[3.335s][info][gc,marking    ] GC(89) Concurrent Mark From Roots 1.796ms
[3.335s][info][gc,marking    ] GC(89) Concurrent Preclean
[3.335s][info][gc,marking    ] GC(89) Concurrent Preclean 0.060ms
[3.335s][info][gc,marking    ] GC(89) Concurrent Mark (3.333s, 3.335s) 1.883ms
[3.335s][info][gc,start      ] GC(89) Pause Remark
[3.336s][info][gc,stringtable] GC(89) Cleaned string and symbol table, strings: 2624 processed, 0 removed, symbols: 25587 processed, 0 removed
[3.336s][info][gc            ] GC(89) Pause Remark 1614M->1614M(3360M) 0.454ms
[3.336s][info][gc,cpu        ] GC(89) User=0.00s Sys=0.00s Real=0.00s
[3.336s][info][gc,marking    ] GC(89) Concurrent Rebuild Remembered Sets
[3.337s][info][gc,marking    ] GC(89) Concurrent Rebuild Remembered Sets 1.392ms
[3.337s][info][gc,start      ] GC(89) Pause Cleanup
[3.338s][info][gc            ] GC(89) Pause Cleanup 1618M->1618M(3360M) 0.278ms
[3.338s][info][gc,cpu        ] GC(89) User=0.00s Sys=0.00s Real=0.00s
[3.338s][info][gc,marking    ] GC(89) Concurrent Cleanup for Next Mark
[3.339s][info][gc,marking    ] GC(89) Concurrent Cleanup for Next Mark 1.221ms
[3.339s][info][gc            ] GC(89) Concurrent Cycle 5.516ms
[3.352s][info][gc,start      ] GC(90) Pause Young (Concurrent Start) (G1 Humongous Allocation)
[3.352s][info][gc,task       ] GC(90) Using 13 workers of 13 for evacuation
[3.358s][info][gc,phases     ] GC(90)   Pre Evacuate Collection Set: 0.0ms
[3.358s][info][gc,phases     ] GC(90)   Evacuate Collection Set: 4.0ms
[3.358s][info][gc,phases     ] GC(90)   Post Evacuate Collection Set: 1.7ms
[3.358s][info][gc,phases     ] GC(90)   Other: 0.1ms
[3.358s][info][gc,heap       ] GC(90) Eden regions: 51->0(625)
[3.358s][info][gc,heap       ] GC(90) Survivor regions: 45->52(82)
[3.358s][info][gc,heap       ] GC(90) Old regions: 1436->1436
[3.358s][info][gc,heap       ] GC(90) Humongous regions: 131->128
[3.358s][info][gc,metaspace  ] GC(90) Metaspace: 6844K(7168K)->6844K(7168K) NonClass: 6256K(6400K)->6256K(6400K) Class: 587K(768K)->587K(768K)
[3.358s][info][gc            ] GC(90) Pause Young (Concurrent Start) (G1 Humongous Allocation) 1662M->1615M(3596M) 5.966ms
[3.358s][info][gc,cpu        ] GC(90) User=0.00s Sys=0.00s Real=0.01s
[3.358s][info][gc            ] GC(91) Concurrent Cycle
[3.358s][info][gc,marking    ] GC(91) Concurrent Clear Claimed Marks
[3.358s][info][gc,marking    ] GC(91) Concurrent Clear Claimed Marks 0.010ms
[3.358s][info][gc,marking    ] GC(91) Concurrent Scan Root Regions
[3.358s][info][gc,marking    ] GC(91) Concurrent Scan Root Regions 0.042ms
[3.358s][info][gc,marking    ] GC(91) Concurrent Mark (3.358s)
[3.358s][info][gc,marking    ] GC(91) Concurrent Mark From Roots
[3.358s][info][gc,task       ] GC(91) Using 3 workers of 3 for marking
[3.360s][info][gc,marking    ] GC(91) Concurrent Mark From Roots 2.157ms
[3.360s][info][gc,marking    ] GC(91) Concurrent Preclean
[3.360s][info][gc,marking    ] GC(91) Concurrent Preclean 0.061ms
[3.360s][info][gc,marking    ] GC(91) Concurrent Mark (3.358s, 3.360s) 2.248ms
[3.360s][info][gc,start      ] GC(91) Pause Remark
[3.361s][info][gc,stringtable] GC(91) Cleaned string and symbol table, strings: 2624 processed, 0 removed, symbols: 25587 processed, 0 removed
[3.361s][info][gc            ] GC(91) Pause Remark 1621M->1621M(3596M) 0.478ms
[3.361s][info][gc,cpu        ] GC(91) User=0.00s Sys=0.00s Real=0.00s
[3.361s][info][gc,marking    ] GC(91) Concurrent Rebuild Remembered Sets
[3.362s][info][gc,marking    ] GC(91) Concurrent Rebuild Remembered Sets 1.430ms
[3.362s][info][gc,start      ] GC(91) Pause Cleanup
[3.362s][info][gc            ] GC(91) Pause Cleanup 1623M->1623M(3596M) 0.258ms
[3.362s][info][gc,cpu        ] GC(91) User=0.00s Sys=0.00s Real=0.00s
[3.362s][info][gc,marking    ] GC(91) Concurrent Cleanup for Next Mark
[3.364s][info][gc,marking    ] GC(91) Concurrent Cleanup for Next Mark 1.409ms
[3.364s][info][gc            ] GC(91) Concurrent Cycle 6.118ms
[3.580s][info][gc,start      ] GC(92) Pause Young (Concurrent Start) (G1 Humongous Allocation)
[3.581s][info][gc,task       ] GC(92) Using 13 workers of 13 for evacuation
[3.589s][info][gc,phases     ] GC(92)   Pre Evacuate Collection Set: 0.1ms
[3.589s][info][gc,phases     ] GC(92)   Evacuate Collection Set: 7.6ms
[3.589s][info][gc,phases     ] GC(92)   Post Evacuate Collection Set: 0.3ms
[3.589s][info][gc,phases     ] GC(92)   Other: 0.2ms
[3.589s][info][gc,heap       ] GC(92) Eden regions: 555->0(638)
[3.589s][info][gc,heap       ] GC(92) Survivor regions: 52->85(85)
[3.589s][info][gc,heap       ] GC(92) Old regions: 1436->1508
[3.589s][info][gc,heap       ] GC(92) Humongous regions: 182->134
[3.589s][info][gc,metaspace  ] GC(92) Metaspace: 6844K(7168K)->6844K(7168K) NonClass: 6256K(6400K)->6256K(6400K) Class: 587K(768K)->587K(768K)
[3.589s][info][gc            ] GC(92) Pause Young (Concurrent Start) (G1 Humongous Allocation) 2224M->1726M(3596M) 8.375ms
[3.589s][info][gc,cpu        ] GC(92) User=0.00s Sys=0.00s Real=0.01s
[3.589s][info][gc            ] GC(93) Concurrent Cycle
[3.589s][info][gc,marking    ] GC(93) Concurrent Clear Claimed Marks
[3.589s][info][gc,marking    ] GC(93) Concurrent Clear Claimed Marks 0.011ms
[3.589s][info][gc,marking    ] GC(93) Concurrent Scan Root Regions
[3.589s][info][gc,marking    ] GC(93) Concurrent Scan Root Regions 0.066ms
[3.589s][info][gc,marking    ] GC(93) Concurrent Mark (3.589s)
[3.589s][info][gc,marking    ] GC(93) Concurrent Mark From Roots
[3.589s][info][gc,task       ] GC(93) Using 3 workers of 3 for marking
[3.592s][info][gc,marking    ] GC(93) Concurrent Mark From Roots 3.127ms
[3.592s][info][gc,marking    ] GC(93) Concurrent Preclean
[3.592s][info][gc,marking    ] GC(93) Concurrent Preclean 0.091ms
[3.592s][info][gc,marking    ] GC(93) Concurrent Mark (3.589s, 3.592s) 3.252ms
[3.592s][info][gc,start      ] GC(93) Pause Remark
[3.593s][info][gc,stringtable] GC(93) Cleaned string and symbol table, strings: 2624 processed, 0 removed, symbols: 25587 processed, 0 removed
[3.593s][info][gc            ] GC(93) Pause Remark 1736M->1736M(3596M) 0.841ms
[3.593s][info][gc,cpu        ] GC(93) User=0.03s Sys=0.02s Real=0.00s
[3.593s][info][gc,marking    ] GC(93) Concurrent Rebuild Remembered Sets
[3.595s][info][gc,marking    ] GC(93) Concurrent Rebuild Remembered Sets 1.873ms
[3.595s][info][gc,start      ] GC(93) Pause Cleanup
[3.595s][info][gc            ] GC(93) Pause Cleanup 1742M->1742M(3596M) 0.302ms
[3.596s][info][gc,cpu        ] GC(93) User=0.00s Sys=0.00s Real=0.00s
[3.596s][info][gc,marking    ] GC(93) Concurrent Cleanup for Next Mark
[3.597s][info][gc,marking    ] GC(93) Concurrent Cleanup for Next Mark 1.693ms
[3.597s][info][gc            ] GC(93) Concurrent Cycle 8.328ms
[3.598s][info][gc,start      ] GC(94) Pause Young (Concurrent Start) (G1 Humongous Allocation)
[3.598s][info][gc,task       ] GC(94) Using 13 workers of 13 for evacuation
[3.602s][info][gc,phases     ] GC(94)   Pre Evacuate Collection Set: 0.0ms
[3.603s][info][gc,phases     ] GC(94)   Evacuate Collection Set: 4.2ms
[3.603s][info][gc,phases     ] GC(94)   Post Evacuate Collection Set: 0.2ms
[3.603s][info][gc,phases     ] GC(94)   Other: 0.1ms
[3.603s][info][gc,heap       ] GC(94) Eden regions: 18->0(612)
[3.603s][info][gc,heap       ] GC(94) Survivor regions: 85->54(91)
[3.603s][info][gc,heap       ] GC(94) Old regions: 1508->1544
[3.603s][info][gc,heap       ] GC(94) Humongous regions: 137->135
[3.603s][info][gc,metaspace  ] GC(94) Metaspace: 6844K(7168K)->6844K(7168K) NonClass: 6256K(6400K)->6256K(6400K) Class: 587K(768K)->587K(768K)
[3.603s][info][gc            ] GC(94) Pause Young (Concurrent Start) (G1 Humongous Allocation) 1747M->1731M(3596M) 4.682ms
[3.603s][info][gc,cpu        ] GC(94) User=0.00s Sys=0.00s Real=0.00s
[3.603s][info][gc            ] GC(95) Concurrent Cycle
[3.603s][info][gc,marking    ] GC(95) Concurrent Clear Claimed Marks
[3.603s][info][gc,marking    ] GC(95) Concurrent Clear Claimed Marks 0.013ms
[3.603s][info][gc,marking    ] GC(95) Concurrent Scan Root Regions
[3.603s][info][gc,marking    ] GC(95) Concurrent Scan Root Regions 0.056ms
[3.603s][info][gc,marking    ] GC(95) Concurrent Mark (3.603s)
[3.603s][info][gc,marking    ] GC(95) Concurrent Mark From Roots
[3.603s][info][gc,task       ] GC(95) Using 3 workers of 3 for marking
[3.605s][info][gc,marking    ] GC(95) Concurrent Mark From Roots 2.632ms
[3.605s][info][gc,marking    ] GC(95) Concurrent Preclean
[3.606s][info][gc,marking    ] GC(95) Concurrent Preclean 0.092ms
[3.606s][info][gc,marking    ] GC(95) Concurrent Mark (3.603s, 3.606s) 2.776ms
[3.606s][info][gc,start      ] GC(95) Pause Remark
[3.606s][info][gc,stringtable] GC(95) Cleaned string and symbol table, strings: 2624 processed, 0 removed, symbols: 25587 processed, 0 removed
[3.606s][info][gc            ] GC(95) Pause Remark 1740M->1740M(3596M) 0.558ms
[3.606s][info][gc,cpu        ] GC(95) User=0.00s Sys=0.00s Real=0.00s
[3.606s][info][gc,marking    ] GC(95) Concurrent Rebuild Remembered Sets
[3.608s][info][gc,marking    ] GC(95) Concurrent Rebuild Remembered Sets 1.684ms
[3.608s][info][gc,start      ] GC(95) Pause Cleanup
[3.608s][info][gc            ] GC(95) Pause Cleanup 1746M->1746M(3596M) 0.278ms
[3.608s][info][gc,cpu        ] GC(95) User=0.00s Sys=0.00s Real=0.00s
[3.608s][info][gc,marking    ] GC(95) Concurrent Cleanup for Next Mark
[3.610s][info][gc,marking    ] GC(95) Concurrent Cleanup for Next Mark 1.560ms
[3.610s][info][gc            ] GC(95) Concurrent Cycle 7.242ms
[3.615s][info][gc,start      ] GC(96) Pause Young (Concurrent Start) (G1 Humongous Allocation)
[3.615s][info][gc,task       ] GC(96) Using 13 workers of 13 for evacuation
[3.618s][info][gc,phases     ] GC(96)   Pre Evacuate Collection Set: 0.0ms
[3.618s][info][gc,phases     ] GC(96)   Evacuate Collection Set: 2.8ms
[3.618s][info][gc,phases     ] GC(96)   Post Evacuate Collection Set: 0.2ms
[3.618s][info][gc,phases     ] GC(96)   Other: 0.1ms
[3.618s][info][gc,heap       ] GC(96) Eden regions: 30->0(674)
[3.618s][info][gc,heap       ] GC(96) Survivor regions: 54->50(84)
[3.618s][info][gc,heap       ] GC(96) Old regions: 1544->1554
[3.618s][info][gc,heap       ] GC(96) Humongous regions: 138->135
[3.618s][info][gc,metaspace  ] GC(96) Metaspace: 6844K(7168K)->6844K(7168K) NonClass: 6256K(6400K)->6256K(6400K) Class: 587K(768K)->587K(768K)
[3.618s][info][gc            ] GC(96) Pause Young (Concurrent Start) (G1 Humongous Allocation) 1764M->1737M(3596M) 3.233ms
[3.618s][info][gc,cpu        ] GC(96) User=0.00s Sys=0.00s Real=0.00s
[3.618s][info][gc            ] GC(97) Concurrent Cycle
[3.618s][info][gc,marking    ] GC(97) Concurrent Clear Claimed Marks
[3.618s][info][gc,marking    ] GC(97) Concurrent Clear Claimed Marks 0.010ms
[3.618s][info][gc,marking    ] GC(97) Concurrent Scan Root Regions
[3.618s][info][gc,marking    ] GC(97) Concurrent Scan Root Regions 0.047ms
[3.618s][info][gc,marking    ] GC(97) Concurrent Mark (3.618s)
[3.618s][info][gc,marking    ] GC(97) Concurrent Mark From Roots
[3.618s][info][gc,task       ] GC(97) Using 3 workers of 3 for marking
[3.621s][info][gc,marking    ] GC(97) Concurrent Mark From Roots 2.349ms
[3.621s][info][gc,marking    ] GC(97) Concurrent Preclean
[3.621s][info][gc,marking    ] GC(97) Concurrent Preclean 0.091ms
[3.621s][info][gc,marking    ] GC(97) Concurrent Mark (3.618s, 3.621s) 2.475ms
[3.621s][info][gc,start      ] GC(97) Pause Remark
[3.621s][info][gc,stringtable] GC(97) Cleaned string and symbol table, strings: 2624 processed, 0 removed, symbols: 25587 processed, 0 removed
[3.621s][info][gc            ] GC(97) Pause Remark 1746M->1746M(3596M) 0.554ms
[3.621s][info][gc,cpu        ] GC(97) User=0.00s Sys=0.00s Real=0.00s
[3.621s][info][gc,marking    ] GC(97) Concurrent Rebuild Remembered Sets
[3.623s][info][gc,marking    ] GC(97) Concurrent Rebuild Remembered Sets 1.640ms
[3.623s][info][gc,start      ] GC(97) Pause Cleanup
[3.623s][info][gc            ] GC(97) Pause Cleanup 1751M->1751M(3596M) 0.275ms
[3.623s][info][gc,cpu        ] GC(97) User=0.00s Sys=0.00s Real=0.00s
[3.623s][info][gc,marking    ] GC(97) Concurrent Cleanup for Next Mark
[3.625s][info][gc,marking    ] GC(97) Concurrent Cleanup for Next Mark 1.558ms
[3.625s][info][gc            ] GC(97) Concurrent Cycle 6.814ms
[3.628s][info][gc,start      ] GC(98) Pause Young (Concurrent Start) (G1 Humongous Allocation)
[3.629s][info][gc,task       ] GC(98) Using 13 workers of 13 for evacuation
[3.632s][info][gc,phases     ] GC(98)   Pre Evacuate Collection Set: 0.0ms
[3.632s][info][gc,phases     ] GC(98)   Evacuate Collection Set: 2.4ms
[3.632s][info][gc,phases     ] GC(98)   Post Evacuate Collection Set: 1.0ms
[3.632s][info][gc,phases     ] GC(98)   Other: 0.1ms
[3.632s][info][gc,heap       ] GC(98) Eden regions: 26->0(771)
[3.632s][info][gc,heap       ] GC(98) Survivor regions: 50->55(91)
[3.632s][info][gc,heap       ] GC(98) Old regions: 1554->1554
[3.632s][info][gc,heap       ] GC(98) Humongous regions: 137->135
[3.632s][info][gc,metaspace  ] GC(98) Metaspace: 6844K(7168K)->6844K(7168K) NonClass: 6256K(6400K)->6256K(6400K) Class: 587K(768K)->587K(768K)
[3.632s][info][gc            ] GC(98) Pause Young (Concurrent Start) (G1 Humongous Allocation) 1765M->1742M(3707M) 3.705ms
[3.632s][info][gc,cpu        ] GC(98) User=0.00s Sys=0.00s Real=0.00s
[3.632s][info][gc            ] GC(99) Concurrent Cycle
[3.632s][info][gc,marking    ] GC(99) Concurrent Clear Claimed Marks
[3.632s][info][gc,marking    ] GC(99) Concurrent Clear Claimed Marks 0.010ms
[3.632s][info][gc,marking    ] GC(99) Concurrent Scan Root Regions
[3.632s][info][gc,marking    ] GC(99) Concurrent Scan Root Regions 0.044ms
[3.632s][info][gc,marking    ] GC(99) Concurrent Mark (3.632s)
[3.632s][info][gc,marking    ] GC(99) Concurrent Mark From Roots
[3.632s][info][gc,task       ] GC(99) Using 3 workers of 3 for marking
[3.635s][info][gc,marking    ] GC(99) Concurrent Mark From Roots 2.338ms
[3.635s][info][gc,marking    ] GC(99) Concurrent Preclean
[3.635s][info][gc,marking    ] GC(99) Concurrent Preclean 0.060ms
[3.635s][info][gc,marking    ] GC(99) Concurrent Mark (3.632s, 3.635s) 2.428ms
[3.635s][info][gc,start      ] GC(99) Pause Remark
[3.635s][info][gc,stringtable] GC(99) Cleaned string and symbol table, strings: 2624 processed, 0 removed, symbols: 25587 processed, 0 removed
[3.635s][info][gc            ] GC(99) Pause Remark 1748M->1748M(3707M) 0.486ms
[3.635s][info][gc,cpu        ] GC(99) User=0.00s Sys=0.00s Real=0.00s
[3.635s][info][gc,marking    ] GC(99) Concurrent Rebuild Remembered Sets
[3.637s][info][gc,marking    ] GC(99) Concurrent Rebuild Remembered Sets 1.541ms
[3.637s][info][gc,start      ] GC(99) Pause Cleanup
[3.637s][info][gc            ] GC(99) Pause Cleanup 1751M->1751M(3707M) 0.265ms
[3.637s][info][gc,cpu        ] GC(99) User=0.00s Sys=0.00s Real=0.00s
[3.637s][info][gc,marking    ] GC(99) Concurrent Cleanup for Next Mark
[3.639s][info][gc,marking    ] GC(99) Concurrent Cleanup for Next Mark 1.350ms
[3.639s][info][gc            ] GC(99) Concurrent Cycle 6.359ms
[3.644s][info][gc,start      ] GC(100) Pause Young (Concurrent Start) (G1 Humongous Allocation)
[3.644s][info][gc,task       ] GC(100) Using 13 workers of 13 for evacuation
[3.649s][info][gc,phases     ] GC(100)   Pre Evacuate Collection Set: 0.0ms
[3.649s][info][gc,phases     ] GC(100)   Evacuate Collection Set: 4.7ms
[3.649s][info][gc,phases     ] GC(100)   Post Evacuate Collection Set: 0.1ms
[3.649s][info][gc,phases     ] GC(100)   Other: 0.1ms
[3.649s][info][gc,heap       ] GC(100) Eden regions: 21->0(827)
[3.649s][info][gc,heap       ] GC(100) Survivor regions: 55->60(104)
[3.649s][info][gc,heap       ] GC(100) Old regions: 1554->1554
[3.649s][info][gc,heap       ] GC(100) Humongous regions: 137->135
[3.649s][info][gc,metaspace  ] GC(100) Metaspace: 6844K(7168K)->6844K(7168K) NonClass: 6256K(6400K)->6256K(6400K) Class: 587K(768K)->587K(768K)
[3.649s][info][gc            ] GC(100) Pause Young (Concurrent Start) (G1 Humongous Allocation) 1765M->1747M(3707M) 5.085ms
[3.649s][info][gc,cpu        ] GC(100) User=0.00s Sys=0.00s Real=0.00s
[3.649s][info][gc            ] GC(101) Concurrent Cycle
[3.649s][info][gc,marking    ] GC(101) Concurrent Clear Claimed Marks
[3.649s][info][gc,marking    ] GC(101) Concurrent Clear Claimed Marks 0.010ms
[3.649s][info][gc,marking    ] GC(101) Concurrent Scan Root Regions
[3.649s][info][gc,marking    ] GC(101) Concurrent Scan Root Regions 0.047ms
[3.649s][info][gc,marking    ] GC(101) Concurrent Mark (3.649s)
[3.649s][info][gc,marking    ] GC(101) Concurrent Mark From Roots
[3.649s][info][gc,task       ] GC(101) Using 3 workers of 3 for marking
[3.651s][info][gc,marking    ] GC(101) Concurrent Mark From Roots 2.123ms
[3.651s][info][gc,marking    ] GC(101) Concurrent Preclean
[3.652s][info][gc,marking    ] GC(101) Concurrent Preclean 0.091ms
[3.652s][info][gc,marking    ] GC(101) Concurrent Mark (3.649s, 3.652s) 2.248ms
[3.652s][info][gc,start      ] GC(101) Pause Remark
[3.652s][info][gc,stringtable] GC(101) Cleaned string and symbol table, strings: 2624 processed, 0 removed, symbols: 25587 processed, 0 removed
[3.652s][info][gc            ] GC(101) Pause Remark 1755M->1755M(3707M) 0.534ms
[3.652s][info][gc,cpu        ] GC(101) User=0.00s Sys=0.00s Real=0.00s
[3.652s][info][gc,marking    ] GC(101) Concurrent Rebuild Remembered Sets
[3.654s][info][gc,marking    ] GC(101) Concurrent Rebuild Remembered Sets 1.581ms
[3.654s][info][gc,start      ] GC(101) Pause Cleanup
[3.654s][info][gc            ] GC(101) Pause Cleanup 1760M->1760M(3707M) 0.246ms
[3.654s][info][gc,cpu        ] GC(101) User=0.00s Sys=0.00s Real=0.00s
[3.654s][info][gc,marking    ] GC(101) Concurrent Cleanup for Next Mark
[3.656s][info][gc,marking    ] GC(101) Concurrent Cleanup for Next Mark 1.447ms
[3.656s][info][gc            ] GC(101) Concurrent Cycle 6.389ms
[3.661s][info][gc,start      ] GC(102) Pause Young (Concurrent Start) (G1 Humongous Allocation)
[3.661s][info][gc,task       ] GC(102) Using 13 workers of 13 for evacuation
[3.665s][info][gc,phases     ] GC(102)   Pre Evacuate Collection Set: 0.0ms
[3.665s][info][gc,phases     ] GC(102)   Evacuate Collection Set: 3.8ms
[3.665s][info][gc,phases     ] GC(102)   Post Evacuate Collection Set: 0.1ms
[3.665s][info][gc,phases     ] GC(102)   Other: 0.1ms
[3.665s][info][gc,heap       ] GC(102) Eden regions: 29->0(870)
[3.665s][info][gc,heap       ] GC(102) Survivor regions: 60->65(111)
[3.665s][info][gc,heap       ] GC(102) Old regions: 1554->1554
[3.665s][info][gc,heap       ] GC(102) Humongous regions: 136->135
[3.665s][info][gc,metaspace  ] GC(102) Metaspace: 6844K(7168K)->6844K(7168K) NonClass: 6256K(6400K)->6256K(6400K) Class: 587K(768K)->587K(768K)
[3.665s][info][gc            ] GC(102) Pause Young (Concurrent Start) (G1 Humongous Allocation) 1776M->1752M(3707M) 4.202ms
[3.665s][info][gc,cpu        ] GC(102) User=0.00s Sys=0.00s Real=0.00s
[3.665s][info][gc            ] GC(103) Concurrent Cycle
[3.665s][info][gc,marking    ] GC(103) Concurrent Clear Claimed Marks
[3.665s][info][gc,marking    ] GC(103) Concurrent Clear Claimed Marks 0.010ms
[3.665s][info][gc,marking    ] GC(103) Concurrent Scan Root Regions
[3.665s][info][gc,marking    ] GC(103) Concurrent Scan Root Regions 0.046ms
[3.665s][info][gc,marking    ] GC(103) Concurrent Mark (3.665s)
[3.665s][info][gc,marking    ] GC(103) Concurrent Mark From Roots
[3.665s][info][gc,task       ] GC(103) Using 3 workers of 3 for marking
[3.668s][info][gc,marking    ] GC(103) Concurrent Mark From Roots 2.291ms
[3.668s][info][gc,marking    ] GC(103) Concurrent Preclean
[3.668s][info][gc,marking    ] GC(103) Concurrent Preclean 0.077ms
[3.668s][info][gc,marking    ] GC(103) Concurrent Mark (3.665s, 3.668s) 2.413ms
[3.668s][info][gc,start      ] GC(103) Pause Remark
[3.668s][info][gc,stringtable] GC(103) Cleaned string and symbol table, strings: 2624 processed, 0 removed, symbols: 25587 processed, 0 removed
[3.668s][info][gc            ] GC(103) Pause Remark 1762M->1762M(3707M) 0.494ms
[3.668s][info][gc,cpu        ] GC(103) User=0.00s Sys=0.00s Real=0.00s
[3.668s][info][gc,marking    ] GC(103) Concurrent Rebuild Remembered Sets
[3.670s][info][gc,marking    ] GC(103) Concurrent Rebuild Remembered Sets 1.569ms
[3.670s][info][gc,start      ] GC(103) Pause Cleanup
[3.670s][info][gc            ] GC(103) Pause Cleanup 1767M->1767M(3707M) 0.333ms
[3.670s][info][gc,cpu        ] GC(103) User=0.00s Sys=0.00s Real=0.00s
[3.670s][info][gc,marking    ] GC(103) Concurrent Cleanup for Next Mark
[3.672s][info][gc,marking    ] GC(103) Concurrent Cleanup for Next Mark 1.409ms
[3.672s][info][gc            ] GC(103) Concurrent Cycle 6.569ms
[3.680s][info][gc,start      ] GC(104) Pause Young (Concurrent Start) (G1 Humongous Allocation)
[3.680s][info][gc,task       ] GC(104) Using 13 workers of 13 for evacuation
[3.683s][info][gc,phases     ] GC(104)   Pre Evacuate Collection Set: 0.0ms
[3.683s][info][gc,phases     ] GC(104)   Evacuate Collection Set: 3.3ms
[3.683s][info][gc,phases     ] GC(104)   Post Evacuate Collection Set: 0.2ms
[3.683s][info][gc,phases     ] GC(104)   Other: 0.1ms
[3.683s][info][gc,heap       ] GC(104) Eden regions: 39->0(885)
[3.683s][info][gc,heap       ] GC(104) Survivor regions: 65->71(117)
[3.683s][info][gc,heap       ] GC(104) Old regions: 1554->1554
[3.683s][info][gc,heap       ] GC(104) Humongous regions: 138->135
[3.684s][info][gc,metaspace  ] GC(104) Metaspace: 6844K(7168K)->6844K(7168K) NonClass: 6256K(6400K)->6256K(6400K) Class: 587K(768K)->587K(768K)
[3.684s][info][gc            ] GC(104) Pause Young (Concurrent Start) (G1 Humongous Allocation) 1793M->1759M(3707M) 3.752ms
[3.684s][info][gc,cpu        ] GC(104) User=0.00s Sys=0.00s Real=0.00s
[3.684s][info][gc            ] GC(105) Concurrent Cycle
[3.684s][info][gc,marking    ] GC(105) Concurrent Clear Claimed Marks
[3.684s][info][gc,marking    ] GC(105) Concurrent Clear Claimed Marks 0.012ms
[3.684s][info][gc,marking    ] GC(105) Concurrent Scan Root Regions
[3.684s][info][gc,marking    ] GC(105) Concurrent Scan Root Regions 0.050ms
[3.684s][info][gc,marking    ] GC(105) Concurrent Mark (3.684s)
[3.684s][info][gc,marking    ] GC(105) Concurrent Mark From Roots
[3.684s][info][gc,task       ] GC(105) Using 3 workers of 3 for marking
[3.686s][info][gc,marking    ] GC(105) Concurrent Mark From Roots 2.385ms
[3.686s][info][gc,marking    ] GC(105) Concurrent Preclean
[3.686s][info][gc,marking    ] GC(105) Concurrent Preclean 0.078ms
[3.686s][info][gc,marking    ] GC(105) Concurrent Mark (3.684s, 3.686s) 2.493ms
[3.686s][info][gc,start      ] GC(105) Pause Remark
[3.687s][info][gc,stringtable] GC(105) Cleaned string and symbol table, strings: 2624 processed, 0 removed, symbols: 25587 processed, 0 removed
[3.687s][info][gc            ] GC(105) Pause Remark 1767M->1767M(3707M) 0.498ms
[3.687s][info][gc,cpu        ] GC(105) User=0.00s Sys=0.00s Real=0.00s
[3.687s][info][gc,marking    ] GC(105) Concurrent Rebuild Remembered Sets
[3.688s][info][gc,marking    ] GC(105) Concurrent Rebuild Remembered Sets 1.562ms
[3.688s][info][gc,start      ] GC(105) Pause Cleanup
[3.689s][info][gc            ] GC(105) Pause Cleanup 1773M->1773M(3707M) 0.330ms
[3.689s][info][gc,cpu        ] GC(105) User=0.00s Sys=0.00s Real=0.00s
[3.689s][info][gc,marking    ] GC(105) Concurrent Cleanup for Next Mark
[3.690s][info][gc,marking    ] GC(105) Concurrent Cleanup for Next Mark 1.512ms
[3.690s][info][gc            ] GC(105) Concurrent Cycle 6.750ms
[3.692s][info][gc,start      ] GC(106) Pause Young (Concurrent Start) (G1 Humongous Allocation)
[3.692s][info][gc,task       ] GC(106) Using 13 workers of 13 for evacuation
[3.696s][info][gc,phases     ] GC(106)   Pre Evacuate Collection Set: 0.0ms
[3.696s][info][gc,phases     ] GC(106)   Evacuate Collection Set: 3.5ms
[3.696s][info][gc,phases     ] GC(106)   Post Evacuate Collection Set: 0.4ms
[3.696s][info][gc,phases     ] GC(106)   Other: 0.1ms
[3.696s][info][gc,heap       ] GC(106) Eden regions: 21->0(722)
[3.696s][info][gc,heap       ] GC(106) Survivor regions: 71->36(120)
[3.696s][info][gc,heap       ] GC(106) Old regions: 1554->1594
[3.696s][info][gc,heap       ] GC(106) Humongous regions: 136->135
[3.696s][info][gc,metaspace  ] GC(106) Metaspace: 6844K(7168K)->6844K(7168K) NonClass: 6256K(6400K)->6256K(6400K) Class: 587K(768K)->587K(768K)
[3.696s][info][gc            ] GC(106) Pause Young (Concurrent Start) (G1 Humongous Allocation) 1781M->1763M(3739M) 4.127ms
[3.696s][info][gc,cpu        ] GC(106) User=0.00s Sys=0.00s Real=0.01s
[3.696s][info][gc            ] GC(107) Concurrent Cycle
[3.696s][info][gc,marking    ] GC(107) Concurrent Clear Claimed Marks
[3.696s][info][gc,marking    ] GC(107) Concurrent Clear Claimed Marks 0.011ms
[3.696s][info][gc,marking    ] GC(107) Concurrent Scan Root Regions
[3.696s][info][gc,marking    ] GC(107) Concurrent Scan Root Regions 0.039ms
[3.696s][info][gc,marking    ] GC(107) Concurrent Mark (3.696s)
[3.696s][info][gc,marking    ] GC(107) Concurrent Mark From Roots
[3.696s][info][gc,task       ] GC(107) Using 3 workers of 3 for marking
[3.699s][info][gc,marking    ] GC(107) Concurrent Mark From Roots 2.417ms
[3.699s][info][gc,marking    ] GC(107) Concurrent Preclean
[3.699s][info][gc,marking    ] GC(107) Concurrent Preclean 0.074ms
[3.699s][info][gc,marking    ] GC(107) Concurrent Mark (3.696s, 3.699s) 2.525ms
[3.699s][info][gc,start      ] GC(107) Pause Remark
[3.699s][info][gc,stringtable] GC(107) Cleaned string and symbol table, strings: 2624 processed, 0 removed, symbols: 25587 processed, 0 removed
[3.699s][info][gc            ] GC(107) Pause Remark 1770M->1770M(3739M) 0.511ms
[3.699s][info][gc,cpu        ] GC(107) User=0.00s Sys=0.00s Real=0.00s
[3.699s][info][gc,marking    ] GC(107) Concurrent Rebuild Remembered Sets
[3.701s][info][gc,marking    ] GC(107) Concurrent Rebuild Remembered Sets 1.595ms
[3.701s][info][gc,start      ] GC(107) Pause Cleanup
[3.701s][info][gc            ] GC(107) Pause Cleanup 1774M->1774M(3739M) 0.266ms
[3.701s][info][gc,cpu        ] GC(107) User=0.00s Sys=0.00s Real=0.00s
[3.701s][info][gc,marking    ] GC(107) Concurrent Cleanup for Next Mark
[3.703s][info][gc,marking    ] GC(107) Concurrent Cleanup for Next Mark 1.404ms
[3.703s][info][gc            ] GC(107) Concurrent Cycle 6.597ms
[3.715s][info][gc,start      ] GC(108) Pause Young (Concurrent Start) (G1 Humongous Allocation)
[3.715s][info][gc,task       ] GC(108) Using 13 workers of 13 for evacuation
[3.717s][info][gc,phases     ] GC(108)   Pre Evacuate Collection Set: 0.0ms
[3.717s][info][gc,phases     ] GC(108)   Evacuate Collection Set: 1.9ms
[3.717s][info][gc,phases     ] GC(108)   Post Evacuate Collection Set: 0.2ms
[3.717s][info][gc,phases     ] GC(108)   Other: 0.1ms
[3.717s][info][gc,heap       ] GC(108) Eden regions: 39->0(776)
[3.717s][info][gc,heap       ] GC(108) Survivor regions: 36->43(95)
[3.717s][info][gc,heap       ] GC(108) Old regions: 1594->1594
[3.717s][info][gc,heap       ] GC(108) Humongous regions: 137->136
[3.717s][info][gc,metaspace  ] GC(108) Metaspace: 6844K(7168K)->6844K(7168K) NonClass: 6256K(6400K)->6256K(6400K) Class: 587K(768K)->587K(768K)
[3.717s][info][gc            ] GC(108) Pause Young (Concurrent Start) (G1 Humongous Allocation) 1804M->1771M(3739M) 2.371ms
[3.717s][info][gc,cpu        ] GC(108) User=0.00s Sys=0.00s Real=0.00s
[3.717s][info][gc            ] GC(109) Concurrent Cycle
[3.717s][info][gc,marking    ] GC(109) Concurrent Clear Claimed Marks
[3.717s][info][gc,marking    ] GC(109) Concurrent Clear Claimed Marks 0.010ms
[3.717s][info][gc,marking    ] GC(109) Concurrent Scan Root Regions
[3.717s][info][gc,marking    ] GC(109) Concurrent Scan Root Regions 0.037ms
[3.717s][info][gc,marking    ] GC(109) Concurrent Mark (3.717s)
[3.717s][info][gc,marking    ] GC(109) Concurrent Mark From Roots
[3.717s][info][gc,task       ] GC(109) Using 3 workers of 3 for marking
[3.720s][info][gc,marking    ] GC(109) Concurrent Mark From Roots 2.340ms
[3.720s][info][gc,marking    ] GC(109) Concurrent Preclean
[3.720s][info][gc,marking    ] GC(109) Concurrent Preclean 0.061ms
[3.720s][info][gc,marking    ] GC(109) Concurrent Mark (3.717s, 3.720s) 2.432ms
[3.720s][info][gc,start      ] GC(109) Pause Remark
[3.720s][info][gc,stringtable] GC(109) Cleaned string and symbol table, strings: 2624 processed, 0 removed, symbols: 25587 processed, 0 removed
[3.720s][info][gc            ] GC(109) Pause Remark 1780M->1780M(3739M) 0.526ms
[3.720s][info][gc,cpu        ] GC(109) User=0.00s Sys=0.00s Real=0.00s
[3.720s][info][gc,marking    ] GC(109) Concurrent Rebuild Remembered Sets
[3.722s][info][gc,marking    ] GC(109) Concurrent Rebuild Remembered Sets 1.670ms
[3.722s][info][gc,start      ] GC(109) Pause Cleanup
[3.722s][info][gc            ] GC(109) Pause Cleanup 1784M->1784M(3739M) 0.282ms
[3.722s][info][gc,cpu        ] GC(109) User=0.00s Sys=0.00s Real=0.00s
[3.722s][info][gc,marking    ] GC(109) Concurrent Cleanup for Next Mark
[3.724s][info][gc,marking    ] GC(109) Concurrent Cleanup for Next Mark 1.371ms
[3.724s][info][gc            ] GC(109) Concurrent Cycle 6.581ms
[3.725s][info][gc,start      ] GC(110) Pause Young (Concurrent Start) (G1 Humongous Allocation)
[3.725s][info][gc,task       ] GC(110) Using 13 workers of 13 for evacuation
[3.727s][info][gc,phases     ] GC(110)   Pre Evacuate Collection Set: 0.0ms
[3.727s][info][gc,phases     ] GC(110)   Evacuate Collection Set: 2.0ms
[3.727s][info][gc,phases     ] GC(110)   Post Evacuate Collection Set: 0.1ms
[3.727s][info][gc,phases     ] GC(110)   Other: 0.1ms
[3.727s][info][gc,heap       ] GC(110) Eden regions: 16->0(840)
[3.727s][info][gc,heap       ] GC(110) Survivor regions: 43->45(103)
[3.727s][info][gc,heap       ] GC(110) Old regions: 1594->1594
[3.727s][info][gc,heap       ] GC(110) Humongous regions: 138->136
[3.727s][info][gc,metaspace  ] GC(110) Metaspace: 6844K(7168K)->6844K(7168K) NonClass: 6256K(6400K)->6256K(6400K) Class: 587K(768K)->587K(768K)
[3.727s][info][gc            ] GC(110) Pause Young (Concurrent Start) (G1 Humongous Allocation) 1789M->1773M(3739M) 2.396ms
[3.727s][info][gc,cpu        ] GC(110) User=0.00s Sys=0.00s Real=0.00s
[3.727s][info][gc            ] GC(111) Concurrent Cycle
[3.727s][info][gc,marking    ] GC(111) Concurrent Clear Claimed Marks
[3.727s][info][gc,marking    ] GC(111) Concurrent Clear Claimed Marks 0.010ms
[3.727s][info][gc,marking    ] GC(111) Concurrent Scan Root Regions
[3.727s][info][gc,marking    ] GC(111) Concurrent Scan Root Regions 0.036ms
[3.727s][info][gc,marking    ] GC(111) Concurrent Mark (3.727s)
[3.727s][info][gc,marking    ] GC(111) Concurrent Mark From Roots
[3.727s][info][gc,task       ] GC(111) Using 3 workers of 3 for marking
[3.729s][info][gc,marking    ] GC(111) Concurrent Mark From Roots 2.177ms
[3.729s][info][gc,marking    ] GC(111) Concurrent Preclean
[3.729s][info][gc,marking    ] GC(111) Concurrent Preclean 0.065ms
[3.729s][info][gc,marking    ] GC(111) Concurrent Mark (3.727s, 3.729s) 2.272ms
[3.729s][info][gc,start      ] GC(111) Pause Remark
[3.730s][info][gc,stringtable] GC(111) Cleaned string and symbol table, strings: 2624 processed, 0 removed, symbols: 25587 processed, 0 removed
[3.730s][info][gc            ] GC(111) Pause Remark 1781M->1781M(3739M) 0.506ms
[3.730s][info][gc,cpu        ] GC(111) User=0.00s Sys=0.00s Real=0.00s
[3.730s][info][gc,marking    ] GC(111) Concurrent Rebuild Remembered Sets
[3.731s][info][gc,marking    ] GC(111) Concurrent Rebuild Remembered Sets 1.496ms
[3.732s][info][gc,start      ] GC(111) Pause Cleanup
[3.732s][info][gc            ] GC(111) Pause Cleanup 1786M->1786M(3739M) 0.273ms
[3.732s][info][gc,cpu        ] GC(111) User=0.00s Sys=0.00s Real=0.00s
[3.732s][info][gc,marking    ] GC(111) Concurrent Cleanup for Next Mark
[3.733s][info][gc,marking    ] GC(111) Concurrent Cleanup for Next Mark 1.317ms
[3.733s][info][gc            ] GC(111) Concurrent Cycle 6.154ms
[3.741s][info][gc,start      ] GC(112) Pause Young (Concurrent Start) (G1 Humongous Allocation)
[3.741s][info][gc,task       ] GC(112) Using 13 workers of 13 for evacuation
[3.744s][info][gc,phases     ] GC(112)   Pre Evacuate Collection Set: 0.0ms
[3.744s][info][gc,phases     ] GC(112)   Evacuate Collection Set: 2.4ms
[3.744s][info][gc,phases     ] GC(112)   Post Evacuate Collection Set: 0.2ms
[3.744s][info][gc,phases     ] GC(112)   Other: 0.1ms
[3.744s][info][gc,heap       ] GC(112) Eden regions: 32->0(789)
[3.744s][info][gc,heap       ] GC(112) Survivor regions: 45->50(111)
[3.744s][info][gc,heap       ] GC(112) Old regions: 1594->1594
[3.744s][info][gc,heap       ] GC(112) Humongous regions: 138->137
[3.744s][info][gc,metaspace  ] GC(112) Metaspace: 6844K(7168K)->6844K(7168K) NonClass: 6256K(6400K)->6256K(6400K) Class: 587K(768K)->587K(768K)
[3.744s][info][gc            ] GC(112) Pause Young (Concurrent Start) (G1 Humongous Allocation) 1807M->1780M(3739M) 2.823ms
[3.744s][info][gc,cpu        ] GC(112) User=0.00s Sys=0.00s Real=0.00s
[3.744s][info][gc            ] GC(113) Concurrent Cycle
[3.744s][info][gc,marking    ] GC(113) Concurrent Clear Claimed Marks
[3.744s][info][gc,marking    ] GC(113) Concurrent Clear Claimed Marks 0.013ms
[3.744s][info][gc,marking    ] GC(113) Concurrent Scan Root Regions
[3.744s][info][gc,marking    ] GC(113) Concurrent Scan Root Regions 0.049ms
[3.744s][info][gc,marking    ] GC(113) Concurrent Mark (3.744s)
[3.744s][info][gc,marking    ] GC(113) Concurrent Mark From Roots
[3.744s][info][gc,task       ] GC(113) Using 3 workers of 3 for marking
[3.746s][info][gc,marking    ] GC(113) Concurrent Mark From Roots 2.301ms
[3.746s][info][gc,marking    ] GC(113) Concurrent Preclean
[3.747s][info][gc,marking    ] GC(113) Concurrent Preclean 0.091ms
[3.747s][info][gc,marking    ] GC(113) Concurrent Mark (3.744s, 3.747s) 2.426ms
[3.747s][info][gc,start      ] GC(113) Pause Remark
[3.747s][info][gc,stringtable] GC(113) Cleaned string and symbol table, strings: 2624 processed, 0 removed, symbols: 25587 processed, 0 removed
[3.747s][info][gc            ] GC(113) Pause Remark 1789M->1789M(3739M) 0.484ms
[3.747s][info][gc,cpu        ] GC(113) User=0.00s Sys=0.00s Real=0.00s
[3.747s][info][gc,marking    ] GC(113) Concurrent Rebuild Remembered Sets
[3.749s][info][gc,marking    ] GC(113) Concurrent Rebuild Remembered Sets 1.549ms
[3.749s][info][gc,start      ] GC(113) Pause Cleanup
[3.749s][info][gc            ] GC(113) Pause Cleanup 1793M->1793M(3739M) 0.287ms
[3.749s][info][gc,cpu        ] GC(113) User=0.00s Sys=0.00s Real=0.00s
[3.749s][info][gc,marking    ] GC(113) Concurrent Cleanup for Next Mark
[3.750s][info][gc,marking    ] GC(113) Concurrent Cleanup for Next Mark 1.281ms
[3.750s][info][gc            ] GC(113) Concurrent Cycle 6.336ms
[3.757s][info][gc,start      ] GC(114) Pause Young (Concurrent Start) (G1 Humongous Allocation)
[3.757s][info][gc,task       ] GC(114) Using 13 workers of 13 for evacuation
[3.760s][info][gc,phases     ] GC(114)   Pre Evacuate Collection Set: 0.0ms
[3.760s][info][gc,phases     ] GC(114)   Evacuate Collection Set: 2.7ms
[3.760s][info][gc,phases     ] GC(114)   Post Evacuate Collection Set: 0.2ms
[3.760s][info][gc,phases     ] GC(114)   Other: 0.1ms
[3.760s][info][gc,heap       ] GC(114) Eden regions: 34->0(643)
[3.760s][info][gc,heap       ] GC(114) Survivor regions: 50->58(105)
[3.760s][info][gc,heap       ] GC(114) Old regions: 1594->1594
[3.760s][info][gc,heap       ] GC(114) Humongous regions: 139->137
[3.760s][info][gc,metaspace  ] GC(114) Metaspace: 6844K(7168K)->6844K(7168K) NonClass: 6256K(6400K)->6256K(6400K) Class: 587K(768K)->587K(768K)
[3.760s][info][gc            ] GC(114) Pause Young (Concurrent Start) (G1 Humongous Allocation) 1816M->1787M(3739M) 3.083ms
[3.760s][info][gc,cpu        ] GC(114) User=0.00s Sys=0.00s Real=0.00s
[3.760s][info][gc            ] GC(115) Concurrent Cycle
[3.760s][info][gc,marking    ] GC(115) Concurrent Clear Claimed Marks
[3.760s][info][gc,marking    ] GC(115) Concurrent Clear Claimed Marks 0.010ms
[3.760s][info][gc,marking    ] GC(115) Concurrent Scan Root Regions
[3.760s][info][gc,marking    ] GC(115) Concurrent Scan Root Regions 0.043ms
[3.760s][info][gc,marking    ] GC(115) Concurrent Mark (3.760s)
[3.760s][info][gc,marking    ] GC(115) Concurrent Mark From Roots
[3.760s][info][gc,task       ] GC(115) Using 3 workers of 3 for marking
[3.762s][info][gc,marking    ] GC(115) Concurrent Mark From Roots 2.191ms
[3.762s][info][gc,marking    ] GC(115) Concurrent Preclean
[3.762s][info][gc,marking    ] GC(115) Concurrent Preclean 0.061ms
[3.762s][info][gc,marking    ] GC(115) Concurrent Mark (3.760s, 3.762s) 2.282ms
[3.763s][info][gc,start      ] GC(115) Pause Remark
[3.763s][info][gc,stringtable] GC(115) Cleaned string and symbol table, strings: 2624 processed, 0 removed, symbols: 25587 processed, 0 removed
[3.763s][info][gc            ] GC(115) Pause Remark 1795M->1795M(3739M) 0.453ms
[3.763s][info][gc,cpu        ] GC(115) User=0.00s Sys=0.00s Real=0.00s
[3.763s][info][gc,marking    ] GC(115) Concurrent Rebuild Remembered Sets
[3.764s][info][gc,marking    ] GC(115) Concurrent Rebuild Remembered Sets 1.445ms
[3.765s][info][gc,start      ] GC(115) Pause Cleanup
[3.765s][info][gc            ] GC(115) Pause Cleanup 1800M->1800M(3739M) 0.272ms
[3.765s][info][gc,cpu        ] GC(115) User=0.00s Sys=0.00s Real=0.00s
[3.765s][info][gc,marking    ] GC(115) Concurrent Cleanup for Next Mark
[3.766s][info][gc,marking    ] GC(115) Concurrent Cleanup for Next Mark 1.285ms
[3.766s][info][gc            ] GC(115) Concurrent Cycle 6.041ms
[3.779s][info][gc,start      ] GC(116) Pause Young (Concurrent Start) (G1 Humongous Allocation)
[3.779s][info][gc,task       ] GC(116) Using 13 workers of 13 for evacuation
[3.782s][info][gc,phases     ] GC(116)   Pre Evacuate Collection Set: 0.0ms
[3.782s][info][gc,phases     ] GC(116)   Evacuate Collection Set: 3.3ms
[3.782s][info][gc,phases     ] GC(116)   Post Evacuate Collection Set: 0.2ms
[3.782s][info][gc,phases     ] GC(116)   Other: 0.1ms
[3.782s][info][gc,heap       ] GC(116) Eden regions: 52->0(697)
[3.782s][info][gc,heap       ] GC(116) Survivor regions: 58->55(88)
[3.782s][info][gc,heap       ] GC(116) Old regions: 1594->1608
[3.782s][info][gc,heap       ] GC(116) Humongous regions: 139->137
[3.782s][info][gc,metaspace  ] GC(116) Metaspace: 6844K(7168K)->6844K(7168K) NonClass: 6256K(6400K)->6256K(6400K) Class: 587K(768K)->587K(768K)
[3.782s][info][gc            ] GC(116) Pause Young (Concurrent Start) (G1 Humongous Allocation) 1841M->1798M(3739M) 3.773ms
[3.782s][info][gc,cpu        ] GC(116) User=0.12s Sys=0.08s Real=0.00s
[3.782s][info][gc            ] GC(117) Concurrent Cycle
[3.783s][info][gc,marking    ] GC(117) Concurrent Clear Claimed Marks
[3.783s][info][gc,marking    ] GC(117) Concurrent Clear Claimed Marks 0.010ms
[3.783s][info][gc,marking    ] GC(117) Concurrent Scan Root Regions
[3.783s][info][gc,marking    ] GC(117) Concurrent Scan Root Regions 0.044ms
[3.783s][info][gc,marking    ] GC(117) Concurrent Mark (3.783s)
[3.783s][info][gc,marking    ] GC(117) Concurrent Mark From Roots
[3.783s][info][gc,task       ] GC(117) Using 3 workers of 3 for marking
[3.785s][info][gc,marking    ] GC(117) Concurrent Mark From Roots 2.463ms
[3.785s][info][gc,marking    ] GC(117) Concurrent Preclean
[3.785s][info][gc,marking    ] GC(117) Concurrent Preclean 0.076ms
[3.785s][info][gc,marking    ] GC(117) Concurrent Mark (3.783s, 3.785s) 2.586ms
[3.785s][info][gc,start      ] GC(117) Pause Remark
[3.786s][info][gc,stringtable] GC(117) Cleaned string and symbol table, strings: 2624 processed, 0 removed, symbols: 25587 processed, 0 removed
[3.786s][info][gc            ] GC(117) Pause Remark 1806M->1806M(3739M) 0.506ms
[3.786s][info][gc,cpu        ] GC(117) User=0.00s Sys=0.00s Real=0.00s
[3.786s][info][gc,marking    ] GC(117) Concurrent Rebuild Remembered Sets
[3.787s][info][gc,marking    ] GC(117) Concurrent Rebuild Remembered Sets 1.697ms
[3.788s][info][gc,start      ] GC(117) Pause Cleanup
[3.788s][info][gc            ] GC(117) Pause Cleanup 1812M->1812M(3739M) 0.293ms
[3.788s][info][gc,cpu        ] GC(117) User=0.00s Sys=0.00s Real=0.00s
[3.788s][info][gc,marking    ] GC(117) Concurrent Cleanup for Next Mark
[3.789s][info][gc,marking    ] GC(117) Concurrent Cleanup for Next Mark 1.537ms
[3.789s][info][gc            ] GC(117) Concurrent Cycle 6.923ms
[3.795s][info][gc,start      ] GC(118) Pause Young (Concurrent Start) (G1 Humongous Allocation)
[3.795s][info][gc,task       ] GC(118) Using 13 workers of 13 for evacuation
[3.799s][info][gc,phases     ] GC(118)   Pre Evacuate Collection Set: 0.0ms
[3.799s][info][gc,phases     ] GC(118)   Evacuate Collection Set: 2.8ms
[3.799s][info][gc,phases     ] GC(118)   Post Evacuate Collection Set: 0.7ms
[3.799s][info][gc,phases     ] GC(118)   Other: 0.1ms
[3.799s][info][gc,heap       ] GC(118) Eden regions: 35->0(731)
[3.799s][info][gc,heap       ] GC(118) Survivor regions: 55->56(94)
[3.799s][info][gc,heap       ] GC(118) Old regions: 1608->1612
[3.799s][info][gc,heap       ] GC(118) Humongous regions: 139->137
[3.799s][info][gc,metaspace  ] GC(118) Metaspace: 6844K(7168K)->6844K(7168K) NonClass: 6256K(6400K)->6256K(6400K) Class: 587K(768K)->587K(768K)
[3.799s][info][gc            ] GC(118) Pause Young (Concurrent Start) (G1 Humongous Allocation) 1835M->1804M(3811M) 3.793ms
[3.799s][info][gc,cpu        ] GC(118) User=0.14s Sys=0.05s Real=0.00s
[3.799s][info][gc            ] GC(119) Concurrent Cycle
[3.799s][info][gc,marking    ] GC(119) Concurrent Clear Claimed Marks
[3.799s][info][gc,marking    ] GC(119) Concurrent Clear Claimed Marks 0.010ms
[3.799s][info][gc,marking    ] GC(119) Concurrent Scan Root Regions
[3.799s][info][gc,marking    ] GC(119) Concurrent Scan Root Regions 0.044ms
[3.799s][info][gc,marking    ] GC(119) Concurrent Mark (3.799s)
[3.799s][info][gc,marking    ] GC(119) Concurrent Mark From Roots
[3.799s][info][gc,task       ] GC(119) Using 3 workers of 3 for marking
[3.802s][info][gc,marking    ] GC(119) Concurrent Mark From Roots 2.442ms
[3.802s][info][gc,marking    ] GC(119) Concurrent Preclean
[3.802s][info][gc,marking    ] GC(119) Concurrent Preclean 0.081ms
[3.802s][info][gc,marking    ] GC(119) Concurrent Mark (3.799s, 3.802s) 2.567ms
[3.802s][info][gc,start      ] GC(119) Pause Remark
[3.802s][info][gc,stringtable] GC(119) Cleaned string and symbol table, strings: 2624 processed, 0 removed, symbols: 25587 processed, 0 removed
[3.802s][info][gc            ] GC(119) Pause Remark 1811M->1811M(3811M) 0.513ms
[3.802s][info][gc,cpu        ] GC(119) User=0.00s Sys=0.00s Real=0.00s
[3.802s][info][gc,marking    ] GC(119) Concurrent Rebuild Remembered Sets
[3.804s][info][gc,marking    ] GC(119) Concurrent Rebuild Remembered Sets 1.552ms
[3.804s][info][gc,start      ] GC(119) Pause Cleanup
[3.804s][info][gc            ] GC(119) Pause Cleanup 1815M->1815M(3811M) 0.274ms
[3.804s][info][gc,cpu        ] GC(119) User=0.00s Sys=0.00s Real=0.00s
[3.804s][info][gc,marking    ] GC(119) Concurrent Cleanup for Next Mark
[3.806s][info][gc,marking    ] GC(119) Concurrent Cleanup for Next Mark 1.353ms
[3.806s][info][gc            ] GC(119) Concurrent Cycle 6.547ms
[3.808s][info][gc,start      ] GC(120) Pause Young (Concurrent Start) (G1 Humongous Allocation)
[3.808s][info][gc,task       ] GC(120) Using 13 workers of 13 for evacuation
[3.813s][info][gc,phases     ] GC(120)   Pre Evacuate Collection Set: 0.0ms
[3.813s][info][gc,phases     ] GC(120)   Evacuate Collection Set: 4.8ms
[3.813s][info][gc,phases     ] GC(120)   Post Evacuate Collection Set: 0.1ms
[3.813s][info][gc,phases     ] GC(120)   Other: 0.1ms
[3.813s][info][gc,heap       ] GC(120) Eden regions: 14->0(645)
[3.813s][info][gc,heap       ] GC(120) Survivor regions: 56->54(99)
[3.813s][info][gc,heap       ] GC(120) Old regions: 1612->1618
[3.813s][info][gc,heap       ] GC(120) Humongous regions: 141->138
[3.813s][info][gc,metaspace  ] GC(120) Metaspace: 6844K(7168K)->6844K(7168K) NonClass: 6256K(6400K)->6256K(6400K) Class: 587K(768K)->587K(768K)
[3.813s][info][gc            ] GC(120) Pause Young (Concurrent Start) (G1 Humongous Allocation) 1822M->1809M(3811M) 5.212ms
[3.813s][info][gc,cpu        ] GC(120) User=0.08s Sys=0.12s Real=0.00s
[3.813s][info][gc            ] GC(121) Concurrent Cycle
[3.813s][info][gc,marking    ] GC(121) Concurrent Clear Claimed Marks
[3.813s][info][gc,marking    ] GC(121) Concurrent Clear Claimed Marks 0.010ms
[3.813s][info][gc,marking    ] GC(121) Concurrent Scan Root Regions
[3.813s][info][gc,marking    ] GC(121) Concurrent Scan Root Regions 0.039ms
[3.813s][info][gc,marking    ] GC(121) Concurrent Mark (3.813s)
[3.813s][info][gc,marking    ] GC(121) Concurrent Mark From Roots
[3.813s][info][gc,task       ] GC(121) Using 3 workers of 3 for marking
[3.815s][info][gc,marking    ] GC(121) Concurrent Mark From Roots 2.243ms
[3.815s][info][gc,marking    ] GC(121) Concurrent Preclean
[3.815s][info][gc,marking    ] GC(121) Concurrent Preclean 0.063ms
[3.815s][info][gc,marking    ] GC(121) Concurrent Mark (3.813s, 3.815s) 2.343ms
[3.815s][info][gc,start      ] GC(121) Pause Remark
[3.816s][info][gc,stringtable] GC(121) Cleaned string and symbol table, strings: 2624 processed, 0 removed, symbols: 25587 processed, 0 removed
[3.816s][info][gc            ] GC(121) Pause Remark 1816M->1816M(3811M) 0.461ms
[3.816s][info][gc,cpu        ] GC(121) User=0.00s Sys=0.00s Real=0.00s
[3.816s][info][gc,marking    ] GC(121) Concurrent Rebuild Remembered Sets
[3.818s][info][gc,marking    ] GC(121) Concurrent Rebuild Remembered Sets 1.762ms
[3.818s][info][gc,start      ] GC(121) Pause Cleanup
[3.818s][info][gc            ] GC(121) Pause Cleanup 1820M->1820M(3811M) 0.310ms
[3.818s][info][gc,cpu        ] GC(121) User=0.00s Sys=0.00s Real=0.00s
[3.818s][info][gc,marking    ] GC(121) Concurrent Cleanup for Next Mark
[3.820s][info][gc,marking    ] GC(121) Concurrent Cleanup for Next Mark 1.573ms
[3.820s][info][gc            ] GC(121) Concurrent Cycle 6.766ms
[3.820s][info][gc,start      ] GC(122) Pause Young (Concurrent Start) (G1 Humongous Allocation)
[3.820s][info][gc,task       ] GC(122) Using 13 workers of 13 for evacuation
[3.823s][info][gc,phases     ] GC(122)   Pre Evacuate Collection Set: 0.0ms
[3.823s][info][gc,phases     ] GC(122)   Evacuate Collection Set: 2.9ms
[3.823s][info][gc,phases     ] GC(122)   Post Evacuate Collection Set: 0.1ms
[3.823s][info][gc,phases     ] GC(122)   Other: 0.1ms
[3.823s][info][gc,heap       ] GC(122) Eden regions: 13->0(642)
[3.823s][info][gc,heap       ] GC(122) Survivor regions: 54->49(88)
[3.823s][info][gc,heap       ] GC(122) Old regions: 1618->1626
[3.823s][info][gc,heap       ] GC(122) Humongous regions: 143->139
[3.823s][info][gc,metaspace  ] GC(122) Metaspace: 6844K(7168K)->6844K(7168K) NonClass: 6256K(6400K)->6256K(6400K) Class: 587K(768K)->587K(768K)
[3.823s][info][gc            ] GC(122) Pause Young (Concurrent Start) (G1 Humongous Allocation) 1826M->1812M(3811M) 3.292ms
[3.823s][info][gc,cpu        ] GC(122) User=0.00s Sys=0.00s Real=0.00s
[3.823s][info][gc            ] GC(123) Concurrent Cycle
[3.823s][info][gc,marking    ] GC(123) Concurrent Clear Claimed Marks
[3.823s][info][gc,marking    ] GC(123) Concurrent Clear Claimed Marks 0.009ms
[3.823s][info][gc,marking    ] GC(123) Concurrent Scan Root Regions
[3.823s][info][gc,marking    ] GC(123) Concurrent Scan Root Regions 0.040ms
[3.823s][info][gc,marking    ] GC(123) Concurrent Mark (3.823s)
[3.823s][info][gc,marking    ] GC(123) Concurrent Mark From Roots
[3.823s][info][gc,task       ] GC(123) Using 3 workers of 3 for marking
[3.826s][info][gc,marking    ] GC(123) Concurrent Mark From Roots 2.425ms
[3.826s][info][gc,marking    ] GC(123) Concurrent Preclean
[3.826s][info][gc,marking    ] GC(123) Concurrent Preclean 0.081ms
[3.826s][info][gc,marking    ] GC(123) Concurrent Mark (3.823s, 3.826s) 2.549ms
[3.826s][info][gc,start      ] GC(123) Pause Remark
[3.826s][info][gc,stringtable] GC(123) Cleaned string and symbol table, strings: 2624 processed, 0 removed, symbols: 25587 processed, 0 removed
[3.827s][info][gc            ] GC(123) Pause Remark 1820M->1820M(3811M) 0.514ms
[3.827s][info][gc,cpu        ] GC(123) User=0.00s Sys=0.00s Real=0.00s
[3.827s][info][gc,marking    ] GC(123) Concurrent Rebuild Remembered Sets
[3.828s][info][gc,marking    ] GC(123) Concurrent Rebuild Remembered Sets 1.589ms
[3.828s][info][gc,start      ] GC(123) Pause Cleanup
[3.829s][info][gc            ] GC(123) Pause Cleanup 1825M->1825M(3811M) 0.298ms
[3.829s][info][gc,cpu        ] GC(123) User=0.00s Sys=0.00s Real=0.00s
[3.829s][info][gc,marking    ] GC(123) Concurrent Cleanup for Next Mark
[3.830s][info][gc,marking    ] GC(123) Concurrent Cleanup for Next Mark 1.426ms
[3.830s][info][gc            ] GC(123) Concurrent Cycle 6.682ms
[3.831s][info][gc,start      ] GC(124) Pause Young (Concurrent Start) (G1 Humongous Allocation)
[3.831s][info][gc,task       ] GC(124) Using 13 workers of 13 for evacuation
[3.834s][info][gc,phases     ] GC(124)   Pre Evacuate Collection Set: 0.0ms
[3.834s][info][gc,phases     ] GC(124)   Evacuate Collection Set: 2.5ms
[3.834s][info][gc,phases     ] GC(124)   Post Evacuate Collection Set: 0.1ms
[3.834s][info][gc,phases     ] GC(124)   Other: 0.1ms
[3.834s][info][gc,heap       ] GC(124) Eden regions: 14->0(697)
[3.834s][info][gc,heap       ] GC(124) Survivor regions: 49->47(87)
[3.834s][info][gc,heap       ] GC(124) Old regions: 1626->1630
[3.834s][info][gc,heap       ] GC(124) Humongous regions: 145->140
[3.834s][info][gc,metaspace  ] GC(124) Metaspace: 6844K(7168K)->6844K(7168K) NonClass: 6256K(6400K)->6256K(6400K) Class: 587K(768K)->587K(768K)
[3.834s][info][gc            ] GC(124) Pause Young (Concurrent Start) (G1 Humongous Allocation) 1832M->1816M(3811M) 2.847ms
[3.834s][info][gc,cpu        ] GC(124) User=0.00s Sys=0.00s Real=0.00s
[3.834s][info][gc            ] GC(125) Concurrent Cycle
[3.834s][info][gc,marking    ] GC(125) Concurrent Clear Claimed Marks
[3.834s][info][gc,marking    ] GC(125) Concurrent Clear Claimed Marks 0.010ms
[3.834s][info][gc,marking    ] GC(125) Concurrent Scan Root Regions
[3.834s][info][gc,marking    ] GC(125) Concurrent Scan Root Regions 0.041ms
[3.834s][info][gc,marking    ] GC(125) Concurrent Mark (3.834s)
[3.834s][info][gc,marking    ] GC(125) Concurrent Mark From Roots
[3.834s][info][gc,task       ] GC(125) Using 3 workers of 3 for marking
[3.836s][info][gc,marking    ] GC(125) Concurrent Mark From Roots 2.294ms
[3.836s][info][gc,marking    ] GC(125) Concurrent Preclean
[3.836s][info][gc,marking    ] GC(125) Concurrent Preclean 0.060ms
[3.836s][info][gc,marking    ] GC(125) Concurrent Mark (3.834s, 3.836s) 2.385ms
[3.836s][info][gc,start      ] GC(125) Pause Remark
[3.837s][info][gc,stringtable] GC(125) Cleaned string and symbol table, strings: 2624 processed, 0 removed, symbols: 25587 processed, 0 removed
[3.837s][info][gc            ] GC(125) Pause Remark 1824M->1824M(3811M) 0.509ms
[3.837s][info][gc,cpu        ] GC(125) User=0.00s Sys=0.00s Real=0.00s
[3.837s][info][gc,marking    ] GC(125) Concurrent Rebuild Remembered Sets
[3.839s][info][gc,marking    ] GC(125) Concurrent Rebuild Remembered Sets 1.599ms
[3.839s][info][gc,start      ] GC(125) Pause Cleanup
[3.839s][info][gc            ] GC(125) Pause Cleanup 1830M->1830M(3811M) 0.284ms
[3.839s][info][gc,cpu        ] GC(125) User=0.00s Sys=0.00s Real=0.00s
[3.839s][info][gc,marking    ] GC(125) Concurrent Cleanup for Next Mark
[3.840s][info][gc,marking    ] GC(125) Concurrent Cleanup for Next Mark 1.415ms
[3.840s][info][gc            ] GC(125) Concurrent Cycle 6.493ms
[3.841s][info][gc,start      ] GC(126) Pause Young (Concurrent Start) (G1 Humongous Allocation)
[3.841s][info][gc,task       ] GC(126) Using 13 workers of 13 for evacuation
[3.844s][info][gc,phases     ] GC(126)   Pre Evacuate Collection Set: 0.0ms
[3.844s][info][gc,phases     ] GC(126)   Evacuate Collection Set: 2.2ms
[3.844s][info][gc,phases     ] GC(126)   Post Evacuate Collection Set: 0.7ms
[3.844s][info][gc,phases     ] GC(126)   Other: 0.1ms
[3.844s][info][gc,heap       ] GC(126) Eden regions: 13->0(690)
[3.844s][info][gc,heap       ] GC(126) Survivor regions: 47->50(93)
[3.844s][info][gc,heap       ] GC(126) Old regions: 1630->1630
[3.844s][info][gc,heap       ] GC(126) Humongous regions: 145->142
[3.844s][info][gc,metaspace  ] GC(126) Metaspace: 6844K(7168K)->6844K(7168K) NonClass: 6256K(6400K)->6256K(6400K) Class: 587K(768K)->587K(768K)
[3.844s][info][gc            ] GC(126) Pause Young (Concurrent Start) (G1 Humongous Allocation) 1834M->1820M(3881M) 3.190ms
[3.844s][info][gc,cpu        ] GC(126) User=0.00s Sys=0.16s Real=0.00s
[3.844s][info][gc            ] GC(127) Concurrent Cycle
[3.844s][info][gc,marking    ] GC(127) Concurrent Clear Claimed Marks
[3.844s][info][gc,marking    ] GC(127) Concurrent Clear Claimed Marks 0.010ms
[3.844s][info][gc,marking    ] GC(127) Concurrent Scan Root Regions
[3.844s][info][gc,marking    ] GC(127) Concurrent Scan Root Regions 0.035ms
[3.844s][info][gc,marking    ] GC(127) Concurrent Mark (3.844s)
[3.844s][info][gc,marking    ] GC(127) Concurrent Mark From Roots
[3.844s][info][gc,task       ] GC(127) Using 3 workers of 3 for marking
[3.846s][info][gc,marking    ] GC(127) Concurrent Mark From Roots 2.325ms
[3.846s][info][gc,marking    ] GC(127) Concurrent Preclean
[3.847s][info][gc,marking    ] GC(127) Concurrent Preclean 0.090ms
[3.847s][info][gc,marking    ] GC(127) Concurrent Mark (3.844s, 3.847s) 2.451ms
[3.847s][info][gc,start      ] GC(127) Pause Remark
[3.847s][info][gc,stringtable] GC(127) Cleaned string and symbol table, strings: 2624 processed, 0 removed, symbols: 25587 processed, 0 removed
[3.847s][info][gc            ] GC(127) Pause Remark 1827M->1827M(3881M) 0.509ms
[3.847s][info][gc,cpu        ] GC(127) User=0.00s Sys=0.00s Real=0.00s
[3.847s][info][gc,marking    ] GC(127) Concurrent Rebuild Remembered Sets
[3.849s][info][gc,marking    ] GC(127) Concurrent Rebuild Remembered Sets 1.654ms
[3.849s][info][gc,start      ] GC(127) Pause Cleanup
[3.849s][info][gc            ] GC(127) Pause Cleanup 1830M->1830M(3881M) 0.306ms
[3.849s][info][gc,cpu        ] GC(127) User=0.00s Sys=0.00s Real=0.00s
[3.849s][info][gc,marking    ] GC(127) Concurrent Cleanup for Next Mark
[3.851s][info][gc,marking    ] GC(127) Concurrent Cleanup for Next Mark 1.349ms
[3.851s][info][gc            ] GC(127) Concurrent Cycle 6.585ms
[3.851s][info][gc,start      ] GC(128) Pause Young (Concurrent Start) (G1 Humongous Allocation)
[3.851s][info][gc,task       ] GC(128) Using 13 workers of 13 for evacuation
[3.856s][info][gc,phases     ] GC(128)   Pre Evacuate Collection Set: 0.0ms
[3.856s][info][gc,phases     ] GC(128)   Evacuate Collection Set: 4.6ms
[3.856s][info][gc,phases     ] GC(128)   Post Evacuate Collection Set: 0.2ms
[3.856s][info][gc,phases     ] GC(128)   Other: 0.1ms
[3.856s][info][gc,heap       ] GC(128) Eden regions: 10->0(736)
[3.856s][info][gc,heap       ] GC(128) Survivor regions: 50->51(93)
[3.856s][info][gc,heap       ] GC(128) Old regions: 1630->1630
[3.856s][info][gc,heap       ] GC(128) Humongous regions: 144->142
[3.856s][info][gc,metaspace  ] GC(128) Metaspace: 6844K(7168K)->6844K(7168K) NonClass: 6256K(6400K)->6256K(6400K) Class: 587K(768K)->587K(768K)
[3.856s][info][gc            ] GC(128) Pause Young (Concurrent Start) (G1 Humongous Allocation) 1832M->1821M(3881M) 4.967ms
[3.856s][info][gc,cpu        ] GC(128) User=0.00s Sys=0.00s Real=0.00s
[3.856s][info][gc            ] GC(129) Concurrent Cycle
[3.856s][info][gc,marking    ] GC(129) Concurrent Clear Claimed Marks
[3.856s][info][gc,marking    ] GC(129) Concurrent Clear Claimed Marks 0.010ms
[3.856s][info][gc,marking    ] GC(129) Concurrent Scan Root Regions
[3.856s][info][gc,marking    ] GC(129) Concurrent Scan Root Regions 0.038ms
[3.856s][info][gc,marking    ] GC(129) Concurrent Mark (3.856s)
[3.856s][info][gc,marking    ] GC(129) Concurrent Mark From Roots
[3.856s][info][gc,task       ] GC(129) Using 3 workers of 3 for marking
[3.858s][info][gc,marking    ] GC(129) Concurrent Mark From Roots 2.189ms
[3.858s][info][gc,marking    ] GC(129) Concurrent Preclean
[3.858s][info][gc,marking    ] GC(129) Concurrent Preclean 0.065ms
[3.858s][info][gc,marking    ] GC(129) Concurrent Mark (3.856s, 3.858s) 2.284ms
[3.859s][info][gc,start      ] GC(129) Pause Remark
[3.859s][info][gc,stringtable] GC(129) Cleaned string and symbol table, strings: 2624 processed, 0 removed, symbols: 25587 processed, 0 removed
[3.859s][info][gc            ] GC(129) Pause Remark 1830M->1830M(3881M) 0.465ms
[3.859s][info][gc,cpu        ] GC(129) User=0.12s Sys=0.08s Real=0.00s
[3.859s][info][gc,marking    ] GC(129) Concurrent Rebuild Remembered Sets
[3.861s][info][gc,marking    ] GC(129) Concurrent Rebuild Remembered Sets 1.514ms
[3.861s][info][gc,start      ] GC(129) Pause Cleanup
[3.861s][info][gc            ] GC(129) Pause Cleanup 1833M->1833M(3881M) 0.300ms
[3.861s][info][gc,cpu        ] GC(129) User=0.00s Sys=0.00s Real=0.00s
[3.861s][info][gc,marking    ] GC(129) Concurrent Cleanup for Next Mark
[3.862s][info][gc,marking    ] GC(129) Concurrent Cleanup for Next Mark 1.464ms
[3.862s][info][gc            ] GC(129) Concurrent Cycle 6.349ms
[3.865s][info][gc,start      ] GC(130) Pause Young (Concurrent Start) (G1 Humongous Allocation)
[3.865s][info][gc,task       ] GC(130) Using 13 workers of 13 for evacuation
[3.868s][info][gc,phases     ] GC(130)   Pre Evacuate Collection Set: 0.0ms
[3.868s][info][gc,phases     ] GC(130)   Evacuate Collection Set: 2.6ms
[3.868s][info][gc,phases     ] GC(130)   Post Evacuate Collection Set: 0.1ms
[3.868s][info][gc,phases     ] GC(130)   Other: 0.1ms
[3.868s][info][gc,heap       ] GC(130) Eden regions: 20->0(737)
[3.868s][info][gc,heap       ] GC(130) Survivor regions: 51->56(99)
[3.868s][info][gc,heap       ] GC(130) Old regions: 1630->1630
[3.868s][info][gc,heap       ] GC(130) Humongous regions: 143->142
[3.868s][info][gc,metaspace  ] GC(130) Metaspace: 6844K(7168K)->6844K(7168K) NonClass: 6256K(6400K)->6256K(6400K) Class: 587K(768K)->587K(768K)
[3.868s][info][gc            ] GC(130) Pause Young (Concurrent Start) (G1 Humongous Allocation) 1842M->1826M(3881M) 2.944ms
[3.868s][info][gc,cpu        ] GC(130) User=0.00s Sys=0.00s Real=0.00s
[3.868s][info][gc            ] GC(131) Concurrent Cycle
[3.868s][info][gc,marking    ] GC(131) Concurrent Clear Claimed Marks
[3.868s][info][gc,marking    ] GC(131) Concurrent Clear Claimed Marks 0.010ms
[3.868s][info][gc,marking    ] GC(131) Concurrent Scan Root Regions
[3.868s][info][gc,marking    ] GC(131) Concurrent Scan Root Regions 0.042ms
[3.868s][info][gc,marking    ] GC(131) Concurrent Mark (3.868s)
[3.868s][info][gc,marking    ] GC(131) Concurrent Mark From Roots
[3.868s][info][gc,task       ] GC(131) Using 3 workers of 3 for marking
[3.871s][info][gc,marking    ] GC(131) Concurrent Mark From Roots 2.241ms
[3.871s][info][gc,marking    ] GC(131) Concurrent Preclean
[3.871s][info][gc,marking    ] GC(131) Concurrent Preclean 0.063ms
[3.871s][info][gc,marking    ] GC(131) Concurrent Mark (3.868s, 3.871s) 2.345ms
[3.871s][info][gc,start      ] GC(131) Pause Remark
[3.871s][info][gc,stringtable] GC(131) Cleaned string and symbol table, strings: 2624 processed, 0 removed, symbols: 25587 processed, 0 removed
[3.871s][info][gc            ] GC(131) Pause Remark 1834M->1834M(3881M) 0.501ms
[3.871s][info][gc,cpu        ] GC(131) User=0.00s Sys=0.00s Real=0.00s
[3.871s][info][gc,marking    ] GC(131) Concurrent Rebuild Remembered Sets
[3.873s][info][gc,marking    ] GC(131) Concurrent Rebuild Remembered Sets 1.532ms
[3.873s][info][gc,start      ] GC(131) Pause Cleanup
[3.873s][info][gc            ] GC(131) Pause Cleanup 1839M->1839M(3881M) 0.280ms
[3.873s][info][gc,cpu        ] GC(131) User=0.00s Sys=0.00s Real=0.00s
[3.873s][info][gc,marking    ] GC(131) Concurrent Cleanup for Next Mark
[3.875s][info][gc,marking    ] GC(131) Concurrent Cleanup for Next Mark 1.363ms
[3.875s][info][gc            ] GC(131) Concurrent Cycle 6.366ms
[3.875s][info][gc,start      ] GC(132) Pause Young (Concurrent Start) (G1 Humongous Allocation)
[3.875s][info][gc,task       ] GC(132) Using 13 workers of 13 for evacuation
[3.878s][info][gc,phases     ] GC(132)   Pre Evacuate Collection Set: 0.0ms
[3.878s][info][gc,phases     ] GC(132)   Evacuate Collection Set: 2.6ms
[3.878s][info][gc,phases     ] GC(132)   Post Evacuate Collection Set: 0.1ms
[3.878s][info][gc,phases     ] GC(132)   Other: 0.1ms
[3.878s][info][gc,heap       ] GC(132) Eden regions: 15->0(782)
[3.878s][info][gc,heap       ] GC(132) Survivor regions: 56->57(100)
[3.878s][info][gc,heap       ] GC(132) Old regions: 1630->1630
[3.878s][info][gc,heap       ] GC(132) Humongous regions: 143->142
[3.878s][info][gc,metaspace  ] GC(132) Metaspace: 6844K(7168K)->6844K(7168K) NonClass: 6256K(6400K)->6256K(6400K) Class: 587K(768K)->587K(768K)
[3.878s][info][gc            ] GC(132) Pause Young (Concurrent Start) (G1 Humongous Allocation) 1842M->1827M(3881M) 2.930ms
[3.878s][info][gc,cpu        ] GC(132) User=0.00s Sys=0.00s Real=0.00s
[3.878s][info][gc            ] GC(133) Concurrent Cycle
[3.878s][info][gc,marking    ] GC(133) Concurrent Clear Claimed Marks
[3.878s][info][gc,marking    ] GC(133) Concurrent Clear Claimed Marks 0.009ms
[3.878s][info][gc,marking    ] GC(133) Concurrent Scan Root Regions
[3.878s][info][gc,marking    ] GC(133) Concurrent Scan Root Regions 0.038ms
[3.878s][info][gc,marking    ] GC(133) Concurrent Mark (3.878s)
[3.878s][info][gc,marking    ] GC(133) Concurrent Mark From Roots
[3.878s][info][gc,task       ] GC(133) Using 3 workers of 3 for marking
[3.881s][info][gc,marking    ] GC(133) Concurrent Mark From Roots 2.362ms
[3.881s][info][gc,marking    ] GC(133) Concurrent Preclean
[3.881s][info][gc,marking    ] GC(133) Concurrent Preclean 0.061ms
[3.881s][info][gc,marking    ] GC(133) Concurrent Mark (3.878s, 3.881s) 2.465ms
[3.881s][info][gc,start      ] GC(133) Pause Remark
[3.881s][info][gc,stringtable] GC(133) Cleaned string and symbol table, strings: 2624 processed, 0 removed, symbols: 25587 processed, 0 removed
[3.881s][info][gc            ] GC(133) Pause Remark 1836M->1836M(3881M) 0.480ms
[3.881s][info][gc,cpu        ] GC(133) User=0.00s Sys=0.00s Real=0.00s
[3.881s][info][gc,marking    ] GC(133) Concurrent Rebuild Remembered Sets
[3.883s][info][gc,marking    ] GC(133) Concurrent Rebuild Remembered Sets 1.568ms
[3.883s][info][gc,start      ] GC(133) Pause Cleanup
[3.883s][info][gc            ] GC(133) Pause Cleanup 1841M->1841M(3881M) 0.303ms
[3.883s][info][gc,cpu        ] GC(133) User=0.00s Sys=0.00s Real=0.00s
[3.883s][info][gc,marking    ] GC(133) Concurrent Cleanup for Next Mark
[3.885s][info][gc,marking    ] GC(133) Concurrent Cleanup for Next Mark 1.452ms
[3.885s][info][gc            ] GC(133) Concurrent Cycle 6.600ms
[3.890s][info][gc,start      ] GC(134) Pause Young (Concurrent Start) (G1 Humongous Allocation)
[3.890s][info][gc,task       ] GC(134) Using 13 workers of 13 for evacuation
[3.894s][info][gc,phases     ] GC(134)   Pre Evacuate Collection Set: 0.0ms
[3.894s][info][gc,phases     ] GC(134)   Evacuate Collection Set: 2.9ms
[3.894s][info][gc,phases     ] GC(134)   Post Evacuate Collection Set: 0.8ms
[3.894s][info][gc,phases     ] GC(134)   Other: 0.1ms
[3.894s][info][gc,heap       ] GC(134) Eden regions: 31->0(879)
[3.894s][info][gc,heap       ] GC(134) Survivor regions: 57->63(105)
[3.894s][info][gc,heap       ] GC(134) Old regions: 1630->1630
[3.894s][info][gc,heap       ] GC(134) Humongous regions: 144->142
[3.894s][info][gc,metaspace  ] GC(134) Metaspace: 6844K(7168K)->6844K(7168K) NonClass: 6256K(6400K)->6256K(6400K) Class: 587K(768K)->587K(768K)
[3.894s][info][gc            ] GC(134) Pause Young (Concurrent Start) (G1 Humongous Allocation) 1860M->1834M(3938M) 3.997ms
[3.894s][info][gc,cpu        ] GC(134) User=0.00s Sys=0.02s Real=0.00s
[3.894s][info][gc            ] GC(135) Concurrent Cycle
[3.894s][info][gc,marking    ] GC(135) Concurrent Clear Claimed Marks
[3.894s][info][gc,marking    ] GC(135) Concurrent Clear Claimed Marks 0.010ms
[3.894s][info][gc,marking    ] GC(135) Concurrent Scan Root Regions
[3.894s][info][gc,marking    ] GC(135) Concurrent Scan Root Regions 0.044ms
[3.894s][info][gc,marking    ] GC(135) Concurrent Mark (3.894s)
[3.894s][info][gc,marking    ] GC(135) Concurrent Mark From Roots
[3.894s][info][gc,task       ] GC(135) Using 3 workers of 3 for marking
[3.896s][info][gc,marking    ] GC(135) Concurrent Mark From Roots 2.369ms
[3.896s][info][gc,marking    ] GC(135) Concurrent Preclean
[3.896s][info][gc,marking    ] GC(135) Concurrent Preclean 0.067ms
[3.896s][info][gc,marking    ] GC(135) Concurrent Mark (3.894s, 3.896s) 2.487ms
[3.896s][info][gc,start      ] GC(135) Pause Remark
[3.897s][info][gc,stringtable] GC(135) Cleaned string and symbol table, strings: 2624 processed, 0 removed, symbols: 25587 processed, 0 removed
[3.897s][info][gc            ] GC(135) Pause Remark 1839M->1839M(3938M) 0.490ms
[3.897s][info][gc,cpu        ] GC(135) User=0.00s Sys=0.00s Real=0.00s
[3.897s][info][gc,marking    ] GC(135) Concurrent Rebuild Remembered Sets
[3.899s][info][gc,marking    ] GC(135) Concurrent Rebuild Remembered Sets 1.599ms
[3.899s][info][gc,start      ] GC(135) Pause Cleanup
[3.899s][info][gc            ] GC(135) Pause Cleanup 1841M->1841M(3938M) 0.299ms
[3.899s][info][gc,cpu        ] GC(135) User=0.00s Sys=0.00s Real=0.00s
[3.899s][info][gc,marking    ] GC(135) Concurrent Cleanup for Next Mark
[3.900s][info][gc,marking    ] GC(135) Concurrent Cleanup for Next Mark 1.393ms
[3.900s][info][gc            ] GC(135) Concurrent Cycle 6.693ms
[3.904s][info][gc,start      ] GC(136) Pause Young (Concurrent Start) (G1 Humongous Allocation)
[3.904s][info][gc,task       ] GC(136) Using 13 workers of 13 for evacuation
[3.914s][info][gc,phases     ] GC(136)   Pre Evacuate Collection Set: 0.0ms
[3.914s][info][gc,phases     ] GC(136)   Evacuate Collection Set: 9.7ms
[3.914s][info][gc,phases     ] GC(136)   Post Evacuate Collection Set: 0.2ms
[3.914s][info][gc,phases     ] GC(136)   Other: 0.1ms
[3.914s][info][gc,heap       ] GC(136) Eden regions: 13->0(796)
[3.914s][info][gc,heap       ] GC(136) Survivor regions: 63->66(118)
[3.914s][info][gc,heap       ] GC(136) Old regions: 1630->1630
[3.914s][info][gc,heap       ] GC(136) Humongous regions: 144->143
[3.914s][info][gc,metaspace  ] GC(136) Metaspace: 6844K(7168K)->6844K(7168K) NonClass: 6256K(6400K)->6256K(6400K) Class: 587K(768K)->587K(768K)
[3.914s][info][gc            ] GC(136) Pause Young (Concurrent Start) (G1 Humongous Allocation) 1849M->1837M(3938M) 10.047ms
[3.914s][info][gc,cpu        ] GC(136) User=0.11s Sys=0.08s Real=0.01s
[3.914s][info][gc            ] GC(137) Concurrent Cycle
[3.914s][info][gc,marking    ] GC(137) Concurrent Clear Claimed Marks
[3.914s][info][gc,marking    ] GC(137) Concurrent Clear Claimed Marks 0.010ms
[3.914s][info][gc,marking    ] GC(137) Concurrent Scan Root Regions
[3.914s][info][gc,marking    ] GC(137) Concurrent Scan Root Regions 0.042ms
[3.914s][info][gc,marking    ] GC(137) Concurrent Mark (3.914s)
[3.914s][info][gc,marking    ] GC(137) Concurrent Mark From Roots
[3.914s][info][gc,task       ] GC(137) Using 3 workers of 3 for marking
[3.916s][info][gc,marking    ] GC(137) Concurrent Mark From Roots 2.268ms
[3.916s][info][gc,marking    ] GC(137) Concurrent Preclean
[3.916s][info][gc,marking    ] GC(137) Concurrent Preclean 0.078ms
[3.916s][info][gc,marking    ] GC(137) Concurrent Mark (3.914s, 3.916s) 2.384ms
[3.917s][info][gc,start      ] GC(137) Pause Remark
[3.917s][info][gc,stringtable] GC(137) Cleaned string and symbol table, strings: 2624 processed, 0 removed, symbols: 25587 processed, 0 removed
[3.917s][info][gc            ] GC(137) Pause Remark 1846M->1846M(3938M) 0.485ms
[3.917s][info][gc,cpu        ] GC(137) User=0.00s Sys=0.00s Real=0.00s
[3.917s][info][gc,marking    ] GC(137) Concurrent Rebuild Remembered Sets
[3.919s][info][gc,marking    ] GC(137) Concurrent Rebuild Remembered Sets 1.593ms
[3.919s][info][gc,start      ] GC(137) Pause Cleanup
[3.919s][info][gc            ] GC(137) Pause Cleanup 1852M->1852M(3938M) 0.286ms
[3.919s][info][gc,cpu        ] GC(137) User=0.00s Sys=0.00s Real=0.00s
[3.919s][info][gc,marking    ] GC(137) Concurrent Cleanup for Next Mark
[3.921s][info][gc,marking    ] GC(137) Concurrent Cleanup for Next Mark 1.517ms
[3.921s][info][gc            ] GC(137) Concurrent Cycle 6.562ms
[3.924s][info][gc,start      ] GC(138) Pause Young (Concurrent Start) (G1 Humongous Allocation)
[3.924s][info][gc,task       ] GC(138) Using 13 workers of 13 for evacuation
[3.928s][info][gc,phases     ] GC(138)   Pre Evacuate Collection Set: 0.0ms
[3.928s][info][gc,phases     ] GC(138)   Evacuate Collection Set: 3.3ms
[3.928s][info][gc,phases     ] GC(138)   Post Evacuate Collection Set: 0.2ms
[3.928s][info][gc,phases     ] GC(138)   Other: 0.1ms
[3.928s][info][gc,heap       ] GC(138) Eden regions: 24->0(866)
[3.928s][info][gc,heap       ] GC(138) Survivor regions: 66->64(108)
[3.928s][info][gc,heap       ] GC(138) Old regions: 1630->1637
[3.928s][info][gc,heap       ] GC(138) Humongous regions: 148->144
[3.928s][info][gc,metaspace  ] GC(138) Metaspace: 6844K(7168K)->6844K(7168K) NonClass: 6256K(6400K)->6256K(6400K) Class: 587K(768K)->587K(768K)
[3.928s][info][gc            ] GC(138) Pause Young (Concurrent Start) (G1 Humongous Allocation) 1866M->1843M(3938M) 3.732ms
[3.928s][info][gc,cpu        ] GC(138) User=0.00s Sys=0.00s Real=0.00s
[3.928s][info][gc            ] GC(139) Concurrent Cycle
[3.928s][info][gc,marking    ] GC(139) Concurrent Clear Claimed Marks
[3.928s][info][gc,marking    ] GC(139) Concurrent Clear Claimed Marks 0.013ms
[3.928s][info][gc,marking    ] GC(139) Concurrent Scan Root Regions
[3.928s][info][gc,marking    ] GC(139) Concurrent Scan Root Regions 0.061ms
[3.928s][info][gc,marking    ] GC(139) Concurrent Mark (3.928s)
[3.928s][info][gc,marking    ] GC(139) Concurrent Mark From Roots
[3.928s][info][gc,task       ] GC(139) Using 3 workers of 3 for marking
[3.930s][info][gc,marking    ] GC(139) Concurrent Mark From Roots 2.478ms
[3.931s][info][gc,marking    ] GC(139) Concurrent Preclean
[3.931s][info][gc,marking    ] GC(139) Concurrent Preclean 0.092ms
[3.931s][info][gc,marking    ] GC(139) Concurrent Mark (3.928s, 3.931s) 2.612ms
[3.931s][info][gc,start      ] GC(139) Pause Remark
[3.931s][info][gc,stringtable] GC(139) Cleaned string and symbol table, strings: 2624 processed, 0 removed, symbols: 25587 processed, 0 removed
[3.931s][info][gc            ] GC(139) Pause Remark 1853M->1853M(3938M) 0.554ms
[3.931s][info][gc,cpu        ] GC(139) User=0.00s Sys=0.00s Real=0.00s
[3.931s][info][gc,marking    ] GC(139) Concurrent Rebuild Remembered Sets
[3.933s][info][gc,marking    ] GC(139) Concurrent Rebuild Remembered Sets 1.613ms
[3.933s][info][gc,start      ] GC(139) Pause Cleanup
[3.933s][info][gc            ] GC(139) Pause Cleanup 1856M->1856M(3938M) 0.286ms
[3.933s][info][gc,cpu        ] GC(139) User=0.00s Sys=0.00s Real=0.00s
[3.933s][info][gc,marking    ] GC(139) Concurrent Cleanup for Next Mark
[3.935s][info][gc,marking    ] GC(139) Concurrent Cleanup for Next Mark 1.426ms
[3.935s][info][gc            ] GC(139) Concurrent Cycle 6.824ms
[3.937s][info][gc,start      ] GC(140) Pause Young (Concurrent Start) (G1 Humongous Allocation)
[3.937s][info][gc,task       ] GC(140) Using 13 workers of 13 for evacuation
[3.940s][info][gc,phases     ] GC(140)   Pre Evacuate Collection Set: 0.0ms
[3.940s][info][gc,phases     ] GC(140)   Evacuate Collection Set: 3.1ms
[3.940s][info][gc,phases     ] GC(140)   Post Evacuate Collection Set: 0.1ms
[3.940s][info][gc,phases     ] GC(140)   Other: 0.1ms
[3.940s][info][gc,heap       ] GC(140) Eden regions: 20->0(941)
[3.940s][info][gc,heap       ] GC(140) Survivor regions: 64->65(117)
[3.940s][info][gc,heap       ] GC(140) Old regions: 1637->1640
[3.940s][info][gc,heap       ] GC(140) Humongous regions: 148->145
[3.940s][info][gc,metaspace  ] GC(140) Metaspace: 6844K(7168K)->6844K(7168K) NonClass: 6256K(6400K)->6256K(6400K) Class: 587K(768K)->587K(768K)
[3.940s][info][gc            ] GC(140) Pause Young (Concurrent Start) (G1 Humongous Allocation) 1867M->1848M(3938M) 3.462ms
[3.940s][info][gc,cpu        ] GC(140) User=0.00s Sys=0.00s Real=0.00s
[3.940s][info][gc            ] GC(141) Concurrent Cycle
[3.940s][info][gc,marking    ] GC(141) Concurrent Clear Claimed Marks
[3.940s][info][gc,marking    ] GC(141) Concurrent Clear Claimed Marks 0.011ms
[3.940s][info][gc,marking    ] GC(141) Concurrent Scan Root Regions
[3.941s][info][gc,marking    ] GC(141) Concurrent Scan Root Regions 0.045ms
[3.941s][info][gc,marking    ] GC(141) Concurrent Mark (3.941s)
[3.941s][info][gc,marking    ] GC(141) Concurrent Mark From Roots
[3.941s][info][gc,task       ] GC(141) Using 3 workers of 3 for marking
[3.943s][info][gc,marking    ] GC(141) Concurrent Mark From Roots 2.312ms
[3.943s][info][gc,marking    ] GC(141) Concurrent Preclean
[3.943s][info][gc,marking    ] GC(141) Concurrent Preclean 0.077ms
[3.943s][info][gc,marking    ] GC(141) Concurrent Mark (3.941s, 3.943s) 2.433ms
[3.943s][info][gc,start      ] GC(141) Pause Remark
[3.943s][info][gc,stringtable] GC(141) Cleaned string and symbol table, strings: 2624 processed, 0 removed, symbols: 25587 processed, 0 removed
[3.944s][info][gc            ] GC(141) Pause Remark 1856M->1856M(3938M) 0.495ms
[3.944s][info][gc,cpu        ] GC(141) User=0.00s Sys=0.00s Real=0.00s
[3.944s][info][gc,marking    ] GC(141) Concurrent Rebuild Remembered Sets
[3.945s][info][gc,marking    ] GC(141) Concurrent Rebuild Remembered Sets 1.532ms
[3.945s][info][gc,start      ] GC(141) Pause Cleanup
[3.945s][info][gc            ] GC(141) Pause Cleanup 1861M->1861M(3938M) 0.293ms
[3.945s][info][gc,cpu        ] GC(141) User=0.00s Sys=0.00s Real=0.00s
[3.945s][info][gc,marking    ] GC(141) Concurrent Cleanup for Next Mark
[3.947s][info][gc,marking    ] GC(141) Concurrent Cleanup for Next Mark 1.422ms
[3.947s][info][gc            ] GC(141) Concurrent Cycle 6.483ms
[3.949s][info][gc,start      ] GC(142) Pause Young (Concurrent Start) (G1 Humongous Allocation)
[3.949s][info][gc,task       ] GC(142) Using 13 workers of 13 for evacuation
[3.953s][info][gc,phases     ] GC(142)   Pre Evacuate Collection Set: 0.0ms
[3.953s][info][gc,phases     ] GC(142)   Evacuate Collection Set: 3.1ms
[3.953s][info][gc,phases     ] GC(142)   Post Evacuate Collection Set: 0.9ms
[3.953s][info][gc,phases     ] GC(142)   Other: 0.1ms
[3.953s][info][gc,heap       ] GC(142) Eden regions: 22->0(1023)
[3.954s][info][gc,heap       ] GC(142) Survivor regions: 65->62(126)
[3.954s][info][gc,heap       ] GC(142) Old regions: 1640->1645
[3.954s][info][gc,heap       ] GC(142) Humongous regions: 147->145
[3.954s][info][gc,metaspace  ] GC(142) Metaspace: 6844K(7168K)->6844K(7168K) NonClass: 6256K(6400K)->6256K(6400K) Class: 587K(768K)->587K(768K)
[3.954s][info][gc            ] GC(142) Pause Young (Concurrent Start) (G1 Humongous Allocation) 1871M->1851M(4002M) 4.312ms
[3.954s][info][gc,cpu        ] GC(142) User=0.14s Sys=0.03s Real=0.00s
[3.954s][info][gc            ] GC(143) Concurrent Cycle
[3.954s][info][gc,marking    ] GC(143) Concurrent Clear Claimed Marks
[3.954s][info][gc,marking    ] GC(143) Concurrent Clear Claimed Marks 0.010ms
[3.954s][info][gc,marking    ] GC(143) Concurrent Scan Root Regions
[3.954s][info][gc,marking    ] GC(143) Concurrent Scan Root Regions 0.044ms
[3.954s][info][gc,marking    ] GC(143) Concurrent Mark (3.954s)
[3.954s][info][gc,marking    ] GC(143) Concurrent Mark From Roots
[3.954s][info][gc,task       ] GC(143) Using 3 workers of 3 for marking
[3.956s][info][gc,marking    ] GC(143) Concurrent Mark From Roots 2.220ms
[3.956s][info][gc,marking    ] GC(143) Concurrent Preclean
[3.956s][info][gc,marking    ] GC(143) Concurrent Preclean 0.061ms
[3.956s][info][gc,marking    ] GC(143) Concurrent Mark (3.954s, 3.956s) 2.311ms
[3.956s][info][gc,start      ] GC(143) Pause Remark
[3.956s][info][gc,stringtable] GC(143) Cleaned string and symbol table, strings: 2624 processed, 0 removed, symbols: 25587 processed, 0 removed
[3.956s][info][gc            ] GC(143) Pause Remark 1856M->1856M(4002M) 0.458ms
[3.957s][info][gc,cpu        ] GC(143) User=0.00s Sys=0.00s Real=0.00s
[3.957s][info][gc,marking    ] GC(143) Concurrent Rebuild Remembered Sets
[3.958s][info][gc,marking    ] GC(143) Concurrent Rebuild Remembered Sets 1.476ms
[3.958s][info][gc,start      ] GC(143) Pause Cleanup
[3.958s][info][gc            ] GC(143) Pause Cleanup 1859M->1859M(4002M) 0.330ms
[3.958s][info][gc,cpu        ] GC(143) User=0.00s Sys=0.00s Real=0.00s
[3.958s][info][gc,marking    ] GC(143) Concurrent Cleanup for Next Mark
[3.960s][info][gc,marking    ] GC(143) Concurrent Cleanup for Next Mark 1.403ms
[3.960s][info][gc            ] GC(143) Concurrent Cycle 6.285ms
[3.981s][info][gc,start      ] GC(144) Pause Young (Concurrent Start) (G1 Humongous Allocation)
[3.981s][info][gc,task       ] GC(144) Using 13 workers of 13 for evacuation
[3.986s][info][gc,phases     ] GC(144)   Pre Evacuate Collection Set: 0.0ms
[3.986s][info][gc,phases     ] GC(144)   Evacuate Collection Set: 4.9ms
[3.986s][info][gc,phases     ] GC(144)   Post Evacuate Collection Set: 0.2ms
[3.986s][info][gc,phases     ] GC(144)   Other: 0.1ms
[3.986s][info][gc,heap       ] GC(144) Eden regions: 45->0(804)
[3.986s][info][gc,heap       ] GC(144) Survivor regions: 62->65(136)
[3.986s][info][gc,heap       ] GC(144) Old regions: 1645->1651
[3.986s][info][gc,heap       ] GC(144) Humongous regions: 156->147
[3.986s][info][gc,metaspace  ] GC(144) Metaspace: 6844K(7168K)->6844K(7168K) NonClass: 6256K(6400K)->6256K(6400K) Class: 587K(768K)->587K(768K)
[3.986s][info][gc            ] GC(144) Pause Young (Concurrent Start) (G1 Humongous Allocation) 1907M->1862M(4002M) 5.319ms
[3.986s][info][gc,cpu        ] GC(144) User=0.11s Sys=0.09s Real=0.01s
[3.986s][info][gc            ] GC(145) Concurrent Cycle
[3.986s][info][gc,marking    ] GC(145) Concurrent Clear Claimed Marks
[3.986s][info][gc,marking    ] GC(145) Concurrent Clear Claimed Marks 0.010ms
[3.986s][info][gc,marking    ] GC(145) Concurrent Scan Root Regions
[3.987s][info][gc,marking    ] GC(145) Concurrent Scan Root Regions 0.454ms
[3.987s][info][gc,marking    ] GC(145) Concurrent Mark (3.987s)
[3.987s][info][gc,marking    ] GC(145) Concurrent Mark From Roots
[3.987s][info][gc,task       ] GC(145) Using 3 workers of 3 for marking
[3.989s][info][gc,marking    ] GC(145) Concurrent Mark From Roots 2.807ms
[3.989s][info][gc,marking    ] GC(145) Concurrent Preclean
[3.990s][info][gc,marking    ] GC(145) Concurrent Preclean 0.068ms
[3.990s][info][gc,marking    ] GC(145) Concurrent Mark (3.987s, 3.990s) 2.901ms
[3.990s][info][gc,start      ] GC(145) Pause Remark
[3.990s][info][gc,stringtable] GC(145) Cleaned string and symbol table, strings: 2624 processed, 0 removed, symbols: 25587 processed, 0 removed
[3.990s][info][gc            ] GC(145) Pause Remark 1872M->1872M(4002M) 0.442ms
[3.990s][info][gc,cpu        ] GC(145) User=0.00s Sys=0.00s Real=0.00s
[3.990s][info][gc,marking    ] GC(145) Concurrent Rebuild Remembered Sets
[3.992s][info][gc,marking    ] GC(145) Concurrent Rebuild Remembered Sets 1.676ms
[3.992s][info][gc,start      ] GC(145) Pause Cleanup
[3.992s][info][gc            ] GC(145) Pause Cleanup 1878M->1878M(4002M) 0.276ms
[3.992s][info][gc,cpu        ] GC(145) User=0.00s Sys=0.00s Real=0.00s
[3.992s][info][gc,marking    ] GC(145) Concurrent Cleanup for Next Mark
[3.994s][info][gc,marking    ] GC(145) Concurrent Cleanup for Next Mark 1.783ms
[3.994s][info][gc            ] GC(145) Concurrent Cycle 7.836ms
[3.996s][info][gc,start      ] GC(146) Pause Young (Concurrent Start) (G1 Humongous Allocation)
[3.996s][info][gc,task       ] GC(146) Using 13 workers of 13 for evacuation
[3.999s][info][gc,phases     ] GC(146)   Pre Evacuate Collection Set: 0.0ms
[3.999s][info][gc,phases     ] GC(146)   Evacuate Collection Set: 3.0ms
[3.999s][info][gc,phases     ] GC(146)   Post Evacuate Collection Set: 0.2ms
[3.999s][info][gc,phases     ] GC(146)   Other: 0.1ms
[3.999s][info][gc,heap       ] GC(146) Eden regions: 24->0(844)
[3.999s][info][gc,heap       ] GC(146) Survivor regions: 65->60(109)
[4.000s][info][gc,heap       ] GC(146) Old regions: 1651->1662
[4.000s][info][gc,heap       ] GC(146) Humongous regions: 150->147
[4.000s][info][gc,metaspace  ] GC(146) Metaspace: 6844K(7168K)->6844K(7168K) NonClass: 6256K(6400K)->6256K(6400K) Class: 587K(768K)->587K(768K)
[4.000s][info][gc            ] GC(146) Pause Young (Concurrent Start) (G1 Humongous Allocation) 1888M->1868M(4002M) 3.414ms
[4.000s][info][gc,cpu        ] GC(146) User=0.17s Sys=0.02s Real=0.00s
[4.000s][info][gc            ] GC(147) Concurrent Cycle
[4.000s][info][gc,marking    ] GC(147) Concurrent Clear Claimed Marks
[4.000s][info][gc,marking    ] GC(147) Concurrent Clear Claimed Marks 0.011ms
[4.000s][info][gc,marking    ] GC(147) Concurrent Scan Root Regions
[4.000s][info][gc,marking    ] GC(147) Concurrent Scan Root Regions 0.388ms
[4.000s][info][gc,marking    ] GC(147) Concurrent Mark (4.000s)
[4.000s][info][gc,marking    ] GC(147) Concurrent Mark From Roots
[4.000s][info][gc,task       ] GC(147) Using 3 workers of 3 for marking
[4.003s][info][gc,marking    ] GC(147) Concurrent Mark From Roots 2.625ms
[4.003s][info][gc,marking    ] GC(147) Concurrent Preclean
[4.003s][info][gc,marking    ] GC(147) Concurrent Preclean 0.098ms
[4.003s][info][gc,marking    ] GC(147) Concurrent Mark (4.000s, 4.003s) 2.759ms
[4.003s][info][gc,start      ] GC(147) Pause Remark
[4.003s][info][gc,stringtable] GC(147) Cleaned string and symbol table, strings: 2624 processed, 0 removed, symbols: 25587 processed, 0 removed
[4.003s][info][gc            ] GC(147) Pause Remark 1877M->1877M(4002M) 0.536ms
[4.003s][info][gc,cpu        ] GC(147) User=0.00s Sys=0.00s Real=0.00s
[4.003s][info][gc,marking    ] GC(147) Concurrent Rebuild Remembered Sets
[4.005s][info][gc,marking    ] GC(147) Concurrent Rebuild Remembered Sets 1.497ms
[4.005s][info][gc,start      ] GC(147) Pause Cleanup
[4.005s][info][gc            ] GC(147) Pause Cleanup 1882M->1882M(4002M) 0.297ms
[4.005s][info][gc,cpu        ] GC(147) User=0.00s Sys=0.00s Real=0.00s
[4.005s][info][gc,marking    ] GC(147) Concurrent Cleanup for Next Mark
[4.007s][info][gc,marking    ] GC(147) Concurrent Cleanup for Next Mark 1.813ms
[4.007s][info][gc            ] GC(147) Concurrent Cycle 7.565ms
[4.008s][info][gc,start      ] GC(148) Pause Young (Concurrent Start) (G1 Humongous Allocation)
[4.008s][info][gc,task       ] GC(148) Using 13 workers of 13 for evacuation
[4.011s][info][gc,phases     ] GC(148)   Pre Evacuate Collection Set: 0.0ms
[4.011s][info][gc,phases     ] GC(148)   Evacuate Collection Set: 2.7ms
[4.011s][info][gc,phases     ] GC(148)   Post Evacuate Collection Set: 0.2ms
[4.011s][info][gc,phases     ] GC(148)   Other: 0.1ms
[4.011s][info][gc,heap       ] GC(148) Eden regions: 16->0(691)
[4.011s][info][gc,heap       ] GC(148) Survivor regions: 60->56(113)
[4.011s][info][gc,heap       ] GC(148) Old regions: 1662->1668
[4.011s][info][gc,heap       ] GC(148) Humongous regions: 149->147
[4.011s][info][gc,metaspace  ] GC(148) Metaspace: 6844K(7168K)->6844K(7168K) NonClass: 6256K(6400K)->6256K(6400K) Class: 587K(768K)->587K(768K)
[4.011s][info][gc            ] GC(148) Pause Young (Concurrent Start) (G1 Humongous Allocation) 1886M->1870M(4002M) 3.073ms
[4.011s][info][gc,cpu        ] GC(148) User=0.00s Sys=0.00s Real=0.00s
[4.011s][info][gc            ] GC(149) Concurrent Cycle
[4.011s][info][gc,marking    ] GC(149) Concurrent Clear Claimed Marks
[4.011s][info][gc,marking    ] GC(149) Concurrent Clear Claimed Marks 0.012ms
[4.011s][info][gc,marking    ] GC(149) Concurrent Scan Root Regions
[4.011s][info][gc,marking    ] GC(149) Concurrent Scan Root Regions 0.263ms
[4.011s][info][gc,marking    ] GC(149) Concurrent Mark (4.011s)
[4.011s][info][gc,marking    ] GC(149) Concurrent Mark From Roots
[4.011s][info][gc,task       ] GC(149) Using 3 workers of 3 for marking
[4.014s][info][gc,marking    ] GC(149) Concurrent Mark From Roots 2.595ms
[4.014s][info][gc,marking    ] GC(149) Concurrent Preclean
[4.014s][info][gc,marking    ] GC(149) Concurrent Preclean 0.093ms
[4.014s][info][gc,marking    ] GC(149) Concurrent Mark (4.011s, 4.014s) 2.721ms
[4.014s][info][gc,start      ] GC(149) Pause Remark
[4.014s][info][gc,stringtable] GC(149) Cleaned string and symbol table, strings: 2624 processed, 0 removed, symbols: 25587 processed, 0 removed
[4.014s][info][gc            ] GC(149) Pause Remark 1880M->1880M(4002M) 0.493ms
[4.014s][info][gc,cpu        ] GC(149) User=0.00s Sys=0.00s Real=0.00s
[4.014s][info][gc,marking    ] GC(149) Concurrent Rebuild Remembered Sets
[4.016s][info][gc,marking    ] GC(149) Concurrent Rebuild Remembered Sets 1.435ms
[4.016s][info][gc,start      ] GC(149) Pause Cleanup
[4.016s][info][gc            ] GC(149) Pause Cleanup 1884M->1884M(4002M) 0.313ms
[4.016s][info][gc,cpu        ] GC(149) User=0.00s Sys=0.00s Real=0.00s
[4.016s][info][gc,marking    ] GC(149) Concurrent Cleanup for Next Mark
[4.018s][info][gc,marking    ] GC(149) Concurrent Cleanup for Next Mark 1.675ms
[4.018s][info][gc            ] GC(149) Concurrent Cycle 7.144ms
[4.023s][info][gc,start      ] GC(150) Pause Young (Concurrent Start) (G1 Humongous Allocation)
[4.023s][info][gc,task       ] GC(150) Using 13 workers of 13 for evacuation
[4.026s][info][gc,phases     ] GC(150)   Pre Evacuate Collection Set: 0.0ms
[4.027s][info][gc,phases     ] GC(150)   Evacuate Collection Set: 2.9ms
[4.027s][info][gc,phases     ] GC(150)   Post Evacuate Collection Set: 0.6ms
[4.027s][info][gc,phases     ] GC(150)   Other: 0.1ms
[4.027s][info][gc,heap       ] GC(150) Eden regions: 32->0(759)
[4.027s][info][gc,heap       ] GC(150) Survivor regions: 56->57(94)
[4.027s][info][gc,heap       ] GC(150) Old regions: 1668->1673
[4.027s][info][gc,heap       ] GC(150) Humongous regions: 148->147
[4.027s][info][gc,metaspace  ] GC(150) Metaspace: 6844K(7168K)->6844K(7168K) NonClass: 6256K(6400K)->6256K(6400K) Class: 587K(768K)->587K(768K)
[4.027s][info][gc            ] GC(150) Pause Young (Concurrent Start) (G1 Humongous Allocation) 1902M->1876M(4030M) 3.742ms
[4.027s][info][gc,cpu        ] GC(150) User=0.00s Sys=0.00s Real=0.00s
[4.027s][info][gc            ] GC(151) Concurrent Cycle
[4.027s][info][gc,marking    ] GC(151) Concurrent Clear Claimed Marks
[4.027s][info][gc,marking    ] GC(151) Concurrent Clear Claimed Marks 0.010ms
[4.027s][info][gc,marking    ] GC(151) Concurrent Scan Root Regions
[4.027s][info][gc,marking    ] GC(151) Concurrent Scan Root Regions 0.267ms
[4.027s][info][gc,marking    ] GC(151) Concurrent Mark (4.027s)
[4.027s][info][gc,marking    ] GC(151) Concurrent Mark From Roots
[4.027s][info][gc,task       ] GC(151) Using 3 workers of 3 for marking
[4.029s][info][gc,marking    ] GC(151) Concurrent Mark From Roots 2.499ms
[4.029s][info][gc,marking    ] GC(151) Concurrent Preclean
[4.030s][info][gc,marking    ] GC(151) Concurrent Preclean 0.092ms
[4.030s][info][gc,marking    ] GC(151) Concurrent Mark (4.027s, 4.030s) 2.626ms
[4.030s][info][gc,start      ] GC(151) Pause Remark
[4.030s][info][gc,stringtable] GC(151) Cleaned string and symbol table, strings: 2624 processed, 0 removed, symbols: 25587 processed, 0 removed
[4.030s][info][gc            ] GC(151) Pause Remark 1882M->1882M(4030M) 0.487ms
[4.030s][info][gc,cpu        ] GC(151) User=0.00s Sys=0.00s Real=0.00s
[4.030s][info][gc,marking    ] GC(151) Concurrent Rebuild Remembered Sets
[4.032s][info][gc,marking    ] GC(151) Concurrent Rebuild Remembered Sets 1.430ms
[4.032s][info][gc,start      ] GC(151) Pause Cleanup
[4.032s][info][gc            ] GC(151) Pause Cleanup 1886M->1886M(4030M) 0.279ms
[4.032s][info][gc,cpu        ] GC(151) User=0.00s Sys=0.00s Real=0.00s
[4.032s][info][gc,marking    ] GC(151) Concurrent Cleanup for Next Mark
[4.034s][info][gc,marking    ] GC(151) Concurrent Cleanup for Next Mark 1.659ms
[4.034s][info][gc            ] GC(151) Concurrent Cycle 6.997ms
[4.034s][info][gc,start      ] GC(152) Pause Young (Concurrent Start) (G1 Humongous Allocation)
[4.034s][info][gc,task       ] GC(152) Using 13 workers of 13 for evacuation
[4.039s][info][gc,phases     ] GC(152)   Pre Evacuate Collection Set: 0.0ms
[4.039s][info][gc,phases     ] GC(152)   Evacuate Collection Set: 4.6ms
[4.039s][info][gc,phases     ] GC(152)   Post Evacuate Collection Set: 0.2ms
[4.039s][info][gc,phases     ] GC(152)   Other: 0.1ms
[4.039s][info][gc,heap       ] GC(152) Eden regions: 9->0(851)
[4.039s][info][gc,heap       ] GC(152) Survivor regions: 57->57(102)
[4.039s][info][gc,heap       ] GC(152) Old regions: 1673->1675
[4.039s][info][gc,heap       ] GC(152) Humongous regions: 150->147
[4.039s][info][gc,metaspace  ] GC(152) Metaspace: 6844K(7168K)->6844K(7168K) NonClass: 6256K(6400K)->6256K(6400K) Class: 587K(768K)->587K(768K)
[4.039s][info][gc            ] GC(152) Pause Young (Concurrent Start) (G1 Humongous Allocation) 1888M->1878M(4030M) 4.952ms
[4.039s][info][gc,cpu        ] GC(152) User=0.00s Sys=0.00s Real=0.00s
[4.039s][info][gc            ] GC(153) Concurrent Cycle
[4.039s][info][gc,marking    ] GC(153) Concurrent Clear Claimed Marks
[4.039s][info][gc,marking    ] GC(153) Concurrent Clear Claimed Marks 0.010ms
[4.039s][info][gc,marking    ] GC(153) Concurrent Scan Root Regions
[4.039s][info][gc,marking    ] GC(153) Concurrent Scan Root Regions 0.247ms
[4.039s][info][gc,marking    ] GC(153) Concurrent Mark (4.039s)
[4.039s][info][gc,marking    ] GC(153) Concurrent Mark From Roots
[4.039s][info][gc,task       ] GC(153) Using 3 workers of 3 for marking
[4.042s][info][gc,marking    ] GC(153) Concurrent Mark From Roots 2.384ms
[4.042s][info][gc,marking    ] GC(153) Concurrent Preclean
[4.042s][info][gc,marking    ] GC(153) Concurrent Preclean 0.078ms
[4.042s][info][gc,marking    ] GC(153) Concurrent Mark (4.039s, 4.042s) 2.496ms
[4.042s][info][gc,start      ] GC(153) Pause Remark
[4.042s][info][gc,stringtable] GC(153) Cleaned string and symbol table, strings: 2624 processed, 0 removed, symbols: 25587 processed, 0 removed
[4.042s][info][gc            ] GC(153) Pause Remark 1888M->1888M(4030M) 0.500ms
[4.042s][info][gc,cpu        ] GC(153) User=0.00s Sys=0.00s Real=0.00s
[4.042s][info][gc,marking    ] GC(153) Concurrent Rebuild Remembered Sets
[4.044s][info][gc,marking    ] GC(153) Concurrent Rebuild Remembered Sets 1.445ms
[4.044s][info][gc,start      ] GC(153) Pause Cleanup
[4.044s][info][gc            ] GC(153) Pause Cleanup 1894M->1894M(4030M) 0.272ms
[4.044s][info][gc,cpu        ] GC(153) User=0.00s Sys=0.00s Real=0.00s
[4.044s][info][gc,marking    ] GC(153) Concurrent Cleanup for Next Mark
[4.046s][info][gc,marking    ] GC(153) Concurrent Cleanup for Next Mark 1.711ms
[4.046s][info][gc            ] GC(153) Concurrent Cycle 6.927ms
[4.051s][info][gc,start      ] GC(154) Pause Young (Concurrent Start) (G1 Humongous Allocation)
[4.051s][info][gc,task       ] GC(154) Using 13 workers of 13 for evacuation
[4.055s][info][gc,phases     ] GC(154)   Pre Evacuate Collection Set: 0.0ms
[4.055s][info][gc,phases     ] GC(154)   Evacuate Collection Set: 2.9ms
[4.055s][info][gc,phases     ] GC(154)   Post Evacuate Collection Set: 0.2ms
[4.055s][info][gc,phases     ] GC(154)   Other: 0.1ms
[4.055s][info][gc,heap       ] GC(154) Eden regions: 32->0(755)
[4.055s][info][gc,heap       ] GC(154) Survivor regions: 57->63(114)
[4.055s][info][gc,heap       ] GC(154) Old regions: 1675->1675
[4.055s][info][gc,heap       ] GC(154) Humongous regions: 152->148
[4.055s][info][gc,metaspace  ] GC(154) Metaspace: 6844K(7168K)->6844K(7168K) NonClass: 6256K(6400K)->6256K(6400K) Class: 587K(768K)->587K(768K)
[4.055s][info][gc            ] GC(154) Pause Young (Concurrent Start) (G1 Humongous Allocation) 1915M->1885M(4030M) 3.335ms
[4.055s][info][gc,cpu        ] GC(154) User=0.00s Sys=0.00s Real=0.00s
[4.055s][info][gc            ] GC(155) Concurrent Cycle
[4.055s][info][gc,marking    ] GC(155) Concurrent Clear Claimed Marks
[4.055s][info][gc,marking    ] GC(155) Concurrent Clear Claimed Marks 0.010ms
[4.055s][info][gc,marking    ] GC(155) Concurrent Scan Root Regions
[4.055s][info][gc,marking    ] GC(155) Concurrent Scan Root Regions 0.279ms
[4.055s][info][gc,marking    ] GC(155) Concurrent Mark (4.055s)
[4.055s][info][gc,marking    ] GC(155) Concurrent Mark From Roots
[4.055s][info][gc,task       ] GC(155) Using 3 workers of 3 for marking
[4.058s][info][gc,marking    ] GC(155) Concurrent Mark From Roots 2.569ms
[4.058s][info][gc,marking    ] GC(155) Concurrent Preclean
[4.058s][info][gc,marking    ] GC(155) Concurrent Preclean 0.077ms
[4.058s][info][gc,marking    ] GC(155) Concurrent Mark (4.055s, 4.058s) 2.678ms
[4.058s][info][gc,start      ] GC(155) Pause Remark
[4.058s][info][gc,stringtable] GC(155) Cleaned string and symbol table, strings: 2624 processed, 0 removed, symbols: 25587 processed, 0 removed
[4.058s][info][gc            ] GC(155) Pause Remark 1894M->1894M(4030M) 0.483ms
[4.058s][info][gc,cpu        ] GC(155) User=0.00s Sys=0.00s Real=0.00s
[4.058s][info][gc,marking    ] GC(155) Concurrent Rebuild Remembered Sets
[4.060s][info][gc,marking    ] GC(155) Concurrent Rebuild Remembered Sets 1.449ms
[4.060s][info][gc,start      ] GC(155) Pause Cleanup
[4.060s][info][gc            ] GC(155) Pause Cleanup 1899M->1899M(4030M) 0.285ms
[4.060s][info][gc,cpu        ] GC(155) User=0.00s Sys=0.00s Real=0.00s
[4.060s][info][gc,marking    ] GC(155) Concurrent Cleanup for Next Mark
[4.062s][info][gc,marking    ] GC(155) Concurrent Cleanup for Next Mark 1.727ms
[4.062s][info][gc            ] GC(155) Concurrent Cycle 7.177ms
[4.068s][info][gc,start      ] GC(156) Pause Young (Concurrent Start) (G1 Humongous Allocation)
[4.068s][info][gc,task       ] GC(156) Using 13 workers of 13 for evacuation
[4.072s][info][gc,phases     ] GC(156)   Pre Evacuate Collection Set: 0.0ms
[4.072s][info][gc,phases     ] GC(156)   Evacuate Collection Set: 3.1ms
[4.072s][info][gc,phases     ] GC(156)   Post Evacuate Collection Set: 0.2ms
[4.072s][info][gc,phases     ] GC(156)   Other: 0.1ms
[4.072s][info][gc,heap       ] GC(156) Eden regions: 35->0(808)
[4.072s][info][gc,heap       ] GC(156) Survivor regions: 63->60(103)
[4.072s][info][gc,heap       ] GC(156) Old regions: 1675->1684
[4.072s][info][gc,heap       ] GC(156) Humongous regions: 150->148
[4.072s][info][gc,metaspace  ] GC(156) Metaspace: 6844K(7168K)->6844K(7168K) NonClass: 6256K(6400K)->6256K(6400K) Class: 587K(768K)->587K(768K)
[4.072s][info][gc            ] GC(156) Pause Young (Concurrent Start) (G1 Humongous Allocation) 1921M->1890M(4030M) 3.582ms
[4.072s][info][gc,cpu        ] GC(156) User=0.00s Sys=0.00s Real=0.00s
[4.072s][info][gc            ] GC(157) Concurrent Cycle
[4.072s][info][gc,marking    ] GC(157) Concurrent Clear Claimed Marks
[4.072s][info][gc,marking    ] GC(157) Concurrent Clear Claimed Marks 0.012ms
[4.072s][info][gc,marking    ] GC(157) Concurrent Scan Root Regions
[4.072s][info][gc,marking    ] GC(157) Concurrent Scan Root Regions 0.316ms
[4.072s][info][gc,marking    ] GC(157) Concurrent Mark (4.072s)
[4.072s][info][gc,marking    ] GC(157) Concurrent Mark From Roots
[4.072s][info][gc,task       ] GC(157) Using 3 workers of 3 for marking
[4.075s][info][gc,marking    ] GC(157) Concurrent Mark From Roots 2.765ms
[4.075s][info][gc,marking    ] GC(157) Concurrent Preclean
[4.075s][info][gc,marking    ] GC(157) Concurrent Preclean 0.065ms
[4.075s][info][gc,marking    ] GC(157) Concurrent Mark (4.072s, 4.075s) 2.868ms
[4.075s][info][gc,start      ] GC(157) Pause Remark
[4.075s][info][gc,stringtable] GC(157) Cleaned string and symbol table, strings: 2624 processed, 0 removed, symbols: 25587 processed, 0 removed
[4.076s][info][gc            ] GC(157) Pause Remark 1902M->1902M(4030M) 0.494ms
[4.076s][info][gc,cpu        ] GC(157) User=0.00s Sys=0.00s Real=0.00s
[4.076s][info][gc,marking    ] GC(157) Concurrent Rebuild Remembered Sets
[4.077s][info][gc,marking    ] GC(157) Concurrent Rebuild Remembered Sets 1.505ms
[4.077s][info][gc,start      ] GC(157) Pause Cleanup
[4.077s][info][gc            ] GC(157) Pause Cleanup 1906M->1906M(4030M) 0.285ms
[4.078s][info][gc,cpu        ] GC(157) User=0.02s Sys=0.19s Real=0.00s
[4.078s][info][gc,marking    ] GC(157) Concurrent Cleanup for Next Mark
[4.079s][info][gc,marking    ] GC(157) Concurrent Cleanup for Next Mark 1.836ms
[4.079s][info][gc            ] GC(157) Concurrent Cycle 7.563ms
[4.080s][info][gc,start      ] GC(158) Pause Young (Concurrent Start) (G1 Humongous Allocation)
[4.080s][info][gc,task       ] GC(158) Using 13 workers of 13 for evacuation
[4.083s][info][gc,phases     ] GC(158)   Pre Evacuate Collection Set: 0.0ms
[4.083s][info][gc,phases     ] GC(158)   Evacuate Collection Set: 2.8ms
[4.083s][info][gc,phases     ] GC(158)   Post Evacuate Collection Set: 0.3ms
[4.083s][info][gc,phases     ] GC(158)   Other: 0.1ms
[4.083s][info][gc,heap       ] GC(158) Eden regions: 19->0(839)
[4.083s][info][gc,heap       ] GC(158) Survivor regions: 60->62(109)
[4.083s][info][gc,heap       ] GC(158) Old regions: 1684->1686
[4.083s][info][gc,heap       ] GC(158) Humongous regions: 151->149
[4.083s][info][gc,metaspace  ] GC(158) Metaspace: 6844K(7168K)->6844K(7168K) NonClass: 6256K(6400K)->6256K(6400K) Class: 587K(768K)->587K(768K)
[4.083s][info][gc            ] GC(158) Pause Young (Concurrent Start) (G1 Humongous Allocation) 1912M->1896M(4047M) 3.387ms
[4.083s][info][gc,cpu        ] GC(158) User=0.00s Sys=0.00s Real=0.00s
[4.083s][info][gc            ] GC(159) Concurrent Cycle
[4.083s][info][gc,marking    ] GC(159) Concurrent Clear Claimed Marks
[4.083s][info][gc,marking    ] GC(159) Concurrent Clear Claimed Marks 0.010ms
[4.083s][info][gc,marking    ] GC(159) Concurrent Scan Root Regions
[4.084s][info][gc,marking    ] GC(159) Concurrent Scan Root Regions 0.292ms
[4.084s][info][gc,marking    ] GC(159) Concurrent Mark (4.084s)
[4.084s][info][gc,marking    ] GC(159) Concurrent Mark From Roots
[4.084s][info][gc,task       ] GC(159) Using 3 workers of 3 for marking
[4.086s][info][gc,marking    ] GC(159) Concurrent Mark From Roots 2.603ms
[4.086s][info][gc,marking    ] GC(159) Concurrent Preclean
[4.086s][info][gc,marking    ] GC(159) Concurrent Preclean 0.080ms
[4.086s][info][gc,marking    ] GC(159) Concurrent Mark (4.084s, 4.086s) 2.723ms
[4.086s][info][gc,start      ] GC(159) Pause Remark
[4.087s][info][gc,stringtable] GC(159) Cleaned string and symbol table, strings: 2624 processed, 0 removed, symbols: 25587 processed, 0 removed
[4.087s][info][gc            ] GC(159) Pause Remark 1903M->1903M(4047M) 0.519ms
[4.087s][info][gc,cpu        ] GC(159) User=0.00s Sys=0.00s Real=0.00s
[4.087s][info][gc,marking    ] GC(159) Concurrent Rebuild Remembered Sets
[4.089s][info][gc,marking    ] GC(159) Concurrent Rebuild Remembered Sets 1.493ms
[4.089s][info][gc,start      ] GC(159) Pause Cleanup
[4.089s][info][gc            ] GC(159) Pause Cleanup 1905M->1905M(4047M) 0.273ms
[4.089s][info][gc,cpu        ] GC(159) User=0.00s Sys=0.00s Real=0.00s
[4.089s][info][gc,marking    ] GC(159) Concurrent Cleanup for Next Mark
[4.091s][info][gc,marking    ] GC(159) Concurrent Cleanup for Next Mark 1.716ms
[4.091s][info][gc            ] GC(159) Concurrent Cycle 7.364ms
[4.091s][info][gc,start      ] GC(160) Pause Young (Concurrent Start) (G1 Humongous Allocation)
[4.091s][info][gc,task       ] GC(160) Using 13 workers of 13 for evacuation
[4.095s][info][gc,phases     ] GC(160)   Pre Evacuate Collection Set: 0.0ms
[4.095s][info][gc,phases     ] GC(160)   Evacuate Collection Set: 3.3ms
[4.095s][info][gc,phases     ] GC(160)   Post Evacuate Collection Set: 0.1ms
[4.095s][info][gc,phases     ] GC(160)   Other: 0.1ms
[4.095s][info][gc,heap       ] GC(160) Eden regions: 11->0(802)
[4.095s][info][gc,heap       ] GC(160) Survivor regions: 62->63(113)
[4.095s][info][gc,heap       ] GC(160) Old regions: 1686->1686
[4.095s][info][gc,heap       ] GC(160) Humongous regions: 150->149
[4.095s][info][gc,metaspace  ] GC(160) Metaspace: 6844K(7168K)->6844K(7168K) NonClass: 6256K(6400K)->6256K(6400K) Class: 587K(768K)->587K(768K)
[4.095s][info][gc            ] GC(160) Pause Young (Concurrent Start) (G1 Humongous Allocation) 1908M->1897M(4047M) 3.618ms
[4.095s][info][gc,cpu        ] GC(160) User=0.11s Sys=0.06s Real=0.00s
[4.095s][info][gc            ] GC(161) Concurrent Cycle
[4.095s][info][gc,marking    ] GC(161) Concurrent Clear Claimed Marks
[4.095s][info][gc,marking    ] GC(161) Concurrent Clear Claimed Marks 0.013ms
[4.095s][info][gc,marking    ] GC(161) Concurrent Scan Root Regions
[4.095s][info][gc,marking    ] GC(161) Concurrent Scan Root Regions 0.229ms
[4.095s][info][gc,marking    ] GC(161) Concurrent Mark (4.095s)
[4.095s][info][gc,marking    ] GC(161) Concurrent Mark From Roots
[4.095s][info][gc,task       ] GC(161) Using 3 workers of 3 for marking
[4.098s][info][gc,marking    ] GC(161) Concurrent Mark From Roots 2.433ms
[4.098s][info][gc,marking    ] GC(161) Concurrent Preclean
[4.098s][info][gc,marking    ] GC(161) Concurrent Preclean 0.076ms
[4.098s][info][gc,marking    ] GC(161) Concurrent Mark (4.095s, 4.098s) 2.541ms
[4.098s][info][gc,start      ] GC(161) Pause Remark
[4.098s][info][gc,stringtable] GC(161) Cleaned string and symbol table, strings: 2624 processed, 0 removed, symbols: 25587 processed, 0 removed
[4.098s][info][gc            ] GC(161) Pause Remark 1906M->1906M(4047M) 0.504ms
[4.098s][info][gc,cpu        ] GC(161) User=0.00s Sys=0.00s Real=0.00s
[4.098s][info][gc,marking    ] GC(161) Concurrent Rebuild Remembered Sets
[4.100s][info][gc,marking    ] GC(161) Concurrent Rebuild Remembered Sets 1.447ms
[4.100s][info][gc,start      ] GC(161) Pause Cleanup
[4.100s][info][gc            ] GC(161) Pause Cleanup 1911M->1911M(4047M) 0.279ms
[4.100s][info][gc,cpu        ] GC(161) User=0.00s Sys=0.00s Real=0.00s
[4.100s][info][gc,marking    ] GC(161) Concurrent Cleanup for Next Mark
[4.102s][info][gc,marking    ] GC(161) Concurrent Cleanup for Next Mark 1.776ms
[4.102s][info][gc            ] GC(161) Concurrent Cycle 7.015ms
[4.108s][info][gc,start      ] GC(162) Pause Young (Concurrent Start) (G1 Humongous Allocation)
[4.108s][info][gc,task       ] GC(162) Using 13 workers of 13 for evacuation
[4.112s][info][gc,phases     ] GC(162)   Pre Evacuate Collection Set: 0.0ms
[4.112s][info][gc,phases     ] GC(162)   Evacuate Collection Set: 3.1ms
[4.112s][info][gc,phases     ] GC(162)   Post Evacuate Collection Set: 0.2ms
[4.112s][info][gc,phases     ] GC(162)   Other: 0.1ms
[4.112s][info][gc,heap       ] GC(162) Eden regions: 38->0(728)
[4.112s][info][gc,heap       ] GC(162) Survivor regions: 63->67(109)
[4.112s][info][gc,heap       ] GC(162) Old regions: 1686->1692
[4.112s][info][gc,heap       ] GC(162) Humongous regions: 150->149
[4.112s][info][gc,metaspace  ] GC(162) Metaspace: 6844K(7168K)->6844K(7168K) NonClass: 6256K(6400K)->6256K(6400K) Class: 587K(768K)->587K(768K)
[4.112s][info][gc            ] GC(162) Pause Young (Concurrent Start) (G1 Humongous Allocation) 1936M->1907M(4047M) 3.510ms
[4.112s][info][gc,cpu        ] GC(162) User=0.06s Sys=0.06s Real=0.00s
[4.112s][info][gc            ] GC(163) Concurrent Cycle
[4.112s][info][gc,marking    ] GC(163) Concurrent Clear Claimed Marks
[4.112s][info][gc,marking    ] GC(163) Concurrent Clear Claimed Marks 0.010ms
[4.112s][info][gc,marking    ] GC(163) Concurrent Scan Root Regions
[4.112s][info][gc,marking    ] GC(163) Concurrent Scan Root Regions 0.302ms
[4.112s][info][gc,marking    ] GC(163) Concurrent Mark (4.112s)
[4.112s][info][gc,marking    ] GC(163) Concurrent Mark From Roots
[4.112s][info][gc,task       ] GC(163) Using 3 workers of 3 for marking
[4.115s][info][gc,marking    ] GC(163) Concurrent Mark From Roots 2.537ms
[4.115s][info][gc,marking    ] GC(163) Concurrent Preclean
[4.115s][info][gc,marking    ] GC(163) Concurrent Preclean 0.092ms
[4.115s][info][gc,marking    ] GC(163) Concurrent Mark (4.112s, 4.115s) 2.661ms
[4.115s][info][gc,start      ] GC(163) Pause Remark
[4.115s][info][gc,stringtable] GC(163) Cleaned string and symbol table, strings: 2624 processed, 0 removed, symbols: 25587 processed, 0 removed
[4.115s][info][gc            ] GC(163) Pause Remark 1917M->1917M(4047M) 0.521ms
[4.115s][info][gc,cpu        ] GC(163) User=0.00s Sys=0.00s Real=0.00s
[4.116s][info][gc,marking    ] GC(163) Concurrent Rebuild Remembered Sets
[4.117s][info][gc,marking    ] GC(163) Concurrent Rebuild Remembered Sets 1.444ms
[4.117s][info][gc,start      ] GC(163) Pause Cleanup
[4.117s][info][gc            ] GC(163) Pause Cleanup 1922M->1922M(4047M) 0.280ms
[4.117s][info][gc,cpu        ] GC(163) User=0.00s Sys=0.00s Real=0.00s
[4.117s][info][gc,marking    ] GC(163) Concurrent Cleanup for Next Mark
[4.119s][info][gc,marking    ] GC(163) Concurrent Cleanup for Next Mark 1.865ms
[4.119s][info][gc            ] GC(163) Concurrent Cycle 7.321ms
[4.125s][info][gc,start      ] GC(164) Pause Young (Concurrent Start) (G1 Humongous Allocation)
[4.125s][info][gc,task       ] GC(164) Using 13 workers of 13 for evacuation
[4.128s][info][gc,phases     ] GC(164)   Pre Evacuate Collection Set: 0.0ms
[4.128s][info][gc,phases     ] GC(164)   Evacuate Collection Set: 3.2ms
[4.128s][info][gc,phases     ] GC(164)   Post Evacuate Collection Set: 0.2ms
[4.128s][info][gc,phases     ] GC(164)   Other: 0.1ms
[4.128s][info][gc,heap       ] GC(164) Eden regions: 31->0(672)
[4.128s][info][gc,heap       ] GC(164) Survivor regions: 67->61(100)
[4.128s][info][gc,heap       ] GC(164) Old regions: 1692->1703
[4.128s][info][gc,heap       ] GC(164) Humongous regions: 152->149
[4.128s][info][gc,metaspace  ] GC(164) Metaspace: 6844K(7168K)->6844K(7168K) NonClass: 6256K(6400K)->6256K(6400K) Class: 587K(768K)->587K(768K)
[4.128s][info][gc            ] GC(164) Pause Young (Concurrent Start) (G1 Humongous Allocation) 1941M->1912M(4047M) 3.579ms
[4.128s][info][gc,cpu        ] GC(164) User=0.00s Sys=0.00s Real=0.00s
[4.128s][info][gc            ] GC(165) Concurrent Cycle
[4.128s][info][gc,marking    ] GC(165) Concurrent Clear Claimed Marks
[4.128s][info][gc,marking    ] GC(165) Concurrent Clear Claimed Marks 0.013ms
[4.128s][info][gc,marking    ] GC(165) Concurrent Scan Root Regions
[4.129s][info][gc,marking    ] GC(165) Concurrent Scan Root Regions 0.333ms
[4.129s][info][gc,marking    ] GC(165) Concurrent Mark (4.129s)
[4.129s][info][gc,marking    ] GC(165) Concurrent Mark From Roots
[4.129s][info][gc,task       ] GC(165) Using 3 workers of 3 for marking
[4.131s][info][gc,marking    ] GC(165) Concurrent Mark From Roots 2.615ms
[4.131s][info][gc,marking    ] GC(165) Concurrent Preclean
[4.131s][info][gc,marking    ] GC(165) Concurrent Preclean 0.062ms
[4.131s][info][gc,marking    ] GC(165) Concurrent Mark (4.129s, 4.131s) 2.710ms
[4.131s][info][gc,start      ] GC(165) Pause Remark
[4.132s][info][gc,stringtable] GC(165) Cleaned string and symbol table, strings: 2624 processed, 0 removed, symbols: 25587 processed, 0 removed
[4.132s][info][gc            ] GC(165) Pause Remark 1922M->1922M(4047M) 0.518ms
[4.132s][info][gc,cpu        ] GC(165) User=0.00s Sys=0.00s Real=0.00s
[4.132s][info][gc,marking    ] GC(165) Concurrent Rebuild Remembered Sets
[4.133s][info][gc,marking    ] GC(165) Concurrent Rebuild Remembered Sets 1.488ms
[4.133s][info][gc,start      ] GC(165) Pause Cleanup
[4.134s][info][gc            ] GC(165) Pause Cleanup 1925M->1925M(4047M) 0.285ms
[4.134s][info][gc,cpu        ] GC(165) User=0.00s Sys=0.00s Real=0.00s
[4.134s][info][gc,marking    ] GC(165) Concurrent Cleanup for Next Mark
[4.136s][info][gc,marking    ] GC(165) Concurrent Cleanup for Next Mark 1.852ms
[4.136s][info][gc            ] GC(165) Concurrent Cycle 7.496ms
[4.136s][info][gc,start      ] GC(166) Pause Young (Concurrent Start) (G1 Humongous Allocation)
[4.136s][info][gc,task       ] GC(166) Using 13 workers of 13 for evacuation
[4.139s][info][gc,phases     ] GC(166)   Pre Evacuate Collection Set: 0.0ms
[4.139s][info][gc,phases     ] GC(166)   Evacuate Collection Set: 2.9ms
[4.139s][info][gc,phases     ] GC(166)   Post Evacuate Collection Set: 0.3ms
[4.139s][info][gc,phases     ] GC(166)   Other: 0.1ms
[4.139s][info][gc,heap       ] GC(166) Eden regions: 16->0(634)
[4.139s][info][gc,heap       ] GC(166) Survivor regions: 61->51(92)
[4.139s][info][gc,heap       ] GC(166) Old regions: 1703->1716
[4.139s][info][gc,heap       ] GC(166) Humongous regions: 151->149
[4.139s][info][gc,metaspace  ] GC(166) Metaspace: 6844K(7168K)->6844K(7168K) NonClass: 6256K(6400K)->6256K(6400K) Class: 587K(768K)->587K(768K)
[4.139s][info][gc            ] GC(166) Pause Young (Concurrent Start) (G1 Humongous Allocation) 1930M->1915M(4059M) 3.415ms
[4.139s][info][gc,cpu        ] GC(166) User=0.00s Sys=0.00s Real=0.00s
[4.139s][info][gc            ] GC(167) Concurrent Cycle
[4.139s][info][gc,marking    ] GC(167) Concurrent Clear Claimed Marks
[4.139s][info][gc,marking    ] GC(167) Concurrent Clear Claimed Marks 0.013ms
[4.139s][info][gc,marking    ] GC(167) Concurrent Scan Root Regions
[4.140s][info][gc,marking    ] GC(167) Concurrent Scan Root Regions 0.039ms
[4.140s][info][gc,marking    ] GC(167) Concurrent Mark (4.140s)
[4.140s][info][gc,marking    ] GC(167) Concurrent Mark From Roots
[4.140s][info][gc,task       ] GC(167) Using 3 workers of 3 for marking
[4.142s][info][gc,marking    ] GC(167) Concurrent Mark From Roots 2.432ms
[4.142s][info][gc,marking    ] GC(167) Concurrent Preclean
[4.142s][info][gc,marking    ] GC(167) Concurrent Preclean 0.090ms
[4.142s][info][gc,marking    ] GC(167) Concurrent Mark (4.140s, 4.142s) 2.557ms
[4.142s][info][gc,start      ] GC(167) Pause Remark
[4.143s][info][gc,stringtable] GC(167) Cleaned string and symbol table, strings: 2624 processed, 0 removed, symbols: 25587 processed, 0 removed
[4.143s][info][gc            ] GC(167) Pause Remark 1921M->1921M(4059M) 0.506ms
[4.143s][info][gc,cpu        ] GC(167) User=0.00s Sys=0.00s Real=0.00s
[4.143s][info][gc,marking    ] GC(167) Concurrent Rebuild Remembered Sets
[4.144s][info][gc,marking    ] GC(167) Concurrent Rebuild Remembered Sets 1.618ms
[4.144s][info][gc,start      ] GC(167) Pause Cleanup
[4.145s][info][gc            ] GC(167) Pause Cleanup 1923M->1923M(4059M) 0.308ms
[4.145s][info][gc,cpu        ] GC(167) User=0.00s Sys=0.00s Real=0.00s
[4.145s][info][gc,marking    ] GC(167) Concurrent Cleanup for Next Mark
[4.147s][info][gc,marking    ] GC(167) Concurrent Cleanup for Next Mark 1.798ms
[4.147s][info][gc            ] GC(167) Concurrent Cycle 7.103ms
[4.148s][info][gc,start      ] GC(168) Pause Young (Concurrent Start) (G1 Humongous Allocation)
[4.148s][info][gc,task       ] GC(168) Using 13 workers of 13 for evacuation
[4.151s][info][gc,phases     ] GC(168)   Pre Evacuate Collection Set: 0.0ms
[4.151s][info][gc,phases     ] GC(168)   Evacuate Collection Set: 2.3ms
[4.151s][info][gc,phases     ] GC(168)   Post Evacuate Collection Set: 0.2ms
[4.151s][info][gc,phases     ] GC(168)   Other: 0.1ms
[4.151s][info][gc,heap       ] GC(168) Eden regions: 12->0(660)
[4.151s][info][gc,heap       ] GC(168) Survivor regions: 51->48(86)
[4.151s][info][gc,heap       ] GC(168) Old regions: 1716->1721
[4.151s][info][gc,heap       ] GC(168) Humongous regions: 150->149
[4.151s][info][gc,metaspace  ] GC(168) Metaspace: 6844K(7168K)->6844K(7168K) NonClass: 6256K(6400K)->6256K(6400K) Class: 587K(768K)->587K(768K)
[4.151s][info][gc            ] GC(168) Pause Young (Concurrent Start) (G1 Humongous Allocation) 1928M->1916M(4059M) 2.641ms
[4.151s][info][gc,cpu        ] GC(168) User=0.00s Sys=0.00s Real=0.00s
[4.151s][info][gc            ] GC(169) Concurrent Cycle
[4.151s][info][gc,marking    ] GC(169) Concurrent Clear Claimed Marks
[4.151s][info][gc,marking    ] GC(169) Concurrent Clear Claimed Marks 0.010ms
[4.151s][info][gc,marking    ] GC(169) Concurrent Scan Root Regions
[4.151s][info][gc,marking    ] GC(169) Concurrent Scan Root Regions 0.040ms
[4.151s][info][gc,marking    ] GC(169) Concurrent Mark (4.151s)
[4.151s][info][gc,marking    ] GC(169) Concurrent Mark From Roots
[4.151s][info][gc,task       ] GC(169) Using 3 workers of 3 for marking
[4.153s][info][gc,marking    ] GC(169) Concurrent Mark From Roots 2.524ms
[4.153s][info][gc,marking    ] GC(169) Concurrent Preclean
[4.154s][info][gc,marking    ] GC(169) Concurrent Preclean 0.095ms
[4.154s][info][gc,marking    ] GC(169) Concurrent Mark (4.151s, 4.154s) 2.653ms
[4.154s][info][gc,start      ] GC(169) Pause Remark
[4.154s][info][gc,stringtable] GC(169) Cleaned string and symbol table, strings: 2624 processed, 0 removed, symbols: 25587 processed, 0 removed
[4.154s][info][gc            ] GC(169) Pause Remark 1926M->1926M(4059M) 0.570ms
[4.154s][info][gc,cpu        ] GC(169) User=0.00s Sys=0.00s Real=0.00s
[4.154s][info][gc,marking    ] GC(169) Concurrent Rebuild Remembered Sets
[4.156s][info][gc,marking    ] GC(169) Concurrent Rebuild Remembered Sets 1.649ms
[4.156s][info][gc,start      ] GC(169) Pause Cleanup
[4.156s][info][gc            ] GC(169) Pause Cleanup 1930M->1930M(4059M) 0.311ms
[4.156s][info][gc,cpu        ] GC(169) User=0.00s Sys=0.00s Real=0.00s
[4.156s][info][gc,marking    ] GC(169) Concurrent Cleanup for Next Mark
[4.158s][info][gc,marking    ] GC(169) Concurrent Cleanup for Next Mark 1.561ms
[4.158s][info][gc            ] GC(169) Concurrent Cycle 7.063ms
[4.162s][info][gc,start      ] GC(170) Pause Young (Concurrent Start) (G1 Humongous Allocation)
[4.162s][info][gc,task       ] GC(170) Using 13 workers of 13 for evacuation
[4.165s][info][gc,phases     ] GC(170)   Pre Evacuate Collection Set: 0.1ms
[4.165s][info][gc,phases     ] GC(170)   Evacuate Collection Set: 2.3ms
[4.165s][info][gc,phases     ] GC(170)   Post Evacuate Collection Set: 0.2ms
[4.165s][info][gc,phases     ] GC(170)   Other: 0.1ms
[4.165s][info][gc,heap       ] GC(170) Eden regions: 27->0(715)
[4.165s][info][gc,heap       ] GC(170) Survivor regions: 48->54(89)
[4.165s][info][gc,heap       ] GC(170) Old regions: 1721->1721
[4.165s][info][gc,heap       ] GC(170) Humongous regions: 153->150
[4.165s][info][gc,metaspace  ] GC(170) Metaspace: 6844K(7168K)->6844K(7168K) NonClass: 6256K(6400K)->6256K(6400K) Class: 587K(768K)->587K(768K)
[4.165s][info][gc            ] GC(170) Pause Young (Concurrent Start) (G1 Humongous Allocation) 1947M->1923M(4059M) 2.821ms
[4.165s][info][gc,cpu        ] GC(170) User=0.00s Sys=0.00s Real=0.00s
[4.165s][info][gc            ] GC(171) Concurrent Cycle
[4.165s][info][gc,marking    ] GC(171) Concurrent Clear Claimed Marks
[4.165s][info][gc,marking    ] GC(171) Concurrent Clear Claimed Marks 0.012ms
[4.165s][info][gc,marking    ] GC(171) Concurrent Scan Root Regions
[4.165s][info][gc,marking    ] GC(171) Concurrent Scan Root Regions 0.044ms
[4.165s][info][gc,marking    ] GC(171) Concurrent Mark (4.165s)
[4.165s][info][gc,marking    ] GC(171) Concurrent Mark From Roots
[4.165s][info][gc,task       ] GC(171) Using 3 workers of 3 for marking
[4.168s][info][gc,marking    ] GC(171) Concurrent Mark From Roots 2.387ms
[4.168s][info][gc,marking    ] GC(171) Concurrent Preclean
[4.168s][info][gc,marking    ] GC(171) Concurrent Preclean 0.092ms
[4.168s][info][gc,marking    ] GC(171) Concurrent Mark (4.165s, 4.168s) 2.531ms
[4.168s][info][gc,start      ] GC(171) Pause Remark
[4.168s][info][gc,stringtable] GC(171) Cleaned string and symbol table, strings: 2624 processed, 0 removed, symbols: 25587 processed, 0 removed
[4.168s][info][gc            ] GC(171) Pause Remark 1931M->1931M(4059M) 0.598ms
[4.168s][info][gc,cpu        ] GC(171) User=0.00s Sys=0.00s Real=0.00s
[4.169s][info][gc,marking    ] GC(171) Concurrent Rebuild Remembered Sets
[4.170s][info][gc,marking    ] GC(171) Concurrent Rebuild Remembered Sets 1.630ms
[4.170s][info][gc,start      ] GC(171) Pause Cleanup
[4.171s][info][gc            ] GC(171) Pause Cleanup 1937M->1937M(4059M) 0.294ms
[4.171s][info][gc,cpu        ] GC(171) User=0.00s Sys=0.00s Real=0.00s
[4.171s][info][gc,marking    ] GC(171) Concurrent Cleanup for Next Mark
[4.172s][info][gc,marking    ] GC(171) Concurrent Cleanup for Next Mark 1.639ms
[4.172s][info][gc            ] GC(171) Concurrent Cycle 7.036ms
[4.183s][info][gc,start      ] GC(172) Pause Young (Concurrent Start) (G1 Humongous Allocation)
[4.183s][info][gc,task       ] GC(172) Using 13 workers of 13 for evacuation
[4.186s][info][gc,phases     ] GC(172)   Pre Evacuate Collection Set: 0.0ms
[4.186s][info][gc,phases     ] GC(172)   Evacuate Collection Set: 2.8ms
[4.186s][info][gc,phases     ] GC(172)   Post Evacuate Collection Set: 0.2ms
[4.186s][info][gc,phases     ] GC(172)   Other: 0.1ms
[4.187s][info][gc,heap       ] GC(172) Eden regions: 52->0(764)
[4.187s][info][gc,heap       ] GC(172) Survivor regions: 54->65(97)
[4.187s][info][gc,heap       ] GC(172) Old regions: 1721->1721
[4.187s][info][gc,heap       ] GC(172) Humongous regions: 152->150
[4.187s][info][gc,metaspace  ] GC(172) Metaspace: 6844K(7168K)->6844K(7168K) NonClass: 6256K(6400K)->6256K(6400K) Class: 587K(768K)->587K(768K)
[4.187s][info][gc            ] GC(172) Pause Young (Concurrent Start) (G1 Humongous Allocation) 1976M->1934M(4059M) 3.249ms
[4.187s][info][gc,cpu        ] GC(172) User=0.00s Sys=0.00s Real=0.00s
[4.187s][info][gc            ] GC(173) Concurrent Cycle
[4.187s][info][gc,marking    ] GC(173) Concurrent Clear Claimed Marks
[4.187s][info][gc,marking    ] GC(173) Concurrent Clear Claimed Marks 0.012ms
[4.187s][info][gc,marking    ] GC(173) Concurrent Scan Root Regions
[4.187s][info][gc,marking    ] GC(173) Concurrent Scan Root Regions 0.048ms
[4.187s][info][gc,marking    ] GC(173) Concurrent Mark (4.187s)
[4.187s][info][gc,marking    ] GC(173) Concurrent Mark From Roots
[4.187s][info][gc,task       ] GC(173) Using 3 workers of 3 for marking
[4.189s][info][gc,marking    ] GC(173) Concurrent Mark From Roots 2.507ms
[4.189s][info][gc,marking    ] GC(173) Concurrent Preclean
[4.189s][info][gc,marking    ] GC(173) Concurrent Preclean 0.066ms
[4.189s][info][gc,marking    ] GC(173) Concurrent Mark (4.187s, 4.189s) 2.611ms
[4.189s][info][gc,start      ] GC(173) Pause Remark
[4.190s][info][gc,stringtable] GC(173) Cleaned string and symbol table, strings: 2624 processed, 0 removed, symbols: 25587 processed, 0 removed
[4.190s][info][gc            ] GC(173) Pause Remark 1943M->1943M(4059M) 0.471ms
[4.190s][info][gc,cpu        ] GC(173) User=0.00s Sys=0.00s Real=0.00s
[4.190s][info][gc,marking    ] GC(173) Concurrent Rebuild Remembered Sets
[4.192s][info][gc,marking    ] GC(173) Concurrent Rebuild Remembered Sets 1.718ms
[4.192s][info][gc,start      ] GC(173) Pause Cleanup
[4.192s][info][gc            ] GC(173) Pause Cleanup 1948M->1948M(4059M) 0.373ms
[4.192s][info][gc,cpu        ] GC(173) User=0.00s Sys=0.00s Real=0.00s
[4.192s][info][gc,marking    ] GC(173) Concurrent Cleanup for Next Mark
[4.194s][info][gc,marking    ] GC(173) Concurrent Cleanup for Next Mark 1.697ms
[4.194s][info][gc            ] GC(173) Concurrent Cycle 7.204ms
[4.198s][info][gc,start      ] GC(174) Pause Young (Concurrent Start) (G1 Humongous Allocation)
[4.198s][info][gc,task       ] GC(174) Using 13 workers of 13 for evacuation
[4.202s][info][gc,phases     ] GC(174)   Pre Evacuate Collection Set: 0.0ms
[4.202s][info][gc,phases     ] GC(174)   Evacuate Collection Set: 3.0ms
[4.202s][info][gc,phases     ] GC(174)   Post Evacuate Collection Set: 0.3ms
[4.202s][info][gc,phases     ] GC(174)   Other: 0.1ms
[4.202s][info][gc,heap       ] GC(174) Eden regions: 32->0(856)
[4.202s][info][gc,heap       ] GC(174) Survivor regions: 65->61(104)
[4.202s][info][gc,heap       ] GC(174) Old regions: 1721->1730
[4.202s][info][gc,heap       ] GC(174) Humongous regions: 151->150
[4.202s][info][gc,metaspace  ] GC(174) Metaspace: 6844K(7168K)->6844K(7168K) NonClass: 6256K(6400K)->6256K(6400K) Class: 587K(768K)->587K(768K)
[4.202s][info][gc            ] GC(174) Pause Young (Concurrent Start) (G1 Humongous Allocation) 1967M->1939M(4067M) 3.546ms
[4.202s][info][gc,cpu        ] GC(174) User=0.00s Sys=0.00s Real=0.00s
[4.202s][info][gc            ] GC(175) Concurrent Cycle
[4.202s][info][gc,marking    ] GC(175) Concurrent Clear Claimed Marks
[4.202s][info][gc,marking    ] GC(175) Concurrent Clear Claimed Marks 0.012ms
[4.202s][info][gc,marking    ] GC(175) Concurrent Scan Root Regions
[4.202s][info][gc,marking    ] GC(175) Concurrent Scan Root Regions 0.044ms
[4.202s][info][gc,marking    ] GC(175) Concurrent Mark (4.202s)
[4.202s][info][gc,marking    ] GC(175) Concurrent Mark From Roots
[4.202s][info][gc,task       ] GC(175) Using 3 workers of 3 for marking
[4.204s][info][gc,marking    ] GC(175) Concurrent Mark From Roots 2.444ms
[4.204s][info][gc,marking    ] GC(175) Concurrent Preclean
[4.205s][info][gc,marking    ] GC(175) Concurrent Preclean 0.093ms
[4.205s][info][gc,marking    ] GC(175) Concurrent Mark (4.202s, 4.205s) 2.569ms
[4.205s][info][gc,start      ] GC(175) Pause Remark
[4.205s][info][gc,stringtable] GC(175) Cleaned string and symbol table, strings: 2624 processed, 0 removed, symbols: 25587 processed, 0 removed
[4.205s][info][gc            ] GC(175) Pause Remark 1944M->1944M(4067M) 0.516ms
[4.205s][info][gc,cpu        ] GC(175) User=0.00s Sys=0.00s Real=0.00s
[4.205s][info][gc,marking    ] GC(175) Concurrent Rebuild Remembered Sets
[4.207s][info][gc,marking    ] GC(175) Concurrent Rebuild Remembered Sets 1.681ms
[4.207s][info][gc,start      ] GC(175) Pause Cleanup
[4.207s][info][gc            ] GC(175) Pause Cleanup 1947M->1947M(4067M) 0.308ms
[4.207s][info][gc,cpu        ] GC(175) User=0.00s Sys=0.00s Real=0.00s
[4.207s][info][gc,marking    ] GC(175) Concurrent Cleanup for Next Mark
[4.209s][info][gc,marking    ] GC(175) Concurrent Cleanup for Next Mark 1.592ms
[4.209s][info][gc            ] GC(175) Concurrent Cycle 7.018ms
[4.209s][info][gc,start      ] GC(176) Pause Young (Concurrent Start) (G1 Humongous Allocation)
[4.209s][info][gc,task       ] GC(176) Using 13 workers of 13 for evacuation
[4.212s][info][gc,phases     ] GC(176)   Pre Evacuate Collection Set: 0.0ms
[4.212s][info][gc,phases     ] GC(176)   Evacuate Collection Set: 2.7ms
[4.212s][info][gc,phases     ] GC(176)   Post Evacuate Collection Set: 0.1ms
[4.212s][info][gc,phases     ] GC(176)   Other: 0.1ms
[4.212s][info][gc,heap       ] GC(176) Eden regions: 9->0(764)
[4.212s][info][gc,heap       ] GC(176) Survivor regions: 61->63(115)
[4.212s][info][gc,heap       ] GC(176) Old regions: 1730->1730
[4.212s][info][gc,heap       ] GC(176) Humongous regions: 151->150
[4.212s][info][gc,metaspace  ] GC(176) Metaspace: 6844K(7168K)->6844K(7168K) NonClass: 6256K(6400K)->6256K(6400K) Class: 587K(768K)->587K(768K)
[4.212s][info][gc            ] GC(176) Pause Young (Concurrent Start) (G1 Humongous Allocation) 1949M->1942M(4067M) 3.082ms
[4.212s][info][gc,cpu        ] GC(176) User=0.00s Sys=0.00s Real=0.00s
[4.212s][info][gc            ] GC(177) Concurrent Cycle
[4.212s][info][gc,marking    ] GC(177) Concurrent Clear Claimed Marks
[4.212s][info][gc,marking    ] GC(177) Concurrent Clear Claimed Marks 0.009ms
[4.212s][info][gc,marking    ] GC(177) Concurrent Scan Root Regions
[4.212s][info][gc,marking    ] GC(177) Concurrent Scan Root Regions 0.040ms
[4.212s][info][gc,marking    ] GC(177) Concurrent Mark (4.212s)
[4.212s][info][gc,marking    ] GC(177) Concurrent Mark From Roots
[4.212s][info][gc,task       ] GC(177) Using 3 workers of 3 for marking
[4.215s][info][gc,marking    ] GC(177) Concurrent Mark From Roots 2.265ms
[4.215s][info][gc,marking    ] GC(177) Concurrent Preclean
[4.215s][info][gc,marking    ] GC(177) Concurrent Preclean 0.060ms
[4.215s][info][gc,marking    ] GC(177) Concurrent Mark (4.212s, 4.215s) 2.356ms
[4.215s][info][gc,start      ] GC(177) Pause Remark
[4.215s][info][gc,stringtable] GC(177) Cleaned string and symbol table, strings: 2624 processed, 0 removed, symbols: 25587 processed, 0 removed
[4.215s][info][gc            ] GC(177) Pause Remark 1949M->1949M(4067M) 0.529ms
[4.215s][info][gc,cpu        ] GC(177) User=0.00s Sys=0.00s Real=0.00s
[4.215s][info][gc,marking    ] GC(177) Concurrent Rebuild Remembered Sets
[4.217s][info][gc,marking    ] GC(177) Concurrent Rebuild Remembered Sets 1.587ms
[4.217s][info][gc,start      ] GC(177) Pause Cleanup
[4.217s][info][gc            ] GC(177) Pause Cleanup 1953M->1953M(4067M) 0.323ms
[4.217s][info][gc,cpu        ] GC(177) User=0.00s Sys=0.00s Real=0.00s
[4.217s][info][gc,marking    ] GC(177) Concurrent Cleanup for Next Mark
[4.219s][info][gc,marking    ] GC(177) Concurrent Cleanup for Next Mark 1.557ms
[4.219s][info][gc            ] GC(177) Concurrent Cycle 6.636ms
[4.229s][info][gc,start      ] GC(178) Pause Young (Concurrent Start) (G1 Humongous Allocation)
[4.229s][info][gc,task       ] GC(178) Using 13 workers of 13 for evacuation
[4.233s][info][gc,phases     ] GC(178)   Pre Evacuate Collection Set: 0.0ms
[4.233s][info][gc,phases     ] GC(178)   Evacuate Collection Set: 3.2ms
[4.233s][info][gc,phases     ] GC(178)   Post Evacuate Collection Set: 0.2ms
[4.233s][info][gc,phases     ] GC(178)   Other: 0.1ms
[4.233s][info][gc,heap       ] GC(178) Eden regions: 48->0(837)
[4.233s][info][gc,heap       ] GC(178) Survivor regions: 63->65(104)
[4.233s][info][gc,heap       ] GC(178) Old regions: 1730->1738
[4.233s][info][gc,heap       ] GC(178) Humongous regions: 151->150
[4.233s][info][gc,metaspace  ] GC(178) Metaspace: 6844K(7168K)->6844K(7168K) NonClass: 6256K(6400K)->6256K(6400K) Class: 587K(768K)->587K(768K)
[4.233s][info][gc            ] GC(178) Pause Young (Concurrent Start) (G1 Humongous Allocation) 1990M->1951M(4067M) 3.620ms
[4.233s][info][gc,cpu        ] GC(178) User=0.00s Sys=0.00s Real=0.00s
[4.233s][info][gc            ] GC(179) Concurrent Cycle
[4.233s][info][gc,marking    ] GC(179) Concurrent Clear Claimed Marks
[4.233s][info][gc,marking    ] GC(179) Concurrent Clear Claimed Marks 0.010ms
[4.233s][info][gc,marking    ] GC(179) Concurrent Scan Root Regions
[4.233s][info][gc,marking    ] GC(179) Concurrent Scan Root Regions 0.047ms
[4.233s][info][gc,marking    ] GC(179) Concurrent Mark (4.233s)
[4.233s][info][gc,marking    ] GC(179) Concurrent Mark From Roots
[4.233s][info][gc,task       ] GC(179) Using 3 workers of 3 for marking
[4.235s][info][gc,marking    ] GC(179) Concurrent Mark From Roots 2.377ms
[4.235s][info][gc,marking    ] GC(179) Concurrent Preclean
[4.236s][info][gc,marking    ] GC(179) Concurrent Preclean 0.089ms
[4.236s][info][gc,marking    ] GC(179) Concurrent Mark (4.233s, 4.236s) 2.511ms
[4.236s][info][gc,start      ] GC(179) Pause Remark
[4.236s][info][gc,stringtable] GC(179) Cleaned string and symbol table, strings: 2624 processed, 0 removed, symbols: 25587 processed, 0 removed
[4.236s][info][gc            ] GC(179) Pause Remark 1959M->1959M(4067M) 0.490ms
[4.236s][info][gc,cpu        ] GC(179) User=0.00s Sys=0.00s Real=0.00s
[4.236s][info][gc,marking    ] GC(179) Concurrent Rebuild Remembered Sets
[4.238s][info][gc,marking    ] GC(179) Concurrent Rebuild Remembered Sets 1.625ms
[4.238s][info][gc,start      ] GC(179) Pause Cleanup
[4.238s][info][gc            ] GC(179) Pause Cleanup 1963M->1963M(4067M) 0.304ms
[4.238s][info][gc,cpu        ] GC(179) User=0.00s Sys=0.00s Real=0.00s
[4.238s][info][gc,marking    ] GC(179) Concurrent Cleanup for Next Mark
[4.240s][info][gc,marking    ] GC(179) Concurrent Cleanup for Next Mark 1.633ms
[4.240s][info][gc            ] GC(179) Concurrent Cycle 6.883ms
[4.241s][info][gc,start      ] GC(180) Pause Young (Concurrent Start) (G1 Humongous Allocation)
[4.241s][info][gc,task       ] GC(180) Using 13 workers of 13 for evacuation
[4.244s][info][gc,phases     ] GC(180)   Pre Evacuate Collection Set: 0.0ms
[4.244s][info][gc,phases     ] GC(180)   Evacuate Collection Set: 3.0ms
[4.244s][info][gc,phases     ] GC(180)   Post Evacuate Collection Set: 0.2ms
[4.244s][info][gc,phases     ] GC(180)   Other: 0.1ms
[4.244s][info][gc,heap       ] GC(180) Eden regions: 17->0(909)
[4.244s][info][gc,heap       ] GC(180) Survivor regions: 65->62(113)
[4.244s][info][gc,heap       ] GC(180) Old regions: 1738->1745
[4.244s][info][gc,heap       ] GC(180) Humongous regions: 153->150
[4.244s][info][gc,metaspace  ] GC(180) Metaspace: 6844K(7168K)->6844K(7168K) NonClass: 6256K(6400K)->6256K(6400K) Class: 587K(768K)->587K(768K)
[4.244s][info][gc            ] GC(180) Pause Young (Concurrent Start) (G1 Humongous Allocation) 1971M->1956M(4067M) 3.376ms
[4.244s][info][gc,cpu        ] GC(180) User=0.00s Sys=0.00s Real=0.00s
[4.244s][info][gc            ] GC(181) Concurrent Cycle
[4.245s][info][gc,marking    ] GC(181) Concurrent Clear Claimed Marks
[4.245s][info][gc,marking    ] GC(181) Concurrent Clear Claimed Marks 0.010ms
[4.245s][info][gc,marking    ] GC(181) Concurrent Scan Root Regions
[4.245s][info][gc,marking    ] GC(181) Concurrent Scan Root Regions 0.044ms
[4.245s][info][gc,marking    ] GC(181) Concurrent Mark (4.245s)
[4.245s][info][gc,marking    ] GC(181) Concurrent Mark From Roots
[4.245s][info][gc,task       ] GC(181) Using 3 workers of 3 for marking
[4.247s][info][gc,marking    ] GC(181) Concurrent Mark From Roots 2.374ms
[4.247s][info][gc,marking    ] GC(181) Concurrent Preclean
[4.247s][info][gc,marking    ] GC(181) Concurrent Preclean 0.062ms
[4.247s][info][gc,marking    ] GC(181) Concurrent Mark (4.245s, 4.247s) 2.472ms
[4.247s][info][gc,start      ] GC(181) Pause Remark
[4.247s][info][gc,stringtable] GC(181) Cleaned string and symbol table, strings: 2624 processed, 0 removed, symbols: 25587 processed, 0 removed
[4.248s][info][gc            ] GC(181) Pause Remark 1963M->1963M(4067M) 0.467ms
[4.248s][info][gc,cpu        ] GC(181) User=0.00s Sys=0.00s Real=0.00s
[4.248s][info][gc,marking    ] GC(181) Concurrent Rebuild Remembered Sets
[4.249s][info][gc,marking    ] GC(181) Concurrent Rebuild Remembered Sets 1.606ms
[4.249s][info][gc,start      ] GC(181) Pause Cleanup
[4.250s][info][gc            ] GC(181) Pause Cleanup 1969M->1969M(4067M) 0.304ms
[4.250s][info][gc,cpu        ] GC(181) User=0.00s Sys=0.00s Real=0.00s
[4.250s][info][gc,marking    ] GC(181) Concurrent Cleanup for Next Mark
[4.251s][info][gc,marking    ] GC(181) Concurrent Cleanup for Next Mark 1.562ms
[4.251s][info][gc            ] GC(181) Concurrent Cycle 6.707ms
[4.256s][info][gc,start      ] GC(182) Pause Young (Concurrent Start) (G1 Humongous Allocation)
[4.256s][info][gc,task       ] GC(182) Using 13 workers of 13 for evacuation
[4.259s][info][gc,phases     ] GC(182)   Pre Evacuate Collection Set: 0.1ms
[4.259s][info][gc,phases     ] GC(182)   Evacuate Collection Set: 3.0ms
[4.259s][info][gc,phases     ] GC(182)   Post Evacuate Collection Set: 0.4ms
[4.259s][info][gc,phases     ] GC(182)   Other: 0.1ms
[4.259s][info][gc,heap       ] GC(182) Eden regions: 28->0(819)
[4.259s][info][gc,heap       ] GC(182) Survivor regions: 62->67(122)
[4.259s][info][gc,heap       ] GC(182) Old regions: 1745->1745
[4.259s][info][gc,heap       ] GC(182) Humongous regions: 153->150
[4.259s][info][gc,metaspace  ] GC(182) Metaspace: 6844K(7168K)->6844K(7168K) NonClass: 6256K(6400K)->6256K(6400K) Class: 587K(768K)->587K(768K)
[4.259s][info][gc            ] GC(182) Pause Young (Concurrent Start) (G1 Humongous Allocation) 1986M->1960M(4074M) 3.773ms
[4.259s][info][gc,cpu        ] GC(182) User=0.00s Sys=0.00s Real=0.00s
[4.259s][info][gc            ] GC(183) Concurrent Cycle
[4.259s][info][gc,marking    ] GC(183) Concurrent Clear Claimed Marks
[4.259s][info][gc,marking    ] GC(183) Concurrent Clear Claimed Marks 0.016ms
[4.259s][info][gc,marking    ] GC(183) Concurrent Scan Root Regions
[4.260s][info][gc,marking    ] GC(183) Concurrent Scan Root Regions 0.049ms
[4.260s][info][gc,marking    ] GC(183) Concurrent Mark (4.260s)
[4.260s][info][gc,marking    ] GC(183) Concurrent Mark From Roots
[4.260s][info][gc,task       ] GC(183) Using 3 workers of 3 for marking
[4.262s][info][gc,marking    ] GC(183) Concurrent Mark From Roots 2.465ms
[4.262s][info][gc,marking    ] GC(183) Concurrent Preclean
[4.262s][info][gc,marking    ] GC(183) Concurrent Preclean 0.060ms
[4.262s][info][gc,marking    ] GC(183) Concurrent Mark (4.260s, 4.262s) 2.557ms
[4.262s][info][gc,start      ] GC(183) Pause Remark
[4.263s][info][gc,stringtable] GC(183) Cleaned string and symbol table, strings: 2624 processed, 0 removed, symbols: 25587 processed, 0 removed
[4.263s][info][gc            ] GC(183) Pause Remark 1966M->1966M(4074M) 0.508ms
[4.263s][info][gc,cpu        ] GC(183) User=0.00s Sys=0.00s Real=0.00s
[4.263s][info][gc,marking    ] GC(183) Concurrent Rebuild Remembered Sets
[4.264s][info][gc,marking    ] GC(183) Concurrent Rebuild Remembered Sets 1.619ms
[4.264s][info][gc,start      ] GC(183) Pause Cleanup
[4.265s][info][gc            ] GC(183) Pause Cleanup 1969M->1969M(4074M) 0.304ms
[4.265s][info][gc,cpu        ] GC(183) User=0.00s Sys=0.00s Real=0.00s
[4.265s][info][gc,marking    ] GC(183) Concurrent Cleanup for Next Mark
[4.266s][info][gc,marking    ] GC(183) Concurrent Cleanup for Next Mark 1.594ms
[4.266s][info][gc            ] GC(183) Concurrent Cycle 6.902ms
[4.267s][info][gc,start      ] GC(184) Pause Young (Concurrent Start) (G1 Humongous Allocation)
[4.268s][info][gc,task       ] GC(184) Using 13 workers of 13 for evacuation
[4.271s][info][gc,phases     ] GC(184)   Pre Evacuate Collection Set: 0.0ms
[4.271s][info][gc,phases     ] GC(184)   Evacuate Collection Set: 3.0ms
[4.271s][info][gc,phases     ] GC(184)   Post Evacuate Collection Set: 0.1ms
[4.271s][info][gc,phases     ] GC(184)   Other: 0.1ms
[4.271s][info][gc,heap       ] GC(184) Eden regions: 16->0(885)
[4.271s][info][gc,heap       ] GC(184) Survivor regions: 67->65(111)
[4.271s][info][gc,heap       ] GC(184) Old regions: 1745->1750
[4.271s][info][gc,heap       ] GC(184) Humongous regions: 151->150
[4.271s][info][gc,metaspace  ] GC(184) Metaspace: 6844K(7168K)->6844K(7168K) NonClass: 6256K(6400K)->6256K(6400K) Class: 587K(768K)->587K(768K)
[4.271s][info][gc            ] GC(184) Pause Young (Concurrent Start) (G1 Humongous Allocation) 1977M->1964M(4074M) 3.304ms
[4.271s][info][gc,cpu        ] GC(184) User=0.00s Sys=0.00s Real=0.00s
[4.271s][info][gc            ] GC(185) Concurrent Cycle
[4.271s][info][gc,marking    ] GC(185) Concurrent Clear Claimed Marks
[4.271s][info][gc,marking    ] GC(185) Concurrent Clear Claimed Marks 0.010ms
[4.271s][info][gc,marking    ] GC(185) Concurrent Scan Root Regions
[4.271s][info][gc,marking    ] GC(185) Concurrent Scan Root Regions 0.039ms
[4.271s][info][gc,marking    ] GC(185) Concurrent Mark (4.271s)
[4.271s][info][gc,marking    ] GC(185) Concurrent Mark From Roots
[4.271s][info][gc,task       ] GC(185) Using 3 workers of 3 for marking
[4.273s][info][gc,marking    ] GC(185) Concurrent Mark From Roots 2.391ms
[4.273s][info][gc,marking    ] GC(185) Concurrent Preclean
[4.273s][info][gc,marking    ] GC(185) Concurrent Preclean 0.099ms
[4.273s][info][gc,marking    ] GC(185) Concurrent Mark (4.271s, 4.273s) 2.541ms
[4.274s][info][gc,start      ] GC(185) Pause Remark
[4.274s][info][gc,stringtable] GC(185) Cleaned string and symbol table, strings: 2624 processed, 0 removed, symbols: 25587 processed, 0 removed
[4.274s][info][gc            ] GC(185) Pause Remark 1972M->1972M(4074M) 0.655ms
[4.274s][info][gc,cpu        ] GC(185) User=0.00s Sys=0.00s Real=0.00s
[4.274s][info][gc,marking    ] GC(185) Concurrent Rebuild Remembered Sets
[4.276s][info][gc,marking    ] GC(185) Concurrent Rebuild Remembered Sets 1.673ms
[4.276s][info][gc,start      ] GC(185) Pause Cleanup
[4.276s][info][gc            ] GC(185) Pause Cleanup 1978M->1978M(4074M) 0.317ms
[4.276s][info][gc,cpu        ] GC(185) User=0.00s Sys=0.00s Real=0.00s
[4.276s][info][gc,marking    ] GC(185) Concurrent Cleanup for Next Mark
[4.278s][info][gc,marking    ] GC(185) Concurrent Cleanup for Next Mark 1.535ms
[4.278s][info][gc            ] GC(185) Concurrent Cycle 7.012ms
[4.278s][info][gc,start      ] GC(186) Pause Young (Concurrent Start) (G1 Humongous Allocation)
[4.278s][info][gc,task       ] GC(186) Using 13 workers of 13 for evacuation
[4.281s][info][gc,phases     ] GC(186)   Pre Evacuate Collection Set: 0.0ms
[4.281s][info][gc,phases     ] GC(186)   Evacuate Collection Set: 2.9ms
[4.281s][info][gc,phases     ] GC(186)   Post Evacuate Collection Set: 0.1ms
[4.281s][info][gc,phases     ] GC(186)   Other: 0.1ms
[4.281s][info][gc,heap       ] GC(186) Eden regions: 15->0(847)
[4.281s][info][gc,heap       ] GC(186) Survivor regions: 65->67(119)
[4.281s][info][gc,heap       ] GC(186) Old regions: 1750->1750
[4.281s][info][gc,heap       ] GC(186) Humongous regions: 153->151
[4.281s][info][gc,metaspace  ] GC(186) Metaspace: 6844K(7168K)->6844K(7168K) NonClass: 6256K(6400K)->6256K(6400K) Class: 587K(768K)->587K(768K)
[4.281s][info][gc            ] GC(186) Pause Young (Concurrent Start) (G1 Humongous Allocation) 1982M->1967M(4074M) 3.225ms
[4.281s][info][gc,cpu        ] GC(186) User=0.12s Sys=0.08s Real=0.00s
[4.281s][info][gc            ] GC(187) Concurrent Cycle
[4.281s][info][gc,marking    ] GC(187) Concurrent Clear Claimed Marks
[4.281s][info][gc,marking    ] GC(187) Concurrent Clear Claimed Marks 0.012ms
[4.281s][info][gc,marking    ] GC(187) Concurrent Scan Root Regions
[4.282s][info][gc,marking    ] GC(187) Concurrent Scan Root Regions 0.047ms
[4.282s][info][gc,marking    ] GC(187) Concurrent Mark (4.282s)
[4.282s][info][gc,marking    ] GC(187) Concurrent Mark From Roots
[4.282s][info][gc,task       ] GC(187) Using 3 workers of 3 for marking
[4.284s][info][gc,marking    ] GC(187) Concurrent Mark From Roots 2.268ms
[4.284s][info][gc,marking    ] GC(187) Concurrent Preclean
[4.284s][info][gc,marking    ] GC(187) Concurrent Preclean 0.096ms
[4.284s][info][gc,marking    ] GC(187) Concurrent Mark (4.282s, 4.284s) 2.400ms
[4.284s][info][gc,start      ] GC(187) Pause Remark
[4.284s][info][gc,stringtable] GC(187) Cleaned string and symbol table, strings: 2624 processed, 0 removed, symbols: 25587 processed, 0 removed
[4.284s][info][gc            ] GC(187) Pause Remark 1976M->1976M(4074M) 0.483ms
[4.284s][info][gc,cpu        ] GC(187) User=0.00s Sys=0.00s Real=0.00s
[4.285s][info][gc,marking    ] GC(187) Concurrent Rebuild Remembered Sets
[4.286s][info][gc,marking    ] GC(187) Concurrent Rebuild Remembered Sets 1.645ms
[4.286s][info][gc,start      ] GC(187) Pause Cleanup
[4.287s][info][gc            ] GC(187) Pause Cleanup 1981M->1981M(4074M) 0.347ms
[4.287s][info][gc,cpu        ] GC(187) User=0.00s Sys=0.00s Real=0.00s
[4.287s][info][gc,marking    ] GC(187) Concurrent Cleanup for Next Mark
[4.288s][info][gc,marking    ] GC(187) Concurrent Cleanup for Next Mark 1.573ms
[4.288s][info][gc            ] GC(187) Concurrent Cycle 6.781ms
[4.304s][info][gc,start      ] GC(188) Pause Young (Concurrent Start) (G1 Humongous Allocation)
[4.304s][info][gc,task       ] GC(188) Using 13 workers of 13 for evacuation
[4.308s][info][gc,phases     ] GC(188)   Pre Evacuate Collection Set: 0.1ms
[4.308s][info][gc,phases     ] GC(188)   Evacuate Collection Set: 3.5ms
[4.308s][info][gc,phases     ] GC(188)   Post Evacuate Collection Set: 0.2ms
[4.308s][info][gc,phases     ] GC(188)   Other: 0.2ms
[4.308s][info][gc,heap       ] GC(188) Eden regions: 63->0(925)
[4.308s][info][gc,heap       ] GC(188) Survivor regions: 67->71(115)
[4.308s][info][gc,heap       ] GC(188) Old regions: 1750->1758
[4.308s][info][gc,heap       ] GC(188) Humongous regions: 157->152
[4.308s][info][gc,metaspace  ] GC(188) Metaspace: 6844K(7168K)->6844K(7168K) NonClass: 6256K(6400K)->6256K(6400K) Class: 587K(768K)->587K(768K)
[4.308s][info][gc            ] GC(188) Pause Young (Concurrent Start) (G1 Humongous Allocation) 2035M->1979M(4074M) 4.038ms
[4.308s][info][gc,cpu        ] GC(188) User=0.00s Sys=0.00s Real=0.00s
[4.308s][info][gc            ] GC(189) Concurrent Cycle
[4.308s][info][gc,marking    ] GC(189) Concurrent Clear Claimed Marks
[4.308s][info][gc,marking    ] GC(189) Concurrent Clear Claimed Marks 0.012ms
[4.308s][info][gc,marking    ] GC(189) Concurrent Scan Root Regions
[4.308s][info][gc,marking    ] GC(189) Concurrent Scan Root Regions 0.050ms
[4.308s][info][gc,marking    ] GC(189) Concurrent Mark (4.308s)
[4.308s][info][gc,marking    ] GC(189) Concurrent Mark From Roots
[4.308s][info][gc,task       ] GC(189) Using 3 workers of 3 for marking
[4.311s][info][gc,marking    ] GC(189) Concurrent Mark From Roots 2.796ms
[4.311s][info][gc,marking    ] GC(189) Concurrent Preclean
[4.311s][info][gc,marking    ] GC(189) Concurrent Preclean 0.091ms
[4.311s][info][gc,marking    ] GC(189) Concurrent Mark (4.308s, 4.311s) 2.922ms
[4.311s][info][gc,start      ] GC(189) Pause Remark
[4.312s][info][gc,stringtable] GC(189) Cleaned string and symbol table, strings: 2624 processed, 0 removed, symbols: 25587 processed, 0 removed
[4.312s][info][gc            ] GC(189) Pause Remark 1988M->1988M(4074M) 0.503ms
[4.312s][info][gc,cpu        ] GC(189) User=0.12s Sys=0.00s Real=0.00s
[4.312s][info][gc,marking    ] GC(189) Concurrent Rebuild Remembered Sets
[4.314s][info][gc,marking    ] GC(189) Concurrent Rebuild Remembered Sets 1.811ms
[4.314s][info][gc,start      ] GC(189) Pause Cleanup
[4.314s][info][gc            ] GC(189) Pause Cleanup 1993M->1993M(4074M) 0.310ms
[4.314s][info][gc,cpu        ] GC(189) User=0.00s Sys=0.00s Real=0.00s
[4.314s][info][gc,marking    ] GC(189) Concurrent Cleanup for Next Mark
[4.316s][info][gc,marking    ] GC(189) Concurrent Cleanup for Next Mark 1.828ms
[4.316s][info][gc            ] GC(189) Concurrent Cycle 7.714ms
[4.389s][info][gc,start      ] GC(190) Pause Young (Concurrent Start) (G1 Humongous Allocation)
[4.389s][info][gc,task       ] GC(190) Using 13 workers of 13 for evacuation
[4.395s][info][gc,phases     ] GC(190)   Pre Evacuate Collection Set: 0.1ms
[4.395s][info][gc,phases     ] GC(190)   Evacuate Collection Set: 5.2ms
[4.395s][info][gc,phases     ] GC(190)   Post Evacuate Collection Set: 0.3ms
[4.395s][info][gc,phases     ] GC(190)   Other: 0.2ms
[4.395s][info][gc,heap       ] GC(190) Eden regions: 227->0(955)
[4.395s][info][gc,heap       ] GC(190) Survivor regions: 71->102(125)
[4.395s][info][gc,heap       ] GC(190) Old regions: 1758->1764
[4.395s][info][gc,heap       ] GC(190) Humongous regions: 154->152
[4.395s][info][gc,metaspace  ] GC(190) Metaspace: 6844K(7168K)->6844K(7168K) NonClass: 6256K(6400K)->6256K(6400K) Class: 587K(768K)->587K(768K)
[4.395s][info][gc            ] GC(190) Pause Young (Concurrent Start) (G1 Humongous Allocation) 2208M->2017M(4080M) 5.840ms
[4.395s][info][gc,cpu        ] GC(190) User=0.06s Sys=0.09s Real=0.01s
[4.395s][info][gc            ] GC(191) Concurrent Cycle
[4.395s][info][gc,marking    ] GC(191) Concurrent Clear Claimed Marks
[4.395s][info][gc,marking    ] GC(191) Concurrent Clear Claimed Marks 0.011ms
[4.395s][info][gc,marking    ] GC(191) Concurrent Scan Root Regions
[4.396s][info][gc,marking    ] GC(191) Concurrent Scan Root Regions 0.084ms
[4.396s][info][gc,marking    ] GC(191) Concurrent Mark (4.396s)
[4.396s][info][gc,marking    ] GC(191) Concurrent Mark From Roots
[4.396s][info][gc,task       ] GC(191) Using 3 workers of 3 for marking
[4.399s][info][gc,marking    ] GC(191) Concurrent Mark From Roots 3.135ms
[4.399s][info][gc,marking    ] GC(191) Concurrent Preclean
[4.399s][info][gc,marking    ] GC(191) Concurrent Preclean 0.091ms
[4.399s][info][gc,marking    ] GC(191) Concurrent Mark (4.396s, 4.399s) 3.265ms
[4.399s][info][gc,start      ] GC(191) Pause Remark
[4.399s][info][gc,stringtable] GC(191) Cleaned string and symbol table, strings: 2624 processed, 0 removed, symbols: 25587 processed, 0 removed
[4.399s][info][gc            ] GC(191) Pause Remark 2023M->2023M(4080M) 0.555ms
[4.399s][info][gc,cpu        ] GC(191) User=0.00s Sys=0.00s Real=0.00s
[4.399s][info][gc,marking    ] GC(191) Concurrent Rebuild Remembered Sets
[4.401s][info][gc,marking    ] GC(191) Concurrent Rebuild Remembered Sets 1.827ms
[4.401s][info][gc,start      ] GC(191) Pause Cleanup
[4.402s][info][gc            ] GC(191) Pause Cleanup 2027M->2027M(4080M) 0.374ms
[4.402s][info][gc,cpu        ] GC(191) User=0.00s Sys=0.00s Real=0.00s
[4.402s][info][gc,marking    ] GC(191) Concurrent Cleanup for Next Mark
[4.404s][info][gc,marking    ] GC(191) Concurrent Cleanup for Next Mark 1.845ms
[4.404s][info][gc            ] GC(191) Concurrent Cycle 8.331ms
[4.407s][info][gc,start      ] GC(192) Pause Young (Concurrent Start) (G1 Humongous Allocation)
[4.407s][info][gc,task       ] GC(192) Using 13 workers of 13 for evacuation
[4.412s][info][gc,phases     ] GC(192)   Pre Evacuate Collection Set: 0.1ms
[4.412s][info][gc,phases     ] GC(192)   Evacuate Collection Set: 5.0ms
[4.412s][info][gc,phases     ] GC(192)   Post Evacuate Collection Set: 0.2ms
[4.412s][info][gc,phases     ] GC(192)   Other: 0.1ms
[4.412s][info][gc,heap       ] GC(192) Eden regions: 20->0(750)
[4.412s][info][gc,heap       ] GC(192) Survivor regions: 102->68(133)
[4.412s][info][gc,heap       ] GC(192) Old regions: 1764->1802
[4.412s][info][gc,heap       ] GC(192) Humongous regions: 153->152
[4.412s][info][gc,metaspace  ] GC(192) Metaspace: 6844K(7168K)->6844K(7168K) NonClass: 6256K(6400K)->6256K(6400K) Class: 587K(768K)->587K(768K)
[4.412s][info][gc            ] GC(192) Pause Young (Concurrent Start) (G1 Humongous Allocation) 2038M->2021M(4080M) 5.484ms
[4.412s][info][gc,cpu        ] GC(192) User=0.00s Sys=0.00s Real=0.00s
[4.412s][info][gc            ] GC(193) Concurrent Cycle
[4.412s][info][gc,marking    ] GC(193) Concurrent Clear Claimed Marks
[4.412s][info][gc,marking    ] GC(193) Concurrent Clear Claimed Marks 0.010ms
[4.412s][info][gc,marking    ] GC(193) Concurrent Scan Root Regions
[4.412s][info][gc,marking    ] GC(193) Concurrent Scan Root Regions 0.065ms
[4.412s][info][gc,marking    ] GC(193) Concurrent Mark (4.412s)
[4.412s][info][gc,marking    ] GC(193) Concurrent Mark From Roots
[4.412s][info][gc,task       ] GC(193) Using 3 workers of 3 for marking
[4.415s][info][gc,marking    ] GC(193) Concurrent Mark From Roots 2.824ms
[4.415s][info][gc,marking    ] GC(193) Concurrent Preclean
[4.415s][info][gc,marking    ] GC(193) Concurrent Preclean 0.091ms
[4.415s][info][gc,marking    ] GC(193) Concurrent Mark (4.412s, 4.415s) 2.949ms
[4.415s][info][gc,start      ] GC(193) Pause Remark
[4.416s][info][gc,stringtable] GC(193) Cleaned string and symbol table, strings: 2624 processed, 0 removed, symbols: 25587 processed, 0 removed
[4.416s][info][gc            ] GC(193) Pause Remark 2031M->2031M(4080M) 0.534ms
[4.416s][info][gc,cpu        ] GC(193) User=0.00s Sys=0.00s Real=0.00s
[4.416s][info][gc,marking    ] GC(193) Concurrent Rebuild Remembered Sets
[4.418s][info][gc,marking    ] GC(193) Concurrent Rebuild Remembered Sets 2.057ms
[4.418s][info][gc,start      ] GC(193) Pause Cleanup
[4.418s][info][gc            ] GC(193) Pause Cleanup 2036M->2036M(4080M) 0.328ms
[4.418s][info][gc,cpu        ] GC(193) User=0.00s Sys=0.00s Real=0.00s
[4.418s][info][gc,marking    ] GC(193) Concurrent Cleanup for Next Mark
[4.420s][info][gc,marking    ] GC(193) Concurrent Cleanup for Next Mark 2.012ms
[4.420s][info][gc            ] GC(193) Concurrent Cycle 8.211ms
[4.425s][info][gc,start      ] GC(194) Pause Young (Concurrent Start) (G1 Humongous Allocation)
[4.425s][info][gc,task       ] GC(194) Using 13 workers of 13 for evacuation
[4.428s][info][gc,phases     ] GC(194)   Pre Evacuate Collection Set: 0.1ms
[4.428s][info][gc,phases     ] GC(194)   Evacuate Collection Set: 3.4ms
[4.428s][info][gc,phases     ] GC(194)   Post Evacuate Collection Set: 0.2ms
[4.428s][info][gc,phases     ] GC(194)   Other: 0.1ms
[4.428s][info][gc,heap       ] GC(194) Eden regions: 27->0(667)
[4.428s][info][gc,heap       ] GC(194) Survivor regions: 68->59(103)
[4.428s][info][gc,heap       ] GC(194) Old regions: 1802->1817
[4.428s][info][gc,heap       ] GC(194) Humongous regions: 159->154
[4.429s][info][gc,metaspace  ] GC(194) Metaspace: 6844K(7168K)->6844K(7168K) NonClass: 6256K(6400K)->6256K(6400K) Class: 587K(768K)->587K(768K)
[4.429s][info][gc            ] GC(194) Pause Young (Concurrent Start) (G1 Humongous Allocation) 2055M->2028M(4080M) 3.909ms
[4.429s][info][gc,cpu        ] GC(194) User=0.00s Sys=0.00s Real=0.00s
[4.429s][info][gc            ] GC(195) Concurrent Cycle
[4.429s][info][gc,marking    ] GC(195) Concurrent Clear Claimed Marks
[4.429s][info][gc,marking    ] GC(195) Concurrent Clear Claimed Marks 0.010ms
[4.429s][info][gc,marking    ] GC(195) Concurrent Scan Root Regions
[4.429s][info][gc,marking    ] GC(195) Concurrent Scan Root Regions 0.071ms
[4.429s][info][gc,marking    ] GC(195) Concurrent Mark (4.429s)
[4.429s][info][gc,marking    ] GC(195) Concurrent Mark From Roots
[4.429s][info][gc,task       ] GC(195) Using 3 workers of 3 for marking
[4.431s][info][gc,marking    ] GC(195) Concurrent Mark From Roots 2.748ms
[4.431s][info][gc,marking    ] GC(195) Concurrent Preclean
[4.432s][info][gc,marking    ] GC(195) Concurrent Preclean 0.094ms
[4.432s][info][gc,marking    ] GC(195) Concurrent Mark (4.429s, 4.432s) 2.876ms
[4.432s][info][gc,start      ] GC(195) Pause Remark
[4.432s][info][gc,stringtable] GC(195) Cleaned string and symbol table, strings: 2624 processed, 0 removed, symbols: 25587 processed, 0 removed
[4.432s][info][gc            ] GC(195) Pause Remark 2038M->2038M(4080M) 0.554ms
[4.432s][info][gc,cpu        ] GC(195) User=0.00s Sys=0.00s Real=0.00s
[4.432s][info][gc,marking    ] GC(195) Concurrent Rebuild Remembered Sets
[4.434s][info][gc,marking    ] GC(195) Concurrent Rebuild Remembered Sets 1.940ms
[4.434s][info][gc,start      ] GC(195) Pause Cleanup
[4.435s][info][gc            ] GC(195) Pause Cleanup 2043M->2043M(4080M) 0.335ms
[4.435s][info][gc,cpu        ] GC(195) User=0.00s Sys=0.00s Real=0.00s
[4.435s][info][gc,marking    ] GC(195) Concurrent Cleanup for Next Mark
[4.436s][info][gc,marking    ] GC(195) Concurrent Cleanup for Next Mark 1.715ms
[4.436s][info][gc            ] GC(195) Concurrent Cycle 7.765ms
[4.438s][info][gc,start      ] GC(196) Pause Young (Concurrent Start) (G1 Humongous Allocation)
[4.438s][info][gc,task       ] GC(196) Using 13 workers of 13 for evacuation
[4.441s][info][gc,phases     ] GC(196)   Pre Evacuate Collection Set: 0.0ms
[4.441s][info][gc,phases     ] GC(196)   Evacuate Collection Set: 2.8ms
[4.441s][info][gc,phases     ] GC(196)   Post Evacuate Collection Set: 0.2ms
[4.441s][info][gc,phases     ] GC(196)   Other: 0.1ms
[4.441s][info][gc,heap       ] GC(196) Eden regions: 20->0(727)
[4.441s][info][gc,heap       ] GC(196) Survivor regions: 59->50(91)
[4.441s][info][gc,heap       ] GC(196) Old regions: 1817->1828
[4.441s][info][gc,heap       ] GC(196) Humongous regions: 156->154
[4.441s][info][gc,metaspace  ] GC(196) Metaspace: 6844K(7168K)->6844K(7168K) NonClass: 6256K(6400K)->6256K(6400K) Class: 587K(768K)->587K(768K)
[4.441s][info][gc            ] GC(196) Pause Young (Concurrent Start) (G1 Humongous Allocation) 2050M->2031M(4080M) 3.216ms
[4.441s][info][gc,cpu        ] GC(196) User=0.00s Sys=0.00s Real=0.00s
[4.441s][info][gc            ] GC(197) Concurrent Cycle
[4.441s][info][gc,marking    ] GC(197) Concurrent Clear Claimed Marks
[4.441s][info][gc,marking    ] GC(197) Concurrent Clear Claimed Marks 0.009ms
[4.441s][info][gc,marking    ] GC(197) Concurrent Scan Root Regions
[4.441s][info][gc,marking    ] GC(197) Concurrent Scan Root Regions 0.072ms
[4.441s][info][gc,marking    ] GC(197) Concurrent Mark (4.441s)
[4.441s][info][gc,marking    ] GC(197) Concurrent Mark From Roots
[4.441s][info][gc,task       ] GC(197) Using 3 workers of 3 for marking
[4.444s][info][gc,marking    ] GC(197) Concurrent Mark From Roots 2.643ms
[4.444s][info][gc,marking    ] GC(197) Concurrent Preclean
[4.444s][info][gc,marking    ] GC(197) Concurrent Preclean 0.092ms
[4.444s][info][gc,marking    ] GC(197) Concurrent Mark (4.441s, 4.444s) 2.774ms
[4.444s][info][gc,start      ] GC(197) Pause Remark
[4.444s][info][gc,stringtable] GC(197) Cleaned string and symbol table, strings: 2624 processed, 0 removed, symbols: 25587 processed, 0 removed
[4.444s][info][gc            ] GC(197) Pause Remark 2040M->2040M(4080M) 0.569ms
[4.444s][info][gc,cpu        ] GC(197) User=0.00s Sys=0.00s Real=0.00s
[4.444s][info][gc,marking    ] GC(197) Concurrent Rebuild Remembered Sets
[4.446s][info][gc,marking    ] GC(197) Concurrent Rebuild Remembered Sets 1.887ms
[4.446s][info][gc,start      ] GC(197) Pause Cleanup
[4.447s][info][gc            ] GC(197) Pause Cleanup 2047M->2047M(4080M) 0.326ms
[4.447s][info][gc,cpu        ] GC(197) User=0.00s Sys=0.00s Real=0.00s
[4.447s][info][gc,marking    ] GC(197) Concurrent Cleanup for Next Mark
[4.448s][info][gc,marking    ] GC(197) Concurrent Cleanup for Next Mark 1.631ms
[4.448s][info][gc            ] GC(197) Concurrent Cycle 7.550ms
[4.457s][info][gc,start      ] GC(198) Pause Young (Concurrent Start) (G1 Humongous Allocation)
[4.457s][info][gc,task       ] GC(198) Using 13 workers of 13 for evacuation
[4.460s][info][gc,phases     ] GC(198)   Pre Evacuate Collection Set: 0.1ms
[4.460s][info][gc,phases     ] GC(198)   Evacuate Collection Set: 2.6ms
[4.460s][info][gc,phases     ] GC(198)   Post Evacuate Collection Set: 0.2ms
[4.460s][info][gc,phases     ] GC(198)   Other: 0.1ms
[4.460s][info][gc,heap       ] GC(198) Eden regions: 45->0(810)
[4.460s][info][gc,heap       ] GC(198) Survivor regions: 50->59(98)
[4.460s][info][gc,heap       ] GC(198) Old regions: 1828->1828
[4.460s][info][gc,heap       ] GC(198) Humongous regions: 156->154
[4.460s][info][gc,metaspace  ] GC(198) Metaspace: 6844K(7168K)->6844K(7168K) NonClass: 6256K(6400K)->6256K(6400K) Class: 587K(768K)->587K(768K)
[4.460s][info][gc            ] GC(198) Pause Young (Concurrent Start) (G1 Humongous Allocation) 2078M->2040M(4084M) 3.121ms
[4.460s][info][gc,cpu        ] GC(198) User=0.00s Sys=0.00s Real=0.00s
[4.460s][info][gc            ] GC(199) Concurrent Cycle
[4.460s][info][gc,marking    ] GC(199) Concurrent Clear Claimed Marks
[4.460s][info][gc,marking    ] GC(199) Concurrent Clear Claimed Marks 0.013ms
[4.460s][info][gc,marking    ] GC(199) Concurrent Scan Root Regions
[4.460s][info][gc,marking    ] GC(199) Concurrent Scan Root Regions 0.068ms
[4.460s][info][gc,marking    ] GC(199) Concurrent Mark (4.460s)
[4.460s][info][gc,marking    ] GC(199) Concurrent Mark From Roots
[4.460s][info][gc,task       ] GC(199) Using 3 workers of 3 for marking
[4.463s][info][gc,marking    ] GC(199) Concurrent Mark From Roots 2.455ms
[4.463s][info][gc,marking    ] GC(199) Concurrent Preclean
[4.463s][info][gc,marking    ] GC(199) Concurrent Preclean 0.091ms
[4.463s][info][gc,marking    ] GC(199) Concurrent Mark (4.460s, 4.463s) 2.584ms
[4.463s][info][gc,start      ] GC(199) Pause Remark
[4.463s][info][gc,stringtable] GC(199) Cleaned string and symbol table, strings: 2624 processed, 0 removed, symbols: 25587 processed, 0 removed
[4.464s][info][gc            ] GC(199) Pause Remark 2046M->2046M(4084M) 0.507ms
[4.464s][info][gc,cpu        ] GC(199) User=0.00s Sys=0.00s Real=0.00s
[4.464s][info][gc,marking    ] GC(199) Concurrent Rebuild Remembered Sets
[4.466s][info][gc,marking    ] GC(199) Concurrent Rebuild Remembered Sets 1.879ms
[4.466s][info][gc,start      ] GC(199) Pause Cleanup
[4.466s][info][gc            ] GC(199) Pause Cleanup 2052M->2052M(4084M) 0.308ms
[4.466s][info][gc,cpu        ] GC(199) User=0.00s Sys=0.00s Real=0.00s
[4.466s][info][gc,marking    ] GC(199) Concurrent Cleanup for Next Mark
[4.468s][info][gc,marking    ] GC(199) Concurrent Cleanup for Next Mark 1.635ms
[4.468s][info][gc            ] GC(199) Concurrent Cycle 7.269ms
[4.471s][info][gc,start      ] GC(200) Pause Young (Concurrent Start) (G1 Humongous Allocation)
[4.471s][info][gc,task       ] GC(200) Using 13 workers of 13 for evacuation
[4.474s][info][gc,phases     ] GC(200)   Pre Evacuate Collection Set: 0.1ms
[4.474s][info][gc,phases     ] GC(200)   Evacuate Collection Set: 2.9ms
[4.474s][info][gc,phases     ] GC(200)   Post Evacuate Collection Set: 0.2ms
[4.474s][info][gc,phases     ] GC(200)   Other: 0.1ms
[4.474s][info][gc,heap       ] GC(200) Eden regions: 26->0(762)
[4.474s][info][gc,heap       ] GC(200) Survivor regions: 59->26(109)
[4.474s][info][gc,heap       ] GC(200) Old regions: 1828->1866
[4.474s][info][gc,heap       ] GC(200) Humongous regions: 156->154
[4.474s][info][gc,metaspace  ] GC(200) Metaspace: 6844K(7168K)->6844K(7168K) NonClass: 6256K(6400K)->6256K(6400K) Class: 587K(768K)->587K(768K)
[4.474s][info][gc            ] GC(200) Pause Young (Concurrent Start) (G1 Humongous Allocation) 2068M->2045M(4084M) 3.359ms
[4.474s][info][gc,cpu        ] GC(200) User=0.00s Sys=0.00s Real=0.00s
[4.474s][info][gc            ] GC(201) Concurrent Cycle
[4.475s][info][gc,marking    ] GC(201) Concurrent Clear Claimed Marks
[4.475s][info][gc,marking    ] GC(201) Concurrent Clear Claimed Marks 0.010ms
[4.475s][info][gc,marking    ] GC(201) Concurrent Scan Root Regions
[4.475s][info][gc,marking    ] GC(201) Concurrent Scan Root Regions 0.040ms
[4.475s][info][gc,marking    ] GC(201) Concurrent Mark (4.475s)
[4.475s][info][gc,marking    ] GC(201) Concurrent Mark From Roots
[4.475s][info][gc,task       ] GC(201) Using 3 workers of 3 for marking
[4.477s][info][gc,marking    ] GC(201) Concurrent Mark From Roots 2.491ms
[4.477s][info][gc,marking    ] GC(201) Concurrent Preclean
[4.477s][info][gc,marking    ] GC(201) Concurrent Preclean 0.091ms
[4.477s][info][gc,marking    ] GC(201) Concurrent Mark (4.475s, 4.477s) 2.620ms
[4.477s][info][gc,start      ] GC(201) Pause Remark
[4.478s][info][gc,stringtable] GC(201) Cleaned string and symbol table, strings: 2624 processed, 0 removed, symbols: 25587 processed, 0 removed
[4.478s][info][gc            ] GC(201) Pause Remark 2055M->2055M(4084M) 0.497ms
[4.478s][info][gc,cpu        ] GC(201) User=0.00s Sys=0.00s Real=0.00s
[4.478s][info][gc,marking    ] GC(201) Concurrent Rebuild Remembered Sets
[4.480s][info][gc,marking    ] GC(201) Concurrent Rebuild Remembered Sets 1.905ms
[4.480s][info][gc,start      ] GC(201) Pause Cleanup
[4.480s][info][gc            ] GC(201) Pause Cleanup 2061M->2061M(4084M) 0.302ms
[4.480s][info][gc,cpu        ] GC(201) User=0.00s Sys=0.00s Real=0.00s
[4.480s][info][gc,marking    ] GC(201) Concurrent Cleanup for Next Mark
[4.482s][info][gc,marking    ] GC(201) Concurrent Cleanup for Next Mark 1.671ms
[4.482s][info][gc            ] GC(201) Concurrent Cycle 7.301ms
[4.491s][info][gc,start      ] GC(202) Pause Young (Concurrent Start) (G1 Humongous Allocation)
[4.491s][info][gc,task       ] GC(202) Using 13 workers of 13 for evacuation
[4.493s][info][gc,phases     ] GC(202)   Pre Evacuate Collection Set: 0.0ms
[4.493s][info][gc,phases     ] GC(202)   Evacuate Collection Set: 1.5ms
[4.493s][info][gc,phases     ] GC(202)   Post Evacuate Collection Set: 0.2ms
[4.493s][info][gc,phases     ] GC(202)   Other: 0.1ms
[4.493s][info][gc,heap       ] GC(202) Eden regions: 49->0(706)
[4.493s][info][gc,heap       ] GC(202) Survivor regions: 26->34(99)
[4.493s][info][gc,heap       ] GC(202) Old regions: 1866->1866
[4.493s][info][gc,heap       ] GC(202) Humongous regions: 156->154
[4.493s][info][gc,metaspace  ] GC(202) Metaspace: 6844K(7168K)->6844K(7168K) NonClass: 6256K(6400K)->6256K(6400K) Class: 587K(768K)->587K(768K)
[4.493s][info][gc            ] GC(202) Pause Young (Concurrent Start) (G1 Humongous Allocation) 2096M->2053M(4084M) 1.959ms
[4.493s][info][gc,cpu        ] GC(202) User=0.00s Sys=0.00s Real=0.00s
[4.493s][info][gc            ] GC(203) Concurrent Cycle
[4.493s][info][gc,marking    ] GC(203) Concurrent Clear Claimed Marks
[4.493s][info][gc,marking    ] GC(203) Concurrent Clear Claimed Marks 0.010ms
[4.493s][info][gc,marking    ] GC(203) Concurrent Scan Root Regions
[4.494s][info][gc,marking    ] GC(203) Concurrent Scan Root Regions 0.042ms
[4.494s][info][gc,marking    ] GC(203) Concurrent Mark (4.494s)
[4.494s][info][gc,marking    ] GC(203) Concurrent Mark From Roots
[4.494s][info][gc,task       ] GC(203) Using 3 workers of 3 for marking
[4.496s][info][gc,marking    ] GC(203) Concurrent Mark From Roots 2.570ms
[4.496s][info][gc,marking    ] GC(203) Concurrent Preclean
[4.496s][info][gc,marking    ] GC(203) Concurrent Preclean 0.061ms
[4.496s][info][gc,marking    ] GC(203) Concurrent Mark (4.494s, 4.496s) 2.667ms
[4.496s][info][gc,start      ] GC(203) Pause Remark
[4.497s][info][gc,stringtable] GC(203) Cleaned string and symbol table, strings: 2624 processed, 0 removed, symbols: 25587 processed, 0 removed
[4.497s][info][gc            ] GC(203) Pause Remark 2062M->2062M(4084M) 0.459ms
[4.497s][info][gc,cpu        ] GC(203) User=0.00s Sys=0.00s Real=0.00s
[4.497s][info][gc,marking    ] GC(203) Concurrent Rebuild Remembered Sets
[4.499s][info][gc,marking    ] GC(203) Concurrent Rebuild Remembered Sets 1.814ms
[4.499s][info][gc,start      ] GC(203) Pause Cleanup
[4.499s][info][gc            ] GC(203) Pause Cleanup 2066M->2066M(4084M) 0.306ms
[4.499s][info][gc,cpu        ] GC(203) User=0.00s Sys=0.00s Real=0.00s
[4.499s][info][gc,marking    ] GC(203) Concurrent Cleanup for Next Mark
[4.501s][info][gc,marking    ] GC(203) Concurrent Cleanup for Next Mark 1.604ms
[4.501s][info][gc            ] GC(203) Concurrent Cycle 7.135ms
[4.508s][info][gc,start      ] GC(204) Pause Young (Concurrent Start) (G1 Humongous Allocation)
[4.508s][info][gc,task       ] GC(204) Using 13 workers of 13 for evacuation
[4.511s][info][gc,phases     ] GC(204)   Pre Evacuate Collection Set: 0.1ms
[4.511s][info][gc,phases     ] GC(204)   Evacuate Collection Set: 2.0ms
[4.511s][info][gc,phases     ] GC(204)   Post Evacuate Collection Set: 0.2ms
[4.511s][info][gc,phases     ] GC(204)   Other: 0.1ms
[4.511s][info][gc,heap       ] GC(204) Eden regions: 41->0(787)
[4.511s][info][gc,heap       ] GC(204) Survivor regions: 34->42(93)
[4.511s][info][gc,heap       ] GC(204) Old regions: 1866->1866
[4.511s][info][gc,heap       ] GC(204) Humongous regions: 156->154
[4.511s][info][gc,metaspace  ] GC(204) Metaspace: 6844K(7168K)->6844K(7168K) NonClass: 6256K(6400K)->6256K(6400K) Class: 587K(768K)->587K(768K)
[4.511s][info][gc            ] GC(204) Pause Young (Concurrent Start) (G1 Humongous Allocation) 2096M->2061M(4084M) 2.406ms
[4.511s][info][gc,cpu        ] GC(204) User=0.00s Sys=0.00s Real=0.00s
[4.511s][info][gc            ] GC(205) Concurrent Cycle
[4.511s][info][gc,marking    ] GC(205) Concurrent Clear Claimed Marks
[4.511s][info][gc,marking    ] GC(205) Concurrent Clear Claimed Marks 0.010ms
[4.511s][info][gc,marking    ] GC(205) Concurrent Scan Root Regions
[4.511s][info][gc,marking    ] GC(205) Concurrent Scan Root Regions 0.045ms
[4.511s][info][gc,marking    ] GC(205) Concurrent Mark (4.511s)
[4.511s][info][gc,marking    ] GC(205) Concurrent Mark From Roots
[4.511s][info][gc,task       ] GC(205) Using 3 workers of 3 for marking
[4.513s][info][gc,marking    ] GC(205) Concurrent Mark From Roots 2.523ms
[4.513s][info][gc,marking    ] GC(205) Concurrent Preclean
[4.513s][info][gc,marking    ] GC(205) Concurrent Preclean 0.076ms
[4.513s][info][gc,marking    ] GC(205) Concurrent Mark (4.511s, 4.513s) 2.648ms
[4.514s][info][gc,start      ] GC(205) Pause Remark
[4.514s][info][gc,stringtable] GC(205) Cleaned string and symbol table, strings: 2624 processed, 0 removed, symbols: 25587 processed, 0 removed
[4.514s][info][gc            ] GC(205) Pause Remark 2071M->2071M(4084M) 0.526ms
[4.514s][info][gc,cpu        ] GC(205) User=0.00s Sys=0.00s Real=0.00s
[4.514s][info][gc,marking    ] GC(205) Concurrent Rebuild Remembered Sets
[4.516s][info][gc,marking    ] GC(205) Concurrent Rebuild Remembered Sets 1.791ms
[4.516s][info][gc,start      ] GC(205) Pause Cleanup
[4.516s][info][gc            ] GC(205) Pause Cleanup 2076M->2076M(4084M) 0.364ms
[4.516s][info][gc,cpu        ] GC(205) User=0.00s Sys=0.00s Real=0.00s
[4.516s][info][gc,marking    ] GC(205) Concurrent Cleanup for Next Mark
[4.518s][info][gc,marking    ] GC(205) Concurrent Cleanup for Next Mark 1.556ms
[4.518s][info][gc            ] GC(205) Concurrent Cycle 7.194ms
[4.518s][info][gc,start      ] GC(206) Pause Young (Concurrent Start) (G1 Humongous Allocation)
[4.518s][info][gc,task       ] GC(206) Using 13 workers of 13 for evacuation
[4.520s][info][gc,phases     ] GC(206)   Pre Evacuate Collection Set: 0.0ms
[4.520s][info][gc,phases     ] GC(206)   Evacuate Collection Set: 1.9ms
[4.520s][info][gc,phases     ] GC(206)   Post Evacuate Collection Set: 0.1ms
[4.520s][info][gc,phases     ] GC(206)   Other: 0.1ms
[4.520s][info][gc,heap       ] GC(206) Eden regions: 15->0(831)
[4.520s][info][gc,heap       ] GC(206) Survivor regions: 42->46(104)
[4.520s][info][gc,heap       ] GC(206) Old regions: 1866->1866
[4.520s][info][gc,heap       ] GC(206) Humongous regions: 158->155
[4.520s][info][gc,metaspace  ] GC(206) Metaspace: 6844K(7168K)->6844K(7168K) NonClass: 6256K(6400K)->6256K(6400K) Class: 587K(768K)->587K(768K)
[4.521s][info][gc            ] GC(206) Pause Young (Concurrent Start) (G1 Humongous Allocation) 2080M->2065M(4084M) 2.317ms
[4.521s][info][gc,cpu        ] GC(206) User=0.00s Sys=0.00s Real=0.00s
[4.521s][info][gc            ] GC(207) Concurrent Cycle
[4.521s][info][gc,marking    ] GC(207) Concurrent Clear Claimed Marks
[4.521s][info][gc,marking    ] GC(207) Concurrent Clear Claimed Marks 0.011ms
[4.521s][info][gc,marking    ] GC(207) Concurrent Scan Root Regions
[4.521s][info][gc,marking    ] GC(207) Concurrent Scan Root Regions 0.044ms
[4.521s][info][gc,marking    ] GC(207) Concurrent Mark (4.521s)
[4.521s][info][gc,marking    ] GC(207) Concurrent Mark From Roots
[4.521s][info][gc,task       ] GC(207) Using 3 workers of 3 for marking
[4.523s][info][gc,marking    ] GC(207) Concurrent Mark From Roots 2.422ms
[4.523s][info][gc,marking    ] GC(207) Concurrent Preclean
[4.523s][info][gc,marking    ] GC(207) Concurrent Preclean 0.091ms
[4.523s][info][gc,marking    ] GC(207) Concurrent Mark (4.521s, 4.523s) 2.548ms
[4.523s][info][gc,start      ] GC(207) Pause Remark
[4.524s][info][gc,stringtable] GC(207) Cleaned string and symbol table, strings: 2624 processed, 0 removed, symbols: 25587 processed, 0 removed
[4.524s][info][gc            ] GC(207) Pause Remark 2074M->2074M(4084M) 0.507ms
[4.524s][info][gc,cpu        ] GC(207) User=0.00s Sys=0.00s Real=0.00s
[4.524s][info][gc,marking    ] GC(207) Concurrent Rebuild Remembered Sets
[4.526s][info][gc,marking    ] GC(207) Concurrent Rebuild Remembered Sets 1.787ms
[4.526s][info][gc,start      ] GC(207) Pause Cleanup
[4.526s][info][gc            ] GC(207) Pause Cleanup 2079M->2079M(4084M) 0.311ms
[4.526s][info][gc,cpu        ] GC(207) User=0.00s Sys=0.00s Real=0.00s
[4.526s][info][gc,marking    ] GC(207) Concurrent Cleanup for Next Mark
[4.528s][info][gc,marking    ] GC(207) Concurrent Cleanup for Next Mark 1.578ms
[4.528s][info][gc            ] GC(207) Concurrent Cycle 7.040ms
[4.530s][info][gc,start      ] GC(208) Pause Young (Concurrent Start) (G1 Humongous Allocation)
[4.530s][info][gc,task       ] GC(208) Using 13 workers of 13 for evacuation
[4.532s][info][gc,phases     ] GC(208)   Pre Evacuate Collection Set: 0.0ms
[4.532s][info][gc,phases     ] GC(208)   Evacuate Collection Set: 2.2ms
[4.532s][info][gc,phases     ] GC(208)   Post Evacuate Collection Set: 0.2ms
[4.533s][info][gc,phases     ] GC(208)   Other: 0.1ms
[4.533s][info][gc,heap       ] GC(208) Eden regions: 24->0(898)
[4.533s][info][gc,heap       ] GC(208) Survivor regions: 46->49(110)
[4.533s][info][gc,heap       ] GC(208) Old regions: 1866->1866
[4.533s][info][gc,heap       ] GC(208) Humongous regions: 156->155
[4.533s][info][gc,metaspace  ] GC(208) Metaspace: 6844K(7168K)->6844K(7168K) NonClass: 6256K(6400K)->6256K(6400K) Class: 587K(768K)->587K(768K)
[4.533s][info][gc            ] GC(208) Pause Young (Concurrent Start) (G1 Humongous Allocation) 2090M->2069M(4086M) 2.656ms
[4.533s][info][gc,cpu        ] GC(208) User=0.17s Sys=0.02s Real=0.00s
[4.533s][info][gc            ] GC(209) Concurrent Cycle
[4.533s][info][gc,marking    ] GC(209) Concurrent Clear Claimed Marks
[4.533s][info][gc,marking    ] GC(209) Concurrent Clear Claimed Marks 0.010ms
[4.533s][info][gc,marking    ] GC(209) Concurrent Scan Root Regions
[4.533s][info][gc,marking    ] GC(209) Concurrent Scan Root Regions 0.045ms
[4.533s][info][gc,marking    ] GC(209) Concurrent Mark (4.533s)
[4.533s][info][gc,marking    ] GC(209) Concurrent Mark From Roots
[4.533s][info][gc,task       ] GC(209) Using 3 workers of 3 for marking
[4.535s][info][gc,marking    ] GC(209) Concurrent Mark From Roots 2.481ms
[4.535s][info][gc,marking    ] GC(209) Concurrent Preclean
[4.535s][info][gc,marking    ] GC(209) Concurrent Preclean 0.090ms
[4.535s][info][gc,marking    ] GC(209) Concurrent Mark (4.533s, 4.535s) 2.604ms
[4.535s][info][gc,start      ] GC(209) Pause Remark
[4.536s][info][gc,stringtable] GC(209) Cleaned string and symbol table, strings: 2624 processed, 0 removed, symbols: 25587 processed, 0 removed
[4.536s][info][gc            ] GC(209) Pause Remark 2077M->2077M(4086M) 0.483ms
[4.536s][info][gc,cpu        ] GC(209) User=0.00s Sys=0.00s Real=0.00s
[4.536s][info][gc,marking    ] GC(209) Concurrent Rebuild Remembered Sets
[4.538s][info][gc,marking    ] GC(209) Concurrent Rebuild Remembered Sets 1.770ms
[4.538s][info][gc,start      ] GC(209) Pause Cleanup
[4.538s][info][gc            ] GC(209) Pause Cleanup 2083M->2083M(4086M) 0.332ms
[4.538s][info][gc,cpu        ] GC(209) User=0.00s Sys=0.00s Real=0.00s
[4.538s][info][gc,marking    ] GC(209) Concurrent Cleanup for Next Mark
[4.540s][info][gc,marking    ] GC(209) Concurrent Cleanup for Next Mark 1.602ms
[4.540s][info][gc            ] GC(209) Concurrent Cycle 7.085ms
[4.542s][info][gc,start      ] GC(210) Pause Young (Concurrent Start) (G1 Humongous Allocation)
[4.542s][info][gc,task       ] GC(210) Using 13 workers of 13 for evacuation
[4.545s][info][gc,phases     ] GC(210)   Pre Evacuate Collection Set: 0.0ms
[4.545s][info][gc,phases     ] GC(210)   Evacuate Collection Set: 2.4ms
[4.545s][info][gc,phases     ] GC(210)   Post Evacuate Collection Set: 0.2ms
[4.545s][info][gc,phases     ] GC(210)   Other: 0.1ms
[4.545s][info][gc,heap       ] GC(210) Eden regions: 22->0(836)
[4.545s][info][gc,heap       ] GC(210) Survivor regions: 49->54(119)
[4.545s][info][gc,heap       ] GC(210) Old regions: 1866->1866
[4.545s][info][gc,heap       ] GC(210) Humongous regions: 158->156
[4.545s][info][gc,metaspace  ] GC(210) Metaspace: 6844K(7168K)->6844K(7168K) NonClass: 6256K(6400K)->6256K(6400K) Class: 587K(768K)->587K(768K)
[4.545s][info][gc            ] GC(210) Pause Young (Concurrent Start) (G1 Humongous Allocation) 2094M->2075M(4086M) 2.756ms
[4.545s][info][gc,cpu        ] GC(210) User=0.00s Sys=0.00s Real=0.00s
[4.545s][info][gc            ] GC(211) Concurrent Cycle
[4.545s][info][gc,marking    ] GC(211) Concurrent Clear Claimed Marks
[4.545s][info][gc,marking    ] GC(211) Concurrent Clear Claimed Marks 0.012ms
[4.545s][info][gc,marking    ] GC(211) Concurrent Scan Root Regions
[4.545s][info][gc,marking    ] GC(211) Concurrent Scan Root Regions 0.048ms
[4.545s][info][gc,marking    ] GC(211) Concurrent Mark (4.545s)
[4.545s][info][gc,marking    ] GC(211) Concurrent Mark From Roots
[4.545s][info][gc,task       ] GC(211) Using 3 workers of 3 for marking
[4.548s][info][gc,marking    ] GC(211) Concurrent Mark From Roots 2.540ms
[4.548s][info][gc,marking    ] GC(211) Concurrent Preclean
[4.548s][info][gc,marking    ] GC(211) Concurrent Preclean 0.076ms
[4.548s][info][gc,marking    ] GC(211) Concurrent Mark (4.545s, 4.548s) 2.650ms
[4.548s][info][gc,start      ] GC(211) Pause Remark
[4.548s][info][gc,stringtable] GC(211) Cleaned string and symbol table, strings: 2624 processed, 0 removed, symbols: 25587 processed, 0 removed
[4.548s][info][gc            ] GC(211) Pause Remark 2084M->2084M(4086M) 0.489ms
[4.548s][info][gc,cpu        ] GC(211) User=0.00s Sys=0.00s Real=0.00s
[4.548s][info][gc,marking    ] GC(211) Concurrent Rebuild Remembered Sets
[4.550s][info][gc,marking    ] GC(211) Concurrent Rebuild Remembered Sets 1.739ms
[4.550s][info][gc,start      ] GC(211) Pause Cleanup
[4.550s][info][gc            ] GC(211) Pause Cleanup 2089M->2089M(4086M) 0.317ms
[4.550s][info][gc,cpu        ] GC(211) User=0.00s Sys=0.00s Real=0.00s
[4.550s][info][gc,marking    ] GC(211) Concurrent Cleanup for Next Mark
[4.552s][info][gc,marking    ] GC(211) Concurrent Cleanup for Next Mark 1.517ms
[4.552s][info][gc            ] GC(211) Concurrent Cycle 7.019ms
[4.556s][info][gc,start      ] GC(212) Pause Young (Concurrent Start) (G1 Humongous Allocation)
[4.556s][info][gc,task       ] GC(212) Using 13 workers of 13 for evacuation
[4.559s][info][gc,phases     ] GC(212)   Pre Evacuate Collection Set: 0.0ms
[4.559s][info][gc,phases     ] GC(212)   Evacuate Collection Set: 2.7ms
[4.559s][info][gc,phases     ] GC(212)   Post Evacuate Collection Set: 0.2ms
[4.559s][info][gc,phases     ] GC(212)   Other: 0.1ms
[4.559s][info][gc,heap       ] GC(212) Eden regions: 29->0(730)
[4.559s][info][gc,heap       ] GC(212) Survivor regions: 54->59(112)
[4.559s][info][gc,heap       ] GC(212) Old regions: 1866->1866
[4.559s][info][gc,heap       ] GC(212) Humongous regions: 157->156
[4.559s][info][gc,metaspace  ] GC(212) Metaspace: 6844K(7168K)->6844K(7168K) NonClass: 6256K(6400K)->6256K(6400K) Class: 587K(768K)->587K(768K)
[4.559s][info][gc            ] GC(212) Pause Young (Concurrent Start) (G1 Humongous Allocation) 2105M->2080M(4086M) 3.159ms
[4.559s][info][gc,cpu        ] GC(212) User=0.00s Sys=0.00s Real=0.00s
[4.559s][info][gc            ] GC(213) Concurrent Cycle
[4.559s][info][gc,marking    ] GC(213) Concurrent Clear Claimed Marks
[4.559s][info][gc,marking    ] GC(213) Concurrent Clear Claimed Marks 0.010ms
[4.559s][info][gc,marking    ] GC(213) Concurrent Scan Root Regions
[4.559s][info][gc,marking    ] GC(213) Concurrent Scan Root Regions 0.062ms
[4.559s][info][gc,marking    ] GC(213) Concurrent Mark (4.559s)
[4.559s][info][gc,marking    ] GC(213) Concurrent Mark From Roots
[4.559s][info][gc,task       ] GC(213) Using 3 workers of 3 for marking
[4.562s][info][gc,marking    ] GC(213) Concurrent Mark From Roots 2.377ms
[4.562s][info][gc,marking    ] GC(213) Concurrent Preclean
[4.562s][info][gc,marking    ] GC(213) Concurrent Preclean 0.076ms
[4.562s][info][gc,marking    ] GC(213) Concurrent Mark (4.559s, 4.562s) 2.483ms
[4.562s][info][gc,start      ] GC(213) Pause Remark
[4.562s][info][gc,stringtable] GC(213) Cleaned string and symbol table, strings: 2624 processed, 0 removed, symbols: 25587 processed, 0 removed
[4.562s][info][gc            ] GC(213) Pause Remark 2089M->2089M(4086M) 0.495ms
[4.562s][info][gc,cpu        ] GC(213) User=0.00s Sys=0.00s Real=0.00s
[4.562s][info][gc,marking    ] GC(213) Concurrent Rebuild Remembered Sets
[4.564s][info][gc,marking    ] GC(213) Concurrent Rebuild Remembered Sets 1.811ms
[4.564s][info][gc,start      ] GC(213) Pause Cleanup
[4.565s][info][gc            ] GC(213) Pause Cleanup 2096M->2096M(4086M) 0.307ms
[4.565s][info][gc,cpu        ] GC(213) User=0.00s Sys=0.00s Real=0.00s
[4.565s][info][gc,marking    ] GC(213) Concurrent Cleanup for Next Mark
[4.566s][info][gc,marking    ] GC(213) Concurrent Cleanup for Next Mark 1.558ms
[4.566s][info][gc            ] GC(213) Concurrent Cycle 6.973ms
[4.566s][info][gc,start      ] GC(214) Pause Young (Concurrent Start) (G1 Humongous Allocation)
[4.566s][info][gc,task       ] GC(214) Using 13 workers of 13 for evacuation
[4.570s][info][gc,phases     ] GC(214)   Pre Evacuate Collection Set: 0.0ms
[4.570s][info][gc,phases     ] GC(214)   Evacuate Collection Set: 2.8ms
[4.570s][info][gc,phases     ] GC(214)   Post Evacuate Collection Set: 0.2ms
[4.570s][info][gc,phases     ] GC(214)   Other: 0.1ms
[4.570s][info][gc,heap       ] GC(214) Eden regions: 17->0(630)
[4.570s][info][gc,heap       ] GC(214) Survivor regions: 59->54(99)
[4.570s][info][gc,heap       ] GC(214) Old regions: 1866->1874
[4.570s][info][gc,heap       ] GC(214) Humongous regions: 159->156
[4.570s][info][gc,metaspace  ] GC(214) Metaspace: 6844K(7168K)->6844K(7168K) NonClass: 6256K(6400K)->6256K(6400K) Class: 587K(768K)->587K(768K)
[4.570s][info][gc            ] GC(214) Pause Young (Concurrent Start) (G1 Humongous Allocation) 2100M->2083M(4086M) 3.184ms
[4.570s][info][gc,cpu        ] GC(214) User=0.00s Sys=0.00s Real=0.00s
[4.570s][info][gc            ] GC(215) Concurrent Cycle
[4.570s][info][gc,marking    ] GC(215) Concurrent Clear Claimed Marks
[4.570s][info][gc,marking    ] GC(215) Concurrent Clear Claimed Marks 0.013ms
[4.570s][info][gc,marking    ] GC(215) Concurrent Scan Root Regions
[4.570s][info][gc,marking    ] GC(215) Concurrent Scan Root Regions 0.044ms
[4.570s][info][gc,marking    ] GC(215) Concurrent Mark (4.570s)
[4.570s][info][gc,marking    ] GC(215) Concurrent Mark From Roots
[4.570s][info][gc,task       ] GC(215) Using 3 workers of 3 for marking
[4.572s][info][gc,marking    ] GC(215) Concurrent Mark From Roots 2.410ms
[4.572s][info][gc,marking    ] GC(215) Concurrent Preclean
[4.572s][info][gc,marking    ] GC(215) Concurrent Preclean 0.090ms
[4.572s][info][gc,marking    ] GC(215) Concurrent Mark (4.570s, 4.572s) 2.535ms
[4.572s][info][gc,start      ] GC(215) Pause Remark
[4.573s][info][gc,stringtable] GC(215) Cleaned string and symbol table, strings: 2624 processed, 0 removed, symbols: 25587 processed, 0 removed
[4.573s][info][gc            ] GC(215) Pause Remark 2092M->2092M(4086M) 0.475ms
[4.573s][info][gc,cpu        ] GC(215) User=0.00s Sys=0.00s Real=0.00s
[4.573s][info][gc,marking    ] GC(215) Concurrent Rebuild Remembered Sets
[4.575s][info][gc,marking    ] GC(215) Concurrent Rebuild Remembered Sets 1.764ms
[4.575s][info][gc,start      ] GC(215) Pause Cleanup
[4.575s][info][gc            ] GC(215) Pause Cleanup 2097M->2097M(4086M) 0.326ms
[4.575s][info][gc,cpu        ] GC(215) User=0.00s Sys=0.00s Real=0.00s
[4.575s][info][gc,marking    ] GC(215) Concurrent Cleanup for Next Mark
[4.577s][info][gc,marking    ] GC(215) Concurrent Cleanup for Next Mark 1.506ms
[4.577s][info][gc            ] GC(215) Concurrent Cycle 6.930ms
[4.580s][info][gc,start      ] GC(216) Pause Young (Concurrent Start) (G1 Humongous Allocation)
[4.580s][info][gc,task       ] GC(216) Using 13 workers of 13 for evacuation
[4.583s][info][gc,phases     ] GC(216)   Pre Evacuate Collection Set: 0.0ms
[4.583s][info][gc,phases     ] GC(216)   Evacuate Collection Set: 2.7ms
[4.583s][info][gc,phases     ] GC(216)   Post Evacuate Collection Set: 0.2ms
[4.583s][info][gc,phases     ] GC(216)   Other: 0.1ms
[4.583s][info][gc,heap       ] GC(216) Eden regions: 27->0(623)
[4.583s][info][gc,heap       ] GC(216) Survivor regions: 54->47(86)
[4.583s][info][gc,heap       ] GC(216) Old regions: 1874->1887
[4.583s][info][gc,heap       ] GC(216) Humongous regions: 157->156
[4.583s][info][gc,metaspace  ] GC(216) Metaspace: 6844K(7168K)->6844K(7168K) NonClass: 6256K(6400K)->6256K(6400K) Class: 587K(768K)->587K(768K)
[4.583s][info][gc            ] GC(216) Pause Young (Concurrent Start) (G1 Humongous Allocation) 2110M->2089M(4088M) 3.112ms
[4.583s][info][gc,cpu        ] GC(216) User=0.00s Sys=0.00s Real=0.00s
[4.583s][info][gc            ] GC(217) Concurrent Cycle
[4.583s][info][gc,marking    ] GC(217) Concurrent Clear Claimed Marks
[4.583s][info][gc,marking    ] GC(217) Concurrent Clear Claimed Marks 0.010ms
[4.583s][info][gc,marking    ] GC(217) Concurrent Scan Root Regions
[4.583s][info][gc,marking    ] GC(217) Concurrent Scan Root Regions 0.040ms
[4.583s][info][gc,marking    ] GC(217) Concurrent Mark (4.583s)
[4.583s][info][gc,marking    ] GC(217) Concurrent Mark From Roots
[4.583s][info][gc,task       ] GC(217) Using 3 workers of 3 for marking
[4.585s][info][gc,marking    ] GC(217) Concurrent Mark From Roots 2.434ms
[4.585s][info][gc,marking    ] GC(217) Concurrent Preclean
[4.585s][info][gc,marking    ] GC(217) Concurrent Preclean 0.066ms
[4.585s][info][gc,marking    ] GC(217) Concurrent Mark (4.583s, 4.585s) 2.542ms
[4.586s][info][gc,start      ] GC(217) Pause Remark
[4.586s][info][gc,stringtable] GC(217) Cleaned string and symbol table, strings: 2624 processed, 0 removed, symbols: 25587 processed, 0 removed
[4.586s][info][gc            ] GC(217) Pause Remark 2095M->2095M(4088M) 0.479ms
[4.586s][info][gc,cpu        ] GC(217) User=0.00s Sys=0.00s Real=0.00s
[4.586s][info][gc,marking    ] GC(217) Concurrent Rebuild Remembered Sets
[4.588s][info][gc,marking    ] GC(217) Concurrent Rebuild Remembered Sets 1.762ms
[4.588s][info][gc,start      ] GC(217) Pause Cleanup
[4.588s][info][gc            ] GC(217) Pause Cleanup 2101M->2101M(4088M) 0.318ms
[4.588s][info][gc,cpu        ] GC(217) User=0.00s Sys=0.00s Real=0.00s
[4.588s][info][gc,marking    ] GC(217) Concurrent Cleanup for Next Mark
[4.590s][info][gc,marking    ] GC(217) Concurrent Cleanup for Next Mark 1.520ms
[4.590s][info][gc            ] GC(217) Concurrent Cycle 6.939ms
[4.591s][info][gc,start      ] GC(218) Pause Young (Concurrent Start) (G1 Humongous Allocation)
[4.591s][info][gc,task       ] GC(218) Using 13 workers of 13 for evacuation
[4.594s][info][gc,phases     ] GC(218)   Pre Evacuate Collection Set: 0.0ms
[4.594s][info][gc,phases     ] GC(218)   Evacuate Collection Set: 2.3ms
[4.594s][info][gc,phases     ] GC(218)   Post Evacuate Collection Set: 0.2ms
[4.594s][info][gc,phases     ] GC(218)   Other: 0.1ms
[4.594s][info][gc,heap       ] GC(218) Eden regions: 18->0(591)
[4.594s][info][gc,heap       ] GC(218) Survivor regions: 47->46(84)
[4.594s][info][gc,heap       ] GC(218) Old regions: 1887->1892
[4.594s][info][gc,heap       ] GC(218) Humongous regions: 157->156
[4.594s][info][gc,metaspace  ] GC(218) Metaspace: 6844K(7168K)->6844K(7168K) NonClass: 6256K(6400K)->6256K(6400K) Class: 587K(768K)->587K(768K)
[4.594s][info][gc            ] GC(218) Pause Young (Concurrent Start) (G1 Humongous Allocation) 2108M->2092M(4088M) 2.657ms
[4.594s][info][gc,cpu        ] GC(218) User=0.14s Sys=0.03s Real=0.00s
[4.594s][info][gc            ] GC(219) Concurrent Cycle
[4.594s][info][gc,marking    ] GC(219) Concurrent Clear Claimed Marks
[4.594s][info][gc,marking    ] GC(219) Concurrent Clear Claimed Marks 0.010ms
[4.594s][info][gc,marking    ] GC(219) Concurrent Scan Root Regions
[4.594s][info][gc,marking    ] GC(219) Concurrent Scan Root Regions 0.041ms
[4.594s][info][gc,marking    ] GC(219) Concurrent Mark (4.594s)
[4.594s][info][gc,marking    ] GC(219) Concurrent Mark From Roots
[4.594s][info][gc,task       ] GC(219) Using 3 workers of 3 for marking
[4.596s][info][gc,marking    ] GC(219) Concurrent Mark From Roots 2.436ms
[4.596s][info][gc,marking    ] GC(219) Concurrent Preclean
[4.597s][info][gc,marking    ] GC(219) Concurrent Preclean 0.078ms
[4.597s][info][gc,marking    ] GC(219) Concurrent Mark (4.594s, 4.597s) 2.550ms
[4.597s][info][gc,start      ] GC(219) Pause Remark
[4.597s][info][gc,stringtable] GC(219) Cleaned string and symbol table, strings: 2624 processed, 0 removed, symbols: 25587 processed, 0 removed
[4.597s][info][gc            ] GC(219) Pause Remark 2101M->2101M(4088M) 0.509ms
[4.597s][info][gc,cpu        ] GC(219) User=0.00s Sys=0.00s Real=0.00s
[4.597s][info][gc,marking    ] GC(219) Concurrent Rebuild Remembered Sets
[4.599s][info][gc,marking    ] GC(219) Concurrent Rebuild Remembered Sets 1.804ms
[4.599s][info][gc,start      ] GC(219) Pause Cleanup
[4.599s][info][gc            ] GC(219) Pause Cleanup 2107M->2107M(4088M) 0.315ms
[4.599s][info][gc,cpu        ] GC(219) User=0.00s Sys=0.00s Real=0.00s
[4.599s][info][gc,marking    ] GC(219) Concurrent Cleanup for Next Mark
[4.601s][info][gc,marking    ] GC(219) Concurrent Cleanup for Next Mark 1.489ms
[4.601s][info][gc            ] GC(219) Concurrent Cycle 6.970ms
[4.601s][info][gc,start      ] GC(220) Pause Young (Concurrent Start) (G1 Humongous Allocation)
[4.601s][info][gc,task       ] GC(220) Using 13 workers of 13 for evacuation
[4.604s][info][gc,phases     ] GC(220)   Pre Evacuate Collection Set: 0.0ms
[4.604s][info][gc,phases     ] GC(220)   Evacuate Collection Set: 2.2ms
[4.604s][info][gc,phases     ] GC(220)   Post Evacuate Collection Set: 0.2ms
[4.604s][info][gc,phases     ] GC(220)   Other: 0.1ms
[4.604s][info][gc,heap       ] GC(220) Eden regions: 17->0(611)
[4.604s][info][gc,heap       ] GC(220) Survivor regions: 46->41(80)
[4.604s][info][gc,heap       ] GC(220) Old regions: 1892->1901
[4.604s][info][gc,heap       ] GC(220) Humongous regions: 158->156
[4.604s][info][gc,metaspace  ] GC(220) Metaspace: 6844K(7168K)->6844K(7168K) NonClass: 6256K(6400K)->6256K(6400K) Class: 587K(768K)->587K(768K)
[4.604s][info][gc            ] GC(220) Pause Young (Concurrent Start) (G1 Humongous Allocation) 2111M->2096M(4088M) 2.571ms
[4.604s][info][gc,cpu        ] GC(220) User=0.00s Sys=0.00s Real=0.00s
[4.604s][info][gc            ] GC(221) Concurrent Cycle
[4.604s][info][gc,marking    ] GC(221) Concurrent Clear Claimed Marks
[4.604s][info][gc,marking    ] GC(221) Concurrent Clear Claimed Marks 0.010ms
[4.604s][info][gc,marking    ] GC(221) Concurrent Scan Root Regions
[4.604s][info][gc,marking    ] GC(221) Concurrent Scan Root Regions 0.036ms
[4.604s][info][gc,marking    ] GC(221) Concurrent Mark (4.604s)
[4.604s][info][gc,marking    ] GC(221) Concurrent Mark From Roots
[4.604s][info][gc,task       ] GC(221) Using 3 workers of 3 for marking
[4.606s][info][gc,marking    ] GC(221) Concurrent Mark From Roots 2.374ms
[4.606s][info][gc,marking    ] GC(221) Concurrent Preclean
[4.606s][info][gc,marking    ] GC(221) Concurrent Preclean 0.076ms
[4.606s][info][gc,marking    ] GC(221) Concurrent Mark (4.604s, 4.606s) 2.494ms
[4.607s][info][gc,start      ] GC(221) Pause Remark
[4.607s][info][gc,stringtable] GC(221) Cleaned string and symbol table, strings: 2624 processed, 0 removed, symbols: 25587 processed, 0 removed
[4.607s][info][gc            ] GC(221) Pause Remark 2104M->2104M(4088M) 0.438ms
[4.607s][info][gc,cpu        ] GC(221) User=0.00s Sys=0.00s Real=0.00s
[4.607s][info][gc,marking    ] GC(221) Concurrent Rebuild Remembered Sets
[4.609s][info][gc,marking    ] GC(221) Concurrent Rebuild Remembered Sets 1.786ms
[4.609s][info][gc,start      ] GC(221) Pause Cleanup
[4.609s][info][gc            ] GC(221) Pause Cleanup 2111M->2111M(4088M) 0.319ms
[4.609s][info][gc,cpu        ] GC(221) User=0.00s Sys=0.00s Real=0.00s
[4.609s][info][gc,marking    ] GC(221) Concurrent Cleanup for Next Mark
[4.611s][info][gc,marking    ] GC(221) Concurrent Cleanup for Next Mark 1.478ms
[4.611s][info][gc            ] GC(221) Concurrent Cycle 6.810ms
[4.624s][info][gc,start      ] GC(222) Pause Young (Concurrent Start) (G1 Humongous Allocation)
[4.624s][info][gc,task       ] GC(222) Using 13 workers of 13 for evacuation
[4.627s][info][gc,phases     ] GC(222)   Pre Evacuate Collection Set: 0.0ms
[4.627s][info][gc,phases     ] GC(222)   Evacuate Collection Set: 2.3ms
[4.627s][info][gc,phases     ] GC(222)   Post Evacuate Collection Set: 0.1ms
[4.627s][info][gc,phases     ] GC(222)   Other: 0.1ms
[4.627s][info][gc,heap       ] GC(222) Eden regions: 60->0(667)
[4.627s][info][gc,heap       ] GC(222) Survivor regions: 41->52(82)
[4.627s][info][gc,heap       ] GC(222) Old regions: 1901->1901
[4.627s][info][gc,heap       ] GC(222) Humongous regions: 158->156
[4.627s][info][gc,metaspace  ] GC(222) Metaspace: 6844K(7168K)->6844K(7168K) NonClass: 6256K(6400K)->6256K(6400K) Class: 587K(768K)->587K(768K)
[4.627s][info][gc            ] GC(222) Pause Young (Concurrent Start) (G1 Humongous Allocation) 2158M->2108M(4088M) 2.752ms
[4.627s][info][gc,cpu        ] GC(222) User=0.00s Sys=0.02s Real=0.00s
[4.627s][info][gc            ] GC(223) Concurrent Cycle
[4.627s][info][gc,marking    ] GC(223) Concurrent Clear Claimed Marks
[4.627s][info][gc,marking    ] GC(223) Concurrent Clear Claimed Marks 0.010ms
[4.627s][info][gc,marking    ] GC(223) Concurrent Scan Root Regions
[4.627s][info][gc,marking    ] GC(223) Concurrent Scan Root Regions 0.041ms
[4.627s][info][gc,marking    ] GC(223) Concurrent Mark (4.627s)
[4.627s][info][gc,marking    ] GC(223) Concurrent Mark From Roots
[4.627s][info][gc,task       ] GC(223) Using 3 workers of 3 for marking
[4.630s][info][gc,marking    ] GC(223) Concurrent Mark From Roots 2.841ms
[4.630s][info][gc,marking    ] GC(223) Concurrent Preclean
[4.630s][info][gc,marking    ] GC(223) Concurrent Preclean 0.060ms
[4.630s][info][gc,marking    ] GC(223) Concurrent Mark (4.627s, 4.630s) 2.932ms
[4.630s][info][gc,start      ] GC(223) Pause Remark
[4.630s][info][gc,stringtable] GC(223) Cleaned string and symbol table, strings: 2624 processed, 0 removed, symbols: 25587 processed, 0 removed
[4.631s][info][gc            ] GC(223) Pause Remark 2117M->2117M(4088M) 0.480ms
[4.631s][info][gc,cpu        ] GC(223) User=0.00s Sys=0.00s Real=0.00s
[4.631s][info][gc,marking    ] GC(223) Concurrent Rebuild Remembered Sets
[4.633s][info][gc,marking    ] GC(223) Concurrent Rebuild Remembered Sets 2.022ms
[4.633s][info][gc,start      ] GC(223) Pause Cleanup
[4.633s][info][gc            ] GC(223) Pause Cleanup 2123M->2123M(4088M) 0.330ms
[4.633s][info][gc,cpu        ] GC(223) User=0.00s Sys=0.00s Real=0.00s
[4.633s][info][gc,marking    ] GC(223) Concurrent Cleanup for Next Mark
[4.635s][info][gc,marking    ] GC(223) Concurrent Cleanup for Next Mark 1.867ms
[4.635s][info][gc            ] GC(223) Concurrent Cycle 7.915ms
[4.640s][info][gc,start      ] GC(224) Pause Young (Concurrent Start) (G1 Humongous Allocation)
[4.640s][info][gc,task       ] GC(224) Using 13 workers of 13 for evacuation
[4.643s][info][gc,phases     ] GC(224)   Pre Evacuate Collection Set: 0.0ms
[4.643s][info][gc,phases     ] GC(224)   Evacuate Collection Set: 2.6ms
[4.643s][info][gc,phases     ] GC(224)   Post Evacuate Collection Set: 0.2ms
[4.643s][info][gc,phases     ] GC(224)   Other: 0.1ms
[4.643s][info][gc,heap       ] GC(224) Eden regions: 34->0(658)
[4.643s][info][gc,heap       ] GC(224) Survivor regions: 52->49(90)
[4.643s][info][gc,heap       ] GC(224) Old regions: 1901->1909
[4.643s][info][gc,heap       ] GC(224) Humongous regions: 158->156
[4.643s][info][gc,metaspace  ] GC(224) Metaspace: 6844K(7168K)->6844K(7168K) NonClass: 6256K(6400K)->6256K(6400K) Class: 587K(768K)->587K(768K)
[4.643s][info][gc            ] GC(224) Pause Young (Concurrent Start) (G1 Humongous Allocation) 2144M->2113M(4090M) 3.044ms
[4.643s][info][gc,cpu        ] GC(224) User=0.00s Sys=0.00s Real=0.00s
[4.643s][info][gc            ] GC(225) Concurrent Cycle
[4.643s][info][gc,marking    ] GC(225) Concurrent Clear Claimed Marks
[4.643s][info][gc,marking    ] GC(225) Concurrent Clear Claimed Marks 0.011ms
[4.643s][info][gc,marking    ] GC(225) Concurrent Scan Root Regions
[4.643s][info][gc,marking    ] GC(225) Concurrent Scan Root Regions 0.044ms
[4.643s][info][gc,marking    ] GC(225) Concurrent Mark (4.643s)
[4.643s][info][gc,marking    ] GC(225) Concurrent Mark From Roots
[4.643s][info][gc,task       ] GC(225) Using 3 workers of 3 for marking
[4.646s][info][gc,marking    ] GC(225) Concurrent Mark From Roots 3.024ms
[4.646s][info][gc,marking    ] GC(225) Concurrent Preclean
[4.646s][info][gc,marking    ] GC(225) Concurrent Preclean 0.076ms
[4.646s][info][gc,marking    ] GC(225) Concurrent Mark (4.643s, 4.646s) 3.148ms
[4.646s][info][gc,start      ] GC(225) Pause Remark
[4.647s][info][gc,stringtable] GC(225) Cleaned string and symbol table, strings: 2624 processed, 0 removed, symbols: 25587 processed, 0 removed
[4.647s][info][gc            ] GC(225) Pause Remark 2123M->2123M(4090M) 0.471ms
[4.647s][info][gc,cpu        ] GC(225) User=0.00s Sys=0.00s Real=0.00s
[4.647s][info][gc,marking    ] GC(225) Concurrent Rebuild Remembered Sets
[4.649s][info][gc,marking    ] GC(225) Concurrent Rebuild Remembered Sets 2.072ms
[4.649s][info][gc,start      ] GC(225) Pause Cleanup
[4.649s][info][gc            ] GC(225) Pause Cleanup 2130M->2130M(4090M) 0.303ms
[4.649s][info][gc,cpu        ] GC(225) User=0.00s Sys=0.00s Real=0.00s
[4.649s][info][gc,marking    ] GC(225) Concurrent Cleanup for Next Mark
[4.651s][info][gc,marking    ] GC(225) Concurrent Cleanup for Next Mark 1.729ms
[4.651s][info][gc            ] GC(225) Concurrent Cycle 8.048ms
[4.652s][info][gc,start      ] GC(226) Pause Young (Concurrent Start) (G1 Humongous Allocation)
[4.652s][info][gc,task       ] GC(226) Using 13 workers of 13 for evacuation
[4.654s][info][gc,phases     ] GC(226)   Pre Evacuate Collection Set: 0.0ms
[4.654s][info][gc,phases     ] GC(226)   Evacuate Collection Set: 2.5ms
[4.654s][info][gc,phases     ] GC(226)   Post Evacuate Collection Set: 0.2ms
[4.654s][info][gc,phases     ] GC(226)   Other: 0.1ms
[4.655s][info][gc,heap       ] GC(226) Eden regions: 20->0(652)
[4.655s][info][gc,heap       ] GC(226) Survivor regions: 49->51(89)
[4.655s][info][gc,heap       ] GC(226) Old regions: 1909->1912
[4.655s][info][gc,heap       ] GC(226) Humongous regions: 158->156
[4.655s][info][gc,metaspace  ] GC(226) Metaspace: 6844K(7168K)->6844K(7168K) NonClass: 6256K(6400K)->6256K(6400K) Class: 587K(768K)->587K(768K)
[4.655s][info][gc            ] GC(226) Pause Young (Concurrent Start) (G1 Humongous Allocation) 2135M->2118M(4090M) 2.883ms
[4.655s][info][gc,cpu        ] GC(226) User=0.00s Sys=0.00s Real=0.00s
[4.655s][info][gc            ] GC(227) Concurrent Cycle
[4.655s][info][gc,marking    ] GC(227) Concurrent Clear Claimed Marks
[4.655s][info][gc,marking    ] GC(227) Concurrent Clear Claimed Marks 0.010ms
[4.655s][info][gc,marking    ] GC(227) Concurrent Scan Root Regions
[4.655s][info][gc,marking    ] GC(227) Concurrent Scan Root Regions 0.043ms
[4.655s][info][gc,marking    ] GC(227) Concurrent Mark (4.655s)
[4.655s][info][gc,marking    ] GC(227) Concurrent Mark From Roots
[4.655s][info][gc,task       ] GC(227) Using 3 workers of 3 for marking
[4.657s][info][gc,marking    ] GC(227) Concurrent Mark From Roots 2.796ms
[4.658s][info][gc,marking    ] GC(227) Concurrent Preclean
[4.658s][info][gc,marking    ] GC(227) Concurrent Preclean 0.082ms
[4.658s][info][gc,marking    ] GC(227) Concurrent Mark (4.655s, 4.658s) 2.924ms
[4.658s][info][gc,start      ] GC(227) Pause Remark
[4.658s][info][gc,stringtable] GC(227) Cleaned string and symbol table, strings: 2624 processed, 0 removed, symbols: 25587 processed, 0 removed
[4.658s][info][gc            ] GC(227) Pause Remark 2128M->2128M(4090M) 0.468ms
[4.658s][info][gc,cpu        ] GC(227) User=0.00s Sys=0.00s Real=0.00s
[4.658s][info][gc,marking    ] GC(227) Concurrent Rebuild Remembered Sets
[4.660s][info][gc,marking    ] GC(227) Concurrent Rebuild Remembered Sets 1.961ms
[4.660s][info][gc,start      ] GC(227) Pause Cleanup
[4.661s][info][gc            ] GC(227) Pause Cleanup 2133M->2133M(4090M) 0.326ms
[4.661s][info][gc,cpu        ] GC(227) User=0.00s Sys=0.00s Real=0.00s
[4.661s][info][gc,marking    ] GC(227) Concurrent Cleanup for Next Mark
[4.662s][info][gc,marking    ] GC(227) Concurrent Cleanup for Next Mark 1.627ms
[4.662s][info][gc            ] GC(227) Concurrent Cycle 7.617ms
[4.664s][info][gc,start      ] GC(228) Pause Young (Concurrent Start) (G1 Humongous Allocation)
[4.664s][info][gc,task       ] GC(228) Using 13 workers of 13 for evacuation
[4.667s][info][gc,phases     ] GC(228)   Pre Evacuate Collection Set: 0.0ms
[4.667s][info][gc,phases     ] GC(228)   Evacuate Collection Set: 2.5ms
[4.667s][info][gc,phases     ] GC(228)   Post Evacuate Collection Set: 0.2ms
[4.667s][info][gc,phases     ] GC(228)   Other: 0.1ms
[4.667s][info][gc,heap       ] GC(228) Eden regions: 20->0(636)
[4.667s][info][gc,heap       ] GC(228) Survivor regions: 51->51(88)
[4.667s][info][gc,heap       ] GC(228) Old regions: 1912->1916
[4.667s][info][gc,heap       ] GC(228) Humongous regions: 159->157
[4.667s][info][gc,metaspace  ] GC(228) Metaspace: 6844K(7168K)->6844K(7168K) NonClass: 6256K(6400K)->6256K(6400K) Class: 587K(768K)->587K(768K)
[4.667s][info][gc            ] GC(228) Pause Young (Concurrent Start) (G1 Humongous Allocation) 2141M->2123M(4090M) 2.937ms
[4.667s][info][gc,cpu        ] GC(228) User=0.00s Sys=0.00s Real=0.00s
[4.667s][info][gc            ] GC(229) Concurrent Cycle
[4.667s][info][gc,marking    ] GC(229) Concurrent Clear Claimed Marks
[4.667s][info][gc,marking    ] GC(229) Concurrent Clear Claimed Marks 0.010ms
[4.667s][info][gc,marking    ] GC(229) Concurrent Scan Root Regions
[4.667s][info][gc,marking    ] GC(229) Concurrent Scan Root Regions 0.043ms
[4.667s][info][gc,marking    ] GC(229) Concurrent Mark (4.667s)
[4.667s][info][gc,marking    ] GC(229) Concurrent Mark From Roots
[4.667s][info][gc,task       ] GC(229) Using 3 workers of 3 for marking
[4.670s][info][gc,marking    ] GC(229) Concurrent Mark From Roots 2.748ms
[4.670s][info][gc,marking    ] GC(229) Concurrent Preclean
[4.670s][info][gc,marking    ] GC(229) Concurrent Preclean 0.078ms
[4.670s][info][gc,marking    ] GC(229) Concurrent Mark (4.667s, 4.670s) 2.871ms
[4.670s][info][gc,start      ] GC(229) Pause Remark
[4.670s][info][gc,stringtable] GC(229) Cleaned string and symbol table, strings: 2624 processed, 0 removed, symbols: 25587 processed, 0 removed
[4.670s][info][gc            ] GC(229) Pause Remark 2130M->2130M(4090M) 0.466ms
[4.670s][info][gc,cpu        ] GC(229) User=0.00s Sys=0.00s Real=0.00s
[4.670s][info][gc,marking    ] GC(229) Concurrent Rebuild Remembered Sets
[4.672s][info][gc,marking    ] GC(229) Concurrent Rebuild Remembered Sets 2.054ms
[4.672s][info][gc,start      ] GC(229) Pause Cleanup
[4.673s][info][gc            ] GC(229) Pause Cleanup 2136M->2136M(4090M) 0.317ms
[4.673s][info][gc,cpu        ] GC(229) User=0.00s Sys=0.00s Real=0.00s
[4.673s][info][gc,marking    ] GC(229) Concurrent Cleanup for Next Mark
[4.674s][info][gc,marking    ] GC(229) Concurrent Cleanup for Next Mark 1.635ms
[4.674s][info][gc            ] GC(229) Concurrent Cycle 7.632ms
[4.691s][info][gc,start      ] GC(230) Pause Young (Concurrent Start) (G1 Humongous Allocation)
[4.691s][info][gc,task       ] GC(230) Using 13 workers of 13 for evacuation
[4.694s][info][gc,phases     ] GC(230)   Pre Evacuate Collection Set: 0.0ms
[4.694s][info][gc,phases     ] GC(230)   Evacuate Collection Set: 2.9ms
[4.694s][info][gc,phases     ] GC(230)   Post Evacuate Collection Set: 0.2ms
[4.694s][info][gc,phases     ] GC(230)   Other: 0.1ms
[4.694s][info][gc,heap       ] GC(230) Eden regions: 66->0(635)
[4.694s][info][gc,heap       ] GC(230) Survivor regions: 51->58(86)
[4.694s][info][gc,heap       ] GC(230) Old regions: 1916->1920
[4.694s][info][gc,heap       ] GC(230) Humongous regions: 158->157
[4.694s][info][gc,metaspace  ] GC(230) Metaspace: 6844K(7168K)->6844K(7168K) NonClass: 6256K(6400K)->6256K(6400K) Class: 587K(768K)->587K(768K)
[4.694s][info][gc            ] GC(230) Pause Young (Concurrent Start) (G1 Humongous Allocation) 2190M->2134M(4090M) 3.339ms
[4.694s][info][gc,cpu        ] GC(230) User=0.00s Sys=0.00s Real=0.00s
[4.694s][info][gc            ] GC(231) Concurrent Cycle
[4.695s][info][gc,marking    ] GC(231) Concurrent Clear Claimed Marks
[4.695s][info][gc,marking    ] GC(231) Concurrent Clear Claimed Marks 0.010ms
[4.695s][info][gc,marking    ] GC(231) Concurrent Scan Root Regions
[4.695s][info][gc,marking    ] GC(231) Concurrent Scan Root Regions 0.049ms
[4.695s][info][gc,marking    ] GC(231) Concurrent Mark (4.695s)
[4.695s][info][gc,marking    ] GC(231) Concurrent Mark From Roots
[4.695s][info][gc,task       ] GC(231) Using 3 workers of 3 for marking
[4.697s][info][gc,marking    ] GC(231) Concurrent Mark From Roots 2.668ms
[4.697s][info][gc,marking    ] GC(231) Concurrent Preclean
[4.697s][info][gc,marking    ] GC(231) Concurrent Preclean 0.060ms
[4.697s][info][gc,marking    ] GC(231) Concurrent Mark (4.695s, 4.697s) 2.759ms
[4.697s][info][gc,start      ] GC(231) Pause Remark
[4.698s][info][gc,stringtable] GC(231) Cleaned string and symbol table, strings: 2624 processed, 0 removed, symbols: 25587 processed, 0 removed
[4.698s][info][gc            ] GC(231) Pause Remark 2143M->2143M(4090M) 0.517ms
[4.698s][info][gc,cpu        ] GC(231) User=0.00s Sys=0.00s Real=0.00s
[4.698s][info][gc,marking    ] GC(231) Concurrent Rebuild Remembered Sets
[4.700s][info][gc,marking    ] GC(231) Concurrent Rebuild Remembered Sets 2.039ms
[4.700s][info][gc,start      ] GC(231) Pause Cleanup
[4.700s][info][gc            ] GC(231) Pause Cleanup 2150M->2150M(4090M) 0.314ms
[4.700s][info][gc,cpu        ] GC(231) User=0.00s Sys=0.00s Real=0.00s
[4.700s][info][gc,marking    ] GC(231) Concurrent Cleanup for Next Mark
[4.702s][info][gc,marking    ] GC(231) Concurrent Cleanup for Next Mark 1.696ms
[4.702s][info][gc            ] GC(231) Concurrent Cycle 7.649ms
[4.709s][info][gc,start      ] GC(232) Pause Young (Concurrent Start) (G1 Humongous Allocation)
[4.709s][info][gc,task       ] GC(232) Using 13 workers of 13 for evacuation
[4.712s][info][gc,phases     ] GC(232)   Pre Evacuate Collection Set: 0.0ms
[4.712s][info][gc,phases     ] GC(232)   Evacuate Collection Set: 2.9ms
[4.712s][info][gc,phases     ] GC(232)   Post Evacuate Collection Set: 0.2ms
[4.712s][info][gc,phases     ] GC(232)   Other: 0.1ms
[4.712s][info][gc,heap       ] GC(232) Eden regions: 37->0(635)
[4.712s][info][gc,heap       ] GC(232) Survivor regions: 58->51(87)
[4.712s][info][gc,heap       ] GC(232) Old regions: 1920->1934
[4.712s][info][gc,heap       ] GC(232) Humongous regions: 159->158
[4.712s][info][gc,metaspace  ] GC(232) Metaspace: 6844K(7168K)->6844K(7168K) NonClass: 6256K(6400K)->6256K(6400K) Class: 587K(768K)->587K(768K)
[4.713s][info][gc            ] GC(232) Pause Young (Concurrent Start) (G1 Humongous Allocation) 2172M->2141M(4092M) 3.366ms
[4.713s][info][gc,cpu        ] GC(232) User=0.00s Sys=0.00s Real=0.00s
[4.713s][info][gc            ] GC(233) Concurrent Cycle
[4.713s][info][gc,marking    ] GC(233) Concurrent Clear Claimed Marks
[4.713s][info][gc,marking    ] GC(233) Concurrent Clear Claimed Marks 0.012ms
[4.713s][info][gc,marking    ] GC(233) Concurrent Scan Root Regions
[4.713s][info][gc,marking    ] GC(233) Concurrent Scan Root Regions 0.049ms
[4.713s][info][gc,marking    ] GC(233) Concurrent Mark (4.713s)
[4.713s][info][gc,marking    ] GC(233) Concurrent Mark From Roots
[4.713s][info][gc,task       ] GC(233) Using 3 workers of 3 for marking
[4.715s][info][gc,marking    ] GC(233) Concurrent Mark From Roots 2.757ms
[4.715s][info][gc,marking    ] GC(233) Concurrent Preclean
[4.716s][info][gc,marking    ] GC(233) Concurrent Preclean 0.080ms
[4.716s][info][gc,marking    ] GC(233) Concurrent Mark (4.713s, 4.716s) 2.870ms
[4.716s][info][gc,start      ] GC(233) Pause Remark
[4.716s][info][gc,stringtable] GC(233) Cleaned string and symbol table, strings: 2624 processed, 0 removed, symbols: 25587 processed, 0 removed
[4.716s][info][gc            ] GC(233) Pause Remark 2150M->2150M(4092M) 0.501ms
[4.716s][info][gc,cpu        ] GC(233) User=0.00s Sys=0.00s Real=0.00s
[4.716s][info][gc,marking    ] GC(233) Concurrent Rebuild Remembered Sets
[4.718s][info][gc,marking    ] GC(233) Concurrent Rebuild Remembered Sets 2.019ms
[4.718s][info][gc,start      ] GC(233) Pause Cleanup
[4.719s][info][gc            ] GC(233) Pause Cleanup 2157M->2157M(4092M) 0.324ms
[4.719s][info][gc,cpu        ] GC(233) User=0.00s Sys=0.00s Real=0.00s
[4.719s][info][gc,marking    ] GC(233) Concurrent Cleanup for Next Mark
[4.720s][info][gc,marking    ] GC(233) Concurrent Cleanup for Next Mark 1.770ms
[4.720s][info][gc            ] GC(233) Concurrent Cycle 7.819ms
[4.728s][info][gc,start      ] GC(234) Pause Young (Concurrent Start) (G1 Humongous Allocation)
[4.728s][info][gc,task       ] GC(234) Using 13 workers of 13 for evacuation
[4.731s][info][gc,phases     ] GC(234)   Pre Evacuate Collection Set: 0.0ms
[4.731s][info][gc,phases     ] GC(234)   Evacuate Collection Set: 2.7ms
[4.731s][info][gc,phases     ] GC(234)   Post Evacuate Collection Set: 0.2ms
[4.731s][info][gc,phases     ] GC(234)   Other: 0.1ms
[4.731s][info][gc,heap       ] GC(234) Eden regions: 40->0(668)
[4.731s][info][gc,heap       ] GC(234) Survivor regions: 51->52(86)
[4.731s][info][gc,heap       ] GC(234) Old regions: 1934->1941
[4.731s][info][gc,heap       ] GC(234) Humongous regions: 161->158
[4.731s][info][gc,metaspace  ] GC(234) Metaspace: 6844K(7168K)->6844K(7168K) NonClass: 6256K(6400K)->6256K(6400K) Class: 587K(768K)->587K(768K)
[4.731s][info][gc            ] GC(234) Pause Young (Concurrent Start) (G1 Humongous Allocation) 2184M->2149M(4092M) 3.127ms
[4.731s][info][gc,cpu        ] GC(234) User=0.00s Sys=0.00s Real=0.00s
[4.731s][info][gc            ] GC(235) Concurrent Cycle
[4.731s][info][gc,marking    ] GC(235) Concurrent Clear Claimed Marks
[4.731s][info][gc,marking    ] GC(235) Concurrent Clear Claimed Marks 0.012ms
[4.731s][info][gc,marking    ] GC(235) Concurrent Scan Root Regions
[4.731s][info][gc,marking    ] GC(235) Concurrent Scan Root Regions 0.048ms
[4.731s][info][gc,marking    ] GC(235) Concurrent Mark (4.731s)
[4.731s][info][gc,marking    ] GC(235) Concurrent Mark From Roots
[4.731s][info][gc,task       ] GC(235) Using 3 workers of 3 for marking
[4.734s][info][gc,marking    ] GC(235) Concurrent Mark From Roots 2.780ms
[4.734s][info][gc,marking    ] GC(235) Concurrent Preclean
[4.734s][info][gc,marking    ] GC(235) Concurrent Preclean 0.067ms
[4.734s][info][gc,marking    ] GC(235) Concurrent Mark (4.731s, 4.734s) 2.895ms
[4.734s][info][gc,start      ] GC(235) Pause Remark
[4.734s][info][gc,stringtable] GC(235) Cleaned string and symbol table, strings: 2624 processed, 0 removed, symbols: 25587 processed, 0 removed
[4.734s][info][gc            ] GC(235) Pause Remark 2159M->2159M(4092M) 0.458ms
[4.734s][info][gc,cpu        ] GC(235) User=0.00s Sys=0.00s Real=0.00s
[4.734s][info][gc,marking    ] GC(235) Concurrent Rebuild Remembered Sets
[4.736s][info][gc,marking    ] GC(235) Concurrent Rebuild Remembered Sets 1.940ms
[4.736s][info][gc,start      ] GC(235) Pause Cleanup
[4.737s][info][gc            ] GC(235) Pause Cleanup 2165M->2165M(4092M) 0.319ms
[4.737s][info][gc,cpu        ] GC(235) User=0.00s Sys=0.00s Real=0.00s
[4.737s][info][gc,marking    ] GC(235) Concurrent Cleanup for Next Mark
[4.738s][info][gc,marking    ] GC(235) Concurrent Cleanup for Next Mark 1.592ms
[4.738s][info][gc            ] GC(235) Concurrent Cycle 7.507ms
[4.747s][info][gc,start      ] GC(236) Pause Young (Concurrent Start) (G1 Humongous Allocation)
[4.747s][info][gc,task       ] GC(236) Using 13 workers of 13 for evacuation
[4.750s][info][gc,phases     ] GC(236)   Pre Evacuate Collection Set: 0.0ms
[4.750s][info][gc,phases     ] GC(236)   Evacuate Collection Set: 2.8ms
[4.750s][info][gc,phases     ] GC(236)   Post Evacuate Collection Set: 0.2ms
[4.750s][info][gc,phases     ] GC(236)   Other: 0.1ms
[4.750s][info][gc,heap       ] GC(236) Eden regions: 47->0(721)
[4.750s][info][gc,heap       ] GC(236) Survivor regions: 52->49(90)
[4.750s][info][gc,heap       ] GC(236) Old regions: 1941->1952
[4.750s][info][gc,heap       ] GC(236) Humongous regions: 160->158
[4.750s][info][gc,metaspace  ] GC(236) Metaspace: 6844K(7168K)->6844K(7168K) NonClass: 6256K(6400K)->6256K(6400K) Class: 587K(768K)->587K(768K)
[4.750s][info][gc            ] GC(236) Pause Young (Concurrent Start) (G1 Humongous Allocation) 2197M->2158M(4092M) 3.220ms
[4.750s][info][gc,cpu        ] GC(236) User=0.11s Sys=0.05s Real=0.00s
[4.750s][info][gc            ] GC(237) Concurrent Cycle
[4.750s][info][gc,marking    ] GC(237) Concurrent Clear Claimed Marks
[4.750s][info][gc,marking    ] GC(237) Concurrent Clear Claimed Marks 0.010ms
[4.750s][info][gc,marking    ] GC(237) Concurrent Scan Root Regions
[4.750s][info][gc,marking    ] GC(237) Concurrent Scan Root Regions 0.044ms
[4.750s][info][gc,marking    ] GC(237) Concurrent Mark (4.750s)
[4.750s][info][gc,marking    ] GC(237) Concurrent Mark From Roots
[4.750s][info][gc,task       ] GC(237) Using 3 workers of 3 for marking
[4.753s][info][gc,marking    ] GC(237) Concurrent Mark From Roots 2.566ms
[4.753s][info][gc,marking    ] GC(237) Concurrent Preclean
[4.753s][info][gc,marking    ] GC(237) Concurrent Preclean 0.081ms
[4.753s][info][gc,marking    ] GC(237) Concurrent Mark (4.750s, 4.753s) 2.677ms
[4.753s][info][gc,start      ] GC(237) Pause Remark
[4.753s][info][gc,stringtable] GC(237) Cleaned string and symbol table, strings: 2624 processed, 0 removed, symbols: 25587 processed, 0 removed
[4.754s][info][gc            ] GC(237) Pause Remark 2166M->2166M(4092M) 0.447ms
[4.754s][info][gc,cpu        ] GC(237) User=0.00s Sys=0.00s Real=0.00s
[4.754s][info][gc,marking    ] GC(237) Concurrent Rebuild Remembered Sets
[4.756s][info][gc,marking    ] GC(237) Concurrent Rebuild Remembered Sets 1.941ms
[4.756s][info][gc,start      ] GC(237) Pause Cleanup
[4.756s][info][gc            ] GC(237) Pause Cleanup 2171M->2171M(4092M) 0.316ms
[4.756s][info][gc,cpu        ] GC(237) User=0.00s Sys=0.00s Real=0.00s
[4.756s][info][gc,marking    ] GC(237) Concurrent Cleanup for Next Mark
[4.758s][info][gc,marking    ] GC(237) Concurrent Cleanup for Next Mark 1.572ms
[4.758s][info][gc            ] GC(237) Concurrent Cycle 7.254ms
[4.759s][info][gc,start      ] GC(238) Pause Young (Concurrent Start) (G1 Humongous Allocation)
[4.759s][info][gc,task       ] GC(238) Using 13 workers of 13 for evacuation
[4.762s][info][gc,phases     ] GC(238)   Pre Evacuate Collection Set: 0.0ms
[4.762s][info][gc,phases     ] GC(238)   Evacuate Collection Set: 2.4ms
[4.762s][info][gc,phases     ] GC(238)   Post Evacuate Collection Set: 0.2ms
[4.762s][info][gc,phases     ] GC(238)   Other: 0.1ms
[4.762s][info][gc,heap       ] GC(238) Eden regions: 20->0(686)
[4.762s][info][gc,heap       ] GC(238) Survivor regions: 49->53(97)
[4.762s][info][gc,heap       ] GC(238) Old regions: 1952->1952
[4.762s][info][gc,heap       ] GC(238) Humongous regions: 160->159
[4.762s][info][gc,metaspace  ] GC(238) Metaspace: 6844K(7168K)->6844K(7168K) NonClass: 6256K(6400K)->6256K(6400K) Class: 587K(768K)->587K(768K)
[4.762s][info][gc            ] GC(238) Pause Young (Concurrent Start) (G1 Humongous Allocation) 2179M->2163M(4092M) 2.788ms
[4.762s][info][gc,cpu        ] GC(238) User=0.00s Sys=0.00s Real=0.00s
[4.762s][info][gc            ] GC(239) Concurrent Cycle
[4.762s][info][gc,marking    ] GC(239) Concurrent Clear Claimed Marks
[4.762s][info][gc,marking    ] GC(239) Concurrent Clear Claimed Marks 0.011ms
[4.762s][info][gc,marking    ] GC(239) Concurrent Scan Root Regions
[4.762s][info][gc,marking    ] GC(239) Concurrent Scan Root Regions 0.048ms
[4.762s][info][gc,marking    ] GC(239) Concurrent Mark (4.762s)
[4.762s][info][gc,marking    ] GC(239) Concurrent Mark From Roots
[4.762s][info][gc,task       ] GC(239) Using 3 workers of 3 for marking
[4.765s][info][gc,marking    ] GC(239) Concurrent Mark From Roots 2.605ms
[4.765s][info][gc,marking    ] GC(239) Concurrent Preclean
[4.765s][info][gc,marking    ] GC(239) Concurrent Preclean 0.064ms
[4.765s][info][gc,marking    ] GC(239) Concurrent Mark (4.762s, 4.765s) 2.710ms
[4.765s][info][gc,start      ] GC(239) Pause Remark
[4.765s][info][gc,stringtable] GC(239) Cleaned string and symbol table, strings: 2624 processed, 0 removed, symbols: 25587 processed, 0 removed
[4.765s][info][gc            ] GC(239) Pause Remark 2173M->2173M(4092M) 0.531ms
[4.765s][info][gc,cpu        ] GC(239) User=0.00s Sys=0.00s Real=0.00s
[4.765s][info][gc,marking    ] GC(239) Concurrent Rebuild Remembered Sets
[4.767s][info][gc,marking    ] GC(239) Concurrent Rebuild Remembered Sets 2.011ms
[4.768s][info][gc,start      ] GC(239) Pause Cleanup
[4.768s][info][gc            ] GC(239) Pause Cleanup 2178M->2178M(4092M) 0.321ms
[4.768s][info][gc,cpu        ] GC(239) User=0.00s Sys=0.00s Real=0.00s
[4.768s][info][gc,marking    ] GC(239) Concurrent Cleanup for Next Mark
[4.770s][info][gc,marking    ] GC(239) Concurrent Cleanup for Next Mark 1.649ms
[4.770s][info][gc            ] GC(239) Concurrent Cycle 7.612ms
[4.785s][info][gc,start      ] GC(240) Pause Young (Concurrent Start) (G1 Humongous Allocation)
[4.785s][info][gc,task       ] GC(240) Using 13 workers of 13 for evacuation
[4.788s][info][gc,phases     ] GC(240)   Pre Evacuate Collection Set: 0.1ms
[4.788s][info][gc,phases     ] GC(240)   Evacuate Collection Set: 3.0ms
[4.788s][info][gc,phases     ] GC(240)   Post Evacuate Collection Set: 0.2ms
[4.788s][info][gc,phases     ] GC(240)   Other: 0.1ms
[4.788s][info][gc,heap       ] GC(240) Eden regions: 67->0(638)
[4.788s][info][gc,heap       ] GC(240) Survivor regions: 53->58(93)
[4.789s][info][gc,heap       ] GC(240) Old regions: 1952->1959
[4.789s][info][gc,heap       ] GC(240) Humongous regions: 162->160
[4.789s][info][gc,metaspace  ] GC(240) Metaspace: 6844K(7168K)->6844K(7168K) NonClass: 6256K(6400K)->6256K(6400K) Class: 587K(768K)->587K(768K)
[4.789s][info][gc            ] GC(240) Pause Young (Concurrent Start) (G1 Humongous Allocation) 2233M->2175M(4093M) 3.550ms
[4.789s][info][gc,cpu        ] GC(240) User=0.00s Sys=0.00s Real=0.00s
[4.789s][info][gc            ] GC(241) Concurrent Cycle
[4.789s][info][gc,marking    ] GC(241) Concurrent Clear Claimed Marks
[4.789s][info][gc,marking    ] GC(241) Concurrent Clear Claimed Marks 0.010ms
[4.789s][info][gc,marking    ] GC(241) Concurrent Scan Root Regions
[4.789s][info][gc,marking    ] GC(241) Concurrent Scan Root Regions 0.051ms
[4.789s][info][gc,marking    ] GC(241) Concurrent Mark (4.789s)
[4.789s][info][gc,marking    ] GC(241) Concurrent Mark From Roots
[4.789s][info][gc,task       ] GC(241) Using 3 workers of 3 for marking
[4.792s][info][gc,marking    ] GC(241) Concurrent Mark From Roots 2.968ms
[4.792s][info][gc,marking    ] GC(241) Concurrent Preclean
[4.792s][info][gc,marking    ] GC(241) Concurrent Preclean 0.060ms
[4.792s][info][gc,marking    ] GC(241) Concurrent Mark (4.789s, 4.792s) 3.058ms
[4.792s][info][gc,start      ] GC(241) Pause Remark
[4.792s][info][gc,stringtable] GC(241) Cleaned string and symbol table, strings: 2624 processed, 0 removed, symbols: 25587 processed, 0 removed
[4.792s][info][gc            ] GC(241) Pause Remark 2183M->2183M(4093M) 0.404ms
[4.792s][info][gc,cpu        ] GC(241) User=0.00s Sys=0.00s Real=0.00s
[4.792s][info][gc,marking    ] GC(241) Concurrent Rebuild Remembered Sets
[4.794s][info][gc,marking    ] GC(241) Concurrent Rebuild Remembered Sets 2.191ms
[4.794s][info][gc,start      ] GC(241) Pause Cleanup
[4.795s][info][gc            ] GC(241) Pause Cleanup 2190M->2190M(4093M) 0.326ms
[4.795s][info][gc,cpu        ] GC(241) User=0.00s Sys=0.00s Real=0.00s
[4.795s][info][gc,marking    ] GC(241) Concurrent Cleanup for Next Mark
[4.797s][info][gc,marking    ] GC(241) Concurrent Cleanup for Next Mark 1.915ms
[4.797s][info][gc            ] GC(241) Concurrent Cycle 8.208ms
[4.800s][info][gc,start      ] GC(242) Pause Young (Concurrent Start) (G1 Humongous Allocation)
[4.800s][info][gc,task       ] GC(242) Using 13 workers of 13 for evacuation
[4.803s][info][gc,phases     ] GC(242)   Pre Evacuate Collection Set: 0.0ms
[4.803s][info][gc,phases     ] GC(242)   Evacuate Collection Set: 2.8ms
[4.803s][info][gc,phases     ] GC(242)   Post Evacuate Collection Set: 0.2ms
[4.803s][info][gc,phases     ] GC(242)   Other: 0.1ms
[4.803s][info][gc,heap       ] GC(242) Eden regions: 26->0(679)
[4.803s][info][gc,heap       ] GC(242) Survivor regions: 58->43(87)
[4.803s][info][gc,heap       ] GC(242) Old regions: 1959->1978
[4.804s][info][gc,heap       ] GC(242) Humongous regions: 161->160
[4.804s][info][gc,metaspace  ] GC(242) Metaspace: 6844K(7168K)->6844K(7168K) NonClass: 6256K(6400K)->6256K(6400K) Class: 587K(768K)->587K(768K)
[4.804s][info][gc            ] GC(242) Pause Young (Concurrent Start) (G1 Humongous Allocation) 2202M->2179M(4093M) 3.286ms
[4.804s][info][gc,cpu        ] GC(242) User=0.00s Sys=0.00s Real=0.00s
[4.804s][info][gc            ] GC(243) Concurrent Cycle
[4.804s][info][gc,marking    ] GC(243) Concurrent Clear Claimed Marks
[4.804s][info][gc,marking    ] GC(243) Concurrent Clear Claimed Marks 0.009ms
[4.804s][info][gc,marking    ] GC(243) Concurrent Scan Root Regions
[4.804s][info][gc,marking    ] GC(243) Concurrent Scan Root Regions 0.045ms
[4.804s][info][gc,marking    ] GC(243) Concurrent Mark (4.804s)
[4.804s][info][gc,marking    ] GC(243) Concurrent Mark From Roots
[4.804s][info][gc,task       ] GC(243) Using 3 workers of 3 for marking
[4.806s][info][gc,marking    ] GC(243) Concurrent Mark From Roots 2.778ms
[4.806s][info][gc,marking    ] GC(243) Concurrent Preclean
[4.807s][info][gc,marking    ] GC(243) Concurrent Preclean 0.061ms
[4.807s][info][gc,marking    ] GC(243) Concurrent Mark (4.804s, 4.807s) 2.872ms
[4.807s][info][gc,start      ] GC(243) Pause Remark
[4.807s][info][gc,stringtable] GC(243) Cleaned string and symbol table, strings: 2624 processed, 0 removed, symbols: 25587 processed, 0 removed
[4.807s][info][gc            ] GC(243) Pause Remark 2189M->2189M(4093M) 0.470ms
[4.807s][info][gc,cpu        ] GC(243) User=0.00s Sys=0.00s Real=0.00s
[4.807s][info][gc,marking    ] GC(243) Concurrent Rebuild Remembered Sets
[4.809s][info][gc,marking    ] GC(243) Concurrent Rebuild Remembered Sets 2.103ms
[4.809s][info][gc,start      ] GC(243) Pause Cleanup
[4.810s][info][gc            ] GC(243) Pause Cleanup 2196M->2196M(4093M) 0.318ms
[4.810s][info][gc,cpu        ] GC(243) User=0.00s Sys=0.00s Real=0.00s
[4.810s][info][gc,marking    ] GC(243) Concurrent Cleanup for Next Mark
[4.811s][info][gc,marking    ] GC(243) Concurrent Cleanup for Next Mark 1.558ms
[4.811s][info][gc            ] GC(243) Concurrent Cycle 7.633ms
[4.815s][info][gc,start      ] GC(244) Pause Young (Concurrent Start) (G1 Humongous Allocation)
[4.815s][info][gc,task       ] GC(244) Using 13 workers of 13 for evacuation
[4.818s][info][gc,phases     ] GC(244)   Pre Evacuate Collection Set: 0.1ms
[4.818s][info][gc,phases     ] GC(244)   Evacuate Collection Set: 2.3ms
[4.818s][info][gc,phases     ] GC(244)   Post Evacuate Collection Set: 0.2ms
[4.818s][info][gc,phases     ] GC(244)   Other: 0.1ms
[4.818s][info][gc,heap       ] GC(244) Eden regions: 30->0(639)
[4.818s][info][gc,heap       ] GC(244) Survivor regions: 43->49(91)
[4.818s][info][gc,heap       ] GC(244) Old regions: 1978->1978
[4.818s][info][gc,heap       ] GC(244) Humongous regions: 161->160
[4.818s][info][gc,metaspace  ] GC(244) Metaspace: 6844K(7168K)->6844K(7168K) NonClass: 6256K(6400K)->6256K(6400K) Class: 587K(768K)->587K(768K)
[4.818s][info][gc            ] GC(244) Pause Young (Concurrent Start) (G1 Humongous Allocation) 2210M->2185M(4093M) 2.723ms
[4.818s][info][gc,cpu        ] GC(244) User=0.00s Sys=0.00s Real=0.00s
[4.818s][info][gc            ] GC(245) Concurrent Cycle
[4.818s][info][gc,marking    ] GC(245) Concurrent Clear Claimed Marks
[4.818s][info][gc,marking    ] GC(245) Concurrent Clear Claimed Marks 0.012ms
[4.818s][info][gc,marking    ] GC(245) Concurrent Scan Root Regions
[4.818s][info][gc,marking    ] GC(245) Concurrent Scan Root Regions 0.049ms
[4.818s][info][gc,marking    ] GC(245) Concurrent Mark (4.818s)
[4.818s][info][gc,marking    ] GC(245) Concurrent Mark From Roots
[4.818s][info][gc,task       ] GC(245) Using 3 workers of 3 for marking
[4.821s][info][gc,marking    ] GC(245) Concurrent Mark From Roots 2.742ms
[4.821s][info][gc,marking    ] GC(245) Concurrent Preclean
[4.821s][info][gc,marking    ] GC(245) Concurrent Preclean 0.075ms
[4.821s][info][gc,marking    ] GC(245) Concurrent Mark (4.818s, 4.821s) 2.848ms
[4.821s][info][gc,start      ] GC(245) Pause Remark
[4.821s][info][gc,stringtable] GC(245) Cleaned string and symbol table, strings: 2624 processed, 0 removed, symbols: 25587 processed, 0 removed
[4.821s][info][gc            ] GC(245) Pause Remark 2195M->2195M(4093M) 0.519ms
[4.821s][info][gc,cpu        ] GC(245) User=0.00s Sys=0.00s Real=0.00s
[4.821s][info][gc,marking    ] GC(245) Concurrent Rebuild Remembered Sets
[4.823s][info][gc,marking    ] GC(245) Concurrent Rebuild Remembered Sets 2.047ms
[4.823s][info][gc,start      ] GC(245) Pause Cleanup
[4.824s][info][gc            ] GC(245) Pause Cleanup 2201M->2201M(4093M) 0.341ms
[4.824s][info][gc,cpu        ] GC(245) User=0.00s Sys=0.00s Real=0.00s
[4.824s][info][gc,marking    ] GC(245) Concurrent Cleanup for Next Mark
[4.825s][info][gc,marking    ] GC(245) Concurrent Cleanup for Next Mark 1.633ms
[4.825s][info][gc            ] GC(245) Concurrent Cycle 7.771ms
[4.831s][info][gc,start      ] GC(246) Pause Young (Concurrent Start) (G1 Humongous Allocation)
[4.831s][info][gc,task       ] GC(246) Using 13 workers of 13 for evacuation
[4.833s][info][gc,phases     ] GC(246)   Pre Evacuate Collection Set: 0.1ms
[4.833s][info][gc,phases     ] GC(246)   Evacuate Collection Set: 2.5ms
[4.833s][info][gc,phases     ] GC(246)   Post Evacuate Collection Set: 0.2ms
[4.833s][info][gc,phases     ] GC(246)   Other: 0.1ms
[4.833s][info][gc,heap       ] GC(246) Eden regions: 32->0(644)
[4.833s][info][gc,heap       ] GC(246) Survivor regions: 49->48(86)
[4.833s][info][gc,heap       ] GC(246) Old regions: 1978->1984
[4.833s][info][gc,heap       ] GC(246) Humongous regions: 161->160
[4.833s][info][gc,metaspace  ] GC(246) Metaspace: 6844K(7168K)->6844K(7168K) NonClass: 6256K(6400K)->6256K(6400K) Class: 587K(768K)->587K(768K)
[4.834s][info][gc            ] GC(246) Pause Young (Concurrent Start) (G1 Humongous Allocation) 2218M->2191M(4093M) 2.954ms
[4.834s][info][gc,cpu        ] GC(246) User=0.00s Sys=0.00s Real=0.00s
[4.834s][info][gc            ] GC(247) Concurrent Cycle
[4.834s][info][gc,marking    ] GC(247) Concurrent Clear Claimed Marks
[4.834s][info][gc,marking    ] GC(247) Concurrent Clear Claimed Marks 0.009ms
[4.834s][info][gc,marking    ] GC(247) Concurrent Scan Root Regions
[4.834s][info][gc,marking    ] GC(247) Concurrent Scan Root Regions 0.040ms
[4.834s][info][gc,marking    ] GC(247) Concurrent Mark (4.834s)
[4.834s][info][gc,marking    ] GC(247) Concurrent Mark From Roots
[4.834s][info][gc,task       ] GC(247) Using 3 workers of 3 for marking
[4.836s][info][gc,marking    ] GC(247) Concurrent Mark From Roots 2.567ms
[4.836s][info][gc,marking    ] GC(247) Concurrent Preclean
[4.836s][info][gc,marking    ] GC(247) Concurrent Preclean 0.060ms
[4.836s][info][gc,marking    ] GC(247) Concurrent Mark (4.834s, 4.836s) 2.660ms
[4.836s][info][gc,start      ] GC(247) Pause Remark
[4.837s][info][gc,stringtable] GC(247) Cleaned string and symbol table, strings: 2624 processed, 0 removed, symbols: 25587 processed, 0 removed
[4.837s][info][gc            ] GC(247) Pause Remark 2200M->2200M(4093M) 0.536ms
[4.837s][info][gc,cpu        ] GC(247) User=0.00s Sys=0.00s Real=0.00s
[4.837s][info][gc,marking    ] GC(247) Concurrent Rebuild Remembered Sets
[4.839s][info][gc,marking    ] GC(247) Concurrent Rebuild Remembered Sets 1.965ms
[4.839s][info][gc,start      ] GC(247) Pause Cleanup
[4.839s][info][gc            ] GC(247) Pause Cleanup 2206M->2206M(4093M) 0.347ms
[4.839s][info][gc,cpu        ] GC(247) User=0.00s Sys=0.00s Real=0.00s
[4.839s][info][gc,marking    ] GC(247) Concurrent Cleanup for Next Mark
[4.841s][info][gc,marking    ] GC(247) Concurrent Cleanup for Next Mark 1.467ms
[4.841s][info][gc            ] GC(247) Concurrent Cycle 7.279ms
[4.843s][info][gc,start      ] GC(248) Pause Young (Concurrent Start) (G1 Humongous Allocation)
[4.843s][info][gc,task       ] GC(248) Using 13 workers of 13 for evacuation
[4.846s][info][gc,phases     ] GC(248)   Pre Evacuate Collection Set: 0.0ms
[4.846s][info][gc,phases     ] GC(248)   Evacuate Collection Set: 2.5ms
[4.846s][info][gc,phases     ] GC(248)   Post Evacuate Collection Set: 0.2ms
[4.846s][info][gc,phases     ] GC(248)   Other: 0.1ms
[4.846s][info][gc,heap       ] GC(248) Eden regions: 26->0(651)
[4.846s][info][gc,heap       ] GC(248) Survivor regions: 48->45(87)
[4.846s][info][gc,heap       ] GC(248) Old regions: 1984->1992
[4.846s][info][gc,heap       ] GC(248) Humongous regions: 161->160
[4.846s][info][gc,metaspace  ] GC(248) Metaspace: 6844K(7168K)->6844K(7168K) NonClass: 6256K(6400K)->6256K(6400K) Class: 587K(768K)->587K(768K)
[4.846s][info][gc            ] GC(248) Pause Young (Concurrent Start) (G1 Humongous Allocation) 2217M->2196M(4094M) 2.934ms
[4.846s][info][gc,cpu        ] GC(248) User=0.00s Sys=0.00s Real=0.00s
[4.846s][info][gc            ] GC(249) Concurrent Cycle
[4.846s][info][gc,marking    ] GC(249) Concurrent Clear Claimed Marks
[4.846s][info][gc,marking    ] GC(249) Concurrent Clear Claimed Marks 0.011ms
[4.846s][info][gc,marking    ] GC(249) Concurrent Scan Root Regions
[4.846s][info][gc,marking    ] GC(249) Concurrent Scan Root Regions 0.048ms
[4.846s][info][gc,marking    ] GC(249) Concurrent Mark (4.846s)
[4.846s][info][gc,marking    ] GC(249) Concurrent Mark From Roots
[4.846s][info][gc,task       ] GC(249) Using 3 workers of 3 for marking
[4.849s][info][gc,marking    ] GC(249) Concurrent Mark From Roots 2.789ms
[4.849s][info][gc,marking    ] GC(249) Concurrent Preclean
[4.849s][info][gc,marking    ] GC(249) Concurrent Preclean 0.077ms
[4.849s][info][gc,marking    ] GC(249) Concurrent Mark (4.846s, 4.849s) 2.911ms
[4.849s][info][gc,start      ] GC(249) Pause Remark
[4.850s][info][gc,stringtable] GC(249) Cleaned string and symbol table, strings: 2624 processed, 0 removed, symbols: 25587 processed, 0 removed
[4.850s][info][gc            ] GC(249) Pause Remark 2207M->2207M(4094M) 0.477ms
[4.850s][info][gc,cpu        ] GC(249) User=0.00s Sys=0.00s Real=0.00s
[4.850s][info][gc,marking    ] GC(249) Concurrent Rebuild Remembered Sets
[4.852s][info][gc,marking    ] GC(249) Concurrent Rebuild Remembered Sets 2.013ms
[4.852s][info][gc,start      ] GC(249) Pause Cleanup
[4.852s][info][gc            ] GC(249) Pause Cleanup 2213M->2213M(4094M) 0.329ms
[4.852s][info][gc,cpu        ] GC(249) User=0.00s Sys=0.00s Real=0.00s
[4.852s][info][gc,marking    ] GC(249) Concurrent Cleanup for Next Mark
[4.854s][info][gc,marking    ] GC(249) Concurrent Cleanup for Next Mark 1.654ms
[4.854s][info][gc            ] GC(249) Concurrent Cycle 7.696ms
[4.864s][info][gc,start      ] GC(250) Pause Young (Concurrent Start) (G1 Humongous Allocation)
[4.864s][info][gc,task       ] GC(250) Using 13 workers of 13 for evacuation
[4.867s][info][gc,phases     ] GC(250)   Pre Evacuate Collection Set: 0.0ms
[4.867s][info][gc,phases     ] GC(250)   Evacuate Collection Set: 2.6ms
[4.867s][info][gc,phases     ] GC(250)   Post Evacuate Collection Set: 0.2ms
[4.867s][info][gc,phases     ] GC(250)   Other: 0.1ms
[4.867s][info][gc,heap       ] GC(250) Eden regions: 47->0(574)
[4.867s][info][gc,heap       ] GC(250) Survivor regions: 45->54(87)
[4.867s][info][gc,heap       ] GC(250) Old regions: 1992->1992
[4.867s][info][gc,heap       ] GC(250) Humongous regions: 164->161
[4.867s][info][gc,metaspace  ] GC(250) Metaspace: 6844K(7168K)->6844K(7168K) NonClass: 6256K(6400K)->6256K(6400K) Class: 587K(768K)->587K(768K)
[4.867s][info][gc            ] GC(250) Pause Young (Concurrent Start) (G1 Humongous Allocation) 2246M->2205M(4094M) 2.984ms
[4.867s][info][gc,cpu        ] GC(250) User=0.00s Sys=0.00s Real=0.00s
[4.867s][info][gc            ] GC(251) Concurrent Cycle
[4.867s][info][gc,marking    ] GC(251) Concurrent Clear Claimed Marks
[4.867s][info][gc,marking    ] GC(251) Concurrent Clear Claimed Marks 0.009ms
[4.867s][info][gc,marking    ] GC(251) Concurrent Scan Root Regions
[4.867s][info][gc,marking    ] GC(251) Concurrent Scan Root Regions 0.047ms
[4.867s][info][gc,marking    ] GC(251) Concurrent Mark (4.867s)
[4.867s][info][gc,marking    ] GC(251) Concurrent Mark From Roots
[4.867s][info][gc,task       ] GC(251) Using 3 workers of 3 for marking
[4.870s][info][gc,marking    ] GC(251) Concurrent Mark From Roots 2.776ms
[4.870s][info][gc,marking    ] GC(251) Concurrent Preclean
[4.870s][info][gc,marking    ] GC(251) Concurrent Preclean 0.082ms
[4.870s][info][gc,marking    ] GC(251) Concurrent Mark (4.867s, 4.870s) 2.904ms
[4.870s][info][gc,start      ] GC(251) Pause Remark
[4.871s][info][gc,stringtable] GC(251) Cleaned string and symbol table, strings: 2624 processed, 0 removed, symbols: 25587 processed, 0 removed
[4.871s][info][gc            ] GC(251) Pause Remark 2215M->2215M(4094M) 0.458ms
[4.871s][info][gc,cpu        ] GC(251) User=0.00s Sys=0.00s Real=0.00s
[4.871s][info][gc,marking    ] GC(251) Concurrent Rebuild Remembered Sets
[4.873s][info][gc,marking    ] GC(251) Concurrent Rebuild Remembered Sets 2.121ms
[4.873s][info][gc,start      ] GC(251) Pause Cleanup
[4.873s][info][gc            ] GC(251) Pause Cleanup 2222M->2222M(4094M) 0.315ms
[4.873s][info][gc,cpu        ] GC(251) User=0.00s Sys=0.00s Real=0.00s
[4.873s][info][gc,marking    ] GC(251) Concurrent Cleanup for Next Mark
[4.875s][info][gc,marking    ] GC(251) Concurrent Cleanup for Next Mark 1.626ms
[4.875s][info][gc            ] GC(251) Concurrent Cycle 7.714ms
[5.027s][info][gc,start      ] GC(252) Pause Young (Concurrent Start) (G1 Humongous Allocation)
[5.027s][info][gc,task       ] GC(252) Using 13 workers of 13 for evacuation
[5.032s][info][gc,phases     ] GC(252)   Pre Evacuate Collection Set: 0.1ms
[5.032s][info][gc,phases     ] GC(252)   Evacuate Collection Set: 4.1ms
[5.032s][info][gc,phases     ] GC(252)   Post Evacuate Collection Set: 0.2ms
[5.032s][info][gc,phases     ] GC(252)   Other: 0.2ms
[5.032s][info][gc,heap       ] GC(252) Eden regions: 116->0(627)
[5.032s][info][gc,heap       ] GC(252) Survivor regions: 54->56(79)
[5.032s][info][gc,heap       ] GC(252) Old regions: 1992->2004
[5.032s][info][gc,heap       ] GC(252) Humongous regions: 164->161
[5.032s][info][gc,metaspace  ] GC(252) Metaspace: 7629K(8064K)->7629K(8064K) NonClass: 6938K(7168K)->6938K(7168K) Class: 690K(896K)->690K(896K)
[5.032s][info][gc            ] GC(252) Pause Young (Concurrent Start) (G1 Humongous Allocation) 2324M->2220M(4094M) 4.729ms
[5.032s][info][gc,cpu        ] GC(252) User=0.22s Sys=0.00s Real=0.01s
[5.032s][info][gc            ] GC(253) Concurrent Cycle
[5.032s][info][gc,marking    ] GC(253) Concurrent Clear Claimed Marks
[5.032s][info][gc,marking    ] GC(253) Concurrent Clear Claimed Marks 0.015ms
[5.032s][info][gc,marking    ] GC(253) Concurrent Scan Root Regions
[5.033s][info][gc,marking    ] GC(253) Concurrent Scan Root Regions 0.804ms
[5.033s][info][gc,marking    ] GC(253) Concurrent Mark (5.033s)
[5.033s][info][gc,marking    ] GC(253) Concurrent Mark From Roots
[5.033s][info][gc,task       ] GC(253) Using 3 workers of 3 for marking
[5.037s][info][gc,marking    ] GC(253) Concurrent Mark From Roots 4.739ms
[5.037s][info][gc,marking    ] GC(253) Concurrent Preclean
[5.037s][info][gc,marking    ] GC(253) Concurrent Preclean 0.087ms
[5.037s][info][gc,marking    ] GC(253) Concurrent Mark (5.033s, 5.037s) 4.877ms
[5.038s][info][gc,start      ] GC(253) Pause Remark
[5.038s][info][gc,stringtable] GC(253) Cleaned string and symbol table, strings: 3270 processed, 0 removed, symbols: 27578 processed, 2 removed
[5.038s][info][gc            ] GC(253) Pause Remark 2231M->2231M(4094M) 0.593ms
[5.038s][info][gc,cpu        ] GC(253) User=0.00s Sys=0.00s Real=0.00s
[5.038s][info][gc,marking    ] GC(253) Concurrent Rebuild Remembered Sets
[5.041s][info][gc,marking    ] GC(253) Concurrent Rebuild Remembered Sets 3.002ms
[5.041s][info][gc,start      ] GC(253) Pause Cleanup
[5.042s][info][gc            ] GC(253) Pause Cleanup 2233M->2233M(4094M) 0.354ms
[5.042s][info][gc,cpu        ] GC(253) User=0.00s Sys=0.00s Real=0.00s
[5.042s][info][gc,marking    ] GC(253) Concurrent Cleanup for Next Mark
[5.044s][info][gc,marking    ] GC(253) Concurrent Cleanup for Next Mark 1.768ms
[5.044s][info][gc            ] GC(253) Concurrent Cycle 11.841ms
[5.078s][info][gc,start      ] GC(254) Pause Young (Concurrent Start) (G1 Humongous Allocation)
[5.078s][info][gc,task       ] GC(254) Using 13 workers of 13 for evacuation
[5.082s][info][gc,phases     ] GC(254)   Pre Evacuate Collection Set: 0.1ms
[5.082s][info][gc,phases     ] GC(254)   Evacuate Collection Set: 4.3ms
[5.082s][info][gc,phases     ] GC(254)   Post Evacuate Collection Set: 0.2ms
[5.082s][info][gc,phases     ] GC(254)   Other: 0.2ms
[5.082s][info][gc,heap       ] GC(254) Eden regions: 83->0(598)
[5.082s][info][gc,heap       ] GC(254) Survivor regions: 56->48(86)
[5.082s][info][gc,heap       ] GC(254) Old regions: 2004->2016
[5.082s][info][gc,heap       ] GC(254) Humongous regions: 162->162
[5.082s][info][gc,metaspace  ] GC(254) Metaspace: 7629K(8064K)->7629K(8064K) NonClass: 6939K(7168K)->6939K(7168K) Class: 690K(896K)->690K(896K)
[5.082s][info][gc            ] GC(254) Pause Young (Concurrent Start) (G1 Humongous Allocation) 2304M->2224M(4094M) 4.899ms
[5.082s][info][gc,cpu        ] GC(254) User=0.00s Sys=0.00s Real=0.00s
[5.082s][info][gc            ] GC(255) Concurrent Cycle
[5.082s][info][gc,marking    ] GC(255) Concurrent Clear Claimed Marks
[5.082s][info][gc,marking    ] GC(255) Concurrent Clear Claimed Marks 0.012ms
[5.083s][info][gc,marking    ] GC(255) Concurrent Scan Root Regions
[5.084s][info][gc,marking    ] GC(255) Concurrent Scan Root Regions 1.324ms
[5.084s][info][gc,marking    ] GC(255) Concurrent Mark (5.084s)
[5.084s][info][gc,marking    ] GC(255) Concurrent Mark From Roots
[5.084s][info][gc,task       ] GC(255) Using 3 workers of 3 for marking
[5.089s][info][gc,marking    ] GC(255) Concurrent Mark From Roots 5.030ms
[5.089s][info][gc,marking    ] GC(255) Concurrent Preclean
[5.089s][info][gc,marking    ] GC(255) Concurrent Preclean 0.083ms
[5.089s][info][gc,marking    ] GC(255) Concurrent Mark (5.084s, 5.089s) 5.168ms
[5.089s][info][gc,start      ] GC(255) Pause Remark
[5.090s][info][gc,stringtable] GC(255) Cleaned string and symbol table, strings: 3270 processed, 0 removed, symbols: 27576 processed, 0 removed
[5.090s][info][gc            ] GC(255) Pause Remark 2262M->2262M(4094M) 0.601ms
[5.090s][info][gc,cpu        ] GC(255) User=0.00s Sys=0.00s Real=0.00s
[5.090s][info][gc,marking    ] GC(255) Concurrent Rebuild Remembered Sets
[5.095s][info][gc,marking    ] GC(255) Concurrent Rebuild Remembered Sets 5.068ms
[5.095s][info][gc,start      ] GC(255) Pause Cleanup
[5.095s][info][gc            ] GC(255) Pause Cleanup 2295M->2295M(4094M) 0.370ms
[5.095s][info][gc,cpu        ] GC(255) User=0.00s Sys=0.00s Real=0.00s
[5.095s][info][gc,marking    ] GC(255) Concurrent Cleanup for Next Mark
[5.097s][info][gc,marking    ] GC(255) Concurrent Cleanup for Next Mark 2.064ms
[5.097s][info][gc            ] GC(255) Concurrent Cycle 15.042ms
[5.120s][info][gc,start      ] GC(256) Pause Young (Concurrent Start) (G1 Humongous Allocation)
[5.120s][info][gc,task       ] GC(256) Using 13 workers of 13 for evacuation
[5.126s][info][gc,phases     ] GC(256)   Pre Evacuate Collection Set: 0.1ms
[5.126s][info][gc,phases     ] GC(256)   Evacuate Collection Set: 5.4ms
[5.126s][info][gc,phases     ] GC(256)   Post Evacuate Collection Set: 0.3ms
[5.126s][info][gc,phases     ] GC(256)   Other: 0.2ms
[5.126s][info][gc,heap       ] GC(256) Eden regions: 211->0(657)
[5.126s][info][gc,heap       ] GC(256) Survivor regions: 48->52(81)
[5.126s][info][gc,heap       ] GC(256) Old regions: 2016->2021
[5.126s][info][gc,heap       ] GC(256) Humongous regions: 164->164
[5.126s][info][gc,metaspace  ] GC(256) Metaspace: 7641K(8064K)->7641K(8064K) NonClass: 6950K(7168K)->6950K(7168K) Class: 690K(896K)->690K(896K)
[5.126s][info][gc            ] GC(256) Pause Young (Concurrent Start) (G1 Humongous Allocation) 2437M->2235M(4095M) 6.128ms
[5.126s][info][gc,cpu        ] GC(256) User=0.20s Sys=0.00s Real=0.01s
[5.126s][info][gc            ] GC(257) Concurrent Cycle
[5.126s][info][gc,marking    ] GC(257) Concurrent Clear Claimed Marks
[5.126s][info][gc,marking    ] GC(257) Concurrent Clear Claimed Marks 0.014ms
[5.126s][info][gc,marking    ] GC(257) Concurrent Scan Root Regions
[5.128s][info][gc,marking    ] GC(257) Concurrent Scan Root Regions 2.289ms
[5.128s][info][gc,marking    ] GC(257) Concurrent Mark (5.128s)
[5.128s][info][gc,marking    ] GC(257) Concurrent Mark From Roots
[5.128s][info][gc,task       ] GC(257) Using 3 workers of 3 for marking
[5.134s][info][gc,marking    ] GC(257) Concurrent Mark From Roots 5.430ms
[5.134s][info][gc,marking    ] GC(257) Concurrent Preclean
[5.134s][info][gc,marking    ] GC(257) Concurrent Preclean 0.082ms
[5.134s][info][gc,marking    ] GC(257) Concurrent Mark (5.128s, 5.134s) 5.571ms
[5.134s][info][gc,start      ] GC(257) Pause Remark
[5.134s][info][gc,stringtable] GC(257) Cleaned string and symbol table, strings: 3270 processed, 0 removed, symbols: 27576 processed, 0 removed
[5.135s][info][gc            ] GC(257) Pause Remark 2280M->2279M(4095M) 0.549ms
[5.135s][info][gc,cpu        ] GC(257) User=0.00s Sys=0.00s Real=0.00s
[5.135s][info][gc,marking    ] GC(257) Concurrent Rebuild Remembered Sets
[5.139s][info][gc,marking    ] GC(257) Concurrent Rebuild Remembered Sets 4.496ms
[5.139s][info][gc,start      ] GC(257) Pause Cleanup
[5.140s][info][gc            ] GC(257) Pause Cleanup 2307M->2307M(4095M) 0.396ms
[5.140s][info][gc,cpu        ] GC(257) User=0.00s Sys=0.00s Real=0.00s
[5.140s][info][gc,marking    ] GC(257) Concurrent Cleanup for Next Mark
[5.142s][info][gc,marking    ] GC(257) Concurrent Cleanup for Next Mark 2.115ms
[5.142s][info][gc            ] GC(257) Concurrent Cycle 15.873ms
[5.210s][info][gc,start      ] GC(258) Pause Young (Concurrent Start) (G1 Humongous Allocation)
[5.210s][info][gc,task       ] GC(258) Using 13 workers of 13 for evacuation
[5.218s][info][gc,phases     ] GC(258)   Pre Evacuate Collection Set: 0.1ms
[5.218s][info][gc,phases     ] GC(258)   Evacuate Collection Set: 7.8ms
[5.218s][info][gc,phases     ] GC(258)   Post Evacuate Collection Set: 0.3ms
[5.218s][info][gc,phases     ] GC(258)   Other: 0.2ms
[5.218s][info][gc,heap       ] GC(258) Eden regions: 530->0(727)
[5.218s][info][gc,heap       ] GC(258) Survivor regions: 52->63(89)
[5.218s][info][gc,heap       ] GC(258) Old regions: 2021->2027
[5.218s][info][gc,heap       ] GC(258) Humongous regions: 166->166
[5.218s][info][gc,metaspace  ] GC(258) Metaspace: 7641K(8064K)->7641K(8064K) NonClass: 6950K(7168K)->6950K(7168K) Class: 690K(896K)->690K(896K)
[5.218s][info][gc            ] GC(258) Pause Young (Concurrent Start) (G1 Humongous Allocation) 2766M->2255M(4095M) 8.525ms
[5.218s][info][gc,cpu        ] GC(258) User=0.12s Sys=0.00s Real=0.01s
[5.218s][info][gc            ] GC(259) Concurrent Cycle
[5.218s][info][gc,marking    ] GC(259) Concurrent Clear Claimed Marks
[5.218s][info][gc,marking    ] GC(259) Concurrent Clear Claimed Marks 0.015ms
[5.218s][info][gc,marking    ] GC(259) Concurrent Scan Root Regions
[5.223s][info][gc,marking    ] GC(259) Concurrent Scan Root Regions 4.329ms
[5.223s][info][gc,marking    ] GC(259) Concurrent Mark (5.223s)
[5.223s][info][gc,marking    ] GC(259) Concurrent Mark From Roots
[5.223s][info][gc,task       ] GC(259) Using 3 workers of 3 for marking
[5.228s][info][gc,marking    ] GC(259) Concurrent Mark From Roots 5.496ms
[5.228s][info][gc,marking    ] GC(259) Concurrent Preclean
[5.228s][info][gc,marking    ] GC(259) Concurrent Preclean 0.065ms
[5.228s][info][gc,marking    ] GC(259) Concurrent Mark (5.223s, 5.228s) 5.617ms
[5.228s][info][gc,start      ] GC(259) Pause Remark
[5.229s][info][gc,stringtable] GC(259) Cleaned string and symbol table, strings: 3270 processed, 0 removed, symbols: 27576 processed, 0 removed
[5.229s][info][gc            ] GC(259) Pause Remark 2309M->2307M(4095M) 0.603ms
[5.229s][info][gc,cpu        ] GC(259) User=0.00s Sys=0.00s Real=0.00s
[5.229s][info][gc,marking    ] GC(259) Concurrent Rebuild Remembered Sets
[5.234s][info][gc,marking    ] GC(259) Concurrent Rebuild Remembered Sets 5.384ms
[5.235s][info][gc,start      ] GC(259) Pause Cleanup
[5.235s][info][gc            ] GC(259) Pause Cleanup 2338M->2338M(4095M) 0.393ms
[5.235s][info][gc,cpu        ] GC(259) User=0.00s Sys=0.00s Real=0.00s
[5.235s][info][gc,marking    ] GC(259) Concurrent Cleanup for Next Mark
[5.237s][info][gc,marking    ] GC(259) Concurrent Cleanup for Next Mark 2.069ms
[5.237s][info][gc            ] GC(259) Concurrent Cycle 18.846ms
[5.336s][info][gc,start      ] GC(260) Pause Young (Normal) (G1 Evacuation Pause)
[5.336s][info][gc,task       ] GC(260) Using 13 workers of 13 for evacuation
[5.347s][info][gc,phases     ] GC(260)   Pre Evacuate Collection Set: 0.1ms
[5.347s][info][gc,phases     ] GC(260)   Evacuate Collection Set: 10.1ms
[5.347s][info][gc,phases     ] GC(260)   Post Evacuate Collection Set: 0.4ms
[5.347s][info][gc,phases     ] GC(260)   Other: 0.2ms
[5.347s][info][gc,heap       ] GC(260) Eden regions: 727->0(793)
[5.347s][info][gc,heap       ] GC(260) Survivor regions: 63->73(99)
[5.347s][info][gc,heap       ] GC(260) Old regions: 2027->2038
[5.347s][info][gc,heap       ] GC(260) Humongous regions: 169->169
[5.347s][info][gc,metaspace  ] GC(260) Metaspace: 7641K(8064K)->7641K(8064K) NonClass: 6950K(7168K)->6950K(7168K) Class: 690K(896K)->690K(896K)
[5.347s][info][gc            ] GC(260) Pause Young (Normal) (G1 Evacuation Pause) 2985M->2279M(4095M) 11.011ms
[5.347s][info][gc,cpu        ] GC(260) User=0.16s Sys=0.05s Real=0.01s
[5.475s][info][gc,start      ] GC(261) Pause Young (Concurrent Start) (G1 Humongous Allocation)
[5.475s][info][gc,task       ] GC(261) Using 13 workers of 13 for evacuation
[5.486s][info][gc,phases     ] GC(261)   Pre Evacuate Collection Set: 0.1ms
[5.486s][info][gc,phases     ] GC(261)   Evacuate Collection Set: 10.2ms
[5.486s][info][gc,phases     ] GC(261)   Post Evacuate Collection Set: 0.3ms
[5.486s][info][gc,phases     ] GC(261)   Other: 0.3ms
[5.486s][info][gc,heap       ] GC(261) Eden regions: 590->0(860)
[5.486s][info][gc,heap       ] GC(261) Survivor regions: 73->65(109)
[5.486s][info][gc,heap       ] GC(261) Old regions: 2038->2060
[5.486s][info][gc,heap       ] GC(261) Humongous regions: 169->169
[5.486s][info][gc,metaspace  ] GC(261) Metaspace: 7662K(8064K)->7662K(8064K) NonClass: 6970K(7168K)->6970K(7168K) Class: 691K(896K)->691K(896K)
[5.486s][info][gc            ] GC(261) Pause Young (Concurrent Start) (G1 Humongous Allocation) 2869M->2292M(4095M) 11.012ms
[5.486s][info][gc,cpu        ] GC(261) User=0.20s Sys=0.00s Real=0.01s
[5.486s][info][gc            ] GC(262) Concurrent Cycle
[5.486s][info][gc,marking    ] GC(262) Concurrent Clear Claimed Marks
[5.486s][info][gc,marking    ] GC(262) Concurrent Clear Claimed Marks 0.015ms
[5.486s][info][gc,marking    ] GC(262) Concurrent Scan Root Regions
[5.494s][info][gc,marking    ] GC(262) Concurrent Scan Root Regions 8.008ms
[5.494s][info][gc,marking    ] GC(262) Concurrent Mark (5.494s)
[5.494s][info][gc,marking    ] GC(262) Concurrent Mark From Roots
[5.494s][info][gc,task       ] GC(262) Using 3 workers of 3 for marking
[5.501s][info][gc,marking    ] GC(262) Concurrent Mark From Roots 6.996ms
[5.501s][info][gc,marking    ] GC(262) Concurrent Preclean
[5.501s][info][gc,marking    ] GC(262) Concurrent Preclean 0.068ms
[5.501s][info][gc,marking    ] GC(262) Concurrent Mark (5.494s, 5.501s) 7.116ms
[5.501s][info][gc,start      ] GC(262) Pause Remark
[5.502s][info][gc,stringtable] GC(262) Cleaned string and symbol table, strings: 3272 processed, 0 removed, symbols: 27593 processed, 0 removed
[5.502s][info][gc            ] GC(262) Pause Remark 2318M->2315M(4095M) 0.686ms
[5.502s][info][gc,cpu        ] GC(262) User=0.00s Sys=0.00s Real=0.00s
[5.502s][info][gc,marking    ] GC(262) Concurrent Rebuild Remembered Sets
[5.510s][info][gc,marking    ] GC(262) Concurrent Rebuild Remembered Sets 7.558ms
[5.510s][info][gc,start      ] GC(262) Pause Cleanup
[5.510s][info][gc            ] GC(262) Pause Cleanup 2322M->2322M(4095M) 0.358ms
[5.510s][info][gc,cpu        ] GC(262) User=0.00s Sys=0.00s Real=0.00s
[5.510s][info][gc,marking    ] GC(262) Concurrent Cleanup for Next Mark
[5.512s][info][gc,marking    ] GC(262) Concurrent Cleanup for Next Mark 1.846ms
[5.512s][info][gc            ] GC(262) Concurrent Cycle 26.027ms
[5.650s][info][gc,start      ] GC(263) Pause Young (Normal) (G1 Evacuation Pause)
[5.650s][info][gc,task       ] GC(263) Using 13 workers of 13 for evacuation
[5.666s][info][gc,phases     ] GC(263)   Pre Evacuate Collection Set: 0.1ms
[5.666s][info][gc,phases     ] GC(263)   Evacuate Collection Set: 14.9ms
[5.666s][info][gc,phases     ] GC(263)   Post Evacuate Collection Set: 0.4ms
[5.666s][info][gc,phases     ] GC(263)   Other: 0.3ms
[5.666s][info][gc,heap       ] GC(263) Eden regions: 860->0(896)
[5.666s][info][gc,heap       ] GC(263) Survivor regions: 65->76(116)
[5.666s][info][gc,heap       ] GC(263) Old regions: 2060->2070
[5.666s][info][gc,heap       ] GC(263) Humongous regions: 175->175
[5.666s][info][gc,metaspace  ] GC(263) Metaspace: 7662K(8064K)->7662K(8064K) NonClass: 6970K(7168K)->6970K(7168K) Class: 691K(896K)->691K(896K)
[5.666s][info][gc            ] GC(263) Pause Young (Normal) (G1 Evacuation Pause) 3158M->2319M(4096M) 15.885ms
[5.666s][info][gc,cpu        ] GC(263) User=0.20s Sys=0.00s Real=0.02s
[5.810s][info][gc,start      ] GC(264) Pause Young (Concurrent Start) (G1 Evacuation Pause)
[5.810s][info][gc,task       ] GC(264) Using 13 workers of 13 for evacuation
[5.827s][info][gc,phases     ] GC(264)   Pre Evacuate Collection Set: 0.1ms
[5.827s][info][gc,phases     ] GC(264)   Evacuate Collection Set: 16.2ms
[5.827s][info][gc,phases     ] GC(264)   Post Evacuate Collection Set: 0.5ms
[5.827s][info][gc,phases     ] GC(264)   Other: 0.4ms
[5.827s][info][gc,heap       ] GC(264) Eden regions: 896->0(1021)
[5.827s][info][gc,heap       ] GC(264) Survivor regions: 76->76(122)
[5.827s][info][gc,heap       ] GC(264) Old regions: 2070->2085
[5.827s][info][gc,heap       ] GC(264) Humongous regions: 175->175
[5.827s][info][gc,metaspace  ] GC(264) Metaspace: 7662K(8064K)->7662K(8064K) NonClass: 6970K(7168K)->6970K(7168K) Class: 691K(896K)->691K(896K)
[5.827s][info][gc            ] GC(264) Pause Young (Concurrent Start) (G1 Evacuation Pause) 3215M->2335M(4096M) 17.294ms
[5.827s][info][gc,cpu        ] GC(264) User=0.20s Sys=0.00s Real=0.02s
[5.827s][info][gc            ] GC(265) Concurrent Cycle
[5.827s][info][gc,marking    ] GC(265) Concurrent Clear Claimed Marks
[5.827s][info][gc,marking    ] GC(265) Concurrent Clear Claimed Marks 0.017ms
[5.827s][info][gc,marking    ] GC(265) Concurrent Scan Root Regions
[5.839s][info][gc,marking    ] GC(265) Concurrent Scan Root Regions 11.486ms
[5.839s][info][gc,marking    ] GC(265) Concurrent Mark (5.839s)
[5.839s][info][gc,marking    ] GC(265) Concurrent Mark From Roots
[5.839s][info][gc,task       ] GC(265) Using 3 workers of 3 for marking
[5.859s][info][gc,marking    ] GC(265) Concurrent Mark From Roots 20.644ms
[5.859s][info][gc,marking    ] GC(265) Concurrent Preclean
[5.859s][info][gc,marking    ] GC(265) Concurrent Preclean 0.085ms
[5.859s][info][gc,marking    ] GC(265) Concurrent Mark (5.839s, 5.859s) 20.829ms
[5.860s][info][gc,start      ] GC(265) Pause Remark
[5.860s][info][gc,stringtable] GC(265) Cleaned string and symbol table, strings: 3295 processed, 51 removed, symbols: 27593 processed, 0 removed
[5.860s][info][gc            ] GC(265) Pause Remark 2496M->2491M(4096M) 0.897ms
[5.861s][info][gc,cpu        ] GC(265) User=0.00s Sys=0.00s Real=0.00s
[5.861s][info][gc,marking    ] GC(265) Concurrent Rebuild Remembered Sets
[5.877s][info][gc,marking    ] GC(265) Concurrent Rebuild Remembered Sets 16.526ms
[5.877s][info][gc,start      ] GC(265) Pause Cleanup
[5.878s][info][gc            ] GC(265) Pause Cleanup 2582M->2582M(4096M) 0.516ms
[5.878s][info][gc,cpu        ] GC(265) User=0.00s Sys=0.00s Real=0.00s
[5.878s][info][gc,marking    ] GC(265) Concurrent Cleanup for Next Mark
[5.880s][info][gc,marking    ] GC(265) Concurrent Cleanup for Next Mark 2.082ms
[5.880s][info][gc            ] GC(265) Concurrent Cycle 52.906ms
[6.009s][info][gc,start      ] GC(266) Pause Young (Normal) (G1 Evacuation Pause)
[6.009s][info][gc,task       ] GC(266) Using 13 workers of 13 for evacuation
[6.029s][info][gc,phases     ] GC(266)   Pre Evacuate Collection Set: 0.1ms
[6.029s][info][gc,phases     ] GC(266)   Evacuate Collection Set: 18.7ms
[6.029s][info][gc,phases     ] GC(266)   Post Evacuate Collection Set: 0.5ms
[6.029s][info][gc,phases     ] GC(266)   Other: 0.4ms
[6.029s][info][gc,heap       ] GC(266) Eden regions: 1021->0(1034)
[6.029s][info][gc,heap       ] GC(266) Survivor regions: 76->79(138)
[6.029s][info][gc,heap       ] GC(266) Old regions: 2085->2106
[6.029s][info][gc,heap       ] GC(266) Humongous regions: 170->170
[6.029s][info][gc,metaspace  ] GC(266) Metaspace: 7554K(8064K)->7554K(8064K) NonClass: 6894K(7168K)->6894K(7168K) Class: 659K(896K)->659K(896K)
[6.029s][info][gc            ] GC(266) Pause Young (Normal) (G1 Evacuation Pause) 3351M->2354M(4096M) 19.876ms
[6.029s][info][gc,cpu        ] GC(266) User=0.20s Sys=0.00s Real=0.02s
[6.122s][info][gc,start      ] GC(267) Pause Young (Concurrent Start) (G1 Humongous Allocation)
[6.122s][info][gc,task       ] GC(267) Using 13 workers of 13 for evacuation
[6.141s][info][gc,phases     ] GC(267)   Pre Evacuate Collection Set: 0.2ms
[6.141s][info][gc,phases     ] GC(267)   Evacuate Collection Set: 17.5ms
[6.141s][info][gc,phases     ] GC(267)   Post Evacuate Collection Set: 0.4ms
[6.141s][info][gc,phases     ] GC(267)   Other: 0.3ms
[6.141s][info][gc,heap       ] GC(267) Eden regions: 514->0(1047)
[6.141s][info][gc,heap       ] GC(267) Survivor regions: 79->73(140)
[6.141s][info][gc,heap       ] GC(267) Old regions: 2106->2122
[6.141s][info][gc,heap       ] GC(267) Humongous regions: 170->170
[6.141s][info][gc,metaspace  ] GC(267) Metaspace: 7554K(8064K)->7554K(8064K) NonClass: 6894K(7168K)->6894K(7168K) Class: 659K(896K)->659K(896K)
[6.141s][info][gc            ] GC(267) Pause Young (Concurrent Start) (G1 Humongous Allocation) 2868M->2364M(4096M) 18.534ms
[6.141s][info][gc,cpu        ] GC(267) User=0.41s Sys=0.00s Real=0.02s
[6.141s][info][gc            ] GC(268) Concurrent Cycle
[6.141s][info][gc,marking    ] GC(268) Concurrent Clear Claimed Marks
[6.141s][info][gc,marking    ] GC(268) Concurrent Clear Claimed Marks 0.018ms
[6.141s][info][gc,marking    ] GC(268) Concurrent Scan Root Regions
[6.152s][info][gc,marking    ] GC(268) Concurrent Scan Root Regions 11.644ms
[6.152s][info][gc,marking    ] GC(268) Concurrent Mark (6.152s)
[6.153s][info][gc,marking    ] GC(268) Concurrent Mark From Roots
[6.153s][info][gc,task       ] GC(268) Using 3 workers of 3 for marking
[6.192s][info][gc,marking    ] GC(268) Concurrent Mark From Roots 39.134ms
[6.192s][info][gc,marking    ] GC(268) Concurrent Preclean
[6.192s][info][gc,marking    ] GC(268) Concurrent Preclean 0.087ms
[6.192s][info][gc,marking    ] GC(268) Concurrent Mark (6.152s, 6.192s) 39.330ms
[6.192s][info][gc,start      ] GC(268) Pause Remark
[6.193s][info][gc,stringtable] GC(268) Cleaned string and symbol table, strings: 3245 processed, 0 removed, symbols: 27593 processed, 62 removed
[6.193s][info][gc            ] GC(268) Pause Remark 2560M->2560M(4096M) 0.674ms
[6.193s][info][gc,cpu        ] GC(268) User=0.00s Sys=0.00s Real=0.00s
[6.193s][info][gc,marking    ] GC(268) Concurrent Rebuild Remembered Sets
[6.228s][info][gc,marking    ] GC(268) Concurrent Rebuild Remembered Sets 35.158ms
[6.228s][info][gc,start      ] GC(268) Pause Cleanup
[6.229s][info][gc            ] GC(268) Pause Cleanup 2743M->2743M(4096M) 0.634ms
[6.229s][info][gc,cpu        ] GC(268) User=0.00s Sys=0.00s Real=0.00s
[6.229s][info][gc,marking    ] GC(268) Concurrent Cleanup for Next Mark
[6.231s][info][gc,marking    ] GC(268) Concurrent Cleanup for Next Mark 2.044ms
[6.231s][info][gc            ] GC(268) Concurrent Cycle 90.249ms
[6.348s][info][gc,start      ] GC(269) Pause Young (Normal) (G1 Evacuation Pause)
[6.348s][info][gc,task       ] GC(269) Using 13 workers of 13 for evacuation
[6.377s][info][gc,phases     ] GC(269)   Pre Evacuate Collection Set: 0.1ms
[6.377s][info][gc,phases     ] GC(269)   Evacuate Collection Set: 27.6ms
[6.377s][info][gc,phases     ] GC(269)   Post Evacuate Collection Set: 0.6ms
[6.377s][info][gc,phases     ] GC(269)   Other: 0.4ms
[6.377s][info][gc,heap       ] GC(269) Eden regions: 1047->0(1068)
[6.377s][info][gc,heap       ] GC(269) Survivor regions: 73->96(140)
[6.377s][info][gc,heap       ] GC(269) Old regions: 2122->2122
[6.377s][info][gc,heap       ] GC(269) Humongous regions: 187->187
[6.377s][info][gc,metaspace  ] GC(269) Metaspace: 7556K(8064K)->7556K(8064K) NonClass: 6896K(7168K)->6896K(7168K) Class: 659K(896K)->659K(896K)
[6.377s][info][gc            ] GC(269) Pause Young (Normal) (G1 Evacuation Pause) 3428M->2404M(4096M) 28.947ms
[6.377s][info][gc,cpu        ] GC(269) User=0.39s Sys=0.02s Real=0.03s
[6.566s][info][gc,start      ] GC(270) Pause Young (Concurrent Start) (G1 Evacuation Pause)
[6.566s][info][gc,task       ] GC(270) Using 13 workers of 13 for evacuation
[6.599s][info][gc,phases     ] GC(270)   Pre Evacuate Collection Set: 0.1ms
[6.599s][info][gc,phases     ] GC(270)   Evacuate Collection Set: 31.7ms
[6.599s][info][gc,phases     ] GC(270)   Post Evacuate Collection Set: 0.6ms
[6.599s][info][gc,phases     ] GC(270)   Other: 0.4ms
[6.599s][info][gc,heap       ] GC(270) Eden regions: 1068->0(1080)
[6.599s][info][gc,heap       ] GC(270) Survivor regions: 96->94(146)
[6.599s][info][gc,heap       ] GC(270) Old regions: 2122->2143
[6.599s][info][gc,heap       ] GC(270) Humongous regions: 187->187
[6.599s][info][gc,metaspace  ] GC(270) Metaspace: 7556K(8064K)->7556K(8064K) NonClass: 6896K(7168K)->6896K(7168K) Class: 659K(896K)->659K(896K)
[6.599s][info][gc            ] GC(270) Pause Young (Concurrent Start) (G1 Evacuation Pause) 3472M->2423M(4096M) 33.047ms
[6.599s][info][gc,cpu        ] GC(270) User=0.41s Sys=0.00s Real=0.03s
[6.599s][info][gc            ] GC(271) Concurrent Cycle
[6.599s][info][gc,marking    ] GC(271) Concurrent Clear Claimed Marks
[6.599s][info][gc,marking    ] GC(271) Concurrent Clear Claimed Marks 0.019ms
[6.599s][info][gc,marking    ] GC(271) Concurrent Scan Root Regions
[6.616s][info][gc,marking    ] GC(271) Concurrent Scan Root Regions 16.483ms
[6.616s][info][gc,marking    ] GC(271) Concurrent Mark (6.616s)
[6.616s][info][gc,marking    ] GC(271) Concurrent Mark From Roots
[6.616s][info][gc,task       ] GC(271) Using 3 workers of 3 for marking
[6.674s][info][gc,marking    ] GC(271) Concurrent Mark From Roots 57.751ms
[6.674s][info][gc,marking    ] GC(271) Concurrent Preclean
[6.674s][info][gc,marking    ] GC(271) Concurrent Preclean 0.072ms
[6.674s][info][gc,marking    ] GC(271) Concurrent Mark (6.616s, 6.674s) 57.910ms
[6.674s][info][gc,start      ] GC(271) Pause Remark
[6.674s][info][gc,stringtable] GC(271) Cleaned string and symbol table, strings: 3245 processed, 0 removed, symbols: 27531 processed, 0 removed
[6.675s][info][gc            ] GC(271) Pause Remark 2755M->2746M(4096M) 0.598ms
[6.675s][info][gc,cpu        ] GC(271) User=0.00s Sys=0.00s Real=0.00s
[6.675s][info][gc,marking    ] GC(271) Concurrent Rebuild Remembered Sets
[6.715s][info][gc,marking    ] GC(271) Concurrent Rebuild Remembered Sets 40.306ms
[6.715s][info][gc,start      ] GC(271) Pause Cleanup
[6.716s][info][gc            ] GC(271) Pause Cleanup 2952M->2952M(4096M) 0.611ms
[6.716s][info][gc,cpu        ] GC(271) User=0.00s Sys=0.00s Real=0.00s
[6.716s][info][gc,marking    ] GC(271) Concurrent Cleanup for Next Mark
[6.718s][info][gc,marking    ] GC(271) Concurrent Cleanup for Next Mark 2.036ms
[6.718s][info][gc            ] GC(271) Concurrent Cycle 118.550ms
[6.815s][info][gc,start      ] GC(272) Pause Young (Normal) (G1 Evacuation Pause)
[6.815s][info][gc,task       ] GC(272) Using 13 workers of 13 for evacuation
[6.845s][info][gc,phases     ] GC(272)   Pre Evacuate Collection Set: 0.1ms
[6.845s][info][gc,phases     ] GC(272)   Evacuate Collection Set: 28.9ms
[6.845s][info][gc,phases     ] GC(272)   Post Evacuate Collection Set: 0.8ms
[6.845s][info][gc,phases     ] GC(272)   Other: 0.4ms
[6.845s][info][gc,heap       ] GC(272) Eden regions: 1080->0(1102)
[6.845s][info][gc,heap       ] GC(272) Survivor regions: 94->93(147)
[6.845s][info][gc,heap       ] GC(272) Old regions: 2143->2163
[6.845s][info][gc,heap       ] GC(272) Humongous regions: 178->178
[6.845s][info][gc,metaspace  ] GC(272) Metaspace: 7556K(8064K)->7556K(8064K) NonClass: 6896K(7168K)->6896K(7168K) Class: 659K(896K)->659K(896K)
[6.845s][info][gc            ] GC(272) Pause Young (Normal) (G1 Evacuation Pause) 3494M->2433M(4096M) 30.408ms
[6.845s][info][gc,cpu        ] GC(272) User=0.41s Sys=0.00s Real=0.03s
[7.049s][info][gc,start      ] GC(273) Pause Young (Concurrent Start) (G1 Evacuation Pause)
[7.049s][info][gc,task       ] GC(273) Using 13 workers of 13 for evacuation
[7.080s][info][gc,phases     ] GC(273)   Pre Evacuate Collection Set: 0.1ms
[7.080s][info][gc,phases     ] GC(273)   Evacuate Collection Set: 29.1ms
[7.080s][info][gc,phases     ] GC(273)   Post Evacuate Collection Set: 0.8ms
[7.080s][info][gc,phases     ] GC(273)   Other: 0.4ms
[7.080s][info][gc,heap       ] GC(273) Eden regions: 1102->0(1102)
[7.080s][info][gc,heap       ] GC(273) Survivor regions: 93->94(150)
[7.080s][info][gc,heap       ] GC(273) Old regions: 2163->2183
[7.080s][info][gc,heap       ] GC(273) Humongous regions: 178->178
[7.080s][info][gc,metaspace  ] GC(273) Metaspace: 7556K(8064K)->7556K(8064K) NonClass: 6896K(7168K)->6896K(7168K) Class: 659K(896K)->659K(896K)
[7.080s][info][gc            ] GC(273) Pause Young (Concurrent Start) (G1 Evacuation Pause) 3535M->2454M(4096M) 30.593ms
[7.080s][info][gc,cpu        ] GC(273) User=0.41s Sys=0.00s Real=0.03s
[7.080s][info][gc            ] GC(274) Concurrent Cycle
[7.080s][info][gc,marking    ] GC(274) Concurrent Clear Claimed Marks
[7.080s][info][gc,marking    ] GC(274) Concurrent Clear Claimed Marks 0.019ms
[7.080s][info][gc,marking    ] GC(274) Concurrent Scan Root Regions
[7.099s][info][gc,marking    ] GC(274) Concurrent Scan Root Regions 19.042ms
[7.099s][info][gc,marking    ] GC(274) Concurrent Mark (7.099s)
[7.099s][info][gc,marking    ] GC(274) Concurrent Mark From Roots
[7.099s][info][gc,task       ] GC(274) Using 3 workers of 3 for marking
[7.183s][info][gc,marking    ] GC(274) Concurrent Mark From Roots 83.850ms
[7.183s][info][gc,marking    ] GC(274) Concurrent Preclean
[7.183s][info][gc,marking    ] GC(274) Concurrent Preclean 0.087ms
[7.183s][info][gc,marking    ] GC(274) Concurrent Mark (7.099s, 7.183s) 84.028ms
[7.183s][info][gc,start      ] GC(274) Pause Remark
[7.184s][info][gc,stringtable] GC(274) Cleaned string and symbol table, strings: 3245 processed, 0 removed, symbols: 27531 processed, 0 removed
[7.184s][info][gc            ] GC(274) Pause Remark 2903M->2903M(4096M) 0.584ms
[7.184s][info][gc,cpu        ] GC(274) User=0.00s Sys=0.00s Real=0.00s
[7.184s][info][gc,marking    ] GC(274) Concurrent Rebuild Remembered Sets
[7.240s][info][gc,marking    ] GC(274) Concurrent Rebuild Remembered Sets 55.589ms
[7.240s][info][gc,start      ] GC(274) Pause Cleanup
[7.240s][info][gc            ] GC(274) Pause Cleanup 3168M->3168M(4096M) 0.628ms
[7.240s][info][gc,cpu        ] GC(274) User=0.00s Sys=0.00s Real=0.00s
[7.240s][info][gc,marking    ] GC(274) Concurrent Cleanup for Next Mark
[7.242s][info][gc,marking    ] GC(274) Concurrent Cleanup for Next Mark 2.000ms
[7.243s][info][gc            ] GC(274) Concurrent Cycle 162.464ms
[7.312s][info][gc,start      ] GC(275) Pause Young (Normal) (G1 Evacuation Pause)
[7.312s][info][gc,task       ] GC(275) Using 13 workers of 13 for evacuation
[7.344s][info][gc,phases     ] GC(275)   Pre Evacuate Collection Set: 0.1ms
[7.344s][info][gc,phases     ] GC(275)   Evacuate Collection Set: 31.5ms
[7.344s][info][gc,phases     ] GC(275)   Post Evacuate Collection Set: 0.8ms
[7.344s][info][gc,phases     ] GC(275)   Other: 0.4ms
[7.344s][info][gc,heap       ] GC(275) Eden regions: 1102->0(1100)
[7.344s][info][gc,heap       ] GC(275) Survivor regions: 94->78(150)
[7.345s][info][gc,heap       ] GC(275) Old regions: 2183->2220
[7.345s][info][gc,heap       ] GC(275) Humongous regions: 178->178
[7.345s][info][gc,metaspace  ] GC(275) Metaspace: 7556K(8064K)->7556K(8064K) NonClass: 6897K(7168K)->6897K(7168K) Class: 659K(896K)->659K(896K)
[7.345s][info][gc            ] GC(275) Pause Young (Normal) (G1 Evacuation Pause) 3556M->2475M(4096M) 32.953ms
[7.345s][info][gc,cpu        ] GC(275) User=0.41s Sys=0.02s Real=0.03s
[7.559s][info][gc,start      ] GC(276) Pause Young (Concurrent Start) (G1 Evacuation Pause)
[7.559s][info][gc,task       ] GC(276) Using 13 workers of 13 for evacuation
[7.593s][info][gc,phases     ] GC(276)   Pre Evacuate Collection Set: 0.1ms
[7.593s][info][gc,phases     ] GC(276)   Evacuate Collection Set: 32.8ms
[7.593s][info][gc,phases     ] GC(276)   Post Evacuate Collection Set: 1.0ms
[7.593s][info][gc,phases     ] GC(276)   Other: 0.4ms
[7.593s][info][gc,heap       ] GC(276) Eden regions: 1100->0(1094)
[7.593s][info][gc,heap       ] GC(276) Survivor regions: 78->78(148)
[7.593s][info][gc,heap       ] GC(276) Old regions: 2220->2240
[7.593s][info][gc,heap       ] GC(276) Humongous regions: 178->178
[7.593s][info][gc,metaspace  ] GC(276) Metaspace: 7563K(8064K)->7563K(8064K) NonClass: 6904K(7168K)->6904K(7168K) Class: 659K(896K)->659K(896K)
[7.593s][info][gc            ] GC(276) Pause Young (Concurrent Start) (G1 Evacuation Pause) 3575M->2495M(4096M) 34.445ms
[7.593s][info][gc,cpu        ] GC(276) User=0.41s Sys=0.00s Real=0.03s
[7.593s][info][gc            ] GC(277) Concurrent Cycle
[7.593s][info][gc,marking    ] GC(277) Concurrent Clear Claimed Marks
[7.593s][info][gc,marking    ] GC(277) Concurrent Clear Claimed Marks 0.018ms
[7.593s][info][gc,marking    ] GC(277) Concurrent Scan Root Regions
[7.602s][info][gc,marking    ] GC(277) Concurrent Scan Root Regions 8.960ms
[7.602s][info][gc,marking    ] GC(277) Concurrent Mark (7.602s)
[7.602s][info][gc,marking    ] GC(277) Concurrent Mark From Roots
[7.602s][info][gc,task       ] GC(277) Using 3 workers of 3 for marking
[7.708s][info][gc,marking    ] GC(277) Concurrent Mark From Roots 106.160ms
[7.708s][info][gc,marking    ] GC(277) Concurrent Preclean
[7.708s][info][gc,marking    ] GC(277) Concurrent Preclean 0.087ms
[7.708s][info][gc,marking    ] GC(277) Concurrent Mark (7.602s, 7.708s) 106.348ms
[7.709s][info][gc,start      ] GC(277) Pause Remark
[7.709s][info][gc,stringtable] GC(277) Cleaned string and symbol table, strings: 3245 processed, 0 removed, symbols: 27531 processed, 0 removed
[7.709s][info][gc            ] GC(277) Pause Remark 2964M->2964M(4096M) 0.571ms
[7.709s][info][gc,cpu        ] GC(277) User=0.00s Sys=0.00s Real=0.00s
[7.709s][info][gc,marking    ] GC(277) Concurrent Rebuild Remembered Sets
[7.789s][info][gc,marking    ] GC(277) Concurrent Rebuild Remembered Sets 79.570ms
[7.789s][info][gc,start      ] GC(277) Pause Cleanup
[7.790s][info][gc            ] GC(277) Pause Cleanup 3304M->3304M(4096M) 0.651ms
[7.790s][info][gc,cpu        ] GC(277) User=0.00s Sys=0.00s Real=0.00s
[7.790s][info][gc,marking    ] GC(277) Concurrent Cleanup for Next Mark
[7.792s][info][gc,marking    ] GC(277) Concurrent Cleanup for Next Mark 1.947ms
[7.792s][info][gc            ] GC(277) Concurrent Cycle 198.637ms
[7.847s][info][gc,start      ] GC(278) Pause Young (Normal) (G1 Evacuation Pause)
[7.847s][info][gc,task       ] GC(278) Using 13 workers of 13 for evacuation
[7.882s][info][gc,phases     ] GC(278)   Pre Evacuate Collection Set: 0.2ms
[7.882s][info][gc,phases     ] GC(278)   Evacuate Collection Set: 33.8ms
[7.882s][info][gc,phases     ] GC(278)   Post Evacuate Collection Set: 1.0ms
[7.882s][info][gc,phases     ] GC(278)   Other: 0.4ms
[7.882s][info][gc,heap       ] GC(278) Eden regions: 1094->0(1088)
[7.882s][info][gc,heap       ] GC(278) Survivor regions: 78->76(147)
[7.882s][info][gc,heap       ] GC(278) Old regions: 2240->2260
[7.883s][info][gc,heap       ] GC(278) Humongous regions: 178->178
[7.883s][info][gc,metaspace  ] GC(278) Metaspace: 7566K(8064K)->7566K(8064K) NonClass: 6906K(7168K)->6906K(7168K) Class: 659K(896K)->659K(896K)
[7.883s][info][gc            ] GC(278) Pause Young (Normal) (G1 Evacuation Pause) 3589M->2513M(4096M) 35.450ms
[7.883s][info][gc,cpu        ] GC(278) User=0.39s Sys=0.00s Real=0.04s
[7.982s][info][gc,start      ] GC(279) Pause Young (Concurrent Start) (G1 Humongous Allocation)
[7.982s][info][gc,task       ] GC(279) Using 13 workers of 13 for evacuation
[8.013s][info][gc,phases     ] GC(279)   Pre Evacuate Collection Set: 0.1ms
[8.013s][info][gc,phases     ] GC(279)   Evacuate Collection Set: 29.1ms
[8.013s][info][gc,phases     ] GC(279)   Post Evacuate Collection Set: 0.8ms
[8.013s][info][gc,phases     ] GC(279)   Other: 0.3ms
[8.013s][info][gc,heap       ] GC(279) Eden regions: 445->0(1082)
[8.013s][info][gc,heap       ] GC(279) Survivor regions: 76->83(146)
[8.013s][info][gc,heap       ] GC(279) Old regions: 2260->2260
[8.013s][info][gc,heap       ] GC(279) Humongous regions: 178->178
[8.013s][info][gc,metaspace  ] GC(279) Metaspace: 7566K(8064K)->7566K(8064K) NonClass: 6906K(7168K)->6906K(7168K) Class: 659K(896K)->659K(896K)
[8.013s][info][gc            ] GC(279) Pause Young (Concurrent Start) (G1 Humongous Allocation) 2957M->2520M(4096M) 30.532ms
[8.013s][info][gc,cpu        ] GC(279) User=0.41s Sys=0.00s Real=0.03s
[8.013s][info][gc            ] GC(280) Concurrent Cycle
[8.013s][info][gc,marking    ] GC(280) Concurrent Clear Claimed Marks
[8.013s][info][gc,marking    ] GC(280) Concurrent Clear Claimed Marks 0.016ms
[8.013s][info][gc,marking    ] GC(280) Concurrent Scan Root Regions
[8.022s][info][gc,marking    ] GC(280) Concurrent Scan Root Regions 9.324ms
[8.022s][info][gc,marking    ] GC(280) Concurrent Mark (8.022s)
[8.022s][info][gc,marking    ] GC(280) Concurrent Mark From Roots
[8.022s][info][gc,task       ] GC(280) Using 3 workers of 3 for marking
[8.135s][info][gc,marking    ] GC(280) Concurrent Mark From Roots 112.826ms
[8.135s][info][gc,marking    ] GC(280) Concurrent Preclean
[8.135s][info][gc,marking    ] GC(280) Concurrent Preclean 0.083ms
[8.135s][info][gc,marking    ] GC(280) Concurrent Mark (8.022s, 8.135s) 113.014ms
[8.135s][info][gc,start      ] GC(280) Pause Remark
[8.136s][info][gc,stringtable] GC(280) Cleaned string and symbol table, strings: 3245 processed, 0 removed, symbols: 27531 processed, 0 removed
[8.136s][info][gc            ] GC(280) Pause Remark 2869M->2869M(4096M) 0.662ms
[8.136s][info][gc,cpu        ] GC(280) User=0.00s Sys=0.00s Real=0.00s
[8.136s][info][gc,marking    ] GC(280) Concurrent Rebuild Remembered Sets
[8.237s][info][gc,marking    ] GC(280) Concurrent Rebuild Remembered Sets 101.066ms
[8.237s][info][gc,start      ] GC(280) Pause Cleanup
[8.238s][info][gc            ] GC(280) Pause Cleanup 3285M->3285M(4096M) 0.670ms
[8.238s][info][gc,cpu        ] GC(280) User=0.00s Sys=0.00s Real=0.00s
[8.238s][info][gc,marking    ] GC(280) Concurrent Cleanup for Next Mark
[8.240s][info][gc,marking    ] GC(280) Concurrent Cleanup for Next Mark 2.025ms
[8.240s][info][gc            ] GC(280) Concurrent Cycle 227.300ms
[8.310s][info][gc,start      ] GC(281) Pause Young (Normal) (G1 Evacuation Pause)
[8.310s][info][gc,task       ] GC(281) Using 13 workers of 13 for evacuation
[8.361s][info][gc,phases     ] GC(281)   Pre Evacuate Collection Set: 0.1ms
[8.361s][info][gc,phases     ] GC(281)   Evacuate Collection Set: 49.9ms
[8.361s][info][gc,phases     ] GC(281)   Post Evacuate Collection Set: 0.9ms
[8.361s][info][gc,phases     ] GC(281)   Other: 0.4ms
[8.361s][info][gc,heap       ] GC(281) Eden regions: 1082->0(1002)
[8.361s][info][gc,heap       ] GC(281) Survivor regions: 83->97(146)
[8.361s][info][gc,heap       ] GC(281) Old regions: 2260->2279
[8.361s][info][gc,heap       ] GC(281) Humongous regions: 211->211
[8.361s][info][gc,metaspace  ] GC(281) Metaspace: 7566K(8064K)->7566K(8064K) NonClass: 6906K(7168K)->6906K(7168K) Class: 659K(896K)->659K(896K)
[8.361s][info][gc            ] GC(281) Pause Young (Normal) (G1 Evacuation Pause) 3635M->2586M(4096M) 51.444ms
[8.361s][info][gc,cpu        ] GC(281) User=0.81s Sys=0.00s Real=0.05s
[8.584s][info][gc,start      ] GC(282) Pause Young (Concurrent Start) (G1 Evacuation Pause)
[8.584s][info][gc,task       ] GC(282) Using 13 workers of 13 for evacuation
[8.635s][info][gc,phases     ] GC(282)   Pre Evacuate Collection Set: 0.1ms
[8.635s][info][gc,phases     ] GC(282)   Evacuate Collection Set: 49.4ms
[8.635s][info][gc,phases     ] GC(282)   Post Evacuate Collection Set: 1.0ms
[8.635s][info][gc,phases     ] GC(282)   Other: 0.4ms
[8.635s][info][gc,heap       ] GC(282) Eden regions: 1002->0(1009)
[8.635s][info][gc,heap       ] GC(282) Survivor regions: 97->75(138)
[8.635s][info][gc,heap       ] GC(282) Old regions: 2279->2316
[8.635s][info][gc,heap       ] GC(282) Humongous regions: 211->211
[8.635s][info][gc,metaspace  ] GC(282) Metaspace: 7566K(8064K)->7566K(8064K) NonClass: 6906K(7168K)->6906K(7168K) Class: 659K(896K)->659K(896K)
[8.635s][info][gc            ] GC(282) Pause Young (Concurrent Start) (G1 Evacuation Pause) 3588M->2602M(4096M) 51.168ms
[8.635s][info][gc,cpu        ] GC(282) User=0.61s Sys=0.00s Real=0.05s
[8.635s][info][gc            ] GC(283) Concurrent Cycle
[8.635s][info][gc,marking    ] GC(283) Concurrent Clear Claimed Marks
[8.635s][info][gc,marking    ] GC(283) Concurrent Clear Claimed Marks 0.024ms
[8.635s][info][gc,marking    ] GC(283) Concurrent Scan Root Regions
[8.663s][info][gc,marking    ] GC(283) Concurrent Scan Root Regions 27.919ms
[8.663s][info][gc,marking    ] GC(283) Concurrent Mark (8.663s)
[8.663s][info][gc,marking    ] GC(283) Concurrent Mark From Roots
[8.663s][info][gc,task       ] GC(283) Using 3 workers of 3 for marking
[8.827s][info][gc,marking    ] GC(283) Concurrent Mark From Roots 164.161ms
[8.827s][info][gc,marking    ] GC(283) Concurrent Preclean
[8.827s][info][gc,marking    ] GC(283) Concurrent Preclean 0.067ms
[8.827s][info][gc,marking    ] GC(283) Concurrent Mark (8.663s, 8.827s) 164.321ms
[8.828s][info][gc,start      ] GC(283) Pause Remark
[8.828s][info][gc,stringtable] GC(283) Cleaned string and symbol table, strings: 3245 processed, 0 removed, symbols: 27531 processed, 0 removed
[8.828s][info][gc            ] GC(283) Pause Remark 3363M->3346M(4096M) 0.584ms
[8.828s][info][gc,cpu        ] GC(283) User=0.00s Sys=0.00s Real=0.00s
[8.828s][info][gc,marking    ] GC(283) Concurrent Rebuild Remembered Sets
[8.887s][info][gc,start      ] GC(284) Pause Young (Normal) (G1 Evacuation Pause)
[8.888s][info][gc,task       ] GC(284) Using 13 workers of 13 for evacuation
[8.926s][info][gc,phases     ] GC(284)   Pre Evacuate Collection Set: 0.1ms
[8.926s][info][gc,phases     ] GC(284)   Evacuate Collection Set: 37.4ms
[8.926s][info][gc,phases     ] GC(284)   Post Evacuate Collection Set: 0.8ms
[8.926s][info][gc,phases     ] GC(284)   Other: 0.5ms
[8.926s][info][gc,heap       ] GC(284) Eden regions: 1009->0(1010)
[8.926s][info][gc,heap       ] GC(284) Survivor regions: 75->73(136)
[8.926s][info][gc,heap       ] GC(284) Old regions: 2316->2336
[8.926s][info][gc,heap       ] GC(284) Humongous regions: 194->194
[8.926s][info][gc,metaspace  ] GC(284) Metaspace: 7566K(8064K)->7566K(8064K) NonClass: 6906K(7168K)->6906K(7168K) Class: 659K(896K)->659K(896K)
[8.926s][info][gc            ] GC(284) Pause Young (Normal) (G1 Evacuation Pause) 3594M->2603M(4096M) 38.893ms
[8.926s][info][gc,cpu        ] GC(284) User=0.61s Sys=0.00s Real=0.04s
[8.968s][info][gc,marking    ] GC(283) Concurrent Rebuild Remembered Sets 139.475ms
[8.968s][info][gc,start      ] GC(283) Pause Cleanup
[8.969s][info][gc            ] GC(283) Pause Cleanup 2704M->2704M(4096M) 0.747ms
[8.969s][info][gc,cpu        ] GC(283) User=0.00s Sys=0.02s Real=0.00s
[8.969s][info][gc,marking    ] GC(283) Concurrent Cleanup for Next Mark
[8.971s][info][gc,marking    ] GC(283) Concurrent Cleanup for Next Mark 2.057ms
[8.971s][info][gc            ] GC(283) Concurrent Cycle 335.734ms
[9.155s][info][gc,start      ] GC(285) Pause Young (Normal) (G1 Evacuation Pause)
[9.155s][info][gc,task       ] GC(285) Using 13 workers of 13 for evacuation
[9.189s][info][gc,phases     ] GC(285)   Pre Evacuate Collection Set: 0.1ms
[9.189s][info][gc,phases     ] GC(285)   Evacuate Collection Set: 32.5ms
[9.189s][info][gc,phases     ] GC(285)   Post Evacuate Collection Set: 0.8ms
[9.189s][info][gc,phases     ] GC(285)   Other: 0.4ms
[9.189s][info][gc,heap       ] GC(285) Eden regions: 1010->0(985)
[9.189s][info][gc,heap       ] GC(285) Survivor regions: 73->81(136)
[9.189s][info][gc,heap       ] GC(285) Old regions: 2336->2345
[9.189s][info][gc,heap       ] GC(285) Humongous regions: 194->194
[9.189s][info][gc,metaspace  ] GC(285) Metaspace: 7566K(8064K)->7566K(8064K) NonClass: 6906K(7168K)->6906K(7168K) Class: 659K(896K)->659K(896K)
[9.189s][info][gc            ] GC(285) Pause Young (Normal) (G1 Evacuation Pause) 3613M->2619M(4096M) 33.901ms
[9.189s][info][gc,cpu        ] GC(285) User=0.42s Sys=0.00s Real=0.03s
[9.411s][info][gc,start      ] GC(286) Pause Young (Concurrent Start) (G1 Evacuation Pause)
[9.411s][info][gc,task       ] GC(286) Using 13 workers of 13 for evacuation
[9.450s][info][gc,phases     ] GC(286)   Pre Evacuate Collection Set: 0.1ms
[9.450s][info][gc,phases     ] GC(286)   Evacuate Collection Set: 37.4ms
[9.450s][info][gc,phases     ] GC(286)   Post Evacuate Collection Set: 0.8ms
[9.450s][info][gc,phases     ] GC(286)   Other: 0.4ms
[9.450s][info][gc,heap       ] GC(286) Eden regions: 985->0(989)
[9.450s][info][gc,heap       ] GC(286) Survivor regions: 81->62(134)
[9.450s][info][gc,heap       ] GC(286) Old regions: 2345->2379
[9.450s][info][gc,heap       ] GC(286) Humongous regions: 194->194
[9.450s][info][gc,metaspace  ] GC(286) Metaspace: 7566K(8064K)->7566K(8064K) NonClass: 6906K(7168K)->6906K(7168K) Class: 659K(896K)->659K(896K)
[9.450s][info][gc            ] GC(286) Pause Young (Concurrent Start) (G1 Evacuation Pause) 3604M->2633M(4096M) 38.841ms
[9.450s][info][gc,cpu        ] GC(286) User=0.41s Sys=0.00s Real=0.04s
[9.450s][info][gc            ] GC(287) Concurrent Cycle
[9.450s][info][gc,marking    ] GC(287) Concurrent Clear Claimed Marks
[9.450s][info][gc,marking    ] GC(287) Concurrent Clear Claimed Marks 0.019ms
[9.450s][info][gc,marking    ] GC(287) Concurrent Scan Root Regions
[9.457s][info][gc,marking    ] GC(287) Concurrent Scan Root Regions 6.825ms
[9.457s][info][gc,marking    ] GC(287) Concurrent Mark (9.457s)
[9.457s][info][gc,marking    ] GC(287) Concurrent Mark From Roots
[9.457s][info][gc,task       ] GC(287) Using 3 workers of 3 for marking
[9.621s][info][gc,marking    ] GC(287) Concurrent Mark From Roots 164.202ms
[9.621s][info][gc,marking    ] GC(287) Concurrent Preclean
[9.621s][info][gc,marking    ] GC(287) Concurrent Preclean 0.072ms
[9.621s][info][gc,marking    ] GC(287) Concurrent Mark (9.457s, 9.621s) 164.351ms
[9.621s][info][gc,start      ] GC(287) Pause Remark
[9.621s][info][gc,stringtable] GC(287) Cleaned string and symbol table, strings: 3245 processed, 0 removed, symbols: 27531 processed, 0 removed
[9.622s][info][gc            ] GC(287) Pause Remark 3088M->3088M(4096M) 0.650ms
[9.622s][info][gc,cpu        ] GC(287) User=0.00s Sys=0.00s Real=0.00s
[9.622s][info][gc,marking    ] GC(287) Concurrent Rebuild Remembered Sets
[9.727s][info][gc,marking    ] GC(287) Concurrent Rebuild Remembered Sets 105.018ms
[9.727s][info][gc,start      ] GC(287) Pause Cleanup
[9.728s][info][gc            ] GC(287) Pause Cleanup 3294M->3294M(4096M) 0.702ms
[9.728s][info][gc,cpu        ] GC(287) User=0.00s Sys=0.00s Real=0.00s
[9.728s][info][gc,marking    ] GC(287) Concurrent Cleanup for Next Mark
[9.729s][info][gc,marking    ] GC(287) Concurrent Cleanup for Next Mark 1.690ms
[9.729s][info][gc            ] GC(287) Concurrent Cycle 279.698ms
[9.876s][info][gc,start      ] GC(288) Pause Young (Concurrent Start) (G1 Humongous Allocation)
[9.876s][info][gc,task       ] GC(288) Using 13 workers of 13 for evacuation
[9.916s][info][gc,phases     ] GC(288)   Pre Evacuate Collection Set: 0.1ms
[9.916s][info][gc,phases     ] GC(288)   Evacuate Collection Set: 38.7ms
[9.916s][info][gc,phases     ] GC(288)   Post Evacuate Collection Set: 0.9ms
[9.916s][info][gc,phases     ] GC(288)   Other: 0.4ms
[9.916s][info][gc,heap       ] GC(288) Eden regions: 815->0(900)
[9.916s][info][gc,heap       ] GC(288) Survivor regions: 62->79(132)
[9.916s][info][gc,heap       ] GC(288) Old regions: 2379->2379
[9.916s][info][gc,heap       ] GC(288) Humongous regions: 194->194
[9.916s][info][gc,metaspace  ] GC(288) Metaspace: 7719K(8320K)->7719K(8320K) NonClass: 7028K(7424K)->7028K(7424K) Class: 691K(896K)->691K(896K)
[9.916s][info][gc            ] GC(288) Pause Young (Concurrent Start) (G1 Humongous Allocation) 3448M->2650M(4096M) 40.241ms
[9.916s][info][gc,cpu        ] GC(288) User=0.41s Sys=0.00s Real=0.04s
[9.916s][info][gc            ] GC(289) Concurrent Cycle
[9.916s][info][gc,marking    ] GC(289) Concurrent Clear Claimed Marks
[9.916s][info][gc,marking    ] GC(289) Concurrent Clear Claimed Marks 0.018ms
[9.916s][info][gc,marking    ] GC(289) Concurrent Scan Root Regions
[9.928s][info][gc,marking    ] GC(289) Concurrent Scan Root Regions 11.610ms
[9.928s][info][gc,marking    ] GC(289) Concurrent Mark (9.928s)
[9.928s][info][gc,marking    ] GC(289) Concurrent Mark From Roots
[9.928s][info][gc,task       ] GC(289) Using 3 workers of 3 for marking
[10.074s][info][gc,marking    ] GC(289) Concurrent Mark From Roots 146.600ms
[10.075s][info][gc,marking    ] GC(289) Concurrent Preclean
[10.075s][info][gc,marking    ] GC(289) Concurrent Preclean 0.067ms
[10.075s][info][gc,marking    ] GC(289) Concurrent Mark (9.928s, 10.075s) 146.750ms
[10.082s][info][gc,start      ] GC(289) Pause Remark
[10.083s][info][gc,stringtable] GC(289) Cleaned string and symbol table, strings: 3263 processed, 0 removed, symbols: 27813 processed, 0 removed
[10.083s][info][gc            ] GC(289) Pause Remark 2816M->2816M(4096M) 0.854ms
[10.083s][info][gc,cpu        ] GC(289) User=0.00s Sys=0.00s Real=0.00s
[10.083s][info][gc,marking    ] GC(289) Concurrent Rebuild Remembered Sets
[10.194s][info][gc,marking    ] GC(289) Concurrent Rebuild Remembered Sets 110.797ms
[10.194s][info][gc,start      ] GC(289) Pause Cleanup
[10.195s][info][gc            ] GC(289) Pause Cleanup 2824M->2824M(4096M) 0.715ms
[10.195s][info][gc,cpu        ] GC(289) User=0.00s Sys=0.00s Real=0.00s
[10.195s][info][gc,marking    ] GC(289) Concurrent Cleanup for Next Mark
[10.196s][info][gc,marking    ] GC(289) Concurrent Cleanup for Next Mark 1.571ms
[10.196s][info][gc            ] GC(289) Concurrent Cycle 280.091ms
[10.281s][info][gc,start      ] GC(290) Pause Young (Concurrent Start) (G1 Humongous Allocation)
[10.281s][info][gc,task       ] GC(290) Using 13 workers of 13 for evacuation
[10.350s][info][gc,phases     ] GC(290)   Pre Evacuate Collection Set: 0.1ms
[10.350s][info][gc,phases     ] GC(290)   Evacuate Collection Set: 67.7ms
[10.350s][info][gc,phases     ] GC(290)   Post Evacuate Collection Set: 0.9ms
[10.350s][info][gc,phases     ] GC(290)   Other: 0.2ms
[10.350s][info][gc,heap       ] GC(290) Eden regions: 94->0(739)
[10.350s][info][gc,heap       ] GC(290) Survivor regions: 79->123(123)
[10.350s][info][gc,heap       ] GC(290) Old regions: 2379->2422
[10.350s][info][gc,heap       ] GC(290) Humongous regions: 274->274
[10.350s][info][gc,metaspace  ] GC(290) Metaspace: 7752K(8320K)->7752K(8320K) NonClass: 7059K(7424K)->7059K(7424K) Class: 692K(896K)->692K(896K)
[10.350s][info][gc            ] GC(290) Pause Young (Concurrent Start) (G1 Humongous Allocation) 2824M->2818M(4096M) 69.110ms
[10.350s][info][gc,cpu        ] GC(290) User=0.81s Sys=0.00s Real=0.07s
[10.350s][info][gc            ] GC(291) Concurrent Cycle
[10.350s][info][gc,marking    ] GC(291) Concurrent Clear Claimed Marks
[10.350s][info][gc,marking    ] GC(291) Concurrent Clear Claimed Marks 0.020ms
[10.350s][info][gc,marking    ] GC(291) Concurrent Scan Root Regions
[10.450s][info][gc,marking    ] GC(291) Concurrent Scan Root Regions 99.659ms
[10.450s][info][gc,marking    ] GC(291) Concurrent Mark (10.450s)
[10.450s][info][gc,marking    ] GC(291) Concurrent Mark From Roots
[10.450s][info][gc,task       ] GC(291) Using 3 workers of 3 for marking
[10.612s][info][gc,marking    ] GC(291) Concurrent Mark From Roots 161.645ms
[10.612s][info][gc,marking    ] GC(291) Concurrent Preclean
[10.612s][info][gc,marking    ] GC(291) Concurrent Preclean 0.066ms
[10.612s][info][gc,marking    ] GC(291) Concurrent Mark (10.450s, 10.612s) 161.788ms
[10.612s][info][gc,start      ] GC(291) Pause Remark
[10.612s][info][gc,stringtable] GC(291) Cleaned string and symbol table, strings: 3284 processed, 0 removed, symbols: 27904 processed, 0 removed
[10.612s][info][gc            ] GC(291) Pause Remark 2824M->2771M(4096M) 0.633ms
[10.612s][info][gc,cpu        ] GC(291) User=0.00s Sys=0.00s Real=0.00s
[10.613s][info][gc,marking    ] GC(291) Concurrent Rebuild Remembered Sets
[10.730s][info][gc,marking    ] GC(291) Concurrent Rebuild Remembered Sets 117.136ms
[10.730s][info][gc,start      ] GC(291) Pause Cleanup
[10.731s][info][gc            ] GC(291) Pause Cleanup 2771M->2771M(4096M) 0.738ms
[10.731s][info][gc,cpu        ] GC(291) User=0.00s Sys=0.00s Real=0.00s
[10.731s][info][gc,marking    ] GC(291) Concurrent Cleanup for Next Mark
[10.732s][info][gc,marking    ] GC(291) Concurrent Cleanup for Next Mark 1.665ms
[10.732s][info][gc            ] GC(291) Concurrent Cycle 382.051ms
[10.732s][info][gc,heap,exit  ] Heap
[10.732s][info][gc,heap,exit  ]  garbage-first heap   total 4194304K, used 2837820K [0x0000000700000000, 0x0000000800000000)
[10.732s][info][gc,heap,exit  ]   region size 1024K, 125 young (128000K), 123 survivors (125952K)
[10.732s][info][gc,heap,exit  ]  Metaspace       used 7837K, capacity 8037K, committed 8320K, reserved 1056768K
[10.732s][info][gc,heap,exit  ]   class space    used 707K, capacity 764K, committed 896K, reserved 1048576K
