[0.010s][info][gc,init] CardTable entry size: 512
[0.011s][info][gc     ] Using G1
[0.018s][info][gc,init] Version: 21.0.5+9-LTS-239 (release)
[0.018s][info][gc,init] CPUs: 12 total, 12 available
[0.018s][info][gc,init] Memory: 16263M
[0.018s][info][gc,init] Large Page Support: Disabled
[0.018s][info][gc,init] NUMA Support: Disabled
[0.018s][info][gc,init] Compressed Oops: Enabled (32-bit)
[0.018s][info][gc,init] Heap Region Size: 1M
[0.018s][info][gc,init] Heap Min Capacity: 1G
[0.018s][info][gc,init] Heap Initial Capacity: 1G
[0.018s][info][gc,init] Heap Max Capacity: 2G
[0.018s][info][gc,init] Pre-touch: Disabled
[0.018s][info][gc,init] Parallel Workers: 10
[0.018s][info][gc,init] Concurrent Workers: 3
[0.018s][info][gc,init] Concurrent Refinement Workers: 10
[0.018s][info][gc,init] Periodic GC: Disabled
[0.027s][info][gc,metaspace] CDS archive(s) mapped at: [0x00000253a8000000-0x00000253a8c90000-0x00000253a8c90000), size 13172736, SharedBaseAddress: 0x00000253a8000000, ArchiveRelocationMode: 1.
[0.027s][info][gc,metaspace] Compressed class space mapped at: 0x00000253a9000000-0x00000253e9000000, reserved size: 1073741824
[0.027s][info][gc,metaspace] Narrow klass base: 0x00000253a8000000, Narrow klass shift: 0, Narrow klass range: 0x100000000
[0.252s][info][gc,start    ] GC(0) Pause Young (Normal) (G1 Evacuation Pause)
[0.254s][info][gc,task     ] GC(0) Using 10 workers of 10 for evacuation
[0.258s][info][gc,phases   ] GC(0)   Pre Evacuate Collection Set: 0.2ms
[0.258s][info][gc,phases   ] GC(0)   Merge Heap Roots: 0.1ms
[0.258s][info][gc,phases   ] GC(0)   Evacuate Collection Set: 3.0ms
[0.258s][info][gc,phases   ] GC(0)   Post Evacuate Collection Set: 0.4ms
[0.258s][info][gc,phases   ] GC(0)   Other: 1.7ms
[0.258s][info][gc,heap     ] GC(0) Eden regions: 51->0(58)
[0.258s][info][gc,heap     ] GC(0) Survivor regions: 0->5(7)
[0.258s][info][gc,heap     ] GC(0) Old regions: 0->0
[0.258s][info][gc,heap     ] GC(0) Humongous regions: 1->1
[0.258s][info][gc,metaspace] GC(0) Metaspace: 1650K(1728K)->1650K(1728K) NonClass: 1511K(1536K)->1511K(1536K) Class: 139K(192K)->139K(192K)
[0.258s][info][gc          ] GC(0) Pause Young (Normal) (G1 Evacuation Pause) 52M->5M(1024M) 5.864ms
[0.258s][info][gc,cpu      ] GC(0) User=0.02s Sys=0.00s Real=0.01s
[0.295s][info][gc,start    ] GC(1) Pause Young (Normal) (G1 Evacuation Pause)
[0.295s][info][gc,task     ] GC(1) Using 10 workers of 10 for evacuation
[0.297s][info][gc,phases   ] GC(1)   Pre Evacuate Collection Set: 0.1ms
[0.297s][info][gc,phases   ] GC(1)   Merge Heap Roots: 0.1ms
[0.297s][info][gc,phases   ] GC(1)   Evacuate Collection Set: 1.4ms
[0.297s][info][gc,phases   ] GC(1)   Post Evacuate Collection Set: 0.3ms
[0.297s][info][gc,phases   ] GC(1)   Other: 0.1ms
[0.297s][info][gc,heap     ] GC(1) Eden regions: 58->0(611)
[0.297s][info][gc,heap     ] GC(1) Survivor regions: 5->3(8)
[0.297s][info][gc,heap     ] GC(1) Old regions: 0->5
[0.297s][info][gc,heap     ] GC(1) Humongous regions: 2->0
[0.297s][info][gc,metaspace] GC(1) Metaspace: 1677K(1792K)->1677K(1792K) NonClass: 1538K(1600K)->1538K(1600K) Class: 139K(192K)->139K(192K)
[0.297s][info][gc          ] GC(1) Pause Young (Normal) (G1 Evacuation Pause) 64M->7M(1024M) 2.178ms
[0.297s][info][gc,cpu      ] GC(1) User=0.00s Sys=0.00s Real=0.00s
[0.563s][info][gc,start    ] GC(2) Pause Young (Normal) (G1 Evacuation Pause)
[0.563s][info][gc,task     ] GC(2) Using 10 workers of 10 for evacuation
[0.568s][info][gc,phases   ] GC(2)   Pre Evacuate Collection Set: 0.2ms
[0.568s][info][gc,phases   ] GC(2)   Merge Heap Roots: 0.1ms
[0.568s][info][gc,phases   ] GC(2)   Evacuate Collection Set: 3.8ms
[0.568s][info][gc,phases   ] GC(2)   Post Evacuate Collection Set: 0.4ms
[0.568s][info][gc,phases   ] GC(2)   Other: 0.4ms
[0.568s][info][gc,heap     ] GC(2) Eden regions: 611->0(426)
[0.568s][info][gc,heap     ] GC(2) Survivor regions: 3->24(77)
[0.568s][info][gc,heap     ] GC(2) Old regions: 5->5
[0.568s][info][gc,heap     ] GC(2) Humongous regions: 19->4
[0.568s][info][gc,metaspace] GC(2) Metaspace: 1726K(1856K)->1726K(1856K) NonClass: 1587K(1664K)->1587K(1664K) Class: 139K(192K)->139K(192K)
[0.568s][info][gc          ] GC(2) Pause Young (Normal) (G1 Evacuation Pause) 637M->31M(1024M) 5.151ms
[0.568s][info][gc,cpu      ] GC(2) User=0.00s Sys=0.00s Real=0.01s
[0.652s][info][gc,start    ] GC(3) Pause Young (Normal) (G1 Evacuation Pause)
[0.652s][info][gc,task     ] GC(3) Using 10 workers of 10 for evacuation
[0.656s][info][gc,phases   ] GC(3)   Pre Evacuate Collection Set: 0.2ms
[0.656s][info][gc,phases   ] GC(3)   Merge Heap Roots: 0.1ms
[0.656s][info][gc,phases   ] GC(3)   Evacuate Collection Set: 3.4ms
[0.656s][info][gc,phases   ] GC(3)   Post Evacuate Collection Set: 0.4ms
[0.656s][info][gc,phases   ] GC(3)   Other: 0.1ms
[0.656s][info][gc,heap     ] GC(3) Eden regions: 426->0(355)
[0.656s][info][gc,heap     ] GC(3) Survivor regions: 24->32(57)
[0.656s][info][gc,heap     ] GC(3) Old regions: 5->5
[0.656s][info][gc,heap     ] GC(3) Humongous regions: 6->4
[0.656s][info][gc,metaspace] GC(3) Metaspace: 1726K(1856K)->1726K(1856K) NonClass: 1587K(1664K)->1587K(1664K) Class: 139K(192K)->139K(192K)
[0.657s][info][gc          ] GC(3) Pause Young (Normal) (G1 Evacuation Pause) 459M->40M(1024M) 4.445ms
[0.657s][info][gc,cpu      ] GC(3) User=0.00s Sys=0.00s Real=0.00s
[0.744s][info][gc,start    ] GC(4) Pause Young (Normal) (G1 Evacuation Pause)
[0.744s][info][gc,task     ] GC(4) Using 10 workers of 10 for evacuation
[0.749s][info][gc,phases   ] GC(4)   Pre Evacuate Collection Set: 0.2ms
[0.750s][info][gc,phases   ] GC(4)   Merge Heap Roots: 0.1ms
[0.750s][info][gc,phases   ] GC(4)   Evacuate Collection Set: 4.4ms
[0.750s][info][gc,phases   ] GC(4)   Post Evacuate Collection Set: 0.4ms
[0.750s][info][gc,phases   ] GC(4)   Other: 0.4ms
[0.750s][info][gc,heap     ] GC(4) Eden regions: 355->0(598)
[0.750s][info][gc,heap     ] GC(4) Survivor regions: 32->16(49)
[0.750s][info][gc,heap     ] GC(4) Old regions: 5->26
[0.750s][info][gc,heap     ] GC(4) Humongous regions: 10->4
[0.750s][info][gc,metaspace] GC(4) Metaspace: 1740K(1856K)->1740K(1856K) NonClass: 1599K(1664K)->1599K(1664K) Class: 140K(192K)->140K(192K)
[0.750s][info][gc          ] GC(4) Pause Young (Normal) (G1 Evacuation Pause) 401M->45M(1024M) 5.789ms
[0.750s][info][gc,cpu      ] GC(4) User=0.00s Sys=0.00s Real=0.01s
[0.815s][info][gc,start    ] GC(5) Pause Young (Normal) (G1 Evacuation Pause)
[0.815s][info][gc,task     ] GC(5) Using 10 workers of 10 for evacuation
[0.819s][info][gc,phases   ] GC(5)   Pre Evacuate Collection Set: 0.2ms
[0.819s][info][gc,phases   ] GC(5)   Merge Heap Roots: 0.1ms
[0.819s][info][gc,phases   ] GC(5)   Evacuate Collection Set: 3.0ms
[0.819s][info][gc,phases   ] GC(5)   Post Evacuate Collection Set: 0.5ms
[0.819s][info][gc,phases   ] GC(5)   Other: 0.1ms
[0.819s][info][gc,heap     ] GC(5) Eden regions: 598->0(594)
[0.819s][info][gc,heap     ] GC(5) Survivor regions: 16->20(77)
[0.819s][info][gc,heap     ] GC(5) Old regions: 26->26
[0.819s][info][gc,heap     ] GC(5) Humongous regions: 7->5
[0.819s][info][gc,metaspace] GC(5) Metaspace: 1742K(1856K)->1742K(1856K) NonClass: 1601K(1664K)->1601K(1664K) Class: 140K(192K)->140K(192K)
[0.819s][info][gc          ] GC(5) Pause Young (Normal) (G1 Evacuation Pause) 646M->50M(1024M) 4.355ms
[0.819s][info][gc,cpu      ] GC(5) User=0.00s Sys=0.00s Real=0.01s
[0.886s][info][gc,start    ] GC(6) Pause Young (Normal) (G1 Evacuation Pause)
[0.887s][info][gc,task     ] GC(6) Using 10 workers of 10 for evacuation
[0.891s][info][gc,phases   ] GC(6)   Pre Evacuate Collection Set: 0.2ms
[0.891s][info][gc,phases   ] GC(6)   Merge Heap Roots: 0.1ms
[0.891s][info][gc,phases   ] GC(6)   Evacuate Collection Set: 3.6ms
[0.891s][info][gc,phases   ] GC(6)   Post Evacuate Collection Set: 0.6ms
[0.891s][info][gc,phases   ] GC(6)   Other: 0.1ms
[0.891s][info][gc,heap     ] GC(6) Eden regions: 594->0(588)
[0.891s][info][gc,heap     ] GC(6) Survivor regions: 20->26(77)
[0.891s][info][gc,heap     ] GC(6) Old regions: 26->26
[0.892s][info][gc,heap     ] GC(6) Humongous regions: 5->5
[0.892s][info][gc,metaspace] GC(6) Metaspace: 1742K(1856K)->1742K(1856K) NonClass: 1601K(1664K)->1601K(1664K) Class: 140K(192K)->140K(192K)
[0.892s][info][gc          ] GC(6) Pause Young (Normal) (G1 Evacuation Pause) 644M->56M(1024M) 5.150ms
[0.892s][info][gc,cpu      ] GC(6) User=0.00s Sys=0.00s Real=0.00s
[0.959s][info][gc,start    ] GC(7) Pause Young (Normal) (G1 Evacuation Pause)
[0.959s][info][gc,task     ] GC(7) Using 10 workers of 10 for evacuation
[0.965s][info][gc,phases   ] GC(7)   Pre Evacuate Collection Set: 0.2ms
[0.965s][info][gc,phases   ] GC(7)   Merge Heap Roots: 0.1ms
[0.965s][info][gc,phases   ] GC(7)   Evacuate Collection Set: 4.4ms
[0.965s][info][gc,phases   ] GC(7)   Post Evacuate Collection Set: 0.5ms
[0.965s][info][gc,phases   ] GC(7)   Other: 0.1ms
[0.965s][info][gc,heap     ] GC(7) Eden regions: 588->0(583)
[0.965s][info][gc,heap     ] GC(7) Survivor regions: 26->31(77)
[0.965s][info][gc,heap     ] GC(7) Old regions: 26->26
[0.965s][info][gc,heap     ] GC(7) Humongous regions: 6->6
[0.965s][info][gc,metaspace] GC(7) Metaspace: 1745K(1856K)->1745K(1856K) NonClass: 1604K(1664K)->1604K(1664K) Class: 140K(192K)->140K(192K)
[0.965s][info][gc          ] GC(7) Pause Young (Normal) (G1 Evacuation Pause) 645M->62M(1024M) 5.682ms
[0.965s][info][gc,cpu      ] GC(7) User=0.02s Sys=0.00s Real=0.01s
[1.023s][info][gc,start    ] GC(8) Pause Young (Normal) (G1 Evacuation Pause)
[1.023s][info][gc,task     ] GC(8) Using 10 workers of 10 for evacuation
[1.029s][info][gc,phases   ] GC(8)   Pre Evacuate Collection Set: 0.2ms
[1.029s][info][gc,phases   ] GC(8)   Merge Heap Roots: 0.1ms
[1.029s][info][gc,phases   ] GC(8)   Evacuate Collection Set: 4.9ms
[1.029s][info][gc,phases   ] GC(8)   Post Evacuate Collection Set: 0.6ms
[1.029s][info][gc,phases   ] GC(8)   Other: 0.1ms
[1.029s][info][gc,heap     ] GC(8) Eden regions: 583->0(578)
[1.029s][info][gc,heap     ] GC(8) Survivor regions: 31->36(77)
[1.029s][info][gc,heap     ] GC(8) Old regions: 26->26
[1.029s][info][gc,heap     ] GC(8) Humongous regions: 6->6
[1.029s][info][gc,metaspace] GC(8) Metaspace: 1753K(1856K)->1753K(1856K) NonClass: 1612K(1664K)->1612K(1664K) Class: 140K(192K)->140K(192K)
[1.029s][info][gc          ] GC(8) Pause Young (Normal) (G1 Evacuation Pause) 645M->67M(1024M) 6.352ms
[1.029s][info][gc,cpu      ] GC(8) User=0.00s Sys=0.00s Real=0.01s
[1.115s][info][gc,start    ] GC(9) Pause Young (Normal) (G1 Evacuation Pause)
[1.115s][info][gc,task     ] GC(9) Using 10 workers of 10 for evacuation
[1.122s][info][gc,phases   ] GC(9)   Pre Evacuate Collection Set: 0.2ms
[1.122s][info][gc,phases   ] GC(9)   Merge Heap Roots: 0.1ms
[1.122s][info][gc,phases   ] GC(9)   Evacuate Collection Set: 6.7ms
[1.122s][info][gc,phases   ] GC(9)   Post Evacuate Collection Set: 0.6ms
[1.122s][info][gc,phases   ] GC(9)   Other: 0.1ms
[1.122s][info][gc,heap     ] GC(9) Eden regions: 578->0(567)
[1.122s][info][gc,heap     ] GC(9) Survivor regions: 36->47(77)
[1.123s][info][gc,heap     ] GC(9) Old regions: 26->26
[1.123s][info][gc,heap     ] GC(9) Humongous regions: 6->6
[1.123s][info][gc,metaspace] GC(9) Metaspace: 1754K(1856K)->1754K(1856K) NonClass: 1613K(1664K)->1613K(1664K) Class: 140K(192K)->140K(192K)
[1.123s][info][gc          ] GC(9) Pause Young (Normal) (G1 Evacuation Pause) 645M->78M(1024M) 7.986ms
[1.123s][info][gc,cpu      ] GC(9) User=0.03s Sys=0.03s Real=0.01s
[1.180s][info][gc,start    ] GC(10) Pause Young (Normal) (G1 Evacuation Pause)
[1.180s][info][gc,task     ] GC(10) Using 10 workers of 10 for evacuation
[1.188s][info][gc,phases   ] GC(10)   Pre Evacuate Collection Set: 0.2ms
[1.188s][info][gc,phases   ] GC(10)   Merge Heap Roots: 0.1ms
[1.188s][info][gc,phases   ] GC(10)   Evacuate Collection Set: 7.0ms
[1.188s][info][gc,phases   ] GC(10)   Post Evacuate Collection Set: 0.6ms
[1.188s][info][gc,phases   ] GC(10)   Other: 0.1ms
[1.188s][info][gc,heap     ] GC(10) Eden regions: 567->0(569)
[1.188s][info][gc,heap     ] GC(10) Survivor regions: 47->45(77)
[1.188s][info][gc,heap     ] GC(10) Old regions: 26->33
[1.188s][info][gc,heap     ] GC(10) Humongous regions: 8->6
[1.188s][info][gc,metaspace] GC(10) Metaspace: 1755K(1856K)->1755K(1856K) NonClass: 1614K(1664K)->1614K(1664K) Class: 140K(192K)->140K(192K)
[1.188s][info][gc          ] GC(10) Pause Young (Normal) (G1 Evacuation Pause) 647M->82M(1024M) 8.285ms
[1.188s][info][gc,cpu      ] GC(10) User=0.02s Sys=0.00s Real=0.01s
[1.246s][info][gc,start    ] GC(11) Pause Young (Normal) (G1 Evacuation Pause)
[1.246s][info][gc,task     ] GC(11) Using 10 workers of 10 for evacuation
[1.254s][info][gc,phases   ] GC(11)   Pre Evacuate Collection Set: 0.2ms
[1.254s][info][gc,phases   ] GC(11)   Merge Heap Roots: 0.1ms
[1.254s][info][gc,phases   ] GC(11)   Evacuate Collection Set: 6.8ms
[1.254s][info][gc,phases   ] GC(11)   Post Evacuate Collection Set: 0.5ms
[1.254s][info][gc,phases   ] GC(11)   Other: 0.1ms
[1.254s][info][gc,heap     ] GC(11) Eden regions: 569->0(569)
[1.254s][info][gc,heap     ] GC(11) Survivor regions: 45->45(77)
[1.254s][info][gc,heap     ] GC(11) Old regions: 33->40
[1.254s][info][gc,heap     ] GC(11) Humongous regions: 9->6
[1.254s][info][gc,metaspace] GC(11) Metaspace: 1757K(1856K)->1757K(1856K) NonClass: 1616K(1664K)->1616K(1664K) Class: 140K(192K)->140K(192K)
[1.254s][info][gc          ] GC(11) Pause Young (Normal) (G1 Evacuation Pause) 654M->89M(1024M) 8.007ms
[1.254s][info][gc,cpu      ] GC(11) User=0.00s Sys=0.00s Real=0.01s
[1.311s][info][gc,start    ] GC(12) Pause Young (Normal) (G1 Evacuation Pause)
[1.311s][info][gc,task     ] GC(12) Using 10 workers of 10 for evacuation
[1.319s][info][gc,phases   ] GC(12)   Pre Evacuate Collection Set: 0.2ms
[1.319s][info][gc,phases   ] GC(12)   Merge Heap Roots: 0.1ms
[1.319s][info][gc,phases   ] GC(12)   Evacuate Collection Set: 6.3ms
[1.319s][info][gc,phases   ] GC(12)   Post Evacuate Collection Set: 0.9ms
[1.319s][info][gc,phases   ] GC(12)   Other: 0.1ms
[1.319s][info][gc,heap     ] GC(12) Eden regions: 569->0(608)
[1.319s][info][gc,heap     ] GC(12) Survivor regions: 45->47(77)
[1.319s][info][gc,heap     ] GC(12) Old regions: 40->43
[1.319s][info][gc,heap     ] GC(12) Humongous regions: 8->7
[1.319s][info][gc,metaspace] GC(12) Metaspace: 1758K(1856K)->1758K(1856K) NonClass: 1617K(1664K)->1617K(1664K) Class: 140K(192K)->140K(192K)
[1.319s][info][gc          ] GC(12) Pause Young (Normal) (G1 Evacuation Pause) 660M->95M(1093M) 7.881ms
[1.319s][info][gc,cpu      ] GC(12) User=0.00s Sys=0.00s Real=0.01s
[1.383s][info][gc,start    ] GC(13) Pause Young (Normal) (G1 Evacuation Pause)
[1.383s][info][gc,task     ] GC(13) Using 10 workers of 10 for evacuation
[1.391s][info][gc,phases   ] GC(13)   Pre Evacuate Collection Set: 0.2ms
[1.391s][info][gc,phases   ] GC(13)   Merge Heap Roots: 0.1ms
[1.391s][info][gc,phases   ] GC(13)   Evacuate Collection Set: 7.4ms
[1.391s][info][gc,phases   ] GC(13)   Post Evacuate Collection Set: 0.5ms
[1.391s][info][gc,phases   ] GC(13)   Other: 0.1ms
[1.391s][info][gc,heap     ] GC(13) Eden regions: 608->0(604)
[1.392s][info][gc,heap     ] GC(13) Survivor regions: 47->51(82)
[1.392s][info][gc,heap     ] GC(13) Old regions: 43->49
[1.392s][info][gc,heap     ] GC(13) Humongous regions: 9->6
[1.392s][info][gc,metaspace] GC(13) Metaspace: 1761K(1856K)->1761K(1856K) NonClass: 1621K(1664K)->1621K(1664K) Class: 140K(192K)->140K(192K)
[1.392s][info][gc          ] GC(13) Pause Young (Normal) (G1 Evacuation Pause) 705M->105M(1093M) 8.674ms
[1.392s][info][gc,cpu      ] GC(13) User=0.03s Sys=0.02s Real=0.01s
[1.450s][info][gc,start    ] GC(14) Pause Young (Normal) (G1 Evacuation Pause)
[1.450s][info][gc,task     ] GC(14) Using 10 workers of 10 for evacuation
[1.458s][info][gc,phases   ] GC(14)   Pre Evacuate Collection Set: 0.2ms
[1.458s][info][gc,phases   ] GC(14)   Merge Heap Roots: 0.1ms
[1.458s][info][gc,phases   ] GC(14)   Evacuate Collection Set: 7.1ms
[1.458s][info][gc,phases   ] GC(14)   Post Evacuate Collection Set: 0.5ms
[1.458s][info][gc,phases   ] GC(14)   Other: 0.1ms
[1.458s][info][gc,heap     ] GC(14) Eden regions: 604->0(606)
[1.458s][info][gc,heap     ] GC(14) Survivor regions: 51->49(82)
[1.458s][info][gc,heap     ] GC(14) Old regions: 49->54
[1.458s][info][gc,heap     ] GC(14) Humongous regions: 13->8
[1.458s][info][gc,metaspace] GC(14) Metaspace: 1764K(1856K)->1764K(1856K) NonClass: 1623K(1664K)->1623K(1664K) Class: 140K(192K)->140K(192K)
[1.458s][info][gc          ] GC(14) Pause Young (Normal) (G1 Evacuation Pause) 716M->110M(1093M) 8.280ms
[1.458s][info][gc,cpu      ] GC(14) User=0.00s Sys=0.00s Real=0.01s
[1.516s][info][gc,start    ] GC(15) Pause Young (Normal) (G1 Evacuation Pause)
[1.516s][info][gc,task     ] GC(15) Using 10 workers of 10 for evacuation
[1.523s][info][gc,phases   ] GC(15)   Pre Evacuate Collection Set: 0.2ms
[1.524s][info][gc,phases   ] GC(15)   Merge Heap Roots: 0.1ms
[1.524s][info][gc,phases   ] GC(15)   Evacuate Collection Set: 6.6ms
[1.524s][info][gc,phases   ] GC(15)   Post Evacuate Collection Set: 0.4ms
[1.524s][info][gc,phases   ] GC(15)   Other: 0.1ms
[1.524s][info][gc,heap     ] GC(15) Eden regions: 606->0(604)
[1.524s][info][gc,heap     ] GC(15) Survivor regions: 49->51(82)
[1.524s][info][gc,heap     ] GC(15) Old regions: 54->60
[1.524s][info][gc,heap     ] GC(15) Humongous regions: 10->8
[1.524s][info][gc,metaspace] GC(15) Metaspace: 1767K(1856K)->1767K(1856K) NonClass: 1626K(1664K)->1626K(1664K) Class: 140K(192K)->140K(192K)
[1.524s][info][gc          ] GC(15) Pause Young (Normal) (G1 Evacuation Pause) 718M->117M(1093M) 7.702ms
[1.524s][info][gc,cpu      ] GC(15) User=0.02s Sys=0.00s Real=0.01s
[1.582s][info][gc,start    ] GC(16) Pause Young (Normal) (G1 Evacuation Pause)
[1.585s][info][gc,task     ] GC(16) Using 10 workers of 10 for evacuation
[1.599s][info][gc,phases   ] GC(16)   Pre Evacuate Collection Set: 0.4ms
[1.599s][info][gc,phases   ] GC(16)   Merge Heap Roots: 0.3ms
[1.599s][info][gc,phases   ] GC(16)   Evacuate Collection Set: 11.2ms
[1.599s][info][gc,phases   ] GC(16)   Post Evacuate Collection Set: 2.1ms
[1.599s][info][gc,phases   ] GC(16)   Other: 0.3ms
[1.599s][info][gc,heap     ] GC(16) Eden regions: 604->0(668)
[1.600s][info][gc,heap     ] GC(16) Survivor regions: 51->46(82)
[1.600s][info][gc,heap     ] GC(16) Old regions: 60->71
[1.600s][info][gc,heap     ] GC(16) Humongous regions: 11->8
[1.600s][info][gc,metaspace] GC(16) Metaspace: 1767K(1856K)->1767K(1856K) NonClass: 1626K(1664K)->1626K(1664K) Class: 140K(192K)->140K(192K)
[1.600s][info][gc          ] GC(16) Pause Young (Normal) (G1 Evacuation Pause) 724M->124M(1190M) 17.956ms
[1.600s][info][gc,cpu      ] GC(16) User=0.00s Sys=0.00s Real=0.02s
[1.677s][info][gc,start    ] GC(17) Pause Young (Normal) (G1 Evacuation Pause)
[1.678s][info][gc,task     ] GC(17) Using 10 workers of 10 for evacuation
[1.685s][info][gc,phases   ] GC(17)   Pre Evacuate Collection Set: 0.3ms
[1.685s][info][gc,phases   ] GC(17)   Merge Heap Roots: 0.1ms
[1.685s][info][gc,phases   ] GC(17)   Evacuate Collection Set: 6.3ms
[1.685s][info][gc,phases   ] GC(17)   Post Evacuate Collection Set: 0.5ms
[1.685s][info][gc,phases   ] GC(17)   Other: 0.2ms
[1.685s][info][gc,heap     ] GC(17) Eden regions: 668->0(661)
[1.685s][info][gc,heap     ] GC(17) Survivor regions: 46->53(90)
[1.685s][info][gc,heap     ] GC(17) Old regions: 71->71
[1.685s][info][gc,heap     ] GC(17) Humongous regions: 13->11
[1.685s][info][gc,metaspace] GC(17) Metaspace: 1769K(1856K)->1769K(1856K) NonClass: 1629K(1664K)->1629K(1664K) Class: 140K(192K)->140K(192K)
[1.685s][info][gc          ] GC(17) Pause Young (Normal) (G1 Evacuation Pause) 797M->134M(1190M) 7.615ms
[1.685s][info][gc,cpu      ] GC(17) User=0.02s Sys=0.00s Real=0.01s
[1.749s][info][gc,start    ] GC(18) Pause Young (Normal) (G1 Evacuation Pause)
[1.749s][info][gc,task     ] GC(18) Using 10 workers of 10 for evacuation
[1.758s][info][gc,phases   ] GC(18)   Pre Evacuate Collection Set: 0.3ms
[1.758s][info][gc,phases   ] GC(18)   Merge Heap Roots: 0.1ms
[1.758s][info][gc,phases   ] GC(18)   Evacuate Collection Set: 8.4ms
[1.758s][info][gc,phases   ] GC(18)   Post Evacuate Collection Set: 0.6ms
[1.758s][info][gc,phases   ] GC(18)   Other: 0.1ms
[1.758s][info][gc,heap     ] GC(18) Eden regions: 661->0(661)
[1.758s][info][gc,heap     ] GC(18) Survivor regions: 53->53(90)
[1.758s][info][gc,heap     ] GC(18) Old regions: 71->77
[1.758s][info][gc,heap     ] GC(18) Humongous regions: 12->11
[1.758s][info][gc,metaspace] GC(18) Metaspace: 1769K(1856K)->1769K(1856K) NonClass: 1629K(1664K)->1629K(1664K) Class: 140K(192K)->140K(192K)
[1.758s][info][gc          ] GC(18) Pause Young (Normal) (G1 Evacuation Pause) 796M->139M(1190M) 9.799ms
[1.758s][info][gc,cpu      ] GC(18) User=0.02s Sys=0.00s Real=0.01s
[1.825s][info][gc,start    ] GC(19) Pause Young (Normal) (G1 Evacuation Pause)
[1.825s][info][gc,task     ] GC(19) Using 10 workers of 10 for evacuation
[1.834s][info][gc,phases   ] GC(19)   Pre Evacuate Collection Set: 0.2ms
[1.834s][info][gc,phases   ] GC(19)   Merge Heap Roots: 0.1ms
[1.834s][info][gc,phases   ] GC(19)   Evacuate Collection Set: 8.3ms
[1.834s][info][gc,phases   ] GC(19)   Post Evacuate Collection Set: 0.6ms
[1.834s][info][gc,phases   ] GC(19)   Other: 0.1ms
[1.834s][info][gc,heap     ] GC(19) Eden regions: 661->0(660)
[1.834s][info][gc,heap     ] GC(19) Survivor regions: 53->54(90)
[1.834s][info][gc,heap     ] GC(19) Old regions: 77->84
[1.834s][info][gc,heap     ] GC(19) Humongous regions: 14->11
[1.834s][info][gc,metaspace] GC(19) Metaspace: 1770K(1856K)->1770K(1856K) NonClass: 1629K(1664K)->1629K(1664K) Class: 140K(192K)->140K(192K)
[1.834s][info][gc          ] GC(19) Pause Young (Normal) (G1 Evacuation Pause) 803M->148M(1190M) 9.587ms
[1.834s][info][gc,cpu      ] GC(19) User=0.00s Sys=0.00s Real=0.01s
[1.897s][info][gc,start    ] GC(20) Pause Young (Normal) (G1 Evacuation Pause)
[1.897s][info][gc,task     ] GC(20) Using 10 workers of 10 for evacuation
[1.907s][info][gc,phases   ] GC(20)   Pre Evacuate Collection Set: 0.3ms
[1.907s][info][gc,phases   ] GC(20)   Merge Heap Roots: 0.1ms
[1.907s][info][gc,phases   ] GC(20)   Evacuate Collection Set: 8.2ms
[1.908s][info][gc,phases   ] GC(20)   Post Evacuate Collection Set: 1.3ms
[1.908s][info][gc,phases   ] GC(20)   Other: 0.1ms
[1.908s][info][gc,heap     ] GC(20) Eden regions: 660->0(738)
[1.908s][info][gc,heap     ] GC(20) Survivor regions: 54->48(90)
[1.908s][info][gc,heap     ] GC(20) Old regions: 84->98
[1.908s][info][gc,heap     ] GC(20) Humongous regions: 11->11
[1.908s][info][gc,metaspace] GC(20) Metaspace: 1771K(1856K)->1771K(1856K) NonClass: 1630K(1664K)->1630K(1664K) Class: 140K(192K)->140K(192K)
[1.908s][info][gc          ] GC(20) Pause Young (Normal) (G1 Evacuation Pause) 808M->155M(1310M) 10.365ms
[1.908s][info][gc,cpu      ] GC(20) User=0.00s Sys=0.00s Real=0.01s
[1.981s][info][gc,start    ] GC(21) Pause Young (Normal) (G1 Evacuation Pause)
[1.981s][info][gc,task     ] GC(21) Using 10 workers of 10 for evacuation
[1.989s][info][gc,phases   ] GC(21)   Pre Evacuate Collection Set: 0.2ms
[1.989s][info][gc,phases   ] GC(21)   Merge Heap Roots: 0.1ms
[1.989s][info][gc,phases   ] GC(21)   Evacuate Collection Set: 6.6ms
[1.989s][info][gc,phases   ] GC(21)   Post Evacuate Collection Set: 0.5ms
[1.989s][info][gc,phases   ] GC(21)   Other: 0.1ms
[1.989s][info][gc,heap     ] GC(21) Eden regions: 738->0(731)
[1.989s][info][gc,heap     ] GC(21) Survivor regions: 48->55(99)
[1.989s][info][gc,heap     ] GC(21) Old regions: 98->98
[1.989s][info][gc,heap     ] GC(21) Humongous regions: 13->11
[1.989s][info][gc,metaspace] GC(21) Metaspace: 1775K(1856K)->1775K(1856K) NonClass: 1635K(1664K)->1635K(1664K) Class: 140K(192K)->140K(192K)
[1.989s][info][gc          ] GC(21) Pause Young (Normal) (G1 Evacuation Pause) 895M->163M(1310M) 7.878ms
[1.989s][info][gc,cpu      ] GC(21) User=0.00s Sys=0.00s Real=0.01s
[2.059s][info][gc,start    ] GC(22) Pause Young (Normal) (G1 Evacuation Pause)
[2.059s][info][gc,task     ] GC(22) Using 10 workers of 10 for evacuation
[2.067s][info][gc,phases   ] GC(22)   Pre Evacuate Collection Set: 0.2ms
[2.067s][info][gc,phases   ] GC(22)   Merge Heap Roots: 0.1ms
[2.067s][info][gc,phases   ] GC(22)   Evacuate Collection Set: 7.1ms
[2.067s][info][gc,phases   ] GC(22)   Post Evacuate Collection Set: 0.5ms
[2.067s][info][gc,phases   ] GC(22)   Other: 0.1ms
[2.067s][info][gc,heap     ] GC(22) Eden regions: 731->0(730)
[2.067s][info][gc,heap     ] GC(22) Survivor regions: 55->56(99)
[2.067s][info][gc,heap     ] GC(22) Old regions: 98->103
[2.067s][info][gc,heap     ] GC(22) Humongous regions: 23->14
[2.067s][info][gc,metaspace] GC(22) Metaspace: 1777K(1856K)->1777K(1856K) NonClass: 1636K(1664K)->1636K(1664K) Class: 140K(192K)->140K(192K)
[2.067s][info][gc          ] GC(22) Pause Young (Normal) (G1 Evacuation Pause) 906M->171M(1310M) 8.302ms
[2.067s][info][gc,cpu      ] GC(22) User=0.00s Sys=0.00s Real=0.01s
[2.138s][info][gc,start    ] GC(23) Pause Young (Normal) (G1 Evacuation Pause)
[2.138s][info][gc,task     ] GC(23) Using 10 workers of 10 for evacuation
[2.148s][info][gc,phases   ] GC(23)   Pre Evacuate Collection Set: 0.2ms
[2.148s][info][gc,phases   ] GC(23)   Merge Heap Roots: 0.1ms
[2.148s][info][gc,phases   ] GC(23)   Evacuate Collection Set: 8.1ms
[2.148s][info][gc,phases   ] GC(23)   Post Evacuate Collection Set: 0.8ms
[2.148s][info][gc,phases   ] GC(23)   Other: 0.1ms
[2.148s][info][gc,heap     ] GC(23) Eden regions: 730->0(732)
[2.148s][info][gc,heap     ] GC(23) Survivor regions: 56->54(99)
[2.148s][info][gc,heap     ] GC(23) Old regions: 103->110
[2.148s][info][gc,heap     ] GC(23) Humongous regions: 21->17
[2.148s][info][gc,metaspace] GC(23) Metaspace: 1779K(1856K)->1779K(1856K) NonClass: 1638K(1664K)->1638K(1664K) Class: 140K(192K)->140K(192K)
[2.148s][info][gc          ] GC(23) Pause Young (Normal) (G1 Evacuation Pause) 908M->179M(1310M) 9.783ms
[2.148s][info][gc,cpu      ] GC(23) User=0.00s Sys=0.00s Real=0.01s
[2.225s][info][gc,start    ] GC(24) Pause Young (Normal) (G1 Evacuation Pause)
[2.225s][info][gc,task     ] GC(24) Using 10 workers of 10 for evacuation
[2.236s][info][gc,phases   ] GC(24)   Pre Evacuate Collection Set: 0.2ms
[2.236s][info][gc,phases   ] GC(24)   Merge Heap Roots: 0.2ms
[2.236s][info][gc,phases   ] GC(24)   Evacuate Collection Set: 9.0ms
[2.236s][info][gc,phases   ] GC(24)   Post Evacuate Collection Set: 1.2ms
[2.236s][info][gc,phases   ] GC(24)   Other: 0.1ms
[2.236s][info][gc,heap     ] GC(24) Eden regions: 732->0(767)
[2.236s][info][gc,heap     ] GC(24) Survivor regions: 54->59(99)
[2.236s][info][gc,heap     ] GC(24) Old regions: 110->110
[2.236s][info][gc,heap     ] GC(24) Humongous regions: 21->16
[2.236s][info][gc,metaspace] GC(24) Metaspace: 1779K(1856K)->1779K(1856K) NonClass: 1638K(1664K)->1638K(1664K) Class: 140K(192K)->140K(192K)
[2.236s][info][gc          ] GC(24) Pause Young (Normal) (G1 Evacuation Pause) 915M->184M(1377M) 11.011ms
[2.236s][info][gc,cpu      ] GC(24) User=0.09s Sys=0.00s Real=0.01s
[2.319s][info][gc,start    ] GC(25) Pause Young (Normal) (G1 Evacuation Pause)
[2.319s][info][gc,task     ] GC(25) Using 10 workers of 10 for evacuation
[2.330s][info][gc,phases   ] GC(25)   Pre Evacuate Collection Set: 0.2ms
[2.330s][info][gc,phases   ] GC(25)   Merge Heap Roots: 0.2ms
[2.330s][info][gc,phases   ] GC(25)   Evacuate Collection Set: 9.5ms
[2.330s][info][gc,phases   ] GC(25)   Post Evacuate Collection Set: 0.7ms
[2.330s][info][gc,phases   ] GC(25)   Other: 0.1ms
[2.330s][info][gc,heap     ] GC(25) Eden regions: 767->0(765)
[2.330s][info][gc,heap     ] GC(25) Survivor regions: 59->61(104)
[2.330s][info][gc,heap     ] GC(25) Old regions: 110->117
[2.330s][info][gc,heap     ] GC(25) Humongous regions: 19->16
[2.330s][info][gc,metaspace] GC(25) Metaspace: 1781K(1856K)->1781K(1856K) NonClass: 1640K(1664K)->1640K(1664K) Class: 140K(192K)->140K(192K)
[2.330s][info][gc          ] GC(25) Pause Young (Normal) (G1 Evacuation Pause) 954M->193M(1377M) 11.037ms
[2.330s][info][gc,cpu      ] GC(25) User=0.00s Sys=0.00s Real=0.01s
[2.406s][info][gc,start    ] GC(26) Pause Young (Normal) (G1 Evacuation Pause)
[2.406s][info][gc,task     ] GC(26) Using 10 workers of 10 for evacuation
[2.415s][info][gc,phases   ] GC(26)   Pre Evacuate Collection Set: 0.2ms
[2.415s][info][gc,phases   ] GC(26)   Merge Heap Roots: 0.2ms
[2.415s][info][gc,phases   ] GC(26)   Evacuate Collection Set: 8.2ms
[2.415s][info][gc,phases   ] GC(26)   Post Evacuate Collection Set: 0.6ms
[2.415s][info][gc,phases   ] GC(26)   Other: 0.1ms
[2.415s][info][gc,heap     ] GC(26) Eden regions: 765->0(765)
[2.415s][info][gc,heap     ] GC(26) Survivor regions: 61->61(104)
[2.416s][info][gc,heap     ] GC(26) Old regions: 117->123
[2.416s][info][gc,heap     ] GC(26) Humongous regions: 16->16
[2.416s][info][gc,metaspace] GC(26) Metaspace: 1781K(1856K)->1781K(1856K) NonClass: 1640K(1664K)->1640K(1664K) Class: 140K(192K)->140K(192K)
[2.416s][info][gc          ] GC(26) Pause Young (Normal) (G1 Evacuation Pause) 958M->199M(1377M) 9.629ms
[2.416s][info][gc,cpu      ] GC(26) User=0.05s Sys=0.00s Real=0.01s
[2.491s][info][gc,start    ] GC(27) Pause Young (Normal) (G1 Evacuation Pause)
[2.491s][info][gc,task     ] GC(27) Using 10 workers of 10 for evacuation
[2.500s][info][gc,phases   ] GC(27)   Pre Evacuate Collection Set: 0.2ms
[2.500s][info][gc,phases   ] GC(27)   Merge Heap Roots: 0.1ms
[2.500s][info][gc,phases   ] GC(27)   Evacuate Collection Set: 8.2ms
[2.500s][info][gc,phases   ] GC(27)   Post Evacuate Collection Set: 0.6ms
[2.500s][info][gc,phases   ] GC(27)   Other: 0.1ms
[2.500s][info][gc,heap     ] GC(27) Eden regions: 765->0(765)
[2.500s][info][gc,heap     ] GC(27) Survivor regions: 61->61(104)
[2.500s][info][gc,heap     ] GC(27) Old regions: 123->131
[2.500s][info][gc,heap     ] GC(27) Humongous regions: 20->16
[2.500s][info][gc,metaspace] GC(27) Metaspace: 1781K(1856K)->1781K(1856K) NonClass: 1640K(1664K)->1640K(1664K) Class: 140K(192K)->140K(192K)
[2.500s][info][gc          ] GC(27) Pause Young (Normal) (G1 Evacuation Pause) 968M->207M(1377M) 9.495ms
[2.500s][info][gc,cpu      ] GC(27) User=0.02s Sys=0.00s Real=0.01s
[2.574s][info][gc,start    ] GC(28) Pause Young (Normal) (G1 Evacuation Pause)
[2.574s][info][gc,task     ] GC(28) Using 10 workers of 10 for evacuation
[2.583s][info][gc,phases   ] GC(28)   Pre Evacuate Collection Set: 0.2ms
[2.583s][info][gc,phases   ] GC(28)   Merge Heap Roots: 0.1ms
[2.583s][info][gc,phases   ] GC(28)   Evacuate Collection Set: 8.0ms
[2.583s][info][gc,phases   ] GC(28)   Post Evacuate Collection Set: 0.9ms
[2.583s][info][gc,phases   ] GC(28)   Other: 0.1ms
[2.583s][info][gc,heap     ] GC(28) Eden regions: 765->0(803)
[2.583s][info][gc,heap     ] GC(28) Survivor regions: 61->61(104)
[2.583s][info][gc,heap     ] GC(28) Old regions: 131->139
[2.583s][info][gc,heap     ] GC(28) Humongous regions: 16->16
[2.583s][info][gc,metaspace] GC(28) Metaspace: 1781K(1856K)->1781K(1856K) NonClass: 1640K(1664K)->1640K(1664K) Class: 140K(192K)->140K(192K)
[2.583s][info][gc          ] GC(28) Pause Young (Normal) (G1 Evacuation Pause) 972M->215M(1440M) 9.594ms
[2.583s][info][gc,cpu      ] GC(28) User=0.00s Sys=0.00s Real=0.01s
[2.664s][info][gc,start    ] GC(29) Pause Young (Normal) (G1 Evacuation Pause)
[2.664s][info][gc,task     ] GC(29) Using 10 workers of 10 for evacuation
[2.675s][info][gc,phases   ] GC(29)   Pre Evacuate Collection Set: 0.2ms
[2.675s][info][gc,phases   ] GC(29)   Merge Heap Roots: 0.1ms
[2.675s][info][gc,phases   ] GC(29)   Evacuate Collection Set: 9.8ms
[2.675s][info][gc,phases   ] GC(29)   Post Evacuate Collection Set: 0.8ms
[2.675s][info][gc,phases   ] GC(29)   Other: 0.2ms
[2.675s][info][gc,heap     ] GC(29) Eden regions: 803->0(801)
[2.675s][info][gc,heap     ] GC(29) Survivor regions: 61->63(108)
[2.675s][info][gc,heap     ] GC(29) Old regions: 139->146
[2.675s][info][gc,heap     ] GC(29) Humongous regions: 18->16
[2.675s][info][gc,metaspace] GC(29) Metaspace: 1782K(1856K)->1782K(1856K) NonClass: 1641K(1664K)->1641K(1664K) Class: 140K(192K)->140K(192K)
[2.676s][info][gc          ] GC(29) Pause Young (Normal) (G1 Evacuation Pause) 1020M->224M(1440M) 11.451ms
[2.676s][info][gc,cpu      ] GC(29) User=0.00s Sys=0.00s Real=0.01s
[2.753s][info][gc,start    ] GC(30) Pause Young (Normal) (G1 Evacuation Pause)
[2.753s][info][gc,task     ] GC(30) Using 10 workers of 10 for evacuation
[2.763s][info][gc,phases   ] GC(30)   Pre Evacuate Collection Set: 0.3ms
[2.763s][info][gc,phases   ] GC(30)   Merge Heap Roots: 0.2ms
[2.763s][info][gc,phases   ] GC(30)   Evacuate Collection Set: 8.4ms
[2.763s][info][gc,phases   ] GC(30)   Post Evacuate Collection Set: 0.7ms
[2.763s][info][gc,phases   ] GC(30)   Other: 0.1ms
[2.763s][info][gc,heap     ] GC(30) Eden regions: 801->0(798)
[2.763s][info][gc,heap     ] GC(30) Survivor regions: 63->66(108)
[2.763s][info][gc,heap     ] GC(30) Old regions: 146->153
[2.763s][info][gc,heap     ] GC(30) Humongous regions: 19->16
[2.763s][info][gc,metaspace] GC(30) Metaspace: 1784K(1856K)->1784K(1856K) NonClass: 1644K(1664K)->1644K(1664K) Class: 140K(192K)->140K(192K)
[2.763s][info][gc          ] GC(30) Pause Young (Normal) (G1 Evacuation Pause) 1028M->234M(1440M) 9.894ms
[2.763s][info][gc,cpu      ] GC(30) User=0.02s Sys=0.00s Real=0.01s
[2.840s][info][gc,start    ] GC(31) Pause Young (Normal) (G1 Evacuation Pause)
[2.840s][info][gc,task     ] GC(31) Using 10 workers of 10 for evacuation
[2.850s][info][gc,phases   ] GC(31)   Pre Evacuate Collection Set: 0.2ms
[2.850s][info][gc,phases   ] GC(31)   Merge Heap Roots: 0.1ms
[2.850s][info][gc,phases   ] GC(31)   Evacuate Collection Set: 8.7ms
[2.850s][info][gc,phases   ] GC(31)   Post Evacuate Collection Set: 0.9ms
[2.850s][info][gc,phases   ] GC(31)   Other: 0.1ms
[2.850s][info][gc,heap     ] GC(31) Eden regions: 798->0(794)
[2.850s][info][gc,heap     ] GC(31) Survivor regions: 66->70(108)
[2.850s][info][gc,heap     ] GC(31) Old regions: 153->158
[2.850s][info][gc,heap     ] GC(31) Humongous regions: 19->16
[2.850s][info][gc,metaspace] GC(31) Metaspace: 1784K(1856K)->1784K(1856K) NonClass: 1644K(1664K)->1644K(1664K) Class: 140K(192K)->140K(192K)
[2.851s][info][gc          ] GC(31) Pause Young (Normal) (G1 Evacuation Pause) 1035M->243M(1440M) 10.433ms
[2.851s][info][gc,cpu      ] GC(31) User=0.09s Sys=0.02s Real=0.01s
[2.927s][info][gc,start    ] GC(32) Pause Young (Normal) (G1 Evacuation Pause)
[2.927s][info][gc,task     ] GC(32) Using 10 workers of 10 for evacuation
[2.939s][info][gc,phases   ] GC(32)   Pre Evacuate Collection Set: 0.3ms
[2.939s][info][gc,phases   ] GC(32)   Merge Heap Roots: 0.2ms
[2.939s][info][gc,phases   ] GC(32)   Evacuate Collection Set: 9.9ms
[2.939s][info][gc,phases   ] GC(32)   Post Evacuate Collection Set: 1.1ms
[2.939s][info][gc,phases   ] GC(32)   Other: 0.1ms
[2.939s][info][gc,heap     ] GC(32) Eden regions: 794->0(835)
[2.939s][info][gc,heap     ] GC(32) Survivor regions: 70->64(108)
[2.939s][info][gc,heap     ] GC(32) Old regions: 158->176
[2.939s][info][gc,heap     ] GC(32) Humongous regions: 19->16
[2.939s][info][gc,metaspace] GC(32) Metaspace: 1787K(1856K)->1787K(1856K) NonClass: 1646K(1664K)->1646K(1664K) Class: 140K(192K)->140K(192K)
[2.939s][info][gc          ] GC(32) Pause Young (Normal) (G1 Evacuation Pause) 1040M->255M(1499M) 11.983ms
[2.939s][info][gc,cpu      ] GC(32) User=0.02s Sys=0.00s Real=0.01s
[3.024s][info][gc,start    ] GC(33) Pause Young (Normal) (G1 Evacuation Pause)
[3.024s][info][gc,task     ] GC(33) Using 10 workers of 10 for evacuation
[3.034s][info][gc,phases   ] GC(33)   Pre Evacuate Collection Set: 0.2ms
[3.034s][info][gc,phases   ] GC(33)   Merge Heap Roots: 0.2ms
[3.034s][info][gc,phases   ] GC(33)   Evacuate Collection Set: 9.2ms
[3.034s][info][gc,phases   ] GC(33)   Post Evacuate Collection Set: 0.7ms
[3.034s][info][gc,phases   ] GC(33)   Other: 0.2ms
[3.034s][info][gc,heap     ] GC(33) Eden regions: 835->0(824)
[3.034s][info][gc,heap     ] GC(33) Survivor regions: 64->75(113)
[3.034s][info][gc,heap     ] GC(33) Old regions: 176->176
[3.034s][info][gc,heap     ] GC(33) Humongous regions: 20->16
[3.034s][info][gc,metaspace] GC(33) Metaspace: 1787K(1856K)->1787K(1856K) NonClass: 1646K(1664K)->1646K(1664K) Class: 140K(192K)->140K(192K)
[3.034s][info][gc          ] GC(33) Pause Young (Normal) (G1 Evacuation Pause) 1094M->265M(1499M) 10.777ms
[3.034s][info][gc,cpu      ] GC(33) User=0.00s Sys=0.00s Real=0.01s
[3.114s][info][gc,start    ] GC(34) Pause Young (Normal) (G1 Evacuation Pause)
[3.114s][info][gc,task     ] GC(34) Using 10 workers of 10 for evacuation
[3.125s][info][gc,phases   ] GC(34)   Pre Evacuate Collection Set: 0.2ms
[3.125s][info][gc,phases   ] GC(34)   Merge Heap Roots: 0.1ms
[3.125s][info][gc,phases   ] GC(34)   Evacuate Collection Set: 10.0ms
[3.125s][info][gc,phases   ] GC(34)   Post Evacuate Collection Set: 0.6ms
[3.125s][info][gc,phases   ] GC(34)   Other: 0.1ms
[3.125s][info][gc,heap     ] GC(34) Eden regions: 824->0(830)
[3.125s][info][gc,heap     ] GC(34) Survivor regions: 75->69(113)
[3.125s][info][gc,heap     ] GC(34) Old regions: 176->189
[3.125s][info][gc,heap     ] GC(34) Humongous regions: 19->16
[3.125s][info][gc,metaspace] GC(34) Metaspace: 1787K(1856K)->1787K(1856K) NonClass: 1646K(1664K)->1646K(1664K) Class: 140K(192K)->140K(192K)
[3.125s][info][gc          ] GC(34) Pause Young (Normal) (G1 Evacuation Pause) 1092M->272M(1499M) 11.511ms
[3.125s][info][gc,cpu      ] GC(34) User=0.02s Sys=0.00s Real=0.01s
[3.208s][info][gc,start    ] GC(35) Pause Young (Normal) (G1 Evacuation Pause)
[3.208s][info][gc,task     ] GC(35) Using 10 workers of 10 for evacuation
[3.218s][info][gc,phases   ] GC(35)   Pre Evacuate Collection Set: 0.2ms
[3.218s][info][gc,phases   ] GC(35)   Merge Heap Roots: 0.1ms
[3.218s][info][gc,phases   ] GC(35)   Evacuate Collection Set: 8.4ms
[3.218s][info][gc,phases   ] GC(35)   Post Evacuate Collection Set: 0.8ms
[3.218s][info][gc,phases   ] GC(35)   Other: 0.2ms
[3.218s][info][gc,heap     ] GC(35) Eden regions: 830->0(833)
[3.218s][info][gc,heap     ] GC(35) Survivor regions: 69->66(113)
[3.218s][info][gc,heap     ] GC(35) Old regions: 189->197
[3.218s][info][gc,heap     ] GC(35) Humongous regions: 23->17
[3.218s][info][gc,metaspace] GC(35) Metaspace: 1787K(1856K)->1787K(1856K) NonClass: 1646K(1664K)->1646K(1664K) Class: 140K(192K)->140K(192K)
[3.218s][info][gc          ] GC(35) Pause Young (Normal) (G1 Evacuation Pause) 1109M->279M(1499M) 10.066ms
[3.218s][info][gc,cpu      ] GC(35) User=0.02s Sys=0.00s Real=0.01s
[3.301s][info][gc,start    ] GC(36) Pause Young (Normal) (G1 Evacuation Pause)
[3.301s][info][gc,task     ] GC(36) Using 10 workers of 10 for evacuation
[3.313s][info][gc,phases   ] GC(36)   Pre Evacuate Collection Set: 0.3ms
[3.313s][info][gc,phases   ] GC(36)   Merge Heap Roots: 0.2ms
[3.313s][info][gc,phases   ] GC(36)   Evacuate Collection Set: 9.1ms
[3.313s][info][gc,phases   ] GC(36)   Post Evacuate Collection Set: 1.5ms
[3.313s][info][gc,phases   ] GC(36)   Other: 0.1ms
[3.313s][info][gc,heap     ] GC(36) Eden regions: 833->0(871)
[3.313s][info][gc,heap     ] GC(36) Survivor regions: 66->62(113)
[3.313s][info][gc,heap     ] GC(36) Old regions: 197->208
[3.313s][info][gc,heap     ] GC(36) Humongous regions: 26->18
[3.313s][info][gc,metaspace] GC(36) Metaspace: 1788K(1856K)->1788K(1856K) NonClass: 1647K(1664K)->1647K(1664K) Class: 140K(192K)->140K(192K)
[3.313s][info][gc          ] GC(36) Pause Young (Normal) (G1 Evacuation Pause) 1121M->286M(1556M) 11.502ms
[3.313s][info][gc,cpu      ] GC(36) User=0.02s Sys=0.00s Real=0.01s
[3.403s][info][gc,start    ] GC(37) Pause Young (Normal) (G1 Evacuation Pause)
[3.403s][info][gc,task     ] GC(37) Using 10 workers of 10 for evacuation
[3.414s][info][gc,phases   ] GC(37)   Pre Evacuate Collection Set: 0.2ms
[3.414s][info][gc,phases   ] GC(37)   Merge Heap Roots: 0.2ms
[3.414s][info][gc,phases   ] GC(37)   Evacuate Collection Set: 9.0ms
[3.414s][info][gc,phases   ] GC(37)   Post Evacuate Collection Set: 0.7ms
[3.414s][info][gc,phases   ] GC(37)   Other: 0.1ms
[3.414s][info][gc,heap     ] GC(37) Eden regions: 871->0(861)
[3.414s][info][gc,heap     ] GC(37) Survivor regions: 62->72(117)
[3.414s][info][gc,heap     ] GC(37) Old regions: 208->208
[3.414s][info][gc,heap     ] GC(37) Humongous regions: 27->23
[3.414s][info][gc,metaspace] GC(37) Metaspace: 1788K(1856K)->1788K(1856K) NonClass: 1647K(1664K)->1647K(1664K) Class: 140K(192K)->140K(192K)
[3.414s][info][gc          ] GC(37) Pause Young (Normal) (G1 Evacuation Pause) 1166M->301M(1556M) 10.434ms
[3.414s][info][gc,cpu      ] GC(37) User=0.02s Sys=0.00s Real=0.01s
[3.500s][info][gc,start    ] GC(38) Pause Young (Normal) (G1 Evacuation Pause)
[3.501s][info][gc,task     ] GC(38) Using 10 workers of 10 for evacuation
[3.514s][info][gc,phases   ] GC(38)   Pre Evacuate Collection Set: 0.3ms
[3.514s][info][gc,phases   ] GC(38)   Merge Heap Roots: 0.2ms
[3.514s][info][gc,phases   ] GC(38)   Evacuate Collection Set: 10.8ms
[3.514s][info][gc,phases   ] GC(38)   Post Evacuate Collection Set: 0.8ms
[3.514s][info][gc,phases   ] GC(38)   Other: 1.0ms
[3.514s][info][gc,heap     ] GC(38) Eden regions: 861->0(859)
[3.514s][info][gc,heap     ] GC(38) Survivor regions: 72->74(117)
[3.514s][info][gc,heap     ] GC(38) Old regions: 208->216
[3.514s][info][gc,heap     ] GC(38) Humongous regions: 32->23
[3.514s][info][gc,metaspace] GC(38) Metaspace: 1788K(1856K)->1788K(1856K) NonClass: 1647K(1664K)->1647K(1664K) Class: 140K(192K)->140K(192K)
[3.514s][info][gc          ] GC(38) Pause Young (Normal) (G1 Evacuation Pause) 1171M->312M(1556M) 13.544ms
[3.514s][info][gc,cpu      ] GC(38) User=0.03s Sys=0.02s Real=0.01s
[3.597s][info][gc,start    ] GC(39) Pause Young (Normal) (G1 Evacuation Pause)
[3.597s][info][gc,task     ] GC(39) Using 10 workers of 10 for evacuation
[3.609s][info][gc,phases   ] GC(39)   Pre Evacuate Collection Set: 0.2ms
[3.609s][info][gc,phases   ] GC(39)   Merge Heap Roots: 0.2ms
[3.609s][info][gc,phases   ] GC(39)   Evacuate Collection Set: 11.0ms
[3.609s][info][gc,phases   ] GC(39)   Post Evacuate Collection Set: 0.7ms
[3.609s][info][gc,phases   ] GC(39)   Other: 0.1ms
[3.609s][info][gc,heap     ] GC(39) Eden regions: 859->0(860)
[3.609s][info][gc,heap     ] GC(39) Survivor regions: 74->73(117)
[3.609s][info][gc,heap     ] GC(39) Old regions: 216->226
[3.609s][info][gc,heap     ] GC(39) Humongous regions: 27->23
[3.609s][info][gc,metaspace] GC(39) Metaspace: 1788K(1856K)->1788K(1856K) NonClass: 1647K(1664K)->1647K(1664K) Class: 140K(192K)->140K(192K)
[3.610s][info][gc          ] GC(39) Pause Young (Normal) (G1 Evacuation Pause) 1175M->321M(1556M) 12.458ms
[3.610s][info][gc,cpu      ] GC(39) User=0.02s Sys=0.00s Real=0.01s
[3.693s][info][gc,start    ] GC(40) Pause Young (Normal) (G1 Evacuation Pause)
[3.693s][info][gc,task     ] GC(40) Using 10 workers of 10 for evacuation
[3.706s][info][gc,phases   ] GC(40)   Pre Evacuate Collection Set: 0.3ms
[3.706s][info][gc,phases   ] GC(40)   Merge Heap Roots: 0.2ms
[3.706s][info][gc,phases   ] GC(40)   Evacuate Collection Set: 11.4ms
[3.706s][info][gc,phases   ] GC(40)   Post Evacuate Collection Set: 1.4ms
[3.706s][info][gc,phases   ] GC(40)   Other: 0.1ms
[3.706s][info][gc,heap     ] GC(40) Eden regions: 860->0(892)
[3.706s][info][gc,heap     ] GC(40) Survivor regions: 73->74(117)
[3.706s][info][gc,heap     ] GC(40) Old regions: 226->237
[3.706s][info][gc,heap     ] GC(40) Humongous regions: 26->23
[3.706s][info][gc,metaspace] GC(40) Metaspace: 1788K(1856K)->1788K(1856K) NonClass: 1647K(1664K)->1647K(1664K) Class: 140K(192K)->140K(192K)
[3.706s][info][gc          ] GC(40) Pause Young (Normal) (G1 Evacuation Pause) 1184M->332M(1610M) 13.673ms
[3.706s][info][gc,cpu      ] GC(40) User=0.03s Sys=0.00s Real=0.01s
[3.799s][info][gc,start    ] GC(41) Pause Young (Normal) (G1 Evacuation Pause)
[3.799s][info][gc,task     ] GC(41) Using 10 workers of 10 for evacuation
[3.810s][info][gc,phases   ] GC(41)   Pre Evacuate Collection Set: 0.3ms
[3.810s][info][gc,phases   ] GC(41)   Merge Heap Roots: 0.1ms
[3.810s][info][gc,phases   ] GC(41)   Evacuate Collection Set: 9.8ms
[3.810s][info][gc,phases   ] GC(41)   Post Evacuate Collection Set: 0.7ms
[3.810s][info][gc,phases   ] GC(41)   Other: 0.2ms
[3.810s][info][gc,heap     ] GC(41) Eden regions: 892->0(894)
[3.810s][info][gc,heap     ] GC(41) Survivor regions: 74->72(121)
[3.810s][info][gc,heap     ] GC(41) Old regions: 237->249
[3.810s][info][gc,heap     ] GC(41) Humongous regions: 28->24
[3.810s][info][gc,metaspace] GC(41) Metaspace: 1788K(1856K)->1788K(1856K) NonClass: 1647K(1664K)->1647K(1664K) Class: 140K(192K)->140K(192K)
[3.810s][info][gc          ] GC(41) Pause Young (Normal) (G1 Evacuation Pause) 1229M->343M(1610M) 11.296ms
[3.810s][info][gc,cpu      ] GC(41) User=0.02s Sys=0.00s Real=0.01s
[3.897s][info][gc,start    ] GC(42) Pause Young (Normal) (G1 Evacuation Pause)
[3.897s][info][gc,task     ] GC(42) Using 10 workers of 10 for evacuation
[3.907s][info][gc,phases   ] GC(42)   Pre Evacuate Collection Set: 0.3ms
[3.908s][info][gc,phases   ] GC(42)   Merge Heap Roots: 0.1ms
[3.908s][info][gc,phases   ] GC(42)   Evacuate Collection Set: 9.5ms
[3.908s][info][gc,phases   ] GC(42)   Post Evacuate Collection Set: 0.7ms
[3.908s][info][gc,phases   ] GC(42)   Other: 0.1ms
[3.908s][info][gc,heap     ] GC(42) Eden regions: 894->0(895)
[3.908s][info][gc,heap     ] GC(42) Survivor regions: 72->71(121)
[3.908s][info][gc,heap     ] GC(42) Old regions: 249->257
[3.908s][info][gc,heap     ] GC(42) Humongous regions: 25->24
[3.908s][info][gc,metaspace] GC(42) Metaspace: 1790K(1920K)->1790K(1920K) NonClass: 1649K(1728K)->1649K(1728K) Class: 140K(192K)->140K(192K)
[3.908s][info][gc          ] GC(42) Pause Young (Normal) (G1 Evacuation Pause) 1238M->350M(1610M) 11.076ms
[3.908s][info][gc,cpu      ] GC(42) User=0.03s Sys=0.00s Real=0.01s
[3.994s][info][gc,start    ] GC(43) Pause Young (Normal) (G1 Evacuation Pause)
[3.994s][info][gc,task     ] GC(43) Using 10 workers of 10 for evacuation
[4.005s][info][gc,phases   ] GC(43)   Pre Evacuate Collection Set: 0.3ms
[4.005s][info][gc,phases   ] GC(43)   Merge Heap Roots: 0.1ms
[4.005s][info][gc,phases   ] GC(43)   Evacuate Collection Set: 9.5ms
[4.005s][info][gc,phases   ] GC(43)   Post Evacuate Collection Set: 0.6ms
[4.005s][info][gc,phases   ] GC(43)   Other: 0.1ms
[4.005s][info][gc,heap     ] GC(43) Eden regions: 895->0(890)
[4.005s][info][gc,heap     ] GC(43) Survivor regions: 71->76(121)
[4.005s][info][gc,heap     ] GC(43) Old regions: 257->262
[4.005s][info][gc,heap     ] GC(43) Humongous regions: 27->24
[4.005s][info][gc,metaspace] GC(43) Metaspace: 1799K(1920K)->1799K(1920K) NonClass: 1658K(1728K)->1658K(1728K) Class: 140K(192K)->140K(192K)
[4.005s][info][gc          ] GC(43) Pause Young (Normal) (G1 Evacuation Pause) 1248M->361M(1610M) 10.976ms
[4.005s][info][gc,cpu      ] GC(43) User=0.00s Sys=0.00s Real=0.01s
[4.090s][info][gc,start    ] GC(44) Pause Young (Normal) (G1 Evacuation Pause)
[4.091s][info][gc,task     ] GC(44) Using 10 workers of 10 for evacuation
[4.102s][info][gc,phases   ] GC(44)   Pre Evacuate Collection Set: 0.2ms
[4.102s][info][gc,phases   ] GC(44)   Merge Heap Roots: 0.1ms
[4.102s][info][gc,phases   ] GC(44)   Evacuate Collection Set: 10.0ms
[4.102s][info][gc,phases   ] GC(44)   Post Evacuate Collection Set: 0.9ms
[4.102s][info][gc,phases   ] GC(44)   Other: 0.1ms
[4.102s][info][gc,heap     ] GC(44) Eden regions: 890->0(922)
[4.102s][info][gc,heap     ] GC(44) Survivor regions: 76->70(121)
[4.102s][info][gc,heap     ] GC(44) Old regions: 262->280
[4.102s][info][gc,heap     ] GC(44) Humongous regions: 29->24
[4.102s][info][gc,metaspace] GC(44) Metaspace: 1799K(1920K)->1799K(1920K) NonClass: 1658K(1728K)->1658K(1728K) Class: 140K(192K)->140K(192K)
[4.102s][info][gc          ] GC(44) Pause Young (Normal) (G1 Evacuation Pause) 1256M->373M(1654M) 11.570ms
[4.102s][info][gc,cpu      ] GC(44) User=0.02s Sys=0.00s Real=0.01s
[4.192s][info][gc,start    ] GC(45) Pause Young (Normal) (G1 Evacuation Pause)
[4.192s][info][gc,task     ] GC(45) Using 10 workers of 10 for evacuation
[4.202s][info][gc,phases   ] GC(45)   Pre Evacuate Collection Set: 0.3ms
[4.202s][info][gc,phases   ] GC(45)   Merge Heap Roots: 0.1ms
[4.202s][info][gc,phases   ] GC(45)   Evacuate Collection Set: 8.8ms
[4.202s][info][gc,phases   ] GC(45)   Post Evacuate Collection Set: 0.6ms
[4.202s][info][gc,phases   ] GC(45)   Other: 0.1ms
[4.202s][info][gc,heap     ] GC(45) Eden regions: 922->0(921)
[4.202s][info][gc,heap     ] GC(45) Survivor regions: 70->71(124)
[4.202s][info][gc,heap     ] GC(45) Old regions: 280->289
[4.202s][info][gc,heap     ] GC(45) Humongous regions: 27->24
[4.202s][info][gc,metaspace] GC(45) Metaspace: 1809K(1920K)->1809K(1920K) NonClass: 1667K(1728K)->1667K(1728K) Class: 141K(192K)->141K(192K)
[4.202s][info][gc          ] GC(45) Pause Young (Normal) (G1 Evacuation Pause) 1298M->383M(1654M) 10.193ms
[4.202s][info][gc,cpu      ] GC(45) User=0.02s Sys=0.00s Real=0.01s
[4.292s][info][gc,start    ] GC(46) Pause Young (Normal) (G1 Evacuation Pause)
[4.293s][info][gc,task     ] GC(46) Using 10 workers of 10 for evacuation
[4.303s][info][gc,phases   ] GC(46)   Pre Evacuate Collection Set: 0.2ms
[4.303s][info][gc,phases   ] GC(46)   Merge Heap Roots: 0.1ms
[4.303s][info][gc,phases   ] GC(46)   Evacuate Collection Set: 9.0ms
[4.303s][info][gc,phases   ] GC(46)   Post Evacuate Collection Set: 0.6ms
[4.303s][info][gc,phases   ] GC(46)   Other: 0.1ms
[4.303s][info][gc,heap     ] GC(46) Eden regions: 921->0(924)
[4.303s][info][gc,heap     ] GC(46) Survivor regions: 71->68(124)
[4.303s][info][gc,heap     ] GC(46) Old regions: 289->300
[4.303s][info][gc,heap     ] GC(46) Humongous regions: 30->25
[4.303s][info][gc,metaspace] GC(46) Metaspace: 1809K(1920K)->1809K(1920K) NonClass: 1667K(1728K)->1667K(1728K) Class: 141K(192K)->141K(192K)
[4.303s][info][gc          ] GC(46) Pause Young (Normal) (G1 Evacuation Pause) 1310M->392M(1654M) 10.401ms
[4.303s][info][gc,cpu      ] GC(46) User=0.00s Sys=0.00s Real=0.01s
[4.392s][info][gc,start    ] GC(47) Pause Young (Normal) (G1 Evacuation Pause)
[4.392s][info][gc,task     ] GC(47) Using 10 workers of 10 for evacuation
[4.402s][info][gc,phases   ] GC(47)   Pre Evacuate Collection Set: 0.3ms
[4.402s][info][gc,phases   ] GC(47)   Merge Heap Roots: 0.1ms
[4.402s][info][gc,phases   ] GC(47)   Evacuate Collection Set: 8.7ms
[4.402s][info][gc,phases   ] GC(47)   Post Evacuate Collection Set: 0.6ms
[4.402s][info][gc,phases   ] GC(47)   Other: 0.2ms
[4.402s][info][gc,heap     ] GC(47) Eden regions: 924->0(922)
[4.402s][info][gc,heap     ] GC(47) Survivor regions: 68->70(124)
[4.402s][info][gc,heap     ] GC(47) Old regions: 300->310
[4.402s][info][gc,heap     ] GC(47) Humongous regions: 29->25
[4.402s][info][gc,metaspace] GC(47) Metaspace: 1809K(1920K)->1809K(1920K) NonClass: 1667K(1728K)->1667K(1728K) Class: 141K(192K)->141K(192K)
[4.402s][info][gc          ] GC(47) Pause Young (Normal) (G1 Evacuation Pause) 1320M->404M(1654M) 10.238ms
[4.402s][info][gc,cpu      ] GC(47) User=0.06s Sys=0.00s Real=0.01s
[4.490s][info][gc,start    ] GC(48) Pause Young (Normal) (G1 Evacuation Pause)
[4.490s][info][gc,task     ] GC(48) Using 10 workers of 10 for evacuation
[4.501s][info][gc,phases   ] GC(48)   Pre Evacuate Collection Set: 0.3ms
[4.501s][info][gc,phases   ] GC(48)   Merge Heap Roots: 0.1ms
[4.501s][info][gc,phases   ] GC(48)   Evacuate Collection Set: 8.8ms
[4.501s][info][gc,phases   ] GC(48)   Post Evacuate Collection Set: 0.9ms
[4.501s][info][gc,phases   ] GC(48)   Other: 0.1ms
[4.501s][info][gc,heap     ] GC(48) Eden regions: 922->0(930)
[4.501s][info][gc,heap     ] GC(48) Survivor regions: 70->79(124)
[4.501s][info][gc,heap     ] GC(48) Old regions: 310->310
[4.501s][info][gc,heap     ] GC(48) Humongous regions: 26->25
[4.501s][info][gc,metaspace] GC(48) Metaspace: 1809K(1920K)->1809K(1920K) NonClass: 1667K(1728K)->1667K(1728K) Class: 141K(192K)->141K(192K)
[4.501s][info][gc          ] GC(48) Pause Young (Normal) (G1 Evacuation Pause) 1327M->413M(1682M) 10.473ms
[4.501s][info][gc,cpu      ] GC(48) User=0.03s Sys=0.00s Real=0.01s
[4.592s][info][gc,start    ] GC(49) Pause Young (Normal) (G1 Evacuation Pause)
[4.592s][info][gc,task     ] GC(49) Using 10 workers of 10 for evacuation
[4.603s][info][gc,phases   ] GC(49)   Pre Evacuate Collection Set: 0.3ms
[4.603s][info][gc,phases   ] GC(49)   Merge Heap Roots: 0.1ms
[4.603s][info][gc,phases   ] GC(49)   Evacuate Collection Set: 9.7ms
[4.603s][info][gc,phases   ] GC(49)   Post Evacuate Collection Set: 0.7ms
[4.603s][info][gc,phases   ] GC(49)   Other: 0.2ms
[4.603s][info][gc,heap     ] GC(49) Eden regions: 930->0(935)
[4.603s][info][gc,heap     ] GC(49) Survivor regions: 79->74(127)
[4.603s][info][gc,heap     ] GC(49) Old regions: 310->320
[4.603s][info][gc,heap     ] GC(49) Humongous regions: 28->26
[4.603s][info][gc,metaspace] GC(49) Metaspace: 1809K(1920K)->1809K(1920K) NonClass: 1667K(1728K)->1667K(1728K) Class: 141K(192K)->141K(192K)
[4.603s][info][gc          ] GC(49) Pause Young (Normal) (G1 Evacuation Pause) 1346M->418M(1682M) 11.611ms
[4.603s][info][gc,cpu      ] GC(49) User=0.06s Sys=0.02s Real=0.01s
[4.693s][info][gc,start    ] GC(50) Pause Young (Normal) (G1 Evacuation Pause)
[4.693s][info][gc,task     ] GC(50) Using 10 workers of 10 for evacuation
[4.704s][info][gc,phases   ] GC(50)   Pre Evacuate Collection Set: 0.3ms
[4.704s][info][gc,phases   ] GC(50)   Merge Heap Roots: 0.1ms
[4.704s][info][gc,phases   ] GC(50)   Evacuate Collection Set: 9.8ms
[4.704s][info][gc,phases   ] GC(50)   Post Evacuate Collection Set: 0.6ms
[4.704s][info][gc,phases   ] GC(50)   Other: 0.1ms
[4.704s][info][gc,heap     ] GC(50) Eden regions: 935->0(930)
[4.704s][info][gc,heap     ] GC(50) Survivor regions: 74->79(127)
[4.704s][info][gc,heap     ] GC(50) Old regions: 320->328
[4.704s][info][gc,heap     ] GC(50) Humongous regions: 28->26
[4.704s][info][gc,metaspace] GC(50) Metaspace: 1811K(1920K)->1811K(1920K) NonClass: 1669K(1728K)->1669K(1728K) Class: 141K(192K)->141K(192K)
[4.705s][info][gc          ] GC(50) Pause Young (Normal) (G1 Evacuation Pause) 1355M->432M(1682M) 11.366ms
[4.705s][info][gc,cpu      ] GC(50) User=0.02s Sys=0.00s Real=0.01s
[4.794s][info][gc,start    ] GC(51) Pause Young (Normal) (G1 Evacuation Pause)
[4.794s][info][gc,task     ] GC(51) Using 10 workers of 10 for evacuation
[4.805s][info][gc,phases   ] GC(51)   Pre Evacuate Collection Set: 0.3ms
[4.805s][info][gc,phases   ] GC(51)   Merge Heap Roots: 0.1ms
[4.805s][info][gc,phases   ] GC(51)   Evacuate Collection Set: 9.8ms
[4.805s][info][gc,phases   ] GC(51)   Post Evacuate Collection Set: 0.6ms
[4.805s][info][gc,phases   ] GC(51)   Other: 0.1ms
[4.805s][info][gc,heap     ] GC(51) Eden regions: 930->0(929)
[4.805s][info][gc,heap     ] GC(51) Survivor regions: 79->80(127)
[4.805s][info][gc,heap     ] GC(51) Old regions: 328->338
[4.805s][info][gc,heap     ] GC(51) Humongous regions: 30->26
[4.805s][info][gc,metaspace] GC(51) Metaspace: 1811K(1920K)->1811K(1920K) NonClass: 1669K(1728K)->1669K(1728K) Class: 141K(192K)->141K(192K)
[4.805s][info][gc          ] GC(51) Pause Young (Normal) (G1 Evacuation Pause) 1366M->442M(1682M) 11.298ms
[4.805s][info][gc,cpu      ] GC(51) User=0.02s Sys=0.00s Real=0.01s
[4.896s][info][gc,start    ] GC(52) Pause Young (Normal) (G1 Evacuation Pause)
[4.896s][info][gc,task     ] GC(52) Using 10 workers of 10 for evacuation
[4.906s][info][gc,phases   ] GC(52)   Pre Evacuate Collection Set: 0.3ms
[4.906s][info][gc,phases   ] GC(52)   Merge Heap Roots: 0.1ms
[4.906s][info][gc,phases   ] GC(52)   Evacuate Collection Set: 9.1ms
[4.906s][info][gc,phases   ] GC(52)   Post Evacuate Collection Set: 0.8ms
[4.906s][info][gc,phases   ] GC(52)   Other: 0.1ms
[4.906s][info][gc,heap     ] GC(52) Eden regions: 929->0(949)
[4.906s][info][gc,heap     ] GC(52) Survivor regions: 80->77(127)
[4.906s][info][gc,heap     ] GC(52) Old regions: 338->349
[4.906s][info][gc,heap     ] GC(52) Humongous regions: 30->26
[4.906s][info][gc,metaspace] GC(52) Metaspace: 1811K(1920K)->1811K(1920K) NonClass: 1669K(1728K)->1669K(1728K) Class: 141K(192K)->141K(192K)
[4.906s][info][gc          ] GC(52) Pause Young (Normal) (G1 Evacuation Pause) 1375M->451M(1711M) 10.672ms
[4.906s][info][gc,cpu      ] GC(52) User=0.02s Sys=0.00s Real=0.01s
[4.999s][info][gc,start    ] GC(53) Pause Young (Normal) (G1 Evacuation Pause)
[4.999s][info][gc,task     ] GC(53) Using 10 workers of 10 for evacuation
[5.009s][info][gc,phases   ] GC(53)   Pre Evacuate Collection Set: 0.3ms
[5.009s][info][gc,phases   ] GC(53)   Merge Heap Roots: 0.2ms
[5.009s][info][gc,phases   ] GC(53)   Evacuate Collection Set: 8.9ms
[5.009s][info][gc,phases   ] GC(53)   Post Evacuate Collection Set: 0.6ms
[5.009s][info][gc,phases   ] GC(53)   Other: 0.1ms
[5.009s][info][gc,heap     ] GC(53) Eden regions: 949->0(949)
[5.009s][info][gc,heap     ] GC(53) Survivor regions: 77->77(129)
[5.009s][info][gc,heap     ] GC(53) Old regions: 349->358
[5.009s][info][gc,heap     ] GC(53) Humongous regions: 31->27
[5.009s][info][gc,metaspace] GC(53) Metaspace: 1828K(1920K)->1828K(1920K) NonClass: 1686K(1728K)->1686K(1728K) Class: 141K(192K)->141K(192K)
[5.009s][info][gc          ] GC(53) Pause Young (Normal) (G1 Evacuation Pause) 1405M->461M(1711M) 10.368ms
[5.009s][info][gc,cpu      ] GC(53) User=0.02s Sys=0.00s Real=0.01s
[5.101s][info][gc,start    ] GC(54) Pause Young (Normal) (G1 Evacuation Pause)
[5.101s][info][gc,task     ] GC(54) Using 10 workers of 10 for evacuation
[5.111s][info][gc,phases   ] GC(54)   Pre Evacuate Collection Set: 0.2ms
[5.112s][info][gc,phases   ] GC(54)   Merge Heap Roots: 0.1ms
[5.112s][info][gc,phases   ] GC(54)   Evacuate Collection Set: 9.5ms
[5.112s][info][gc,phases   ] GC(54)   Post Evacuate Collection Set: 0.9ms
[5.112s][info][gc,phases   ] GC(54)   Other: 0.1ms
[5.112s][info][gc,heap     ] GC(54) Eden regions: 949->0(949)
[5.112s][info][gc,heap     ] GC(54) Survivor regions: 77->77(129)
[5.112s][info][gc,heap     ] GC(54) Old regions: 358->367
[5.112s][info][gc,heap     ] GC(54) Humongous regions: 32->28
[5.112s][info][gc,metaspace] GC(54) Metaspace: 1828K(1920K)->1828K(1920K) NonClass: 1686K(1728K)->1686K(1728K) Class: 141K(192K)->141K(192K)
[5.112s][info][gc          ] GC(54) Pause Young (Normal) (G1 Evacuation Pause) 1415M->471M(1711M) 11.255ms
[5.112s][info][gc,cpu      ] GC(54) User=0.00s Sys=0.00s Real=0.01s
[5.204s][info][gc,start    ] GC(55) Pause Young (Normal) (G1 Evacuation Pause)
[5.204s][info][gc,task     ] GC(55) Using 10 workers of 10 for evacuation
[5.214s][info][gc,phases   ] GC(55)   Pre Evacuate Collection Set: 0.2ms
[5.214s][info][gc,phases   ] GC(55)   Merge Heap Roots: 0.1ms
[5.214s][info][gc,phases   ] GC(55)   Evacuate Collection Set: 9.2ms
[5.214s][info][gc,phases   ] GC(55)   Post Evacuate Collection Set: 0.6ms
[5.214s][info][gc,phases   ] GC(55)   Other: 0.1ms
[5.214s][info][gc,heap     ] GC(55) Eden regions: 949->0(949)
[5.214s][info][gc,heap     ] GC(55) Survivor regions: 77->77(129)
[5.214s][info][gc,heap     ] GC(55) Old regions: 367->377
[5.214s][info][gc,heap     ] GC(55) Humongous regions: 34->30
[5.214s][info][gc,metaspace] GC(55) Metaspace: 1828K(1920K)->1828K(1920K) NonClass: 1686K(1728K)->1686K(1728K) Class: 141K(192K)->141K(192K)
[5.214s][info][gc          ] GC(55) Pause Young (Normal) (G1 Evacuation Pause) 1426M->482M(1711M) 10.542ms
[5.214s][info][gc,cpu      ] GC(55) User=0.02s Sys=0.00s Real=0.01s
[5.307s][info][gc,start    ] GC(56) Pause Young (Normal) (G1 Evacuation Pause)
[5.307s][info][gc,task     ] GC(56) Using 10 workers of 10 for evacuation
[5.318s][info][gc,phases   ] GC(56)   Pre Evacuate Collection Set: 0.3ms
[5.318s][info][gc,phases   ] GC(56)   Merge Heap Roots: 0.1ms
[5.318s][info][gc,phases   ] GC(56)   Evacuate Collection Set: 9.7ms
[5.318s][info][gc,phases   ] GC(56)   Post Evacuate Collection Set: 1.0ms
[5.318s][info][gc,phases   ] GC(56)   Other: 0.1ms
[5.318s][info][gc,heap     ] GC(56) Eden regions: 949->0(962)
[5.318s][info][gc,heap     ] GC(56) Survivor regions: 77->77(129)
[5.318s][info][gc,heap     ] GC(56) Old regions: 377->388
[5.318s][info][gc,heap     ] GC(56) Humongous regions: 38->32
[5.318s][info][gc,metaspace] GC(56) Metaspace: 1828K(1920K)->1828K(1920K) NonClass: 1686K(1728K)->1686K(1728K) Class: 141K(192K)->141K(192K)
[5.319s][info][gc          ] GC(56) Pause Young (Normal) (G1 Evacuation Pause) 1439M->496M(1733M) 11.544ms
[5.319s][info][gc,cpu      ] GC(56) User=0.00s Sys=0.00s Real=0.01s
[5.413s][info][gc,start    ] GC(57) Pause Young (Normal) (G1 Evacuation Pause)
[5.413s][info][gc,task     ] GC(57) Using 10 workers of 10 for evacuation
[5.424s][info][gc,phases   ] GC(57)   Pre Evacuate Collection Set: 0.3ms
[5.424s][info][gc,phases   ] GC(57)   Merge Heap Roots: 0.2ms
[5.424s][info][gc,phases   ] GC(57)   Evacuate Collection Set: 10.2ms
[5.424s][info][gc,phases   ] GC(57)   Post Evacuate Collection Set: 0.7ms
[5.424s][info][gc,phases   ] GC(57)   Other: 0.1ms
[5.425s][info][gc,heap     ] GC(57) Eden regions: 962->0(959)
[5.425s][info][gc,heap     ] GC(57) Survivor regions: 77->80(130)
[5.425s][info][gc,heap     ] GC(57) Old regions: 388->394
[5.425s][info][gc,heap     ] GC(57) Humongous regions: 33->31
[5.425s][info][gc,metaspace] GC(57) Metaspace: 1828K(1920K)->1828K(1920K) NonClass: 1686K(1728K)->1686K(1728K) Class: 141K(192K)->141K(192K)
[5.425s][info][gc          ] GC(57) Pause Young (Normal) (G1 Evacuation Pause) 1459M->503M(1733M) 11.774ms
[5.425s][info][gc,cpu      ] GC(57) User=0.00s Sys=0.00s Real=0.01s
[5.517s][info][gc,start    ] GC(58) Pause Young (Normal) (G1 Evacuation Pause)
[5.517s][info][gc,task     ] GC(58) Using 10 workers of 10 for evacuation
[5.528s][info][gc,phases   ] GC(58)   Pre Evacuate Collection Set: 0.3ms
[5.528s][info][gc,phases   ] GC(58)   Merge Heap Roots: 0.2ms
[5.528s][info][gc,phases   ] GC(58)   Evacuate Collection Set: 9.9ms
[5.528s][info][gc,phases   ] GC(58)   Post Evacuate Collection Set: 0.6ms
[5.528s][info][gc,phases   ] GC(58)   Other: 0.1ms
[5.528s][info][gc,heap     ] GC(58) Eden regions: 959->0(960)
[5.528s][info][gc,heap     ] GC(58) Survivor regions: 80->79(130)
[5.528s][info][gc,heap     ] GC(58) Old regions: 394->406
[5.528s][info][gc,heap     ] GC(58) Humongous regions: 36->31
[5.528s][info][gc,metaspace] GC(58) Metaspace: 1828K(1920K)->1828K(1920K) NonClass: 1686K(1728K)->1686K(1728K) Class: 141K(192K)->141K(192K)
[5.528s][info][gc          ] GC(58) Pause Young (Normal) (G1 Evacuation Pause) 1467M->514M(1733M) 11.293ms
[5.528s][info][gc,cpu      ] GC(58) User=0.02s Sys=0.00s Real=0.01s
[5.621s][info][gc,start    ] GC(59) Pause Young (Normal) (G1 Evacuation Pause)
[5.621s][info][gc,task     ] GC(59) Using 10 workers of 10 for evacuation
[5.633s][info][gc,phases   ] GC(59)   Pre Evacuate Collection Set: 0.3ms
[5.633s][info][gc,phases   ] GC(59)   Merge Heap Roots: 0.2ms
[5.633s][info][gc,phases   ] GC(59)   Evacuate Collection Set: 10.3ms
[5.633s][info][gc,phases   ] GC(59)   Post Evacuate Collection Set: 0.9ms
[5.633s][info][gc,phases   ] GC(59)   Other: 0.1ms
[5.633s][info][gc,heap     ] GC(59) Eden regions: 960->0(958)
[5.633s][info][gc,heap     ] GC(59) Survivor regions: 79->81(130)
[5.633s][info][gc,heap     ] GC(59) Old regions: 406->415
[5.633s][info][gc,heap     ] GC(59) Humongous regions: 38->32
[5.633s][info][gc,metaspace] GC(59) Metaspace: 1828K(1920K)->1828K(1920K) NonClass: 1686K(1728K)->1686K(1728K) Class: 141K(192K)->141K(192K)
[5.633s][info][gc          ] GC(59) Pause Young (Normal) (G1 Evacuation Pause) 1481M->527M(1733M) 12.098ms
[5.633s][info][gc,cpu      ] GC(59) User=0.02s Sys=0.00s Real=0.01s
[5.727s][info][gc,start    ] GC(60) Pause Young (Normal) (G1 Evacuation Pause)
[5.727s][info][gc,task     ] GC(60) Using 10 workers of 10 for evacuation
[5.738s][info][gc,phases   ] GC(60)   Pre Evacuate Collection Set: 0.3ms
[5.738s][info][gc,phases   ] GC(60)   Merge Heap Roots: 0.2ms
[5.738s][info][gc,phases   ] GC(60)   Evacuate Collection Set: 9.8ms
[5.738s][info][gc,phases   ] GC(60)   Post Evacuate Collection Set: 0.8ms
[5.738s][info][gc,phases   ] GC(60)   Other: 0.1ms
[5.738s][info][gc,heap     ] GC(60) Eden regions: 958->0(982)
[5.738s][info][gc,heap     ] GC(60) Survivor regions: 81->73(130)
[5.738s][info][gc,heap     ] GC(60) Old regions: 415->434
[5.738s][info][gc,heap     ] GC(60) Humongous regions: 36->33
[5.738s][info][gc,metaspace] GC(60) Metaspace: 1828K(1920K)->1828K(1920K) NonClass: 1686K(1728K)->1686K(1728K) Class: 141K(192K)->141K(192K)
[5.738s][info][gc          ] GC(60) Pause Young (Normal) (G1 Evacuation Pause) 1489M->539M(1759M) 11.351ms
[5.738s][info][gc,cpu      ] GC(60) User=0.00s Sys=0.00s Real=0.01s
[5.835s][info][gc,start    ] GC(61) Pause Young (Normal) (G1 Evacuation Pause)
[5.835s][info][gc,task     ] GC(61) Using 10 workers of 10 for evacuation
[5.846s][info][gc,phases   ] GC(61)   Pre Evacuate Collection Set: 0.3ms
[5.846s][info][gc,phases   ] GC(61)   Merge Heap Roots: 0.1ms
[5.846s][info][gc,phases   ] GC(61)   Evacuate Collection Set: 9.5ms
[5.846s][info][gc,phases   ] GC(61)   Post Evacuate Collection Set: 0.7ms
[5.846s][info][gc,phases   ] GC(61)   Other: 0.1ms
[5.846s][info][gc,heap     ] GC(61) Eden regions: 982->0(972)
[5.846s][info][gc,heap     ] GC(61) Survivor regions: 73->83(132)
[5.846s][info][gc,heap     ] GC(61) Old regions: 434->434
[5.846s][info][gc,heap     ] GC(61) Humongous regions: 37->33
[5.846s][info][gc,metaspace] GC(61) Metaspace: 1828K(1920K)->1828K(1920K) NonClass: 1686K(1728K)->1686K(1728K) Class: 141K(192K)->141K(192K)
[5.846s][info][gc          ] GC(61) Pause Young (Normal) (G1 Evacuation Pause) 1525M->549M(1759M) 11.109ms
[5.846s][info][gc,cpu      ] GC(61) User=0.00s Sys=0.00s Real=0.01s
[5.940s][info][gc,start    ] GC(62) Pause Young (Normal) (G1 Evacuation Pause)
[5.940s][info][gc,task     ] GC(62) Using 10 workers of 10 for evacuation
[5.951s][info][gc,phases   ] GC(62)   Pre Evacuate Collection Set: 0.3ms
[5.951s][info][gc,phases   ] GC(62)   Merge Heap Roots: 0.2ms
[5.951s][info][gc,phases   ] GC(62)   Evacuate Collection Set: 10.0ms
[5.951s][info][gc,phases   ] GC(62)   Post Evacuate Collection Set: 0.6ms
[5.951s][info][gc,phases   ] GC(62)   Other: 0.1ms
[5.951s][info][gc,heap     ] GC(62) Eden regions: 972->0(979)
[5.951s][info][gc,heap     ] GC(62) Survivor regions: 83->76(132)
[5.951s][info][gc,heap     ] GC(62) Old regions: 434->454
[5.951s][info][gc,heap     ] GC(62) Humongous regions: 38->35
[5.951s][info][gc,metaspace] GC(62) Metaspace: 1828K(1920K)->1828K(1920K) NonClass: 1686K(1728K)->1686K(1728K) Class: 141K(192K)->141K(192K)
[5.952s][info][gc          ] GC(62) Pause Young (Normal) (G1 Evacuation Pause) 1526M->563M(1759M) 11.385ms
[5.952s][info][gc,cpu      ] GC(62) User=0.02s Sys=0.00s Real=0.01s
[6.046s][info][gc,start    ] GC(63) Pause Young (Normal) (G1 Evacuation Pause)
[6.046s][info][gc,task     ] GC(63) Using 10 workers of 10 for evacuation
[6.056s][info][gc,phases   ] GC(63)   Pre Evacuate Collection Set: 0.3ms
[6.056s][info][gc,phases   ] GC(63)   Merge Heap Roots: 0.2ms
[6.056s][info][gc,phases   ] GC(63)   Evacuate Collection Set: 9.1ms
[6.056s][info][gc,phases   ] GC(63)   Post Evacuate Collection Set: 0.6ms
[6.056s][info][gc,phases   ] GC(63)   Other: 0.1ms
[6.056s][info][gc,heap     ] GC(63) Eden regions: 979->0(978)
[6.056s][info][gc,heap     ] GC(63) Survivor regions: 76->77(132)
[6.056s][info][gc,heap     ] GC(63) Old regions: 454->464
[6.056s][info][gc,heap     ] GC(63) Humongous regions: 42->35
[6.056s][info][gc,metaspace] GC(63) Metaspace: 1828K(1920K)->1828K(1920K) NonClass: 1686K(1728K)->1686K(1728K) Class: 141K(192K)->141K(192K)
[6.057s][info][gc          ] GC(63) Pause Young (Normal) (G1 Evacuation Pause) 1549M->574M(1759M) 10.514ms
[6.057s][info][gc,cpu      ] GC(63) User=0.02s Sys=0.00s Real=0.01s
[6.150s][info][gc,start    ] GC(64) Pause Young (Normal) (G1 Evacuation Pause)
[6.151s][info][gc,task     ] GC(64) Using 10 workers of 10 for evacuation
[6.161s][info][gc,phases   ] GC(64)   Pre Evacuate Collection Set: 0.3ms
[6.161s][info][gc,phases   ] GC(64)   Merge Heap Roots: 0.1ms
[6.161s][info][gc,phases   ] GC(64)   Evacuate Collection Set: 9.1ms
[6.161s][info][gc,phases   ] GC(64)   Post Evacuate Collection Set: 0.8ms
[6.161s][info][gc,phases   ] GC(64)   Other: 0.1ms
[6.161s][info][gc,heap     ] GC(64) Eden regions: 978->0(987)
[6.161s][info][gc,heap     ] GC(64) Survivor regions: 77->79(132)
[6.161s][info][gc,heap     ] GC(64) Old regions: 464->473
[6.161s][info][gc,heap     ] GC(64) Humongous regions: 37->36
[6.161s][info][gc,metaspace] GC(64) Metaspace: 1828K(1920K)->1828K(1920K) NonClass: 1686K(1728K)->1686K(1728K) Class: 141K(192K)->141K(192K)
[6.161s][info][gc          ] GC(64) Pause Young (Normal) (G1 Evacuation Pause) 1554M->586M(1778M) 10.597ms
[6.161s][info][gc,cpu      ] GC(64) User=0.00s Sys=0.00s Real=0.01s
[6.257s][info][gc,start    ] GC(65) Pause Young (Normal) (G1 Evacuation Pause)
[6.257s][info][gc,task     ] GC(65) Using 10 workers of 10 for evacuation
[6.268s][info][gc,phases   ] GC(65)   Pre Evacuate Collection Set: 0.3ms
[6.268s][info][gc,phases   ] GC(65)   Merge Heap Roots: 0.2ms
[6.269s][info][gc,phases   ] GC(65)   Evacuate Collection Set: 10.0ms
[6.269s][info][gc,phases   ] GC(65)   Post Evacuate Collection Set: 0.9ms
[6.269s][info][gc,phases   ] GC(65)   Other: 0.2ms
[6.269s][info][gc,heap     ] GC(65) Eden regions: 987->0(989)
[6.269s][info][gc,heap     ] GC(65) Survivor regions: 79->77(134)
[6.269s][info][gc,heap     ] GC(65) Old regions: 473->484
[6.269s][info][gc,heap     ] GC(65) Humongous regions: 40->36
[6.269s][info][gc,metaspace] GC(65) Metaspace: 1828K(1920K)->1828K(1920K) NonClass: 1686K(1728K)->1686K(1728K) Class: 141K(192K)->141K(192K)
[6.269s][info][gc          ] GC(65) Pause Young (Normal) (G1 Evacuation Pause) 1577M->596M(1778M) 11.789ms
[6.269s][info][gc,cpu      ] GC(65) User=0.03s Sys=0.00s Real=0.01s
[6.364s][info][gc,start    ] GC(66) Pause Young (Normal) (G1 Evacuation Pause)
[6.364s][info][gc,task     ] GC(66) Using 10 workers of 10 for evacuation
[6.374s][info][gc,phases   ] GC(66)   Pre Evacuate Collection Set: 0.3ms
[6.374s][info][gc,phases   ] GC(66)   Merge Heap Roots: 0.1ms
[6.374s][info][gc,phases   ] GC(66)   Evacuate Collection Set: 9.0ms
[6.374s][info][gc,phases   ] GC(66)   Post Evacuate Collection Set: 0.6ms
[6.374s][info][gc,phases   ] GC(66)   Other: 0.1ms
[6.374s][info][gc,heap     ] GC(66) Eden regions: 989->0(988)
[6.374s][info][gc,heap     ] GC(66) Survivor regions: 77->78(134)
[6.374s][info][gc,heap     ] GC(66) Old regions: 484->494
[6.374s][info][gc,heap     ] GC(66) Humongous regions: 43->36
[6.374s][info][gc,metaspace] GC(66) Metaspace: 1828K(1920K)->1828K(1920K) NonClass: 1686K(1728K)->1686K(1728K) Class: 141K(192K)->141K(192K)
[6.374s][info][gc          ] GC(66) Pause Young (Normal) (G1 Evacuation Pause) 1592M->607M(1778M) 10.393ms
[6.374s][info][gc,cpu      ] GC(66) User=0.02s Sys=0.00s Real=0.01s
[6.470s][info][gc,start    ] GC(67) Pause Young (Normal) (G1 Evacuation Pause)
[6.470s][info][gc,task     ] GC(67) Using 10 workers of 10 for evacuation
[6.481s][info][gc,phases   ] GC(67)   Pre Evacuate Collection Set: 0.3ms
[6.481s][info][gc,phases   ] GC(67)   Merge Heap Roots: 0.2ms
[6.481s][info][gc,phases   ] GC(67)   Evacuate Collection Set: 9.6ms
[6.481s][info][gc,phases   ] GC(67)   Post Evacuate Collection Set: 0.6ms
[6.481s][info][gc,phases   ] GC(67)   Other: 0.1ms
[6.481s][info][gc,heap     ] GC(67) Eden regions: 988->0(989)
[6.481s][info][gc,heap     ] GC(67) Survivor regions: 78->77(134)
[6.481s][info][gc,heap     ] GC(67) Old regions: 494->505
[6.481s][info][gc,heap     ] GC(67) Humongous regions: 39->36
[6.481s][info][gc,metaspace] GC(67) Metaspace: 1828K(1920K)->1828K(1920K) NonClass: 1686K(1728K)->1686K(1728K) Class: 141K(192K)->141K(192K)
[6.481s][info][gc          ] GC(67) Pause Young (Normal) (G1 Evacuation Pause) 1598M->617M(1778M) 11.000ms
[6.481s][info][gc,cpu      ] GC(67) User=0.02s Sys=0.00s Real=0.01s
[6.576s][info][gc,start    ] GC(68) Pause Young (Normal) (G1 Evacuation Pause)
[6.576s][info][gc,task     ] GC(68) Using 10 workers of 10 for evacuation
[6.587s][info][gc,phases   ] GC(68)   Pre Evacuate Collection Set: 0.3ms
[6.587s][info][gc,phases   ] GC(68)   Merge Heap Roots: 0.1ms
[6.587s][info][gc,phases   ] GC(68)   Evacuate Collection Set: 9.4ms
[6.587s][info][gc,phases   ] GC(68)   Post Evacuate Collection Set: 0.7ms
[6.587s][info][gc,phases   ] GC(68)   Other: 0.1ms
[6.587s][info][gc,heap     ] GC(68) Eden regions: 989->0(993)
[6.587s][info][gc,heap     ] GC(68) Survivor regions: 77->78(134)
[6.587s][info][gc,heap     ] GC(68) Old regions: 505->517
[6.587s][info][gc,heap     ] GC(68) Humongous regions: 42->38
[6.587s][info][gc,metaspace] GC(68) Metaspace: 1828K(1920K)->1828K(1920K) NonClass: 1686K(1728K)->1686K(1728K) Class: 141K(192K)->141K(192K)
[6.587s][info][gc          ] GC(68) Pause Young (Normal) (G1 Evacuation Pause) 1612M->631M(1795M) 10.869ms
[6.587s][info][gc,cpu      ] GC(68) User=0.02s Sys=0.00s Real=0.01s
[6.683s][info][gc,start    ] GC(69) Pause Young (Normal) (G1 Evacuation Pause)
[6.684s][info][gc,task     ] GC(69) Using 10 workers of 10 for evacuation
[6.695s][info][gc,phases   ] GC(69)   Pre Evacuate Collection Set: 0.3ms
[6.695s][info][gc,phases   ] GC(69)   Merge Heap Roots: 0.1ms
[6.695s][info][gc,phases   ] GC(69)   Evacuate Collection Set: 9.7ms
[6.695s][info][gc,phases   ] GC(69)   Post Evacuate Collection Set: 0.7ms
[6.695s][info][gc,phases   ] GC(69)   Other: 0.1ms
[6.695s][info][gc,heap     ] GC(69) Eden regions: 993->0(978)
[6.695s][info][gc,heap     ] GC(69) Survivor regions: 78->80(134)
[6.695s][info][gc,heap     ] GC(69) Old regions: 517->528
[6.695s][info][gc,heap     ] GC(69) Humongous regions: 40->38
[6.695s][info][gc,metaspace] GC(69) Metaspace: 1828K(1920K)->1828K(1920K) NonClass: 1686K(1728K)->1686K(1728K) Class: 141K(192K)->141K(192K)
[6.695s][info][gc          ] GC(69) Pause Young (Normal) (G1 Evacuation Pause) 1626M->644M(1795M) 11.366ms
[6.695s][info][gc,cpu      ] GC(69) User=0.02s Sys=0.02s Real=0.01s
[6.789s][info][gc,start    ] GC(70) Pause Young (Normal) (G1 Evacuation Pause)
[6.789s][info][gc,task     ] GC(70) Using 10 workers of 10 for evacuation
[6.801s][info][gc,phases   ] GC(70)   Pre Evacuate Collection Set: 0.3ms
[6.801s][info][gc,phases   ] GC(70)   Merge Heap Roots: 0.2ms
[6.801s][info][gc,phases   ] GC(70)   Evacuate Collection Set: 10.4ms
[6.801s][info][gc,phases   ] GC(70)   Post Evacuate Collection Set: 0.9ms
[6.801s][info][gc,phases   ] GC(70)   Other: 0.1ms
[6.801s][info][gc,heap     ] GC(70) Eden regions: 978->0(969)
[6.802s][info][gc,heap     ] GC(70) Survivor regions: 80->79(133)
[6.802s][info][gc,heap     ] GC(70) Old regions: 528->539
[6.802s][info][gc,heap     ] GC(70) Humongous regions: 42->38
[6.802s][info][gc,metaspace] GC(70) Metaspace: 1828K(1920K)->1828K(1920K) NonClass: 1686K(1728K)->1686K(1728K) Class: 141K(192K)->141K(192K)
[6.802s][info][gc          ] GC(70) Pause Young (Normal) (G1 Evacuation Pause) 1626M->654M(1795M) 12.329ms
[6.802s][info][gc,cpu      ] GC(70) User=0.05s Sys=0.00s Real=0.01s
[6.895s][info][gc,start    ] GC(71) Pause Young (Normal) (G1 Evacuation Pause)
[6.896s][info][gc,task     ] GC(71) Using 10 workers of 10 for evacuation
[6.906s][info][gc,phases   ] GC(71)   Pre Evacuate Collection Set: 0.3ms
[6.906s][info][gc,phases   ] GC(71)   Merge Heap Roots: 0.2ms
[6.906s][info][gc,phases   ] GC(71)   Evacuate Collection Set: 9.4ms
[6.906s][info][gc,phases   ] GC(71)   Post Evacuate Collection Set: 0.6ms
[6.906s][info][gc,phases   ] GC(71)   Other: 0.1ms
[6.906s][info][gc,heap     ] GC(71) Eden regions: 969->0(957)
[6.906s][info][gc,heap     ] GC(71) Survivor regions: 79->79(131)
[6.906s][info][gc,heap     ] GC(71) Old regions: 539->550
[6.906s][info][gc,heap     ] GC(71) Humongous regions: 44->39
[6.906s][info][gc,metaspace] GC(71) Metaspace: 1828K(1920K)->1828K(1920K) NonClass: 1686K(1728K)->1686K(1728K) Class: 141K(192K)->141K(192K)
[6.906s][info][gc          ] GC(71) Pause Young (Normal) (G1 Evacuation Pause) 1629M->666M(1795M) 10.903ms
[6.906s][info][gc,cpu      ] GC(71) User=0.02s Sys=0.00s Real=0.01s
[6.999s][info][gc,start    ] GC(72) Pause Young (Normal) (G1 Evacuation Pause)
[6.999s][info][gc,task     ] GC(72) Using 10 workers of 10 for evacuation
[7.010s][info][gc,phases   ] GC(72)   Pre Evacuate Collection Set: 0.3ms
[7.010s][info][gc,phases   ] GC(72)   Merge Heap Roots: 0.2ms
[7.010s][info][gc,phases   ] GC(72)   Evacuate Collection Set: 9.4ms
[7.010s][info][gc,phases   ] GC(72)   Post Evacuate Collection Set: 0.7ms
[7.010s][info][gc,phases   ] GC(72)   Other: 0.1ms
[7.010s][info][gc,heap     ] GC(72) Eden regions: 957->0(965)
[7.010s][info][gc,heap     ] GC(72) Survivor regions: 79->78(130)
[7.010s][info][gc,heap     ] GC(72) Old regions: 550->560
[7.010s][info][gc,heap     ] GC(72) Humongous regions: 48->40
[7.010s][info][gc,metaspace] GC(72) Metaspace: 1833K(1920K)->1833K(1920K) NonClass: 1692K(1728K)->1692K(1728K) Class: 141K(192K)->141K(192K)
[7.010s][info][gc          ] GC(72) Pause Young (Normal) (G1 Evacuation Pause) 1632M->677M(1813M) 10.955ms
[7.010s][info][gc,cpu      ] GC(72) User=0.02s Sys=0.00s Real=0.01s
[7.104s][info][gc,start    ] GC(73) Pause Young (Normal) (G1 Evacuation Pause)
[7.104s][info][gc,task     ] GC(73) Using 10 workers of 10 for evacuation
[7.114s][info][gc,phases   ] GC(73)   Pre Evacuate Collection Set: 0.3ms
[7.114s][info][gc,phases   ] GC(73)   Merge Heap Roots: 0.2ms
[7.114s][info][gc,phases   ] GC(73)   Evacuate Collection Set: 9.3ms
[7.114s][info][gc,phases   ] GC(73)   Post Evacuate Collection Set: 0.6ms
[7.114s][info][gc,phases   ] GC(73)   Other: 0.1ms
[7.114s][info][gc,heap     ] GC(73) Eden regions: 965->0(953)
[7.114s][info][gc,heap     ] GC(73) Survivor regions: 78->78(131)
[7.114s][info][gc,heap     ] GC(73) Old regions: 560->571
[7.115s][info][gc,heap     ] GC(73) Humongous regions: 46->41
[7.115s][info][gc,metaspace] GC(73) Metaspace: 1838K(1920K)->1838K(1920K) NonClass: 1696K(1728K)->1696K(1728K) Class: 141K(192K)->141K(192K)
[7.115s][info][gc          ] GC(73) Pause Young (Normal) (G1 Evacuation Pause) 1648M->689M(1813M) 10.646ms
[7.115s][info][gc,cpu      ] GC(73) User=0.00s Sys=0.00s Real=0.01s
[7.206s][info][gc,start    ] GC(74) Pause Young (Normal) (G1 Evacuation Pause)
[7.206s][info][gc,task     ] GC(74) Using 10 workers of 10 for evacuation
[7.217s][info][gc,phases   ] GC(74)   Pre Evacuate Collection Set: 0.3ms
[7.217s][info][gc,phases   ] GC(74)   Merge Heap Roots: 0.1ms
[7.217s][info][gc,phases   ] GC(74)   Evacuate Collection Set: 9.3ms
[7.217s][info][gc,phases   ] GC(74)   Post Evacuate Collection Set: 0.6ms
[7.217s][info][gc,phases   ] GC(74)   Other: 0.1ms
[7.217s][info][gc,heap     ] GC(74) Eden regions: 953->0(945)
[7.217s][info][gc,heap     ] GC(74) Survivor regions: 78->76(129)
[7.217s][info][gc,heap     ] GC(74) Old regions: 571->583
[7.217s][info][gc,heap     ] GC(74) Humongous regions: 44->41
[7.217s][info][gc,metaspace] GC(74) Metaspace: 1838K(1920K)->1838K(1920K) NonClass: 1696K(1728K)->1696K(1728K) Class: 141K(192K)->141K(192K)
[7.217s][info][gc          ] GC(74) Pause Young (Normal) (G1 Evacuation Pause) 1645M->699M(1813M) 10.637ms
[7.217s][info][gc,cpu      ] GC(74) User=0.02s Sys=0.00s Real=0.01s
[7.308s][info][gc,start    ] GC(75) Pause Young (Normal) (G1 Evacuation Pause)
[7.308s][info][gc,task     ] GC(75) Using 10 workers of 10 for evacuation
[7.319s][info][gc,phases   ] GC(75)   Pre Evacuate Collection Set: 0.2ms
[7.319s][info][gc,phases   ] GC(75)   Merge Heap Roots: 0.2ms
[7.319s][info][gc,phases   ] GC(75)   Evacuate Collection Set: 9.1ms
[7.319s][info][gc,phases   ] GC(75)   Post Evacuate Collection Set: 0.6ms
[7.319s][info][gc,phases   ] GC(75)   Other: 0.1ms
[7.319s][info][gc,heap     ] GC(75) Eden regions: 945->0(939)
[7.319s][info][gc,heap     ] GC(75) Survivor regions: 76->73(128)
[7.319s][info][gc,heap     ] GC(75) Old regions: 583->594
[7.319s][info][gc,heap     ] GC(75) Humongous regions: 46->42
[7.319s][info][gc,metaspace] GC(75) Metaspace: 1838K(1920K)->1838K(1920K) NonClass: 1696K(1728K)->1696K(1728K) Class: 141K(192K)->141K(192K)
[7.319s][info][gc          ] GC(75) Pause Young (Normal) (G1 Evacuation Pause) 1649M->708M(1813M) 10.431ms
[7.319s][info][gc,cpu      ] GC(75) User=0.00s Sys=0.00s Real=0.01s
[7.409s][info][gc,start    ] GC(76) Pause Young (Normal) (G1 Evacuation Pause)
[7.410s][info][gc,task     ] GC(76) Using 10 workers of 10 for evacuation
[7.419s][info][gc,phases   ] GC(76)   Pre Evacuate Collection Set: 0.3ms
[7.419s][info][gc,phases   ] GC(76)   Merge Heap Roots: 0.2ms
[7.419s][info][gc,phases   ] GC(76)   Evacuate Collection Set: 8.6ms
[7.419s][info][gc,phases   ] GC(76)   Post Evacuate Collection Set: 0.7ms
[7.419s][info][gc,phases   ] GC(76)   Other: 0.1ms
[7.419s][info][gc,heap     ] GC(76) Eden regions: 939->0(950)
[7.419s][info][gc,heap     ] GC(76) Survivor regions: 73->69(127)
[7.419s][info][gc,heap     ] GC(76) Old regions: 594->605
[7.419s][info][gc,heap     ] GC(76) Humongous regions: 48->43
[7.419s][info][gc,metaspace] GC(76) Metaspace: 1838K(1920K)->1838K(1920K) NonClass: 1696K(1728K)->1696K(1728K) Class: 141K(192K)->141K(192K)
[7.419s][info][gc          ] GC(76) Pause Young (Normal) (G1 Evacuation Pause) 1653M->716M(1828M) 10.100ms
[7.420s][info][gc,cpu      ] GC(76) User=0.02s Sys=0.00s Real=0.01s
[7.511s][info][gc,start    ] GC(77) Pause Young (Normal) (G1 Evacuation Pause)
[7.512s][info][gc,task     ] GC(77) Using 10 workers of 10 for evacuation
[7.521s][info][gc,phases   ] GC(77)   Pre Evacuate Collection Set: 0.3ms
[7.521s][info][gc,phases   ] GC(77)   Merge Heap Roots: 0.2ms
[7.521s][info][gc,phases   ] GC(77)   Evacuate Collection Set: 8.7ms
[7.522s][info][gc,phases   ] GC(77)   Post Evacuate Collection Set: 0.6ms
[7.522s][info][gc,phases   ] GC(77)   Other: 0.1ms
[7.522s][info][gc,heap     ] GC(77) Eden regions: 950->0(924)
[7.522s][info][gc,heap     ] GC(77) Survivor regions: 69->82(128)
[7.522s][info][gc,heap     ] GC(77) Old regions: 605->605
[7.522s][info][gc,heap     ] GC(77) Humongous regions: 47->43
[7.522s][info][gc,metaspace] GC(77) Metaspace: 1838K(1920K)->1838K(1920K) NonClass: 1696K(1728K)->1696K(1728K) Class: 141K(192K)->141K(192K)
[7.522s][info][gc          ] GC(77) Pause Young (Normal) (G1 Evacuation Pause) 1670M->729M(1828M) 10.201ms
[7.522s][info][gc,cpu      ] GC(77) User=0.00s Sys=0.00s Real=0.01s
[7.611s][info][gc,start    ] GC(78) Pause Young (Normal) (G1 Evacuation Pause)
[7.611s][info][gc,task     ] GC(78) Using 10 workers of 10 for evacuation
[7.622s][info][gc,phases   ] GC(78)   Pre Evacuate Collection Set: 0.3ms
[7.622s][info][gc,phases   ] GC(78)   Merge Heap Roots: 0.2ms
[7.622s][info][gc,phases   ] GC(78)   Evacuate Collection Set: 10.1ms
[7.622s][info][gc,phases   ] GC(78)   Post Evacuate Collection Set: 0.6ms
[7.622s][info][gc,phases   ] GC(78)   Other: 0.1ms
[7.622s][info][gc,heap     ] GC(78) Eden regions: 924->0(930)
[7.622s][info][gc,heap     ] GC(78) Survivor regions: 82->68(126)
[7.622s][info][gc,heap     ] GC(78) Old regions: 605->627
[7.622s][info][gc,heap     ] GC(78) Humongous regions: 44->43
[7.622s][info][gc,metaspace] GC(78) Metaspace: 1838K(1920K)->1838K(1920K) NonClass: 1696K(1728K)->1696K(1728K) Class: 141K(192K)->141K(192K)
[7.622s][info][gc          ] GC(78) Pause Young (Normal) (G1 Evacuation Pause) 1654M->737M(1828M) 11.546ms
[7.622s][info][gc,cpu      ] GC(78) User=0.02s Sys=0.00s Real=0.01s
[7.713s][info][gc,start    ] GC(79) Pause Young (Normal) (G1 Evacuation Pause)
[7.713s][info][gc,task     ] GC(79) Using 10 workers of 10 for evacuation
[7.722s][info][gc,phases   ] GC(79)   Pre Evacuate Collection Set: 0.3ms
[7.722s][info][gc,phases   ] GC(79)   Merge Heap Roots: 0.2ms
[7.722s][info][gc,phases   ] GC(79)   Evacuate Collection Set: 8.4ms
[7.722s][info][gc,phases   ] GC(79)   Post Evacuate Collection Set: 0.7ms
[7.722s][info][gc,phases   ] GC(79)   Other: 0.1ms
[7.722s][info][gc,heap     ] GC(79) Eden regions: 930->0(909)
[7.722s][info][gc,heap     ] GC(79) Survivor regions: 68->77(125)
[7.722s][info][gc,heap     ] GC(79) Old regions: 627->627
[7.722s][info][gc,heap     ] GC(79) Humongous regions: 60->46
[7.723s][info][gc,metaspace] GC(79) Metaspace: 1838K(1920K)->1838K(1920K) NonClass: 1696K(1728K)->1696K(1728K) Class: 141K(192K)->141K(192K)
[7.723s][info][gc          ] GC(79) Pause Young (Normal) (G1 Evacuation Pause) 1684M->749M(1828M) 9.963ms
[7.723s][info][gc,cpu      ] GC(79) User=0.00s Sys=0.00s Real=0.01s
[7.810s][info][gc,start    ] GC(80) Pause Young (Normal) (G1 Evacuation Pause)
[7.810s][info][gc,task     ] GC(80) Using 10 workers of 10 for evacuation
[7.822s][info][gc,phases   ] GC(80)   Pre Evacuate Collection Set: 0.3ms
[7.822s][info][gc,phases   ] GC(80)   Merge Heap Roots: 0.2ms
[7.822s][info][gc,phases   ] GC(80)   Evacuate Collection Set: 9.8ms
[7.822s][info][gc,phases   ] GC(80)   Post Evacuate Collection Set: 1.2ms
[7.822s][info][gc,phases   ] GC(80)   Other: 0.1ms
[7.822s][info][gc,heap     ] GC(80) Eden regions: 909->0(912)
[7.822s][info][gc,heap     ] GC(80) Survivor regions: 77->76(124)
[7.822s][info][gc,heap     ] GC(80) Old regions: 627->638
[7.822s][info][gc,heap     ] GC(80) Humongous regions: 51->47
[7.822s][info][gc,metaspace] GC(80) Metaspace: 1838K(1920K)->1838K(1920K) NonClass: 1696K(1728K)->1696K(1728K) Class: 141K(192K)->141K(192K)
[7.822s][info][gc          ] GC(80) Pause Young (Normal) (G1 Evacuation Pause) 1663M->760M(1842M) 12.052ms
[7.822s][info][gc,cpu      ] GC(80) User=0.06s Sys=0.00s Real=0.01s
[7.910s][info][gc,start    ] GC(81) Pause Young (Normal) (G1 Evacuation Pause)
[7.910s][info][gc,task     ] GC(81) Using 10 workers of 10 for evacuation
[7.921s][info][gc,phases   ] GC(81)   Pre Evacuate Collection Set: 0.3ms
[7.921s][info][gc,phases   ] GC(81)   Merge Heap Roots: 0.2ms
[7.921s][info][gc,phases   ] GC(81)   Evacuate Collection Set: 9.3ms
[7.921s][info][gc,phases   ] GC(81)   Post Evacuate Collection Set: 0.7ms
[7.921s][info][gc,phases   ] GC(81)   Other: 0.1ms
[7.921s][info][gc,heap     ] GC(81) Eden regions: 912->0(900)
[7.921s][info][gc,heap     ] GC(81) Survivor regions: 76->76(124)
[7.921s][info][gc,heap     ] GC(81) Old regions: 638->649
[7.921s][info][gc,heap     ] GC(81) Humongous regions: 53->48
[7.921s][info][gc,metaspace] GC(81) Metaspace: 1838K(1920K)->1838K(1920K) NonClass: 1696K(1728K)->1696K(1728K) Class: 141K(192K)->141K(192K)
[7.921s][info][gc          ] GC(81) Pause Young (Normal) (G1 Evacuation Pause) 1678M->771M(1842M) 11.000ms
[7.921s][info][gc,cpu      ] GC(81) User=0.05s Sys=0.00s Real=0.01s
[8.008s][info][gc,start    ] GC(82) Pause Young (Normal) (G1 Evacuation Pause)
[8.008s][info][gc,task     ] GC(82) Using 10 workers of 10 for evacuation
[8.018s][info][gc,phases   ] GC(82)   Pre Evacuate Collection Set: 0.3ms
[8.018s][info][gc,phases   ] GC(82)   Merge Heap Roots: 0.2ms
[8.018s][info][gc,phases   ] GC(82)   Evacuate Collection Set: 9.1ms
[8.018s][info][gc,phases   ] GC(82)   Post Evacuate Collection Set: 0.6ms
[8.019s][info][gc,phases   ] GC(82)   Other: 0.1ms
[8.019s][info][gc,heap     ] GC(82) Eden regions: 900->0(890)
[8.019s][info][gc,heap     ] GC(82) Survivor regions: 76->75(122)
[8.019s][info][gc,heap     ] GC(82) Old regions: 649->659
[8.019s][info][gc,heap     ] GC(82) Humongous regions: 55->50
[8.019s][info][gc,metaspace] GC(82) Metaspace: 1838K(1920K)->1838K(1920K) NonClass: 1696K(1728K)->1696K(1728K) Class: 141K(192K)->141K(192K)
[8.019s][info][gc          ] GC(82) Pause Young (Normal) (G1 Evacuation Pause) 1678M->783M(1842M) 10.685ms
[8.019s][info][gc,cpu      ] GC(82) User=0.00s Sys=0.00s Real=0.01s
[8.105s][info][gc,start    ] GC(83) Pause Young (Normal) (G1 Evacuation Pause)
[8.105s][info][gc,task     ] GC(83) Using 10 workers of 10 for evacuation
[8.115s][info][gc,phases   ] GC(83)   Pre Evacuate Collection Set: 0.3ms
[8.115s][info][gc,phases   ] GC(83)   Merge Heap Roots: 0.2ms
[8.115s][info][gc,phases   ] GC(83)   Evacuate Collection Set: 9.0ms
[8.115s][info][gc,phases   ] GC(83)   Post Evacuate Collection Set: 0.6ms
[8.115s][info][gc,phases   ] GC(83)   Other: 0.1ms
[8.115s][info][gc,heap     ] GC(83) Eden regions: 890->0(884)
[8.115s][info][gc,heap     ] GC(83) Survivor regions: 75->69(121)
[8.115s][info][gc,heap     ] GC(83) Old regions: 659->675
[8.115s][info][gc,heap     ] GC(83) Humongous regions: 59->52
[8.115s][info][gc,metaspace] GC(83) Metaspace: 1838K(1920K)->1838K(1920K) NonClass: 1696K(1728K)->1696K(1728K) Class: 141K(192K)->141K(192K)
[8.115s][info][gc          ] GC(83) Pause Young (Normal) (G1 Evacuation Pause) 1682M->794M(1842M) 10.318ms
[8.115s][info][gc,cpu      ] GC(83) User=0.00s Sys=0.00s Real=0.01s
[8.200s][info][gc,start    ] GC(84) Pause Young (Normal) (G1 Evacuation Pause)
[8.200s][info][gc,task     ] GC(84) Using 10 workers of 10 for evacuation
[8.210s][info][gc,phases   ] GC(84)   Pre Evacuate Collection Set: 0.3ms
[8.210s][info][gc,phases   ] GC(84)   Merge Heap Roots: 0.2ms
[8.210s][info][gc,phases   ] GC(84)   Evacuate Collection Set: 8.5ms
[8.210s][info][gc,phases   ] GC(84)   Post Evacuate Collection Set: 0.7ms
[8.210s][info][gc,phases   ] GC(84)   Other: 0.1ms
[8.210s][info][gc,heap     ] GC(84) Eden regions: 884->0(892)
[8.210s][info][gc,heap     ] GC(84) Survivor regions: 69->67(120)
[8.210s][info][gc,heap     ] GC(84) Old regions: 675->687
[8.210s][info][gc,heap     ] GC(84) Humongous regions: 55->52
[8.210s][info][gc,metaspace] GC(84) Metaspace: 1838K(1920K)->1838K(1920K) NonClass: 1696K(1728K)->1696K(1728K) Class: 141K(192K)->141K(192K)
[8.210s][info][gc          ] GC(84) Pause Young (Normal) (G1 Evacuation Pause) 1681M->804M(1859M) 9.938ms
[8.210s][info][gc,cpu      ] GC(84) User=0.00s Sys=0.00s Real=0.01s
[8.297s][info][gc,start    ] GC(85) Pause Young (Normal) (G1 Evacuation Pause)
[8.297s][info][gc,task     ] GC(85) Using 10 workers of 10 for evacuation
[8.306s][info][gc,phases   ] GC(85)   Pre Evacuate Collection Set: 0.3ms
[8.306s][info][gc,phases   ] GC(85)   Merge Heap Roots: 0.2ms
[8.306s][info][gc,phases   ] GC(85)   Evacuate Collection Set: 8.2ms
[8.306s][info][gc,phases   ] GC(85)   Post Evacuate Collection Set: 0.6ms
[8.306s][info][gc,phases   ] GC(85)   Other: 0.1ms
[8.306s][info][gc,heap     ] GC(85) Eden regions: 892->0(878)
[8.306s][info][gc,heap     ] GC(85) Survivor regions: 67->69(120)
[8.306s][info][gc,heap     ] GC(85) Old regions: 687->696
[8.306s][info][gc,heap     ] GC(85) Humongous regions: 57->53
[8.306s][info][gc,metaspace] GC(85) Metaspace: 1838K(1920K)->1838K(1920K) NonClass: 1696K(1728K)->1696K(1728K) Class: 141K(192K)->141K(192K)
[8.306s][info][gc          ] GC(85) Pause Young (Normal) (G1 Evacuation Pause) 1701M->817M(1859M) 9.560ms
[8.307s][info][gc,cpu      ] GC(85) User=0.02s Sys=0.00s Real=0.01s
[8.392s][info][gc,start    ] GC(86) Pause Young (Normal) (G1 Evacuation Pause)
[8.392s][info][gc,task     ] GC(86) Using 10 workers of 10 for evacuation
[8.401s][info][gc,phases   ] GC(86)   Pre Evacuate Collection Set: 0.3ms
[8.402s][info][gc,phases   ] GC(86)   Merge Heap Roots: 0.2ms
[8.402s][info][gc,phases   ] GC(86)   Evacuate Collection Set: 8.1ms
[8.402s][info][gc,phases   ] GC(86)   Post Evacuate Collection Set: 0.6ms
[8.402s][info][gc,phases   ] GC(86)   Other: 0.1ms
[8.402s][info][gc,heap     ] GC(86) Eden regions: 878->0(869)
[8.402s][info][gc,heap     ] GC(86) Survivor regions: 69->68(119)
[8.402s][info][gc,heap     ] GC(86) Old regions: 696->704
[8.402s][info][gc,heap     ] GC(86) Humongous regions: 69->56
[8.402s][info][gc,metaspace] GC(86) Metaspace: 1838K(1920K)->1838K(1920K) NonClass: 1696K(1728K)->1696K(1728K) Class: 141K(192K)->141K(192K)
[8.402s][info][gc          ] GC(86) Pause Young (Normal) (G1 Evacuation Pause) 1711M->827M(1859M) 9.464ms
[8.402s][info][gc,cpu      ] GC(86) User=0.02s Sys=0.00s Real=0.01s
[8.486s][info][gc,start    ] GC(87) Pause Young (Normal) (G1 Evacuation Pause)
[8.487s][info][gc,task     ] GC(87) Using 10 workers of 10 for evacuation
[8.496s][info][gc,phases   ] GC(87)   Pre Evacuate Collection Set: 0.3ms
[8.496s][info][gc,phases   ] GC(87)   Merge Heap Roots: 0.1ms
[8.496s][info][gc,phases   ] GC(87)   Evacuate Collection Set: 8.1ms
[8.496s][info][gc,phases   ] GC(87)   Post Evacuate Collection Set: 0.6ms
[8.496s][info][gc,phases   ] GC(87)   Other: 0.1ms
[8.496s][info][gc,heap     ] GC(87) Eden regions: 869->0(860)
[8.496s][info][gc,heap     ] GC(87) Survivor regions: 68->67(118)
[8.496s][info][gc,heap     ] GC(87) Old regions: 704->713
[8.496s][info][gc,heap     ] GC(87) Humongous regions: 68->58
[8.496s][info][gc,metaspace] GC(87) Metaspace: 1838K(1920K)->1838K(1920K) NonClass: 1696K(1728K)->1696K(1728K) Class: 141K(192K)->141K(192K)
[8.496s][info][gc          ] GC(87) Pause Young (Normal) (G1 Evacuation Pause) 1708M->836M(1859M) 9.372ms
[8.496s][info][gc,cpu      ] GC(87) User=0.02s Sys=0.00s Real=0.01s
[8.579s][info][gc,start    ] GC(88) Pause Young (Normal) (G1 Evacuation Pause)
[8.579s][info][gc,task     ] GC(88) Using 10 workers of 10 for evacuation
[8.588s][info][gc,phases   ] GC(88)   Pre Evacuate Collection Set: 0.3ms
[8.588s][info][gc,phases   ] GC(88)   Merge Heap Roots: 0.1ms
[8.588s][info][gc,phases   ] GC(88)   Evacuate Collection Set: 8.1ms
[8.588s][info][gc,phases   ] GC(88)   Post Evacuate Collection Set: 0.6ms
[8.588s][info][gc,phases   ] GC(88)   Other: 0.1ms
[8.588s][info][gc,heap     ] GC(88) Eden regions: 860->0(860)
[8.588s][info][gc,heap     ] GC(88) Survivor regions: 67->66(116)
[8.588s][info][gc,heap     ] GC(88) Old regions: 713->723
[8.588s][info][gc,heap     ] GC(88) Humongous regions: 68->61
[8.588s][info][gc,metaspace] GC(88) Metaspace: 1838K(1920K)->1838K(1920K) NonClass: 1696K(1728K)->1696K(1728K) Class: 141K(192K)->141K(192K)
[8.589s][info][gc          ] GC(88) Pause Young (Normal) (G1 Evacuation Pause) 1706M->849M(1870M) 9.526ms
[8.589s][info][gc,cpu      ] GC(88) User=0.02s Sys=0.00s Real=0.01s
[8.672s][info][gc,start    ] GC(89) Pause Young (Normal) (G1 Evacuation Pause)
[8.672s][info][gc,task     ] GC(89) Using 10 workers of 10 for evacuation
[8.681s][info][gc,phases   ] GC(89)   Pre Evacuate Collection Set: 0.3ms
[8.681s][info][gc,phases   ] GC(89)   Merge Heap Roots: 0.2ms
[8.681s][info][gc,phases   ] GC(89)   Evacuate Collection Set: 7.8ms
[8.681s][info][gc,phases   ] GC(89)   Post Evacuate Collection Set: 0.6ms
[8.681s][info][gc,phases   ] GC(89)   Other: 0.1ms
[8.681s][info][gc,heap     ] GC(89) Eden regions: 860->0(850)
[8.681s][info][gc,heap     ] GC(89) Survivor regions: 66->65(116)
[8.681s][info][gc,heap     ] GC(89) Old regions: 723->733
[8.681s][info][gc,heap     ] GC(89) Humongous regions: 68->63
[8.681s][info][gc,metaspace] GC(89) Metaspace: 1838K(1920K)->1838K(1920K) NonClass: 1696K(1728K)->1696K(1728K) Class: 141K(192K)->141K(192K)
[8.681s][info][gc          ] GC(89) Pause Young (Normal) (G1 Evacuation Pause) 1716M->860M(1870M) 9.232ms
[8.681s][info][gc,cpu      ] GC(89) User=0.02s Sys=0.00s Real=0.01s
[8.764s][info][gc,start    ] GC(90) Pause Young (Normal) (G1 Evacuation Pause)
[8.764s][info][gc,task     ] GC(90) Using 10 workers of 10 for evacuation
[8.773s][info][gc,phases   ] GC(90)   Pre Evacuate Collection Set: 0.3ms
[8.773s][info][gc,phases   ] GC(90)   Merge Heap Roots: 0.2ms
[8.773s][info][gc,phases   ] GC(90)   Evacuate Collection Set: 7.8ms
[8.773s][info][gc,phases   ] GC(90)   Post Evacuate Collection Set: 0.6ms
[8.773s][info][gc,phases   ] GC(90)   Other: 0.1ms
[8.773s][info][gc,heap     ] GC(90) Eden regions: 850->0(838)
[8.773s][info][gc,heap     ] GC(90) Survivor regions: 65->64(115)
[8.773s][info][gc,heap     ] GC(90) Old regions: 733->743
[8.773s][info][gc,heap     ] GC(90) Humongous regions: 77->67
[8.773s][info][gc,metaspace] GC(90) Metaspace: 1838K(1920K)->1838K(1920K) NonClass: 1696K(1728K)->1696K(1728K) Class: 141K(192K)->141K(192K)
[8.773s][info][gc          ] GC(90) Pause Young (Normal) (G1 Evacuation Pause) 1724M->872M(1870M) 9.150ms
[8.773s][info][gc,cpu      ] GC(90) User=0.02s Sys=0.00s Real=0.01s
[8.854s][info][gc,start    ] GC(91) Pause Young (Normal) (G1 Evacuation Pause)
[8.854s][info][gc,task     ] GC(91) Using 10 workers of 10 for evacuation
[8.863s][info][gc,phases   ] GC(91)   Pre Evacuate Collection Set: 0.2ms
[8.863s][info][gc,phases   ] GC(91)   Merge Heap Roots: 0.2ms
[8.863s][info][gc,phases   ] GC(91)   Evacuate Collection Set: 7.5ms
[8.863s][info][gc,phases   ] GC(91)   Post Evacuate Collection Set: 0.7ms
[8.863s][info][gc,phases   ] GC(91)   Other: 0.1ms
[8.863s][info][gc,heap     ] GC(91) Eden regions: 838->0(837)
[8.863s][info][gc,heap     ] GC(91) Survivor regions: 64->60(113)
[8.863s][info][gc,heap     ] GC(91) Old regions: 743->753
[8.863s][info][gc,heap     ] GC(91) Humongous regions: 71->66
[8.863s][info][gc,metaspace] GC(91) Metaspace: 1840K(1920K)->1840K(1920K) NonClass: 1698K(1728K)->1698K(1728K) Class: 141K(192K)->141K(192K)
[8.863s][info][gc          ] GC(91) Pause Young (Normal) (G1 Evacuation Pause) 1714M->878M(1870M) 9.001ms
[8.863s][info][gc,cpu      ] GC(91) User=0.00s Sys=0.00s Real=0.01s
[8.943s][info][gc,start    ] GC(92) Pause Young (Normal) (G1 Evacuation Pause)
[8.943s][info][gc,task     ] GC(92) Using 10 workers of 10 for evacuation
[8.952s][info][gc,phases   ] GC(92)   Pre Evacuate Collection Set: 0.3ms
[8.952s][info][gc,phases   ] GC(92)   Merge Heap Roots: 0.2ms
[8.952s][info][gc,phases   ] GC(92)   Evacuate Collection Set: 7.4ms
[8.952s][info][gc,phases   ] GC(92)   Post Evacuate Collection Set: 0.6ms
[8.952s][info][gc,phases   ] GC(92)   Other: 0.1ms
[8.952s][info][gc,heap     ] GC(92) Eden regions: 837->0(827)
[8.952s][info][gc,heap     ] GC(92) Survivor regions: 60->70(113)
[8.952s][info][gc,heap     ] GC(92) Old regions: 753->753
[8.952s][info][gc,heap     ] GC(92) Humongous regions: 70->66
[8.952s][info][gc,metaspace] GC(92) Metaspace: 1840K(1920K)->1840K(1920K) NonClass: 1699K(1728K)->1699K(1728K) Class: 141K(192K)->141K(192K)
[8.952s][info][gc          ] GC(92) Pause Young (Normal) (G1 Evacuation Pause) 1719M->888M(1880M) 8.800ms
[8.952s][info][gc,cpu      ] GC(92) User=0.02s Sys=0.00s Real=0.01s
[9.032s][info][gc,start    ] GC(93) Pause Young (Normal) (G1 Evacuation Pause)
[9.032s][info][gc,task     ] GC(93) Using 10 workers of 10 for evacuation
[9.042s][info][gc,phases   ] GC(93)   Pre Evacuate Collection Set: 0.3ms
[9.042s][info][gc,phases   ] GC(93)   Merge Heap Roots: 0.2ms
[9.042s][info][gc,phases   ] GC(93)   Evacuate Collection Set: 8.2ms
[9.042s][info][gc,phases   ] GC(93)   Post Evacuate Collection Set: 0.6ms
[9.042s][info][gc,phases   ] GC(93)   Other: 0.1ms
[9.042s][info][gc,heap     ] GC(93) Eden regions: 827->0(815)
[9.042s][info][gc,heap     ] GC(93) Survivor regions: 70->70(113)
[9.042s][info][gc,heap     ] GC(93) Old regions: 753->764
[9.042s][info][gc,heap     ] GC(93) Humongous regions: 71->67
[9.042s][info][gc,metaspace] GC(93) Metaspace: 1840K(1920K)->1840K(1920K) NonClass: 1699K(1728K)->1699K(1728K) Class: 141K(192K)->141K(192K)
[9.042s][info][gc          ] GC(93) Pause Young (Normal) (G1 Evacuation Pause) 1720M->899M(1880M) 9.629ms
[9.042s][info][gc,cpu      ] GC(93) User=0.02s Sys=0.00s Real=0.01s
[9.120s][info][gc,start    ] GC(94) Pause Young (Normal) (G1 Evacuation Pause)
[9.120s][info][gc,task     ] GC(94) Using 10 workers of 10 for evacuation
[9.130s][info][gc,phases   ] GC(94)   Pre Evacuate Collection Set: 0.3ms
[9.130s][info][gc,phases   ] GC(94)   Merge Heap Roots: 0.1ms
[9.130s][info][gc,phases   ] GC(94)   Evacuate Collection Set: 8.2ms
[9.130s][info][gc,phases   ] GC(94)   Post Evacuate Collection Set: 0.6ms
[9.130s][info][gc,phases   ] GC(94)   Other: 0.1ms
[9.130s][info][gc,heap     ] GC(94) Eden regions: 815->0(808)
[9.130s][info][gc,heap     ] GC(94) Survivor regions: 70->70(111)
[9.130s][info][gc,heap     ] GC(94) Old regions: 764->772
[9.130s][info][gc,heap     ] GC(94) Humongous regions: 72->66
[9.130s][info][gc,metaspace] GC(94) Metaspace: 1840K(1920K)->1840K(1920K) NonClass: 1699K(1728K)->1699K(1728K) Class: 141K(192K)->141K(192K)
[9.130s][info][gc          ] GC(94) Pause Young (Normal) (G1 Evacuation Pause) 1719M->907M(1880M) 9.622ms
[9.130s][info][gc,cpu      ] GC(94) User=0.00s Sys=0.00s Real=0.01s
[9.208s][info][gc,start    ] GC(95) Pause Young (Normal) (G1 Evacuation Pause)
[9.208s][info][gc,task     ] GC(95) Using 10 workers of 10 for evacuation
[9.217s][info][gc,phases   ] GC(95)   Pre Evacuate Collection Set: 0.3ms
[9.217s][info][gc,phases   ] GC(95)   Merge Heap Roots: 0.2ms
[9.217s][info][gc,phases   ] GC(95)   Evacuate Collection Set: 8.3ms
[9.217s][info][gc,phases   ] GC(95)   Post Evacuate Collection Set: 0.6ms
[9.217s][info][gc,phases   ] GC(95)   Other: 0.1ms
[9.218s][info][gc,heap     ] GC(95) Eden regions: 808->0(803)
[9.218s][info][gc,heap     ] GC(95) Survivor regions: 70->68(110)
[9.218s][info][gc,heap     ] GC(95) Old regions: 772->781
[9.218s][info][gc,heap     ] GC(95) Humongous regions: 68->66
[9.218s][info][gc,metaspace] GC(95) Metaspace: 1840K(1920K)->1840K(1920K) NonClass: 1699K(1728K)->1699K(1728K) Class: 141K(192K)->141K(192K)
[9.218s][info][gc          ] GC(95) Pause Young (Normal) (G1 Evacuation Pause) 1717M->913M(1880M) 9.663ms
[9.218s][info][gc,cpu      ] GC(95) User=0.02s Sys=0.00s Real=0.01s
[9.272s][info][gc,start    ] GC(96) Pause Young (Concurrent Start) (G1 Humongous Allocation)
[9.272s][info][gc,task     ] GC(96) Using 10 workers of 10 for evacuation
[9.281s][info][gc,phases   ] GC(96)   Pre Evacuate Collection Set: 0.3ms
[9.281s][info][gc,phases   ] GC(96)   Merge Heap Roots: 0.1ms
[9.281s][info][gc,phases   ] GC(96)   Evacuate Collection Set: 7.9ms
[9.281s][info][gc,phases   ] GC(96)   Post Evacuate Collection Set: 0.6ms
[9.281s][info][gc,phases   ] GC(96)   Other: 0.1ms
[9.281s][info][gc,heap     ] GC(96) Eden regions: 567->0(807)
[9.281s][info][gc,heap     ] GC(96) Survivor regions: 68->67(109)
[9.281s][info][gc,heap     ] GC(96) Old regions: 781->789
[9.281s][info][gc,heap     ] GC(96) Humongous regions: 66->66
[9.281s][info][gc,metaspace] GC(96) Metaspace: 1840K(1920K)->1840K(1920K) NonClass: 1699K(1728K)->1699K(1728K) Class: 141K(192K)->141K(192K)
[9.281s][info][gc          ] GC(96) Pause Young (Concurrent Start) (G1 Humongous Allocation) 1480M->921M(1892M) 9.313ms
[9.281s][info][gc,cpu      ] GC(96) User=0.00s Sys=0.00s Real=0.01s
[9.281s][info][gc          ] GC(97) Concurrent Mark Cycle
[9.281s][info][gc,marking  ] GC(97) Concurrent Scan Root Regions
[9.284s][info][gc,marking  ] GC(97) Concurrent Scan Root Regions 2.652ms
[9.284s][info][gc,marking  ] GC(97) Concurrent Mark
[9.284s][info][gc,marking  ] GC(97) Concurrent Mark From Roots
[9.284s][info][gc,task     ] GC(97) Using 3 workers of 3 for marking
[9.360s][info][gc,start    ] GC(98) Pause Young (Normal) (G1 Evacuation Pause)
[9.360s][info][gc,task     ] GC(98) Using 10 workers of 10 for evacuation
[9.369s][info][gc,phases   ] GC(98)   Pre Evacuate Collection Set: 0.2ms
[9.369s][info][gc,phases   ] GC(98)   Merge Heap Roots: 0.2ms
[9.369s][info][gc,phases   ] GC(98)   Evacuate Collection Set: 8.1ms
[9.369s][info][gc,phases   ] GC(98)   Post Evacuate Collection Set: 0.6ms
[9.369s][info][gc,phases   ] GC(98)   Other: 0.1ms
[9.369s][info][gc,heap     ] GC(98) Eden regions: 807->0(801)
[9.369s][info][gc,heap     ] GC(98) Survivor regions: 67->65(110)
[9.369s][info][gc,heap     ] GC(98) Old regions: 789->798
[9.369s][info][gc,heap     ] GC(98) Humongous regions: 70->67
[9.369s][info][gc,metaspace] GC(98) Metaspace: 1840K(1920K)->1840K(1920K) NonClass: 1699K(1728K)->1699K(1728K) Class: 141K(192K)->141K(192K)
[9.369s][info][gc          ] GC(98) Pause Young (Normal) (G1 Evacuation Pause) 1732M->929M(1892M) 9.407ms
[9.369s][info][gc,cpu      ] GC(98) User=0.02s Sys=0.00s Real=0.01s
[9.411s][info][gc,marking  ] GC(97) Concurrent Mark From Roots 127.232ms
[9.412s][info][gc,marking  ] GC(97) Concurrent Preclean
[9.412s][info][gc,marking  ] GC(97) Concurrent Preclean 0.085ms
[9.412s][info][gc,start    ] GC(97) Pause Remark
[9.414s][info][gc          ] GC(97) Pause Remark 1386M->1234M(2048M) 1.794ms
[9.414s][info][gc,cpu      ] GC(97) User=0.00s Sys=0.00s Real=0.00s
[9.414s][info][gc,marking  ] GC(97) Concurrent Mark 129.690ms
[9.414s][info][gc,marking  ] GC(97) Concurrent Rebuild Remembered Sets and Scrub Regions
[9.454s][info][gc,start    ] GC(99) Pause Young (Normal) (G1 Evacuation Pause)
[9.454s][info][gc,task     ] GC(99) Using 10 workers of 10 for evacuation
[9.463s][info][gc,phases   ] GC(99)   Pre Evacuate Collection Set: 0.2ms
[9.463s][info][gc,phases   ] GC(99)   Merge Heap Roots: 0.2ms
[9.463s][info][gc,phases   ] GC(99)   Evacuate Collection Set: 7.7ms
[9.463s][info][gc,phases   ] GC(99)   Post Evacuate Collection Set: 0.6ms
[9.463s][info][gc,phases   ] GC(99)   Other: 0.1ms
[9.463s][info][gc,heap     ] GC(99) Eden regions: 794->0(1089)
[9.463s][info][gc,heap     ] GC(99) Survivor regions: 65->67(108)
[9.463s][info][gc,heap     ] GC(99) Old regions: 670->679
[9.463s][info][gc,heap     ] GC(99) Humongous regions: 46->43
[9.463s][info][gc,metaspace] GC(99) Metaspace: 1840K(1920K)->1840K(1920K) NonClass: 1699K(1728K)->1699K(1728K) Class: 141K(192K)->141K(192K)
[9.463s][info][gc          ] GC(99) Pause Young (Normal) (G1 Evacuation Pause) 1574M->787M(2048M) 9.040ms
[9.463s][info][gc,cpu      ] GC(99) User=0.02s Sys=0.00s Real=0.01s
[9.470s][info][gc,marking  ] GC(97) Concurrent Rebuild Remembered Sets and Scrub Regions 56.035ms
[9.470s][info][gc,start    ] GC(97) Pause Cleanup
[9.471s][info][gc          ] GC(97) Pause Cleanup 854M->854M(2048M) 0.488ms
[9.471s][info][gc,cpu      ] GC(97) User=0.00s Sys=0.00s Real=0.00s
[9.471s][info][gc,marking  ] GC(97) Concurrent Clear Claimed Marks
[9.471s][info][gc,marking  ] GC(97) Concurrent Clear Claimed Marks 0.038ms
[9.471s][info][gc,marking  ] GC(97) Concurrent Cleanup for Next Mark
[9.483s][info][gc,marking  ] GC(97) Concurrent Cleanup for Next Mark 12.071ms
[9.483s][info][gc          ] GC(97) Concurrent Mark Cycle 201.647ms
[9.571s][info][gc,start    ] GC(100) Pause Young (Prepare Mixed) (G1 Evacuation Pause)
[9.571s][info][gc,task     ] GC(100) Using 10 workers of 10 for evacuation
[9.582s][info][gc,phases   ] GC(100)   Pre Evacuate Collection Set: 0.3ms
[9.582s][info][gc,phases   ] GC(100)   Merge Heap Roots: 0.2ms
[9.582s][info][gc,phases   ] GC(100)   Evacuate Collection Set: 8.8ms
[9.582s][info][gc,phases   ] GC(100)   Post Evacuate Collection Set: 0.8ms
[9.582s][info][gc,phases   ] GC(100)   Other: 0.1ms
[9.582s][info][gc,heap     ] GC(100) Eden regions: 1089->0(1066)
[9.582s][info][gc,heap     ] GC(100) Survivor regions: 67->78(145)
[9.582s][info][gc,heap     ] GC(100) Old regions: 679->679
[9.582s][info][gc,heap     ] GC(100) Humongous regions: 50->44
[9.582s][info][gc,metaspace] GC(100) Metaspace: 1840K(1920K)->1840K(1920K) NonClass: 1699K(1728K)->1699K(1728K) Class: 141K(192K)->141K(192K)
[9.582s][info][gc          ] GC(100) Pause Young (Prepare Mixed) (G1 Evacuation Pause) 1883M->799M(2048M) 10.420ms
[9.582s][info][gc,cpu      ] GC(100) User=0.00s Sys=0.00s Real=0.01s
[9.688s][info][gc,start    ] GC(101) Pause Young (Mixed) (G1 Evacuation Pause)
[9.688s][info][gc,task     ] GC(101) Using 10 workers of 10 for evacuation
[9.703s][info][gc,phases   ] GC(101)   Pre Evacuate Collection Set: 0.4ms
[9.703s][info][gc,phases   ] GC(101)   Merge Heap Roots: 0.3ms
[9.703s][info][gc,phases   ] GC(101)   Evacuate Collection Set: 12.9ms
[9.703s][info][gc,phases   ] GC(101)   Post Evacuate Collection Set: 0.8ms
[9.703s][info][gc,phases   ] GC(101)   Other: 0.1ms
[9.703s][info][gc,heap     ] GC(101) Eden regions: 1066->0(1136)
[9.703s][info][gc,heap     ] GC(101) Survivor regions: 78->92(143)
[9.703s][info][gc,heap     ] GC(101) Old regions: 679->479
[9.703s][info][gc,heap     ] GC(101) Humongous regions: 54->48
[9.703s][info][gc,metaspace] GC(101) Metaspace: 1840K(1920K)->1840K(1920K) NonClass: 1699K(1728K)->1699K(1728K) Class: 141K(192K)->141K(192K)
[9.703s][info][gc          ] GC(101) Pause Young (Mixed) (G1 Evacuation Pause) 1875M->618M(2048M) 14.866ms
[9.703s][info][gc,cpu      ] GC(101) User=0.02s Sys=0.00s Real=0.02s
[9.813s][info][gc,start    ] GC(102) Pause Young (Mixed) (G1 Evacuation Pause)
[9.813s][info][gc,task     ] GC(102) Using 10 workers of 10 for evacuation
[9.828s][info][gc,phases   ] GC(102)   Pre Evacuate Collection Set: 0.3ms
[9.828s][info][gc,phases   ] GC(102)   Merge Heap Roots: 0.2ms
[9.828s][info][gc,phases   ] GC(102)   Evacuate Collection Set: 13.8ms
[9.828s][info][gc,phases   ] GC(102)   Post Evacuate Collection Set: 0.7ms
[9.828s][info][gc,phases   ] GC(102)   Other: 0.1ms
[9.828s][info][gc,heap     ] GC(102) Eden regions: 1136->0(1128)
[9.828s][info][gc,heap     ] GC(102) Survivor regions: 92->100(154)
[9.828s][info][gc,heap     ] GC(102) Old regions: 479->483
[9.828s][info][gc,heap     ] GC(102) Humongous regions: 58->48
[9.828s][info][gc,metaspace] GC(102) Metaspace: 1840K(1920K)->1840K(1920K) NonClass: 1699K(1728K)->1699K(1728K) Class: 141K(192K)->141K(192K)
[9.828s][info][gc          ] GC(102) Pause Young (Mixed) (G1 Evacuation Pause) 1764M->630M(2048M) 15.470ms
[9.828s][info][gc,cpu      ] GC(102) User=0.02s Sys=0.00s Real=0.02s
[9.937s][info][gc,start    ] GC(103) Pause Young (Normal) (G1 Evacuation Pause)
[9.937s][info][gc,task     ] GC(103) Using 10 workers of 10 for evacuation
[9.950s][info][gc,phases   ] GC(103)   Pre Evacuate Collection Set: 0.3ms
[9.950s][info][gc,phases   ] GC(103)   Merge Heap Roots: 0.2ms
[9.950s][info][gc,phases   ] GC(103)   Evacuate Collection Set: 12.2ms
[9.950s][info][gc,phases   ] GC(103)   Post Evacuate Collection Set: 0.7ms
[9.950s][info][gc,phases   ] GC(103)   Other: 0.2ms
[9.950s][info][gc,heap     ] GC(103) Eden regions: 1128->0(1136)
[9.950s][info][gc,heap     ] GC(103) Survivor regions: 100->92(154)
[9.950s][info][gc,heap     ] GC(103) Old regions: 483->504
[9.950s][info][gc,heap     ] GC(103) Humongous regions: 56->48
[9.950s][info][gc,metaspace] GC(103) Metaspace: 1840K(1920K)->1840K(1920K) NonClass: 1699K(1728K)->1699K(1728K) Class: 141K(192K)->141K(192K)
[9.950s][info][gc          ] GC(103) Pause Young (Normal) (G1 Evacuation Pause) 1766M->643M(2048M) 13.848ms
[9.950s][info][gc,cpu      ] GC(103) User=0.00s Sys=0.00s Real=0.01s
[10.059s][info][gc,start    ] GC(104) Pause Young (Normal) (G1 Evacuation Pause)
[10.059s][info][gc,task     ] GC(104) Using 10 workers of 10 for evacuation
[10.072s][info][gc,phases   ] GC(104)   Pre Evacuate Collection Set: 0.3ms
[10.072s][info][gc,phases   ] GC(104)   Merge Heap Roots: 0.2ms
[10.072s][info][gc,phases   ] GC(104)   Evacuate Collection Set: 11.2ms
[10.072s][info][gc,phases   ] GC(104)   Post Evacuate Collection Set: 0.7ms
[10.072s][info][gc,phases   ] GC(104)   Other: 0.1ms
[10.072s][info][gc,heap     ] GC(104) Eden regions: 1136->0(1133)
[10.072s][info][gc,heap     ] GC(104) Survivor regions: 92->95(154)
[10.072s][info][gc,heap     ] GC(104) Old regions: 504->511
[10.072s][info][gc,heap     ] GC(104) Humongous regions: 51->49
[10.072s][info][gc,metaspace] GC(104) Metaspace: 1840K(1920K)->1840K(1920K) NonClass: 1699K(1728K)->1699K(1728K) Class: 141K(192K)->141K(192K)
[10.072s][info][gc          ] GC(104) Pause Young (Normal) (G1 Evacuation Pause) 1782M->654M(2048M) 12.790ms
[10.072s][info][gc,cpu      ] GC(104) User=0.02s Sys=0.00s Real=0.01s
[10.181s][info][gc,start    ] GC(105) Pause Young (Normal) (G1 Evacuation Pause)
[10.181s][info][gc,task     ] GC(105) Using 10 workers of 10 for evacuation
[10.194s][info][gc,phases   ] GC(105)   Pre Evacuate Collection Set: 0.3ms
[10.194s][info][gc,phases   ] GC(105)   Merge Heap Roots: 0.2ms
[10.194s][info][gc,phases   ] GC(105)   Evacuate Collection Set: 11.7ms
[10.194s][info][gc,phases   ] GC(105)   Post Evacuate Collection Set: 0.7ms
[10.194s][info][gc,phases   ] GC(105)   Other: 0.1ms
[10.194s][info][gc,heap     ] GC(105) Eden regions: 1133->0(1137)
[10.194s][info][gc,heap     ] GC(105) Survivor regions: 95->91(154)
[10.194s][info][gc,heap     ] GC(105) Old regions: 511->526
[10.194s][info][gc,heap     ] GC(105) Humongous regions: 51->49
[10.194s][info][gc,metaspace] GC(105) Metaspace: 1840K(1920K)->1840K(1920K) NonClass: 1699K(1728K)->1699K(1728K) Class: 141K(192K)->141K(192K)
[10.194s][info][gc          ] GC(105) Pause Young (Normal) (G1 Evacuation Pause) 1789M->665M(2048M) 13.206ms
[10.194s][info][gc,cpu      ] GC(105) User=0.00s Sys=0.00s Real=0.01s
[10.304s][info][gc,start    ] GC(106) Pause Young (Normal) (G1 Evacuation Pause)
[10.304s][info][gc,task     ] GC(106) Using 10 workers of 10 for evacuation
[10.316s][info][gc,phases   ] GC(106)   Pre Evacuate Collection Set: 0.3ms
[10.316s][info][gc,phases   ] GC(106)   Merge Heap Roots: 0.2ms
[10.316s][info][gc,phases   ] GC(106)   Evacuate Collection Set: 11.1ms
[10.316s][info][gc,phases   ] GC(106)   Post Evacuate Collection Set: 0.7ms
[10.316s][info][gc,phases   ] GC(106)   Other: 0.1ms
[10.316s][info][gc,heap     ] GC(106) Eden regions: 1137->0(1132)
[10.316s][info][gc,heap     ] GC(106) Survivor regions: 91->96(154)
[10.316s][info][gc,heap     ] GC(106) Old regions: 526->533
[10.316s][info][gc,heap     ] GC(106) Humongous regions: 56->50
[10.316s][info][gc,metaspace] GC(106) Metaspace: 1840K(1920K)->1840K(1920K) NonClass: 1699K(1728K)->1699K(1728K) Class: 141K(192K)->141K(192K)
[10.316s][info][gc          ] GC(106) Pause Young (Normal) (G1 Evacuation Pause) 1809M->677M(2048M) 12.587ms
[10.316s][info][gc,cpu      ] GC(106) User=0.00s Sys=0.00s Real=0.01s
[10.425s][info][gc,start    ] GC(107) Pause Young (Normal) (G1 Evacuation Pause)
[10.425s][info][gc,task     ] GC(107) Using 10 workers of 10 for evacuation
[10.438s][info][gc,phases   ] GC(107)   Pre Evacuate Collection Set: 0.3ms
[10.438s][info][gc,phases   ] GC(107)   Merge Heap Roots: 0.2ms
[10.438s][info][gc,phases   ] GC(107)   Evacuate Collection Set: 11.3ms
[10.438s][info][gc,phases   ] GC(107)   Post Evacuate Collection Set: 0.9ms
[10.438s][info][gc,phases   ] GC(107)   Other: 0.1ms
[10.438s][info][gc,heap     ] GC(107) Eden regions: 1132->0(1144)
[10.438s][info][gc,heap     ] GC(107) Survivor regions: 96->84(154)
[10.438s][info][gc,heap     ] GC(107) Old regions: 533->555
[10.438s][info][gc,heap     ] GC(107) Humongous regions: 56->51
[10.438s][info][gc,metaspace] GC(107) Metaspace: 1840K(1920K)->1840K(1920K) NonClass: 1699K(1728K)->1699K(1728K) Class: 141K(192K)->141K(192K)
[10.438s][info][gc          ] GC(107) Pause Young (Normal) (G1 Evacuation Pause) 1815M->688M(2048M) 12.973ms
[10.438s][info][gc,cpu      ] GC(107) User=0.02s Sys=0.00s Real=0.01s
[10.548s][info][gc,start    ] GC(108) Pause Young (Normal) (G1 Evacuation Pause)
[10.548s][info][gc,task     ] GC(108) Using 10 workers of 10 for evacuation
[10.559s][info][gc,phases   ] GC(108)   Pre Evacuate Collection Set: 0.3ms
[10.560s][info][gc,phases   ] GC(108)   Merge Heap Roots: 0.2ms
[10.560s][info][gc,phases   ] GC(108)   Evacuate Collection Set: 10.3ms
[10.560s][info][gc,phases   ] GC(108)   Post Evacuate Collection Set: 0.7ms
[10.560s][info][gc,phases   ] GC(108)   Other: 0.1ms
[10.560s][info][gc,heap     ] GC(108) Eden regions: 1144->0(1133)
[10.560s][info][gc,heap     ] GC(108) Survivor regions: 84->95(154)
[10.560s][info][gc,heap     ] GC(108) Old regions: 555->555
[10.560s][info][gc,heap     ] GC(108) Humongous regions: 59->54
[10.560s][info][gc,metaspace] GC(108) Metaspace: 1840K(1920K)->1840K(1920K) NonClass: 1699K(1728K)->1699K(1728K) Class: 141K(192K)->141K(192K)
[10.560s][info][gc          ] GC(108) Pause Young (Normal) (G1 Evacuation Pause) 1840M->702M(2048M) 11.749ms
[10.560s][info][gc,cpu      ] GC(108) User=0.03s Sys=0.00s Real=0.01s
[10.669s][info][gc,start    ] GC(109) Pause Young (Normal) (G1 Evacuation Pause)
[10.669s][info][gc,task     ] GC(109) Using 10 workers of 10 for evacuation
[10.682s][info][gc,phases   ] GC(109)   Pre Evacuate Collection Set: 0.3ms
[10.682s][info][gc,phases   ] GC(109)   Merge Heap Roots: 0.2ms
[10.682s][info][gc,phases   ] GC(109)   Evacuate Collection Set: 11.8ms
[10.682s][info][gc,phases   ] GC(109)   Post Evacuate Collection Set: 0.7ms
[10.682s][info][gc,phases   ] GC(109)   Other: 0.1ms
[10.682s][info][gc,heap     ] GC(109) Eden regions: 1133->0(1138)
[10.682s][info][gc,heap     ] GC(109) Survivor regions: 95->90(154)
[10.682s][info][gc,heap     ] GC(109) Old regions: 555->569
[10.682s][info][gc,heap     ] GC(109) Humongous regions: 67->56
[10.682s][info][gc,metaspace] GC(109) Metaspace: 1840K(1920K)->1840K(1920K) NonClass: 1699K(1728K)->1699K(1728K) Class: 141K(192K)->141K(192K)
[10.682s][info][gc          ] GC(109) Pause Young (Normal) (G1 Evacuation Pause) 1848M->714M(2048M) 13.357ms
[10.682s][info][gc,cpu      ] GC(109) User=0.02s Sys=0.00s Real=0.01s
[10.791s][info][gc,start    ] GC(110) Pause Young (Normal) (G1 Evacuation Pause)
[10.791s][info][gc,task     ] GC(110) Using 10 workers of 10 for evacuation
[10.804s][info][gc,phases   ] GC(110)   Pre Evacuate Collection Set: 0.3ms
[10.804s][info][gc,phases   ] GC(110)   Merge Heap Roots: 0.2ms
[10.804s][info][gc,phases   ] GC(110)   Evacuate Collection Set: 10.9ms
[10.804s][info][gc,phases   ] GC(110)   Post Evacuate Collection Set: 0.7ms
[10.804s][info][gc,phases   ] GC(110)   Other: 0.2ms
[10.804s][info][gc,heap     ] GC(110) Eden regions: 1138->0(1132)
[10.804s][info][gc,heap     ] GC(110) Survivor regions: 90->87(154)
[10.804s][info][gc,heap     ] GC(110) Old regions: 569->583
[10.804s][info][gc,heap     ] GC(110) Humongous regions: 57->56
[10.804s][info][gc,metaspace] GC(110) Metaspace: 1840K(1920K)->1840K(1920K) NonClass: 1699K(1728K)->1699K(1728K) Class: 141K(192K)->141K(192K)
[10.804s][info][gc          ] GC(110) Pause Young (Normal) (G1 Evacuation Pause) 1853M->724M(2048M) 12.572ms
[10.804s][info][gc,cpu      ] GC(110) User=0.05s Sys=0.00s Real=0.01s
[10.914s][info][gc,start    ] GC(111) Pause Young (Normal) (G1 Evacuation Pause)
[10.914s][info][gc,task     ] GC(111) Using 10 workers of 10 for evacuation
[10.925s][info][gc,phases   ] GC(111)   Pre Evacuate Collection Set: 0.3ms
[10.926s][info][gc,phases   ] GC(111)   Merge Heap Roots: 0.2ms
[10.926s][info][gc,phases   ] GC(111)   Evacuate Collection Set: 10.5ms
[10.926s][info][gc,phases   ] GC(111)   Post Evacuate Collection Set: 0.8ms
[10.926s][info][gc,phases   ] GC(111)   Other: 0.1ms
[10.926s][info][gc,heap     ] GC(111) Eden regions: 1132->0(1117)
[10.926s][info][gc,heap     ] GC(111) Survivor regions: 87->88(153)
[10.926s][info][gc,heap     ] GC(111) Old regions: 583->595
[10.926s][info][gc,heap     ] GC(111) Humongous regions: 61->57
[10.926s][info][gc,metaspace] GC(111) Metaspace: 1840K(1920K)->1840K(1920K) NonClass: 1699K(1728K)->1699K(1728K) Class: 141K(192K)->141K(192K)
[10.926s][info][gc          ] GC(111) Pause Young (Normal) (G1 Evacuation Pause) 1861M->739M(2048M) 12.153ms
[10.926s][info][gc,cpu      ] GC(111) User=0.00s Sys=0.00s Real=0.01s
[11.033s][info][gc,start    ] GC(112) Pause Young (Normal) (G1 Evacuation Pause)
[11.033s][info][gc,task     ] GC(112) Using 10 workers of 10 for evacuation
[11.045s][info][gc,phases   ] GC(112)   Pre Evacuate Collection Set: 0.3ms
[11.045s][info][gc,phases   ] GC(112)   Merge Heap Roots: 0.2ms
[11.045s][info][gc,phases   ] GC(112)   Evacuate Collection Set: 10.9ms
[11.045s][info][gc,phases   ] GC(112)   Post Evacuate Collection Set: 0.7ms
[11.045s][info][gc,phases   ] GC(112)   Other: 0.1ms
[11.045s][info][gc,heap     ] GC(112) Eden regions: 1117->0(1102)
[11.045s][info][gc,heap     ] GC(112) Survivor regions: 88->89(151)
[11.046s][info][gc,heap     ] GC(112) Old regions: 595->608
[11.046s][info][gc,heap     ] GC(112) Humongous regions: 66->57
[11.046s][info][gc,metaspace] GC(112) Metaspace: 1840K(1920K)->1840K(1920K) NonClass: 1699K(1728K)->1699K(1728K) Class: 141K(192K)->141K(192K)
[11.046s][info][gc          ] GC(112) Pause Young (Normal) (G1 Evacuation Pause) 1865M->753M(2048M) 12.477ms
[11.046s][info][gc,cpu      ] GC(112) User=0.02s Sys=0.00s Real=0.01s
[11.152s][info][gc,start    ] GC(113) Pause Young (Normal) (G1 Evacuation Pause)
[11.155s][info][gc,task     ] GC(113) Using 10 workers of 10 for evacuation
[11.171s][info][gc,phases   ] GC(113)   Pre Evacuate Collection Set: 0.5ms
[11.171s][info][gc,phases   ] GC(113)   Merge Heap Roots: 0.6ms
[11.171s][info][gc,phases   ] GC(113)   Evacuate Collection Set: 13.1ms
[11.171s][info][gc,phases   ] GC(113)   Post Evacuate Collection Set: 0.9ms
[11.171s][info][gc,phases   ] GC(113)   Other: 0.3ms
[11.171s][info][gc,heap     ] GC(113) Eden regions: 1102->0(1081)
[11.171s][info][gc,heap     ] GC(113) Survivor regions: 89->95(149)
[11.171s][info][gc,heap     ] GC(113) Old regions: 608->617
[11.171s][info][gc,heap     ] GC(113) Humongous regions: 64->57
[11.171s][info][gc,metaspace] GC(113) Metaspace: 1840K(1920K)->1840K(1920K) NonClass: 1699K(1728K)->1699K(1728K) Class: 141K(192K)->141K(192K)
[11.171s][info][gc          ] GC(113) Pause Young (Normal) (G1 Evacuation Pause) 1862M->768M(2048M) 19.365ms
[11.171s][info][gc,cpu      ] GC(113) User=0.02s Sys=0.00s Real=0.02s
[11.274s][info][gc,start    ] GC(114) Pause Young (Normal) (G1 Evacuation Pause)
[11.274s][info][gc,task     ] GC(114) Using 10 workers of 10 for evacuation
[11.286s][info][gc,phases   ] GC(114)   Pre Evacuate Collection Set: 0.3ms
[11.286s][info][gc,phases   ] GC(114)   Merge Heap Roots: 0.2ms
[11.286s][info][gc,phases   ] GC(114)   Evacuate Collection Set: 10.2ms
[11.286s][info][gc,phases   ] GC(114)   Post Evacuate Collection Set: 0.7ms
[11.286s][info][gc,phases   ] GC(114)   Other: 0.1ms
[11.286s][info][gc,heap     ] GC(114) Eden regions: 1081->0(1095)
[11.286s][info][gc,heap     ] GC(114) Survivor regions: 95->77(147)
[11.286s][info][gc,heap     ] GC(114) Old regions: 617->637
[11.286s][info][gc,heap     ] GC(114) Humongous regions: 65->59
[11.286s][info][gc,metaspace] GC(114) Metaspace: 1840K(1920K)->1840K(1920K) NonClass: 1699K(1728K)->1699K(1728K) Class: 141K(192K)->141K(192K)
[11.286s][info][gc          ] GC(114) Pause Young (Normal) (G1 Evacuation Pause) 1857M->772M(2048M) 11.694ms
[11.286s][info][gc,cpu      ] GC(114) User=0.00s Sys=0.00s Real=0.01s
[11.392s][info][gc,start    ] GC(115) Pause Young (Normal) (G1 Evacuation Pause)
[11.392s][info][gc,task     ] GC(115) Using 10 workers of 10 for evacuation
[11.403s][info][gc,phases   ] GC(115)   Pre Evacuate Collection Set: 0.3ms
[11.403s][info][gc,phases   ] GC(115)   Merge Heap Roots: 0.2ms
[11.403s][info][gc,phases   ] GC(115)   Evacuate Collection Set: 9.8ms
[11.403s][info][gc,phases   ] GC(115)   Post Evacuate Collection Set: 0.7ms
[11.403s][info][gc,phases   ] GC(115)   Other: 0.1ms
[11.403s][info][gc,heap     ] GC(115) Eden regions: 1095->0(1064)
[11.403s][info][gc,heap     ] GC(115) Survivor regions: 77->92(147)
[11.403s][info][gc,heap     ] GC(115) Old regions: 637->637
[11.403s][info][gc,heap     ] GC(115) Humongous regions: 71->60
[11.403s][info][gc,metaspace] GC(115) Metaspace: 1840K(1920K)->1840K(1920K) NonClass: 1699K(1728K)->1699K(1728K) Class: 141K(192K)->141K(192K)
[11.403s][info][gc          ] GC(115) Pause Young (Normal) (G1 Evacuation Pause) 1879M->788M(2048M) 11.357ms
[11.403s][info][gc,cpu      ] GC(115) User=0.02s Sys=0.00s Real=0.01s
[11.506s][info][gc,start    ] GC(116) Pause Young (Normal) (G1 Evacuation Pause)
[11.506s][info][gc,task     ] GC(116) Using 10 workers of 10 for evacuation
[11.518s][info][gc,phases   ] GC(116)   Pre Evacuate Collection Set: 0.3ms
[11.518s][info][gc,phases   ] GC(116)   Merge Heap Roots: 0.2ms
[11.518s][info][gc,phases   ] GC(116)   Evacuate Collection Set: 10.4ms
[11.518s][info][gc,phases   ] GC(116)   Post Evacuate Collection Set: 0.7ms
[11.518s][info][gc,phases   ] GC(116)   Other: 0.1ms
[11.518s][info][gc,heap     ] GC(116) Eden regions: 1064->0(1058)
[11.518s][info][gc,heap     ] GC(116) Survivor regions: 92->88(145)
[11.518s][info][gc,heap     ] GC(116) Old regions: 637->649
[11.518s][info][gc,heap     ] GC(116) Humongous regions: 69->62
[11.518s][info][gc,metaspace] GC(116) Metaspace: 1840K(1920K)->1840K(1920K) NonClass: 1699K(1728K)->1699K(1728K) Class: 141K(192K)->141K(192K)
[11.518s][info][gc          ] GC(116) Pause Young (Normal) (G1 Evacuation Pause) 1861M->797M(2048M) 11.875ms
[11.518s][info][gc,cpu      ] GC(116) User=0.02s Sys=0.00s Real=0.01s
[11.619s][info][gc,start    ] GC(117) Pause Young (Normal) (G1 Evacuation Pause)
[11.620s][info][gc,task     ] GC(117) Using 10 workers of 10 for evacuation
[11.631s][info][gc,phases   ] GC(117)   Pre Evacuate Collection Set: 0.3ms
[11.631s][info][gc,phases   ] GC(117)   Merge Heap Roots: 0.2ms
[11.631s][info][gc,phases   ] GC(117)   Evacuate Collection Set: 10.2ms
[11.631s][info][gc,phases   ] GC(117)   Post Evacuate Collection Set: 0.6ms
[11.631s][info][gc,phases   ] GC(117)   Other: 0.1ms
[11.631s][info][gc,heap     ] GC(117) Eden regions: 1058->0(1051)
[11.631s][info][gc,heap     ] GC(117) Survivor regions: 88->86(144)
[11.631s][info][gc,heap     ] GC(117) Old regions: 649->660
[11.631s][info][gc,heap     ] GC(117) Humongous regions: 63->62
[11.631s][info][gc,metaspace] GC(117) Metaspace: 1840K(1920K)->1840K(1920K) NonClass: 1699K(1728K)->1699K(1728K) Class: 141K(192K)->141K(192K)
[11.631s][info][gc          ] GC(117) Pause Young (Normal) (G1 Evacuation Pause) 1856M->807M(2048M) 11.652ms
[11.631s][info][gc,cpu      ] GC(117) User=0.00s Sys=0.00s Real=0.01s
[11.732s][info][gc,start    ] GC(118) Pause Young (Normal) (G1 Evacuation Pause)
[11.732s][info][gc,task     ] GC(118) Using 10 workers of 10 for evacuation
[11.744s][info][gc,phases   ] GC(118)   Pre Evacuate Collection Set: 0.3ms
[11.744s][info][gc,phases   ] GC(118)   Merge Heap Roots: 0.2ms
[11.744s][info][gc,phases   ] GC(118)   Evacuate Collection Set: 10.3ms
[11.744s][info][gc,phases   ] GC(118)   Post Evacuate Collection Set: 0.7ms
[11.744s][info][gc,phases   ] GC(118)   Other: 0.1ms
[11.744s][info][gc,heap     ] GC(118) Eden regions: 1051->0(1034)
[11.744s][info][gc,heap     ] GC(118) Survivor regions: 86->89(143)
[11.744s][info][gc,heap     ] GC(118) Old regions: 660->670
[11.744s][info][gc,heap     ] GC(118) Humongous regions: 67->63
[11.744s][info][gc,metaspace] GC(118) Metaspace: 1840K(1920K)->1840K(1920K) NonClass: 1699K(1728K)->1699K(1728K) Class: 141K(192K)->141K(192K)
[11.744s][info][gc          ] GC(118) Pause Young (Normal) (G1 Evacuation Pause) 1863M->821M(2048M) 11.912ms
[11.744s][info][gc,cpu      ] GC(118) User=0.02s Sys=0.00s Real=0.01s
[11.843s][info][gc,start    ] GC(119) Pause Young (Normal) (G1 Evacuation Pause)
[11.844s][info][gc,task     ] GC(119) Using 10 workers of 10 for evacuation
[11.857s][info][gc,phases   ] GC(119)   Pre Evacuate Collection Set: 0.3ms
[11.857s][info][gc,phases   ] GC(119)   Merge Heap Roots: 0.2ms
[11.857s][info][gc,phases   ] GC(119)   Evacuate Collection Set: 12.2ms
[11.857s][info][gc,phases   ] GC(119)   Post Evacuate Collection Set: 0.7ms
[11.857s][info][gc,phases   ] GC(119)   Other: 0.1ms
[11.857s][info][gc,heap     ] GC(119) Eden regions: 1034->0(1028)
[11.857s][info][gc,heap     ] GC(119) Survivor regions: 89->85(141)
[11.857s][info][gc,heap     ] GC(119) Old regions: 670->683
[11.857s][info][gc,heap     ] GC(119) Humongous regions: 68->64
[11.857s][info][gc,metaspace] GC(119) Metaspace: 1840K(1920K)->1840K(1920K) NonClass: 1699K(1728K)->1699K(1728K) Class: 141K(192K)->141K(192K)
[11.857s][info][gc          ] GC(119) Pause Young (Normal) (G1 Evacuation Pause) 1860M->831M(2048M) 13.891ms
[11.857s][info][gc,cpu      ] GC(119) User=0.02s Sys=0.00s Real=0.01s
[11.956s][info][gc,start    ] GC(120) Pause Young (Normal) (G1 Evacuation Pause)
[11.956s][info][gc,task     ] GC(120) Using 10 workers of 10 for evacuation
[11.967s][info][gc,phases   ] GC(120)   Pre Evacuate Collection Set: 0.3ms
[11.967s][info][gc,phases   ] GC(120)   Merge Heap Roots: 0.2ms
[11.967s][info][gc,phases   ] GC(120)   Evacuate Collection Set: 9.9ms
[11.967s][info][gc,phases   ] GC(120)   Post Evacuate Collection Set: 0.6ms
[11.967s][info][gc,phases   ] GC(120)   Other: 0.1ms
[11.967s][info][gc,heap     ] GC(120) Eden regions: 1028->0(1022)
[11.968s][info][gc,heap     ] GC(120) Survivor regions: 85->81(140)
[11.968s][info][gc,heap     ] GC(120) Old regions: 683->696
[11.968s][info][gc,heap     ] GC(120) Humongous regions: 70->65
[11.968s][info][gc,metaspace] GC(120) Metaspace: 1840K(1920K)->1840K(1920K) NonClass: 1699K(1728K)->1699K(1728K) Class: 141K(192K)->141K(192K)
[11.968s][info][gc          ] GC(120) Pause Young (Normal) (G1 Evacuation Pause) 1865M->841M(2048M) 11.328ms
[11.968s][info][gc,cpu      ] GC(120) User=0.02s Sys=0.00s Real=0.01s
[12.066s][info][gc,start    ] GC(121) Pause Young (Normal) (G1 Evacuation Pause)
[12.066s][info][gc,task     ] GC(121) Using 10 workers of 10 for evacuation
[12.077s][info][gc,phases   ] GC(121)   Pre Evacuate Collection Set: 0.3ms
[12.077s][info][gc,phases   ] GC(121)   Merge Heap Roots: 0.2ms
[12.077s][info][gc,phases   ] GC(121)   Evacuate Collection Set: 9.7ms
[12.077s][info][gc,phases   ] GC(121)   Post Evacuate Collection Set: 0.6ms
[12.077s][info][gc,phases   ] GC(121)   Other: 0.1ms
[12.077s][info][gc,heap     ] GC(121) Eden regions: 1022->0(1012)
[12.077s][info][gc,heap     ] GC(121) Survivor regions: 81->78(138)
[12.077s][info][gc,heap     ] GC(121) Old regions: 696->710
[12.077s][info][gc,heap     ] GC(121) Humongous regions: 71->67
[12.077s][info][gc,metaspace] GC(121) Metaspace: 1840K(1920K)->1840K(1920K) NonClass: 1699K(1728K)->1699K(1728K) Class: 141K(192K)->141K(192K)
[12.077s][info][gc          ] GC(121) Pause Young (Normal) (G1 Evacuation Pause) 1869M->854M(2048M) 11.267ms
[12.077s][info][gc,cpu      ] GC(121) User=0.02s Sys=0.00s Real=0.01s
[12.174s][info][gc,start    ] GC(122) Pause Young (Normal) (G1 Evacuation Pause)
[12.174s][info][gc,task     ] GC(122) Using 10 workers of 10 for evacuation
[12.184s][info][gc,phases   ] GC(122)   Pre Evacuate Collection Set: 0.3ms
[12.185s][info][gc,phases   ] GC(122)   Merge Heap Roots: 0.2ms
[12.185s][info][gc,phases   ] GC(122)   Evacuate Collection Set: 9.3ms
[12.185s][info][gc,phases   ] GC(122)   Post Evacuate Collection Set: 0.6ms
[12.185s][info][gc,phases   ] GC(122)   Other: 0.1ms
[12.185s][info][gc,heap     ] GC(122) Eden regions: 1012->0(994)
[12.185s][info][gc,heap     ] GC(122) Survivor regions: 78->84(137)
[12.185s][info][gc,heap     ] GC(122) Old regions: 710->715
[12.185s][info][gc,heap     ] GC(122) Humongous regions: 72->68
[12.185s][info][gc,metaspace] GC(122) Metaspace: 1840K(1920K)->1840K(1920K) NonClass: 1699K(1728K)->1699K(1728K) Class: 141K(192K)->141K(192K)
[12.185s][info][gc          ] GC(122) Pause Young (Normal) (G1 Evacuation Pause) 1871M->866M(2048M) 10.767ms
[12.185s][info][gc,cpu      ] GC(122) User=0.02s Sys=0.00s Real=0.01s
[12.280s][info][gc,start    ] GC(123) Pause Young (Normal) (G1 Evacuation Pause)
[12.281s][info][gc,task     ] GC(123) Using 10 workers of 10 for evacuation
[12.292s][info][gc,phases   ] GC(123)   Pre Evacuate Collection Set: 0.3ms
[12.292s][info][gc,phases   ] GC(123)   Merge Heap Roots: 0.2ms
[12.292s][info][gc,phases   ] GC(123)   Evacuate Collection Set: 10.3ms
[12.292s][info][gc,phases   ] GC(123)   Post Evacuate Collection Set: 0.6ms
[12.292s][info][gc,phases   ] GC(123)   Other: 0.1ms
[12.292s][info][gc,heap     ] GC(123) Eden regions: 994->0(983)
[12.292s][info][gc,heap     ] GC(123) Survivor regions: 84->83(135)
[12.292s][info][gc,heap     ] GC(123) Old regions: 715->727
[12.292s][info][gc,heap     ] GC(123) Humongous regions: 72->69
[12.292s][info][gc,metaspace] GC(123) Metaspace: 1841K(1920K)->1841K(1920K) NonClass: 1699K(1728K)->1699K(1728K) Class: 141K(192K)->141K(192K)
[12.292s][info][gc          ] GC(123) Pause Young (Normal) (G1 Evacuation Pause) 1864M->878M(2048M) 11.751ms
[12.292s][info][gc,cpu      ] GC(123) User=0.02s Sys=0.00s Real=0.01s
[12.387s][info][gc,start    ] GC(124) Pause Young (Normal) (G1 Evacuation Pause)
[12.387s][info][gc,task     ] GC(124) Using 10 workers of 10 for evacuation
[12.398s][info][gc,phases   ] GC(124)   Pre Evacuate Collection Set: 0.3ms
[12.398s][info][gc,phases   ] GC(124)   Merge Heap Roots: 0.2ms
[12.398s][info][gc,phases   ] GC(124)   Evacuate Collection Set: 10.1ms
[12.398s][info][gc,phases   ] GC(124)   Post Evacuate Collection Set: 0.6ms
[12.398s][info][gc,phases   ] GC(124)   Other: 0.1ms
[12.398s][info][gc,heap     ] GC(124) Eden regions: 983->0(980)
[12.398s][info][gc,heap     ] GC(124) Survivor regions: 83->74(134)
[12.398s][info][gc,heap     ] GC(124) Old regions: 727->746
[12.398s][info][gc,heap     ] GC(124) Humongous regions: 76->71
[12.398s][info][gc,metaspace] GC(124) Metaspace: 1841K(1920K)->1841K(1920K) NonClass: 1699K(1728K)->1699K(1728K) Class: 141K(192K)->141K(192K)
[12.398s][info][gc          ] GC(124) Pause Young (Normal) (G1 Evacuation Pause) 1868M->890M(2048M) 11.510ms
[12.398s][info][gc,cpu      ] GC(124) User=0.00s Sys=0.00s Real=0.01s
[12.493s][info][gc,start    ] GC(125) Pause Young (Normal) (G1 Evacuation Pause)
[12.493s][info][gc,task     ] GC(125) Using 10 workers of 10 for evacuation
[12.504s][info][gc,phases   ] GC(125)   Pre Evacuate Collection Set: 0.3ms
[12.504s][info][gc,phases   ] GC(125)   Merge Heap Roots: 0.2ms
[12.504s][info][gc,phases   ] GC(125)   Evacuate Collection Set: 9.0ms
[12.504s][info][gc,phases   ] GC(125)   Post Evacuate Collection Set: 0.7ms
[12.504s][info][gc,phases   ] GC(125)   Other: 0.1ms
[12.504s][info][gc,heap     ] GC(125) Eden regions: 980->0(968)
[12.504s][info][gc,heap     ] GC(125) Survivor regions: 74->73(132)
[12.504s][info][gc,heap     ] GC(125) Old regions: 746->758
[12.504s][info][gc,heap     ] GC(125) Humongous regions: 79->73
[12.504s][info][gc,metaspace] GC(125) Metaspace: 1841K(1920K)->1841K(1920K) NonClass: 1699K(1728K)->1699K(1728K) Class: 141K(192K)->141K(192K)
[12.504s][info][gc          ] GC(125) Pause Young (Normal) (G1 Evacuation Pause) 1878M->903M(2048M) 10.486ms
[12.504s][info][gc,cpu      ] GC(125) User=0.00s Sys=0.00s Real=0.01s
[12.597s][info][gc,start    ] GC(126) Pause Young (Normal) (G1 Evacuation Pause)
[12.597s][info][gc,task     ] GC(126) Using 10 workers of 10 for evacuation
[12.607s][info][gc,phases   ] GC(126)   Pre Evacuate Collection Set: 0.3ms
[12.607s][info][gc,phases   ] GC(126)   Merge Heap Roots: 0.2ms
[12.607s][info][gc,phases   ] GC(126)   Evacuate Collection Set: 8.7ms
[12.607s][info][gc,phases   ] GC(126)   Post Evacuate Collection Set: 0.6ms
[12.607s][info][gc,phases   ] GC(126)   Other: 0.1ms
[12.607s][info][gc,heap     ] GC(126) Eden regions: 968->0(955)
[12.607s][info][gc,heap     ] GC(126) Survivor regions: 73->75(131)
[12.607s][info][gc,heap     ] GC(126) Old regions: 758->766
[12.607s][info][gc,heap     ] GC(126) Humongous regions: 80->74
[12.607s][info][gc,metaspace] GC(126) Metaspace: 1841K(1920K)->1841K(1920K) NonClass: 1699K(1728K)->1699K(1728K) Class: 141K(192K)->141K(192K)
[12.607s][info][gc          ] GC(126) Pause Young (Normal) (G1 Evacuation Pause) 1878M->914M(2048M) 10.080ms
[12.607s][info][gc,cpu      ] GC(126) User=0.00s Sys=0.00s Real=0.01s
[12.698s][info][gc,start    ] GC(127) Pause Young (Normal) (G1 Evacuation Pause)
[12.699s][info][gc,task     ] GC(127) Using 10 workers of 10 for evacuation
[12.709s][info][gc,phases   ] GC(127)   Pre Evacuate Collection Set: 0.3ms
[12.709s][info][gc,phases   ] GC(127)   Merge Heap Roots: 0.2ms
[12.709s][info][gc,phases   ] GC(127)   Evacuate Collection Set: 9.2ms
[12.709s][info][gc,phases   ] GC(127)   Post Evacuate Collection Set: 0.6ms
[12.709s][info][gc,phases   ] GC(127)   Other: 0.1ms
[12.709s][info][gc,heap     ] GC(127) Eden regions: 955->0(942)
[12.709s][info][gc,heap     ] GC(127) Survivor regions: 75->75(129)
[12.709s][info][gc,heap     ] GC(127) Old regions: 766->777
[12.709s][info][gc,heap     ] GC(127) Humongous regions: 80->76
[12.709s][info][gc,metaspace] GC(127) Metaspace: 1841K(1920K)->1841K(1920K) NonClass: 1699K(1728K)->1699K(1728K) Class: 141K(192K)->141K(192K)
[12.709s][info][gc          ] GC(127) Pause Young (Normal) (G1 Evacuation Pause) 1875M->927M(2048M) 10.660ms
[12.709s][info][gc,cpu      ] GC(127) User=0.00s Sys=0.00s Real=0.01s
[12.800s][info][gc,start    ] GC(128) Pause Young (Normal) (G1 Evacuation Pause)
[12.800s][info][gc,task     ] GC(128) Using 10 workers of 10 for evacuation
[12.812s][info][gc,phases   ] GC(128)   Pre Evacuate Collection Set: 0.3ms
[12.812s][info][gc,phases   ] GC(128)   Merge Heap Roots: 0.2ms
[12.812s][info][gc,phases   ] GC(128)   Evacuate Collection Set: 10.7ms
[12.812s][info][gc,phases   ] GC(128)   Post Evacuate Collection Set: 0.7ms
[12.812s][info][gc,phases   ] GC(128)   Other: 0.1ms
[12.812s][info][gc,heap     ] GC(128) Eden regions: 942->0(935)
[12.812s][info][gc,heap     ] GC(128) Survivor regions: 75->72(128)
[12.812s][info][gc,heap     ] GC(128) Old regions: 777->788
[12.812s][info][gc,heap     ] GC(128) Humongous regions: 81->78
[12.812s][info][gc,metaspace] GC(128) Metaspace: 1841K(1920K)->1841K(1920K) NonClass: 1699K(1728K)->1699K(1728K) Class: 141K(192K)->141K(192K)
[12.812s][info][gc          ] GC(128) Pause Young (Normal) (G1 Evacuation Pause) 1874M->936M(2048M) 12.314ms
[12.812s][info][gc,cpu      ] GC(128) User=0.03s Sys=0.00s Real=0.01s
[12.901s][info][gc,start    ] GC(129) Pause Young (Normal) (G1 Evacuation Pause)
[12.901s][info][gc,task     ] GC(129) Using 10 workers of 10 for evacuation
[12.911s][info][gc,phases   ] GC(129)   Pre Evacuate Collection Set: 0.3ms
[12.912s][info][gc,phases   ] GC(129)   Merge Heap Roots: 0.2ms
[12.912s][info][gc,phases   ] GC(129)   Evacuate Collection Set: 9.0ms
[12.912s][info][gc,phases   ] GC(129)   Post Evacuate Collection Set: 0.6ms
[12.912s][info][gc,phases   ] GC(129)   Other: 0.1ms
[12.912s][info][gc,heap     ] GC(129) Eden regions: 935->0(931)
[12.912s][info][gc,heap     ] GC(129) Survivor regions: 72->68(126)
[12.912s][info][gc,heap     ] GC(129) Old regions: 788->799
[12.912s][info][gc,heap     ] GC(129) Humongous regions: 81->79
[12.912s][info][gc,metaspace] GC(129) Metaspace: 1841K(1920K)->1841K(1920K) NonClass: 1699K(1728K)->1699K(1728K) Class: 141K(192K)->141K(192K)
[12.912s][info][gc          ] GC(129) Pause Young (Normal) (G1 Evacuation Pause) 1874M->945M(2048M) 10.489ms
[12.912s][info][gc,cpu      ] GC(129) User=0.00s Sys=0.00s Real=0.01s
[13.001s][info][gc,start    ] GC(130) Pause Young (Normal) (G1 Evacuation Pause)
[13.001s][info][gc,task     ] GC(130) Using 10 workers of 10 for evacuation
[13.011s][info][gc,phases   ] GC(130)   Pre Evacuate Collection Set: 0.3ms
[13.012s][info][gc,phases   ] GC(130)   Merge Heap Roots: 0.2ms
[13.012s][info][gc,phases   ] GC(130)   Evacuate Collection Set: 8.9ms
[13.012s][info][gc,phases   ] GC(130)   Post Evacuate Collection Set: 0.7ms
[13.012s][info][gc,phases   ] GC(130)   Other: 0.1ms
[13.012s][info][gc,heap     ] GC(130) Eden regions: 931->0(910)
[13.012s][info][gc,heap     ] GC(130) Survivor regions: 68->78(125)
[13.012s][info][gc,heap     ] GC(130) Old regions: 799->799
[13.012s][info][gc,heap     ] GC(130) Humongous regions: 81->80
[13.012s][info][gc,metaspace] GC(130) Metaspace: 1842K(1920K)->1842K(1920K) NonClass: 1701K(1728K)->1701K(1728K) Class: 141K(192K)->141K(192K)
[13.012s][info][gc          ] GC(130) Pause Young (Normal) (G1 Evacuation Pause) 1878M->956M(2048M) 10.616ms
[13.012s][info][gc,cpu      ] GC(130) User=0.02s Sys=0.00s Real=0.01s
[13.099s][info][gc,start    ] GC(131) Pause Young (Normal) (G1 Evacuation Pause)
[13.099s][info][gc,task     ] GC(131) Using 10 workers of 10 for evacuation
[13.110s][info][gc,phases   ] GC(131)   Pre Evacuate Collection Set: 0.3ms
[13.111s][info][gc,phases   ] GC(131)   Merge Heap Roots: 0.2ms
[13.111s][info][gc,phases   ] GC(131)   Evacuate Collection Set: 10.2ms
[13.111s][info][gc,phases   ] GC(131)   Post Evacuate Collection Set: 0.6ms
[13.111s][info][gc,phases   ] GC(131)   Other: 0.1ms
[13.111s][info][gc,heap     ] GC(131) Eden regions: 910->0(902)
[13.111s][info][gc,heap     ] GC(131) Survivor regions: 78->77(124)
[13.111s][info][gc,heap     ] GC(131) Old regions: 799->809
[13.111s][info][gc,heap     ] GC(131) Humongous regions: 83->80
[13.111s][info][gc,metaspace] GC(131) Metaspace: 1842K(1920K)->1842K(1920K) NonClass: 1701K(1728K)->1701K(1728K) Class: 141K(192K)->141K(192K)
[13.111s][info][gc          ] GC(131) Pause Young (Normal) (G1 Evacuation Pause) 1869M->965M(2048M) 11.737ms
[13.111s][info][gc,cpu      ] GC(131) User=0.03s Sys=0.00s Real=0.01s
[13.198s][info][gc,start    ] GC(132) Pause Young (Normal) (G1 Evacuation Pause)
[13.198s][info][gc,task     ] GC(132) Using 10 workers of 10 for evacuation
[13.209s][info][gc,phases   ] GC(132)   Pre Evacuate Collection Set: 0.3ms
[13.209s][info][gc,phases   ] GC(132)   Merge Heap Roots: 0.2ms
[13.209s][info][gc,phases   ] GC(132)   Evacuate Collection Set: 9.7ms
[13.209s][info][gc,phases   ] GC(132)   Post Evacuate Collection Set: 0.6ms
[13.209s][info][gc,phases   ] GC(132)   Other: 0.1ms
[13.209s][info][gc,heap     ] GC(132) Eden regions: 902->0(887)
[13.209s][info][gc,heap     ] GC(132) Survivor regions: 77->79(123)
[13.209s][info][gc,heap     ] GC(132) Old regions: 809->819
[13.209s][info][gc,heap     ] GC(132) Humongous regions: 89->81
[13.209s][info][gc,metaspace] GC(132) Metaspace: 1842K(1920K)->1842K(1920K) NonClass: 1701K(1728K)->1701K(1728K) Class: 141K(192K)->141K(192K)
[13.209s][info][gc          ] GC(132) Pause Young (Normal) (G1 Evacuation Pause) 1876M->977M(2048M) 11.190ms
[13.209s][info][gc,cpu      ] GC(132) User=0.00s Sys=0.00s Real=0.01s
[13.294s][info][gc,start    ] GC(133) Pause Young (Normal) (G1 Evacuation Pause)
[13.294s][info][gc,task     ] GC(133) Using 10 workers of 10 for evacuation
[13.305s][info][gc,phases   ] GC(133)   Pre Evacuate Collection Set: 0.3ms
[13.305s][info][gc,phases   ] GC(133)   Merge Heap Roots: 0.2ms
[13.305s][info][gc,phases   ] GC(133)   Evacuate Collection Set: 9.5ms
[13.305s][info][gc,phases   ] GC(133)   Post Evacuate Collection Set: 0.6ms
[13.305s][info][gc,phases   ] GC(133)   Other: 0.1ms
[13.305s][info][gc,heap     ] GC(133) Eden regions: 887->0(891)
[13.305s][info][gc,heap     ] GC(133) Survivor regions: 79->66(121)
[13.305s][info][gc,heap     ] GC(133) Old regions: 819->841
[13.305s][info][gc,heap     ] GC(133) Humongous regions: 84->81
[13.305s][info][gc,metaspace] GC(133) Metaspace: 1842K(1920K)->1842K(1920K) NonClass: 1701K(1728K)->1701K(1728K) Class: 141K(192K)->141K(192K)
[13.305s][info][gc          ] GC(133) Pause Young (Normal) (G1 Evacuation Pause) 1867M->987M(2048M) 10.888ms
[13.305s][info][gc,cpu      ] GC(133) User=0.00s Sys=0.00s Real=0.01s
[13.357s][info][gc,start    ] GC(134) Pause Young (Concurrent Start) (G1 Humongous Allocation)
[13.357s][info][gc,task     ] GC(134) Using 10 workers of 10 for evacuation
[13.366s][info][gc,phases   ] GC(134)   Pre Evacuate Collection Set: 0.3ms
[13.366s][info][gc,phases   ] GC(134)   Merge Heap Roots: 0.1ms
[13.366s][info][gc,phases   ] GC(134)   Evacuate Collection Set: 7.7ms
[13.366s][info][gc,phases   ] GC(134)   Post Evacuate Collection Set: 0.5ms
[13.366s][info][gc,phases   ] GC(134)   Other: 0.1ms
[13.366s][info][gc,heap     ] GC(134) Eden regions: 547->0(883)
[13.366s][info][gc,heap     ] GC(134) Survivor regions: 66->65(120)
[13.366s][info][gc,heap     ] GC(134) Old regions: 841->851
[13.366s][info][gc,heap     ] GC(134) Humongous regions: 81->81
[13.366s][info][gc,metaspace] GC(134) Metaspace: 1842K(1920K)->1842K(1920K) NonClass: 1701K(1728K)->1701K(1728K) Class: 141K(192K)->141K(192K)
[13.366s][info][gc          ] GC(134) Pause Young (Concurrent Start) (G1 Humongous Allocation) 1534M->995M(2048M) 8.978ms
[13.366s][info][gc,cpu      ] GC(134) User=0.00s Sys=0.00s Real=0.01s
[13.366s][info][gc          ] GC(135) Concurrent Mark Cycle
[13.366s][info][gc,marking  ] GC(135) Concurrent Scan Root Regions
[13.367s][info][gc,marking  ] GC(135) Concurrent Scan Root Regions 1.056ms
[13.367s][info][gc,marking  ] GC(135) Concurrent Mark
[13.367s][info][gc,marking  ] GC(135) Concurrent Mark From Roots
[13.367s][info][gc,task     ] GC(135) Using 3 workers of 3 for marking
[13.451s][info][gc,start    ] GC(136) Pause Young (Normal) (G1 Evacuation Pause)
[13.451s][info][gc,task     ] GC(136) Using 10 workers of 10 for evacuation
[13.460s][info][gc,phases   ] GC(136)   Pre Evacuate Collection Set: 0.3ms
[13.460s][info][gc,phases   ] GC(136)   Merge Heap Roots: 0.2ms
[13.460s][info][gc,phases   ] GC(136)   Evacuate Collection Set: 7.8ms
[13.460s][info][gc,phases   ] GC(136)   Post Evacuate Collection Set: 0.6ms
[13.460s][info][gc,phases   ] GC(136)   Other: 0.1ms
[13.460s][info][gc,heap     ] GC(136) Eden regions: 883->0(872)
[13.460s][info][gc,heap     ] GC(136) Survivor regions: 65->70(119)
[13.460s][info][gc,heap     ] GC(136) Old regions: 851->851
[13.460s][info][gc,heap     ] GC(136) Humongous regions: 86->82
[13.460s][info][gc,metaspace] GC(136) Metaspace: 1842K(1920K)->1842K(1920K) NonClass: 1701K(1728K)->1701K(1728K) Class: 141K(192K)->141K(192K)
[13.460s][info][gc          ] GC(136) Pause Young (Normal) (G1 Evacuation Pause) 1883M->1002M(2048M) 9.322ms
[13.460s][info][gc,cpu      ] GC(136) User=0.00s Sys=0.00s Real=0.01s
[13.488s][info][gc,marking  ] GC(135) Concurrent Mark From Roots 120.756ms
[13.488s][info][gc,marking  ] GC(135) Concurrent Preclean
[13.488s][info][gc,marking  ] GC(135) Concurrent Preclean 0.051ms
[13.489s][info][gc,start    ] GC(135) Pause Remark
[13.490s][info][gc          ] GC(135) Pause Remark 1285M->1218M(2048M) 1.165ms
[13.490s][info][gc,cpu      ] GC(135) User=0.00s Sys=0.00s Real=0.00s
[13.490s][info][gc,marking  ] GC(135) Concurrent Mark 122.725ms
[13.490s][info][gc,marking  ] GC(135) Concurrent Rebuild Remembered Sets and Scrub Regions
[13.546s][info][gc,start    ] GC(137) Pause Young (Normal) (G1 Evacuation Pause)
[13.546s][info][gc,task     ] GC(137) Using 10 workers of 10 for evacuation
[13.556s][info][gc,phases   ] GC(137)   Pre Evacuate Collection Set: 0.3ms
[13.556s][info][gc,phases   ] GC(137)   Merge Heap Roots: 0.2ms
[13.556s][info][gc,phases   ] GC(137)   Evacuate Collection Set: 8.7ms
[13.556s][info][gc,phases   ] GC(137)   Post Evacuate Collection Set: 0.7ms
[13.556s][info][gc,phases   ] GC(137)   Other: 0.1ms
[13.556s][info][gc,heap     ] GC(137) Eden regions: 872->0(926)
[13.556s][info][gc,heap     ] GC(137) Survivor regions: 70->72(118)
[13.556s][info][gc,heap     ] GC(137) Old regions: 799->807
[13.556s][info][gc,heap     ] GC(137) Humongous regions: 74->68
[13.556s][info][gc,metaspace] GC(137) Metaspace: 1843K(1920K)->1843K(1920K) NonClass: 1702K(1728K)->1702K(1728K) Class: 141K(192K)->141K(192K)
[13.556s][info][gc          ] GC(137) Pause Young (Normal) (G1 Evacuation Pause) 1814M->946M(2048M) 10.209ms
[13.556s][info][gc,cpu      ] GC(137) User=0.02s Sys=0.00s Real=0.01s
[13.575s][info][gc,marking  ] GC(135) Concurrent Rebuild Remembered Sets and Scrub Regions 85.364ms
[13.576s][info][gc,start    ] GC(135) Pause Cleanup
[13.576s][info][gc          ] GC(135) Pause Cleanup 1154M->1154M(2048M) 0.528ms
[13.576s][info][gc,cpu      ] GC(135) User=0.00s Sys=0.00s Real=0.00s
[13.576s][info][gc,marking  ] GC(135) Concurrent Clear Claimed Marks
[13.576s][info][gc,marking  ] GC(135) Concurrent Clear Claimed Marks 0.036ms
[13.576s][info][gc,marking  ] GC(135) Concurrent Cleanup for Next Mark
[13.584s][info][gc,marking  ] GC(135) Concurrent Cleanup for Next Mark 7.534ms
[13.584s][info][gc          ] GC(135) Concurrent Mark Cycle 217.949ms
[13.648s][info][gc,start    ] GC(138) Pause Young (Prepare Mixed) (G1 Evacuation Pause)
[13.648s][info][gc,task     ] GC(138) Using 10 workers of 10 for evacuation
[13.658s][info][gc,phases   ] GC(138)   Pre Evacuate Collection Set: 0.3ms
[13.658s][info][gc,phases   ] GC(138)   Merge Heap Roots: 0.2ms
[13.658s][info][gc,phases   ] GC(138)   Evacuate Collection Set: 8.2ms
[13.658s][info][gc,phases   ] GC(138)   Post Evacuate Collection Set: 0.6ms
[13.658s][info][gc,phases   ] GC(138)   Other: 0.1ms
[13.658s][info][gc,heap     ] GC(138) Eden regions: 926->0(917)
[13.658s][info][gc,heap     ] GC(138) Survivor regions: 72->72(125)
[13.658s][info][gc,heap     ] GC(138) Old regions: 807->814
[13.658s][info][gc,heap     ] GC(138) Humongous regions: 73->70
[13.658s][info][gc,metaspace] GC(138) Metaspace: 1843K(1920K)->1843K(1920K) NonClass: 1702K(1728K)->1702K(1728K) Class: 141K(192K)->141K(192K)
[13.658s][info][gc          ] GC(138) Pause Young (Prepare Mixed) (G1 Evacuation Pause) 1877M->954M(2048M) 9.684ms
[13.658s][info][gc,cpu      ] GC(138) User=0.00s Sys=0.00s Real=0.01s
[13.746s][info][gc,start    ] GC(139) Pause Young (Mixed) (G1 Evacuation Pause)
[13.746s][info][gc,task     ] GC(139) Using 10 workers of 10 for evacuation
[13.758s][info][gc,phases   ] GC(139)   Pre Evacuate Collection Set: 0.3ms
[13.758s][info][gc,phases   ] GC(139)   Merge Heap Roots: 0.3ms
[13.758s][info][gc,phases   ] GC(139)   Evacuate Collection Set: 10.8ms
[13.759s][info][gc,phases   ] GC(139)   Post Evacuate Collection Set: 0.7ms
[13.759s][info][gc,phases   ] GC(139)   Other: 0.1ms
[13.759s][info][gc,heap     ] GC(139) Eden regions: 917->0(1064)
[13.759s][info][gc,heap     ] GC(139) Survivor regions: 72->72(124)
[13.759s][info][gc,heap     ] GC(139) Old regions: 814->665
[13.759s][info][gc,heap     ] GC(139) Humongous regions: 79->72
[13.759s][info][gc,metaspace] GC(139) Metaspace: 1843K(1920K)->1843K(1920K) NonClass: 1702K(1728K)->1702K(1728K) Class: 141K(192K)->141K(192K)
[13.759s][info][gc          ] GC(139) Pause Young (Mixed) (G1 Evacuation Pause) 1880M->807M(2048M) 12.350ms
[13.759s][info][gc,cpu      ] GC(139) User=0.02s Sys=0.00s Real=0.01s
[13.861s][info][gc,start    ] GC(140) Pause Young (Normal) (G1 Evacuation Pause)
[13.862s][info][gc,task     ] GC(140) Using 10 workers of 10 for evacuation
[13.871s][info][gc,phases   ] GC(140)   Pre Evacuate Collection Set: 0.3ms
[13.871s][info][gc,phases   ] GC(140)   Merge Heap Roots: 0.2ms
[13.871s][info][gc,phases   ] GC(140)   Evacuate Collection Set: 8.5ms
[13.871s][info][gc,phases   ] GC(140)   Post Evacuate Collection Set: 0.6ms
[13.871s][info][gc,phases   ] GC(140)   Other: 0.1ms
[13.871s][info][gc,heap     ] GC(140) Eden regions: 1064->0(1044)
[13.871s][info][gc,heap     ] GC(140) Survivor regions: 72->81(142)
[13.871s][info][gc,heap     ] GC(140) Old regions: 665->665
[13.871s][info][gc,heap     ] GC(140) Humongous regions: 84->74
[13.872s][info][gc,metaspace] GC(140) Metaspace: 1843K(1920K)->1843K(1920K) NonClass: 1702K(1728K)->1702K(1728K) Class: 141K(192K)->141K(192K)
[13.872s][info][gc          ] GC(140) Pause Young (Normal) (G1 Evacuation Pause) 1883M->819M(2048M) 10.065ms
[13.872s][info][gc,cpu      ] GC(140) User=0.02s Sys=0.00s Real=0.01s
[13.971s][info][gc,start    ] GC(141) Pause Young (Normal) (G1 Evacuation Pause)
[13.972s][info][gc,task     ] GC(141) Using 10 workers of 10 for evacuation
[13.983s][info][gc,phases   ] GC(141)   Pre Evacuate Collection Set: 0.4ms
[13.983s][info][gc,phases   ] GC(141)   Merge Heap Roots: 0.2ms
[13.983s][info][gc,phases   ] GC(141)   Evacuate Collection Set: 10.1ms
[13.983s][info][gc,phases   ] GC(141)   Post Evacuate Collection Set: 0.7ms
[13.983s][info][gc,phases   ] GC(141)   Other: 0.1ms
[13.983s][info][gc,heap     ] GC(141) Eden regions: 1044->0(1027)
[13.983s][info][gc,heap     ] GC(141) Survivor regions: 81->84(141)
[13.983s][info][gc,heap     ] GC(141) Old regions: 665->676
[13.983s][info][gc,heap     ] GC(141) Humongous regions: 78->74
[13.983s][info][gc,metaspace] GC(141) Metaspace: 1843K(1920K)->1843K(1920K) NonClass: 1702K(1728K)->1702K(1728K) Class: 141K(192K)->141K(192K)
[13.983s][info][gc          ] GC(141) Pause Young (Normal) (G1 Evacuation Pause) 1867M->833M(2048M) 11.696ms
[13.983s][info][gc,cpu      ] GC(141) User=0.02s Sys=0.00s Real=0.01s
[14.082s][info][gc,start    ] GC(142) Pause Young (Normal) (G1 Evacuation Pause)
[14.082s][info][gc,task     ] GC(142) Using 10 workers of 10 for evacuation
[14.093s][info][gc,phases   ] GC(142)   Pre Evacuate Collection Set: 0.3ms
[14.093s][info][gc,phases   ] GC(142)   Merge Heap Roots: 0.2ms
[14.093s][info][gc,phases   ] GC(142)   Evacuate Collection Set: 9.8ms
[14.093s][info][gc,phases   ] GC(142)   Post Evacuate Collection Set: 0.6ms
[14.093s][info][gc,phases   ] GC(142)   Other: 0.1ms
[14.093s][info][gc,heap     ] GC(142) Eden regions: 1027->0(1015)
[14.093s][info][gc,heap     ] GC(142) Survivor regions: 84->84(139)
[14.093s][info][gc,heap     ] GC(142) Old regions: 676->686
[14.093s][info][gc,heap     ] GC(142) Humongous regions: 81->76
[14.093s][info][gc,metaspace] GC(142) Metaspace: 1843K(1920K)->1843K(1920K) NonClass: 1702K(1728K)->1702K(1728K) Class: 141K(192K)->141K(192K)
[14.093s][info][gc          ] GC(142) Pause Young (Normal) (G1 Evacuation Pause) 1867M->844M(2048M) 11.315ms
[14.093s][info][gc,cpu      ] GC(142) User=0.02s Sys=0.00s Real=0.01s
[14.191s][info][gc,start    ] GC(143) Pause Young (Normal) (G1 Evacuation Pause)
[14.191s][info][gc,task     ] GC(143) Using 10 workers of 10 for evacuation
[14.202s][info][gc,phases   ] GC(143)   Pre Evacuate Collection Set: 0.3ms
[14.202s][info][gc,phases   ] GC(143)   Merge Heap Roots: 0.2ms
[14.202s][info][gc,phases   ] GC(143)   Evacuate Collection Set: 9.9ms
[14.202s][info][gc,phases   ] GC(143)   Post Evacuate Collection Set: 0.7ms
[14.202s][info][gc,phases   ] GC(143)   Other: 0.1ms
[14.202s][info][gc,heap     ] GC(143) Eden regions: 1015->0(1003)
[14.202s][info][gc,heap     ] GC(143) Survivor regions: 84->84(138)
[14.202s][info][gc,heap     ] GC(143) Old regions: 686->697
[14.202s][info][gc,heap     ] GC(143) Humongous regions: 79->77
[14.202s][info][gc,metaspace] GC(143) Metaspace: 1843K(1920K)->1843K(1920K) NonClass: 1702K(1728K)->1702K(1728K) Class: 141K(192K)->141K(192K)
[14.202s][info][gc          ] GC(143) Pause Young (Normal) (G1 Evacuation Pause) 1862M->857M(2048M) 11.359ms
[14.202s][info][gc,cpu      ] GC(143) User=0.02s Sys=0.00s Real=0.01s
[14.298s][info][gc,start    ] GC(144) Pause Young (Normal) (G1 Evacuation Pause)
[14.298s][info][gc,task     ] GC(144) Using 10 workers of 10 for evacuation
[14.309s][info][gc,phases   ] GC(144)   Pre Evacuate Collection Set: 0.3ms
[14.309s][info][gc,phases   ] GC(144)   Merge Heap Roots: 0.2ms
[14.309s][info][gc,phases   ] GC(144)   Evacuate Collection Set: 10.0ms
[14.309s][info][gc,phases   ] GC(144)   Post Evacuate Collection Set: 0.6ms
[14.309s][info][gc,phases   ] GC(144)   Other: 0.1ms
[14.309s][info][gc,heap     ] GC(144) Eden regions: 1003->0(994)
[14.309s][info][gc,heap     ] GC(144) Survivor regions: 84->81(136)
[14.309s][info][gc,heap     ] GC(144) Old regions: 697->711
[14.310s][info][gc,heap     ] GC(144) Humongous regions: 81->78
[14.310s][info][gc,metaspace] GC(144) Metaspace: 1843K(1920K)->1843K(1920K) NonClass: 1702K(1728K)->1702K(1728K) Class: 141K(192K)->141K(192K)
[14.310s][info][gc          ] GC(144) Pause Young (Normal) (G1 Evacuation Pause) 1864M->868M(2048M) 11.517ms
[14.310s][info][gc,cpu      ] GC(144) User=0.02s Sys=0.02s Real=0.01s
[14.405s][info][gc,start    ] GC(145) Pause Young (Normal) (G1 Evacuation Pause)
[14.405s][info][gc,task     ] GC(145) Using 10 workers of 10 for evacuation
[14.415s][info][gc,phases   ] GC(145)   Pre Evacuate Collection Set: 0.3ms
[14.415s][info][gc,phases   ] GC(145)   Merge Heap Roots: 0.2ms
[14.415s][info][gc,phases   ] GC(145)   Evacuate Collection Set: 9.5ms
[14.415s][info][gc,phases   ] GC(145)   Post Evacuate Collection Set: 0.6ms
[14.415s][info][gc,phases   ] GC(145)   Other: 0.1ms
[14.415s][info][gc,heap     ] GC(145) Eden regions: 994->0(981)
[14.416s][info][gc,heap     ] GC(145) Survivor regions: 81->83(135)
[14.416s][info][gc,heap     ] GC(145) Old regions: 711->720
[14.416s][info][gc,heap     ] GC(145) Humongous regions: 79->78
[14.416s][info][gc,metaspace] GC(145) Metaspace: 1843K(1920K)->1843K(1920K) NonClass: 1702K(1728K)->1702K(1728K) Class: 141K(192K)->141K(192K)
[14.416s][info][gc          ] GC(145) Pause Young (Normal) (G1 Evacuation Pause) 1863M->880M(2048M) 10.937ms
[14.416s][info][gc,cpu      ] GC(145) User=0.02s Sys=0.00s Real=0.01s
[14.510s][info][gc,start    ] GC(146) Pause Young (Normal) (G1 Evacuation Pause)
[14.510s][info][gc,task     ] GC(146) Using 10 workers of 10 for evacuation
[14.523s][info][gc,phases   ] GC(146)   Pre Evacuate Collection Set: 0.3ms
[14.523s][info][gc,phases   ] GC(146)   Merge Heap Roots: 0.2ms
[14.523s][info][gc,phases   ] GC(146)   Evacuate Collection Set: 10.9ms
[14.523s][info][gc,phases   ] GC(146)   Post Evacuate Collection Set: 0.8ms
[14.523s][info][gc,phases   ] GC(146)   Other: 0.1ms
[14.523s][info][gc,heap     ] GC(146) Eden regions: 981->0(976)
[14.523s][info][gc,heap     ] GC(146) Survivor regions: 83->76(133)
[14.523s][info][gc,heap     ] GC(146) Old regions: 720->737
[14.523s][info][gc,heap     ] GC(146) Humongous regions: 84->80
[14.523s][info][gc,metaspace] GC(146) Metaspace: 1843K(1920K)->1843K(1920K) NonClass: 1702K(1728K)->1702K(1728K) Class: 141K(192K)->141K(192K)
[14.523s][info][gc          ] GC(146) Pause Young (Normal) (G1 Evacuation Pause) 1867M->891M(2048M) 12.658ms
[14.523s][info][gc,cpu      ] GC(146) User=0.02s Sys=0.00s Real=0.01s
[14.616s][info][gc,start    ] GC(147) Pause Young (Normal) (G1 Evacuation Pause)
[14.616s][info][gc,task     ] GC(147) Using 10 workers of 10 for evacuation
[14.627s][info][gc,phases   ] GC(147)   Pre Evacuate Collection Set: 0.3ms
[14.627s][info][gc,phases   ] GC(147)   Merge Heap Roots: 0.2ms
[14.627s][info][gc,phases   ] GC(147)   Evacuate Collection Set: 9.2ms
[14.627s][info][gc,phases   ] GC(147)   Post Evacuate Collection Set: 0.6ms
[14.627s][info][gc,phases   ] GC(147)   Other: 0.1ms
[14.627s][info][gc,heap     ] GC(147) Eden regions: 976->0(963)
[14.627s][info][gc,heap     ] GC(147) Survivor regions: 76->77(132)
[14.627s][info][gc,heap     ] GC(147) Old regions: 737->747
[14.627s][info][gc,heap     ] GC(147) Humongous regions: 84->81
[14.627s][info][gc,metaspace] GC(147) Metaspace: 1843K(1920K)->1843K(1920K) NonClass: 1702K(1728K)->1702K(1728K) Class: 141K(192K)->141K(192K)
[14.627s][info][gc          ] GC(147) Pause Young (Normal) (G1 Evacuation Pause) 1871M->904M(2048M) 10.694ms
[14.627s][info][gc,cpu      ] GC(147) User=0.00s Sys=0.00s Real=0.01s
[14.720s][info][gc,start    ] GC(148) Pause Young (Normal) (G1 Evacuation Pause)
[14.720s][info][gc,task     ] GC(148) Using 10 workers of 10 for evacuation
[14.730s][info][gc,phases   ] GC(148)   Pre Evacuate Collection Set: 0.4ms
[14.730s][info][gc,phases   ] GC(148)   Merge Heap Roots: 0.2ms
[14.730s][info][gc,phases   ] GC(148)   Evacuate Collection Set: 9.0ms
[14.730s][info][gc,phases   ] GC(148)   Post Evacuate Collection Set: 0.6ms
[14.730s][info][gc,phases   ] GC(148)   Other: 0.1ms
[14.730s][info][gc,heap     ] GC(148) Eden regions: 963->0(952)
[14.730s][info][gc,heap     ] GC(148) Survivor regions: 77->76(130)
[14.730s][info][gc,heap     ] GC(148) Old regions: 747->759
[14.730s][info][gc,heap     ] GC(148) Humongous regions: 86->82
[14.730s][info][gc,metaspace] GC(148) Metaspace: 1843K(1920K)->1843K(1920K) NonClass: 1702K(1728K)->1702K(1728K) Class: 141K(192K)->141K(192K)
[14.730s][info][gc          ] GC(148) Pause Young (Normal) (G1 Evacuation Pause) 1872M->915M(2048M) 10.604ms
[14.730s][info][gc,cpu      ] GC(148) User=0.02s Sys=0.00s Real=0.01s
[14.822s][info][gc,start    ] GC(149) Pause Young (Normal) (G1 Evacuation Pause)
[14.822s][info][gc,task     ] GC(149) Using 10 workers of 10 for evacuation
[14.832s][info][gc,phases   ] GC(149)   Pre Evacuate Collection Set: 0.3ms
[14.832s][info][gc,phases   ] GC(149)   Merge Heap Roots: 0.2ms
[14.832s][info][gc,phases   ] GC(149)   Evacuate Collection Set: 9.0ms
[14.832s][info][gc,phases   ] GC(149)   Post Evacuate Collection Set: 0.6ms
[14.832s][info][gc,phases   ] GC(149)   Other: 0.1ms
[14.832s][info][gc,heap     ] GC(149) Eden regions: 952->0(943)
[14.832s][info][gc,heap     ] GC(149) Survivor regions: 76->75(129)
[14.832s][info][gc,heap     ] GC(149) Old regions: 759->769
[14.832s][info][gc,heap     ] GC(149) Humongous regions: 91->83
[14.832s][info][gc,metaspace] GC(149) Metaspace: 1843K(1920K)->1843K(1920K) NonClass: 1702K(1728K)->1702K(1728K) Class: 141K(192K)->141K(192K)
[14.832s][info][gc          ] GC(149) Pause Young (Normal) (G1 Evacuation Pause) 1876M->925M(2048M) 10.498ms
[14.832s][info][gc,cpu      ] GC(149) User=0.00s Sys=0.00s Real=0.01s
[14.923s][info][gc,start    ] GC(150) Pause Young (Normal) (G1 Evacuation Pause)
[14.923s][info][gc,task     ] GC(150) Using 10 workers of 10 for evacuation
[14.933s][info][gc,phases   ] GC(150)   Pre Evacuate Collection Set: 0.3ms
[14.933s][info][gc,phases   ] GC(150)   Merge Heap Roots: 0.2ms
[14.933s][info][gc,phases   ] GC(150)   Evacuate Collection Set: 9.0ms
[14.933s][info][gc,phases   ] GC(150)   Post Evacuate Collection Set: 0.6ms
[14.933s][info][gc,phases   ] GC(150)   Other: 0.1ms
[14.933s][info][gc,heap     ] GC(150) Eden regions: 943->0(930)
[14.933s][info][gc,heap     ] GC(150) Survivor regions: 75->76(128)
[14.933s][info][gc,heap     ] GC(150) Old regions: 769->780
[14.933s][info][gc,heap     ] GC(150) Humongous regions: 89->83
[14.933s][info][gc,metaspace] GC(150) Metaspace: 1843K(1920K)->1843K(1920K) NonClass: 1702K(1728K)->1702K(1728K) Class: 141K(192K)->141K(192K)
[14.933s][info][gc          ] GC(150) Pause Young (Normal) (G1 Evacuation Pause) 1874M->937M(2048M) 10.451ms
[14.933s][info][gc,cpu      ] GC(150) User=0.02s Sys=0.00s Real=0.01s
[15.023s][info][gc,start    ] GC(151) Pause Young (Normal) (G1 Evacuation Pause)
[15.024s][info][gc,task     ] GC(151) Using 10 workers of 10 for evacuation
[15.035s][info][gc,phases   ] GC(151)   Pre Evacuate Collection Set: 0.3ms
[15.035s][info][gc,phases   ] GC(151)   Merge Heap Roots: 0.2ms
[15.035s][info][gc,phases   ] GC(151)   Evacuate Collection Set: 9.5ms
[15.035s][info][gc,phases   ] GC(151)   Post Evacuate Collection Set: 1.0ms
[15.035s][info][gc,phases   ] GC(151)   Other: 0.2ms
[15.035s][info][gc,heap     ] GC(151) Eden regions: 930->0(921)
[15.035s][info][gc,heap     ] GC(151) Survivor regions: 76->74(126)
[15.035s][info][gc,heap     ] GC(151) Old regions: 780->791
[15.035s][info][gc,heap     ] GC(151) Humongous regions: 95->85
[15.035s][info][gc,metaspace] GC(151) Metaspace: 1843K(1920K)->1843K(1920K) NonClass: 1702K(1728K)->1702K(1728K) Class: 141K(192K)->141K(192K)
[15.035s][info][gc          ] GC(151) Pause Young (Normal) (G1 Evacuation Pause) 1879M->948M(2048M) 11.804ms
[15.035s][info][gc,cpu      ] GC(151) User=0.03s Sys=0.00s Real=0.01s
[15.123s][info][gc,start    ] GC(152) Pause Young (Normal) (G1 Evacuation Pause)
[15.123s][info][gc,task     ] GC(152) Using 10 workers of 10 for evacuation
[15.133s][info][gc,phases   ] GC(152)   Pre Evacuate Collection Set: 0.3ms
[15.133s][info][gc,phases   ] GC(152)   Merge Heap Roots: 0.2ms
[15.133s][info][gc,phases   ] GC(152)   Evacuate Collection Set: 8.6ms
[15.133s][info][gc,phases   ] GC(152)   Post Evacuate Collection Set: 0.6ms
[15.133s][info][gc,phases   ] GC(152)   Other: 0.1ms
[15.133s][info][gc,heap     ] GC(152) Eden regions: 921->0(921)
[15.133s][info][gc,heap     ] GC(152) Survivor regions: 74->68(125)
[15.133s][info][gc,heap     ] GC(152) Old regions: 791->802
[15.133s][info][gc,heap     ] GC(152) Humongous regions: 90->86
[15.133s][info][gc,metaspace] GC(152) Metaspace: 1843K(1920K)->1843K(1920K) NonClass: 1702K(1728K)->1702K(1728K) Class: 141K(192K)->141K(192K)
[15.133s][info][gc          ] GC(152) Pause Young (Normal) (G1 Evacuation Pause) 1874M->954M(2048M) 10.082ms
[15.133s][info][gc,cpu      ] GC(152) User=0.02s Sys=0.00s Real=0.01s
[15.222s][info][gc,start    ] GC(153) Pause Young (Normal) (G1 Evacuation Pause)
[15.222s][info][gc,task     ] GC(153) Using 10 workers of 10 for evacuation
[15.231s][info][gc,phases   ] GC(153)   Pre Evacuate Collection Set: 0.3ms
[15.231s][info][gc,phases   ] GC(153)   Merge Heap Roots: 0.2ms
[15.231s][info][gc,phases   ] GC(153)   Evacuate Collection Set: 8.3ms
[15.231s][info][gc,phases   ] GC(153)   Post Evacuate Collection Set: 0.6ms
[15.231s][info][gc,phases   ] GC(153)   Other: 0.1ms
[15.231s][info][gc,heap     ] GC(153) Eden regions: 921->0(901)
[15.231s][info][gc,heap     ] GC(153) Survivor regions: 68->77(124)
[15.231s][info][gc,heap     ] GC(153) Old regions: 802->802
[15.231s][info][gc,heap     ] GC(153) Humongous regions: 93->88
[15.231s][info][gc,metaspace] GC(153) Metaspace: 1843K(1920K)->1843K(1920K) NonClass: 1702K(1728K)->1702K(1728K) Class: 141K(192K)->141K(192K)
[15.231s][info][gc          ] GC(153) Pause Young (Normal) (G1 Evacuation Pause) 1882M->965M(2048M) 9.678ms
[15.231s][info][gc,cpu      ] GC(153) User=0.02s Sys=0.00s Real=0.01s
[15.318s][info][gc,start    ] GC(154) Pause Young (Normal) (G1 Evacuation Pause)
[15.318s][info][gc,task     ] GC(154) Using 10 workers of 10 for evacuation
[15.328s][info][gc,phases   ] GC(154)   Pre Evacuate Collection Set: 0.3ms
[15.328s][info][gc,phases   ] GC(154)   Merge Heap Roots: 0.1ms
[15.328s][info][gc,phases   ] GC(154)   Evacuate Collection Set: 8.7ms
[15.328s][info][gc,phases   ] GC(154)   Post Evacuate Collection Set: 0.6ms
[15.328s][info][gc,phases   ] GC(154)   Other: 0.1ms
[15.328s][info][gc,heap     ] GC(154) Eden regions: 901->0(897)
[15.328s][info][gc,heap     ] GC(154) Survivor regions: 77->74(123)
[15.328s][info][gc,heap     ] GC(154) Old regions: 802->811
[15.328s][info][gc,heap     ] GC(154) Humongous regions: 93->89
[15.328s][info][gc,metaspace] GC(154) Metaspace: 1843K(1920K)->1843K(1920K) NonClass: 1702K(1728K)->1702K(1728K) Class: 141K(192K)->141K(192K)
[15.328s][info][gc          ] GC(154) Pause Young (Normal) (G1 Evacuation Pause) 1871M->973M(2048M) 10.048ms
[15.328s][info][gc,cpu      ] GC(154) User=0.02s Sys=0.00s Real=0.01s
[15.414s][info][gc,start    ] GC(155) Pause Young (Normal) (G1 Evacuation Pause)
[15.414s][info][gc,task     ] GC(155) Using 10 workers of 10 for evacuation
[15.424s][info][gc,phases   ] GC(155)   Pre Evacuate Collection Set: 0.3ms
[15.424s][info][gc,phases   ] GC(155)   Merge Heap Roots: 0.2ms
[15.424s][info][gc,phases   ] GC(155)   Evacuate Collection Set: 8.9ms
[15.424s][info][gc,phases   ] GC(155)   Post Evacuate Collection Set: 0.6ms
[15.424s][info][gc,phases   ] GC(155)   Other: 0.1ms
[15.424s][info][gc,heap     ] GC(155) Eden regions: 897->0(884)
[15.424s][info][gc,heap     ] GC(155) Survivor regions: 74->75(122)
[15.424s][info][gc,heap     ] GC(155) Old regions: 811->822
[15.424s][info][gc,heap     ] GC(155) Humongous regions: 91->89
[15.424s][info][gc,metaspace] GC(155) Metaspace: 1843K(1920K)->1843K(1920K) NonClass: 1702K(1728K)->1702K(1728K) Class: 141K(192K)->141K(192K)
[15.424s][info][gc          ] GC(155) Pause Young (Normal) (G1 Evacuation Pause) 1872M->985M(2048M) 10.254ms
[15.424s][info][gc,cpu      ] GC(155) User=0.00s Sys=0.00s Real=0.01s
[15.509s][info][gc,start    ] GC(156) Pause Young (Normal) (G1 Evacuation Pause)
[15.509s][info][gc,task     ] GC(156) Using 10 workers of 10 for evacuation
[15.519s][info][gc,phases   ] GC(156)   Pre Evacuate Collection Set: 0.3ms
[15.519s][info][gc,phases   ] GC(156)   Merge Heap Roots: 0.2ms
[15.519s][info][gc,phases   ] GC(156)   Evacuate Collection Set: 8.7ms
[15.519s][info][gc,phases   ] GC(156)   Post Evacuate Collection Set: 0.6ms
[15.519s][info][gc,phases   ] GC(156)   Other: 0.1ms
[15.519s][info][gc,heap     ] GC(156) Eden regions: 884->0(872)
[15.519s][info][gc,heap     ] GC(156) Survivor regions: 75->76(120)
[15.519s][info][gc,heap     ] GC(156) Old regions: 822->832
[15.519s][info][gc,heap     ] GC(156) Humongous regions: 90->89
[15.519s][info][gc,metaspace] GC(156) Metaspace: 1843K(1920K)->1843K(1920K) NonClass: 1702K(1728K)->1702K(1728K) Class: 141K(192K)->141K(192K)
[15.519s][info][gc          ] GC(156) Pause Young (Normal) (G1 Evacuation Pause) 1870M->996M(2048M) 10.146ms
[15.519s][info][gc,cpu      ] GC(156) User=0.00s Sys=0.00s Real=0.01s
[15.542s][info][gc,start    ] GC(157) Pause Young (Concurrent Start) (G1 Humongous Allocation)
[15.542s][info][gc,task     ] GC(157) Using 10 workers of 10 for evacuation
[15.553s][info][gc,phases   ] GC(157)   Pre Evacuate Collection Set: 0.3ms
[15.553s][info][gc,phases   ] GC(157)   Merge Heap Roots: 0.1ms
[15.553s][info][gc,phases   ] GC(157)   Evacuate Collection Set: 9.2ms
[15.553s][info][gc,phases   ] GC(157)   Post Evacuate Collection Set: 0.5ms
[15.553s][info][gc,phases   ] GC(157)   Other: 0.1ms
[15.553s][info][gc,heap     ] GC(157) Eden regions: 238->0(882)
[15.553s][info][gc,heap     ] GC(157) Survivor regions: 76->66(119)
[15.553s][info][gc,heap     ] GC(157) Old regions: 832->842
[15.553s][info][gc,heap     ] GC(157) Humongous regions: 90->89
[15.553s][info][gc,metaspace] GC(157) Metaspace: 1843K(1920K)->1843K(1920K) NonClass: 1702K(1728K)->1702K(1728K) Class: 141K(192K)->141K(192K)
[15.553s][info][gc          ] GC(157) Pause Young (Concurrent Start) (G1 Humongous Allocation) 1235M->996M(2048M) 10.598ms
[15.553s][info][gc,cpu      ] GC(157) User=0.02s Sys=0.00s Real=0.01s
[15.553s][info][gc          ] GC(158) Concurrent Mark Cycle
[15.553s][info][gc,marking  ] GC(158) Concurrent Scan Root Regions
[15.554s][info][gc,marking  ] GC(158) Concurrent Scan Root Regions 0.949ms
[15.554s][info][gc,marking  ] GC(158) Concurrent Mark
[15.554s][info][gc,marking  ] GC(158) Concurrent Mark From Roots
[15.554s][info][gc,task     ] GC(158) Using 3 workers of 3 for marking
[15.639s][info][gc,start    ] GC(159) Pause Young (Normal) (G1 Evacuation Pause)
[15.639s][info][gc,task     ] GC(159) Using 10 workers of 10 for evacuation
[15.647s][info][gc,phases   ] GC(159)   Pre Evacuate Collection Set: 0.2ms
[15.647s][info][gc,phases   ] GC(159)   Merge Heap Roots: 0.1ms
[15.647s][info][gc,phases   ] GC(159)   Evacuate Collection Set: 7.5ms
[15.647s][info][gc,phases   ] GC(159)   Post Evacuate Collection Set: 0.6ms
[15.647s][info][gc,phases   ] GC(159)   Other: 0.1ms
[15.647s][info][gc,heap     ] GC(159) Eden regions: 882->0(883)
[15.647s][info][gc,heap     ] GC(159) Survivor regions: 66->60(119)
[15.647s][info][gc,heap     ] GC(159) Old regions: 842->853
[15.647s][info][gc,heap     ] GC(159) Humongous regions: 91->89
[15.648s][info][gc,metaspace] GC(159) Metaspace: 1843K(1920K)->1843K(1920K) NonClass: 1702K(1728K)->1702K(1728K) Class: 141K(192K)->141K(192K)
[15.648s][info][gc          ] GC(159) Pause Young (Normal) (G1 Evacuation Pause) 1880M->1001M(2048M) 8.844ms
[15.648s][info][gc,cpu      ] GC(159) User=0.00s Sys=0.00s Real=0.01s
[15.676s][info][gc,marking  ] GC(158) Concurrent Mark From Roots 122.355ms
[15.677s][info][gc,marking  ] GC(158) Concurrent Preclean
[15.677s][info][gc,marking  ] GC(158) Concurrent Preclean 0.055ms
[15.677s][info][gc,start    ] GC(158) Pause Remark
[15.678s][info][gc          ] GC(158) Pause Remark 1313M->1276M(2048M) 0.711ms
[15.678s][info][gc,cpu      ] GC(158) User=0.00s Sys=0.00s Real=0.00s
[15.678s][info][gc,marking  ] GC(158) Concurrent Mark 123.604ms
[15.678s][info][gc,marking  ] GC(158) Concurrent Rebuild Remembered Sets and Scrub Regions
[15.733s][info][gc,start    ] GC(160) Pause Young (Normal) (G1 Evacuation Pause)
[15.733s][info][gc,task     ] GC(160) Using 10 workers of 10 for evacuation
[15.741s][info][gc,phases   ] GC(160)   Pre Evacuate Collection Set: 0.2ms
[15.741s][info][gc,phases   ] GC(160)   Merge Heap Roots: 0.2ms
[15.741s][info][gc,phases   ] GC(160)   Evacuate Collection Set: 7.1ms
[15.741s][info][gc,phases   ] GC(160)   Post Evacuate Collection Set: 0.6ms
[15.741s][info][gc,phases   ] GC(160)   Other: 0.1ms
[15.741s][info][gc,heap     ] GC(160) Eden regions: 883->0(899)
[15.741s][info][gc,heap     ] GC(160) Survivor regions: 60->70(118)
[15.741s][info][gc,heap     ] GC(160) Old regions: 828->828
[15.741s][info][gc,heap     ] GC(160) Humongous regions: 87->78
[15.741s][info][gc,metaspace] GC(160) Metaspace: 1843K(1920K)->1843K(1920K) NonClass: 1702K(1728K)->1702K(1728K) Class: 141K(192K)->141K(192K)
[15.741s][info][gc          ] GC(160) Pause Young (Normal) (G1 Evacuation Pause) 1857M->975M(2048M) 8.476ms
[15.741s][info][gc,cpu      ] GC(160) User=0.00s Sys=0.00s Real=0.01s
[15.761s][info][gc,marking  ] GC(158) Concurrent Rebuild Remembered Sets and Scrub Regions 82.825ms
[15.761s][info][gc,start    ] GC(158) Pause Cleanup
[15.761s][info][gc          ] GC(158) Pause Cleanup 1182M->1182M(2048M) 0.565ms
[15.761s][info][gc,cpu      ] GC(158) User=0.00s Sys=0.00s Real=0.00s
[15.761s][info][gc,marking  ] GC(158) Concurrent Clear Claimed Marks
[15.761s][info][gc,marking  ] GC(158) Concurrent Clear Claimed Marks 0.040ms
[15.762s][info][gc,marking  ] GC(158) Concurrent Cleanup for Next Mark
[15.769s][info][gc,marking  ] GC(158) Concurrent Cleanup for Next Mark 7.377ms
[15.769s][info][gc          ] GC(158) Concurrent Mark Cycle 216.003ms
[15.830s][info][gc,start    ] GC(161) Pause Young (Prepare Mixed) (G1 Evacuation Pause)
[15.830s][info][gc,task     ] GC(161) Using 10 workers of 10 for evacuation
[15.840s][info][gc,phases   ] GC(161)   Pre Evacuate Collection Set: 0.3ms
[15.840s][info][gc,phases   ] GC(161)   Merge Heap Roots: 0.2ms
[15.840s][info][gc,phases   ] GC(161)   Evacuate Collection Set: 8.2ms
[15.840s][info][gc,phases   ] GC(161)   Post Evacuate Collection Set: 0.6ms
[15.840s][info][gc,phases   ] GC(161)   Other: 0.1ms
[15.840s][info][gc,heap     ] GC(161) Eden regions: 899->0(899)
[15.840s][info][gc,heap     ] GC(161) Survivor regions: 70->64(122)
[15.840s][info][gc,heap     ] GC(161) Old regions: 828->839
[15.840s][info][gc,heap     ] GC(161) Humongous regions: 83->79
[15.840s][info][gc,metaspace] GC(161) Metaspace: 1843K(1920K)->1843K(1920K) NonClass: 1702K(1728K)->1702K(1728K) Class: 141K(192K)->141K(192K)
[15.840s][info][gc          ] GC(161) Pause Young (Prepare Mixed) (G1 Evacuation Pause) 1879M->980M(2048M) 9.707ms
[15.840s][info][gc,cpu      ] GC(161) User=0.02s Sys=0.00s Real=0.01s
[15.927s][info][gc,start    ] GC(162) Pause Young (Mixed) (G1 Evacuation Pause)
[15.927s][info][gc,task     ] GC(162) Using 10 workers of 10 for evacuation
[15.938s][info][gc,phases   ] GC(162)   Pre Evacuate Collection Set: 0.3ms
[15.938s][info][gc,phases   ] GC(162)   Merge Heap Roots: 0.2ms
[15.938s][info][gc,phases   ] GC(162)   Evacuate Collection Set: 10.0ms
[15.938s][info][gc,phases   ] GC(162)   Post Evacuate Collection Set: 0.6ms
[15.938s][info][gc,phases   ] GC(162)   Other: 0.1ms
[15.938s][info][gc,heap     ] GC(162) Eden regions: 899->0(962)
[15.938s][info][gc,heap     ] GC(162) Survivor regions: 64->73(121)
[15.938s][info][gc,heap     ] GC(162) Old regions: 839->755
[15.938s][info][gc,heap     ] GC(162) Humongous regions: 90->82
[15.938s][info][gc,metaspace] GC(162) Metaspace: 1843K(1920K)->1843K(1920K) NonClass: 1702K(1728K)->1702K(1728K) Class: 141K(192K)->141K(192K)
[15.938s][info][gc          ] GC(162) Pause Young (Mixed) (G1 Evacuation Pause) 1890M->908M(2048M) 11.448ms
[15.938s][info][gc,cpu      ] GC(162) User=0.02s Sys=0.00s Real=0.01s
[15.950s][info][gc,start    ] GC(163) Pause Young (Concurrent Start) (G1 Humongous Allocation)
[15.950s][info][gc,task     ] GC(163) Using 10 workers of 10 for evacuation
[15.958s][info][gc,phases   ] GC(163)   Pre Evacuate Collection Set: 0.3ms
[15.958s][info][gc,phases   ] GC(163)   Merge Heap Roots: 0.1ms
[15.959s][info][gc,phases   ] GC(163)   Evacuate Collection Set: 7.8ms
[15.959s][info][gc,phases   ] GC(163)   Post Evacuate Collection Set: 0.4ms
[15.959s][info][gc,phases   ] GC(163)   Other: 0.1ms
[15.959s][info][gc,heap     ] GC(163) Eden regions: 119->0(964)
[15.959s][info][gc,heap     ] GC(163) Survivor regions: 73->69(130)
[15.959s][info][gc,heap     ] GC(163) Old regions: 755->761
[15.959s][info][gc,heap     ] GC(163) Humongous regions: 82->82
[15.959s][info][gc,metaspace] GC(163) Metaspace: 1843K(1920K)->1843K(1920K) NonClass: 1702K(1728K)->1702K(1728K) Class: 141K(192K)->141K(192K)
[15.959s][info][gc          ] GC(163) Pause Young (Concurrent Start) (G1 Humongous Allocation) 1027M->910M(2048M) 8.972ms
[15.959s][info][gc,cpu      ] GC(163) User=0.00s Sys=0.00s Real=0.01s
[15.959s][info][gc          ] GC(164) Concurrent Mark Cycle
[15.959s][info][gc,marking  ] GC(164) Concurrent Scan Root Regions
[15.960s][info][gc,marking  ] GC(164) Concurrent Scan Root Regions 1.115ms
[15.960s][info][gc,marking  ] GC(164) Concurrent Mark
[15.960s][info][gc,marking  ] GC(164) Concurrent Mark From Roots
[15.960s][info][gc,task     ] GC(164) Using 3 workers of 3 for marking
[16.050s][info][gc,start    ] GC(165) Pause Young (Normal) (G1 Evacuation Pause)
[16.051s][info][gc,task     ] GC(165) Using 10 workers of 10 for evacuation
[16.060s][info][gc,phases   ] GC(165)   Pre Evacuate Collection Set: 0.3ms
[16.060s][info][gc,phases   ] GC(165)   Merge Heap Roots: 0.2ms
[16.060s][info][gc,phases   ] GC(165)   Evacuate Collection Set: 8.0ms
[16.060s][info][gc,phases   ] GC(165)   Post Evacuate Collection Set: 0.6ms
[16.060s][info][gc,phases   ] GC(165)   Other: 0.1ms
[16.060s][info][gc,heap     ] GC(165) Eden regions: 964->0(942)
[16.060s][info][gc,heap     ] GC(165) Survivor regions: 69->80(130)
[16.060s][info][gc,heap     ] GC(165) Old regions: 761->761
[16.060s][info][gc,heap     ] GC(165) Humongous regions: 86->82
[16.060s][info][gc,metaspace] GC(165) Metaspace: 1843K(1920K)->1843K(1920K) NonClass: 1702K(1728K)->1702K(1728K) Class: 141K(192K)->141K(192K)
[16.060s][info][gc          ] GC(165) Pause Young (Normal) (G1 Evacuation Pause) 1878M->921M(2048M) 9.477ms
[16.060s][info][gc,cpu      ] GC(165) User=0.05s Sys=0.00s Real=0.01s
[16.085s][info][gc,marking  ] GC(164) Concurrent Mark From Roots 125.191ms
[16.085s][info][gc,marking  ] GC(164) Concurrent Preclean
[16.085s][info][gc,marking  ] GC(164) Concurrent Preclean 0.045ms
[16.086s][info][gc,start    ] GC(164) Pause Remark
[16.086s][info][gc          ] GC(164) Pause Remark 1168M->1160M(2048M) 0.664ms
[16.086s][info][gc,cpu      ] GC(164) User=0.00s Sys=0.00s Real=0.00s
[16.086s][info][gc,marking  ] GC(164) Concurrent Mark 126.402ms
[16.086s][info][gc,marking  ] GC(164) Concurrent Rebuild Remembered Sets and Scrub Regions
[16.152s][info][gc,start    ] GC(166) Pause Young (Normal) (G1 Evacuation Pause)
[16.152s][info][gc,task     ] GC(166) Using 10 workers of 10 for evacuation
[16.162s][info][gc,phases   ] GC(166)   Pre Evacuate Collection Set: 0.2ms
[16.162s][info][gc,phases   ] GC(166)   Merge Heap Roots: 0.2ms
[16.162s][info][gc,phases   ] GC(166)   Evacuate Collection Set: 9.1ms
[16.162s][info][gc,phases   ] GC(166)   Post Evacuate Collection Set: 0.6ms
[16.162s][info][gc,phases   ] GC(166)   Other: 0.1ms
[16.162s][info][gc,heap     ] GC(166) Eden regions: 942->0(949)
[16.162s][info][gc,heap     ] GC(166) Survivor regions: 80->75(128)
[16.162s][info][gc,heap     ] GC(166) Old regions: 756->766
[16.162s][info][gc,heap     ] GC(166) Humongous regions: 81->80
[16.162s][info][gc,metaspace] GC(166) Metaspace: 1843K(1920K)->1843K(1920K) NonClass: 1702K(1728K)->1702K(1728K) Class: 141K(192K)->141K(192K)
[16.162s][info][gc          ] GC(166) Pause Young (Normal) (G1 Evacuation Pause) 1857M->920M(2048M) 10.514ms
[16.162s][info][gc,cpu      ] GC(166) User=0.00s Sys=0.00s Real=0.01s
[16.164s][info][gc,marking  ] GC(164) Concurrent Rebuild Remembered Sets and Scrub Regions 77.879ms
[16.164s][info][gc,start    ] GC(164) Pause Cleanup
[16.165s][info][gc          ] GC(164) Pause Cleanup 946M->946M(2048M) 0.488ms
[16.165s][info][gc,cpu      ] GC(164) User=0.00s Sys=0.00s Real=0.00s
[16.165s][info][gc,marking  ] GC(164) Concurrent Clear Claimed Marks
[16.165s][info][gc,marking  ] GC(164) Concurrent Clear Claimed Marks 0.044ms
[16.165s][info][gc,marking  ] GC(164) Concurrent Cleanup for Next Mark
[16.173s][info][gc,marking  ] GC(164) Concurrent Cleanup for Next Mark 7.518ms
[16.173s][info][gc          ] GC(164) Concurrent Mark Cycle 214.051ms
[16.256s][info][gc,start    ] GC(167) Pause Young (Prepare Mixed) (G1 Evacuation Pause)
[16.256s][info][gc,task     ] GC(167) Using 10 workers of 10 for evacuation
[16.267s][info][gc,phases   ] GC(167)   Pre Evacuate Collection Set: 0.3ms
[16.267s][info][gc,phases   ] GC(167)   Merge Heap Roots: 0.2ms
[16.267s][info][gc,phases   ] GC(167)   Evacuate Collection Set: 9.1ms
[16.267s][info][gc,phases   ] GC(167)   Post Evacuate Collection Set: 0.6ms
[16.267s][info][gc,phases   ] GC(167)   Other: 0.1ms
[16.267s][info][gc,heap     ] GC(167) Eden regions: 949->0(935)
[16.267s][info][gc,heap     ] GC(167) Survivor regions: 75->79(128)
[16.267s][info][gc,heap     ] GC(167) Old regions: 766->772
[16.267s][info][gc,heap     ] GC(167) Humongous regions: 84->80
[16.267s][info][gc,metaspace] GC(167) Metaspace: 1843K(1920K)->1843K(1920K) NonClass: 1702K(1728K)->1702K(1728K) Class: 141K(192K)->141K(192K)
[16.267s][info][gc          ] GC(167) Pause Young (Prepare Mixed) (G1 Evacuation Pause) 1873M->929M(2048M) 10.594ms
[16.267s][info][gc,cpu      ] GC(167) User=0.02s Sys=0.00s Real=0.01s
[16.356s][info][gc,start    ] GC(168) Pause Young (Mixed) (G1 Evacuation Pause)
[16.356s][info][gc,task     ] GC(168) Using 10 workers of 10 for evacuation
[16.368s][info][gc,phases   ] GC(168)   Pre Evacuate Collection Set: 0.3ms
[16.368s][info][gc,phases   ] GC(168)   Merge Heap Roots: 0.2ms
[16.368s][info][gc,phases   ] GC(168)   Evacuate Collection Set: 10.5ms
[16.368s][info][gc,phases   ] GC(168)   Post Evacuate Collection Set: 0.7ms
[16.368s][info][gc,phases   ] GC(168)   Other: 0.1ms
[16.368s][info][gc,heap     ] GC(168) Eden regions: 935->0(955)
[16.368s][info][gc,heap     ] GC(168) Survivor regions: 79->79(127)
[16.368s][info][gc,heap     ] GC(168) Old regions: 772->752
[16.368s][info][gc,heap     ] GC(168) Humongous regions: 82->80
[16.368s][info][gc,metaspace] GC(168) Metaspace: 1843K(1920K)->1843K(1920K) NonClass: 1702K(1728K)->1702K(1728K) Class: 141K(192K)->141K(192K)
[16.368s][info][gc          ] GC(168) Pause Young (Mixed) (G1 Evacuation Pause) 1866M->909M(2048M) 12.030ms
[16.368s][info][gc,cpu      ] GC(168) User=0.02s Sys=0.00s Real=0.01s
[16.379s][info][gc,start    ] GC(169) Pause Young (Concurrent Start) (G1 Humongous Allocation)
[16.379s][info][gc,task     ] GC(169) Using 10 workers of 10 for evacuation
[16.388s][info][gc,phases   ] GC(169)   Pre Evacuate Collection Set: 0.3ms
[16.388s][info][gc,phases   ] GC(169)   Merge Heap Roots: 0.1ms
[16.388s][info][gc,phases   ] GC(169)   Evacuate Collection Set: 8.5ms
[16.388s][info][gc,phases   ] GC(169)   Post Evacuate Collection Set: 0.4ms
[16.388s][info][gc,phases   ] GC(169)   Other: 0.1ms
[16.388s][info][gc,heap     ] GC(169) Eden regions: 108->0(966)
[16.388s][info][gc,heap     ] GC(169) Survivor regions: 79->68(130)
[16.388s][info][gc,heap     ] GC(169) Old regions: 752->763
[16.388s][info][gc,heap     ] GC(169) Humongous regions: 80->80
[16.388s][info][gc,metaspace] GC(169) Metaspace: 1843K(1920K)->1843K(1920K) NonClass: 1702K(1728K)->1702K(1728K) Class: 141K(192K)->141K(192K)
[16.388s][info][gc          ] GC(169) Pause Young (Concurrent Start) (G1 Humongous Allocation) 1017M->909M(2048M) 9.604ms
[16.388s][info][gc,cpu      ] GC(169) User=0.02s Sys=0.00s Real=0.01s
[16.388s][info][gc          ] GC(170) Concurrent Mark Cycle
[16.388s][info][gc,marking  ] GC(170) Concurrent Scan Root Regions
[16.389s][info][gc,marking  ] GC(170) Concurrent Scan Root Regions 0.999ms
[16.389s][info][gc,marking  ] GC(170) Concurrent Mark
[16.389s][info][gc,marking  ] GC(170) Concurrent Mark From Roots
[16.389s][info][gc,task     ] GC(170) Using 3 workers of 3 for marking
[16.479s][info][gc,start    ] GC(171) Pause Young (Normal) (G1 Evacuation Pause)
[16.479s][info][gc,task     ] GC(171) Using 10 workers of 10 for evacuation
[16.489s][info][gc,phases   ] GC(171)   Pre Evacuate Collection Set: 0.3ms
[16.489s][info][gc,phases   ] GC(171)   Merge Heap Roots: 0.2ms
[16.489s][info][gc,phases   ] GC(171)   Evacuate Collection Set: 7.9ms
[16.489s][info][gc,phases   ] GC(171)   Post Evacuate Collection Set: 0.6ms
[16.489s][info][gc,phases   ] GC(171)   Other: 0.1ms
[16.489s][info][gc,heap     ] GC(171) Eden regions: 966->0(950)
[16.489s][info][gc,heap     ] GC(171) Survivor regions: 68->75(130)
[16.489s][info][gc,heap     ] GC(171) Old regions: 763->763
[16.489s][info][gc,heap     ] GC(171) Humongous regions: 84->82
[16.489s][info][gc,metaspace] GC(171) Metaspace: 1843K(1920K)->1843K(1920K) NonClass: 1702K(1728K)->1702K(1728K) Class: 141K(192K)->141K(192K)
[16.489s][info][gc          ] GC(171) Pause Young (Normal) (G1 Evacuation Pause) 1879M->919M(2048M) 9.309ms
[16.489s][info][gc,cpu      ] GC(171) User=0.00s Sys=0.00s Real=0.01s
[16.519s][info][gc,marking  ] GC(170) Concurrent Mark From Roots 129.618ms
[16.519s][info][gc,marking  ] GC(170) Concurrent Preclean
[16.519s][info][gc,marking  ] GC(170) Concurrent Preclean 0.049ms
[16.519s][info][gc,start    ] GC(170) Pause Remark
[16.520s][info][gc          ] GC(170) Pause Remark 1246M->1239M(2048M) 0.671ms
[16.520s][info][gc,cpu      ] GC(170) User=0.00s Sys=0.00s Real=0.00s
[16.520s][info][gc,marking  ] GC(170) Concurrent Mark 130.982ms
[16.520s][info][gc,marking  ] GC(170) Concurrent Rebuild Remembered Sets and Scrub Regions
[16.581s][info][gc,start    ] GC(172) Pause Young (Normal) (G1 Evacuation Pause)
[16.581s][info][gc,task     ] GC(172) Using 10 workers of 10 for evacuation
[16.591s][info][gc,phases   ] GC(172)   Pre Evacuate Collection Set: 0.2ms
[16.591s][info][gc,phases   ] GC(172)   Merge Heap Roots: 0.2ms
[16.592s][info][gc,phases   ] GC(172)   Evacuate Collection Set: 9.3ms
[16.592s][info][gc,phases   ] GC(172)   Post Evacuate Collection Set: 0.6ms
[16.592s][info][gc,phases   ] GC(172)   Other: 0.1ms
[16.592s][info][gc,heap     ] GC(172) Eden regions: 950->0(935)
[16.592s][info][gc,heap     ] GC(172) Survivor regions: 75->82(129)
[16.592s][info][gc,heap     ] GC(172) Old regions: 762->768
[16.592s][info][gc,heap     ] GC(172) Humongous regions: 84->78
[16.592s][info][gc,metaspace] GC(172) Metaspace: 1843K(1920K)->1843K(1920K) NonClass: 1702K(1728K)->1702K(1728K) Class: 141K(192K)->141K(192K)
[16.592s][info][gc          ] GC(172) Pause Young (Normal) (G1 Evacuation Pause) 1870M->927M(2048M) 10.751ms
[16.592s][info][gc,cpu      ] GC(172) User=0.02s Sys=0.00s Real=0.01s
[16.597s][info][gc,marking  ] GC(170) Concurrent Rebuild Remembered Sets and Scrub Regions 76.542ms
[16.597s][info][gc,start    ] GC(170) Pause Cleanup
[16.599s][info][gc          ] GC(170) Pause Cleanup 986M->986M(2048M) 1.262ms
[16.601s][info][gc,cpu      ] GC(170) User=0.00s Sys=0.00s Real=0.00s
[16.601s][info][gc,marking  ] GC(170) Concurrent Clear Claimed Marks
[16.601s][info][gc,marking  ] GC(170) Concurrent Clear Claimed Marks 0.110ms
[16.601s][info][gc,marking  ] GC(170) Concurrent Cleanup for Next Mark
[16.606s][info][gc,marking  ] GC(170) Concurrent Cleanup for Next Mark 4.558ms
[16.606s][info][gc          ] GC(170) Concurrent Mark Cycle 217.467ms
[16.689s][info][gc,start    ] GC(173) Pause Young (Prepare Mixed) (G1 Evacuation Pause)
[16.689s][info][gc,task     ] GC(173) Using 10 workers of 10 for evacuation
[16.700s][info][gc,phases   ] GC(173)   Pre Evacuate Collection Set: 0.3ms
[16.700s][info][gc,phases   ] GC(173)   Merge Heap Roots: 0.2ms
[16.700s][info][gc,phases   ] GC(173)   Evacuate Collection Set: 9.9ms
[16.700s][info][gc,phases   ] GC(173)   Post Evacuate Collection Set: 0.6ms
[16.700s][info][gc,phases   ] GC(173)   Other: 0.1ms
[16.700s][info][gc,heap     ] GC(173) Eden regions: 935->0(932)
[16.700s][info][gc,heap     ] GC(173) Survivor regions: 82->75(128)
[16.700s][info][gc,heap     ] GC(173) Old regions: 768->785
[16.700s][info][gc,heap     ] GC(173) Humongous regions: 79->78
[16.700s][info][gc,metaspace] GC(173) Metaspace: 1843K(1920K)->1843K(1920K) NonClass: 1702K(1728K)->1702K(1728K) Class: 141K(192K)->141K(192K)
[16.700s][info][gc          ] GC(173) Pause Young (Prepare Mixed) (G1 Evacuation Pause) 1863M->936M(2048M) 11.411ms
[16.700s][info][gc,cpu      ] GC(173) User=0.02s Sys=0.00s Real=0.01s
[16.790s][info][gc,start    ] GC(174) Pause Young (Mixed) (G1 Evacuation Pause)
[16.790s][info][gc,task     ] GC(174) Using 10 workers of 10 for evacuation
[16.801s][info][gc,phases   ] GC(174)   Pre Evacuate Collection Set: 0.3ms
[16.801s][info][gc,phases   ] GC(174)   Merge Heap Roots: 0.2ms
[16.801s][info][gc,phases   ] GC(174)   Evacuate Collection Set: 9.5ms
[16.801s][info][gc,phases   ] GC(174)   Post Evacuate Collection Set: 0.6ms
[16.801s][info][gc,phases   ] GC(174)   Other: 0.1ms
[16.801s][info][gc,heap     ] GC(174) Eden regions: 932->0(948)
[16.801s][info][gc,heap     ] GC(174) Survivor regions: 75->78(126)
[16.801s][info][gc,heap     ] GC(174) Old regions: 785->764
[16.801s][info][gc,heap     ] GC(174) Humongous regions: 79->77
[16.801s][info][gc,metaspace] GC(174) Metaspace: 1843K(1920K)->1843K(1920K) NonClass: 1702K(1728K)->1702K(1728K) Class: 141K(192K)->141K(192K)
[16.801s][info][gc          ] GC(174) Pause Young (Mixed) (G1 Evacuation Pause) 1869M->918M(2048M) 11.090ms
[16.801s][info][gc,cpu      ] GC(174) User=0.00s Sys=0.00s Real=0.01s
[16.892s][info][gc,start    ] GC(175) Pause Young (Concurrent Start) (G1 Evacuation Pause)
[16.892s][info][gc,task     ] GC(175) Using 10 workers of 10 for evacuation
[16.901s][info][gc,phases   ] GC(175)   Pre Evacuate Collection Set: 0.3ms
[16.901s][info][gc,phases   ] GC(175)   Merge Heap Roots: 0.2ms
[16.901s][info][gc,phases   ] GC(175)   Evacuate Collection Set: 8.5ms
[16.901s][info][gc,phases   ] GC(175)   Post Evacuate Collection Set: 0.6ms
[16.902s][info][gc,phases   ] GC(175)   Other: 0.1ms
[16.902s][info][gc,heap     ] GC(175) Eden regions: 948->0(950)
[16.902s][info][gc,heap     ] GC(175) Survivor regions: 78->72(129)
[16.902s][info][gc,heap     ] GC(175) Old regions: 764->774
[16.902s][info][gc,heap     ] GC(175) Humongous regions: 77->77
[16.902s][info][gc,metaspace] GC(175) Metaspace: 1843K(1920K)->1843K(1920K) NonClass: 1702K(1728K)->1702K(1728K) Class: 141K(192K)->141K(192K)
[16.902s][info][gc          ] GC(175) Pause Young (Concurrent Start) (G1 Evacuation Pause) 1866M->922M(2048M) 9.999ms
[16.902s][info][gc,cpu      ] GC(175) User=0.02s Sys=0.00s Real=0.01s
[16.902s][info][gc          ] GC(176) Concurrent Mark Cycle
[16.902s][info][gc,marking  ] GC(176) Concurrent Scan Root Regions
[16.903s][info][gc,marking  ] GC(176) Concurrent Scan Root Regions 1.340ms
[16.903s][info][gc,marking  ] GC(176) Concurrent Mark
[16.903s][info][gc,marking  ] GC(176) Concurrent Mark From Roots
[16.903s][info][gc,task     ] GC(176) Using 3 workers of 3 for marking
[16.991s][info][gc,start    ] GC(177) Pause Young (Normal) (G1 Evacuation Pause)
[16.991s][info][gc,task     ] GC(177) Using 10 workers of 10 for evacuation
[17.001s][info][gc,phases   ] GC(177)   Pre Evacuate Collection Set: 0.3ms
[17.001s][info][gc,phases   ] GC(177)   Merge Heap Roots: 0.2ms
[17.001s][info][gc,phases   ] GC(177)   Evacuate Collection Set: 8.7ms
[17.001s][info][gc,phases   ] GC(177)   Post Evacuate Collection Set: 0.7ms
[17.001s][info][gc,phases   ] GC(177)   Other: 0.1ms
[17.001s][info][gc,heap     ] GC(177) Eden regions: 950->0(932)
[17.001s][info][gc,heap     ] GC(177) Survivor regions: 72->77(128)
[17.001s][info][gc,heap     ] GC(177) Old regions: 774->781
[17.001s][info][gc,heap     ] GC(177) Humongous regions: 87->78
[17.001s][info][gc,metaspace] GC(177) Metaspace: 1843K(1920K)->1843K(1920K) NonClass: 1702K(1728K)->1702K(1728K) Class: 141K(192K)->141K(192K)
[17.001s][info][gc          ] GC(177) Pause Young (Normal) (G1 Evacuation Pause) 1882M->935M(2048M) 10.125ms
[17.001s][info][gc,cpu      ] GC(177) User=0.02s Sys=0.00s Real=0.01s
[17.037s][info][gc,marking  ] GC(176) Concurrent Mark From Roots 134.294ms
[17.038s][info][gc,marking  ] GC(176) Concurrent Preclean
[17.038s][info][gc,marking  ] GC(176) Concurrent Preclean 0.054ms
[17.038s][info][gc,start    ] GC(176) Pause Remark
[17.038s][info][gc          ] GC(176) Pause Remark 1325M->1311M(2048M) 0.624ms
[17.038s][info][gc,cpu      ] GC(176) User=0.00s Sys=0.00s Real=0.00s
[17.039s][info][gc,marking  ] GC(176) Concurrent Mark 135.569ms
[17.039s][info][gc,marking  ] GC(176) Concurrent Rebuild Remembered Sets and Scrub Regions
[17.092s][info][gc,start    ] GC(178) Pause Young (Normal) (G1 Evacuation Pause)
[17.092s][info][gc,task     ] GC(178) Using 10 workers of 10 for evacuation
[17.102s][info][gc,phases   ] GC(178)   Pre Evacuate Collection Set: 0.3ms
[17.102s][info][gc,phases   ] GC(178)   Merge Heap Roots: 0.2ms
[17.102s][info][gc,phases   ] GC(178)   Evacuate Collection Set: 9.2ms
[17.102s][info][gc,phases   ] GC(178)   Post Evacuate Collection Set: 0.6ms
[17.102s][info][gc,phases   ] GC(178)   Other: 0.1ms
[17.103s][info][gc,heap     ] GC(178) Eden regions: 932->0(936)
[17.103s][info][gc,heap     ] GC(178) Survivor regions: 77->77(127)
[17.103s][info][gc,heap     ] GC(178) Old regions: 771->780
[17.103s][info][gc,heap     ] GC(178) Humongous regions: 82->75
[17.103s][info][gc,metaspace] GC(178) Metaspace: 1843K(1920K)->1843K(1920K) NonClass: 1702K(1728K)->1702K(1728K) Class: 141K(192K)->141K(192K)
[17.103s][info][gc          ] GC(178) Pause Young (Normal) (G1 Evacuation Pause) 1861M->930M(2048M) 10.682ms
[17.103s][info][gc,cpu      ] GC(178) User=0.02s Sys=0.00s Real=0.01s
[17.113s][info][gc,marking  ] GC(176) Concurrent Rebuild Remembered Sets and Scrub Regions 74.412ms
[17.113s][info][gc,start    ] GC(176) Pause Cleanup
[17.114s][info][gc          ] GC(176) Pause Cleanup 1044M->1044M(2048M) 0.475ms
[17.114s][info][gc,cpu      ] GC(176) User=0.00s Sys=0.00s Real=0.00s
[17.114s][info][gc,marking  ] GC(176) Concurrent Clear Claimed Marks
[17.114s][info][gc,marking  ] GC(176) Concurrent Clear Claimed Marks 0.043ms
[17.114s][info][gc,marking  ] GC(176) Concurrent Cleanup for Next Mark
[17.122s][info][gc,marking  ] GC(176) Concurrent Cleanup for Next Mark 8.056ms
[17.122s][info][gc          ] GC(176) Concurrent Mark Cycle 220.490ms
[17.195s][info][gc,start    ] GC(179) Pause Young (Prepare Mixed) (G1 Evacuation Pause)
[17.195s][info][gc,task     ] GC(179) Using 10 workers of 10 for evacuation
[17.205s][info][gc,phases   ] GC(179)   Pre Evacuate Collection Set: 0.3ms
[17.205s][info][gc,phases   ] GC(179)   Merge Heap Roots: 0.2ms
[17.205s][info][gc,phases   ] GC(179)   Evacuate Collection Set: 8.9ms
[17.205s][info][gc,phases   ] GC(179)   Post Evacuate Collection Set: 0.6ms
[17.206s][info][gc,phases   ] GC(179)   Other: 0.1ms
[17.206s][info][gc,heap     ] GC(179) Eden regions: 936->0(931)
[17.206s][info][gc,heap     ] GC(179) Survivor regions: 77->74(127)
[17.206s][info][gc,heap     ] GC(179) Old regions: 780->791
[17.206s][info][gc,heap     ] GC(179) Humongous regions: 76->75
[17.206s][info][gc,metaspace] GC(179) Metaspace: 1843K(1920K)->1843K(1920K) NonClass: 1702K(1728K)->1702K(1728K) Class: 141K(192K)->141K(192K)
[17.206s][info][gc          ] GC(179) Pause Young (Prepare Mixed) (G1 Evacuation Pause) 1867M->939M(2048M) 10.398ms
[17.206s][info][gc,cpu      ] GC(179) User=0.00s Sys=0.00s Real=0.01s
[17.295s][info][gc,start    ] GC(180) Pause Young (Mixed) (G1 Evacuation Pause)
[17.295s][info][gc,task     ] GC(180) Using 10 workers of 10 for evacuation
[17.307s][info][gc,phases   ] GC(180)   Pre Evacuate Collection Set: 0.3ms
[17.307s][info][gc,phases   ] GC(180)   Merge Heap Roots: 0.2ms
[17.307s][info][gc,phases   ] GC(180)   Evacuate Collection Set: 10.8ms
[17.307s][info][gc,phases   ] GC(180)   Post Evacuate Collection Set: 0.6ms
[17.307s][info][gc,phases   ] GC(180)   Other: 0.1ms
[17.307s][info][gc,heap     ] GC(180) Eden regions: 931->0(952)
[17.307s][info][gc,heap     ] GC(180) Survivor regions: 74->73(126)
[17.307s][info][gc,heap     ] GC(180) Old regions: 791->772
[17.307s][info][gc,heap     ] GC(180) Humongous regions: 77->75
[17.307s][info][gc,metaspace] GC(180) Metaspace: 1843K(1920K)->1843K(1920K) NonClass: 1702K(1728K)->1702K(1728K) Class: 141K(192K)->141K(192K)
[17.307s][info][gc          ] GC(180) Pause Young (Mixed) (G1 Evacuation Pause) 1872M->919M(2048M) 12.254ms
[17.307s][info][gc,cpu      ] GC(180) User=0.02s Sys=0.00s Real=0.01s
[17.365s][info][gc,start    ] GC(181) Pause Young (Concurrent Start) (G1 Humongous Allocation)
[17.365s][info][gc,task     ] GC(181) Using 10 workers of 10 for evacuation
[17.376s][info][gc,phases   ] GC(181)   Pre Evacuate Collection Set: 0.3ms
[17.376s][info][gc,phases   ] GC(181)   Merge Heap Roots: 0.1ms
[17.376s][info][gc,phases   ] GC(181)   Evacuate Collection Set: 9.1ms
[17.376s][info][gc,phases   ] GC(181)   Post Evacuate Collection Set: 0.5ms
[17.376s][info][gc,phases   ] GC(181)   Other: 0.1ms
[17.376s][info][gc,heap     ] GC(181) Eden regions: 611->0(950)
[17.376s][info][gc,heap     ] GC(181) Survivor regions: 73->68(129)
[17.376s][info][gc,heap     ] GC(181) Old regions: 772->784
[17.376s][info][gc,heap     ] GC(181) Humongous regions: 75->75
[17.376s][info][gc,metaspace] GC(181) Metaspace: 1843K(1920K)->1843K(1920K) NonClass: 1702K(1728K)->1702K(1728K) Class: 141K(192K)->141K(192K)
[17.376s][info][gc          ] GC(181) Pause Young (Concurrent Start) (G1 Humongous Allocation) 1529M->925M(2048M) 10.411ms
[17.376s][info][gc,cpu      ] GC(181) User=0.02s Sys=0.00s Real=0.01s
[17.376s][info][gc          ] GC(182) Concurrent Mark Cycle
[17.376s][info][gc,marking  ] GC(182) Concurrent Scan Root Regions
[17.377s][info][gc,marking  ] GC(182) Concurrent Scan Root Regions 1.419ms
[17.377s][info][gc,marking  ] GC(182) Concurrent Mark
[17.377s][info][gc,marking  ] GC(182) Concurrent Mark From Roots
[17.377s][info][gc,task     ] GC(182) Using 3 workers of 3 for marking
[17.465s][info][gc,start    ] GC(183) Pause Young (Normal) (G1 Evacuation Pause)
[17.465s][info][gc,task     ] GC(183) Using 10 workers of 10 for evacuation
[17.474s][info][gc,phases   ] GC(183)   Pre Evacuate Collection Set: 0.3ms
[17.474s][info][gc,phases   ] GC(183)   Merge Heap Roots: 0.2ms
[17.474s][info][gc,phases   ] GC(183)   Evacuate Collection Set: 7.7ms
[17.474s][info][gc,phases   ] GC(183)   Post Evacuate Collection Set: 0.6ms
[17.474s][info][gc,phases   ] GC(183)   Other: 0.1ms
[17.474s][info][gc,heap     ] GC(183) Eden regions: 950->0(939)
[17.474s][info][gc,heap     ] GC(183) Survivor regions: 68->73(128)
[17.474s][info][gc,heap     ] GC(183) Old regions: 784->784
[17.474s][info][gc,heap     ] GC(183) Humongous regions: 80->76
[17.474s][info][gc,metaspace] GC(183) Metaspace: 1843K(1920K)->1843K(1920K) NonClass: 1702K(1728K)->1702K(1728K) Class: 141K(192K)->141K(192K)
[17.474s][info][gc          ] GC(183) Pause Young (Normal) (G1 Evacuation Pause) 1880M->931M(2048M) 9.066ms
[17.474s][info][gc,cpu      ] GC(183) User=0.00s Sys=0.00s Real=0.01s
[17.511s][info][gc,marking  ] GC(182) Concurrent Mark From Roots 133.950ms
[17.512s][info][gc,marking  ] GC(182) Concurrent Preclean
[17.512s][info][gc,marking  ] GC(182) Concurrent Preclean 0.078ms
[17.512s][info][gc,start    ] GC(182) Pause Remark
[17.512s][info][gc          ] GC(182) Pause Remark 1332M->1321M(2048M) 0.629ms
[17.512s][info][gc,cpu      ] GC(182) User=0.00s Sys=0.00s Real=0.00s
[17.513s][info][gc,marking  ] GC(182) Concurrent Mark 135.165ms
[17.513s][info][gc,marking  ] GC(182) Concurrent Rebuild Remembered Sets and Scrub Regions
[17.563s][info][gc,start    ] GC(184) Pause Young (Normal) (G1 Evacuation Pause)
[17.563s][info][gc,task     ] GC(184) Using 10 workers of 10 for evacuation
[17.573s][info][gc,phases   ] GC(184)   Pre Evacuate Collection Set: 0.3ms
[17.573s][info][gc,phases   ] GC(184)   Merge Heap Roots: 0.2ms
[17.573s][info][gc,phases   ] GC(184)   Evacuate Collection Set: 9.3ms
[17.573s][info][gc,phases   ] GC(184)   Post Evacuate Collection Set: 0.6ms
[17.574s][info][gc,phases   ] GC(184)   Other: 0.1ms
[17.574s][info][gc,heap     ] GC(184) Eden regions: 939->0(937)
[17.574s][info][gc,heap     ] GC(184) Survivor regions: 73->74(127)
[17.574s][info][gc,heap     ] GC(184) Old regions: 773->784
[17.574s][info][gc,heap     ] GC(184) Humongous regions: 78->76
[17.574s][info][gc,metaspace] GC(184) Metaspace: 1843K(1920K)->1843K(1920K) NonClass: 1702K(1728K)->1702K(1728K) Class: 141K(192K)->141K(192K)
[17.574s][info][gc          ] GC(184) Pause Young (Normal) (G1 Evacuation Pause) 1861M->932M(2048M) 10.726ms
[17.574s][info][gc,cpu      ] GC(184) User=0.02s Sys=0.00s Real=0.01s
[17.589s][info][gc,marking  ] GC(182) Concurrent Rebuild Remembered Sets and Scrub Regions 76.506ms
[17.589s][info][gc,start    ] GC(182) Pause Cleanup
[17.590s][info][gc          ] GC(182) Pause Cleanup 1099M->1099M(2048M) 0.497ms
[17.590s][info][gc,cpu      ] GC(182) User=0.00s Sys=0.00s Real=0.00s
[17.590s][info][gc,marking  ] GC(182) Concurrent Clear Claimed Marks
[17.590s][info][gc,marking  ] GC(182) Concurrent Clear Claimed Marks 0.048ms
[17.590s][info][gc,marking  ] GC(182) Concurrent Cleanup for Next Mark
[17.598s][info][gc,marking  ] GC(182) Concurrent Cleanup for Next Mark 7.716ms
[17.598s][info][gc          ] GC(182) Concurrent Mark Cycle 222.072ms
[17.667s][info][gc,start    ] GC(185) Pause Young (Prepare Mixed) (G1 Evacuation Pause)
[17.667s][info][gc,task     ] GC(185) Using 10 workers of 10 for evacuation
[17.677s][info][gc,phases   ] GC(185)   Pre Evacuate Collection Set: 0.3ms
[17.677s][info][gc,phases   ] GC(185)   Merge Heap Roots: 0.2ms
[17.677s][info][gc,phases   ] GC(185)   Evacuate Collection Set: 9.0ms
[17.677s][info][gc,phases   ] GC(185)   Post Evacuate Collection Set: 0.6ms
[17.677s][info][gc,phases   ] GC(185)   Other: 0.1ms
[17.677s][info][gc,heap     ] GC(185) Eden regions: 937->0(930)
[17.677s][info][gc,heap     ] GC(185) Survivor regions: 74->73(127)
[17.677s][info][gc,heap     ] GC(185) Old regions: 784->793
[17.677s][info][gc,heap     ] GC(185) Humongous regions: 81->76
[17.677s][info][gc,metaspace] GC(185) Metaspace: 1843K(1920K)->1843K(1920K) NonClass: 1702K(1728K)->1702K(1728K) Class: 141K(192K)->141K(192K)
[17.678s][info][gc          ] GC(185) Pause Young (Prepare Mixed) (G1 Evacuation Pause) 1874M->941M(2048M) 10.482ms
[17.678s][info][gc,cpu      ] GC(185) User=0.00s Sys=0.00s Real=0.01s
[17.767s][info][gc,start    ] GC(186) Pause Young (Mixed) (G1 Evacuation Pause)
[17.767s][info][gc,task     ] GC(186) Using 10 workers of 10 for evacuation
[17.779s][info][gc,phases   ] GC(186)   Pre Evacuate Collection Set: 0.3ms
[17.779s][info][gc,phases   ] GC(186)   Merge Heap Roots: 0.2ms
[17.779s][info][gc,phases   ] GC(186)   Evacuate Collection Set: 10.6ms
[17.779s][info][gc,phases   ] GC(186)   Post Evacuate Collection Set: 0.8ms
[17.779s][info][gc,phases   ] GC(186)   Other: 0.1ms
[17.779s][info][gc,heap     ] GC(186) Eden regions: 930->0(940)
[17.779s][info][gc,heap     ] GC(186) Survivor regions: 73->77(126)
[17.779s][info][gc,heap     ] GC(186) Old regions: 793->774
[17.779s][info][gc,heap     ] GC(186) Humongous regions: 85->77
[17.779s][info][gc,metaspace] GC(186) Metaspace: 1843K(1920K)->1843K(1920K) NonClass: 1702K(1728K)->1702K(1728K) Class: 141K(192K)->141K(192K)
[17.779s][info][gc          ] GC(186) Pause Young (Mixed) (G1 Evacuation Pause) 1880M->927M(2048M) 12.239ms
[17.779s][info][gc,cpu      ] GC(186) User=0.02s Sys=0.00s Real=0.01s
[17.812s][info][gc,start    ] GC(187) Pause Young (Concurrent Start) (G1 Humongous Allocation)
[17.812s][info][gc,task     ] GC(187) Using 10 workers of 10 for evacuation
[17.822s][info][gc,phases   ] GC(187)   Pre Evacuate Collection Set: 0.3ms
[17.822s][info][gc,phases   ] GC(187)   Merge Heap Roots: 0.1ms
[17.822s][info][gc,phases   ] GC(187)   Evacuate Collection Set: 8.6ms
[17.822s][info][gc,phases   ] GC(187)   Post Evacuate Collection Set: 0.5ms
[17.822s][info][gc,phases   ] GC(187)   Other: 0.1ms
[17.822s][info][gc,heap     ] GC(187) Eden regions: 344->0(939)
[17.822s][info][gc,heap     ] GC(187) Survivor regions: 77->71(128)
[17.822s][info][gc,heap     ] GC(187) Old regions: 774->787
[17.822s][info][gc,heap     ] GC(187) Humongous regions: 77->77
[17.822s][info][gc,metaspace] GC(187) Metaspace: 1843K(1920K)->1843K(1920K) NonClass: 1702K(1728K)->1702K(1728K) Class: 141K(192K)->141K(192K)
[17.822s][info][gc          ] GC(187) Pause Young (Concurrent Start) (G1 Humongous Allocation) 1271M->934M(2048M) 9.956ms
[17.822s][info][gc          ] GC(188) Concurrent Mark Cycle
[17.822s][info][gc,cpu      ] GC(187) User=0.02s Sys=0.00s Real=0.01s
[17.822s][info][gc,marking  ] GC(188) Concurrent Scan Root Regions
[17.824s][info][gc,marking  ] GC(188) Concurrent Scan Root Regions 1.497ms
[17.824s][info][gc,marking  ] GC(188) Concurrent Mark
[17.824s][info][gc,marking  ] GC(188) Concurrent Mark From Roots
[17.824s][info][gc,task     ] GC(188) Using 3 workers of 3 for marking
[17.913s][info][gc,start    ] GC(189) Pause Young (Normal) (G1 Evacuation Pause)
[17.913s][info][gc,task     ] GC(189) Using 10 workers of 10 for evacuation
[17.922s][info][gc,phases   ] GC(189)   Pre Evacuate Collection Set: 0.2ms
[17.922s][info][gc,phases   ] GC(189)   Merge Heap Roots: 0.2ms
[17.922s][info][gc,phases   ] GC(189)   Evacuate Collection Set: 7.7ms
[17.922s][info][gc,phases   ] GC(189)   Post Evacuate Collection Set: 0.6ms
[17.922s][info][gc,phases   ] GC(189)   Other: 0.1ms
[17.922s][info][gc,heap     ] GC(189) Eden regions: 939->0(931)
[17.922s][info][gc,heap     ] GC(189) Survivor regions: 71->74(127)
[17.922s][info][gc,heap     ] GC(189) Old regions: 787->787
[17.922s][info][gc,heap     ] GC(189) Humongous regions: 86->79
[17.922s][info][gc,metaspace] GC(189) Metaspace: 1843K(1920K)->1843K(1920K) NonClass: 1702K(1728K)->1702K(1728K) Class: 141K(192K)->141K(192K)
[17.922s][info][gc          ] GC(189) Pause Young (Normal) (G1 Evacuation Pause) 1882M->939M(2048M) 9.078ms
[17.922s][info][gc,cpu      ] GC(189) User=0.02s Sys=0.00s Real=0.01s
[17.953s][info][gc,marking  ] GC(188) Concurrent Mark From Roots 129.002ms
[17.953s][info][gc,marking  ] GC(188) Concurrent Preclean
[17.953s][info][gc,marking  ] GC(188) Concurrent Preclean 0.042ms
[17.953s][info][gc,start    ] GC(188) Pause Remark
[17.954s][info][gc          ] GC(188) Pause Remark 1273M->1261M(2048M) 0.635ms
[17.954s][info][gc,cpu      ] GC(188) User=0.00s Sys=0.00s Real=0.00s
[17.954s][info][gc,marking  ] GC(188) Concurrent Mark 130.234ms
[17.954s][info][gc,marking  ] GC(188) Concurrent Rebuild Remembered Sets and Scrub Regions
[18.010s][info][gc,start    ] GC(190) Pause Young (Normal) (G1 Evacuation Pause)
[18.010s][info][gc,task     ] GC(190) Using 10 workers of 10 for evacuation
[18.021s][info][gc,phases   ] GC(190)   Pre Evacuate Collection Set: 0.3ms
[18.021s][info][gc,phases   ] GC(190)   Merge Heap Roots: 0.2ms
[18.021s][info][gc,phases   ] GC(190)   Evacuate Collection Set: 9.4ms
[18.021s][info][gc,phases   ] GC(190)   Post Evacuate Collection Set: 0.6ms
[18.021s][info][gc,phases   ] GC(190)   Other: 0.1ms
[18.021s][info][gc,heap     ] GC(190) Eden regions: 931->0(926)
[18.021s][info][gc,heap     ] GC(190) Survivor regions: 74->78(126)
[18.021s][info][gc,heap     ] GC(190) Old regions: 775->783
[18.021s][info][gc,heap     ] GC(190) Humongous regions: 86->80
[18.021s][info][gc,metaspace] GC(190) Metaspace: 1843K(1920K)->1843K(1920K) NonClass: 1702K(1728K)->1702K(1728K) Class: 141K(192K)->141K(192K)
[18.021s][info][gc          ] GC(190) Pause Young (Normal) (G1 Evacuation Pause) 1865M->940M(2048M) 10.953ms
[18.021s][info][gc,cpu      ] GC(190) User=0.00s Sys=0.00s Real=0.01s
[18.029s][info][gc,marking  ] GC(188) Concurrent Rebuild Remembered Sets and Scrub Regions 74.526ms
[18.029s][info][gc,start    ] GC(188) Pause Cleanup
[18.029s][info][gc          ] GC(188) Pause Cleanup 1019M->1019M(2048M) 0.478ms
[18.029s][info][gc,cpu      ] GC(188) User=0.00s Sys=0.00s Real=0.00s
[18.029s][info][gc,marking  ] GC(188) Concurrent Clear Claimed Marks
[18.029s][info][gc,marking  ] GC(188) Concurrent Clear Claimed Marks 0.046ms
[18.029s][info][gc,marking  ] GC(188) Concurrent Cleanup for Next Mark
[18.037s][info][gc,marking  ] GC(188) Concurrent Cleanup for Next Mark 7.636ms
[18.037s][info][gc          ] GC(188) Concurrent Mark Cycle 214.964ms
[18.114s][info][gc,start    ] GC(191) Pause Young (Prepare Mixed) (G1 Evacuation Pause)
[18.114s][info][gc,task     ] GC(191) Using 10 workers of 10 for evacuation
[18.124s][info][gc,phases   ] GC(191)   Pre Evacuate Collection Set: 0.3ms
[18.124s][info][gc,phases   ] GC(191)   Merge Heap Roots: 0.2ms
[18.124s][info][gc,phases   ] GC(191)   Evacuate Collection Set: 9.3ms
[18.124s][info][gc,phases   ] GC(191)   Post Evacuate Collection Set: 0.8ms
[18.124s][info][gc,phases   ] GC(191)   Other: 0.1ms
[18.124s][info][gc,heap     ] GC(191) Eden regions: 926->0(922)
[18.124s][info][gc,heap     ] GC(191) Survivor regions: 78->73(126)
[18.124s][info][gc,heap     ] GC(191) Old regions: 783->797
[18.124s][info][gc,heap     ] GC(191) Humongous regions: 84->80
[18.124s][info][gc,metaspace] GC(191) Metaspace: 1843K(1920K)->1843K(1920K) NonClass: 1702K(1728K)->1702K(1728K) Class: 141K(192K)->141K(192K)
[18.124s][info][gc          ] GC(191) Pause Young (Prepare Mixed) (G1 Evacuation Pause) 1870M->949M(2048M) 10.820ms
[18.124s][info][gc,cpu      ] GC(191) User=0.02s Sys=0.00s Real=0.01s
[18.213s][info][gc,start    ] GC(192) Pause Young (Mixed) (G1 Evacuation Pause)
[18.213s][info][gc,task     ] GC(192) Using 10 workers of 10 for evacuation
[18.224s][info][gc,phases   ] GC(192)   Pre Evacuate Collection Set: 0.3ms
[18.224s][info][gc,phases   ] GC(192)   Merge Heap Roots: 0.2ms
[18.224s][info][gc,phases   ] GC(192)   Evacuate Collection Set: 10.1ms
[18.224s][info][gc,phases   ] GC(192)   Post Evacuate Collection Set: 0.6ms
[18.224s][info][gc,phases   ] GC(192)   Other: 0.1ms
[18.224s][info][gc,heap     ] GC(192) Eden regions: 922->0(935)
[18.224s][info][gc,heap     ] GC(192) Survivor regions: 73->75(125)
[18.224s][info][gc,heap     ] GC(192) Old regions: 797->781
[18.224s][info][gc,heap     ] GC(192) Humongous regions: 83->79
[18.224s][info][gc,metaspace] GC(192) Metaspace: 1843K(1920K)->1843K(1920K) NonClass: 1702K(1728K)->1702K(1728K) Class: 141K(192K)->141K(192K)
[18.224s][info][gc          ] GC(192) Pause Young (Mixed) (G1 Evacuation Pause) 1874M->933M(2048M) 11.695ms
[18.224s][info][gc,cpu      ] GC(192) User=0.00s Sys=0.00s Real=0.01s
[18.228s][info][gc,start    ] GC(193) Pause Young (Concurrent Start) (G1 Humongous Allocation)
[18.228s][info][gc,task     ] GC(193) Using 10 workers of 10 for evacuation
[18.237s][info][gc,phases   ] GC(193)   Pre Evacuate Collection Set: 0.3ms
[18.237s][info][gc,phases   ] GC(193)   Merge Heap Roots: 0.1ms
[18.237s][info][gc,phases   ] GC(193)   Evacuate Collection Set: 8.0ms
[18.237s][info][gc,phases   ] GC(193)   Post Evacuate Collection Set: 0.4ms
[18.237s][info][gc,phases   ] GC(193)   Other: 0.1ms
[18.237s][info][gc,heap     ] GC(193) Eden regions: 40->0(940)
[18.237s][info][gc,heap     ] GC(193) Survivor regions: 75->70(127)
[18.237s][info][gc,heap     ] GC(193) Old regions: 781->786
[18.237s][info][gc,heap     ] GC(193) Humongous regions: 79->79
[18.237s][info][gc,metaspace] GC(193) Metaspace: 1843K(1920K)->1843K(1920K) NonClass: 1702K(1728K)->1702K(1728K) Class: 141K(192K)->141K(192K)
[18.237s][info][gc          ] GC(193) Pause Young (Concurrent Start) (G1 Humongous Allocation) 973M->934M(2048M) 9.106ms
[18.237s][info][gc,cpu      ] GC(193) User=0.00s Sys=0.00s Real=0.01s
[18.237s][info][gc          ] GC(194) Concurrent Mark Cycle
[18.237s][info][gc,marking  ] GC(194) Concurrent Scan Root Regions
[18.238s][info][gc,marking  ] GC(194) Concurrent Scan Root Regions 0.890ms
[18.238s][info][gc,marking  ] GC(194) Concurrent Mark
[18.238s][info][gc,marking  ] GC(194) Concurrent Mark From Roots
[18.238s][info][gc,task     ] GC(194) Using 3 workers of 3 for marking
[18.325s][info][gc,start    ] GC(195) Pause Young (Normal) (G1 Evacuation Pause)
[18.325s][info][gc,task     ] GC(195) Using 10 workers of 10 for evacuation
[18.335s][info][gc,phases   ] GC(195)   Pre Evacuate Collection Set: 0.3ms
[18.335s][info][gc,phases   ] GC(195)   Merge Heap Roots: 0.1ms
[18.335s][info][gc,phases   ] GC(195)   Evacuate Collection Set: 8.2ms
[18.335s][info][gc,phases   ] GC(195)   Post Evacuate Collection Set: 0.6ms
[18.335s][info][gc,phases   ] GC(195)   Other: 0.1ms
[18.335s][info][gc,heap     ] GC(195) Eden regions: 940->0(922)
[18.335s][info][gc,heap     ] GC(195) Survivor regions: 70->79(127)
[18.335s][info][gc,heap     ] GC(195) Old regions: 786->786
[18.335s][info][gc,heap     ] GC(195) Humongous regions: 81->79
[18.335s][info][gc,metaspace] GC(195) Metaspace: 1843K(1920K)->1843K(1920K) NonClass: 1702K(1728K)->1702K(1728K) Class: 141K(192K)->141K(192K)
[18.335s][info][gc          ] GC(195) Pause Young (Normal) (G1 Evacuation Pause) 1876M->943M(2048M) 9.619ms
[18.335s][info][gc,cpu      ] GC(195) User=0.02s Sys=0.00s Real=0.01s
[18.369s][info][gc,marking  ] GC(194) Concurrent Mark From Roots 131.086ms
[18.369s][info][gc,marking  ] GC(194) Concurrent Preclean
[18.369s][info][gc,marking  ] GC(194) Concurrent Preclean 0.044ms
[18.370s][info][gc,start    ] GC(194) Pause Remark
[18.370s][info][gc          ] GC(194) Pause Remark 1312M->1306M(2048M) 0.576ms
[18.370s][info][gc,cpu      ] GC(194) User=0.00s Sys=0.00s Real=0.00s
[18.370s][info][gc,marking  ] GC(194) Concurrent Mark 132.222ms
[18.370s][info][gc,marking  ] GC(194) Concurrent Rebuild Remembered Sets and Scrub Regions
[18.422s][info][gc,start    ] GC(196) Pause Young (Normal) (G1 Evacuation Pause)
[18.423s][info][gc,task     ] GC(196) Using 10 workers of 10 for evacuation
[18.434s][info][gc,phases   ] GC(196)   Pre Evacuate Collection Set: 0.3ms
[18.434s][info][gc,phases   ] GC(196)   Merge Heap Roots: 0.2ms
[18.434s][info][gc,phases   ] GC(196)   Evacuate Collection Set: 10.1ms
[18.434s][info][gc,phases   ] GC(196)   Post Evacuate Collection Set: 0.7ms
[18.434s][info][gc,phases   ] GC(196)   Other: 0.1ms
[18.434s][info][gc,heap     ] GC(196) Eden regions: 922->0(916)
[18.434s][info][gc,heap     ] GC(196) Survivor regions: 79->78(126)
[18.434s][info][gc,heap     ] GC(196) Old regions: 781->793
[18.434s][info][gc,heap     ] GC(196) Humongous regions: 84->80
[18.434s][info][gc,metaspace] GC(196) Metaspace: 1843K(1920K)->1843K(1920K) NonClass: 1702K(1728K)->1702K(1728K) Class: 141K(192K)->141K(192K)
[18.434s][info][gc          ] GC(196) Pause Young (Normal) (G1 Evacuation Pause) 1865M->950M(2048M) 11.540ms
[18.434s][info][gc,cpu      ] GC(196) User=0.02s Sys=0.00s Real=0.01s
[18.440s][info][gc,marking  ] GC(194) Concurrent Rebuild Remembered Sets and Scrub Regions 69.604ms
[18.440s][info][gc,start    ] GC(194) Pause Cleanup
[18.441s][info][gc          ] GC(194) Pause Cleanup 1011M->1011M(2048M) 0.543ms
[18.441s][info][gc,cpu      ] GC(194) User=0.00s Sys=0.00s Real=0.00s
[18.441s][info][gc,marking  ] GC(194) Concurrent Clear Claimed Marks
[18.441s][info][gc,marking  ] GC(194) Concurrent Clear Claimed Marks 0.041ms
[18.441s][info][gc,marking  ] GC(194) Concurrent Cleanup for Next Mark
[18.447s][info][gc,marking  ] GC(194) Concurrent Cleanup for Next Mark 6.517ms
[18.448s][info][gc          ] GC(194) Concurrent Mark Cycle 210.373ms
[18.527s][info][gc,start    ] GC(197) Pause Young (Prepare Mixed) (G1 Evacuation Pause)
[18.527s][info][gc,task     ] GC(197) Using 10 workers of 10 for evacuation
[18.537s][info][gc,phases   ] GC(197)   Pre Evacuate Collection Set: 0.3ms
[18.537s][info][gc,phases   ] GC(197)   Merge Heap Roots: 0.2ms
[18.537s][info][gc,phases   ] GC(197)   Evacuate Collection Set: 9.3ms
[18.537s][info][gc,phases   ] GC(197)   Post Evacuate Collection Set: 0.6ms
[18.537s][info][gc,phases   ] GC(197)   Other: 0.1ms
[18.537s][info][gc,heap     ] GC(197) Eden regions: 916->0(903)
[18.537s][info][gc,heap     ] GC(197) Survivor regions: 78->80(125)
[18.537s][info][gc,heap     ] GC(197) Old regions: 793->802
[18.537s][info][gc,heap     ] GC(197) Humongous regions: 82->80
[18.537s][info][gc,metaspace] GC(197) Metaspace: 1844K(1920K)->1844K(1920K) NonClass: 1702K(1728K)->1702K(1728K) Class: 141K(192K)->141K(192K)
[18.538s][info][gc          ] GC(197) Pause Young (Prepare Mixed) (G1 Evacuation Pause) 1868M->961M(2048M) 10.774ms
[18.538s][info][gc,cpu      ] GC(197) User=0.00s Sys=0.00s Real=0.01s
[18.624s][info][gc,start    ] GC(198) Pause Young (Mixed) (G1 Evacuation Pause)
[18.624s][info][gc,task     ] GC(198) Using 10 workers of 10 for evacuation
[18.636s][info][gc,phases   ] GC(198)   Pre Evacuate Collection Set: 0.3ms
[18.636s][info][gc,phases   ] GC(198)   Merge Heap Roots: 0.2ms
[18.636s][info][gc,phases   ] GC(198)   Evacuate Collection Set: 10.2ms
[18.636s][info][gc,phases   ] GC(198)   Post Evacuate Collection Set: 0.6ms
[18.636s][info][gc,phases   ] GC(198)   Other: 0.1ms
[18.636s][info][gc,heap     ] GC(198) Eden regions: 903->0(916)
[18.636s][info][gc,heap     ] GC(198) Survivor regions: 80->77(123)
[18.636s][info][gc,heap     ] GC(198) Old regions: 802->795
[18.636s][info][gc,heap     ] GC(198) Humongous regions: 83->80
[18.636s][info][gc,metaspace] GC(198) Metaspace: 1844K(1920K)->1844K(1920K) NonClass: 1702K(1728K)->1702K(1728K) Class: 141K(192K)->141K(192K)
[18.636s][info][gc          ] GC(198) Pause Young (Mixed) (G1 Evacuation Pause) 1867M->950M(2048M) 11.640ms
[18.636s][info][gc,cpu      ] GC(198) User=0.02s Sys=0.00s Real=0.01s
[18.674s][info][gc,start    ] GC(199) Pause Young (Concurrent Start) (G1 Humongous Allocation)
[18.674s][info][gc,task     ] GC(199) Using 10 workers of 10 for evacuation
[18.683s][info][gc,phases   ] GC(199)   Pre Evacuate Collection Set: 0.3ms
[18.683s][info][gc,phases   ] GC(199)   Merge Heap Roots: 0.1ms
[18.683s][info][gc,phases   ] GC(199)   Evacuate Collection Set: 8.2ms
[18.683s][info][gc,phases   ] GC(199)   Post Evacuate Collection Set: 0.5ms
[18.683s][info][gc,phases   ] GC(199)   Other: 0.1ms
[18.683s][info][gc,heap     ] GC(199) Eden regions: 392->0(930)
[18.683s][info][gc,heap     ] GC(199) Survivor regions: 77->62(125)
[18.683s][info][gc,heap     ] GC(199) Old regions: 795->811
[18.683s][info][gc,heap     ] GC(199) Humongous regions: 80->80
[18.683s][info][gc,metaspace] GC(199) Metaspace: 1844K(1920K)->1844K(1920K) NonClass: 1702K(1728K)->1702K(1728K) Class: 141K(192K)->141K(192K)
[18.683s][info][gc          ] GC(199) Pause Young (Concurrent Start) (G1 Humongous Allocation) 1342M->952M(2048M) 9.463ms
[18.683s][info][gc,cpu      ] GC(199) User=0.00s Sys=0.00s Real=0.01s
[18.683s][info][gc          ] GC(200) Concurrent Mark Cycle
[18.683s][info][gc,marking  ] GC(200) Concurrent Scan Root Regions
[18.684s][info][gc,marking  ] GC(200) Concurrent Scan Root Regions 0.966ms
[18.684s][info][gc,marking  ] GC(200) Concurrent Mark
[18.684s][info][gc,marking  ] GC(200) Concurrent Mark From Roots
[18.684s][info][gc,task     ] GC(200) Using 3 workers of 3 for marking
[18.770s][info][gc,start    ] GC(201) Pause Young (Normal) (G1 Evacuation Pause)
[18.771s][info][gc,task     ] GC(201) Using 10 workers of 10 for evacuation
[18.779s][info][gc,phases   ] GC(201)   Pre Evacuate Collection Set: 0.3ms
[18.780s][info][gc,phases   ] GC(201)   Merge Heap Roots: 0.2ms
[18.780s][info][gc,phases   ] GC(201)   Evacuate Collection Set: 7.8ms
[18.780s][info][gc,phases   ] GC(201)   Post Evacuate Collection Set: 0.6ms
[18.780s][info][gc,phases   ] GC(201)   Other: 0.1ms
[18.780s][info][gc,heap     ] GC(201) Eden regions: 930->0(913)
[18.780s][info][gc,heap     ] GC(201) Survivor regions: 62->70(124)
[18.780s][info][gc,heap     ] GC(201) Old regions: 811->811
[18.780s][info][gc,heap     ] GC(201) Humongous regions: 86->81
[18.780s][info][gc,metaspace] GC(201) Metaspace: 1844K(1920K)->1844K(1920K) NonClass: 1702K(1728K)->1702K(1728K) Class: 141K(192K)->141K(192K)
[18.780s][info][gc          ] GC(201) Pause Young (Normal) (G1 Evacuation Pause) 1888M->960M(2048M) 9.198ms
[18.780s][info][gc,cpu      ] GC(201) User=0.02s Sys=0.00s Real=0.01s
[18.816s][info][gc,marking  ] GC(200) Concurrent Mark From Roots 132.028ms
[18.816s][info][gc,marking  ] GC(200) Concurrent Preclean
[18.816s][info][gc,marking  ] GC(200) Concurrent Preclean 0.044ms
[18.817s][info][gc,start    ] GC(200) Pause Remark
[18.817s][info][gc          ] GC(200) Pause Remark 1356M->1349M(2048M) 0.589ms
[18.817s][info][gc,cpu      ] GC(200) User=0.00s Sys=0.00s Real=0.00s
[18.817s][info][gc,marking  ] GC(200) Concurrent Mark 133.205ms
[18.817s][info][gc,marking  ] GC(200) Concurrent Rebuild Remembered Sets and Scrub Regions
[18.867s][info][gc,start    ] GC(202) Pause Young (Normal) (G1 Evacuation Pause)
[18.868s][info][gc,task     ] GC(202) Using 10 workers of 10 for evacuation
[18.878s][info][gc,phases   ] GC(202)   Pre Evacuate Collection Set: 0.3ms
[18.878s][info][gc,phases   ] GC(202)   Merge Heap Roots: 0.2ms
[18.878s][info][gc,phases   ] GC(202)   Evacuate Collection Set: 9.0ms
[18.878s][info][gc,phases   ] GC(202)   Post Evacuate Collection Set: 0.6ms
[18.878s][info][gc,phases   ] GC(202)   Other: 0.1ms
[18.878s][info][gc,heap     ] GC(202) Eden regions: 913->0(899)
[18.878s][info][gc,heap     ] GC(202) Survivor regions: 70->74(123)
[18.878s][info][gc,heap     ] GC(202) Old regions: 804->813
[18.878s][info][gc,heap     ] GC(202) Humongous regions: 99->85
[18.878s][info][gc,metaspace] GC(202) Metaspace: 1844K(1920K)->1844K(1920K) NonClass: 1702K(1728K)->1702K(1728K) Class: 141K(192K)->141K(192K)
[18.878s][info][gc          ] GC(202) Pause Young (Normal) (G1 Evacuation Pause) 1884M->970M(2048M) 10.441ms
[18.878s][info][gc,cpu      ] GC(202) User=0.00s Sys=0.00s Real=0.01s
[18.887s][info][gc,marking  ] GC(200) Concurrent Rebuild Remembered Sets and Scrub Regions 69.312ms
[18.887s][info][gc,start    ] GC(200) Pause Cleanup
[18.887s][info][gc          ] GC(200) Pause Cleanup 1065M->1065M(2048M) 0.501ms
[18.888s][info][gc,cpu      ] GC(200) User=0.00s Sys=0.00s Real=0.00s
[18.888s][info][gc,marking  ] GC(200) Concurrent Clear Claimed Marks
[18.888s][info][gc,marking  ] GC(200) Concurrent Clear Claimed Marks 0.037ms
[18.888s][info][gc,marking  ] GC(200) Concurrent Cleanup for Next Mark
[18.895s][info][gc,marking  ] GC(200) Concurrent Cleanup for Next Mark 7.316ms
[18.895s][info][gc          ] GC(200) Concurrent Mark Cycle 211.939ms
[18.968s][info][gc,start    ] GC(203) Pause Young (Prepare Mixed) (G1 Evacuation Pause)
[18.968s][info][gc,task     ] GC(203) Using 10 workers of 10 for evacuation
[18.978s][info][gc,phases   ] GC(203)   Pre Evacuate Collection Set: 0.3ms
[18.978s][info][gc,phases   ] GC(203)   Merge Heap Roots: 0.2ms
[18.978s][info][gc,phases   ] GC(203)   Evacuate Collection Set: 8.9ms
[18.978s][info][gc,phases   ] GC(203)   Post Evacuate Collection Set: 0.6ms
[18.978s][info][gc,phases   ] GC(203)   Other: 0.1ms
[18.978s][info][gc,heap     ] GC(203) Eden regions: 899->0(892)
[18.978s][info][gc,heap     ] GC(203) Survivor regions: 74->73(122)
[18.978s][info][gc,heap     ] GC(203) Old regions: 813->822
[18.978s][info][gc,heap     ] GC(203) Humongous regions: 88->85
[18.978s][info][gc,metaspace] GC(203) Metaspace: 1844K(1920K)->1844K(1920K) NonClass: 1702K(1728K)->1702K(1728K) Class: 141K(192K)->141K(192K)
[18.978s][info][gc          ] GC(203) Pause Young (Prepare Mixed) (G1 Evacuation Pause) 1872M->979M(2048M) 10.322ms
[18.978s][info][gc,cpu      ] GC(203) User=0.02s Sys=0.00s Real=0.01s
[19.064s][info][gc,start    ] GC(204) Pause Young (Mixed) (G1 Evacuation Pause)
[19.064s][info][gc,task     ] GC(204) Using 10 workers of 10 for evacuation
[19.075s][info][gc,phases   ] GC(204)   Pre Evacuate Collection Set: 0.3ms
[19.075s][info][gc,phases   ] GC(204)   Merge Heap Roots: 0.2ms
[19.075s][info][gc,phases   ] GC(204)   Evacuate Collection Set: 9.8ms
[19.075s][info][gc,phases   ] GC(204)   Post Evacuate Collection Set: 0.6ms
[19.075s][info][gc,phases   ] GC(204)   Other: 0.1ms
[19.075s][info][gc,heap     ] GC(204) Eden regions: 892->0(903)
[19.075s][info][gc,heap     ] GC(204) Survivor regions: 73->71(121)
[19.075s][info][gc,heap     ] GC(204) Old regions: 822->813
[19.075s][info][gc,heap     ] GC(204) Humongous regions: 92->87
[19.075s][info][gc,metaspace] GC(204) Metaspace: 1853K(1984K)->1853K(1984K) NonClass: 1711K(1728K)->1711K(1728K) Class: 142K(256K)->142K(256K)
[19.075s][info][gc          ] GC(204) Pause Young (Mixed) (G1 Evacuation Pause) 1878M->970M(2048M) 11.279ms
[19.075s][info][gc,cpu      ] GC(204) User=0.02s Sys=0.00s Real=0.01s
[19.095s][info][gc,start    ] GC(205) Pause Young (Concurrent Start) (G1 Humongous Allocation)
[19.095s][info][gc,task     ] GC(205) Using 10 workers of 10 for evacuation
[19.103s][info][gc,phases   ] GC(205)   Pre Evacuate Collection Set: 0.3ms
[19.103s][info][gc,phases   ] GC(205)   Merge Heap Roots: 0.1ms
[19.103s][info][gc,phases   ] GC(205)   Evacuate Collection Set: 7.8ms
[19.103s][info][gc,phases   ] GC(205)   Post Evacuate Collection Set: 0.4ms
[19.103s][info][gc,phases   ] GC(205)   Other: 0.1ms
[19.103s][info][gc,heap     ] GC(205) Eden regions: 205->0(910)
[19.103s][info][gc,heap     ] GC(205) Survivor regions: 71->62(122)
[19.103s][info][gc,heap     ] GC(205) Old regions: 813->824
[19.103s][info][gc,heap     ] GC(205) Humongous regions: 87->87
[19.103s][info][gc,metaspace] GC(205) Metaspace: 1853K(1984K)->1853K(1984K) NonClass: 1711K(1728K)->1711K(1728K) Class: 142K(256K)->142K(256K)
[19.104s][info][gc          ] GC(205) Pause Young (Concurrent Start) (G1 Humongous Allocation) 1174M->972M(2048M) 8.887ms
[19.104s][info][gc,cpu      ] GC(205) User=0.00s Sys=0.00s Real=0.01s
[19.104s][info][gc          ] GC(206) Concurrent Mark Cycle
[19.104s][info][gc,marking  ] GC(206) Concurrent Scan Root Regions
[19.105s][info][gc,marking  ] GC(206) Concurrent Scan Root Regions 0.969ms
[19.105s][info][gc,marking  ] GC(206) Concurrent Mark
[19.105s][info][gc,marking  ] GC(206) Concurrent Mark From Roots
[19.105s][info][gc,task     ] GC(206) Using 3 workers of 3 for marking
[19.192s][info][gc,start    ] GC(207) Pause Young (Normal) (G1 Evacuation Pause)
[19.192s][info][gc,task     ] GC(207) Using 10 workers of 10 for evacuation
[19.201s][info][gc,phases   ] GC(207)   Pre Evacuate Collection Set: 0.3ms
[19.201s][info][gc,phases   ] GC(207)   Merge Heap Roots: 0.2ms
[19.201s][info][gc,phases   ] GC(207)   Evacuate Collection Set: 8.2ms
[19.201s][info][gc,phases   ] GC(207)   Post Evacuate Collection Set: 0.6ms
[19.201s][info][gc,phases   ] GC(207)   Other: 0.1ms
[19.201s][info][gc,heap     ] GC(207) Eden regions: 910->0(891)
[19.201s][info][gc,heap     ] GC(207) Survivor regions: 62->71(122)
[19.201s][info][gc,heap     ] GC(207) Old regions: 824->824
[19.202s][info][gc,heap     ] GC(207) Humongous regions: 96->88
[19.202s][info][gc,metaspace] GC(207) Metaspace: 1853K(1984K)->1853K(1984K) NonClass: 1711K(1728K)->1711K(1728K) Class: 142K(256K)->142K(256K)
[19.202s][info][gc          ] GC(207) Pause Young (Normal) (G1 Evacuation Pause) 1891M->982M(2048M) 9.732ms
[19.202s][info][gc,cpu      ] GC(207) User=0.00s Sys=0.00s Real=0.01s
[19.233s][info][gc,marking  ] GC(206) Concurrent Mark From Roots 128.506ms
[19.233s][info][gc,marking  ] GC(206) Concurrent Preclean
[19.233s][info][gc,marking  ] GC(206) Concurrent Preclean 0.041ms
[19.233s][info][gc,start    ] GC(206) Pause Remark
[19.234s][info][gc          ] GC(206) Pause Remark 1323M->1312M(2048M) 0.588ms
[19.234s][info][gc,cpu      ] GC(206) User=0.00s Sys=0.00s Real=0.00s
[19.234s][info][gc,marking  ] GC(206) Concurrent Mark 129.622ms
[19.234s][info][gc,marking  ] GC(206) Concurrent Rebuild Remembered Sets and Scrub Regions
[19.286s][info][gc,start    ] GC(208) Pause Young (Normal) (G1 Evacuation Pause)
[19.286s][info][gc,task     ] GC(208) Using 10 workers of 10 for evacuation
[19.297s][info][gc,phases   ] GC(208)   Pre Evacuate Collection Set: 0.3ms
[19.297s][info][gc,phases   ] GC(208)   Merge Heap Roots: 0.2ms
[19.297s][info][gc,phases   ] GC(208)   Evacuate Collection Set: 9.2ms
[19.297s][info][gc,phases   ] GC(208)   Post Evacuate Collection Set: 0.6ms
[19.297s][info][gc,phases   ] GC(208)   Other: 0.1ms
[19.297s][info][gc,heap     ] GC(208) Eden regions: 891->0(889)
[19.297s][info][gc,heap     ] GC(208) Survivor regions: 71->71(121)
[19.297s][info][gc,heap     ] GC(208) Old regions: 814->826
[19.297s][info][gc,heap     ] GC(208) Humongous regions: 97->88
[19.297s][info][gc,metaspace] GC(208) Metaspace: 1853K(1984K)->1853K(1984K) NonClass: 1711K(1728K)->1711K(1728K) Class: 142K(256K)->142K(256K)
[19.297s][info][gc          ] GC(208) Pause Young (Normal) (G1 Evacuation Pause) 1872M->984M(2048M) 10.633ms
[19.297s][info][gc,cpu      ] GC(208) User=0.02s Sys=0.00s Real=0.01s
[19.301s][info][gc,marking  ] GC(206) Concurrent Rebuild Remembered Sets and Scrub Regions 67.140ms
[19.302s][info][gc,start    ] GC(206) Pause Cleanup
[19.302s][info][gc          ] GC(206) Pause Cleanup 1034M->1034M(2048M) 0.450ms
[19.302s][info][gc,cpu      ] GC(206) User=0.00s Sys=0.00s Real=0.00s
[19.302s][info][gc,marking  ] GC(206) Concurrent Clear Claimed Marks
[19.302s][info][gc,marking  ] GC(206) Concurrent Clear Claimed Marks 0.043ms
[19.302s][info][gc,marking  ] GC(206) Concurrent Cleanup for Next Mark
[19.309s][info][gc,marking  ] GC(206) Concurrent Cleanup for Next Mark 7.160ms
[19.309s][info][gc          ] GC(206) Concurrent Mark Cycle 205.915ms
[19.385s][info][gc,start    ] GC(209) Pause Young (Prepare Mixed) (G1 Evacuation Pause)
[19.385s][info][gc,task     ] GC(209) Using 10 workers of 10 for evacuation
[19.395s][info][gc,phases   ] GC(209)   Pre Evacuate Collection Set: 0.3ms
[19.395s][info][gc,phases   ] GC(209)   Merge Heap Roots: 0.2ms
[19.395s][info][gc,phases   ] GC(209)   Evacuate Collection Set: 8.3ms
[19.395s][info][gc,phases   ] GC(209)   Post Evacuate Collection Set: 0.6ms
[19.395s][info][gc,phases   ] GC(209)   Other: 0.1ms
[19.395s][info][gc,heap     ] GC(209) Eden regions: 889->0(881)
[19.395s][info][gc,heap     ] GC(209) Survivor regions: 71->69(120)
[19.395s][info][gc,heap     ] GC(209) Old regions: 826->837
[19.395s][info][gc,heap     ] GC(209) Humongous regions: 92->89
[19.395s][info][gc,metaspace] GC(209) Metaspace: 1853K(1984K)->1853K(1984K) NonClass: 1711K(1728K)->1711K(1728K) Class: 142K(256K)->142K(256K)
[19.395s][info][gc          ] GC(209) Pause Young (Prepare Mixed) (G1 Evacuation Pause) 1877M->993M(2048M) 9.714ms
[19.395s][info][gc,cpu      ] GC(209) User=0.00s Sys=0.00s Real=0.01s
[19.480s][info][gc,start    ] GC(210) Pause Young (Mixed) (G1 Evacuation Pause)
[19.480s][info][gc,task     ] GC(210) Using 10 workers of 10 for evacuation
[19.490s][info][gc,phases   ] GC(210)   Pre Evacuate Collection Set: 0.3ms
[19.490s][info][gc,phases   ] GC(210)   Merge Heap Roots: 0.1ms
[19.490s][info][gc,phases   ] GC(210)   Evacuate Collection Set: 8.8ms
[19.490s][info][gc,phases   ] GC(210)   Post Evacuate Collection Set: 0.6ms
[19.490s][info][gc,phases   ] GC(210)   Other: 0.1ms
[19.490s][info][gc,heap     ] GC(210) Eden regions: 881->0(890)
[19.490s][info][gc,heap     ] GC(210) Survivor regions: 69->68(119)
[19.490s][info][gc,heap     ] GC(210) Old regions: 837->829
[19.490s][info][gc,heap     ] GC(210) Humongous regions: 98->90
[19.490s][info][gc,metaspace] GC(210) Metaspace: 1853K(1984K)->1853K(1984K) NonClass: 1711K(1728K)->1711K(1728K) Class: 142K(256K)->142K(256K)
[19.490s][info][gc          ] GC(210) Pause Young (Mixed) (G1 Evacuation Pause) 1883M->986M(2048M) 10.213ms
[19.490s][info][gc,cpu      ] GC(210) User=0.00s Sys=0.00s Real=0.01s
[19.520s][info][gc,start    ] GC(211) Pause Young (Concurrent Start) (G1 Humongous Allocation)
[19.520s][info][gc,task     ] GC(211) Using 10 workers of 10 for evacuation
[19.528s][info][gc,phases   ] GC(211)   Pre Evacuate Collection Set: 0.3ms
[19.529s][info][gc,phases   ] GC(211)   Merge Heap Roots: 0.1ms
[19.529s][info][gc,phases   ] GC(211)   Evacuate Collection Set: 7.2ms
[19.529s][info][gc,phases   ] GC(211)   Post Evacuate Collection Set: 0.4ms
[19.529s][info][gc,phases   ] GC(211)   Other: 0.1ms
[19.529s][info][gc,heap     ] GC(211) Eden regions: 316->0(897)
[19.529s][info][gc,heap     ] GC(211) Survivor regions: 68->59(120)
[19.529s][info][gc,heap     ] GC(211) Old regions: 829->840
[19.529s][info][gc,heap     ] GC(211) Humongous regions: 90->90
[19.529s][info][gc,metaspace] GC(211) Metaspace: 1853K(1984K)->1853K(1984K) NonClass: 1711K(1728K)->1711K(1728K) Class: 142K(256K)->142K(256K)
[19.529s][info][gc          ] GC(211) Pause Young (Concurrent Start) (G1 Humongous Allocation) 1302M->987M(2048M) 8.372ms
[19.529s][info][gc,cpu      ] GC(211) User=0.02s Sys=0.00s Real=0.01s
[19.529s][info][gc          ] GC(212) Concurrent Mark Cycle
[19.529s][info][gc,marking  ] GC(212) Concurrent Scan Root Regions
[19.530s][info][gc,marking  ] GC(212) Concurrent Scan Root Regions 0.962ms
[19.530s][info][gc,marking  ] GC(212) Concurrent Mark
[19.530s][info][gc,marking  ] GC(212) Concurrent Mark From Roots
[19.530s][info][gc,task     ] GC(212) Using 3 workers of 3 for marking
[19.613s][info][gc,start    ] GC(213) Pause Young (Normal) (G1 Evacuation Pause)
[19.613s][info][gc,task     ] GC(213) Using 10 workers of 10 for evacuation
[19.621s][info][gc,phases   ] GC(213)   Pre Evacuate Collection Set: 0.3ms
[19.621s][info][gc,phases   ] GC(213)   Merge Heap Roots: 0.2ms
[19.621s][info][gc,phases   ] GC(213)   Evacuate Collection Set: 6.9ms
[19.621s][info][gc,phases   ] GC(213)   Post Evacuate Collection Set: 0.6ms
[19.621s][info][gc,phases   ] GC(213)   Other: 0.1ms
[19.621s][info][gc,heap     ] GC(213) Eden regions: 897->0(876)
[19.621s][info][gc,heap     ] GC(213) Survivor regions: 59->69(120)
[19.621s][info][gc,heap     ] GC(213) Old regions: 840->840
[19.621s][info][gc,heap     ] GC(213) Humongous regions: 94->91
[19.621s][info][gc,metaspace] GC(213) Metaspace: 1853K(1984K)->1853K(1984K) NonClass: 1711K(1728K)->1711K(1728K) Class: 142K(256K)->142K(256K)
[19.621s][info][gc          ] GC(213) Pause Young (Normal) (G1 Evacuation Pause) 1888M->998M(2048M) 8.263ms
[19.621s][info][gc,cpu      ] GC(213) User=0.02s Sys=0.00s Real=0.01s
[19.669s][info][gc,marking  ] GC(212) Concurrent Mark From Roots 138.834ms
[19.669s][info][gc,marking  ] GC(212) Concurrent Preclean
[19.669s][info][gc,marking  ] GC(212) Concurrent Preclean 0.047ms
[19.669s][info][gc,start    ] GC(212) Pause Remark
[19.670s][info][gc          ] GC(212) Pause Remark 1505M->1504M(2048M) 0.735ms
[19.670s][info][gc,cpu      ] GC(212) User=0.00s Sys=0.00s Real=0.00s
[19.670s][info][gc,marking  ] GC(212) Concurrent Mark 140.071ms
[19.670s][info][gc,marking  ] GC(212) Concurrent Rebuild Remembered Sets and Scrub Regions
[19.706s][info][gc,start    ] GC(214) Pause Young (Normal) (G1 Evacuation Pause)
[19.706s][info][gc,task     ] GC(214) Using 10 workers of 10 for evacuation
[19.716s][info][gc,phases   ] GC(214)   Pre Evacuate Collection Set: 1.0ms
[19.716s][info][gc,phases   ] GC(214)   Merge Heap Roots: 0.2ms
[19.716s][info][gc,phases   ] GC(214)   Evacuate Collection Set: 8.0ms
[19.716s][info][gc,phases   ] GC(214)   Post Evacuate Collection Set: 0.6ms
[19.716s][info][gc,phases   ] GC(214)   Other: 0.1ms
[19.716s][info][gc,heap     ] GC(214) Eden regions: 876->0(876)
[19.716s][info][gc,heap     ] GC(214) Survivor regions: 69->64(119)
[19.716s][info][gc,heap     ] GC(214) Old regions: 840->851
[19.716s][info][gc,heap     ] GC(214) Humongous regions: 92->90
[19.716s][info][gc,metaspace] GC(214) Metaspace: 1853K(1984K)->1853K(1984K) NonClass: 1711K(1728K)->1711K(1728K) Class: 142K(256K)->142K(256K)
[19.716s][info][gc          ] GC(214) Pause Young (Normal) (G1 Evacuation Pause) 1875M->1004M(2048M) 10.170ms
[19.716s][info][gc,cpu      ] GC(214) User=0.02s Sys=0.00s Real=0.01s
[19.737s][info][gc,marking  ] GC(212) Concurrent Rebuild Remembered Sets and Scrub Regions 66.991ms
[19.737s][info][gc,start    ] GC(212) Pause Cleanup
[19.738s][info][gc          ] GC(212) Pause Cleanup 1231M->1231M(2048M) 0.488ms
[19.738s][info][gc,cpu      ] GC(212) User=0.00s Sys=0.00s Real=0.00s
[19.738s][info][gc,marking  ] GC(212) Concurrent Clear Claimed Marks
[19.738s][info][gc,marking  ] GC(212) Concurrent Clear Claimed Marks 0.049ms
[19.738s][info][gc,marking  ] GC(212) Concurrent Cleanup for Next Mark
[19.745s][info][gc,marking  ] GC(212) Concurrent Cleanup for Next Mark 7.408ms
[19.745s][info][gc          ] GC(212) Concurrent Mark Cycle 216.742ms
[19.803s][info][gc,start    ] GC(215) Pause Young (Prepare Mixed) (G1 Evacuation Pause)
[19.803s][info][gc,task     ] GC(215) Using 10 workers of 10 for evacuation
[19.812s][info][gc,phases   ] GC(215)   Pre Evacuate Collection Set: 0.3ms
[19.812s][info][gc,phases   ] GC(215)   Merge Heap Roots: 0.2ms
[19.812s][info][gc,phases   ] GC(215)   Evacuate Collection Set: 7.8ms
[19.812s][info][gc,phases   ] GC(215)   Post Evacuate Collection Set: 0.6ms
[19.812s][info][gc,phases   ] GC(215)   Other: 0.1ms
[19.812s][info][gc,heap     ] GC(215) Eden regions: 876->0(860)
[19.812s][info][gc,heap     ] GC(215) Survivor regions: 64->72(118)
[19.812s][info][gc,heap     ] GC(215) Old regions: 851->851
[19.812s][info][gc,heap     ] GC(215) Humongous regions: 93->90
[19.812s][info][gc,metaspace] GC(215) Metaspace: 1853K(1984K)->1853K(1984K) NonClass: 1711K(1728K)->1711K(1728K) Class: 142K(256K)->142K(256K)
[19.812s][info][gc          ] GC(215) Pause Young (Prepare Mixed) (G1 Evacuation Pause) 1883M->1012M(2048M) 9.226ms
[19.812s][info][gc,cpu      ] GC(215) User=0.02s Sys=0.00s Real=0.01s
[19.894s][info][gc,start    ] GC(216) Pause Young (Mixed) (G1 Evacuation Pause)
[19.895s][info][gc,task     ] GC(216) Using 10 workers of 10 for evacuation
[19.905s][info][gc,phases   ] GC(216)   Pre Evacuate Collection Set: 0.3ms
[19.905s][info][gc,phases   ] GC(216)   Merge Heap Roots: 0.2ms
[19.905s][info][gc,phases   ] GC(216)   Evacuate Collection Set: 8.8ms
[19.905s][info][gc,phases   ] GC(216)   Post Evacuate Collection Set: 0.6ms
[19.905s][info][gc,phases   ] GC(216)   Other: 0.1ms
[19.905s][info][gc,heap     ] GC(216) Eden regions: 860->0(869)
[19.905s][info][gc,heap     ] GC(216) Survivor regions: 72->75(117)
[19.905s][info][gc,heap     ] GC(216) Old regions: 851->835
[19.905s][info][gc,heap     ] GC(216) Humongous regions: 97->91
[19.905s][info][gc,metaspace] GC(216) Metaspace: 1853K(1984K)->1853K(1984K) NonClass: 1711K(1728K)->1711K(1728K) Class: 142K(256K)->142K(256K)
[19.905s][info][gc          ] GC(216) Pause Young (Mixed) (G1 Evacuation Pause) 1879M->999M(2048M) 10.246ms
[19.905s][info][gc,cpu      ] GC(216) User=0.02s Sys=0.00s Real=0.01s
[19.921s][info][gc,start    ] GC(217) Pause Young (Concurrent Start) (G1 Humongous Allocation)
[19.921s][info][gc,task     ] GC(217) Using 10 workers of 10 for evacuation
[19.930s][info][gc,phases   ] GC(217)   Pre Evacuate Collection Set: 0.3ms
[19.930s][info][gc,phases   ] GC(217)   Merge Heap Roots: 0.1ms
[19.930s][info][gc,phases   ] GC(217)   Evacuate Collection Set: 8.2ms
[19.930s][info][gc,phases   ] GC(217)   Post Evacuate Collection Set: 0.4ms
[19.930s][info][gc,phases   ] GC(217)   Other: 0.1ms
[19.930s][info][gc,heap     ] GC(217) Eden regions: 168->0(875)
[19.930s][info][gc,heap     ] GC(217) Survivor regions: 75->67(118)
[19.930s][info][gc,heap     ] GC(217) Old regions: 835->845
[19.930s][info][gc,heap     ] GC(217) Humongous regions: 91->91
[19.930s][info][gc,metaspace] GC(217) Metaspace: 1853K(1984K)->1853K(1984K) NonClass: 1711K(1728K)->1711K(1728K) Class: 142K(256K)->142K(256K)
[19.930s][info][gc          ] GC(217) Pause Young (Concurrent Start) (G1 Humongous Allocation) 1167M->1001M(2048M) 9.393ms
[19.930s][info][gc,cpu      ] GC(217) User=0.03s Sys=0.00s Real=0.01s
[19.930s][info][gc          ] GC(218) Concurrent Mark Cycle
[19.930s][info][gc,marking  ] GC(218) Concurrent Scan Root Regions
[19.931s][info][gc,marking  ] GC(218) Concurrent Scan Root Regions 0.864ms
[19.931s][info][gc,marking  ] GC(218) Concurrent Mark
[19.931s][info][gc,marking  ] GC(218) Concurrent Mark From Roots
[19.931s][info][gc,task     ] GC(218) Using 3 workers of 3 for marking
[20.013s][info][gc,start    ] GC(219) Pause Young (Normal) (G1 Evacuation Pause)
[20.013s][info][gc,task     ] GC(219) Using 10 workers of 10 for evacuation
[20.021s][info][gc,phases   ] GC(219)   Pre Evacuate Collection Set: 0.3ms
[20.021s][info][gc,phases   ] GC(219)   Merge Heap Roots: 0.2ms
[20.021s][info][gc,phases   ] GC(219)   Evacuate Collection Set: 7.7ms
[20.021s][info][gc,phases   ] GC(219)   Post Evacuate Collection Set: 0.6ms
[20.021s][info][gc,phases   ] GC(219)   Other: 0.1ms
[20.021s][info][gc,heap     ] GC(219) Eden regions: 875->0(873)
[20.021s][info][gc,heap     ] GC(219) Survivor regions: 67->63(118)
[20.022s][info][gc,heap     ] GC(219) Old regions: 845->855
[20.022s][info][gc,heap     ] GC(219) Humongous regions: 93->91
[20.022s][info][gc,metaspace] GC(219) Metaspace: 1853K(1984K)->1853K(1984K) NonClass: 1711K(1728K)->1711K(1728K) Class: 142K(256K)->142K(256K)
[20.022s][info][gc          ] GC(219) Pause Young (Normal) (G1 Evacuation Pause) 1878M->1008M(2048M) 9.050ms
[20.022s][info][gc,cpu      ] GC(219) User=0.00s Sys=0.00s Real=0.01s
[20.062s][info][gc,marking  ] GC(218) Concurrent Mark From Roots 131.279ms
[20.063s][info][gc,marking  ] GC(218) Concurrent Preclean
[20.063s][info][gc,marking  ] GC(218) Concurrent Preclean 0.048ms
[20.063s][info][gc,start    ] GC(218) Pause Remark
[20.063s][info][gc          ] GC(218) Pause Remark 1443M->1440M(2048M) 0.622ms
[20.063s][info][gc,cpu      ] GC(218) User=0.00s Sys=0.00s Real=0.00s
[20.064s][info][gc,marking  ] GC(218) Concurrent Mark 132.492ms
[20.064s][info][gc,marking  ] GC(218) Concurrent Rebuild Remembered Sets and Scrub Regions
[20.105s][info][gc,start    ] GC(220) Pause Young (Normal) (G1 Evacuation Pause)
[20.105s][info][gc,task     ] GC(220) Using 10 workers of 10 for evacuation
[20.115s][info][gc,phases   ] GC(220)   Pre Evacuate Collection Set: 0.2ms
[20.115s][info][gc,phases   ] GC(220)   Merge Heap Roots: 0.2ms
[20.115s][info][gc,phases   ] GC(220)   Evacuate Collection Set: 8.5ms
[20.115s][info][gc,phases   ] GC(220)   Post Evacuate Collection Set: 0.7ms
[20.115s][info][gc,phases   ] GC(220)   Other: 0.1ms
[20.115s][info][gc,heap     ] GC(220) Eden regions: 873->0(854)
[20.115s][info][gc,heap     ] GC(220) Survivor regions: 63->74(117)
[20.115s][info][gc,heap     ] GC(220) Old regions: 855->855
[20.115s][info][gc,heap     ] GC(220) Humongous regions: 90->88
[20.115s][info][gc,metaspace] GC(220) Metaspace: 1853K(1984K)->1853K(1984K) NonClass: 1711K(1728K)->1711K(1728K) Class: 142K(256K)->142K(256K)
[20.115s][info][gc          ] GC(220) Pause Young (Normal) (G1 Evacuation Pause) 1880M->1016M(2048M) 10.025ms
[20.115s][info][gc,cpu      ] GC(220) User=0.00s Sys=0.00s Real=0.01s
[20.131s][info][gc,marking  ] GC(218) Concurrent Rebuild Remembered Sets and Scrub Regions 67.317ms
[20.131s][info][gc,start    ] GC(218) Pause Cleanup
[20.132s][info][gc          ] GC(218) Pause Cleanup 1187M->1187M(2048M) 0.534ms
[20.132s][info][gc,cpu      ] GC(218) User=0.00s Sys=0.00s Real=0.00s
[20.132s][info][gc,marking  ] GC(218) Concurrent Clear Claimed Marks
[20.132s][info][gc,marking  ] GC(218) Concurrent Clear Claimed Marks 0.034ms
[20.132s][info][gc,marking  ] GC(218) Concurrent Cleanup for Next Mark
[20.139s][info][gc,marking  ] GC(218) Concurrent Cleanup for Next Mark 7.456ms
[20.140s][info][gc          ] GC(218) Concurrent Mark Cycle 209.410ms
[20.201s][info][gc,start    ] GC(221) Pause Young (Prepare Mixed) (G1 Evacuation Pause)
[20.201s][info][gc,task     ] GC(221) Using 10 workers of 10 for evacuation
[20.211s][info][gc,phases   ] GC(221)   Pre Evacuate Collection Set: 0.3ms
[20.211s][info][gc,phases   ] GC(221)   Merge Heap Roots: 0.2ms
[20.211s][info][gc,phases   ] GC(221)   Evacuate Collection Set: 9.3ms
[20.211s][info][gc,phases   ] GC(221)   Post Evacuate Collection Set: 0.6ms
[20.211s][info][gc,phases   ] GC(221)   Other: 0.1ms
[20.211s][info][gc,heap     ] GC(221) Eden regions: 854->0(841)
[20.212s][info][gc,heap     ] GC(221) Survivor regions: 74->76(116)
[20.212s][info][gc,heap     ] GC(221) Old regions: 855->864
[20.212s][info][gc,heap     ] GC(221) Humongous regions: 90->88
[20.212s][info][gc,metaspace] GC(221) Metaspace: 1853K(1984K)->1853K(1984K) NonClass: 1711K(1728K)->1711K(1728K) Class: 142K(256K)->142K(256K)
[20.212s][info][gc          ] GC(221) Pause Young (Prepare Mixed) (G1 Evacuation Pause) 1872M->1027M(2048M) 10.754ms
[20.212s][info][gc,cpu      ] GC(221) User=0.02s Sys=0.00s Real=0.01s
[20.293s][info][gc,start    ] GC(222) Pause Young (Mixed) (G1 Evacuation Pause)
[20.293s][info][gc,task     ] GC(222) Using 10 workers of 10 for evacuation
[20.303s][info][gc,phases   ] GC(222)   Pre Evacuate Collection Set: 0.3ms
[20.303s][info][gc,phases   ] GC(222)   Merge Heap Roots: 0.2ms
[20.303s][info][gc,phases   ] GC(222)   Evacuate Collection Set: 9.6ms
[20.303s][info][gc,phases   ] GC(222)   Post Evacuate Collection Set: 0.6ms
[20.303s][info][gc,phases   ] GC(222)   Other: 0.1ms
[20.303s][info][gc,heap     ] GC(222) Eden regions: 841->0(856)
[20.303s][info][gc,heap     ] GC(222) Survivor regions: 76->72(115)
[20.303s][info][gc,heap     ] GC(222) Old regions: 864->859
[20.303s][info][gc,heap     ] GC(222) Humongous regions: 93->86
[20.303s][info][gc,metaspace] GC(222) Metaspace: 1853K(1984K)->1853K(1984K) NonClass: 1711K(1728K)->1711K(1728K) Class: 142K(256K)->142K(256K)
[20.303s][info][gc          ] GC(222) Pause Young (Mixed) (G1 Evacuation Pause) 1873M->1016M(2048M) 10.955ms
[20.303s][info][gc,cpu      ] GC(222) User=0.00s Sys=0.00s Real=0.01s
[20.316s][info][gc,start    ] GC(223) Pause Young (Concurrent Start) (G1 Humongous Allocation)
[20.316s][info][gc,task     ] GC(223) Using 10 workers of 10 for evacuation
[20.324s][info][gc,phases   ] GC(223)   Pre Evacuate Collection Set: 0.3ms
[20.324s][info][gc,phases   ] GC(223)   Merge Heap Roots: 0.1ms
[20.324s][info][gc,phases   ] GC(223)   Evacuate Collection Set: 7.6ms
[20.324s][info][gc,phases   ] GC(223)   Post Evacuate Collection Set: 0.4ms
[20.324s][info][gc,phases   ] GC(223)   Other: 0.1ms
[20.324s][info][gc,heap     ] GC(223) Eden regions: 130->0(864)
[20.325s][info][gc,heap     ] GC(223) Survivor regions: 72->64(116)
[20.325s][info][gc,heap     ] GC(223) Old regions: 859->867
[20.325s][info][gc,heap     ] GC(223) Humongous regions: 86->86
[20.325s][info][gc,metaspace] GC(223) Metaspace: 1853K(1984K)->1853K(1984K) NonClass: 1711K(1728K)->1711K(1728K) Class: 142K(256K)->142K(256K)
[20.325s][info][gc          ] GC(223) Pause Young (Concurrent Start) (G1 Humongous Allocation) 1146M->1016M(2048M) 8.803ms
[20.325s][info][gc,cpu      ] GC(223) User=0.02s Sys=0.00s Real=0.01s
[20.325s][info][gc          ] GC(224) Concurrent Mark Cycle
[20.325s][info][gc,marking  ] GC(224) Concurrent Scan Root Regions
[20.326s][info][gc,marking  ] GC(224) Concurrent Scan Root Regions 0.969ms
[20.326s][info][gc,marking  ] GC(224) Concurrent Mark
[20.326s][info][gc,marking  ] GC(224) Concurrent Mark From Roots
[20.326s][info][gc,task     ] GC(224) Using 3 workers of 3 for marking
[20.406s][info][gc,start    ] GC(225) Pause Young (Normal) (G1 Evacuation Pause)
[20.406s][info][gc,task     ] GC(225) Using 10 workers of 10 for evacuation
[20.415s][info][gc,phases   ] GC(225)   Pre Evacuate Collection Set: 0.3ms
[20.415s][info][gc,phases   ] GC(225)   Merge Heap Roots: 0.2ms
[20.415s][info][gc,phases   ] GC(225)   Evacuate Collection Set: 7.3ms
[20.415s][info][gc,phases   ] GC(225)   Post Evacuate Collection Set: 0.6ms
[20.415s][info][gc,phases   ] GC(225)   Other: 0.1ms
[20.415s][info][gc,heap     ] GC(225) Eden regions: 864->0(852)
[20.415s][info][gc,heap     ] GC(225) Survivor regions: 64->66(116)
[20.415s][info][gc,heap     ] GC(225) Old regions: 867->874
[20.415s][info][gc,heap     ] GC(225) Humongous regions: 92->87
[20.415s][info][gc,metaspace] GC(225) Metaspace: 1853K(1984K)->1853K(1984K) NonClass: 1711K(1728K)->1711K(1728K) Class: 142K(256K)->142K(256K)
[20.415s][info][gc          ] GC(225) Pause Young (Normal) (G1 Evacuation Pause) 1886M->1026M(2048M) 8.657ms
[20.415s][info][gc,cpu      ] GC(225) User=0.02s Sys=0.00s Real=0.01s
[20.466s][info][gc,marking  ] GC(224) Concurrent Mark From Roots 140.306ms
[20.466s][info][gc,marking  ] GC(224) Concurrent Preclean
[20.466s][info][gc,marking  ] GC(224) Concurrent Preclean 0.049ms
[20.466s][info][gc,start    ] GC(224) Pause Remark
[20.467s][info][gc          ] GC(224) Pause Remark 1579M->1578M(2048M) 0.732ms
[20.467s][info][gc,cpu      ] GC(224) User=0.00s Sys=0.00s Real=0.00s
[20.467s][info][gc,marking  ] GC(224) Concurrent Mark 141.617ms
[20.467s][info][gc,marking  ] GC(224) Concurrent Rebuild Remembered Sets and Scrub Regions
[20.496s][info][gc,start    ] GC(226) Pause Young (Normal) (G1 Evacuation Pause)
[20.496s][info][gc,task     ] GC(226) Using 10 workers of 10 for evacuation
[20.505s][info][gc,phases   ] GC(226)   Pre Evacuate Collection Set: 0.3ms
[20.505s][info][gc,phases   ] GC(226)   Merge Heap Roots: 0.2ms
[20.505s][info][gc,phases   ] GC(226)   Evacuate Collection Set: 7.6ms
[20.505s][info][gc,phases   ] GC(226)   Post Evacuate Collection Set: 0.6ms
[20.505s][info][gc,phases   ] GC(226)   Other: 0.1ms
[20.505s][info][gc,heap     ] GC(226) Eden regions: 852->0(847)
[20.505s][info][gc,heap     ] GC(226) Survivor regions: 66->64(115)
[20.505s][info][gc,heap     ] GC(226) Old regions: 874->883
[20.505s][info][gc,heap     ] GC(226) Humongous regions: 90->87
[20.505s][info][gc,metaspace] GC(226) Metaspace: 1853K(1984K)->1853K(1984K) NonClass: 1711K(1728K)->1711K(1728K) Class: 142K(256K)->142K(256K)
[20.505s][info][gc          ] GC(226) Pause Young (Normal) (G1 Evacuation Pause) 1881M->1032M(2048M) 8.936ms
[20.505s][info][gc,cpu      ] GC(226) User=0.00s Sys=0.00s Real=0.01s
[20.536s][info][gc,marking  ] GC(224) Concurrent Rebuild Remembered Sets and Scrub Regions 68.616ms
[20.536s][info][gc,start    ] GC(224) Pause Cleanup
[20.537s][info][gc          ] GC(224) Pause Cleanup 1365M->1365M(2048M) 0.499ms
[20.537s][info][gc,cpu      ] GC(224) User=0.00s Sys=0.00s Real=0.00s
[20.537s][info][gc,marking  ] GC(224) Concurrent Clear Claimed Marks
[20.537s][info][gc,marking  ] GC(224) Concurrent Clear Claimed Marks 0.035ms
[20.537s][info][gc,marking  ] GC(224) Concurrent Cleanup for Next Mark
[20.545s][info][gc,marking  ] GC(224) Concurrent Cleanup for Next Mark 7.840ms
[20.545s][info][gc          ] GC(224) Concurrent Mark Cycle 220.349ms
[20.589s][info][gc,start    ] GC(227) Pause Young (Prepare Mixed) (G1 Evacuation Pause)
[20.589s][info][gc,task     ] GC(227) Using 10 workers of 10 for evacuation
[20.598s][info][gc,phases   ] GC(227)   Pre Evacuate Collection Set: 0.3ms
[20.598s][info][gc,phases   ] GC(227)   Merge Heap Roots: 0.2ms
[20.598s][info][gc,phases   ] GC(227)   Evacuate Collection Set: 7.8ms
[20.598s][info][gc,phases   ] GC(227)   Post Evacuate Collection Set: 0.6ms
[20.598s][info][gc,phases   ] GC(227)   Other: 0.1ms
[20.598s][info][gc,heap     ] GC(227) Eden regions: 847->0(841)
[20.598s][info][gc,heap     ] GC(227) Survivor regions: 64->62(114)
[20.598s][info][gc,heap     ] GC(227) Old regions: 883->893
[20.598s][info][gc,heap     ] GC(227) Humongous regions: 89->87
[20.598s][info][gc,metaspace] GC(227) Metaspace: 1853K(1984K)->1853K(1984K) NonClass: 1711K(1728K)->1711K(1728K) Class: 142K(256K)->142K(256K)
[20.598s][info][gc          ] GC(227) Pause Young (Prepare Mixed) (G1 Evacuation Pause) 1881M->1041M(2048M) 9.284ms
[20.598s][info][gc,cpu      ] GC(227) User=0.00s Sys=0.00s Real=0.01s
[20.679s][info][gc,start    ] GC(228) Pause Young (Mixed) (G1 Evacuation Pause)
[20.679s][info][gc,task     ] GC(228) Using 10 workers of 10 for evacuation
[20.689s][info][gc,phases   ] GC(228)   Pre Evacuate Collection Set: 0.3ms
[20.689s][info][gc,phases   ] GC(228)   Merge Heap Roots: 0.2ms
[20.689s][info][gc,phases   ] GC(228)   Evacuate Collection Set: 8.9ms
[20.689s][info][gc,phases   ] GC(228)   Post Evacuate Collection Set: 0.6ms
[20.689s][info][gc,phases   ] GC(228)   Other: 0.1ms
[20.689s][info][gc,heap     ] GC(228) Eden regions: 841->0(838)
[20.689s][info][gc,heap     ] GC(228) Survivor regions: 62->74(113)
[20.689s][info][gc,heap     ] GC(228) Old regions: 893->873
[20.689s][info][gc,heap     ] GC(228) Humongous regions: 87->86
[20.689s][info][gc,metaspace] GC(228) Metaspace: 1853K(1984K)->1853K(1984K) NonClass: 1711K(1728K)->1711K(1728K) Class: 142K(256K)->142K(256K)
[20.689s][info][gc          ] GC(228) Pause Young (Mixed) (G1 Evacuation Pause) 1882M->1031M(2048M) 10.489ms
[20.689s][info][gc,cpu      ] GC(228) User=0.00s Sys=0.00s Real=0.01s
[20.769s][info][gc,start    ] GC(229) Pause Young (Concurrent Start) (G1 Evacuation Pause)
[20.770s][info][gc,task     ] GC(229) Using 10 workers of 10 for evacuation
[20.780s][info][gc,phases   ] GC(229)   Pre Evacuate Collection Set: 0.3ms
[20.780s][info][gc,phases   ] GC(229)   Merge Heap Roots: 0.2ms
[20.780s][info][gc,phases   ] GC(229)   Evacuate Collection Set: 9.1ms
[20.780s][info][gc,phases   ] GC(229)   Post Evacuate Collection Set: 0.7ms
[20.780s][info][gc,phases   ] GC(229)   Other: 0.1ms
[20.780s][info][gc,heap     ] GC(229) Eden regions: 838->0(848)
[20.780s][info][gc,heap     ] GC(229) Survivor regions: 74->60(114)
[20.780s][info][gc,heap     ] GC(229) Old regions: 873->891
[20.780s][info][gc,heap     ] GC(229) Humongous regions: 86->86
[20.780s][info][gc,metaspace] GC(229) Metaspace: 1853K(1984K)->1853K(1984K) NonClass: 1711K(1728K)->1711K(1728K) Class: 142K(256K)->142K(256K)
[20.780s][info][gc          ] GC(229) Pause Young (Concurrent Start) (G1 Evacuation Pause) 1869M->1036M(2048M) 10.830ms
[20.780s][info][gc,cpu      ] GC(229) User=0.02s Sys=0.00s Real=0.01s
[20.780s][info][gc          ] GC(230) Concurrent Mark Cycle
[20.780s][info][gc,marking  ] GC(230) Concurrent Scan Root Regions
[20.781s][info][gc,marking  ] GC(230) Concurrent Scan Root Regions 1.093ms
[20.782s][info][gc,marking  ] GC(230) Concurrent Mark
[20.782s][info][gc,marking  ] GC(230) Concurrent Mark From Roots
[20.782s][info][gc,task     ] GC(230) Using 3 workers of 3 for marking
[20.860s][info][gc,start    ] GC(231) Pause Young (Normal) (G1 Evacuation Pause)
[20.860s][info][gc,task     ] GC(231) Using 10 workers of 10 for evacuation
[20.868s][info][gc,phases   ] GC(231)   Pre Evacuate Collection Set: 0.3ms
[20.868s][info][gc,phases   ] GC(231)   Merge Heap Roots: 0.2ms
[20.868s][info][gc,phases   ] GC(231)   Evacuate Collection Set: 7.0ms
[20.868s][info][gc,phases   ] GC(231)   Post Evacuate Collection Set: 0.6ms
[20.868s][info][gc,phases   ] GC(231)   Other: 0.1ms
[20.868s][info][gc,heap     ] GC(231) Eden regions: 848->0(832)
[20.868s][info][gc,heap     ] GC(231) Survivor regions: 60->68(114)
[20.868s][info][gc,heap     ] GC(231) Old regions: 891->891
[20.868s][info][gc,heap     ] GC(231) Humongous regions: 86->86
[20.868s][info][gc,metaspace] GC(231) Metaspace: 1853K(1984K)->1853K(1984K) NonClass: 1711K(1728K)->1711K(1728K) Class: 142K(256K)->142K(256K)
[20.868s][info][gc          ] GC(231) Pause Young (Normal) (G1 Evacuation Pause) 1884M->1044M(2048M) 8.413ms
[20.868s][info][gc,cpu      ] GC(231) User=0.02s Sys=0.00s Real=0.01s
[20.914s][info][gc,marking  ] GC(230) Concurrent Mark From Roots 132.337ms
[20.914s][info][gc,marking  ] GC(230) Concurrent Preclean
[20.914s][info][gc,marking  ] GC(230) Concurrent Preclean 0.043ms
[20.914s][info][gc,start    ] GC(230) Pause Remark
[20.915s][info][gc          ] GC(230) Pause Remark 1541M->1535M(2048M) 0.610ms
[20.915s][info][gc,cpu      ] GC(230) User=0.00s Sys=0.00s Real=0.00s
[20.915s][info][gc,marking  ] GC(230) Concurrent Mark 133.479ms
[20.915s][info][gc,marking  ] GC(230) Concurrent Rebuild Remembered Sets and Scrub Regions
[20.947s][info][gc,start    ] GC(232) Pause Young (Normal) (G1 Evacuation Pause)
[20.947s][info][gc,task     ] GC(232) Using 10 workers of 10 for evacuation
[20.956s][info][gc,phases   ] GC(232)   Pre Evacuate Collection Set: 0.3ms
[20.956s][info][gc,phases   ] GC(232)   Merge Heap Roots: 0.2ms
[20.956s][info][gc,phases   ] GC(232)   Evacuate Collection Set: 8.2ms
[20.956s][info][gc,phases   ] GC(232)   Post Evacuate Collection Set: 0.6ms
[20.956s][info][gc,phases   ] GC(232)   Other: 0.1ms
[20.956s][info][gc,heap     ] GC(232) Eden regions: 832->0(839)
[20.956s][info][gc,heap     ] GC(232) Survivor regions: 68->62(113)
[20.956s][info][gc,heap     ] GC(232) Old regions: 885->896
[20.956s][info][gc,heap     ] GC(232) Humongous regions: 86->86
[20.956s][info][gc,metaspace] GC(232) Metaspace: 1853K(1984K)->1853K(1984K) NonClass: 1711K(1728K)->1711K(1728K) Class: 142K(256K)->142K(256K)
[20.956s][info][gc          ] GC(232) Pause Young (Normal) (G1 Evacuation Pause) 1870M->1043M(2048M) 9.571ms
[20.956s][info][gc,cpu      ] GC(232) User=0.00s Sys=0.00s Real=0.01s
[20.986s][info][gc,marking  ] GC(230) Concurrent Rebuild Remembered Sets and Scrub Regions 70.943ms
[20.986s][info][gc,start    ] GC(230) Pause Cleanup
[20.987s][info][gc          ] GC(230) Pause Cleanup 1364M->1364M(2048M) 0.519ms
[20.987s][info][gc,cpu      ] GC(230) User=0.00s Sys=0.00s Real=0.00s
[20.987s][info][gc,marking  ] GC(230) Concurrent Clear Claimed Marks
[20.987s][info][gc,marking  ] GC(230) Concurrent Clear Claimed Marks 0.038ms
[20.987s][info][gc,marking  ] GC(230) Concurrent Cleanup for Next Mark
[20.994s][info][gc,marking  ] GC(230) Concurrent Cleanup for Next Mark 7.377ms
[20.995s][info][gc          ] GC(230) Concurrent Mark Cycle 214.178ms
[21.039s][info][gc,start    ] GC(233) Pause Young (Prepare Mixed) (G1 Evacuation Pause)
[21.039s][info][gc,task     ] GC(233) Using 10 workers of 10 for evacuation
[21.048s][info][gc,phases   ] GC(233)   Pre Evacuate Collection Set: 0.3ms
[21.048s][info][gc,phases   ] GC(233)   Merge Heap Roots: 0.2ms
[21.048s][info][gc,phases   ] GC(233)   Evacuate Collection Set: 7.8ms
[21.048s][info][gc,phases   ] GC(233)   Post Evacuate Collection Set: 0.6ms
[21.048s][info][gc,phases   ] GC(233)   Other: 0.1ms
[21.048s][info][gc,heap     ] GC(233) Eden regions: 839->0(830)
[21.048s][info][gc,heap     ] GC(233) Survivor regions: 62->63(113)
[21.048s][info][gc,heap     ] GC(233) Old regions: 896->903
[21.048s][info][gc,heap     ] GC(233) Humongous regions: 87->86
[21.048s][info][gc,metaspace] GC(233) Metaspace: 1853K(1984K)->1853K(1984K) NonClass: 1711K(1728K)->1711K(1728K) Class: 142K(256K)->142K(256K)
[21.048s][info][gc          ] GC(233) Pause Young (Prepare Mixed) (G1 Evacuation Pause) 1883M->1051M(2048M) 9.176ms
[21.048s][info][gc,cpu      ] GC(233) User=0.00s Sys=0.00s Real=0.01s
[21.128s][info][gc,start    ] GC(234) Pause Young (Mixed) (G1 Evacuation Pause)
[21.128s][info][gc,task     ] GC(234) Using 10 workers of 10 for evacuation
[21.138s][info][gc,phases   ] GC(234)   Pre Evacuate Collection Set: 0.3ms
[21.138s][info][gc,phases   ] GC(234)   Merge Heap Roots: 0.2ms
[21.138s][info][gc,phases   ] GC(234)   Evacuate Collection Set: 8.5ms
[21.138s][info][gc,phases   ] GC(234)   Post Evacuate Collection Set: 0.6ms
[21.138s][info][gc,phases   ] GC(234)   Other: 0.1ms
[21.138s][info][gc,heap     ] GC(234) Eden regions: 830->0(839)
[21.138s][info][gc,heap     ] GC(234) Survivor regions: 63->61(112)
[21.138s][info][gc,heap     ] GC(234) Old regions: 903->896
[21.138s][info][gc,heap     ] GC(234) Humongous regions: 95->88
[21.138s][info][gc,metaspace] GC(234) Metaspace: 1853K(1984K)->1853K(1984K) NonClass: 1711K(1728K)->1711K(1728K) Class: 142K(256K)->142K(256K)
[21.138s][info][gc          ] GC(234) Pause Young (Mixed) (G1 Evacuation Pause) 1890M->1043M(2048M) 9.985ms
[21.138s][info][gc,cpu      ] GC(234) User=0.02s Sys=0.00s Real=0.01s
[21.145s][info][gc,start    ] GC(235) Pause Young (Concurrent Start) (G1 Humongous Allocation)
[21.145s][info][gc,task     ] GC(235) Using 10 workers of 10 for evacuation
[21.153s][info][gc,phases   ] GC(235)   Pre Evacuate Collection Set: 0.3ms
[21.153s][info][gc,phases   ] GC(235)   Merge Heap Roots: 0.1ms
[21.153s][info][gc,phases   ] GC(235)   Evacuate Collection Set: 6.8ms
[21.153s][info][gc,phases   ] GC(235)   Post Evacuate Collection Set: 0.4ms
[21.153s][info][gc,phases   ] GC(235)   Other: 0.1ms
[21.153s][info][gc,heap     ] GC(235) Eden regions: 71->0(839)
[21.153s][info][gc,heap     ] GC(235) Survivor regions: 61->61(113)
[21.153s][info][gc,heap     ] GC(235) Old regions: 896->896
[21.153s][info][gc,heap     ] GC(235) Humongous regions: 88->88
[21.153s][info][gc,metaspace] GC(235) Metaspace: 1853K(1984K)->1853K(1984K) NonClass: 1711K(1728K)->1711K(1728K) Class: 142K(256K)->142K(256K)
[21.153s][info][gc          ] GC(235) Pause Young (Concurrent Start) (G1 Humongous Allocation) 1114M->1044M(2048M) 7.901ms
[21.153s][info][gc,cpu      ] GC(235) User=0.02s Sys=0.00s Real=0.01s
[21.153s][info][gc          ] GC(236) Concurrent Mark Cycle
[21.153s][info][gc,marking  ] GC(236) Concurrent Scan Root Regions
[21.154s][info][gc,marking  ] GC(236) Concurrent Scan Root Regions 0.954ms
[21.154s][info][gc,marking  ] GC(236) Concurrent Mark
[21.154s][info][gc,marking  ] GC(236) Concurrent Mark From Roots
[21.154s][info][gc,task     ] GC(236) Using 3 workers of 3 for marking
[21.235s][info][gc,start    ] GC(237) Pause Young (Normal) (G1 Evacuation Pause)
[21.235s][info][gc,task     ] GC(237) Using 10 workers of 10 for evacuation
[21.243s][info][gc,phases   ] GC(237)   Pre Evacuate Collection Set: 0.2ms
[21.243s][info][gc,phases   ] GC(237)   Merge Heap Roots: 0.2ms
[21.243s][info][gc,phases   ] GC(237)   Evacuate Collection Set: 7.7ms
[21.243s][info][gc,phases   ] GC(237)   Post Evacuate Collection Set: 0.5ms
[21.243s][info][gc,phases   ] GC(237)   Other: 0.1ms
[21.243s][info][gc,heap     ] GC(237) Eden regions: 839->0(828)
[21.243s][info][gc,heap     ] GC(237) Survivor regions: 61->63(113)
[21.243s][info][gc,heap     ] GC(237) Old regions: 896->903
[21.243s][info][gc,heap     ] GC(237) Humongous regions: 91->88
[21.243s][info][gc,metaspace] GC(237) Metaspace: 1853K(1984K)->1853K(1984K) NonClass: 1711K(1728K)->1711K(1728K) Class: 142K(256K)->142K(256K)
[21.244s][info][gc          ] GC(237) Pause Young (Normal) (G1 Evacuation Pause) 1886M->1053M(2048M) 8.954ms
[21.244s][info][gc,cpu      ] GC(237) User=0.02s Sys=0.00s Real=0.01s
[21.290s][info][gc,marking  ] GC(236) Concurrent Mark From Roots 135.626ms
[21.290s][info][gc,marking  ] GC(236) Concurrent Preclean
[21.290s][info][gc,marking  ] GC(236) Concurrent Preclean 0.045ms
[21.290s][info][gc,start    ] GC(236) Pause Remark
[21.291s][info][gc          ] GC(236) Pause Remark 1550M->1547M(2048M) 0.630ms
[21.291s][info][gc,cpu      ] GC(236) User=0.00s Sys=0.00s Real=0.00s
[21.291s][info][gc,marking  ] GC(236) Concurrent Mark 136.770ms
[21.291s][info][gc,marking  ] GC(236) Concurrent Rebuild Remembered Sets and Scrub Regions
[21.323s][info][gc,start    ] GC(238) Pause Young (Normal) (G1 Evacuation Pause)
[21.323s][info][gc,task     ] GC(238) Using 10 workers of 10 for evacuation
[21.331s][info][gc,phases   ] GC(238)   Pre Evacuate Collection Set: 0.2ms
[21.331s][info][gc,phases   ] GC(238)   Merge Heap Roots: 0.2ms
[21.331s][info][gc,phases   ] GC(238)   Evacuate Collection Set: 7.7ms
[21.331s][info][gc,phases   ] GC(238)   Post Evacuate Collection Set: 0.6ms
[21.331s][info][gc,phases   ] GC(238)   Other: 0.1ms
[21.332s][info][gc,heap     ] GC(238) Eden regions: 828->0(824)
[21.332s][info][gc,heap     ] GC(238) Survivor regions: 63->62(112)
[21.332s][info][gc,heap     ] GC(238) Old regions: 900->909
[21.332s][info][gc,heap     ] GC(238) Humongous regions: 91->88
[21.332s][info][gc,metaspace] GC(238) Metaspace: 1853K(1984K)->1853K(1984K) NonClass: 1711K(1728K)->1711K(1728K) Class: 142K(256K)->142K(256K)
[21.332s][info][gc          ] GC(238) Pause Young (Normal) (G1 Evacuation Pause) 1881M->1057M(2048M) 9.010ms
[21.332s][info][gc,cpu      ] GC(238) User=0.00s Sys=0.00s Real=0.01s
[21.363s][info][gc,marking  ] GC(236) Concurrent Rebuild Remembered Sets and Scrub Regions 71.892ms
[21.363s][info][gc,start    ] GC(236) Pause Cleanup
[21.364s][info][gc          ] GC(236) Pause Cleanup 1394M->1394M(2048M) 0.542ms
[21.364s][info][gc,cpu      ] GC(236) User=0.00s Sys=0.00s Real=0.00s
[21.364s][info][gc,marking  ] GC(236) Concurrent Clear Claimed Marks
[21.364s][info][gc,marking  ] GC(236) Concurrent Clear Claimed Marks 0.041ms
[21.364s][info][gc,marking  ] GC(236) Concurrent Cleanup for Next Mark
[21.372s][info][gc,marking  ] GC(236) Concurrent Cleanup for Next Mark 7.509ms
[21.372s][info][gc          ] GC(236) Concurrent Mark Cycle 218.554ms
[21.413s][info][gc,start    ] GC(239) Pause Young (Prepare Mixed) (G1 Evacuation Pause)
[21.413s][info][gc,task     ] GC(239) Using 10 workers of 10 for evacuation
[21.422s][info][gc,phases   ] GC(239)   Pre Evacuate Collection Set: 0.3ms
[21.422s][info][gc,phases   ] GC(239)   Merge Heap Roots: 0.2ms
[21.422s][info][gc,phases   ] GC(239)   Evacuate Collection Set: 7.6ms
[21.422s][info][gc,phases   ] GC(239)   Post Evacuate Collection Set: 0.6ms
[21.422s][info][gc,phases   ] GC(239)   Other: 0.1ms
[21.422s][info][gc,heap     ] GC(239) Eden regions: 824->0(816)
[21.422s][info][gc,heap     ] GC(239) Survivor regions: 62->62(111)
[21.422s][info][gc,heap     ] GC(239) Old regions: 909->917
[21.422s][info][gc,heap     ] GC(239) Humongous regions: 89->88
[21.422s][info][gc,metaspace] GC(239) Metaspace: 1853K(1984K)->1853K(1984K) NonClass: 1711K(1728K)->1711K(1728K) Class: 142K(256K)->142K(256K)
[21.422s][info][gc          ] GC(239) Pause Young (Prepare Mixed) (G1 Evacuation Pause) 1882M->1066M(2048M) 8.942ms
[21.422s][info][gc,cpu      ] GC(239) User=0.00s Sys=0.00s Real=0.01s
[21.501s][info][gc,start    ] GC(240) Pause Young (Mixed) (G1 Evacuation Pause)
[21.501s][info][gc,task     ] GC(240) Using 10 workers of 10 for evacuation
[21.510s][info][gc,phases   ] GC(240)   Pre Evacuate Collection Set: 0.3ms
[21.510s][info][gc,phases   ] GC(240)   Merge Heap Roots: 0.2ms
[21.510s][info][gc,phases   ] GC(240)   Evacuate Collection Set: 8.5ms
[21.510s][info][gc,phases   ] GC(240)   Post Evacuate Collection Set: 0.5ms
[21.510s][info][gc,phases   ] GC(240)   Other: 0.1ms
[21.510s][info][gc,heap     ] GC(240) Eden regions: 816->0(826)
[21.510s][info][gc,heap     ] GC(240) Survivor regions: 62->62(110)
[21.510s][info][gc,heap     ] GC(240) Old regions: 917->907
[21.510s][info][gc,heap     ] GC(240) Humongous regions: 93->88
[21.510s][info][gc,metaspace] GC(240) Metaspace: 1853K(1984K)->1853K(1984K) NonClass: 1711K(1728K)->1711K(1728K) Class: 142K(256K)->142K(256K)
[21.510s][info][gc          ] GC(240) Pause Young (Mixed) (G1 Evacuation Pause) 1887M->1056M(2048M) 9.793ms
[21.510s][info][gc,cpu      ] GC(240) User=0.02s Sys=0.00s Real=0.01s
[21.511s][info][gc,start    ] GC(241) Pause Young (Concurrent Start) (G1 Humongous Allocation)
[21.511s][info][gc,task     ] GC(241) Using 10 workers of 10 for evacuation
[21.519s][info][gc,phases   ] GC(241)   Pre Evacuate Collection Set: 0.3ms
[21.519s][info][gc,phases   ] GC(241)   Merge Heap Roots: 0.1ms
[21.519s][info][gc,phases   ] GC(241)   Evacuate Collection Set: 6.9ms
[21.519s][info][gc,phases   ] GC(241)   Post Evacuate Collection Set: 0.4ms
[21.519s][info][gc,phases   ] GC(241)   Other: 0.1ms
[21.519s][info][gc,heap     ] GC(241) Eden regions: 11->0(834)
[21.519s][info][gc,heap     ] GC(241) Survivor regions: 62->55(111)
[21.519s][info][gc,heap     ] GC(241) Old regions: 907->913
[21.519s][info][gc,heap     ] GC(241) Humongous regions: 88->88
[21.519s][info][gc,metaspace] GC(241) Metaspace: 1853K(1984K)->1853K(1984K) NonClass: 1711K(1728K)->1711K(1728K) Class: 142K(256K)->142K(256K)
[21.519s][info][gc          ] GC(241) Pause Young (Concurrent Start) (G1 Humongous Allocation) 1067M->1055M(2048M) 8.017ms
[21.519s][info][gc,cpu      ] GC(241) User=0.00s Sys=0.00s Real=0.01s
[21.519s][info][gc          ] GC(242) Concurrent Mark Cycle
[21.519s][info][gc,marking  ] GC(242) Concurrent Scan Root Regions
[21.520s][info][gc,marking  ] GC(242) Concurrent Scan Root Regions 0.896ms
[21.520s][info][gc,marking  ] GC(242) Concurrent Mark
[21.520s][info][gc,marking  ] GC(242) Concurrent Mark From Roots
[21.520s][info][gc,task     ] GC(242) Using 3 workers of 3 for marking
[21.598s][info][gc,start    ] GC(243) Pause Young (Normal) (G1 Evacuation Pause)
[21.598s][info][gc,task     ] GC(243) Using 10 workers of 10 for evacuation
[21.605s][info][gc,phases   ] GC(243)   Pre Evacuate Collection Set: 0.3ms
[21.605s][info][gc,phases   ] GC(243)   Merge Heap Roots: 0.2ms
[21.605s][info][gc,phases   ] GC(243)   Evacuate Collection Set: 6.4ms
[21.605s][info][gc,phases   ] GC(243)   Post Evacuate Collection Set: 0.5ms
[21.605s][info][gc,phases   ] GC(243)   Other: 0.1ms
[21.605s][info][gc,heap     ] GC(243) Eden regions: 834->0(824)
[21.605s][info][gc,heap     ] GC(243) Survivor regions: 55->60(112)
[21.605s][info][gc,heap     ] GC(243) Old regions: 913->913
[21.605s][info][gc,heap     ] GC(243) Humongous regions: 90->88
[21.605s][info][gc,metaspace] GC(243) Metaspace: 1853K(1984K)->1853K(1984K) NonClass: 1711K(1728K)->1711K(1728K) Class: 142K(256K)->142K(256K)
[21.605s][info][gc          ] GC(243) Pause Young (Normal) (G1 Evacuation Pause) 1891M->1060M(2048M) 7.674ms
[21.605s][info][gc,cpu      ] GC(243) User=0.02s Sys=0.00s Real=0.01s
[21.666s][info][gc,marking  ] GC(242) Concurrent Mark From Roots 145.340ms
[21.666s][info][gc,marking  ] GC(242) Concurrent Preclean
[21.666s][info][gc,marking  ] GC(242) Concurrent Preclean 0.035ms
[21.666s][info][gc,start    ] GC(242) Pause Remark
[21.667s][info][gc          ] GC(242) Pause Remark 1710M->1706M(2048M) 0.680ms
[21.667s][info][gc,cpu      ] GC(242) User=0.00s Sys=0.00s Real=0.00s
[21.667s][info][gc,marking  ] GC(242) Concurrent Mark 146.492ms
[21.667s][info][gc,marking  ] GC(242) Concurrent Rebuild Remembered Sets and Scrub Regions
[21.684s][info][gc,start    ] GC(244) Pause Young (Normal) (G1 Evacuation Pause)
[21.684s][info][gc,task     ] GC(244) Using 10 workers of 10 for evacuation
[21.692s][info][gc,phases   ] GC(244)   Pre Evacuate Collection Set: 0.2ms
[21.692s][info][gc,phases   ] GC(244)   Merge Heap Roots: 0.2ms
[21.692s][info][gc,phases   ] GC(244)   Evacuate Collection Set: 7.0ms
[21.692s][info][gc,phases   ] GC(244)   Post Evacuate Collection Set: 0.6ms
[21.692s][info][gc,phases   ] GC(244)   Other: 0.1ms
[21.692s][info][gc,heap     ] GC(244) Eden regions: 824->0(820)
[21.692s][info][gc,heap     ] GC(244) Survivor regions: 60->60(111)
[21.692s][info][gc,heap     ] GC(244) Old regions: 911->918
[21.692s][info][gc,heap     ] GC(244) Humongous regions: 89->87
[21.692s][info][gc,metaspace] GC(244) Metaspace: 1853K(1984K)->1853K(1984K) NonClass: 1711K(1728K)->1711K(1728K) Class: 142K(256K)->142K(256K)
[21.692s][info][gc          ] GC(244) Pause Young (Normal) (G1 Evacuation Pause) 1883M->1063M(2048M) 8.360ms
[21.692s][info][gc,cpu      ] GC(244) User=0.00s Sys=0.00s Real=0.01s
[21.736s][info][gc,marking  ] GC(242) Concurrent Rebuild Remembered Sets and Scrub Regions 69.328ms
[21.736s][info][gc,start    ] GC(242) Pause Cleanup
[21.737s][info][gc          ] GC(242) Pause Cleanup 1523M->1523M(2048M) 0.574ms
[21.737s][info][gc,cpu      ] GC(242) User=0.00s Sys=0.00s Real=0.00s
[21.737s][info][gc,marking  ] GC(242) Concurrent Clear Claimed Marks
[21.737s][info][gc,marking  ] GC(242) Concurrent Clear Claimed Marks 0.057ms
[21.737s][info][gc,marking  ] GC(242) Concurrent Cleanup for Next Mark
[21.745s][info][gc,marking  ] GC(242) Concurrent Cleanup for Next Mark 7.250ms
[21.745s][info][gc          ] GC(242) Concurrent Mark Cycle 225.403ms
[21.775s][info][gc,start    ] GC(245) Pause Young (Prepare Mixed) (G1 Evacuation Pause)
[21.775s][info][gc,task     ] GC(245) Using 10 workers of 10 for evacuation
[21.784s][info][gc,phases   ] GC(245)   Pre Evacuate Collection Set: 0.3ms
[21.784s][info][gc,phases   ] GC(245)   Merge Heap Roots: 0.2ms
[21.784s][info][gc,phases   ] GC(245)   Evacuate Collection Set: 7.8ms
[21.784s][info][gc,phases   ] GC(245)   Post Evacuate Collection Set: 0.6ms
[21.784s][info][gc,phases   ] GC(245)   Other: 0.1ms
[21.784s][info][gc,heap     ] GC(245) Eden regions: 820->0(796)
[21.784s][info][gc,heap     ] GC(245) Survivor regions: 60->72(110)
[21.784s][info][gc,heap     ] GC(245) Old regions: 918->918
[21.784s][info][gc,heap     ] GC(245) Humongous regions: 91->87
[21.784s][info][gc,metaspace] GC(245) Metaspace: 1853K(1984K)->1853K(1984K) NonClass: 1711K(1728K)->1711K(1728K) Class: 142K(256K)->142K(256K)
[21.784s][info][gc          ] GC(245) Pause Young (Prepare Mixed) (G1 Evacuation Pause) 1887M->1075M(2048M) 9.459ms
[21.784s][info][gc,cpu      ] GC(245) User=0.00s Sys=0.00s Real=0.01s
[21.861s][info][gc,start    ] GC(246) Pause Young (Mixed) (G1 Evacuation Pause)
[21.861s][info][gc,task     ] GC(246) Using 10 workers of 10 for evacuation
[21.871s][info][gc,phases   ] GC(246)   Pre Evacuate Collection Set: 0.3ms
[21.871s][info][gc,phases   ] GC(246)   Merge Heap Roots: 0.2ms
[21.871s][info][gc,phases   ] GC(246)   Evacuate Collection Set: 9.5ms
[21.871s][info][gc,phases   ] GC(246)   Post Evacuate Collection Set: 0.6ms
[21.871s][info][gc,phases   ] GC(246)   Other: 0.1ms
[21.871s][info][gc,heap     ] GC(246) Eden regions: 796->0(812)
[21.871s][info][gc,heap     ] GC(246) Survivor regions: 72->65(109)
[21.871s][info][gc,heap     ] GC(246) Old regions: 918->917
[21.871s][info][gc,heap     ] GC(246) Humongous regions: 91->86
[21.871s][info][gc,metaspace] GC(246) Metaspace: 1853K(1984K)->1853K(1984K) NonClass: 1711K(1728K)->1711K(1728K) Class: 142K(256K)->142K(256K)
[21.871s][info][gc          ] GC(246) Pause Young (Mixed) (G1 Evacuation Pause) 1875M->1067M(2048M) 10.896ms
[21.871s][info][gc,cpu      ] GC(246) User=0.02s Sys=0.00s Real=0.01s
[21.885s][info][gc,start    ] GC(247) Pause Young (Concurrent Start) (G1 Humongous Allocation)
[21.885s][info][gc,task     ] GC(247) Using 10 workers of 10 for evacuation
[21.893s][info][gc,phases   ] GC(247)   Pre Evacuate Collection Set: 0.3ms
[21.893s][info][gc,phases   ] GC(247)   Merge Heap Roots: 0.1ms
[21.893s][info][gc,phases   ] GC(247)   Evacuate Collection Set: 7.1ms
[21.893s][info][gc,phases   ] GC(247)   Post Evacuate Collection Set: 0.4ms
[21.893s][info][gc,phases   ] GC(247)   Other: 0.1ms
[21.893s][info][gc,heap     ] GC(247) Eden regions: 141->0(819)
[21.893s][info][gc,heap     ] GC(247) Survivor regions: 65->57(110)
[21.893s][info][gc,heap     ] GC(247) Old regions: 917->926
[21.893s][info][gc,heap     ] GC(247) Humongous regions: 86->86
[21.893s][info][gc,metaspace] GC(247) Metaspace: 1853K(1984K)->1853K(1984K) NonClass: 1711K(1728K)->1711K(1728K) Class: 142K(256K)->142K(256K)
[21.893s][info][gc          ] GC(247) Pause Young (Concurrent Start) (G1 Humongous Allocation) 1208M->1068M(2048M) 8.271ms
[21.893s][info][gc,cpu      ] GC(247) User=0.00s Sys=0.00s Real=0.01s
[21.893s][info][gc          ] GC(248) Concurrent Mark Cycle
[21.893s][info][gc,marking  ] GC(248) Concurrent Scan Root Regions
[21.894s][info][gc,marking  ] GC(248) Concurrent Scan Root Regions 0.847ms
[21.894s][info][gc,marking  ] GC(248) Concurrent Mark
[21.894s][info][gc,marking  ] GC(248) Concurrent Mark From Roots
[21.894s][info][gc,task     ] GC(248) Using 3 workers of 3 for marking
[21.970s][info][gc,start    ] GC(249) Pause Young (Normal) (G1 Evacuation Pause)
[21.971s][info][gc,task     ] GC(249) Using 10 workers of 10 for evacuation
[21.979s][info][gc,phases   ] GC(249)   Pre Evacuate Collection Set: 0.3ms
[21.979s][info][gc,phases   ] GC(249)   Merge Heap Roots: 0.2ms
[21.979s][info][gc,phases   ] GC(249)   Evacuate Collection Set: 7.0ms
[21.979s][info][gc,phases   ] GC(249)   Post Evacuate Collection Set: 0.6ms
[21.979s][info][gc,phases   ] GC(249)   Other: 0.1ms
[21.979s][info][gc,heap     ] GC(249) Eden regions: 819->0(803)
[21.979s][info][gc,heap     ] GC(249) Survivor regions: 57->65(110)
[21.979s][info][gc,heap     ] GC(249) Old regions: 926->926
[21.979s][info][gc,heap     ] GC(249) Humongous regions: 87->86
[21.979s][info][gc,metaspace] GC(249) Metaspace: 1853K(1984K)->1853K(1984K) NonClass: 1711K(1728K)->1711K(1728K) Class: 142K(256K)->142K(256K)
[21.979s][info][gc          ] GC(249) Pause Young (Normal) (G1 Evacuation Pause) 1888M->1076M(2048M) 8.446ms
[21.979s][info][gc,cpu      ] GC(249) User=0.02s Sys=0.00s Real=0.01s
[22.040s][info][gc,marking  ] GC(248) Concurrent Mark From Roots 145.801ms
[22.040s][info][gc,marking  ] GC(248) Concurrent Preclean
[22.040s][info][gc,marking  ] GC(248) Concurrent Preclean 0.049ms
[22.040s][info][gc,start    ] GC(248) Pause Remark
[22.041s][info][gc          ] GC(248) Pause Remark 1734M->1733M(2048M) 0.627ms
[22.041s][info][gc,cpu      ] GC(248) User=0.00s Sys=0.00s Real=0.00s
[22.041s][info][gc,marking  ] GC(248) Concurrent Mark 146.940ms
[22.041s][info][gc,marking  ] GC(248) Concurrent Rebuild Remembered Sets and Scrub Regions
[22.055s][info][gc,start    ] GC(250) Pause Young (Normal) (G1 Evacuation Pause)
[22.055s][info][gc,task     ] GC(250) Using 10 workers of 10 for evacuation
[22.064s][info][gc,phases   ] GC(250)   Pre Evacuate Collection Set: 0.2ms
[22.064s][info][gc,phases   ] GC(250)   Merge Heap Roots: 0.2ms
[22.064s][info][gc,phases   ] GC(250)   Evacuate Collection Set: 7.7ms
[22.064s][info][gc,phases   ] GC(250)   Post Evacuate Collection Set: 0.6ms
[22.064s][info][gc,phases   ] GC(250)   Other: 0.1ms
[22.064s][info][gc,heap     ] GC(250) Eden regions: 803->0(796)
[22.064s][info][gc,heap     ] GC(250) Survivor regions: 65->65(109)
[22.064s][info][gc,heap     ] GC(250) Old regions: 926->934
[22.064s][info][gc,heap     ] GC(250) Humongous regions: 88->85
[22.064s][info][gc,metaspace] GC(250) Metaspace: 1853K(1984K)->1853K(1984K) NonClass: 1711K(1728K)->1711K(1728K) Class: 142K(256K)->142K(256K)
[22.065s][info][gc          ] GC(250) Pause Young (Normal) (G1 Evacuation Pause) 1881M->1083M(2048M) 9.122ms
[22.065s][info][gc,cpu      ] GC(250) User=0.00s Sys=0.00s Real=0.01s
[22.113s][info][gc,marking  ] GC(248) Concurrent Rebuild Remembered Sets and Scrub Regions 71.509ms
[22.113s][info][gc,start    ] GC(248) Pause Cleanup
[22.114s][info][gc          ] GC(248) Pause Cleanup 1600M->1600M(2048M) 1.246ms
[22.117s][info][gc,cpu      ] GC(248) User=0.00s Sys=0.00s Real=0.00s
[22.117s][info][gc,marking  ] GC(248) Concurrent Clear Claimed Marks
[22.117s][info][gc,marking  ] GC(248) Concurrent Clear Claimed Marks 0.037ms
[22.117s][info][gc,marking  ] GC(248) Concurrent Cleanup for Next Mark
[22.124s][info][gc,marking  ] GC(248) Concurrent Cleanup for Next Mark 7.473ms
[22.124s][info][gc          ] GC(248) Concurrent Mark Cycle 231.377ms
[22.147s][info][gc,start    ] GC(251) Pause Young (Prepare Mixed) (G1 Evacuation Pause)
[22.147s][info][gc,task     ] GC(251) Using 10 workers of 10 for evacuation
[22.156s][info][gc,phases   ] GC(251)   Pre Evacuate Collection Set: 0.3ms
[22.156s][info][gc,phases   ] GC(251)   Merge Heap Roots: 0.2ms
[22.156s][info][gc,phases   ] GC(251)   Evacuate Collection Set: 7.9ms
[22.156s][info][gc,phases   ] GC(251)   Post Evacuate Collection Set: 0.6ms
[22.156s][info][gc,phases   ] GC(251)   Other: 0.1ms
[22.156s][info][gc,heap     ] GC(251) Eden regions: 796->0(781)
[22.156s][info][gc,heap     ] GC(251) Survivor regions: 65->68(108)
[22.156s][info][gc,heap     ] GC(251) Old regions: 934->942
[22.156s][info][gc,heap     ] GC(251) Humongous regions: 90->86
[22.156s][info][gc,metaspace] GC(251) Metaspace: 1853K(1984K)->1853K(1984K) NonClass: 1711K(1728K)->1711K(1728K) Class: 142K(256K)->142K(256K)
[22.156s][info][gc          ] GC(251) Pause Young (Prepare Mixed) (G1 Evacuation Pause) 1884M->1095M(2048M) 9.379ms
[22.156s][info][gc,cpu      ] GC(251) User=0.02s Sys=0.00s Real=0.01s
[22.231s][info][gc,start    ] GC(252) Pause Young (Mixed) (G1 Evacuation Pause)
[22.231s][info][gc,task     ] GC(252) Using 10 workers of 10 for evacuation
[22.241s][info][gc,phases   ] GC(252)   Pre Evacuate Collection Set: 0.3ms
[22.241s][info][gc,phases   ] GC(252)   Merge Heap Roots: 0.2ms
[22.241s][info][gc,phases   ] GC(252)   Evacuate Collection Set: 9.0ms
[22.241s][info][gc,phases   ] GC(252)   Post Evacuate Collection Set: 0.7ms
[22.241s][info][gc,phases   ] GC(252)   Other: 0.1ms
[22.241s][info][gc,heap     ] GC(252) Eden regions: 781->0(792)
[22.241s][info][gc,heap     ] GC(252) Survivor regions: 68->68(107)
[22.241s][info][gc,heap     ] GC(252) Old regions: 942->931
[22.241s][info][gc,heap     ] GC(252) Humongous regions: 86->86
[22.241s][info][gc,metaspace] GC(252) Metaspace: 1853K(1984K)->1853K(1984K) NonClass: 1711K(1728K)->1711K(1728K) Class: 142K(256K)->142K(256K)
[22.241s][info][gc          ] GC(252) Pause Young (Mixed) (G1 Evacuation Pause) 1876M->1083M(2048M) 10.607ms
[22.241s][info][gc,cpu      ] GC(252) User=0.00s Sys=0.00s Real=0.01s
[22.277s][info][gc,start    ] GC(253) Pause Young (Concurrent Start) (G1 Humongous Allocation)
[22.277s][info][gc,task     ] GC(253) Using 10 workers of 10 for evacuation
[22.286s][info][gc,phases   ] GC(253)   Pre Evacuate Collection Set: 0.3ms
[22.286s][info][gc,phases   ] GC(253)   Merge Heap Roots: 0.1ms
[22.286s][info][gc,phases   ] GC(253)   Evacuate Collection Set: 7.3ms
[22.286s][info][gc,phases   ] GC(253)   Post Evacuate Collection Set: 0.5ms
[22.286s][info][gc,phases   ] GC(253)   Other: 0.1ms
[22.286s][info][gc,heap     ] GC(253) Eden regions: 372->0(804)
[22.286s][info][gc,heap     ] GC(253) Survivor regions: 68->57(108)
[22.286s][info][gc,heap     ] GC(253) Old regions: 931->941
[22.286s][info][gc,heap     ] GC(253) Humongous regions: 86->86
[22.286s][info][gc,metaspace] GC(253) Metaspace: 1853K(1984K)->1853K(1984K) NonClass: 1711K(1728K)->1711K(1728K) Class: 142K(256K)->142K(256K)
[22.286s][info][gc          ] GC(253) Pause Young (Concurrent Start) (G1 Humongous Allocation) 1455M->1083M(2048M) 8.588ms
[22.286s][info][gc,cpu      ] GC(253) User=0.00s Sys=0.00s Real=0.01s
[22.286s][info][gc          ] GC(254) Concurrent Mark Cycle
[22.286s][info][gc,marking  ] GC(254) Concurrent Scan Root Regions
[22.287s][info][gc,marking  ] GC(254) Concurrent Scan Root Regions 0.934ms
[22.287s][info][gc,marking  ] GC(254) Concurrent Mark
[22.287s][info][gc,marking  ] GC(254) Concurrent Mark From Roots
[22.287s][info][gc,task     ] GC(254) Using 3 workers of 3 for marking
[22.362s][info][gc,start    ] GC(255) Pause Young (Normal) (G1 Evacuation Pause)
[22.362s][info][gc,task     ] GC(255) Using 10 workers of 10 for evacuation
[22.370s][info][gc,phases   ] GC(255)   Pre Evacuate Collection Set: 0.2ms
[22.370s][info][gc,phases   ] GC(255)   Merge Heap Roots: 0.2ms
[22.370s][info][gc,phases   ] GC(255)   Evacuate Collection Set: 7.0ms
[22.370s][info][gc,phases   ] GC(255)   Post Evacuate Collection Set: 0.6ms
[22.370s][info][gc,phases   ] GC(255)   Other: 0.1ms
[22.370s][info][gc,heap     ] GC(255) Eden regions: 804->0(788)
[22.370s][info][gc,heap     ] GC(255) Survivor regions: 57->64(108)
[22.370s][info][gc,heap     ] GC(255) Old regions: 941->941
[22.370s][info][gc,heap     ] GC(255) Humongous regions: 90->88
[22.370s][info][gc,metaspace] GC(255) Metaspace: 1854K(1984K)->1854K(1984K) NonClass: 1711K(1728K)->1711K(1728K) Class: 142K(256K)->142K(256K)
[22.370s][info][gc          ] GC(255) Pause Young (Normal) (G1 Evacuation Pause) 1891M->1092M(2048M) 8.251ms
[22.370s][info][gc,cpu      ] GC(255) User=0.02s Sys=0.00s Real=0.01s
[22.437s][info][gc,marking  ] GC(254) Concurrent Mark From Roots 149.856ms
[22.437s][info][gc,marking  ] GC(254) Concurrent Preclean
[22.437s][info][gc,marking  ] GC(254) Concurrent Preclean 0.060ms
[22.437s][info][gc,start    ] GC(254) Pause Remark
[22.438s][info][gc          ] GC(254) Pause Remark 1812M->1806M(2048M) 0.595ms
[22.438s][info][gc,cpu      ] GC(254) User=0.00s Sys=0.00s Real=0.00s
[22.438s][info][gc,marking  ] GC(254) Concurrent Mark 151.024ms
[22.438s][info][gc,marking  ] GC(254) Concurrent Rebuild Remembered Sets and Scrub Regions
[22.445s][info][gc,start    ] GC(256) Pause Young (Normal) (G1 Evacuation Pause)
[22.445s][info][gc,task     ] GC(256) Using 10 workers of 10 for evacuation
[22.454s][info][gc,phases   ] GC(256)   Pre Evacuate Collection Set: 0.2ms
[22.454s][info][gc,phases   ] GC(256)   Merge Heap Roots: 0.2ms
[22.454s][info][gc,phases   ] GC(256)   Evacuate Collection Set: 8.1ms
[22.454s][info][gc,phases   ] GC(256)   Post Evacuate Collection Set: 0.6ms
[22.454s][info][gc,phases   ] GC(256)   Other: 0.1ms
[22.454s][info][gc,heap     ] GC(256) Eden regions: 788->0(784)
[22.454s][info][gc,heap     ] GC(256) Survivor regions: 64->64(107)
[22.454s][info][gc,heap     ] GC(256) Old regions: 937->948
[22.454s][info][gc,heap     ] GC(256) Humongous regions: 89->85
[22.454s][info][gc,metaspace] GC(256) Metaspace: 1855K(1984K)->1855K(1984K) NonClass: 1712K(1728K)->1712K(1728K) Class: 142K(256K)->142K(256K)
[22.454s][info][gc          ] GC(256) Pause Young (Normal) (G1 Evacuation Pause) 1877M->1095M(2048M) 9.371ms
[22.454s][info][gc,cpu      ] GC(256) User=0.00s Sys=0.00s Real=0.01s
[22.511s][info][gc,marking  ] GC(254) Concurrent Rebuild Remembered Sets and Scrub Regions 72.627ms
[22.511s][info][gc,start    ] GC(254) Pause Cleanup
[22.511s][info][gc          ] GC(254) Pause Cleanup 1700M->1700M(2048M) 0.432ms
[22.511s][info][gc,cpu      ] GC(254) User=0.00s Sys=0.00s Real=0.00s
[22.512s][info][gc,marking  ] GC(254) Concurrent Clear Claimed Marks
[22.512s][info][gc,marking  ] GC(254) Concurrent Clear Claimed Marks 0.042ms
[22.512s][info][gc,marking  ] GC(254) Concurrent Cleanup for Next Mark
[22.519s][info][gc,marking  ] GC(254) Concurrent Cleanup for Next Mark 7.300ms
[22.519s][info][gc          ] GC(254) Concurrent Mark Cycle 233.152ms
[22.531s][info][gc,start    ] GC(257) Pause Young (Prepare Mixed) (G1 Evacuation Pause)
[22.531s][info][gc,task     ] GC(257) Using 10 workers of 10 for evacuation
[22.540s][info][gc,phases   ] GC(257)   Pre Evacuate Collection Set: 0.3ms
[22.540s][info][gc,phases   ] GC(257)   Merge Heap Roots: 0.2ms
[22.540s][info][gc,phases   ] GC(257)   Evacuate Collection Set: 7.6ms
[22.540s][info][gc,phases   ] GC(257)   Post Evacuate Collection Set: 0.6ms
[22.540s][info][gc,phases   ] GC(257)   Other: 0.1ms
[22.540s][info][gc,heap     ] GC(257) Eden regions: 784->0(782)
[22.540s][info][gc,heap     ] GC(257) Survivor regions: 64->60(106)
[22.540s][info][gc,heap     ] GC(257) Old regions: 948->957
[22.540s][info][gc,heap     ] GC(257) Humongous regions: 87->86
[22.540s][info][gc,metaspace] GC(257) Metaspace: 1855K(1984K)->1855K(1984K) NonClass: 1712K(1728K)->1712K(1728K) Class: 142K(256K)->142K(256K)
[22.540s][info][gc          ] GC(257) Pause Young (Prepare Mixed) (G1 Evacuation Pause) 1881M->1102M(2048M) 8.949ms
[22.540s][info][gc,cpu      ] GC(257) User=0.02s Sys=0.00s Real=0.01s
[22.615s][info][gc,start    ] GC(258) Pause Young (Mixed) (G1 Evacuation Pause)
[22.615s][info][gc,task     ] GC(258) Using 10 workers of 10 for evacuation
[22.625s][info][gc,phases   ] GC(258)   Pre Evacuate Collection Set: 0.3ms
[22.625s][info][gc,phases   ] GC(258)   Merge Heap Roots: 0.1ms
[22.625s][info][gc,phases   ] GC(258)   Evacuate Collection Set: 8.3ms
[22.625s][info][gc,phases   ] GC(258)   Post Evacuate Collection Set: 0.5ms
[22.625s][info][gc,phases   ] GC(258)   Other: 0.1ms
[22.625s][info][gc,heap     ] GC(258) Eden regions: 782->0(791)
[22.625s][info][gc,heap     ] GC(258) Survivor regions: 60->59(106)
[22.625s][info][gc,heap     ] GC(258) Old regions: 957->950
[22.625s][info][gc,heap     ] GC(258) Humongous regions: 89->86
[22.625s][info][gc,metaspace] GC(258) Metaspace: 1855K(1984K)->1855K(1984K) NonClass: 1712K(1728K)->1712K(1728K) Class: 142K(256K)->142K(256K)
[22.625s][info][gc          ] GC(258) Pause Young (Mixed) (G1 Evacuation Pause) 1887M->1094M(2048M) 9.628ms
[22.625s][info][gc,cpu      ] GC(258) User=0.02s Sys=0.00s Real=0.01s
[22.701s][info][gc,start    ] GC(259) Pause Young (Concurrent Start) (G1 Evacuation Pause)
[22.701s][info][gc,task     ] GC(259) Using 10 workers of 10 for evacuation
[22.709s][info][gc,phases   ] GC(259)   Pre Evacuate Collection Set: 0.4ms
[22.709s][info][gc,phases   ] GC(259)   Merge Heap Roots: 0.1ms
[22.709s][info][gc,phases   ] GC(259)   Evacuate Collection Set: 7.1ms
[22.709s][info][gc,phases   ] GC(259)   Post Evacuate Collection Set: 0.5ms
[22.709s][info][gc,phases   ] GC(259)   Other: 0.1ms
[22.709s][info][gc,heap     ] GC(259) Eden regions: 791->0(790)
[22.709s][info][gc,heap     ] GC(259) Survivor regions: 59->56(107)
[22.709s][info][gc,heap     ] GC(259) Old regions: 950->957
[22.709s][info][gc,heap     ] GC(259) Humongous regions: 86->86
[22.709s][info][gc,metaspace] GC(259) Metaspace: 1855K(1984K)->1855K(1984K) NonClass: 1712K(1728K)->1712K(1728K) Class: 142K(256K)->142K(256K)
[22.709s][info][gc          ] GC(259) Pause Young (Concurrent Start) (G1 Evacuation Pause) 1885M->1098M(2048M) 8.562ms
[22.709s][info][gc,cpu      ] GC(259) User=0.00s Sys=0.00s Real=0.01s
[22.709s][info][gc          ] GC(260) Concurrent Mark Cycle
[22.709s][info][gc,marking  ] GC(260) Concurrent Scan Root Regions
[22.710s][info][gc,marking  ] GC(260) Concurrent Scan Root Regions 0.927ms
[22.710s][info][gc,marking  ] GC(260) Concurrent Mark
[22.710s][info][gc,marking  ] GC(260) Concurrent Mark From Roots
[22.710s][info][gc,task     ] GC(260) Using 3 workers of 3 for marking
[22.785s][info][gc,start    ] GC(261) Pause Young (Normal) (G1 Evacuation Pause)
[22.785s][info][gc,task     ] GC(261) Using 10 workers of 10 for evacuation
[22.793s][info][gc,phases   ] GC(261)   Pre Evacuate Collection Set: 0.2ms
[22.793s][info][gc,phases   ] GC(261)   Merge Heap Roots: 0.2ms
[22.793s][info][gc,phases   ] GC(261)   Evacuate Collection Set: 6.8ms
[22.793s][info][gc,phases   ] GC(261)   Post Evacuate Collection Set: 0.5ms
[22.793s][info][gc,phases   ] GC(261)   Other: 0.1ms
[22.793s][info][gc,heap     ] GC(261) Eden regions: 790->0(780)
[22.793s][info][gc,heap     ] GC(261) Survivor regions: 56->61(106)
[22.793s][info][gc,heap     ] GC(261) Old regions: 957->957
[22.793s][info][gc,heap     ] GC(261) Humongous regions: 87->86
[22.793s][info][gc,metaspace] GC(261) Metaspace: 1855K(1984K)->1855K(1984K) NonClass: 1712K(1728K)->1712K(1728K) Class: 142K(256K)->142K(256K)
[22.793s][info][gc          ] GC(261) Pause Young (Normal) (G1 Evacuation Pause) 1889M->1103M(2048M) 8.119ms
[22.793s][info][gc,cpu      ] GC(261) User=0.02s Sys=0.00s Real=0.01s
[22.848s][info][gc,marking  ] GC(260) Concurrent Mark From Roots 138.269ms
[22.849s][info][gc,marking  ] GC(260) Concurrent Preclean
[22.849s][info][gc,marking  ] GC(260) Concurrent Preclean 0.041ms
[22.849s][info][gc,start    ] GC(260) Pause Remark
[22.849s][info][gc          ] GC(260) Pause Remark 1696M->1690M(2048M) 0.627ms
[22.849s][info][gc,cpu      ] GC(260) User=0.00s Sys=0.00s Real=0.00s
[22.850s][info][gc,marking  ] GC(260) Concurrent Mark 139.457ms
[22.850s][info][gc,marking  ] GC(260) Concurrent Rebuild Remembered Sets and Scrub Regions
[22.869s][info][gc,start    ] GC(262) Pause Young (Normal) (G1 Evacuation Pause)
[22.869s][info][gc,task     ] GC(262) Using 10 workers of 10 for evacuation
[22.878s][info][gc,phases   ] GC(262)   Pre Evacuate Collection Set: 0.2ms
[22.878s][info][gc,phases   ] GC(262)   Merge Heap Roots: 0.2ms
[22.878s][info][gc,phases   ] GC(262)   Evacuate Collection Set: 7.9ms
[22.878s][info][gc,phases   ] GC(262)   Post Evacuate Collection Set: 0.6ms
[22.878s][info][gc,phases   ] GC(262)   Other: 0.1ms
[22.878s][info][gc,heap     ] GC(262) Eden regions: 780->0(772)
[22.878s][info][gc,heap     ] GC(262) Survivor regions: 61->63(106)
[22.878s][info][gc,heap     ] GC(262) Old regions: 951->961
[22.878s][info][gc,heap     ] GC(262) Humongous regions: 88->86
[22.878s][info][gc,metaspace] GC(262) Metaspace: 1855K(1984K)->1855K(1984K) NonClass: 1712K(1728K)->1712K(1728K) Class: 142K(256K)->142K(256K)
[22.878s][info][gc          ] GC(262) Pause Young (Normal) (G1 Evacuation Pause) 1879M->1108M(2048M) 9.287ms
[22.878s][info][gc,cpu      ] GC(262) User=0.00s Sys=0.00s Real=0.01s
[22.918s][info][gc,marking  ] GC(260) Concurrent Rebuild Remembered Sets and Scrub Regions 68.365ms
[22.918s][info][gc,start    ] GC(260) Pause Cleanup
[22.919s][info][gc          ] GC(260) Pause Cleanup 1536M->1536M(2048M) 0.438ms
[22.919s][info][gc,cpu      ] GC(260) User=0.00s Sys=0.00s Real=0.00s
[22.919s][info][gc,marking  ] GC(260) Concurrent Clear Claimed Marks
[22.919s][info][gc,marking  ] GC(260) Concurrent Clear Claimed Marks 0.034ms
[22.919s][info][gc,marking  ] GC(260) Concurrent Cleanup for Next Mark
[22.927s][info][gc,marking  ] GC(260) Concurrent Cleanup for Next Mark 7.827ms
[22.927s][info][gc          ] GC(260) Concurrent Mark Cycle 217.720ms
[22.955s][info][gc,start    ] GC(263) Pause Young (Prepare Mixed) (G1 Evacuation Pause)
[22.955s][info][gc,task     ] GC(263) Using 10 workers of 10 for evacuation
[22.964s][info][gc,phases   ] GC(263)   Pre Evacuate Collection Set: 0.3ms
[22.964s][info][gc,phases   ] GC(263)   Merge Heap Roots: 0.2ms
[22.964s][info][gc,phases   ] GC(263)   Evacuate Collection Set: 7.8ms
[22.964s][info][gc,phases   ] GC(263)   Post Evacuate Collection Set: 0.6ms
[22.964s][info][gc,phases   ] GC(263)   Other: 0.1ms
[22.964s][info][gc,heap     ] GC(263) Eden regions: 772->0(766)
[22.964s][info][gc,heap     ] GC(263) Survivor regions: 63->61(105)
[22.964s][info][gc,heap     ] GC(263) Old regions: 961->970
[22.964s][info][gc,heap     ] GC(263) Humongous regions: 88->87
[22.964s][info][gc,metaspace] GC(263) Metaspace: 1855K(1984K)->1855K(1984K) NonClass: 1712K(1728K)->1712K(1728K) Class: 142K(256K)->142K(256K)
[22.964s][info][gc          ] GC(263) Pause Young (Prepare Mixed) (G1 Evacuation Pause) 1882M->1116M(2048M) 9.170ms
[22.964s][info][gc,cpu      ] GC(263) User=0.00s Sys=0.00s Real=0.01s
[23.037s][info][gc,start    ] GC(264) Pause Young (Mixed) (G1 Evacuation Pause)
[23.037s][info][gc,task     ] GC(264) Using 10 workers of 10 for evacuation
[23.047s][info][gc,phases   ] GC(264)   Pre Evacuate Collection Set: 0.3ms
[23.047s][info][gc,phases   ] GC(264)   Merge Heap Roots: 0.2ms
[23.047s][info][gc,phases   ] GC(264)   Evacuate Collection Set: 8.2ms
[23.047s][info][gc,phases   ] GC(264)   Post Evacuate Collection Set: 0.5ms
[23.047s][info][gc,phases   ] GC(264)   Other: 0.1ms
[23.047s][info][gc,heap     ] GC(264) Eden regions: 766->0(776)
[23.047s][info][gc,heap     ] GC(264) Survivor regions: 61->60(104)
[23.047s][info][gc,heap     ] GC(264) Old regions: 970->963
[23.047s][info][gc,heap     ] GC(264) Humongous regions: 90->86
[23.047s][info][gc,metaspace] GC(264) Metaspace: 1855K(1984K)->1855K(1984K) NonClass: 1712K(1728K)->1712K(1728K) Class: 142K(256K)->142K(256K)
[23.047s][info][gc          ] GC(264) Pause Young (Mixed) (G1 Evacuation Pause) 1885M->1108M(2048M) 9.578ms
[23.047s][info][gc,cpu      ] GC(264) User=0.02s Sys=0.00s Real=0.01s
[23.052s][info][gc,start    ] GC(265) Pause Young (Concurrent Start) (G1 Humongous Allocation)
[23.052s][info][gc,task     ] GC(265) Using 10 workers of 10 for evacuation
[23.060s][info][gc,phases   ] GC(265)   Pre Evacuate Collection Set: 0.3ms
[23.060s][info][gc,phases   ] GC(265)   Merge Heap Roots: 0.1ms
[23.060s][info][gc,phases   ] GC(265)   Evacuate Collection Set: 6.8ms
[23.060s][info][gc,phases   ] GC(265)   Post Evacuate Collection Set: 0.4ms
[23.060s][info][gc,phases   ] GC(265)   Other: 0.1ms
[23.060s][info][gc,heap     ] GC(265) Eden regions: 54->0(785)
[23.060s][info][gc,heap     ] GC(265) Survivor regions: 60->50(105)
[23.060s][info][gc,heap     ] GC(265) Old regions: 963->974
[23.060s][info][gc,heap     ] GC(265) Humongous regions: 86->86
[23.060s][info][gc,metaspace] GC(265) Metaspace: 1855K(1984K)->1855K(1984K) NonClass: 1712K(1728K)->1712K(1728K) Class: 142K(256K)->142K(256K)
[23.060s][info][gc          ] GC(265) Pause Young (Concurrent Start) (G1 Humongous Allocation) 1161M->1108M(2048M) 7.846ms
[23.060s][info][gc,cpu      ] GC(265) User=0.02s Sys=0.00s Real=0.01s
[23.060s][info][gc          ] GC(266) Concurrent Mark Cycle
[23.060s][info][gc,marking  ] GC(266) Concurrent Scan Root Regions
[23.061s][info][gc,marking  ] GC(266) Concurrent Scan Root Regions 0.807ms
[23.061s][info][gc,marking  ] GC(266) Concurrent Mark
[23.061s][info][gc,marking  ] GC(266) Concurrent Mark From Roots
[23.061s][info][gc,task     ] GC(266) Using 3 workers of 3 for marking
[23.134s][info][gc,start    ] GC(267) Pause Young (Normal) (G1 Evacuation Pause)
[23.134s][info][gc,task     ] GC(267) Using 10 workers of 10 for evacuation
[23.141s][info][gc,phases   ] GC(267)   Pre Evacuate Collection Set: 0.3ms
[23.141s][info][gc,phases   ] GC(267)   Merge Heap Roots: 0.2ms
[23.141s][info][gc,phases   ] GC(267)   Evacuate Collection Set: 6.0ms
[23.141s][info][gc,phases   ] GC(267)   Post Evacuate Collection Set: 0.6ms
[23.141s][info][gc,phases   ] GC(267)   Other: 0.1ms
[23.141s][info][gc,heap     ] GC(267) Eden regions: 785->0(771)
[23.141s][info][gc,heap     ] GC(267) Survivor regions: 50->57(105)
[23.141s][info][gc,heap     ] GC(267) Old regions: 974->974
[23.141s][info][gc,heap     ] GC(267) Humongous regions: 89->86
[23.141s][info][gc,metaspace] GC(267) Metaspace: 1855K(1984K)->1855K(1984K) NonClass: 1712K(1728K)->1712K(1728K) Class: 142K(256K)->142K(256K)
[23.141s][info][gc          ] GC(267) Pause Young (Normal) (G1 Evacuation Pause) 1896M->1115M(2048M) 7.375ms
[23.141s][info][gc,cpu      ] GC(267) User=0.00s Sys=0.00s Real=0.01s
[23.202s][info][gc,marking  ] GC(266) Concurrent Mark From Roots 141.160ms
[23.202s][info][gc,marking  ] GC(266) Concurrent Preclean
[23.202s][info][gc,marking  ] GC(266) Concurrent Preclean 0.040ms
[23.202s][info][gc,start    ] GC(266) Pause Remark
[23.203s][info][gc          ] GC(266) Pause Remark 1751M->1748M(2048M) 0.667ms
[23.203s][info][gc,cpu      ] GC(266) User=0.00s Sys=0.00s Real=0.00s
[23.203s][info][gc,marking  ] GC(266) Concurrent Mark 142.294ms
[23.203s][info][gc,marking  ] GC(266) Concurrent Rebuild Remembered Sets and Scrub Regions
[23.217s][info][gc,start    ] GC(268) Pause Young (Normal) (G1 Evacuation Pause)
[23.217s][info][gc,task     ] GC(268) Using 10 workers of 10 for evacuation
[23.225s][info][gc,phases   ] GC(268)   Pre Evacuate Collection Set: 0.2ms
[23.225s][info][gc,phases   ] GC(268)   Merge Heap Roots: 0.2ms
[23.225s][info][gc,phases   ] GC(268)   Evacuate Collection Set: 6.6ms
[23.225s][info][gc,phases   ] GC(268)   Post Evacuate Collection Set: 0.6ms
[23.225s][info][gc,phases   ] GC(268)   Other: 0.1ms
[23.225s][info][gc,heap     ] GC(268) Eden regions: 771->0(775)
[23.225s][info][gc,heap     ] GC(268) Survivor regions: 57->54(104)
[23.225s][info][gc,heap     ] GC(268) Old regions: 973->978
[23.225s][info][gc,heap     ] GC(268) Humongous regions: 84->84
[23.225s][info][gc,metaspace] GC(268) Metaspace: 1855K(1984K)->1855K(1984K) NonClass: 1712K(1728K)->1712K(1728K) Class: 142K(256K)->142K(256K)
[23.225s][info][gc          ] GC(268) Pause Young (Normal) (G1 Evacuation Pause) 1883M->1115M(2048M) 7.943ms
[23.225s][info][gc,cpu      ] GC(268) User=0.00s Sys=0.00s Real=0.01s
[23.272s][info][gc,marking  ] GC(266) Concurrent Rebuild Remembered Sets and Scrub Regions 69.123ms
[23.273s][info][gc,start    ] GC(266) Pause Cleanup
[23.273s][info][gc          ] GC(266) Pause Cleanup 1589M->1589M(2048M) 0.619ms
[23.273s][info][gc,cpu      ] GC(266) User=0.00s Sys=0.00s Real=0.00s
[23.273s][info][gc,marking  ] GC(266) Concurrent Clear Claimed Marks
[23.273s][info][gc,marking  ] GC(266) Concurrent Clear Claimed Marks 0.032ms
[23.273s][info][gc,marking  ] GC(266) Concurrent Cleanup for Next Mark
[23.279s][info][gc,marking  ] GC(266) Concurrent Cleanup for Next Mark 5.301ms
[23.279s][info][gc          ] GC(266) Concurrent Mark Cycle 218.990ms
[23.306s][info][gc,start    ] GC(269) Pause Young (Prepare Mixed) (G1 Evacuation Pause)
[23.306s][info][gc,task     ] GC(269) Using 10 workers of 10 for evacuation
[23.314s][info][gc,phases   ] GC(269)   Pre Evacuate Collection Set: 0.3ms
[23.314s][info][gc,phases   ] GC(269)   Merge Heap Roots: 0.2ms
[23.314s][info][gc,phases   ] GC(269)   Evacuate Collection Set: 6.3ms
[23.314s][info][gc,phases   ] GC(269)   Post Evacuate Collection Set: 0.6ms
[23.314s][info][gc,phases   ] GC(269)   Other: 0.1ms
[23.314s][info][gc,heap     ] GC(269) Eden regions: 775->0(771)
[23.314s][info][gc,heap     ] GC(269) Survivor regions: 54->56(104)
[23.314s][info][gc,heap     ] GC(269) Old regions: 978->978
[23.314s][info][gc,heap     ] GC(269) Humongous regions: 84->84
[23.314s][info][gc,metaspace] GC(269) Metaspace: 1868K(2048K)->1868K(2048K) NonClass: 1723K(1792K)->1723K(1792K) Class: 145K(256K)->145K(256K)
[23.314s][info][gc          ] GC(269) Pause Young (Prepare Mixed) (G1 Evacuation Pause) 1890M->1116M(2048M) 7.863ms
[23.314s][info][gc,cpu      ] GC(269) User=0.00s Sys=0.00s Real=0.01s
[23.388s][info][gc,start    ] GC(270) Pause Young (Mixed) (G1 Evacuation Pause)
[23.388s][info][gc,task     ] GC(270) Using 10 workers of 10 for evacuation
[23.396s][info][gc,phases   ] GC(270)   Pre Evacuate Collection Set: 0.3ms
[23.396s][info][gc,phases   ] GC(270)   Merge Heap Roots: 0.2ms
[23.396s][info][gc,phases   ] GC(270)   Evacuate Collection Set: 7.1ms
[23.396s][info][gc,phases   ] GC(270)   Post Evacuate Collection Set: 0.6ms
[23.396s][info][gc,phases   ] GC(270)   Other: 0.1ms
[23.396s][info][gc,heap     ] GC(270) Eden regions: 771->0(784)
[23.396s][info][gc,heap     ] GC(270) Survivor regions: 56->57(104)
[23.396s][info][gc,heap     ] GC(270) Old regions: 978->964
[23.396s][info][gc,heap     ] GC(270) Humongous regions: 84->83
[23.396s][info][gc,metaspace] GC(270) Metaspace: 1868K(2048K)->1868K(2048K) NonClass: 1723K(1792K)->1723K(1792K) Class: 145K(256K)->145K(256K)
[23.396s][info][gc          ] GC(270) Pause Young (Mixed) (G1 Evacuation Pause) 1887M->1102M(2048M) 8.498ms
[23.396s][info][gc,cpu      ] GC(270) User=0.00s Sys=0.00s Real=0.01s
[23.471s][info][gc,start    ] GC(271) Pause Young (Concurrent Start) (G1 Evacuation Pause)
[23.472s][info][gc,task     ] GC(271) Using 10 workers of 10 for evacuation
[23.479s][info][gc,phases   ] GC(271)   Pre Evacuate Collection Set: 0.4ms
[23.479s][info][gc,phases   ] GC(271)   Merge Heap Roots: 0.2ms
[23.479s][info][gc,phases   ] GC(271)   Evacuate Collection Set: 6.6ms
[23.479s][info][gc,phases   ] GC(271)   Post Evacuate Collection Set: 0.6ms
[23.480s][info][gc,phases   ] GC(271)   Other: 0.1ms
[23.480s][info][gc,heap     ] GC(271) Eden regions: 784->0(784)
[23.480s][info][gc,heap     ] GC(271) Survivor regions: 57->57(106)
[23.480s][info][gc,heap     ] GC(271) Old regions: 964->964
[23.480s][info][gc,heap     ] GC(271) Humongous regions: 83->83
[23.480s][info][gc,metaspace] GC(271) Metaspace: 1868K(2048K)->1868K(2048K) NonClass: 1723K(1792K)->1723K(1792K) Class: 145K(256K)->145K(256K)
[23.480s][info][gc          ] GC(271) Pause Young (Concurrent Start) (G1 Evacuation Pause) 1886M->1103M(2048M) 8.252ms
[23.480s][info][gc,cpu      ] GC(271) User=0.02s Sys=0.00s Real=0.01s
[23.480s][info][gc          ] GC(272) Concurrent Mark Cycle
[23.480s][info][gc,marking  ] GC(272) Concurrent Scan Root Regions
[23.481s][info][gc,marking  ] GC(272) Concurrent Scan Root Regions 1.164ms
[23.481s][info][gc,marking  ] GC(272) Concurrent Mark
[23.481s][info][gc,marking  ] GC(272) Concurrent Mark From Roots
[23.481s][info][gc,task     ] GC(272) Using 3 workers of 3 for marking
[23.553s][info][gc,start    ] GC(273) Pause Young (Normal) (G1 Evacuation Pause)
[23.553s][info][gc,task     ] GC(273) Using 10 workers of 10 for evacuation
[23.560s][info][gc,phases   ] GC(273)   Pre Evacuate Collection Set: 0.3ms
[23.560s][info][gc,phases   ] GC(273)   Merge Heap Roots: 0.2ms
[23.560s][info][gc,phases   ] GC(273)   Evacuate Collection Set: 6.4ms
[23.560s][info][gc,phases   ] GC(273)   Post Evacuate Collection Set: 0.5ms
[23.560s][info][gc,phases   ] GC(273)   Other: 0.1ms
[23.560s][info][gc,heap     ] GC(273) Eden regions: 784->0(786)
[23.561s][info][gc,heap     ] GC(273) Survivor regions: 57->56(106)
[23.561s][info][gc,heap     ] GC(273) Old regions: 964->964
[23.561s][info][gc,heap     ] GC(273) Humongous regions: 83->83
[23.561s][info][gc,metaspace] GC(273) Metaspace: 1868K(2048K)->1868K(2048K) NonClass: 1723K(1792K)->1723K(1792K) Class: 145K(256K)->145K(256K)
[23.561s][info][gc          ] GC(273) Pause Young (Normal) (G1 Evacuation Pause) 1887M->1102M(2048M) 7.701ms
[23.561s][info][gc,cpu      ] GC(273) User=0.02s Sys=0.00s Real=0.01s
[23.634s][info][gc,start    ] GC(274) Pause Young (Normal) (G1 Evacuation Pause)
[23.634s][info][gc,task     ] GC(274) Using 10 workers of 10 for evacuation
[23.641s][info][gc,phases   ] GC(274)   Pre Evacuate Collection Set: 0.3ms
[23.641s][info][gc,phases   ] GC(274)   Merge Heap Roots: 0.2ms
[23.641s][info][gc,phases   ] GC(274)   Evacuate Collection Set: 6.1ms
[23.641s][info][gc,phases   ] GC(274)   Post Evacuate Collection Set: 0.5ms
[23.641s][info][gc,phases   ] GC(274)   Other: 0.1ms
[23.641s][info][gc,heap     ] GC(274) Eden regions: 786->0(786)
[23.641s][info][gc,heap     ] GC(274) Survivor regions: 56->56(106)
[23.641s][info][gc,heap     ] GC(274) Old regions: 964->964
[23.641s][info][gc,heap     ] GC(274) Humongous regions: 83->83
[23.641s][info][gc,metaspace] GC(274) Metaspace: 1868K(2048K)->1868K(2048K) NonClass: 1723K(1792K)->1723K(1792K) Class: 145K(256K)->145K(256K)
[23.641s][info][gc          ] GC(274) Pause Young (Normal) (G1 Evacuation Pause) 1888M->1102M(2048M) 7.500ms
[23.641s][info][gc,cpu      ] GC(274) User=0.00s Sys=0.00s Real=0.01s
[23.652s][info][gc,marking  ] GC(272) Concurrent Mark From Roots 170.673ms
[23.652s][info][gc,marking  ] GC(272) Concurrent Preclean
[23.652s][info][gc,marking  ] GC(272) Concurrent Preclean 0.048ms
[23.652s][info][gc,start    ] GC(272) Pause Remark
[23.653s][info][gc          ] GC(272) Pause Remark 1213M->1213M(2048M) 0.664ms
[23.653s][info][gc,cpu      ] GC(272) User=0.00s Sys=0.00s Real=0.00s
[23.653s][info][gc,marking  ] GC(272) Concurrent Mark 171.820ms
[23.653s][info][gc,marking  ] GC(272) Concurrent Rebuild Remembered Sets and Scrub Regions
[23.716s][info][gc,start    ] GC(275) Pause Young (Normal) (G1 Evacuation Pause)
[23.716s][info][gc,task     ] GC(275) Using 10 workers of 10 for evacuation
[23.723s][info][gc,phases   ] GC(275)   Pre Evacuate Collection Set: 0.3ms
[23.723s][info][gc,phases   ] GC(275)   Merge Heap Roots: 0.2ms
[23.723s][info][gc,phases   ] GC(275)   Evacuate Collection Set: 6.5ms
[23.724s][info][gc,phases   ] GC(275)   Post Evacuate Collection Set: 0.6ms
[23.724s][info][gc,phases   ] GC(275)   Other: 0.1ms
[23.724s][info][gc,heap     ] GC(275) Eden regions: 786->0(786)
[23.724s][info][gc,heap     ] GC(275) Survivor regions: 56->56(106)
[23.724s][info][gc,heap     ] GC(275) Old regions: 964->964
[23.724s][info][gc,heap     ] GC(275) Humongous regions: 83->83
[23.724s][info][gc,metaspace] GC(275) Metaspace: 1868K(2048K)->1868K(2048K) NonClass: 1723K(1792K)->1723K(1792K) Class: 145K(256K)->145K(256K)
[23.724s][info][gc          ] GC(275) Pause Young (Normal) (G1 Evacuation Pause) 1888M->1101M(2048M) 7.845ms
[23.724s][info][gc,cpu      ] GC(275) User=0.00s Sys=0.00s Real=0.01s
[23.728s][info][gc,marking  ] GC(272) Concurrent Rebuild Remembered Sets and Scrub Regions 75.607ms
[23.729s][info][gc,start    ] GC(272) Pause Cleanup
[23.729s][info][gc          ] GC(272) Pause Cleanup 1153M->1153M(2048M) 0.455ms
[23.729s][info][gc,cpu      ] GC(272) User=0.00s Sys=0.00s Real=0.00s
[23.729s][info][gc,marking  ] GC(272) Concurrent Clear Claimed Marks
[23.729s][info][gc,marking  ] GC(272) Concurrent Clear Claimed Marks 0.039ms
[23.729s][info][gc,marking  ] GC(272) Concurrent Cleanup for Next Mark
[23.737s][info][gc,marking  ] GC(272) Concurrent Cleanup for Next Mark 7.906ms
[23.737s][info][gc          ] GC(272) Concurrent Mark Cycle 257.485ms
[23.803s][info][gc,start    ] GC(276) Pause Young (Prepare Mixed) (G1 Evacuation Pause)
[23.803s][info][gc,task     ] GC(276) Using 10 workers of 10 for evacuation
[23.812s][info][gc,phases   ] GC(276)   Pre Evacuate Collection Set: 0.3ms
[23.812s][info][gc,phases   ] GC(276)   Merge Heap Roots: 0.2ms
[23.812s][info][gc,phases   ] GC(276)   Evacuate Collection Set: 7.3ms
[23.812s][info][gc,phases   ] GC(276)   Post Evacuate Collection Set: 0.8ms
[23.812s][info][gc,phases   ] GC(276)   Other: 0.1ms
[23.812s][info][gc,heap     ] GC(276) Eden regions: 786->0(794)
[23.812s][info][gc,heap     ] GC(276) Survivor regions: 56->48(106)
[23.812s][info][gc,heap     ] GC(276) Old regions: 964->972
[23.812s][info][gc,heap     ] GC(276) Humongous regions: 83->83
[23.812s][info][gc,metaspace] GC(276) Metaspace: 1868K(2048K)->1868K(2048K) NonClass: 1723K(1792K)->1723K(1792K) Class: 145K(256K)->145K(256K)
[23.812s][info][gc          ] GC(276) Pause Young (Prepare Mixed) (G1 Evacuation Pause) 1887M->1102M(2048M) 9.096ms
[23.812s][info][gc,cpu      ] GC(276) User=0.05s Sys=0.00s Real=0.01s
[23.888s][info][gc,start    ] GC(277) Pause Young (Mixed) (G1 Evacuation Pause)
[23.888s][info][gc,task     ] GC(277) Using 10 workers of 10 for evacuation
[23.895s][info][gc,phases   ] GC(277)   Pre Evacuate Collection Set: 0.3ms
[23.895s][info][gc,phases   ] GC(277)   Merge Heap Roots: 0.2ms
[23.895s][info][gc,phases   ] GC(277)   Evacuate Collection Set: 6.1ms
[23.895s][info][gc,phases   ] GC(277)   Post Evacuate Collection Set: 0.5ms
[23.895s][info][gc,phases   ] GC(277)   Other: 0.1ms
[23.895s][info][gc,heap     ] GC(277) Eden regions: 794->0(824)
[23.895s][info][gc,heap     ] GC(277) Survivor regions: 48->43(106)
[23.895s][info][gc,heap     ] GC(277) Old regions: 972->957
[23.895s][info][gc,heap     ] GC(277) Humongous regions: 83->78
[23.895s][info][gc,metaspace] GC(277) Metaspace: 1868K(2048K)->1868K(2048K) NonClass: 1723K(1792K)->1723K(1792K) Class: 145K(256K)->145K(256K)
[23.895s][info][gc          ] GC(277) Pause Young (Mixed) (G1 Evacuation Pause) 1896M->1077M(2048M) 7.553ms
[23.895s][info][gc,cpu      ] GC(277) User=0.00s Sys=0.00s Real=0.01s
[23.974s][info][gc,start    ] GC(278) Pause Young (Concurrent Start) (G1 Evacuation Pause)
[23.974s][info][gc,task     ] GC(278) Using 10 workers of 10 for evacuation
[23.981s][info][gc,phases   ] GC(278)   Pre Evacuate Collection Set: 0.4ms
[23.981s][info][gc,phases   ] GC(278)   Merge Heap Roots: 0.2ms
[23.981s][info][gc,phases   ] GC(278)   Evacuate Collection Set: 5.2ms
[23.981s][info][gc,phases   ] GC(278)   Post Evacuate Collection Set: 0.6ms
[23.981s][info][gc,phases   ] GC(278)   Other: 0.1ms
[23.981s][info][gc,heap     ] GC(278) Eden regions: 824->0(827)
[23.981s][info][gc,heap     ] GC(278) Survivor regions: 43->39(109)
[23.981s][info][gc,heap     ] GC(278) Old regions: 957->962
[23.981s][info][gc,heap     ] GC(278) Humongous regions: 78->78
[23.981s][info][gc,metaspace] GC(278) Metaspace: 1868K(2048K)->1868K(2048K) NonClass: 1723K(1792K)->1723K(1792K) Class: 145K(256K)->145K(256K)
[23.981s][info][gc          ] GC(278) Pause Young (Concurrent Start) (G1 Evacuation Pause) 1901M->1078M(2048M) 6.809ms
[23.981s][info][gc,cpu      ] GC(278) User=0.02s Sys=0.00s Real=0.01s
[23.981s][info][gc          ] GC(279) Concurrent Mark Cycle
[23.981s][info][gc,marking  ] GC(279) Concurrent Scan Root Regions
[23.982s][info][gc,marking  ] GC(279) Concurrent Scan Root Regions 1.381ms
[23.982s][info][gc,marking  ] GC(279) Concurrent Mark
[23.982s][info][gc,marking  ] GC(279) Concurrent Mark From Roots
[23.982s][info][gc,task     ] GC(279) Using 3 workers of 3 for marking
[24.059s][info][gc,start    ] GC(280) Pause Young (Normal) (G1 Evacuation Pause)
[24.059s][info][gc,task     ] GC(280) Using 10 workers of 10 for evacuation
[24.064s][info][gc,phases   ] GC(280)   Pre Evacuate Collection Set: 0.2ms
[24.064s][info][gc,phases   ] GC(280)   Merge Heap Roots: 0.2ms
[24.064s][info][gc,phases   ] GC(280)   Evacuate Collection Set: 4.7ms
[24.064s][info][gc,phases   ] GC(280)   Post Evacuate Collection Set: 0.5ms
[24.064s][info][gc,phases   ] GC(280)   Other: 0.1ms
[24.064s][info][gc,heap     ] GC(280) Eden regions: 827->0(836)
[24.064s][info][gc,heap     ] GC(280) Survivor regions: 39->29(109)
[24.064s][info][gc,heap     ] GC(280) Old regions: 962->973
[24.064s][info][gc,heap     ] GC(280) Humongous regions: 78->78
[24.064s][info][gc,metaspace] GC(280) Metaspace: 1868K(2048K)->1868K(2048K) NonClass: 1723K(1792K)->1723K(1792K) Class: 145K(256K)->145K(256K)
[24.064s][info][gc          ] GC(280) Pause Young (Normal) (G1 Evacuation Pause) 1905M->1078M(2048M) 5.942ms
[24.064s][info][gc,cpu      ] GC(280) User=0.00s Sys=0.00s Real=0.01s
[24.142s][info][gc,start    ] GC(281) Pause Young (Normal) (G1 Evacuation Pause)
[24.142s][info][gc,task     ] GC(281) Using 10 workers of 10 for evacuation
[24.147s][info][gc,phases   ] GC(281)   Pre Evacuate Collection Set: 0.2ms
[24.147s][info][gc,phases   ] GC(281)   Merge Heap Roots: 0.2ms
[24.147s][info][gc,phases   ] GC(281)   Evacuate Collection Set: 3.8ms
[24.147s][info][gc,phases   ] GC(281)   Post Evacuate Collection Set: 0.5ms
[24.147s][info][gc,phases   ] GC(281)   Other: 0.1ms
[24.147s][info][gc,heap     ] GC(281) Eden regions: 836->0(845)
[24.147s][info][gc,heap     ] GC(281) Survivor regions: 29->21(109)
[24.147s][info][gc,heap     ] GC(281) Old regions: 973->980
[24.147s][info][gc,heap     ] GC(281) Humongous regions: 78->78
[24.147s][info][gc,metaspace] GC(281) Metaspace: 1868K(2048K)->1868K(2048K) NonClass: 1723K(1792K)->1723K(1792K) Class: 145K(256K)->145K(256K)
[24.147s][info][gc          ] GC(281) Pause Young (Normal) (G1 Evacuation Pause) 1914M->1078M(2048M) 5.094ms
[24.147s][info][gc,cpu      ] GC(281) User=0.00s Sys=0.00s Real=0.00s
[24.147s][info][gc,marking  ] GC(279) Concurrent Mark From Roots 165.029ms
[24.148s][info][gc,marking  ] GC(279) Concurrent Preclean
[24.148s][info][gc,marking  ] GC(279) Concurrent Preclean 0.024ms
[24.148s][info][gc,start    ] GC(279) Pause Remark
[24.148s][info][gc          ] GC(279) Pause Remark 1082M->1068M(2048M) 0.640ms
[24.148s][info][gc,cpu      ] GC(279) User=0.00s Sys=0.00s Real=0.00s
[24.148s][info][gc,marking  ] GC(279) Concurrent Mark 165.923ms
[24.148s][info][gc,marking  ] GC(279) Concurrent Rebuild Remembered Sets and Scrub Regions
[24.207s][info][gc,marking  ] GC(279) Concurrent Rebuild Remembered Sets and Scrub Regions 58.301ms
[24.207s][info][gc,start    ] GC(279) Pause Cleanup
[24.208s][info][gc          ] GC(279) Pause Cleanup 1681M->1681M(2048M) 0.512ms
[24.208s][info][gc,cpu      ] GC(279) User=0.00s Sys=0.00s Real=0.00s
[24.208s][info][gc,marking  ] GC(279) Concurrent Clear Claimed Marks
[24.208s][info][gc,marking  ] GC(279) Concurrent Clear Claimed Marks 0.034ms
[24.208s][info][gc,marking  ] GC(279) Concurrent Cleanup for Next Mark
[24.214s][info][gc,marking  ] GC(279) Concurrent Cleanup for Next Mark 6.393ms
[24.214s][info][gc          ] GC(279) Concurrent Mark Cycle 233.359ms
[24.232s][info][gc,start    ] GC(282) Pause Young (Prepare Mixed) (G1 Evacuation Pause)
[24.232s][info][gc,task     ] GC(282) Using 10 workers of 10 for evacuation
[24.236s][info][gc,phases   ] GC(282)   Pre Evacuate Collection Set: 0.3ms
[24.236s][info][gc,phases   ] GC(282)   Merge Heap Roots: 0.2ms
[24.236s][info][gc,phases   ] GC(282)   Evacuate Collection Set: 3.1ms
[24.236s][info][gc,phases   ] GC(282)   Post Evacuate Collection Set: 0.6ms
[24.236s][info][gc,phases   ] GC(282)   Other: 0.1ms
[24.236s][info][gc,heap     ] GC(282) Eden regions: 845->0(867)
[24.236s][info][gc,heap     ] GC(282) Survivor regions: 21->13(109)
[24.237s][info][gc,heap     ] GC(282) Old regions: 967->975
[24.237s][info][gc,heap     ] GC(282) Humongous regions: 77->77
[24.237s][info][gc,metaspace] GC(282) Metaspace: 1884K(2048K)->1884K(2048K) NonClass: 1738K(1792K)->1738K(1792K) Class: 146K(256K)->146K(256K)
[24.237s][info][gc          ] GC(282) Pause Young (Prepare Mixed) (G1 Evacuation Pause) 1909M->1064M(2048M) 4.476ms
[24.237s][info][gc,cpu      ] GC(282) User=0.00s Sys=0.00s Real=0.01s
[24.320s][info][gc,start    ] GC(283) Pause Young (Mixed) (G1 Evacuation Pause)
[24.320s][info][gc,task     ] GC(283) Using 10 workers of 10 for evacuation
[24.326s][info][gc,phases   ] GC(283)   Pre Evacuate Collection Set: 0.3ms
[24.326s][info][gc,phases   ] GC(283)   Merge Heap Roots: 0.2ms
[24.326s][info][gc,phases   ] GC(283)   Evacuate Collection Set: 4.4ms
[24.326s][info][gc,phases   ] GC(283)   Post Evacuate Collection Set: 0.7ms
[24.326s][info][gc,phases   ] GC(283)   Other: 0.1ms
[24.326s][info][gc,heap     ] GC(283) Eden regions: 867->0(882)
[24.326s][info][gc,heap     ] GC(283) Survivor regions: 13->13(110)
[24.326s][info][gc,heap     ] GC(283) Old regions: 975->961
[24.326s][info][gc,heap     ] GC(283) Humongous regions: 77->76
[24.326s][info][gc,metaspace] GC(283) Metaspace: 1884K(2048K)->1884K(2048K) NonClass: 1738K(1792K)->1738K(1792K) Class: 146K(256K)->146K(256K)
[24.326s][info][gc          ] GC(283) Pause Young (Mixed) (G1 Evacuation Pause) 1931M->1049M(2048M) 6.051ms
[24.326s][info][gc,cpu      ] GC(283) User=0.00s Sys=0.00s Real=0.01s
[24.411s][info][gc,start    ] GC(284) Pause Young (Concurrent Start) (G1 Evacuation Pause)
[24.411s][info][gc,task     ] GC(284) Using 10 workers of 10 for evacuation
[24.415s][info][gc,phases   ] GC(284)   Pre Evacuate Collection Set: 0.3ms
[24.415s][info][gc,phases   ] GC(284)   Merge Heap Roots: 0.2ms
[24.415s][info][gc,phases   ] GC(284)   Evacuate Collection Set: 2.8ms
[24.415s][info][gc,phases   ] GC(284)   Post Evacuate Collection Set: 0.5ms
[24.415s][info][gc,phases   ] GC(284)   Other: 0.1ms
[24.415s][info][gc,heap     ] GC(284) Eden regions: 882->0(887)
[24.415s][info][gc,heap     ] GC(284) Survivor regions: 13->7(112)
[24.415s][info][gc,heap     ] GC(284) Old regions: 961->968
[24.415s][info][gc,heap     ] GC(284) Humongous regions: 76->76
[24.415s][info][gc,metaspace] GC(284) Metaspace: 1884K(2048K)->1884K(2048K) NonClass: 1738K(1792K)->1738K(1792K) Class: 146K(256K)->146K(256K)
[24.415s][info][gc          ] GC(284) Pause Young (Concurrent Start) (G1 Evacuation Pause) 1931M->1049M(2048M) 4.198ms
[24.415s][info][gc,cpu      ] GC(284) User=0.02s Sys=0.00s Real=0.00s
[24.415s][info][gc          ] GC(285) Concurrent Mark Cycle
[24.415s][info][gc,marking  ] GC(285) Concurrent Scan Root Regions
[24.417s][info][gc,marking  ] GC(285) Concurrent Scan Root Regions 1.546ms
[24.417s][info][gc,marking  ] GC(285) Concurrent Mark
[24.417s][info][gc,marking  ] GC(285) Concurrent Mark From Roots
[24.417s][info][gc,task     ] GC(285) Using 3 workers of 3 for marking
[24.498s][info][gc,start    ] GC(286) Pause Young (Normal) (G1 Evacuation Pause)
[24.498s][info][gc,task     ] GC(286) Using 10 workers of 10 for evacuation
[24.502s][info][gc,phases   ] GC(286)   Pre Evacuate Collection Set: 0.2ms
[24.502s][info][gc,phases   ] GC(286)   Merge Heap Roots: 0.2ms
[24.502s][info][gc,phases   ] GC(286)   Evacuate Collection Set: 2.6ms
[24.502s][info][gc,phases   ] GC(286)   Post Evacuate Collection Set: 0.5ms
[24.502s][info][gc,phases   ] GC(286)   Other: 0.1ms
[24.502s][info][gc,heap     ] GC(286) Eden regions: 887->0(890)
[24.502s][info][gc,heap     ] GC(286) Survivor regions: 7->4(110)
[24.502s][info][gc,heap     ] GC(286) Old regions: 968->971
[24.502s][info][gc,heap     ] GC(286) Humongous regions: 76->76
[24.502s][info][gc,metaspace] GC(286) Metaspace: 1884K(2048K)->1884K(2048K) NonClass: 1738K(1792K)->1738K(1792K) Class: 146K(256K)->146K(256K)
[24.502s][info][gc          ] GC(286) Pause Young (Normal) (G1 Evacuation Pause) 1936M->1050M(2048M) 3.815ms
[24.502s][info][gc,cpu      ] GC(286) User=0.00s Sys=0.00s Real=0.00s
[24.575s][info][gc,marking  ] GC(285) Concurrent Mark From Roots 158.039ms
[24.575s][info][gc,marking  ] GC(285) Concurrent Preclean
[24.575s][info][gc,marking  ] GC(285) Concurrent Preclean 0.061ms
[24.575s][info][gc,start    ] GC(285) Pause Remark
[24.576s][info][gc          ] GC(285) Pause Remark 1841M->1838M(2048M) 0.616ms
[24.576s][info][gc,cpu      ] GC(285) User=0.00s Sys=0.00s Real=0.00s
[24.576s][info][gc,marking  ] GC(285) Concurrent Mark 159.230ms
[24.576s][info][gc,marking  ] GC(285) Concurrent Rebuild Remembered Sets and Scrub Regions
[24.585s][info][gc,start    ] GC(287) Pause Young (Normal) (G1 Evacuation Pause)
[24.586s][info][gc,task     ] GC(287) Using 10 workers of 10 for evacuation
[24.589s][info][gc,phases   ] GC(287)   Pre Evacuate Collection Set: 0.2ms
[24.589s][info][gc,phases   ] GC(287)   Merge Heap Roots: 0.2ms
[24.589s][info][gc,phases   ] GC(287)   Evacuate Collection Set: 2.9ms
[24.589s][info][gc,phases   ] GC(287)   Post Evacuate Collection Set: 0.5ms
[24.589s][info][gc,phases   ] GC(287)   Other: 0.1ms
[24.589s][info][gc,heap     ] GC(287) Eden regions: 890->0(894)
[24.589s][info][gc,heap     ] GC(287) Survivor regions: 4->3(110)
[24.590s][info][gc,heap     ] GC(287) Old regions: 971->972
[24.590s][info][gc,heap     ] GC(287) Humongous regions: 73->73
[24.590s][info][gc,metaspace] GC(287) Metaspace: 1884K(2048K)->1884K(2048K) NonClass: 1738K(1792K)->1738K(1792K) Class: 146K(256K)->146K(256K)
[24.590s][info][gc          ] GC(287) Pause Young (Normal) (G1 Evacuation Pause) 1937M->1047M(2048M) 4.113ms
[24.590s][info][gc,cpu      ] GC(287) User=0.02s Sys=0.00s Real=0.01s
[24.649s][info][gc,marking  ] GC(285) Concurrent Rebuild Remembered Sets and Scrub Regions 72.879ms
[24.649s][info][gc,start    ] GC(285) Pause Cleanup
[24.650s][info][gc          ] GC(285) Pause Cleanup 1688M->1688M(2048M) 0.666ms
[24.650s][info][gc,cpu      ] GC(285) User=0.00s Sys=0.00s Real=0.00s
[24.650s][info][gc,marking  ] GC(285) Concurrent Clear Claimed Marks
[24.650s][info][gc,marking  ] GC(285) Concurrent Clear Claimed Marks 0.049ms
[24.650s][info][gc,marking  ] GC(285) Concurrent Cleanup for Next Mark
[24.658s][info][gc,marking  ] GC(285) Concurrent Cleanup for Next Mark 7.992ms
[24.658s][info][gc          ] GC(285) Concurrent Mark Cycle 243.132ms
[24.677s][info][gc,start    ] GC(288) Pause Young (Prepare Mixed) (G1 Evacuation Pause)
[24.677s][info][gc,task     ] GC(288) Using 10 workers of 10 for evacuation
[24.680s][info][gc,phases   ] GC(288)   Pre Evacuate Collection Set: 0.3ms
[24.680s][info][gc,phases   ] GC(288)   Merge Heap Roots: 0.2ms
[24.681s][info][gc,phases   ] GC(288)   Evacuate Collection Set: 2.7ms
[24.681s][info][gc,phases   ] GC(288)   Post Evacuate Collection Set: 0.5ms
[24.681s][info][gc,phases   ] GC(288)   Other: 0.1ms
[24.681s][info][gc,heap     ] GC(288) Eden regions: 894->0(894)
[24.681s][info][gc,heap     ] GC(288) Survivor regions: 3->3(106)
[24.681s][info][gc,heap     ] GC(288) Old regions: 972->972
[24.681s][info][gc,heap     ] GC(288) Humongous regions: 73->73
[24.681s][info][gc,metaspace] GC(288) Metaspace: 1884K(2048K)->1884K(2048K) NonClass: 1738K(1792K)->1738K(1792K) Class: 146K(256K)->146K(256K)
[24.681s][info][gc          ] GC(288) Pause Young (Prepare Mixed) (G1 Evacuation Pause) 1941M->1047M(2048M) 3.968ms
[24.681s][info][gc,cpu      ] GC(288) User=0.00s Sys=0.00s Real=0.00s
[24.766s][info][gc,start    ] GC(289) Pause Young (Mixed) (G1 Evacuation Pause)
[24.766s][info][gc,task     ] GC(289) Using 10 workers of 10 for evacuation
[24.771s][info][gc,phases   ] GC(289)   Pre Evacuate Collection Set: 0.3ms
[24.771s][info][gc,phases   ] GC(289)   Merge Heap Roots: 0.2ms
[24.771s][info][gc,phases   ] GC(289)   Evacuate Collection Set: 3.8ms
[24.771s][info][gc,phases   ] GC(289)   Post Evacuate Collection Set: 0.5ms
[24.771s][info][gc,phases   ] GC(289)   Other: 0.1ms
[24.771s][info][gc,heap     ] GC(289) Eden regions: 894->0(914)
[24.771s][info][gc,heap     ] GC(289) Survivor regions: 3->3(106)
[24.771s][info][gc,heap     ] GC(289) Old regions: 972->953
[24.771s][info][gc,heap     ] GC(289) Humongous regions: 73->72
[24.771s][info][gc,metaspace] GC(289) Metaspace: 1884K(2048K)->1884K(2048K) NonClass: 1738K(1792K)->1738K(1792K) Class: 146K(256K)->146K(256K)
[24.771s][info][gc          ] GC(289) Pause Young (Mixed) (G1 Evacuation Pause) 1941M->1027M(2048M) 5.131ms
[24.771s][info][gc,cpu      ] GC(289) User=0.00s Sys=0.00s Real=0.01s
[24.859s][info][gc,start    ] GC(290) Pause Young (Concurrent Start) (G1 Evacuation Pause)
[24.859s][info][gc,task     ] GC(290) Using 10 workers of 10 for evacuation
[24.863s][info][gc,phases   ] GC(290)   Pre Evacuate Collection Set: 0.3ms
[24.863s][info][gc,phases   ] GC(290)   Merge Heap Roots: 0.2ms
[24.863s][info][gc,phases   ] GC(290)   Evacuate Collection Set: 2.7ms
[24.863s][info][gc,phases   ] GC(290)   Post Evacuate Collection Set: 0.5ms
[24.863s][info][gc,phases   ] GC(290)   Other: 0.1ms
[24.863s][info][gc,heap     ] GC(290) Eden regions: 914->0(913)
[24.863s][info][gc,heap     ] GC(290) Survivor regions: 3->3(106)
[24.863s][info][gc,heap     ] GC(290) Old regions: 953->954
[24.863s][info][gc,heap     ] GC(290) Humongous regions: 72->72
[24.863s][info][gc,metaspace] GC(290) Metaspace: 1884K(2048K)->1884K(2048K) NonClass: 1738K(1792K)->1738K(1792K) Class: 146K(256K)->146K(256K)
[24.863s][info][gc          ] GC(290) Pause Young (Concurrent Start) (G1 Evacuation Pause) 1941M->1027M(2048M) 4.132ms
[24.863s][info][gc,cpu      ] GC(290) User=0.00s Sys=0.00s Real=0.01s
[24.863s][info][gc          ] GC(291) Concurrent Mark Cycle
[24.863s][info][gc,marking  ] GC(291) Concurrent Scan Root Regions
[24.864s][info][gc,marking  ] GC(291) Concurrent Scan Root Regions 1.343ms
[24.864s][info][gc,marking  ] GC(291) Concurrent Mark
[24.864s][info][gc,marking  ] GC(291) Concurrent Mark From Roots
[24.864s][info][gc,task     ] GC(291) Using 3 workers of 3 for marking
[24.948s][info][gc,start    ] GC(292) Pause Young (Normal) (G1 Evacuation Pause)
[24.948s][info][gc,task     ] GC(292) Using 10 workers of 10 for evacuation
[24.952s][info][gc,phases   ] GC(292)   Pre Evacuate Collection Set: 0.3ms
[24.952s][info][gc,phases   ] GC(292)   Merge Heap Roots: 0.2ms
[24.952s][info][gc,phases   ] GC(292)   Evacuate Collection Set: 2.8ms
[24.952s][info][gc,phases   ] GC(292)   Post Evacuate Collection Set: 0.5ms
[24.952s][info][gc,phases   ] GC(292)   Other: 0.1ms
[24.952s][info][gc,heap     ] GC(292) Eden regions: 913->0(913)
[24.952s][info][gc,heap     ] GC(292) Survivor regions: 3->3(106)
[24.952s][info][gc,heap     ] GC(292) Old regions: 954->954
[24.952s][info][gc,heap     ] GC(292) Humongous regions: 72->72
[24.952s][info][gc,metaspace] GC(292) Metaspace: 1884K(2048K)->1884K(2048K) NonClass: 1738K(1792K)->1738K(1792K) Class: 146K(256K)->146K(256K)
[24.952s][info][gc          ] GC(292) Pause Young (Normal) (G1 Evacuation Pause) 1940M->1027M(2048M) 4.058ms
[24.952s][info][gc,cpu      ] GC(292) User=0.00s Sys=0.00s Real=0.00s
[25.024s][info][gc,marking  ] GC(291) Concurrent Mark From Roots 159.368ms
[25.024s][info][gc,marking  ] GC(291) Concurrent Preclean
[25.024s][info][gc,marking  ] GC(291) Concurrent Preclean 0.044ms
[25.024s][info][gc,start    ] GC(291) Pause Remark
[25.025s][info][gc          ] GC(291) Pause Remark 1798M->1787M(2048M) 0.665ms
[25.025s][info][gc,cpu      ] GC(291) User=0.00s Sys=0.00s Real=0.00s
[25.025s][info][gc,marking  ] GC(291) Concurrent Mark 160.621ms
[25.025s][info][gc,marking  ] GC(291) Concurrent Rebuild Remembered Sets and Scrub Regions
[25.039s][info][gc,start    ] GC(293) Pause Young (Normal) (G1 Evacuation Pause)
[25.039s][info][gc,task     ] GC(293) Using 10 workers of 10 for evacuation
[25.043s][info][gc,phases   ] GC(293)   Pre Evacuate Collection Set: 0.2ms
[25.043s][info][gc,phases   ] GC(293)   Merge Heap Roots: 0.2ms
[25.043s][info][gc,phases   ] GC(293)   Evacuate Collection Set: 3.2ms
[25.043s][info][gc,phases   ] GC(293)   Post Evacuate Collection Set: 0.5ms
[25.043s][info][gc,phases   ] GC(293)   Other: 0.1ms
[25.043s][info][gc,heap     ] GC(293) Eden regions: 913->0(924)
[25.043s][info][gc,heap     ] GC(293) Survivor regions: 3->3(115)
[25.043s][info][gc,heap     ] GC(293) Old regions: 944->944
[25.043s][info][gc,heap     ] GC(293) Humongous regions: 71->71
[25.043s][info][gc,metaspace] GC(293) Metaspace: 1884K(2048K)->1884K(2048K) NonClass: 1738K(1792K)->1738K(1792K) Class: 146K(256K)->146K(256K)
[25.043s][info][gc          ] GC(293) Pause Young (Normal) (G1 Evacuation Pause) 1929M->1017M(2048M) 4.373ms
[25.043s][info][gc,cpu      ] GC(293) User=0.00s Sys=0.00s Real=0.00s
[25.098s][info][gc,marking  ] GC(291) Concurrent Rebuild Remembered Sets and Scrub Regions 73.170ms
[25.099s][info][gc,start    ] GC(291) Pause Cleanup
[25.099s][info][gc          ] GC(291) Pause Cleanup 1620M->1620M(2048M) 0.546ms
[25.099s][info][gc,cpu      ] GC(291) User=0.00s Sys=0.00s Real=0.00s
[25.099s][info][gc,marking  ] GC(291) Concurrent Clear Claimed Marks
[25.099s][info][gc,marking  ] GC(291) Concurrent Clear Claimed Marks 0.038ms
[25.099s][info][gc,marking  ] GC(291) Concurrent Cleanup for Next Mark
[25.107s][info][gc,marking  ] GC(291) Concurrent Cleanup for Next Mark 7.678ms
[25.107s][info][gc          ] GC(291) Concurrent Mark Cycle 244.120ms
[25.132s][info][gc,start    ] GC(294) Pause Young (Prepare Mixed) (G1 Evacuation Pause)
[25.132s][info][gc,task     ] GC(294) Using 10 workers of 10 for evacuation
[25.137s][info][gc,phases   ] GC(294)   Pre Evacuate Collection Set: 0.3ms
[25.137s][info][gc,phases   ] GC(294)   Merge Heap Roots: 0.2ms
[25.137s][info][gc,phases   ] GC(294)   Evacuate Collection Set: 3.2ms
[25.137s][info][gc,phases   ] GC(294)   Post Evacuate Collection Set: 0.5ms
[25.137s][info][gc,phases   ] GC(294)   Other: 0.1ms
[25.137s][info][gc,heap     ] GC(294) Eden regions: 924->0(924)
[25.137s][info][gc,heap     ] GC(294) Survivor regions: 3->3(106)
[25.137s][info][gc,heap     ] GC(294) Old regions: 944->944
[25.137s][info][gc,heap     ] GC(294) Humongous regions: 71->71
[25.137s][info][gc,metaspace] GC(294) Metaspace: 1884K(2048K)->1884K(2048K) NonClass: 1738K(1792K)->1738K(1792K) Class: 146K(256K)->146K(256K)
[25.137s][info][gc          ] GC(294) Pause Young (Prepare Mixed) (G1 Evacuation Pause) 1941M->1017M(2048M) 4.511ms
[25.137s][info][gc,cpu      ] GC(294) User=0.00s Sys=0.00s Real=0.01s
[25.224s][info][gc,start    ] GC(295) Pause Young (Mixed) (G1 Evacuation Pause)
[25.224s][info][gc,task     ] GC(295) Using 10 workers of 10 for evacuation
[25.229s][info][gc,phases   ] GC(295)   Pre Evacuate Collection Set: 0.3ms
[25.229s][info][gc,phases   ] GC(295)   Merge Heap Roots: 0.2ms
[25.229s][info][gc,phases   ] GC(295)   Evacuate Collection Set: 4.1ms
[25.229s][info][gc,phases   ] GC(295)   Post Evacuate Collection Set: 0.5ms
[25.229s][info][gc,phases   ] GC(295)   Other: 0.1ms
[25.229s][info][gc,heap     ] GC(295) Eden regions: 924->0(940)
[25.229s][info][gc,heap     ] GC(295) Survivor regions: 3->3(106)
[25.229s][info][gc,heap     ] GC(295) Old regions: 944->928
[25.229s][info][gc,heap     ] GC(295) Humongous regions: 71->71
[25.229s][info][gc,metaspace] GC(295) Metaspace: 1884K(2048K)->1884K(2048K) NonClass: 1738K(1792K)->1738K(1792K) Class: 146K(256K)->146K(256K)
[25.229s][info][gc          ] GC(295) Pause Young (Mixed) (G1 Evacuation Pause) 1941M->1001M(2048M) 5.483ms
[25.229s][info][gc,cpu      ] GC(295) User=0.02s Sys=0.00s Real=0.01s
[25.318s][info][gc,start    ] GC(296) Pause Young (Concurrent Start) (G1 Evacuation Pause)
[25.318s][info][gc,task     ] GC(296) Using 10 workers of 10 for evacuation
[25.323s][info][gc,phases   ] GC(296)   Pre Evacuate Collection Set: 0.4ms
[25.323s][info][gc,phases   ] GC(296)   Merge Heap Roots: 0.2ms
[25.323s][info][gc,phases   ] GC(296)   Evacuate Collection Set: 3.3ms
[25.323s][info][gc,phases   ] GC(296)   Post Evacuate Collection Set: 0.5ms
[25.323s][info][gc,phases   ] GC(296)   Other: 0.2ms
[25.323s][info][gc,heap     ] GC(296) Eden regions: 940->0(938)
[25.323s][info][gc,heap     ] GC(296) Survivor regions: 3->4(106)
[25.323s][info][gc,heap     ] GC(296) Old regions: 928->928
[25.323s][info][gc,heap     ] GC(296) Humongous regions: 71->71
[25.323s][info][gc,metaspace] GC(296) Metaspace: 1884K(2048K)->1884K(2048K) NonClass: 1738K(1792K)->1738K(1792K) Class: 146K(256K)->146K(256K)
[25.323s][info][gc          ] GC(296) Pause Young (Concurrent Start) (G1 Evacuation Pause) 1941M->1001M(2048M) 4.836ms
[25.323s][info][gc,cpu      ] GC(296) User=0.02s Sys=0.00s Real=0.01s
[25.323s][info][gc          ] GC(297) Concurrent Mark Cycle
[25.323s][info][gc,marking  ] GC(297) Concurrent Scan Root Regions
[25.324s][info][gc,marking  ] GC(297) Concurrent Scan Root Regions 1.311ms
[25.324s][info][gc,marking  ] GC(297) Concurrent Mark
[25.324s][info][gc,marking  ] GC(297) Concurrent Mark From Roots
[25.324s][info][gc,task     ] GC(297) Using 3 workers of 3 for marking
[25.419s][info][gc,start    ] GC(298) Pause Young (Normal) (G1 Evacuation Pause)
[25.419s][info][gc,task     ] GC(298) Using 10 workers of 10 for evacuation
[25.423s][info][gc,phases   ] GC(298)   Pre Evacuate Collection Set: 0.3ms
[25.423s][info][gc,phases   ] GC(298)   Merge Heap Roots: 0.2ms
[25.423s][info][gc,phases   ] GC(298)   Evacuate Collection Set: 3.3ms
[25.423s][info][gc,phases   ] GC(298)   Post Evacuate Collection Set: 0.5ms
[25.423s][info][gc,phases   ] GC(298)   Other: 0.1ms
[25.423s][info][gc,heap     ] GC(298) Eden regions: 938->0(940)
[25.423s][info][gc,heap     ] GC(298) Survivor regions: 4->3(107)
[25.423s][info][gc,heap     ] GC(298) Old regions: 928->928
[25.423s][info][gc,heap     ] GC(298) Humongous regions: 71->71
[25.423s][info][gc,metaspace] GC(298) Metaspace: 1887K(2048K)->1887K(2048K) NonClass: 1740K(1792K)->1740K(1792K) Class: 146K(256K)->146K(256K)
[25.423s][info][gc          ] GC(298) Pause Young (Normal) (G1 Evacuation Pause) 1939M->1001M(2048M) 4.748ms
[25.423s][info][gc,cpu      ] GC(298) User=0.00s Sys=0.00s Real=0.00s
[25.456s][info][gc,marking  ] GC(297) Concurrent Mark From Roots 131.225ms
[25.456s][info][gc,marking  ] GC(297) Concurrent Preclean
[25.456s][info][gc,marking  ] GC(297) Concurrent Preclean 0.049ms
[25.456s][info][gc,start    ] GC(297) Pause Remark
[25.457s][info][gc          ] GC(297) Pause Remark 1355M->1352M(2048M) 0.718ms
[25.457s][info][gc,cpu      ] GC(297) User=0.00s Sys=0.00s Real=0.00s
[25.457s][info][gc,marking  ] GC(297) Concurrent Mark 132.562ms
[25.457s][info][gc,marking  ] GC(297) Concurrent Rebuild Remembered Sets and Scrub Regions
[25.511s][info][gc,start    ] GC(299) Pause Young (Normal) (G1 Evacuation Pause)
[25.511s][info][gc,task     ] GC(299) Using 10 workers of 10 for evacuation
[25.515s][info][gc,phases   ] GC(299)   Pre Evacuate Collection Set: 0.3ms
[25.515s][info][gc,phases   ] GC(299)   Merge Heap Roots: 0.2ms
[25.516s][info][gc,phases   ] GC(299)   Evacuate Collection Set: 3.6ms
[25.516s][info][gc,phases   ] GC(299)   Post Evacuate Collection Set: 0.5ms
[25.516s][info][gc,phases   ] GC(299)   Other: 0.1ms
[25.516s][info][gc,heap     ] GC(299) Eden regions: 940->0(942)
[25.516s][info][gc,heap     ] GC(299) Survivor regions: 3->3(109)
[25.516s][info][gc,heap     ] GC(299) Old regions: 925->926
[25.516s][info][gc,heap     ] GC(299) Humongous regions: 71->71
[25.516s][info][gc,metaspace] GC(299) Metaspace: 1887K(2048K)->1887K(2048K) NonClass: 1740K(1792K)->1740K(1792K) Class: 146K(256K)->146K(256K)
[25.516s][info][gc          ] GC(299) Pause Young (Normal) (G1 Evacuation Pause) 1938M->999M(2048M) 5.043ms
[25.516s][info][gc,cpu      ] GC(299) User=0.00s Sys=0.00s Real=0.00s
[25.528s][info][gc,marking  ] GC(297) Concurrent Rebuild Remembered Sets and Scrub Regions 70.691ms
[25.528s][info][gc,start    ] GC(297) Pause Cleanup
[25.528s][info][gc          ] GC(297) Pause Cleanup 1131M->1131M(2048M) 0.671ms
[25.528s][info][gc,cpu      ] GC(297) User=0.00s Sys=0.00s Real=0.00s
[25.529s][info][gc,marking  ] GC(297) Concurrent Clear Claimed Marks
[25.529s][info][gc,marking  ] GC(297) Concurrent Clear Claimed Marks 0.045ms
[25.529s][info][gc,marking  ] GC(297) Concurrent Cleanup for Next Mark
[25.536s][info][gc,marking  ] GC(297) Concurrent Cleanup for Next Mark 7.684ms
[25.536s][info][gc          ] GC(297) Concurrent Mark Cycle 213.584ms
[25.608s][info][gc,start    ] GC(300) Pause Young (Prepare Mixed) (G1 Evacuation Pause)
[25.608s][info][gc,task     ] GC(300) Using 10 workers of 10 for evacuation
[25.613s][info][gc,phases   ] GC(300)   Pre Evacuate Collection Set: 0.3ms
[25.613s][info][gc,phases   ] GC(300)   Merge Heap Roots: 0.2ms
[25.613s][info][gc,phases   ] GC(300)   Evacuate Collection Set: 3.6ms
[25.613s][info][gc,phases   ] GC(300)   Post Evacuate Collection Set: 0.5ms
[25.613s][info][gc,phases   ] GC(300)   Other: 0.1ms
[25.613s][info][gc,heap     ] GC(300) Eden regions: 942->0(942)
[25.613s][info][gc,heap     ] GC(300) Survivor regions: 3->3(106)
[25.613s][info][gc,heap     ] GC(300) Old regions: 926->926
[25.613s][info][gc,heap     ] GC(300) Humongous regions: 71->71
[25.613s][info][gc,metaspace] GC(300) Metaspace: 1887K(2048K)->1887K(2048K) NonClass: 1740K(1792K)->1740K(1792K) Class: 146K(256K)->146K(256K)
[25.613s][info][gc          ] GC(300) Pause Young (Prepare Mixed) (G1 Evacuation Pause) 1941M->999M(2048M) 5.123ms
[25.613s][info][gc,cpu      ] GC(300) User=0.00s Sys=0.00s Real=0.01s
[25.702s][info][gc,start    ] GC(301) Pause Young (Mixed) (G1 Evacuation Pause)
[25.702s][info][gc,task     ] GC(301) Using 10 workers of 10 for evacuation
[25.707s][info][gc,phases   ] GC(301)   Pre Evacuate Collection Set: 0.3ms
[25.707s][info][gc,phases   ] GC(301)   Merge Heap Roots: 0.2ms
[25.707s][info][gc,phases   ] GC(301)   Evacuate Collection Set: 4.1ms
[25.707s][info][gc,phases   ] GC(301)   Post Evacuate Collection Set: 0.5ms
[25.707s][info][gc,phases   ] GC(301)   Other: 0.1ms
[25.707s][info][gc,heap     ] GC(301) Eden regions: 942->0(961)
[25.707s][info][gc,heap     ] GC(301) Survivor regions: 3->3(106)
[25.708s][info][gc,heap     ] GC(301) Old regions: 926->907
[25.708s][info][gc,heap     ] GC(301) Humongous regions: 71->71
[25.708s][info][gc,metaspace] GC(301) Metaspace: 1887K(2048K)->1887K(2048K) NonClass: 1740K(1792K)->1740K(1792K) Class: 146K(256K)->146K(256K)
[25.708s][info][gc          ] GC(301) Pause Young (Mixed) (G1 Evacuation Pause) 1941M->980M(2048M) 5.520ms
[25.708s][info][gc,cpu      ] GC(301) User=0.00s Sys=0.00s Real=0.01s
[25.798s][info][gc,start    ] GC(302) Pause Young (Concurrent Start) (G1 Evacuation Pause)
[25.799s][info][gc,task     ] GC(302) Using 10 workers of 10 for evacuation
[25.803s][info][gc,phases   ] GC(302)   Pre Evacuate Collection Set: 0.4ms
[25.803s][info][gc,phases   ] GC(302)   Merge Heap Roots: 0.2ms
[25.803s][info][gc,phases   ] GC(302)   Evacuate Collection Set: 3.2ms
[25.803s][info][gc,phases   ] GC(302)   Post Evacuate Collection Set: 0.5ms
[25.803s][info][gc,phases   ] GC(302)   Other: 0.1ms
[25.803s][info][gc,heap     ] GC(302) Eden regions: 961->0(960)
[25.803s][info][gc,heap     ] GC(302) Survivor regions: 3->3(106)
[25.803s][info][gc,heap     ] GC(302) Old regions: 907->908
[25.803s][info][gc,heap     ] GC(302) Humongous regions: 71->71
[25.803s][info][gc,metaspace] GC(302) Metaspace: 1887K(2048K)->1887K(2048K) NonClass: 1740K(1792K)->1740K(1792K) Class: 146K(256K)->146K(256K)
[25.803s][info][gc          ] GC(302) Pause Young (Concurrent Start) (G1 Evacuation Pause) 1941M->981M(2048M) 4.803ms
[25.803s][info][gc,cpu      ] GC(302) User=0.00s Sys=0.00s Real=0.01s
[25.803s][info][gc          ] GC(303) Concurrent Mark Cycle
[25.803s][info][gc,marking  ] GC(303) Concurrent Scan Root Regions
[25.804s][info][gc,marking  ] GC(303) Concurrent Scan Root Regions 1.121ms
[25.804s][info][gc,marking  ] GC(303) Concurrent Mark
[25.805s][info][gc,marking  ] GC(303) Concurrent Mark From Roots
[25.805s][info][gc,task     ] GC(303) Using 3 workers of 3 for marking
[25.894s][info][gc,start    ] GC(304) Pause Young (Normal) (G1 Evacuation Pause)
[25.894s][info][gc,task     ] GC(304) Using 10 workers of 10 for evacuation
[25.898s][info][gc,phases   ] GC(304)   Pre Evacuate Collection Set: 0.3ms
[25.899s][info][gc,phases   ] GC(304)   Merge Heap Roots: 0.2ms
[25.899s][info][gc,phases   ] GC(304)   Evacuate Collection Set: 3.3ms
[25.899s][info][gc,phases   ] GC(304)   Post Evacuate Collection Set: 0.5ms
[25.899s][info][gc,phases   ] GC(304)   Other: 0.1ms
[25.899s][info][gc,heap     ] GC(304) Eden regions: 960->0(958)
[25.899s][info][gc,heap     ] GC(304) Survivor regions: 3->4(106)
[25.899s][info][gc,heap     ] GC(304) Old regions: 908->908
[25.899s][info][gc,heap     ] GC(304) Humongous regions: 71->71
[25.899s][info][gc,metaspace] GC(304) Metaspace: 1887K(2048K)->1887K(2048K) NonClass: 1740K(1792K)->1740K(1792K) Class: 146K(256K)->146K(256K)
[25.899s][info][gc          ] GC(304) Pause Young (Normal) (G1 Evacuation Pause) 1941M->981M(2048M) 4.722ms
[25.899s][info][gc,cpu      ] GC(304) User=0.02s Sys=0.00s Real=0.01s
[25.950s][info][gc,marking  ] GC(303) Concurrent Mark From Roots 145.258ms
[25.950s][info][gc,marking  ] GC(303) Concurrent Preclean
[25.950s][info][gc,marking  ] GC(303) Concurrent Preclean 0.053ms
[25.950s][info][gc,start    ] GC(303) Pause Remark
[25.951s][info][gc          ] GC(303) Pause Remark 1544M->1528M(2048M) 0.872ms
[25.951s][info][gc,cpu      ] GC(303) User=0.00s Sys=0.00s Real=0.00s
[25.951s][info][gc,marking  ] GC(303) Concurrent Mark 146.773ms
[25.951s][info][gc,marking  ] GC(303) Concurrent Rebuild Remembered Sets and Scrub Regions
[25.988s][info][gc,start    ] GC(305) Pause Young (Normal) (G1 Evacuation Pause)
[25.988s][info][gc,task     ] GC(305) Using 10 workers of 10 for evacuation
[25.992s][info][gc,phases   ] GC(305)   Pre Evacuate Collection Set: 0.3ms
[25.993s][info][gc,phases   ] GC(305)   Merge Heap Roots: 0.2ms
[25.993s][info][gc,phases   ] GC(305)   Evacuate Collection Set: 3.7ms
[25.993s][info][gc,phases   ] GC(305)   Post Evacuate Collection Set: 0.5ms
[25.993s][info][gc,phases   ] GC(305)   Other: 0.1ms
[25.993s][info][gc,heap     ] GC(305) Eden regions: 958->0(974)
[25.993s][info][gc,heap     ] GC(305) Survivor regions: 4->4(121)
[25.993s][info][gc,heap     ] GC(305) Old regions: 898->898
[25.993s][info][gc,heap     ] GC(305) Humongous regions: 65->65
[25.993s][info][gc,metaspace] GC(305) Metaspace: 1888K(2048K)->1888K(2048K) NonClass: 1741K(1792K)->1741K(1792K) Class: 146K(256K)->146K(256K)
[25.993s][info][gc          ] GC(305) Pause Young (Normal) (G1 Evacuation Pause) 1923M->965M(2048M) 5.089ms
[25.993s][info][gc,cpu      ] GC(305) User=0.02s Sys=0.00s Real=0.00s
[26.024s][info][gc,marking  ] GC(303) Concurrent Rebuild Remembered Sets and Scrub Regions 72.295ms
[26.024s][info][gc,start    ] GC(303) Pause Cleanup
[26.024s][info][gc          ] GC(303) Pause Cleanup 1305M->1305M(2048M) 0.522ms
[26.024s][info][gc,cpu      ] GC(303) User=0.00s Sys=0.00s Real=0.00s
[26.025s][info][gc,marking  ] GC(303) Concurrent Clear Claimed Marks
[26.025s][info][gc,marking  ] GC(303) Concurrent Clear Claimed Marks 0.042ms
[26.025s][info][gc,marking  ] GC(303) Concurrent Cleanup for Next Mark
[26.032s][info][gc,marking  ] GC(303) Concurrent Cleanup for Next Mark 7.364ms
[26.032s][info][gc          ] GC(303) Concurrent Mark Cycle 228.822ms
[26.087s][info][gc,start    ] GC(306) Pause Young (Prepare Mixed) (G1 Evacuation Pause)
[26.087s][info][gc,task     ] GC(306) Using 10 workers of 10 for evacuation
[26.092s][info][gc,phases   ] GC(306)   Pre Evacuate Collection Set: 0.3ms
[26.092s][info][gc,phases   ] GC(306)   Merge Heap Roots: 0.2ms
[26.092s][info][gc,phases   ] GC(306)   Evacuate Collection Set: 3.4ms
[26.092s][info][gc,phases   ] GC(306)   Post Evacuate Collection Set: 0.5ms
[26.092s][info][gc,phases   ] GC(306)   Other: 0.1ms
[26.092s][info][gc,heap     ] GC(306) Eden regions: 974->0(974)
[26.092s][info][gc,heap     ] GC(306) Survivor regions: 4->4(107)
[26.092s][info][gc,heap     ] GC(306) Old regions: 898->898
[26.092s][info][gc,heap     ] GC(306) Humongous regions: 65->65
[26.092s][info][gc,metaspace] GC(306) Metaspace: 1888K(2048K)->1888K(2048K) NonClass: 1741K(1792K)->1741K(1792K) Class: 146K(256K)->146K(256K)
[26.092s][info][gc          ] GC(306) Pause Young (Prepare Mixed) (G1 Evacuation Pause) 1939M->965M(2048M) 4.935ms
[26.092s][info][gc,cpu      ] GC(306) User=0.00s Sys=0.00s Real=0.01s
[26.184s][info][gc,start    ] GC(307) Pause Young (Mixed) (G1 Evacuation Pause)
[26.184s][info][gc,task     ] GC(307) Using 10 workers of 10 for evacuation
[26.189s][info][gc,phases   ] GC(307)   Pre Evacuate Collection Set: 0.3ms
[26.189s][info][gc,phases   ] GC(307)   Merge Heap Roots: 0.2ms
[26.189s][info][gc,phases   ] GC(307)   Evacuate Collection Set: 4.0ms
[26.189s][info][gc,phases   ] GC(307)   Post Evacuate Collection Set: 0.5ms
[26.189s][info][gc,phases   ] GC(307)   Other: 0.1ms
[26.189s][info][gc,heap     ] GC(307) Eden regions: 974->0(992)
[26.189s][info][gc,heap     ] GC(307) Survivor regions: 4->4(107)
[26.189s][info][gc,heap     ] GC(307) Old regions: 898->880
[26.189s][info][gc,heap     ] GC(307) Humongous regions: 65->65
[26.189s][info][gc,metaspace] GC(307) Metaspace: 1888K(2048K)->1888K(2048K) NonClass: 1741K(1792K)->1741K(1792K) Class: 146K(256K)->146K(256K)
[26.189s][info][gc          ] GC(307) Pause Young (Mixed) (G1 Evacuation Pause) 1939M->947M(2048M) 5.360ms
[26.190s][info][gc,cpu      ] GC(307) User=0.00s Sys=0.00s Real=0.01s
[26.283s][info][gc,start    ] GC(308) Pause Young (Concurrent Start) (G1 Evacuation Pause)
[26.283s][info][gc,task     ] GC(308) Using 10 workers of 10 for evacuation
[26.288s][info][gc,phases   ] GC(308)   Pre Evacuate Collection Set: 0.3ms
[26.288s][info][gc,phases   ] GC(308)   Merge Heap Roots: 0.2ms
[26.288s][info][gc,phases   ] GC(308)   Evacuate Collection Set: 3.3ms
[26.288s][info][gc,phases   ] GC(308)   Post Evacuate Collection Set: 0.5ms
[26.288s][info][gc,phases   ] GC(308)   Other: 0.1ms
[26.288s][info][gc,heap     ] GC(308) Eden regions: 992->0(992)
[26.288s][info][gc,heap     ] GC(308) Survivor regions: 4->4(107)
[26.288s][info][gc,heap     ] GC(308) Old regions: 880->880
[26.288s][info][gc,heap     ] GC(308) Humongous regions: 65->65
[26.288s][info][gc,metaspace] GC(308) Metaspace: 1888K(2048K)->1888K(2048K) NonClass: 1741K(1792K)->1741K(1792K) Class: 146K(256K)->146K(256K)
[26.288s][info][gc          ] GC(308) Pause Young (Concurrent Start) (G1 Evacuation Pause) 1939M->948M(2048M) 4.776ms
[26.288s][info][gc,cpu      ] GC(308) User=0.00s Sys=0.00s Real=0.00s
[26.288s][info][gc          ] GC(309) Concurrent Mark Cycle
[26.288s][info][gc,marking  ] GC(309) Concurrent Scan Root Regions
[26.289s][info][gc,marking  ] GC(309) Concurrent Scan Root Regions 1.298ms
[26.289s][info][gc,marking  ] GC(309) Concurrent Mark
[26.289s][info][gc,marking  ] GC(309) Concurrent Mark From Roots
[26.289s][info][gc,task     ] GC(309) Using 3 workers of 3 for marking
[26.379s][info][gc,start    ] GC(310) Pause Young (Normal) (G1 Evacuation Pause)
[26.380s][info][gc,task     ] GC(310) Using 10 workers of 10 for evacuation
[26.384s][info][gc,phases   ] GC(310)   Pre Evacuate Collection Set: 0.2ms
[26.385s][info][gc,phases   ] GC(310)   Merge Heap Roots: 0.2ms
[26.385s][info][gc,phases   ] GC(310)   Evacuate Collection Set: 3.7ms
[26.385s][info][gc,phases   ] GC(310)   Post Evacuate Collection Set: 0.6ms
[26.385s][info][gc,phases   ] GC(310)   Other: 0.1ms
[26.385s][info][gc,heap     ] GC(310) Eden regions: 992->0(991)
[26.385s][info][gc,heap     ] GC(310) Survivor regions: 4->4(107)
[26.385s][info][gc,heap     ] GC(310) Old regions: 880->881
[26.385s][info][gc,heap     ] GC(310) Humongous regions: 65->65
[26.385s][info][gc,metaspace] GC(310) Metaspace: 1888K(2048K)->1888K(2048K) NonClass: 1741K(1792K)->1741K(1792K) Class: 146K(256K)->146K(256K)
[26.385s][info][gc          ] GC(310) Pause Young (Normal) (G1 Evacuation Pause) 1940M->948M(2048M) 5.195ms
[26.385s][info][gc,cpu      ] GC(310) User=0.00s Sys=0.00s Real=0.00s
[26.438s][info][gc,marking  ] GC(309) Concurrent Mark From Roots 148.436ms
[26.438s][info][gc,marking  ] GC(309) Concurrent Preclean
[26.438s][info][gc,marking  ] GC(309) Concurrent Preclean 0.051ms
[26.438s][info][gc,start    ] GC(309) Pause Remark
[26.439s][info][gc          ] GC(309) Pause Remark 1511M->1506M(2048M) 0.690ms
[26.439s][info][gc,cpu      ] GC(309) User=0.00s Sys=0.00s Real=0.00s
[26.439s][info][gc,marking  ] GC(309) Concurrent Mark 149.751ms
[26.439s][info][gc,marking  ] GC(309) Concurrent Rebuild Remembered Sets and Scrub Regions
[26.478s][info][gc,start    ] GC(311) Pause Young (Normal) (G1 Evacuation Pause)
[26.479s][info][gc,task     ] GC(311) Using 10 workers of 10 for evacuation
[26.484s][info][gc,phases   ] GC(311)   Pre Evacuate Collection Set: 0.3ms
[26.484s][info][gc,phases   ] GC(311)   Merge Heap Roots: 0.2ms
[26.484s][info][gc,phases   ] GC(311)   Evacuate Collection Set: 3.9ms
[26.484s][info][gc,phases   ] GC(311)   Post Evacuate Collection Set: 0.6ms
[26.484s][info][gc,phases   ] GC(311)   Other: 0.1ms
[26.484s][info][gc,heap     ] GC(311) Eden regions: 991->0(998)
[26.484s][info][gc,heap     ] GC(311) Survivor regions: 4->3(112)
[26.484s][info][gc,heap     ] GC(311) Old regions: 879->879
[26.484s][info][gc,heap     ] GC(311) Humongous regions: 62->62
[26.484s][info][gc,metaspace] GC(311) Metaspace: 1888K(2048K)->1888K(2048K) NonClass: 1741K(1792K)->1741K(1792K) Class: 146K(256K)->146K(256K)
[26.484s][info][gc          ] GC(311) Pause Young (Normal) (G1 Evacuation Pause) 1934M->943M(2048M) 5.358ms
[26.484s][info][gc,cpu      ] GC(311) User=0.00s Sys=0.00s Real=0.01s
[26.512s][info][gc,marking  ] GC(309) Concurrent Rebuild Remembered Sets and Scrub Regions 73.129ms
[26.513s][info][gc,start    ] GC(309) Pause Cleanup
[26.513s][info][gc          ] GC(309) Pause Cleanup 1253M->1253M(2048M) 0.541ms
[26.513s][info][gc,cpu      ] GC(309) User=0.00s Sys=0.00s Real=0.00s
[26.513s][info][gc,marking  ] GC(309) Concurrent Clear Claimed Marks
[26.513s][info][gc,marking  ] GC(309) Concurrent Clear Claimed Marks 0.045ms
[26.513s][info][gc,marking  ] GC(309) Concurrent Cleanup for Next Mark
[26.520s][info][gc,marking  ] GC(309) Concurrent Cleanup for Next Mark 6.703ms
[26.520s][info][gc          ] GC(309) Concurrent Mark Cycle 232.243ms
[26.581s][info][gc,start    ] GC(312) Pause Young (Prepare Mixed) (G1 Evacuation Pause)
[26.581s][info][gc,task     ] GC(312) Using 10 workers of 10 for evacuation
[26.586s][info][gc,phases   ] GC(312)   Pre Evacuate Collection Set: 0.3ms
[26.586s][info][gc,phases   ] GC(312)   Merge Heap Roots: 0.3ms
[26.586s][info][gc,phases   ] GC(312)   Evacuate Collection Set: 3.9ms
[26.586s][info][gc,phases   ] GC(312)   Post Evacuate Collection Set: 0.6ms
[26.586s][info][gc,phases   ] GC(312)   Other: 0.1ms
[26.586s][info][gc,heap     ] GC(312) Eden regions: 998->0(998)
[26.587s][info][gc,heap     ] GC(312) Survivor regions: 3->3(106)
[26.587s][info][gc,heap     ] GC(312) Old regions: 879->879
[26.587s][info][gc,heap     ] GC(312) Humongous regions: 62->62
[26.587s][info][gc,metaspace] GC(312) Metaspace: 1888K(2048K)->1888K(2048K) NonClass: 1741K(1792K)->1741K(1792K) Class: 146K(256K)->146K(256K)
[26.587s][info][gc          ] GC(312) Pause Young (Prepare Mixed) (G1 Evacuation Pause) 1941M->943M(2048M) 5.499ms
[26.587s][info][gc,cpu      ] GC(312) User=0.02s Sys=0.00s Real=0.01s
[26.681s][info][gc,start    ] GC(313) Pause Young (Mixed) (G1 Evacuation Pause)
[26.681s][info][gc,task     ] GC(313) Using 10 workers of 10 for evacuation
[26.686s][info][gc,phases   ] GC(313)   Pre Evacuate Collection Set: 0.3ms
[26.686s][info][gc,phases   ] GC(313)   Merge Heap Roots: 0.2ms
[26.686s][info][gc,phases   ] GC(313)   Evacuate Collection Set: 4.1ms
[26.686s][info][gc,phases   ] GC(313)   Post Evacuate Collection Set: 0.5ms
[26.686s][info][gc,phases   ] GC(313)   Other: 0.1ms
[26.686s][info][gc,heap     ] GC(313) Eden regions: 998->0(1020)
[26.686s][info][gc,heap     ] GC(313) Survivor regions: 3->3(106)
[26.686s][info][gc,heap     ] GC(313) Old regions: 879->859
[26.686s][info][gc,heap     ] GC(313) Humongous regions: 62->60
[26.686s][info][gc,metaspace] GC(313) Metaspace: 1888K(2048K)->1888K(2048K) NonClass: 1741K(1792K)->1741K(1792K) Class: 146K(256K)->146K(256K)
[26.686s][info][gc          ] GC(313) Pause Young (Mixed) (G1 Evacuation Pause) 1941M->921M(2048M) 5.617ms
[26.686s][info][gc,cpu      ] GC(313) User=0.00s Sys=0.00s Real=0.00s
[26.783s][info][gc,start    ] GC(314) Pause Young (Concurrent Start) (G1 Evacuation Pause)
[26.783s][info][gc,task     ] GC(314) Using 10 workers of 10 for evacuation
[26.788s][info][gc,phases   ] GC(314)   Pre Evacuate Collection Set: 0.4ms
[26.788s][info][gc,phases   ] GC(314)   Merge Heap Roots: 0.2ms
[26.788s][info][gc,phases   ] GC(314)   Evacuate Collection Set: 3.6ms
[26.788s][info][gc,phases   ] GC(314)   Post Evacuate Collection Set: 0.5ms
[26.788s][info][gc,phases   ] GC(314)   Other: 0.1ms
[26.788s][info][gc,heap     ] GC(314) Eden regions: 1020->0(1018)
[26.788s][info][gc,heap     ] GC(314) Survivor regions: 3->4(106)
[26.788s][info][gc,heap     ] GC(314) Old regions: 859->859
[26.788s][info][gc,heap     ] GC(314) Humongous regions: 60->60
[26.788s][info][gc,metaspace] GC(314) Metaspace: 1888K(2048K)->1888K(2048K) NonClass: 1741K(1792K)->1741K(1792K) Class: 146K(256K)->146K(256K)
[26.788s][info][gc          ] GC(314) Pause Young (Concurrent Start) (G1 Evacuation Pause) 1941M->921M(2048M) 5.179ms
[26.788s][info][gc,cpu      ] GC(314) User=0.00s Sys=0.00s Real=0.01s
[26.788s][info][gc          ] GC(315) Concurrent Mark Cycle
[26.788s][info][gc,marking  ] GC(315) Concurrent Scan Root Regions
[26.789s][info][gc,marking  ] GC(315) Concurrent Scan Root Regions 1.227ms
[26.790s][info][gc,marking  ] GC(315) Concurrent Mark
[26.790s][info][gc,marking  ] GC(315) Concurrent Mark From Roots
[26.790s][info][gc,task     ] GC(315) Using 3 workers of 3 for marking
[26.882s][info][gc,start    ] GC(316) Pause Young (Normal) (G1 Evacuation Pause)
[26.882s][info][gc,task     ] GC(316) Using 10 workers of 10 for evacuation
[26.886s][info][gc,phases   ] GC(316)   Pre Evacuate Collection Set: 0.3ms
[26.886s][info][gc,phases   ] GC(316)   Merge Heap Roots: 0.2ms
[26.886s][info][gc,phases   ] GC(316)   Evacuate Collection Set: 3.3ms
[26.886s][info][gc,phases   ] GC(316)   Post Evacuate Collection Set: 0.5ms
[26.886s][info][gc,phases   ] GC(316)   Other: 0.1ms
[26.887s][info][gc,heap     ] GC(316) Eden regions: 1018->0(1018)
[26.887s][info][gc,heap     ] GC(316) Survivor regions: 4->4(107)
[26.887s][info][gc,heap     ] GC(316) Old regions: 859->859
[26.887s][info][gc,heap     ] GC(316) Humongous regions: 60->60
[26.887s][info][gc,metaspace] GC(316) Metaspace: 1888K(2048K)->1888K(2048K) NonClass: 1741K(1792K)->1741K(1792K) Class: 146K(256K)->146K(256K)
[26.887s][info][gc          ] GC(316) Pause Young (Normal) (G1 Evacuation Pause) 1939M->921M(2048M) 4.692ms
[26.887s][info][gc,cpu      ] GC(316) User=0.00s Sys=0.00s Real=0.00s
[26.941s][info][gc,marking  ] GC(315) Concurrent Mark From Roots 151.187ms
[26.941s][info][gc,marking  ] GC(315) Concurrent Preclean
[26.941s][info][gc,marking  ] GC(315) Concurrent Preclean 0.043ms
[26.941s][info][gc,start    ] GC(315) Pause Remark
[26.942s][info][gc          ] GC(315) Pause Remark 1495M->1491M(2048M) 0.700ms
[26.942s][info][gc,cpu      ] GC(315) User=0.00s Sys=0.00s Real=0.00s
[26.942s][info][gc,marking  ] GC(315) Concurrent Mark 152.420ms
[26.942s][info][gc,marking  ] GC(315) Concurrent Rebuild Remembered Sets and Scrub Regions
[26.983s][info][gc,start    ] GC(317) Pause Young (Normal) (G1 Evacuation Pause)
[26.983s][info][gc,task     ] GC(317) Using 10 workers of 10 for evacuation
[26.988s][info][gc,phases   ] GC(317)   Pre Evacuate Collection Set: 0.3ms
[26.988s][info][gc,phases   ] GC(317)   Merge Heap Roots: 0.2ms
[26.988s][info][gc,phases   ] GC(317)   Evacuate Collection Set: 3.8ms
[26.988s][info][gc,phases   ] GC(317)   Post Evacuate Collection Set: 0.6ms
[26.988s][info][gc,phases   ] GC(317)   Other: 0.1ms
[26.988s][info][gc,heap     ] GC(317) Eden regions: 1018->0(1021)
[26.988s][info][gc,heap     ] GC(317) Survivor regions: 4->4(111)
[26.988s][info][gc,heap     ] GC(317) Old regions: 856->857
[26.988s][info][gc,heap     ] GC(317) Humongous regions: 59->59
[26.988s][info][gc,metaspace] GC(317) Metaspace: 1888K(2048K)->1888K(2048K) NonClass: 1741K(1792K)->1741K(1792K) Class: 146K(256K)->146K(256K)
[26.988s][info][gc          ] GC(317) Pause Young (Normal) (G1 Evacuation Pause) 1935M->918M(2048M) 5.249ms
[26.988s][info][gc,cpu      ] GC(317) User=0.00s Sys=0.00s Real=0.01s
[27.017s][info][gc,marking  ] GC(315) Concurrent Rebuild Remembered Sets and Scrub Regions 74.551ms
[27.017s][info][gc,start    ] GC(315) Pause Cleanup
[27.017s][info][gc          ] GC(315) Pause Cleanup 1231M->1231M(2048M) 0.526ms
[27.017s][info][gc,cpu      ] GC(315) User=0.00s Sys=0.00s Real=0.00s
[27.018s][info][gc,marking  ] GC(315) Concurrent Clear Claimed Marks
[27.018s][info][gc,marking  ] GC(315) Concurrent Clear Claimed Marks 0.046ms
[27.018s][info][gc,marking  ] GC(315) Concurrent Cleanup for Next Mark
[27.025s][info][gc,marking  ] GC(315) Concurrent Cleanup for Next Mark 7.510ms
[27.025s][info][gc          ] GC(315) Concurrent Mark Cycle 236.997ms
[27.087s][info][gc,start    ] GC(318) Pause Young (Prepare Mixed) (G1 Evacuation Pause)
[27.087s][info][gc,task     ] GC(318) Using 10 workers of 10 for evacuation
[27.092s][info][gc,phases   ] GC(318)   Pre Evacuate Collection Set: 0.3ms
[27.092s][info][gc,phases   ] GC(318)   Merge Heap Roots: 0.2ms
[27.092s][info][gc,phases   ] GC(318)   Evacuate Collection Set: 3.4ms
[27.092s][info][gc,phases   ] GC(318)   Post Evacuate Collection Set: 0.6ms
[27.092s][info][gc,phases   ] GC(318)   Other: 0.1ms
[27.092s][info][gc,heap     ] GC(318) Eden regions: 1021->0(1021)
[27.092s][info][gc,heap     ] GC(318) Survivor regions: 4->4(107)
[27.092s][info][gc,heap     ] GC(318) Old regions: 857->857
[27.092s][info][gc,heap     ] GC(318) Humongous regions: 59->59
[27.092s][info][gc,metaspace] GC(318) Metaspace: 1888K(2048K)->1888K(2048K) NonClass: 1741K(1792K)->1741K(1792K) Class: 146K(256K)->146K(256K)
[27.092s][info][gc          ] GC(318) Pause Young (Prepare Mixed) (G1 Evacuation Pause) 1939M->918M(2048M) 4.859ms
[27.092s][info][gc,cpu      ] GC(318) User=0.00s Sys=0.00s Real=0.00s
[27.188s][info][gc,start    ] GC(319) Pause Young (Mixed) (G1 Evacuation Pause)
[27.188s][info][gc,task     ] GC(319) Using 10 workers of 10 for evacuation
[27.193s][info][gc,phases   ] GC(319)   Pre Evacuate Collection Set: 0.3ms
[27.193s][info][gc,phases   ] GC(319)   Merge Heap Roots: 0.2ms
[27.193s][info][gc,phases   ] GC(319)   Evacuate Collection Set: 3.5ms
[27.193s][info][gc,phases   ] GC(319)   Post Evacuate Collection Set: 0.5ms
[27.193s][info][gc,phases   ] GC(319)   Other: 0.1ms
[27.193s][info][gc,heap     ] GC(319) Eden regions: 1021->0(1043)
[27.193s][info][gc,heap     ] GC(319) Survivor regions: 4->4(107)
[27.193s][info][gc,heap     ] GC(319) Old regions: 857->835
[27.193s][info][gc,heap     ] GC(319) Humongous regions: 59->59
[27.193s][info][gc,metaspace] GC(319) Metaspace: 1888K(2048K)->1888K(2048K) NonClass: 1741K(1792K)->1741K(1792K) Class: 146K(256K)->146K(256K)
[27.193s][info][gc          ] GC(319) Pause Young (Mixed) (G1 Evacuation Pause) 1939M->896M(2048M) 4.860ms
[27.193s][info][gc,cpu      ] GC(319) User=0.00s Sys=0.00s Real=0.00s
[27.292s][info][gc,start    ] GC(320) Pause Young (Concurrent Start) (G1 Evacuation Pause)
[27.292s][info][gc,task     ] GC(320) Using 10 workers of 10 for evacuation
[27.297s][info][gc,phases   ] GC(320)   Pre Evacuate Collection Set: 0.3ms
[27.297s][info][gc,phases   ] GC(320)   Merge Heap Roots: 0.2ms
[27.297s][info][gc,phases   ] GC(320)   Evacuate Collection Set: 3.5ms
[27.297s][info][gc,phases   ] GC(320)   Post Evacuate Collection Set: 0.5ms
[27.297s][info][gc,phases   ] GC(320)   Other: 0.1ms
[27.297s][info][gc,heap     ] GC(320) Eden regions: 1043->0(1043)
[27.297s][info][gc,heap     ] GC(320) Survivor regions: 4->4(107)
[27.297s][info][gc,heap     ] GC(320) Old regions: 835->835
[27.297s][info][gc,heap     ] GC(320) Humongous regions: 59->59
[27.297s][info][gc,metaspace] GC(320) Metaspace: 1888K(2048K)->1888K(2048K) NonClass: 1741K(1792K)->1741K(1792K) Class: 146K(256K)->146K(256K)
[27.297s][info][gc          ] GC(320) Pause Young (Concurrent Start) (G1 Evacuation Pause) 1939M->897M(2048M) 4.916ms
[27.297s][info][gc,cpu      ] GC(320) User=0.00s Sys=0.00s Real=0.01s
[27.297s][info][gc          ] GC(321) Concurrent Mark Cycle
[27.297s][info][gc,marking  ] GC(321) Concurrent Scan Root Regions
[27.298s][info][gc,marking  ] GC(321) Concurrent Scan Root Regions 1.374ms
[27.298s][info][gc,marking  ] GC(321) Concurrent Mark
[27.298s][info][gc,marking  ] GC(321) Concurrent Mark From Roots
[27.298s][info][gc,task     ] GC(321) Using 3 workers of 3 for marking
[27.393s][info][gc,start    ] GC(322) Pause Young (Normal) (G1 Evacuation Pause)
[27.393s][info][gc,task     ] GC(322) Using 10 workers of 10 for evacuation
[27.398s][info][gc,phases   ] GC(322)   Pre Evacuate Collection Set: 0.2ms
[27.398s][info][gc,phases   ] GC(322)   Merge Heap Roots: 0.2ms
[27.398s][info][gc,phases   ] GC(322)   Evacuate Collection Set: 3.8ms
[27.398s][info][gc,phases   ] GC(322)   Post Evacuate Collection Set: 0.6ms
[27.398s][info][gc,phases   ] GC(322)   Other: 0.1ms
[27.398s][info][gc,heap     ] GC(322) Eden regions: 1043->0(1042)
[27.398s][info][gc,heap     ] GC(322) Survivor regions: 4->4(107)
[27.398s][info][gc,heap     ] GC(322) Old regions: 835->836
[27.398s][info][gc,heap     ] GC(322) Humongous regions: 59->59
[27.398s][info][gc,metaspace] GC(322) Metaspace: 1888K(2048K)->1888K(2048K) NonClass: 1741K(1792K)->1741K(1792K) Class: 146K(256K)->146K(256K)
[27.399s][info][gc          ] GC(322) Pause Young (Normal) (G1 Evacuation Pause) 1940M->897M(2048M) 5.204ms
[27.399s][info][gc,cpu      ] GC(322) User=0.00s Sys=0.00s Real=0.01s
[27.448s][info][gc,marking  ] GC(321) Concurrent Mark From Roots 149.698ms
[27.448s][info][gc,marking  ] GC(321) Concurrent Preclean
[27.448s][info][gc,marking  ] GC(321) Concurrent Preclean 0.042ms
[27.448s][info][gc,start    ] GC(321) Pause Remark
[27.449s][info][gc          ] GC(321) Pause Remark 1423M->1413M(2048M) 0.721ms
[27.449s][info][gc,cpu      ] GC(321) User=0.00s Sys=0.00s Real=0.00s
[27.449s][info][gc,marking  ] GC(321) Concurrent Mark 150.919ms
[27.449s][info][gc,marking  ] GC(321) Concurrent Rebuild Remembered Sets and Scrub Regions
[27.497s][info][gc,start    ] GC(323) Pause Young (Normal) (G1 Evacuation Pause)
[27.497s][info][gc,task     ] GC(323) Using 10 workers of 10 for evacuation
[27.502s][info][gc,phases   ] GC(323)   Pre Evacuate Collection Set: 0.3ms
[27.502s][info][gc,phases   ] GC(323)   Merge Heap Roots: 0.2ms
[27.502s][info][gc,phases   ] GC(323)   Evacuate Collection Set: 3.7ms
[27.502s][info][gc,phases   ] GC(323)   Post Evacuate Collection Set: 0.6ms
[27.502s][info][gc,phases   ] GC(323)   Other: 0.1ms
[27.502s][info][gc,heap     ] GC(323) Eden regions: 1042->0(1052)
[27.502s][info][gc,heap     ] GC(323) Survivor regions: 4->4(117)
[27.502s][info][gc,heap     ] GC(323) Old regions: 829->829
[27.502s][info][gc,heap     ] GC(323) Humongous regions: 56->56
[27.502s][info][gc,metaspace] GC(323) Metaspace: 1888K(2048K)->1888K(2048K) NonClass: 1741K(1792K)->1741K(1792K) Class: 146K(256K)->146K(256K)
[27.502s][info][gc          ] GC(323) Pause Young (Normal) (G1 Evacuation Pause) 1929M->887M(2048M) 5.192ms
[27.502s][info][gc,cpu      ] GC(323) User=0.00s Sys=0.00s Real=0.01s
[27.524s][info][gc,marking  ] GC(321) Concurrent Rebuild Remembered Sets and Scrub Regions 74.856ms
[27.524s][info][gc,start    ] GC(321) Pause Cleanup
[27.525s][info][gc          ] GC(321) Pause Cleanup 1131M->1131M(2048M) 0.533ms
[27.525s][info][gc,cpu      ] GC(321) User=0.00s Sys=0.00s Real=0.00s
[27.525s][info][gc,marking  ] GC(321) Concurrent Clear Claimed Marks
[27.525s][info][gc,marking  ] GC(321) Concurrent Clear Claimed Marks 0.052ms
[27.525s][info][gc,marking  ] GC(321) Concurrent Cleanup for Next Mark
[27.533s][info][gc,marking  ] GC(321) Concurrent Cleanup for Next Mark 7.477ms
[27.533s][info][gc          ] GC(321) Concurrent Mark Cycle 235.961ms
[27.604s][info][gc,start    ] GC(324) Pause Young (Prepare Mixed) (G1 Evacuation Pause)
[27.604s][info][gc,task     ] GC(324) Using 10 workers of 10 for evacuation
[27.609s][info][gc,phases   ] GC(324)   Pre Evacuate Collection Set: 0.3ms
[27.609s][info][gc,phases   ] GC(324)   Merge Heap Roots: 0.2ms
[27.609s][info][gc,phases   ] GC(324)   Evacuate Collection Set: 3.6ms
[27.609s][info][gc,phases   ] GC(324)   Post Evacuate Collection Set: 0.5ms
[27.609s][info][gc,phases   ] GC(324)   Other: 0.1ms
[27.609s][info][gc,heap     ] GC(324) Eden regions: 1052->0(1052)
[27.609s][info][gc,heap     ] GC(324) Survivor regions: 4->4(107)
[27.609s][info][gc,heap     ] GC(324) Old regions: 829->829
[27.609s][info][gc,heap     ] GC(324) Humongous regions: 56->56
[27.609s][info][gc,metaspace] GC(324) Metaspace: 1888K(2048K)->1888K(2048K) NonClass: 1741K(1792K)->1741K(1792K) Class: 146K(256K)->146K(256K)
[27.609s][info][gc          ] GC(324) Pause Young (Prepare Mixed) (G1 Evacuation Pause) 1939M->887M(2048M) 4.978ms
[27.609s][info][gc,cpu      ] GC(324) User=0.00s Sys=0.00s Real=0.01s
[27.708s][info][gc,start    ] GC(325) Pause Young (Mixed) (G1 Evacuation Pause)
[27.709s][info][gc,task     ] GC(325) Using 10 workers of 10 for evacuation
[27.713s][info][gc,phases   ] GC(325)   Pre Evacuate Collection Set: 0.3ms
[27.714s][info][gc,phases   ] GC(325)   Merge Heap Roots: 0.2ms
[27.714s][info][gc,phases   ] GC(325)   Evacuate Collection Set: 3.7ms
[27.714s][info][gc,phases   ] GC(325)   Post Evacuate Collection Set: 0.5ms
[27.714s][info][gc,phases   ] GC(325)   Other: 0.1ms
[27.714s][info][gc,heap     ] GC(325) Eden regions: 1052->0(1074)
[27.714s][info][gc,heap     ] GC(325) Survivor regions: 4->4(107)
[27.714s][info][gc,heap     ] GC(325) Old regions: 829->808
[27.714s][info][gc,heap     ] GC(325) Humongous regions: 56->55
[27.714s][info][gc,metaspace] GC(325) Metaspace: 1888K(2048K)->1888K(2048K) NonClass: 1741K(1792K)->1741K(1792K) Class: 146K(256K)->146K(256K)
[27.714s][info][gc          ] GC(325) Pause Young (Mixed) (G1 Evacuation Pause) 1939M->865M(2048M) 5.199ms
[27.714s][info][gc,cpu      ] GC(325) User=0.02s Sys=0.00s Real=0.00s
[27.815s][info][gc,start    ] GC(326) Pause Young (Concurrent Start) (G1 Evacuation Pause)
[27.815s][info][gc,task     ] GC(326) Using 10 workers of 10 for evacuation
[27.820s][info][gc,phases   ] GC(326)   Pre Evacuate Collection Set: 0.4ms
[27.820s][info][gc,phases   ] GC(326)   Merge Heap Roots: 0.2ms
[27.820s][info][gc,phases   ] GC(326)   Evacuate Collection Set: 3.3ms
[27.820s][info][gc,phases   ] GC(326)   Post Evacuate Collection Set: 0.5ms
[27.820s][info][gc,phases   ] GC(326)   Other: 0.1ms
[27.820s][info][gc,heap     ] GC(326) Eden regions: 1074->0(1076)
[27.820s][info][gc,heap     ] GC(326) Survivor regions: 4->3(107)
[27.820s][info][gc,heap     ] GC(326) Old regions: 808->808
[27.820s][info][gc,heap     ] GC(326) Humongous regions: 55->55
[27.820s][info][gc,metaspace] GC(326) Metaspace: 1888K(2048K)->1888K(2048K) NonClass: 1741K(1792K)->1741K(1792K) Class: 146K(256K)->146K(256K)
[27.820s][info][gc          ] GC(326) Pause Young (Concurrent Start) (G1 Evacuation Pause) 1939M->865M(2048M) 4.876ms
[27.820s][info][gc,cpu      ] GC(326) User=0.02s Sys=0.00s Real=0.01s
[27.820s][info][gc          ] GC(327) Concurrent Mark Cycle
[27.820s][info][gc,marking  ] GC(327) Concurrent Scan Root Regions
[27.821s][info][gc,marking  ] GC(327) Concurrent Scan Root Regions 1.330ms
[27.821s][info][gc,marking  ] GC(327) Concurrent Mark
[27.821s][info][gc,marking  ] GC(327) Concurrent Mark From Roots
[27.822s][info][gc,task     ] GC(327) Using 3 workers of 3 for marking
[27.920s][info][gc,start    ] GC(328) Pause Young (Normal) (G1 Evacuation Pause)
[27.920s][info][gc,task     ] GC(328) Using 10 workers of 10 for evacuation
[27.924s][info][gc,phases   ] GC(328)   Pre Evacuate Collection Set: 0.3ms
[27.924s][info][gc,phases   ] GC(328)   Merge Heap Roots: 0.2ms
[27.924s][info][gc,phases   ] GC(328)   Evacuate Collection Set: 3.4ms
[27.924s][info][gc,phases   ] GC(328)   Post Evacuate Collection Set: 0.5ms
[27.924s][info][gc,phases   ] GC(328)   Other: 0.1ms
[27.924s][info][gc,heap     ] GC(328) Eden regions: 1076->0(1073)
[27.925s][info][gc,heap     ] GC(328) Survivor regions: 3->4(106)
[27.925s][info][gc,heap     ] GC(328) Old regions: 808->809
[27.925s][info][gc,heap     ] GC(328) Humongous regions: 55->55
[27.925s][info][gc,metaspace] GC(328) Metaspace: 1888K(2048K)->1888K(2048K) NonClass: 1741K(1792K)->1741K(1792K) Class: 146K(256K)->146K(256K)
[27.925s][info][gc          ] GC(328) Pause Young (Normal) (G1 Evacuation Pause) 1941M->866M(2048M) 4.780ms
[27.925s][info][gc,cpu      ] GC(328) User=0.00s Sys=0.00s Real=0.00s
[27.972s][info][gc,marking  ] GC(327) Concurrent Mark From Roots 150.689ms
[27.972s][info][gc,marking  ] GC(327) Concurrent Preclean
[27.972s][info][gc,marking  ] GC(327) Concurrent Preclean 0.049ms
[27.973s][info][gc,start    ] GC(327) Pause Remark
[27.973s][info][gc          ] GC(327) Pause Remark 1373M->1363M(2048M) 0.705ms
[27.973s][info][gc,cpu      ] GC(327) User=0.02s Sys=0.00s Real=0.00s
[27.973s][info][gc,marking  ] GC(327) Concurrent Mark 151.932ms
[27.973s][info][gc,marking  ] GC(327) Concurrent Rebuild Remembered Sets and Scrub Regions
[28.026s][info][gc,start    ] GC(329) Pause Young (Normal) (G1 Evacuation Pause)
[28.026s][info][gc,task     ] GC(329) Using 10 workers of 10 for evacuation
[28.031s][info][gc,phases   ] GC(329)   Pre Evacuate Collection Set: 0.3ms
[28.031s][info][gc,phases   ] GC(329)   Merge Heap Roots: 0.2ms
[28.031s][info][gc,phases   ] GC(329)   Evacuate Collection Set: 3.7ms
[28.031s][info][gc,phases   ] GC(329)   Post Evacuate Collection Set: 0.6ms
[28.031s][info][gc,phases   ] GC(329)   Other: 0.1ms
[28.031s][info][gc,heap     ] GC(329) Eden regions: 1073->0(1085)
[28.031s][info][gc,heap     ] GC(329) Survivor regions: 4->3(117)
[28.031s][info][gc,heap     ] GC(329) Old regions: 800->800
[28.031s][info][gc,heap     ] GC(329) Humongous regions: 54->54
[28.031s][info][gc,metaspace] GC(329) Metaspace: 1888K(2048K)->1888K(2048K) NonClass: 1741K(1792K)->1741K(1792K) Class: 146K(256K)->146K(256K)
[28.031s][info][gc          ] GC(329) Pause Young (Normal) (G1 Evacuation Pause) 1929M->856M(2048M) 5.118ms
[28.031s][info][gc,cpu      ] GC(329) User=0.00s Sys=0.00s Real=0.01s
[28.051s][info][gc,marking  ] GC(327) Concurrent Rebuild Remembered Sets and Scrub Regions 77.533ms
[28.051s][info][gc,start    ] GC(327) Pause Cleanup
[28.052s][info][gc          ] GC(327) Pause Cleanup 1078M->1078M(2048M) 0.490ms
[28.052s][info][gc,cpu      ] GC(327) User=0.00s Sys=0.00s Real=0.00s
[28.052s][info][gc,marking  ] GC(327) Concurrent Clear Claimed Marks
[28.052s][info][gc,marking  ] GC(327) Concurrent Clear Claimed Marks 0.035ms
[28.052s][info][gc,marking  ] GC(327) Concurrent Cleanup for Next Mark
[28.059s][info][gc,marking  ] GC(327) Concurrent Cleanup for Next Mark 7.317ms
[28.059s][info][gc          ] GC(327) Concurrent Mark Cycle 239.405ms
[28.136s][info][gc,start    ] GC(330) Pause Young (Prepare Mixed) (G1 Evacuation Pause)
[28.136s][info][gc,task     ] GC(330) Using 10 workers of 10 for evacuation
[28.141s][info][gc,phases   ] GC(330)   Pre Evacuate Collection Set: 0.3ms
[28.141s][info][gc,phases   ] GC(330)   Merge Heap Roots: 0.2ms
[28.141s][info][gc,phases   ] GC(330)   Evacuate Collection Set: 3.6ms
[28.141s][info][gc,phases   ] GC(330)   Post Evacuate Collection Set: 0.6ms
[28.141s][info][gc,phases   ] GC(330)   Other: 0.1ms
[28.141s][info][gc,heap     ] GC(330) Eden regions: 1085->0(1083)
[28.141s][info][gc,heap     ] GC(330) Survivor regions: 3->4(106)
[28.141s][info][gc,heap     ] GC(330) Old regions: 800->800
[28.141s][info][gc,heap     ] GC(330) Humongous regions: 54->54
[28.141s][info][gc,metaspace] GC(330) Metaspace: 1888K(2048K)->1888K(2048K) NonClass: 1741K(1792K)->1741K(1792K) Class: 146K(256K)->146K(256K)
[28.141s][info][gc          ] GC(330) Pause Young (Prepare Mixed) (G1 Evacuation Pause) 1941M->856M(2048M) 5.092ms
[28.141s][info][gc,cpu      ] GC(330) User=0.00s Sys=0.00s Real=0.00s
[28.244s][info][gc,start    ] GC(331) Pause Young (Mixed) (G1 Evacuation Pause)
[28.244s][info][gc,task     ] GC(331) Using 10 workers of 10 for evacuation
[28.249s][info][gc,phases   ] GC(331)   Pre Evacuate Collection Set: 0.3ms
[28.249s][info][gc,phases   ] GC(331)   Merge Heap Roots: 0.2ms
[28.249s][info][gc,phases   ] GC(331)   Evacuate Collection Set: 4.4ms
[28.249s][info][gc,phases   ] GC(331)   Post Evacuate Collection Set: 0.6ms
[28.249s][info][gc,phases   ] GC(331)   Other: 0.1ms
[28.250s][info][gc,heap     ] GC(331) Eden regions: 1083->0(1104)
[28.250s][info][gc,heap     ] GC(331) Survivor regions: 4->3(107)
[28.250s][info][gc,heap     ] GC(331) Old regions: 800->782
[28.250s][info][gc,heap     ] GC(331) Humongous regions: 54->53
[28.250s][info][gc,metaspace] GC(331) Metaspace: 1888K(2048K)->1888K(2048K) NonClass: 1741K(1792K)->1741K(1792K) Class: 146K(256K)->146K(256K)
[28.250s][info][gc          ] GC(331) Pause Young (Mixed) (G1 Evacuation Pause) 1939M->837M(2048M) 5.908ms
[28.250s][info][gc,cpu      ] GC(331) User=0.00s Sys=0.00s Real=0.01s
[28.354s][info][gc,start    ] GC(332) Pause Young (Concurrent Start) (G1 Evacuation Pause)
[28.354s][info][gc,task     ] GC(332) Using 10 workers of 10 for evacuation
[28.359s][info][gc,phases   ] GC(332)   Pre Evacuate Collection Set: 0.3ms
[28.359s][info][gc,phases   ] GC(332)   Merge Heap Roots: 0.2ms
[28.359s][info][gc,phases   ] GC(332)   Evacuate Collection Set: 3.4ms
[28.359s][info][gc,phases   ] GC(332)   Post Evacuate Collection Set: 0.5ms
[28.359s][info][gc,phases   ] GC(332)   Other: 0.1ms
[28.359s][info][gc,heap     ] GC(332) Eden regions: 1104->0(1104)
[28.359s][info][gc,heap     ] GC(332) Survivor regions: 3->3(106)
[28.359s][info][gc,heap     ] GC(332) Old regions: 782->782
[28.359s][info][gc,heap     ] GC(332) Humongous regions: 53->53
[28.359s][info][gc,metaspace] GC(332) Metaspace: 1888K(2048K)->1888K(2048K) NonClass: 1741K(1792K)->1741K(1792K) Class: 146K(256K)->146K(256K)
[28.359s][info][gc          ] GC(332) Pause Young (Concurrent Start) (G1 Evacuation Pause) 1941M->837M(2048M) 4.946ms
[28.359s][info][gc,cpu      ] GC(332) User=0.00s Sys=0.00s Real=0.01s
[28.359s][info][gc          ] GC(333) Concurrent Mark Cycle
[28.359s][info][gc,marking  ] GC(333) Concurrent Scan Root Regions
[28.360s][info][gc,marking  ] GC(333) Concurrent Scan Root Regions 1.266ms
[28.360s][info][gc,marking  ] GC(333) Concurrent Mark
[28.360s][info][gc,marking  ] GC(333) Concurrent Mark From Roots
[28.360s][info][gc,task     ] GC(333) Using 3 workers of 3 for marking
[28.476s][info][gc,start    ] GC(334) Pause Young (Normal) (G1 Evacuation Pause)
[28.476s][info][gc,task     ] GC(334) Using 10 workers of 10 for evacuation
[28.487s][info][gc,phases   ] GC(334)   Pre Evacuate Collection Set: 0.3ms
[28.487s][info][gc,phases   ] GC(334)   Merge Heap Roots: 0.3ms
[28.487s][info][gc,phases   ] GC(334)   Evacuate Collection Set: 9.7ms
[28.487s][info][gc,phases   ] GC(334)   Post Evacuate Collection Set: 0.7ms
[28.487s][info][gc,phases   ] GC(334)   Other: 0.1ms
[28.487s][info][gc,heap     ] GC(334) Eden regions: 1104->0(1087)
[28.487s][info][gc,heap     ] GC(334) Survivor regions: 3->7(97)
[28.487s][info][gc,heap     ] GC(334) Old regions: 782->782
[28.487s][info][gc,heap     ] GC(334) Humongous regions: 62->62
[28.487s][info][gc,metaspace] GC(334) Metaspace: 1890K(2048K)->1890K(2048K) NonClass: 1743K(1792K)->1743K(1792K) Class: 146K(256K)->146K(256K)
[28.487s][info][gc          ] GC(334) Pause Young (Normal) (G1 Evacuation Pause) 1950M->850M(2048M) 11.375ms
[28.487s][info][gc,cpu      ] GC(334) User=0.00s Sys=0.00s Real=0.01s
[28.513s][info][gc,marking  ] GC(333) Concurrent Mark From Roots 152.483ms
[28.513s][info][gc,marking  ] GC(333) Concurrent Preclean
[28.513s][info][gc,marking  ] GC(333) Concurrent Preclean 0.058ms
[28.513s][info][gc,start    ] GC(333) Pause Remark
[28.514s][info][gc          ] GC(333) Pause Remark 1136M->1127M(2048M) 0.822ms
[28.514s][info][gc,cpu      ] GC(333) User=0.00s Sys=0.00s Real=0.00s
[28.514s][info][gc,marking  ] GC(333) Concurrent Mark 153.887ms
[28.514s][info][gc,marking  ] GC(333) Concurrent Rebuild Remembered Sets and Scrub Regions
[28.588s][info][gc,start    ] GC(335) Pause Young (Normal) (G1 Evacuation Pause)
[28.588s][info][gc,task     ] GC(335) Using 10 workers of 10 for evacuation
[28.599s][info][gc,phases   ] GC(335)   Pre Evacuate Collection Set: 0.2ms
[28.599s][info][gc,phases   ] GC(335)   Merge Heap Roots: 0.3ms
[28.599s][info][gc,phases   ] GC(335)   Evacuate Collection Set: 9.9ms
[28.599s][info][gc,phases   ] GC(335)   Post Evacuate Collection Set: 0.7ms
[28.599s][info][gc,phases   ] GC(335)   Other: 0.1ms
[28.599s][info][gc,heap     ] GC(335) Eden regions: 1087->0(1094)
[28.599s][info][gc,heap     ] GC(335) Survivor regions: 7->8(119)
[28.599s][info][gc,heap     ] GC(335) Old regions: 777->777
[28.599s][info][gc,heap     ] GC(335) Humongous regions: 58->58
[28.599s][info][gc,metaspace] GC(335) Metaspace: 1890K(2048K)->1890K(2048K) NonClass: 1743K(1792K)->1743K(1792K) Class: 146K(256K)->146K(256K)
[28.600s][info][gc          ] GC(335) Pause Young (Normal) (G1 Evacuation Pause) 1928M->842M(2048M) 11.438ms
[28.600s][info][gc,cpu      ] GC(335) User=0.00s Sys=0.00s Real=0.01s
[28.608s][info][gc,marking  ] GC(333) Concurrent Rebuild Remembered Sets and Scrub Regions 94.048ms
[28.608s][info][gc,start    ] GC(333) Pause Cleanup
[28.609s][info][gc          ] GC(333) Pause Cleanup 938M->938M(2048M) 0.665ms
[28.609s][info][gc,cpu      ] GC(333) User=0.00s Sys=0.00s Real=0.00s
[28.609s][info][gc,marking  ] GC(333) Concurrent Clear Claimed Marks
[28.609s][info][gc,marking  ] GC(333) Concurrent Clear Claimed Marks 0.038ms
[28.609s][info][gc,marking  ] GC(333) Concurrent Cleanup for Next Mark
[28.617s][info][gc,marking  ] GC(333) Concurrent Cleanup for Next Mark 7.433ms
[28.617s][info][gc          ] GC(333) Concurrent Mark Cycle 257.900ms
[28.706s][info][gc,start    ] GC(336) Pause Young (Prepare Mixed) (G1 Evacuation Pause)
[28.707s][info][gc,task     ] GC(336) Using 10 workers of 10 for evacuation
[28.716s][info][gc,phases   ] GC(336)   Pre Evacuate Collection Set: 0.3ms
[28.716s][info][gc,phases   ] GC(336)   Merge Heap Roots: 0.3ms
[28.716s][info][gc,phases   ] GC(336)   Evacuate Collection Set: 8.2ms
[28.716s][info][gc,phases   ] GC(336)   Post Evacuate Collection Set: 0.6ms
[28.716s][info][gc,phases   ] GC(336)   Other: 0.1ms
[28.716s][info][gc,heap     ] GC(336) Eden regions: 1094->0(1093)
[28.716s][info][gc,heap     ] GC(336) Survivor regions: 8->8(111)
[28.716s][info][gc,heap     ] GC(336) Old regions: 777->778
[28.716s][info][gc,heap     ] GC(336) Humongous regions: 58->58
[28.716s][info][gc,metaspace] GC(336) Metaspace: 1890K(2048K)->1890K(2048K) NonClass: 1743K(1792K)->1743K(1792K) Class: 146K(256K)->146K(256K)
[28.716s][info][gc          ] GC(336) Pause Young (Prepare Mixed) (G1 Evacuation Pause) 1936M->842M(2048M) 9.831ms
[28.716s][info][gc,cpu      ] GC(336) User=0.00s Sys=0.00s Real=0.01s
[28.820s][info][gc,start    ] GC(337) Pause Young (Mixed) (G1 Evacuation Pause)
[28.820s][info][gc,task     ] GC(337) Using 10 workers of 10 for evacuation
[28.829s][info][gc,phases   ] GC(337)   Pre Evacuate Collection Set: 0.3ms
[28.829s][info][gc,phases   ] GC(337)   Merge Heap Roots: 0.2ms
[28.829s][info][gc,phases   ] GC(337)   Evacuate Collection Set: 8.5ms
[28.829s][info][gc,phases   ] GC(337)   Post Evacuate Collection Set: 0.6ms
[28.829s][info][gc,phases   ] GC(337)   Other: 0.1ms
[28.830s][info][gc,heap     ] GC(337) Eden regions: 1093->0(1114)
[28.830s][info][gc,heap     ] GC(337) Survivor regions: 8->8(111)
[28.830s][info][gc,heap     ] GC(337) Old regions: 778->757
[28.830s][info][gc,heap     ] GC(337) Humongous regions: 58->58
[28.830s][info][gc,metaspace] GC(337) Metaspace: 1890K(2048K)->1890K(2048K) NonClass: 1743K(1792K)->1743K(1792K) Class: 146K(256K)->146K(256K)
[28.830s][info][gc          ] GC(337) Pause Young (Mixed) (G1 Evacuation Pause) 1935M->822M(2048M) 10.110ms
[28.830s][info][gc,cpu      ] GC(337) User=0.00s Sys=0.00s Real=0.01s
[28.935s][info][gc,start    ] GC(338) Pause Young (Concurrent Start) (G1 Evacuation Pause)
[28.935s][info][gc,task     ] GC(338) Using 10 workers of 10 for evacuation
[28.945s][info][gc,phases   ] GC(338)   Pre Evacuate Collection Set: 0.3ms
[28.945s][info][gc,phases   ] GC(338)   Merge Heap Roots: 0.3ms
[28.945s][info][gc,phases   ] GC(338)   Evacuate Collection Set: 8.4ms
[28.945s][info][gc,phases   ] GC(338)   Post Evacuate Collection Set: 0.7ms
[28.945s][info][gc,phases   ] GC(338)   Other: 0.1ms
[28.945s][info][gc,heap     ] GC(338) Eden regions: 1114->0(1113)
[28.945s][info][gc,heap     ] GC(338) Survivor regions: 8->8(111)
[28.945s][info][gc,heap     ] GC(338) Old regions: 757->758
[28.945s][info][gc,heap     ] GC(338) Humongous regions: 58->58
[28.945s][info][gc,metaspace] GC(338) Metaspace: 1890K(2048K)->1890K(2048K) NonClass: 1743K(1792K)->1743K(1792K) Class: 146K(256K)->146K(256K)
[28.945s][info][gc          ] GC(338) Pause Young (Concurrent Start) (G1 Evacuation Pause) 1936M->822M(2048M) 10.158ms
[28.945s][info][gc,cpu      ] GC(338) User=0.00s Sys=0.00s Real=0.01s
[28.945s][info][gc          ] GC(339) Concurrent Mark Cycle
[28.945s][info][gc,marking  ] GC(339) Concurrent Scan Root Regions
[28.973s][info][gc,marking  ] GC(339) Concurrent Scan Root Regions 27.425ms
[28.973s][info][gc,marking  ] GC(339) Concurrent Mark
[28.973s][info][gc,marking  ] GC(339) Concurrent Mark From Roots
[28.973s][info][gc,task     ] GC(339) Using 3 workers of 3 for marking
[29.050s][info][gc,start    ] GC(340) Pause Young (Normal) (G1 Evacuation Pause)
[29.051s][info][gc,task     ] GC(340) Using 10 workers of 10 for evacuation
[29.060s][info][gc,phases   ] GC(340)   Pre Evacuate Collection Set: 0.3ms
[29.060s][info][gc,phases   ] GC(340)   Merge Heap Roots: 0.2ms
[29.060s][info][gc,phases   ] GC(340)   Evacuate Collection Set: 8.4ms
[29.060s][info][gc,phases   ] GC(340)   Post Evacuate Collection Set: 0.6ms
[29.060s][info][gc,phases   ] GC(340)   Other: 0.1ms
[29.060s][info][gc,heap     ] GC(340) Eden regions: 1113->0(1113)
[29.060s][info][gc,heap     ] GC(340) Survivor regions: 8->8(111)
[29.060s][info][gc,heap     ] GC(340) Old regions: 758->758
[29.060s][info][gc,heap     ] GC(340) Humongous regions: 58->58
[29.060s][info][gc,metaspace] GC(340) Metaspace: 1890K(2048K)->1890K(2048K) NonClass: 1743K(1792K)->1743K(1792K) Class: 146K(256K)->146K(256K)
[29.060s][info][gc          ] GC(340) Pause Young (Normal) (G1 Evacuation Pause) 1935M->822M(2048M) 9.874ms
[29.060s][info][gc,cpu      ] GC(340) User=0.00s Sys=0.00s Real=0.01s
[29.152s][info][gc,marking  ] GC(339) Concurrent Mark From Roots 179.498ms
[29.153s][info][gc,marking  ] GC(339) Concurrent Preclean
[29.153s][info][gc,marking  ] GC(339) Concurrent Preclean 0.048ms
[29.153s][info][gc,start    ] GC(339) Pause Remark
[29.153s][info][gc          ] GC(339) Pause Remark 1820M->1806M(2048M) 0.718ms
[29.154s][info][gc,cpu      ] GC(339) User=0.00s Sys=0.00s Real=0.00s
[29.154s][info][gc,marking  ] GC(339) Concurrent Mark 180.751ms
[29.154s][info][gc,marking  ] GC(339) Concurrent Rebuild Remembered Sets and Scrub Regions
[29.165s][info][gc,start    ] GC(341) Pause Young (Normal) (G1 Evacuation Pause)
[29.165s][info][gc,task     ] GC(341) Using 10 workers of 10 for evacuation
[29.172s][info][gc,phases   ] GC(341)   Pre Evacuate Collection Set: 0.2ms
[29.172s][info][gc,phases   ] GC(341)   Merge Heap Roots: 0.2ms
[29.172s][info][gc,phases   ] GC(341)   Evacuate Collection Set: 5.7ms
[29.172s][info][gc,phases   ] GC(341)   Post Evacuate Collection Set: 0.6ms
[29.172s][info][gc,phases   ] GC(341)   Other: 0.1ms
[29.172s][info][gc,heap     ] GC(341) Eden regions: 1113->0(1127)
[29.172s][info][gc,heap     ] GC(341) Survivor regions: 8->8(125)
[29.172s][info][gc,heap     ] GC(341) Old regions: 750->750
[29.172s][info][gc,heap     ] GC(341) Humongous regions: 52->52
[29.172s][info][gc,metaspace] GC(341) Metaspace: 1890K(2048K)->1890K(2048K) NonClass: 1743K(1792K)->1743K(1792K) Class: 146K(256K)->146K(256K)
[29.172s][info][gc          ] GC(341) Pause Young (Normal) (G1 Evacuation Pause) 1921M->809M(2048M) 7.134ms
[29.172s][info][gc,cpu      ] GC(341) User=0.00s Sys=0.00s Real=0.01s
[29.239s][info][gc,marking  ] GC(339) Concurrent Rebuild Remembered Sets and Scrub Regions 85.261ms
[29.239s][info][gc,start    ] GC(339) Pause Cleanup
[29.240s][info][gc          ] GC(339) Pause Cleanup 1541M->1541M(2048M) 0.655ms
[29.240s][info][gc,cpu      ] GC(339) User=0.00s Sys=0.00s Real=0.00s
[29.240s][info][gc,marking  ] GC(339) Concurrent Clear Claimed Marks
[29.240s][info][gc,marking  ] GC(339) Concurrent Clear Claimed Marks 0.051ms
[29.240s][info][gc,marking  ] GC(339) Concurrent Cleanup for Next Mark
[29.248s][info][gc,marking  ] GC(339) Concurrent Cleanup for Next Mark 7.437ms
[29.248s][info][gc          ] GC(339) Concurrent Mark Cycle 302.476ms
[29.280s][info][gc,start    ] GC(342) Pause Young (Prepare Mixed) (G1 Evacuation Pause)
[29.280s][info][gc,task     ] GC(342) Using 10 workers of 10 for evacuation
[29.287s][info][gc,phases   ] GC(342)   Pre Evacuate Collection Set: 0.3ms
[29.287s][info][gc,phases   ] GC(342)   Merge Heap Roots: 0.2ms
[29.287s][info][gc,phases   ] GC(342)   Evacuate Collection Set: 5.3ms
[29.287s][info][gc,phases   ] GC(342)   Post Evacuate Collection Set: 0.6ms
[29.287s][info][gc,phases   ] GC(342)   Other: 0.1ms
[29.287s][info][gc,heap     ] GC(342) Eden regions: 1127->0(1127)
[29.287s][info][gc,heap     ] GC(342) Survivor regions: 8->8(111)
[29.287s][info][gc,heap     ] GC(342) Old regions: 750->750
[29.287s][info][gc,heap     ] GC(342) Humongous regions: 52->52
[29.287s][info][gc,metaspace] GC(342) Metaspace: 1890K(2048K)->1890K(2048K) NonClass: 1743K(1792K)->1743K(1792K) Class: 146K(256K)->146K(256K)
[29.287s][info][gc          ] GC(342) Pause Young (Prepare Mixed) (G1 Evacuation Pause) 1936M->809M(2048M) 6.779ms
[29.287s][info][gc,cpu      ] GC(342) User=0.00s Sys=0.00s Real=0.01s
[29.393s][info][gc,start    ] GC(343) Pause Young (Mixed) (G1 Evacuation Pause)
[29.393s][info][gc,task     ] GC(343) Using 10 workers of 10 for evacuation
[29.400s][info][gc,phases   ] GC(343)   Pre Evacuate Collection Set: 0.3ms
[29.400s][info][gc,phases   ] GC(343)   Merge Heap Roots: 0.2ms
[29.400s][info][gc,phases   ] GC(343)   Evacuate Collection Set: 5.5ms
[29.400s][info][gc,phases   ] GC(343)   Post Evacuate Collection Set: 0.6ms
[29.400s][info][gc,phases   ] GC(343)   Other: 0.1ms
[29.400s][info][gc,heap     ] GC(343) Eden regions: 1127->0(1147)
[29.400s][info][gc,heap     ] GC(343) Survivor regions: 8->8(111)
[29.400s][info][gc,heap     ] GC(343) Old regions: 750->730
[29.400s][info][gc,heap     ] GC(343) Humongous regions: 52->52
[29.400s][info][gc,metaspace] GC(343) Metaspace: 1890K(2048K)->1890K(2048K) NonClass: 1743K(1792K)->1743K(1792K) Class: 146K(256K)->146K(256K)
[29.400s][info][gc          ] GC(343) Pause Young (Mixed) (G1 Evacuation Pause) 1936M->789M(2048M) 7.034ms
[29.400s][info][gc,cpu      ] GC(343) User=0.02s Sys=0.00s Real=0.01s
[29.509s][info][gc,start    ] GC(344) Pause Young (Concurrent Start) (G1 Evacuation Pause)
[29.509s][info][gc,task     ] GC(344) Using 10 workers of 10 for evacuation
[29.516s][info][gc,phases   ] GC(344)   Pre Evacuate Collection Set: 0.3ms
[29.516s][info][gc,phases   ] GC(344)   Merge Heap Roots: 0.2ms
[29.516s][info][gc,phases   ] GC(344)   Evacuate Collection Set: 5.4ms
[29.516s][info][gc,phases   ] GC(344)   Post Evacuate Collection Set: 0.6ms
[29.516s][info][gc,phases   ] GC(344)   Other: 0.1ms
[29.516s][info][gc,heap     ] GC(344) Eden regions: 1147->0(1146)
[29.516s][info][gc,heap     ] GC(344) Survivor regions: 8->8(111)
[29.516s][info][gc,heap     ] GC(344) Old regions: 730->731
[29.516s][info][gc,heap     ] GC(344) Humongous regions: 52->52
[29.516s][info][gc,metaspace] GC(344) Metaspace: 1890K(2048K)->1890K(2048K) NonClass: 1743K(1792K)->1743K(1792K) Class: 146K(256K)->146K(256K)
[29.516s][info][gc          ] GC(344) Pause Young (Concurrent Start) (G1 Evacuation Pause) 1936M->789M(2048M) 6.983ms
[29.516s][info][gc,cpu      ] GC(344) User=0.00s Sys=0.00s Real=0.01s
[29.516s][info][gc          ] GC(345) Concurrent Mark Cycle
[29.516s][info][gc,marking  ] GC(345) Concurrent Scan Root Regions
[29.545s][info][gc,marking  ] GC(345) Concurrent Scan Root Regions 28.582ms
[29.545s][info][gc,marking  ] GC(345) Concurrent Mark
[29.545s][info][gc,marking  ] GC(345) Concurrent Mark From Roots
[29.545s][info][gc,task     ] GC(345) Using 3 workers of 3 for marking
[29.622s][info][gc,start    ] GC(346) Pause Young (Normal) (G1 Evacuation Pause)
[29.622s][info][gc,task     ] GC(346) Using 10 workers of 10 for evacuation
[29.629s][info][gc,phases   ] GC(346)   Pre Evacuate Collection Set: 0.3ms
[29.629s][info][gc,phases   ] GC(346)   Merge Heap Roots: 0.2ms
[29.629s][info][gc,phases   ] GC(346)   Evacuate Collection Set: 5.2ms
[29.629s][info][gc,phases   ] GC(346)   Post Evacuate Collection Set: 0.6ms
[29.629s][info][gc,phases   ] GC(346)   Other: 0.1ms
[29.629s][info][gc,heap     ] GC(346) Eden regions: 1146->0(1146)
[29.629s][info][gc,heap     ] GC(346) Survivor regions: 8->8(111)
[29.629s][info][gc,heap     ] GC(346) Old regions: 731->731
[29.629s][info][gc,heap     ] GC(346) Humongous regions: 52->52
[29.629s][info][gc,metaspace] GC(346) Metaspace: 1890K(2048K)->1890K(2048K) NonClass: 1743K(1792K)->1743K(1792K) Class: 146K(256K)->146K(256K)
[29.629s][info][gc          ] GC(346) Pause Young (Normal) (G1 Evacuation Pause) 1935M->790M(2048M) 6.795ms
[29.629s][info][gc,cpu      ] GC(346) User=0.00s Sys=0.00s Real=0.01s
[29.732s][info][gc,marking  ] GC(345) Concurrent Mark From Roots 186.560ms
[29.732s][info][gc,marking  ] GC(345) Concurrent Preclean
[29.732s][info][gc,marking  ] GC(345) Concurrent Preclean 0.045ms
[29.732s][info][gc,start    ] GC(345) Pause Remark
[29.733s][info][gc          ] GC(345) Pause Remark 1903M->1888M(2048M) 0.778ms
[29.733s][info][gc,cpu      ] GC(345) User=0.00s Sys=0.00s Real=0.00s
[29.733s][info][gc,marking  ] GC(345) Concurrent Mark 187.872ms
[29.733s][info][gc,marking  ] GC(345) Concurrent Rebuild Remembered Sets and Scrub Regions
[29.736s][info][gc,start    ] GC(347) Pause Young (Normal) (G1 Evacuation Pause)
[29.736s][info][gc,task     ] GC(347) Using 10 workers of 10 for evacuation
[29.743s][info][gc,phases   ] GC(347)   Pre Evacuate Collection Set: 0.2ms
[29.743s][info][gc,phases   ] GC(347)   Merge Heap Roots: 0.2ms
[29.743s][info][gc,phases   ] GC(347)   Evacuate Collection Set: 5.6ms
[29.743s][info][gc,phases   ] GC(347)   Post Evacuate Collection Set: 0.7ms
[29.743s][info][gc,phases   ] GC(347)   Other: 0.1ms
[29.743s][info][gc,heap     ] GC(347) Eden regions: 1146->0(1161)
[29.743s][info][gc,heap     ] GC(347) Survivor regions: 8->8(126)
[29.743s][info][gc,heap     ] GC(347) Old regions: 721->721
[29.743s][info][gc,heap     ] GC(347) Humongous regions: 47->47
[29.743s][info][gc,metaspace] GC(347) Metaspace: 1890K(2048K)->1890K(2048K) NonClass: 1743K(1792K)->1743K(1792K) Class: 146K(256K)->146K(256K)
[29.743s][info][gc          ] GC(347) Pause Young (Normal) (G1 Evacuation Pause) 1921M->775M(2048M) 7.108ms
[29.743s][info][gc,cpu      ] GC(347) User=0.02s Sys=0.00s Real=0.01s
[29.816s][info][gc,marking  ] GC(345) Concurrent Rebuild Remembered Sets and Scrub Regions 83.211ms
[29.816s][info][gc,start    ] GC(345) Pause Cleanup
[29.817s][info][gc          ] GC(345) Pause Cleanup 1565M->1565M(2048M) 0.497ms
[29.817s][info][gc,cpu      ] GC(345) User=0.00s Sys=0.00s Real=0.00s
[29.817s][info][gc,marking  ] GC(345) Concurrent Clear Claimed Marks
[29.817s][info][gc,marking  ] GC(345) Concurrent Clear Claimed Marks 0.037ms
[29.817s][info][gc,marking  ] GC(345) Concurrent Cleanup for Next Mark
[29.824s][info][gc,marking  ] GC(345) Concurrent Cleanup for Next Mark 7.235ms
[29.824s][info][gc          ] GC(345) Concurrent Mark Cycle 308.404ms
[29.855s][info][gc,start    ] GC(348) Pause Young (Prepare Mixed) (G1 Evacuation Pause)
[29.855s][info][gc,task     ] GC(348) Using 10 workers of 10 for evacuation
[29.861s][info][gc,phases   ] GC(348)   Pre Evacuate Collection Set: 0.3ms
[29.861s][info][gc,phases   ] GC(348)   Merge Heap Roots: 0.3ms
[29.861s][info][gc,phases   ] GC(348)   Evacuate Collection Set: 5.2ms
[29.861s][info][gc,phases   ] GC(348)   Post Evacuate Collection Set: 0.7ms
[29.861s][info][gc,phases   ] GC(348)   Other: 0.1ms
[29.861s][info][gc,heap     ] GC(348) Eden regions: 1161->0(1161)
[29.861s][info][gc,heap     ] GC(348) Survivor regions: 8->8(111)
[29.861s][info][gc,heap     ] GC(348) Old regions: 721->721
[29.861s][info][gc,heap     ] GC(348) Humongous regions: 47->47
[29.862s][info][gc,metaspace] GC(348) Metaspace: 1890K(2048K)->1890K(2048K) NonClass: 1743K(1792K)->1743K(1792K) Class: 146K(256K)->146K(256K)
[29.862s][info][gc          ] GC(348) Pause Young (Prepare Mixed) (G1 Evacuation Pause) 1936M->775M(2048M) 6.758ms
[29.862s][info][gc,cpu      ] GC(348) User=0.00s Sys=0.00s Real=0.01s
[29.971s][info][gc,start    ] GC(349) Pause Young (Mixed) (G1 Evacuation Pause)
[29.971s][info][gc,task     ] GC(349) Using 10 workers of 10 for evacuation
[29.978s][info][gc,phases   ] GC(349)   Pre Evacuate Collection Set: 0.3ms
[29.978s][info][gc,phases   ] GC(349)   Merge Heap Roots: 0.2ms
[29.978s][info][gc,phases   ] GC(349)   Evacuate Collection Set: 5.6ms
[29.978s][info][gc,phases   ] GC(349)   Post Evacuate Collection Set: 0.6ms
[29.978s][info][gc,phases   ] GC(349)   Other: 0.1ms
[29.978s][info][gc,heap     ] GC(349) Eden regions: 1161->0(1179)
[29.978s][info][gc,heap     ] GC(349) Survivor regions: 8->8(111)
[29.978s][info][gc,heap     ] GC(349) Old regions: 721->703
[29.978s][info][gc,heap     ] GC(349) Humongous regions: 47->47
[29.978s][info][gc,metaspace] GC(349) Metaspace: 1890K(2048K)->1890K(2048K) NonClass: 1743K(1792K)->1743K(1792K) Class: 146K(256K)->146K(256K)
[29.978s][info][gc          ] GC(349) Pause Young (Mixed) (G1 Evacuation Pause) 1936M->756M(2048M) 7.171ms
[29.979s][info][gc,cpu      ] GC(349) User=0.02s Sys=0.00s Real=0.01s
[30.090s][info][gc,start    ] GC(350) Pause Young (Concurrent Start) (G1 Evacuation Pause)
[30.090s][info][gc,task     ] GC(350) Using 10 workers of 10 for evacuation
[30.096s][info][gc,phases   ] GC(350)   Pre Evacuate Collection Set: 0.3ms
[30.096s][info][gc,phases   ] GC(350)   Merge Heap Roots: 0.2ms
[30.096s][info][gc,phases   ] GC(350)   Evacuate Collection Set: 5.1ms
[30.096s][info][gc,phases   ] GC(350)   Post Evacuate Collection Set: 0.6ms
[30.097s][info][gc,phases   ] GC(350)   Other: 0.1ms
[30.097s][info][gc,heap     ] GC(350) Eden regions: 1179->0(1179)
[30.097s][info][gc,heap     ] GC(350) Survivor regions: 8->8(111)
[30.097s][info][gc,heap     ] GC(350) Old regions: 703->703
[30.097s][info][gc,heap     ] GC(350) Humongous regions: 47->47
[30.097s][info][gc,metaspace] GC(350) Metaspace: 1890K(2048K)->1890K(2048K) NonClass: 1743K(1792K)->1743K(1792K) Class: 146K(256K)->146K(256K)
[30.097s][info][gc          ] GC(350) Pause Young (Concurrent Start) (G1 Evacuation Pause) 1935M->757M(2048M) 6.596ms
[30.097s][info][gc,cpu      ] GC(350) User=0.00s Sys=0.00s Real=0.01s
[30.097s][info][gc          ] GC(351) Concurrent Mark Cycle
[30.097s][info][gc,marking  ] GC(351) Concurrent Scan Root Regions
[30.127s][info][gc,marking  ] GC(351) Concurrent Scan Root Regions 29.939ms
[30.127s][info][gc,marking  ] GC(351) Concurrent Mark
[30.127s][info][gc,marking  ] GC(351) Concurrent Mark From Roots
[30.127s][info][gc,task     ] GC(351) Using 3 workers of 3 for marking
[30.206s][info][gc,start    ] GC(352) Pause Young (Normal) (G1 Evacuation Pause)
[30.206s][info][gc,task     ] GC(352) Using 10 workers of 10 for evacuation
[30.212s][info][gc,phases   ] GC(352)   Pre Evacuate Collection Set: 0.3ms
[30.213s][info][gc,phases   ] GC(352)   Merge Heap Roots: 0.2ms
[30.213s][info][gc,phases   ] GC(352)   Evacuate Collection Set: 5.2ms
[30.213s][info][gc,phases   ] GC(352)   Post Evacuate Collection Set: 0.6ms
[30.213s][info][gc,phases   ] GC(352)   Other: 0.1ms
[30.213s][info][gc,heap     ] GC(352) Eden regions: 1179->0(1183)
[30.213s][info][gc,heap     ] GC(352) Survivor regions: 8->4(111)
[30.213s][info][gc,heap     ] GC(352) Old regions: 703->707
[30.213s][info][gc,heap     ] GC(352) Humongous regions: 47->47
[30.213s][info][gc,metaspace] GC(352) Metaspace: 1890K(2048K)->1890K(2048K) NonClass: 1743K(1792K)->1743K(1792K) Class: 146K(256K)->146K(256K)
[30.213s][info][gc          ] GC(352) Pause Young (Normal) (G1 Evacuation Pause) 1936M->757M(2048M) 6.630ms
[30.213s][info][gc,cpu      ] GC(352) User=0.02s Sys=0.00s Real=0.01s
[30.306s][info][gc,marking  ] GC(351) Concurrent Mark From Roots 179.108ms
[30.306s][info][gc,marking  ] GC(351) Concurrent Preclean
[30.306s][info][gc,marking  ] GC(351) Concurrent Preclean 0.061ms
[30.307s][info][gc,start    ] GC(351) Pause Remark
[30.308s][info][gc          ] GC(351) Pause Remark 1752M->1740M(2048M) 0.656ms
[30.308s][info][gc,cpu      ] GC(351) User=0.00s Sys=0.00s Real=0.00s
[30.308s][info][gc,marking  ] GC(351) Concurrent Mark 181.156ms
[30.308s][info][gc,marking  ] GC(351) Concurrent Rebuild Remembered Sets and Scrub Regions
[30.326s][info][gc,start    ] GC(353) Pause Young (Normal) (G1 Evacuation Pause)
[30.326s][info][gc,task     ] GC(353) Using 10 workers of 10 for evacuation
[30.331s][info][gc,phases   ] GC(353)   Pre Evacuate Collection Set: 0.3ms
[30.331s][info][gc,phases   ] GC(353)   Merge Heap Roots: 0.2ms
[30.331s][info][gc,phases   ] GC(353)   Evacuate Collection Set: 3.8ms
[30.331s][info][gc,phases   ] GC(353)   Post Evacuate Collection Set: 0.6ms
[30.331s][info][gc,phases   ] GC(353)   Other: 0.1ms
[30.331s][info][gc,heap     ] GC(353) Eden regions: 1183->0(1194)
[30.331s][info][gc,heap     ] GC(353) Survivor regions: 4->4(119)
[30.331s][info][gc,heap     ] GC(353) Old regions: 697->698
[30.331s][info][gc,heap     ] GC(353) Humongous regions: 45->45
[30.331s][info][gc,metaspace] GC(353) Metaspace: 1890K(2048K)->1890K(2048K) NonClass: 1743K(1792K)->1743K(1792K) Class: 146K(256K)->146K(256K)
[30.331s][info][gc          ] GC(353) Pause Young (Normal) (G1 Evacuation Pause) 1928M->745M(2048M) 5.221ms
[30.331s][info][gc,cpu      ] GC(353) User=0.00s Sys=0.00s Real=0.01s
[30.401s][info][gc,marking  ] GC(351) Concurrent Rebuild Remembered Sets and Scrub Regions 93.335ms
[30.402s][info][gc,start    ] GC(351) Pause Cleanup
[30.402s][info][gc          ] GC(351) Pause Cleanup 1516M->1516M(2048M) 0.548ms
[30.402s][info][gc,cpu      ] GC(351) User=0.00s Sys=0.00s Real=0.00s
[30.402s][info][gc,marking  ] GC(351) Concurrent Clear Claimed Marks
[30.403s][info][gc,marking  ] GC(351) Concurrent Clear Claimed Marks 0.046ms
[30.403s][info][gc,marking  ] GC(351) Concurrent Cleanup for Next Mark
[30.410s][info][gc,marking  ] GC(351) Concurrent Cleanup for Next Mark 7.234ms
[30.410s][info][gc          ] GC(351) Concurrent Mark Cycle 313.252ms
[30.445s][info][gc,start    ] GC(354) Pause Young (Prepare Mixed) (G1 Evacuation Pause)
[30.445s][info][gc,task     ] GC(354) Using 10 workers of 10 for evacuation
[30.450s][info][gc,phases   ] GC(354)   Pre Evacuate Collection Set: 0.3ms
[30.451s][info][gc,phases   ] GC(354)   Merge Heap Roots: 0.3ms
[30.451s][info][gc,phases   ] GC(354)   Evacuate Collection Set: 3.8ms
[30.451s][info][gc,phases   ] GC(354)   Post Evacuate Collection Set: 0.6ms
[30.451s][info][gc,phases   ] GC(354)   Other: 0.1ms
[30.451s][info][gc,heap     ] GC(354) Eden regions: 1194->0(1194)
[30.451s][info][gc,heap     ] GC(354) Survivor regions: 4->4(107)
[30.451s][info][gc,heap     ] GC(354) Old regions: 698->698
[30.451s][info][gc,heap     ] GC(354) Humongous regions: 45->45
[30.451s][info][gc,metaspace] GC(354) Metaspace: 1890K(2048K)->1890K(2048K) NonClass: 1743K(1792K)->1743K(1792K) Class: 146K(256K)->146K(256K)
[30.451s][info][gc          ] GC(354) Pause Young (Prepare Mixed) (G1 Evacuation Pause) 1939M->746M(2048M) 5.493ms
[30.451s][info][gc,cpu      ] GC(354) User=0.00s Sys=0.00s Real=0.00s
[30.564s][info][gc,start    ] GC(355) Pause Young (Mixed) (G1 Evacuation Pause)
[30.564s][info][gc,task     ] GC(355) Using 10 workers of 10 for evacuation
[30.569s][info][gc,phases   ] GC(355)   Pre Evacuate Collection Set: 0.3ms
[30.569s][info][gc,phases   ] GC(355)   Merge Heap Roots: 0.2ms
[30.569s][info][gc,phases   ] GC(355)   Evacuate Collection Set: 3.9ms
[30.569s][info][gc,phases   ] GC(355)   Post Evacuate Collection Set: 0.6ms
[30.569s][info][gc,phases   ] GC(355)   Other: 0.1ms
[30.569s][info][gc,heap     ] GC(355) Eden regions: 1194->0(1216)
[30.569s][info][gc,heap     ] GC(355) Survivor regions: 4->4(107)
[30.569s][info][gc,heap     ] GC(355) Old regions: 698->677
[30.569s][info][gc,heap     ] GC(355) Humongous regions: 45->44
[30.569s][info][gc,metaspace] GC(355) Metaspace: 1890K(2048K)->1890K(2048K) NonClass: 1743K(1792K)->1743K(1792K) Class: 146K(256K)->146K(256K)
[30.569s][info][gc          ] GC(355) Pause Young (Mixed) (G1 Evacuation Pause) 1940M->724M(2048M) 5.356ms
[30.569s][info][gc,cpu      ] GC(355) User=0.00s Sys=0.00s Real=0.00s
[30.684s][info][gc,start    ] GC(356) Pause Young (Concurrent Start) (G1 Evacuation Pause)
[30.684s][info][gc,task     ] GC(356) Using 10 workers of 10 for evacuation
[30.689s][info][gc,phases   ] GC(356)   Pre Evacuate Collection Set: 0.3ms
[30.689s][info][gc,phases   ] GC(356)   Merge Heap Roots: 0.2ms
[30.689s][info][gc,phases   ] GC(356)   Evacuate Collection Set: 3.7ms
[30.689s][info][gc,phases   ] GC(356)   Post Evacuate Collection Set: 0.6ms
[30.689s][info][gc,phases   ] GC(356)   Other: 0.2ms
[30.689s][info][gc,heap     ] GC(356) Eden regions: 1216->0(1215)
[30.689s][info][gc,heap     ] GC(356) Survivor regions: 4->4(107)
[30.690s][info][gc,heap     ] GC(356) Old regions: 677->678
[30.690s][info][gc,heap     ] GC(356) Humongous regions: 44->44
[30.690s][info][gc,metaspace] GC(356) Metaspace: 1890K(2048K)->1890K(2048K) NonClass: 1743K(1792K)->1743K(1792K) Class: 146K(256K)->146K(256K)
[30.690s][info][gc          ] GC(356) Pause Young (Concurrent Start) (G1 Evacuation Pause) 1940M->724M(2048M) 5.399ms
[30.690s][info][gc,cpu      ] GC(356) User=0.00s Sys=0.00s Real=0.01s
[30.690s][info][gc          ] GC(357) Concurrent Mark Cycle
[30.690s][info][gc,marking  ] GC(357) Concurrent Scan Root Regions
[30.691s][info][gc,marking  ] GC(357) Concurrent Scan Root Regions 1.146ms
[30.691s][info][gc,marking  ] GC(357) Concurrent Mark
[30.691s][info][gc,marking  ] GC(357) Concurrent Mark From Roots
[30.691s][info][gc,task     ] GC(357) Using 3 workers of 3 for marking
[30.804s][info][gc,start    ] GC(358) Pause Young (Normal) (G1 Evacuation Pause)
[30.804s][info][gc,task     ] GC(358) Using 10 workers of 10 for evacuation
[30.809s][info][gc,phases   ] GC(358)   Pre Evacuate Collection Set: 0.3ms
[30.809s][info][gc,phases   ] GC(358)   Merge Heap Roots: 0.2ms
[30.809s][info][gc,phases   ] GC(358)   Evacuate Collection Set: 3.8ms
[30.809s][info][gc,phases   ] GC(358)   Post Evacuate Collection Set: 0.7ms
[30.809s][info][gc,phases   ] GC(358)   Other: 0.2ms
[30.809s][info][gc,heap     ] GC(358) Eden regions: 1215->0(1215)
[30.809s][info][gc,heap     ] GC(358) Survivor regions: 4->4(107)
[30.809s][info][gc,heap     ] GC(358) Old regions: 678->678
[30.809s][info][gc,heap     ] GC(358) Humongous regions: 44->44
[30.809s][info][gc,metaspace] GC(358) Metaspace: 1890K(2048K)->1890K(2048K) NonClass: 1743K(1792K)->1743K(1792K) Class: 146K(256K)->146K(256K)
[30.809s][info][gc          ] GC(358) Pause Young (Normal) (G1 Evacuation Pause) 1939M->725M(2048M) 5.607ms
[30.809s][info][gc,cpu      ] GC(358) User=0.00s Sys=0.00s Real=0.00s
[30.872s][info][gc,marking  ] GC(357) Concurrent Mark From Roots 180.961ms
[30.872s][info][gc,marking  ] GC(357) Concurrent Preclean
[30.872s][info][gc,marking  ] GC(357) Concurrent Preclean 0.047ms
[30.872s][info][gc,start    ] GC(357) Pause Remark
[30.873s][info][gc          ] GC(357) Pause Remark 1404M->1391M(2048M) 0.828ms
[30.873s][info][gc,cpu      ] GC(357) User=0.00s Sys=0.00s Real=0.00s
[30.873s][info][gc,marking  ] GC(357) Concurrent Mark 182.386ms
[30.873s][info][gc,marking  ] GC(357) Concurrent Rebuild Remembered Sets and Scrub Regions
[30.923s][info][gc,start    ] GC(359) Pause Young (Normal) (G1 Evacuation Pause)
[30.924s][info][gc,task     ] GC(359) Using 10 workers of 10 for evacuation
[30.929s][info][gc,phases   ] GC(359)   Pre Evacuate Collection Set: 0.3ms
[30.929s][info][gc,phases   ] GC(359)   Merge Heap Roots: 0.2ms
[30.929s][info][gc,phases   ] GC(359)   Evacuate Collection Set: 4.4ms
[30.929s][info][gc,phases   ] GC(359)   Post Evacuate Collection Set: 0.7ms
[30.929s][info][gc,phases   ] GC(359)   Other: 0.1ms
[30.929s][info][gc,heap     ] GC(359) Eden regions: 1215->0(1224)
[30.929s][info][gc,heap     ] GC(359) Survivor regions: 4->4(120)
[30.929s][info][gc,heap     ] GC(359) Old regions: 667->667
[30.929s][info][gc,heap     ] GC(359) Humongous regions: 42->42
[30.929s][info][gc,metaspace] GC(359) Metaspace: 1890K(2048K)->1890K(2048K) NonClass: 1743K(1792K)->1743K(1792K) Class: 146K(256K)->146K(256K)
[30.929s][info][gc          ] GC(359) Pause Young (Normal) (G1 Evacuation Pause) 1927M->712M(2048M) 6.027ms
[30.930s][info][gc,cpu      ] GC(359) User=0.00s Sys=0.00s Real=0.01s
[30.969s][info][gc,marking  ] GC(357) Concurrent Rebuild Remembered Sets and Scrub Regions 95.813ms
[30.969s][info][gc,start    ] GC(357) Pause Cleanup
[30.970s][info][gc          ] GC(357) Pause Cleanup 1150M->1150M(2048M) 0.561ms
[30.970s][info][gc,cpu      ] GC(357) User=0.00s Sys=0.00s Real=0.00s
[30.970s][info][gc,marking  ] GC(357) Concurrent Clear Claimed Marks
[30.970s][info][gc,marking  ] GC(357) Concurrent Clear Claimed Marks 0.043ms
[30.970s][info][gc,marking  ] GC(357) Concurrent Cleanup for Next Mark
[30.978s][info][gc,marking  ] GC(357) Concurrent Cleanup for Next Mark 7.516ms
[30.978s][info][gc          ] GC(357) Concurrent Mark Cycle 288.200ms
[31.048s][info][gc,start    ] GC(360) Pause Young (Prepare Mixed) (G1 Evacuation Pause)
[31.048s][info][gc,task     ] GC(360) Using 10 workers of 10 for evacuation
[31.053s][info][gc,phases   ] GC(360)   Pre Evacuate Collection Set: 0.3ms
[31.053s][info][gc,phases   ] GC(360)   Merge Heap Roots: 0.3ms
[31.053s][info][gc,phases   ] GC(360)   Evacuate Collection Set: 4.1ms
[31.053s][info][gc,phases   ] GC(360)   Post Evacuate Collection Set: 0.6ms
[31.053s][info][gc,phases   ] GC(360)   Other: 0.1ms
[31.053s][info][gc,heap     ] GC(360) Eden regions: 1224->0(1224)
[31.054s][info][gc,heap     ] GC(360) Survivor regions: 4->4(111)
[31.054s][info][gc,heap     ] GC(360) Old regions: 667->668
[31.054s][info][gc,heap     ] GC(360) Humongous regions: 42->42
[31.054s][info][gc,metaspace] GC(360) Metaspace: 1890K(2048K)->1890K(2048K) NonClass: 1743K(1792K)->1743K(1792K) Class: 146K(256K)->146K(256K)
[31.054s][info][gc          ] GC(360) Pause Young (Prepare Mixed) (G1 Evacuation Pause) 1936M->712M(2048M) 5.860ms
[31.054s][info][gc,cpu      ] GC(360) User=0.00s Sys=0.00s Real=0.01s
[31.169s][info][gc,start    ] GC(361) Pause Young (Mixed) (G1 Evacuation Pause)
[31.169s][info][gc,task     ] GC(361) Using 10 workers of 10 for evacuation
[31.174s][info][gc,phases   ] GC(361)   Pre Evacuate Collection Set: 0.3ms
[31.175s][info][gc,phases   ] GC(361)   Merge Heap Roots: 0.2ms
[31.175s][info][gc,phases   ] GC(361)   Evacuate Collection Set: 3.8ms
[31.175s][info][gc,phases   ] GC(361)   Post Evacuate Collection Set: 0.6ms
[31.175s][info][gc,phases   ] GC(361)   Other: 0.1ms
[31.175s][info][gc,heap     ] GC(361) Eden regions: 1224->0(1224)
[31.175s][info][gc,heap     ] GC(361) Survivor regions: 4->4(110)
[31.175s][info][gc,heap     ] GC(361) Old regions: 668->647
[31.175s][info][gc,heap     ] GC(361) Humongous regions: 42->42
[31.175s][info][gc,metaspace] GC(361) Metaspace: 1890K(2048K)->1890K(2048K) NonClass: 1743K(1792K)->1743K(1792K) Class: 146K(256K)->146K(256K)
[31.175s][info][gc          ] GC(361) Pause Young (Mixed) (G1 Evacuation Pause) 1936M->692M(2048M) 5.300ms
[31.175s][info][gc,cpu      ] GC(361) User=0.00s Sys=0.00s Real=0.01s
[31.290s][info][gc,start    ] GC(362) Pause Young (Concurrent Start) (G1 Evacuation Pause)
[31.291s][info][gc,task     ] GC(362) Using 10 workers of 10 for evacuation
[31.296s][info][gc,phases   ] GC(362)   Pre Evacuate Collection Set: 0.4ms
[31.296s][info][gc,phases   ] GC(362)   Merge Heap Roots: 0.2ms
[31.296s][info][gc,phases   ] GC(362)   Evacuate Collection Set: 3.6ms
[31.296s][info][gc,phases   ] GC(362)   Post Evacuate Collection Set: 0.6ms
[31.296s][info][gc,phases   ] GC(362)   Other: 0.1ms
[31.296s][info][gc,heap     ] GC(362) Eden regions: 1224->0(1224)
[31.296s][info][gc,heap     ] GC(362) Survivor regions: 4->4(131)
[31.296s][info][gc,heap     ] GC(362) Old regions: 647->647
[31.296s][info][gc,heap     ] GC(362) Humongous regions: 42->42
[31.296s][info][gc,metaspace] GC(362) Metaspace: 1890K(2048K)->1890K(2048K) NonClass: 1743K(1792K)->1743K(1792K) Class: 146K(256K)->146K(256K)
[31.296s][info][gc          ] GC(362) Pause Young (Concurrent Start) (G1 Evacuation Pause) 1916M->692M(2048M) 5.260ms
[31.296s][info][gc,cpu      ] GC(362) User=0.00s Sys=0.00s Real=0.00s
[31.296s][info][gc          ] GC(363) Concurrent Mark Cycle
[31.296s][info][gc,marking  ] GC(363) Concurrent Scan Root Regions
[31.297s][info][gc,marking  ] GC(363) Concurrent Scan Root Regions 1.293ms
[31.297s][info][gc,marking  ] GC(363) Concurrent Mark
[31.297s][info][gc,marking  ] GC(363) Concurrent Mark From Roots
[31.297s][info][gc,task     ] GC(363) Using 3 workers of 3 for marking
[31.409s][info][gc,start    ] GC(364) Pause Young (Normal) (G1 Evacuation Pause)
[31.409s][info][gc,task     ] GC(364) Using 10 workers of 10 for evacuation
[31.414s][info][gc,phases   ] GC(364)   Pre Evacuate Collection Set: 0.3ms
[31.414s][info][gc,phases   ] GC(364)   Merge Heap Roots: 0.2ms
[31.414s][info][gc,phases   ] GC(364)   Evacuate Collection Set: 3.4ms
[31.414s][info][gc,phases   ] GC(364)   Post Evacuate Collection Set: 0.6ms
[31.414s][info][gc,phases   ] GC(364)   Other: 0.1ms
[31.414s][info][gc,heap     ] GC(364) Eden regions: 1224->0(1224)
[31.414s][info][gc,heap     ] GC(364) Survivor regions: 4->4(131)
[31.414s][info][gc,heap     ] GC(364) Old regions: 647->648
[31.414s][info][gc,heap     ] GC(364) Humongous regions: 42->42
[31.414s][info][gc,metaspace] GC(364) Metaspace: 1890K(2048K)->1890K(2048K) NonClass: 1743K(1792K)->1743K(1792K) Class: 146K(256K)->146K(256K)
[31.414s][info][gc          ] GC(364) Pause Young (Normal) (G1 Evacuation Pause) 1916M->692M(2048M) 4.832ms
[31.414s][info][gc,cpu      ] GC(364) User=0.02s Sys=0.00s Real=0.00s
[31.482s][info][gc,marking  ] GC(363) Concurrent Mark From Roots 184.886ms
[31.482s][info][gc,marking  ] GC(363) Concurrent Preclean
[31.482s][info][gc,marking  ] GC(363) Concurrent Preclean 0.047ms
[31.482s][info][gc,start    ] GC(363) Pause Remark
[31.483s][info][gc          ] GC(363) Pause Remark 1430M->1412M(2048M) 0.672ms
[31.483s][info][gc,cpu      ] GC(363) User=0.00s Sys=0.00s Real=0.00s
[31.483s][info][gc,marking  ] GC(363) Concurrent Mark 186.052ms
[31.483s][info][gc,marking  ] GC(363) Concurrent Rebuild Remembered Sets and Scrub Regions
[31.528s][info][gc,start    ] GC(365) Pause Young (Normal) (G1 Evacuation Pause)
[31.529s][info][gc,task     ] GC(365) Using 10 workers of 10 for evacuation
[31.534s][info][gc,phases   ] GC(365)   Pre Evacuate Collection Set: 0.3ms
[31.534s][info][gc,phases   ] GC(365)   Merge Heap Roots: 0.2ms
[31.534s][info][gc,phases   ] GC(365)   Evacuate Collection Set: 3.9ms
[31.534s][info][gc,phases   ] GC(365)   Post Evacuate Collection Set: 0.6ms
[31.534s][info][gc,phases   ] GC(365)   Other: 0.1ms
[31.534s][info][gc,heap     ] GC(365) Eden regions: 1224->0(1224)
[31.534s][info][gc,heap     ] GC(365) Survivor regions: 4->4(148)
[31.534s][info][gc,heap     ] GC(365) Old regions: 632->632
[31.534s][info][gc,heap     ] GC(365) Humongous regions: 40->40
[31.534s][info][gc,metaspace] GC(365) Metaspace: 1890K(2048K)->1890K(2048K) NonClass: 1743K(1792K)->1743K(1792K) Class: 146K(256K)->146K(256K)
[31.534s][info][gc          ] GC(365) Pause Young (Normal) (G1 Evacuation Pause) 1898M->674M(2048M) 5.429ms
[31.534s][info][gc,cpu      ] GC(365) User=0.00s Sys=0.00s Real=0.01s
[31.582s][info][gc,marking  ] GC(363) Concurrent Rebuild Remembered Sets and Scrub Regions 98.387ms
[31.582s][info][gc,start    ] GC(363) Pause Cleanup
[31.583s][info][gc          ] GC(363) Pause Cleanup 1187M->1187M(2048M) 0.618ms
[31.583s][info][gc,cpu      ] GC(363) User=0.02s Sys=0.00s Real=0.00s
[31.583s][info][gc,marking  ] GC(363) Concurrent Clear Claimed Marks
[31.583s][info][gc,marking  ] GC(363) Concurrent Clear Claimed Marks 0.037ms
[31.583s][info][gc,marking  ] GC(363) Concurrent Cleanup for Next Mark
[31.590s][info][gc,marking  ] GC(363) Concurrent Cleanup for Next Mark 7.143ms
[31.590s][info][gc          ] GC(363) Concurrent Mark Cycle 294.321ms
[31.652s][info][gc,start    ] GC(366) Pause Young (Prepare Mixed) (G1 Evacuation Pause)
[31.653s][info][gc,task     ] GC(366) Using 10 workers of 10 for evacuation
[31.657s][info][gc,phases   ] GC(366)   Pre Evacuate Collection Set: 0.3ms
[31.657s][info][gc,phases   ] GC(366)   Merge Heap Roots: 0.2ms
[31.658s][info][gc,phases   ] GC(366)   Evacuate Collection Set: 3.6ms
[31.658s][info][gc,phases   ] GC(366)   Post Evacuate Collection Set: 0.6ms
[31.658s][info][gc,phases   ] GC(366)   Other: 0.1ms
[31.658s][info][gc,heap     ] GC(366) Eden regions: 1224->0(1224)
[31.658s][info][gc,heap     ] GC(366) Survivor regions: 4->4(148)
[31.658s][info][gc,heap     ] GC(366) Old regions: 632->632
[31.658s][info][gc,heap     ] GC(366) Humongous regions: 40->40
[31.658s][info][gc,metaspace] GC(366) Metaspace: 1890K(2048K)->1890K(2048K) NonClass: 1743K(1792K)->1743K(1792K) Class: 146K(256K)->146K(256K)
[31.658s][info][gc          ] GC(366) Pause Young (Prepare Mixed) (G1 Evacuation Pause) 1898M->674M(2048M) 5.230ms
[31.658s][info][gc,cpu      ] GC(366) User=0.00s Sys=0.00s Real=0.00s
[31.773s][info][gc,start    ] GC(367) Pause Young (Mixed) (G1 Evacuation Pause)
[31.774s][info][gc,task     ] GC(367) Using 10 workers of 10 for evacuation
[31.780s][info][gc,phases   ] GC(367)   Pre Evacuate Collection Set: 0.3ms
[31.780s][info][gc,phases   ] GC(367)   Merge Heap Roots: 0.2ms
[31.780s][info][gc,phases   ] GC(367)   Evacuate Collection Set: 4.9ms
[31.780s][info][gc,phases   ] GC(367)   Post Evacuate Collection Set: 0.6ms
[31.780s][info][gc,phases   ] GC(367)   Other: 0.1ms
[31.780s][info][gc,heap     ] GC(367) Eden regions: 1224->0(1224)
[31.780s][info][gc,heap     ] GC(367) Survivor regions: 4->4(148)
[31.780s][info][gc,heap     ] GC(367) Old regions: 632->613
[31.780s][info][gc,heap     ] GC(367) Humongous regions: 40->40
[31.780s][info][gc,metaspace] GC(367) Metaspace: 1890K(2048K)->1890K(2048K) NonClass: 1743K(1792K)->1743K(1792K) Class: 146K(256K)->146K(256K)
[31.780s][info][gc          ] GC(367) Pause Young (Mixed) (G1 Evacuation Pause) 1898M->655M(2048M) 6.498ms
[31.780s][info][gc,cpu      ] GC(367) User=0.00s Sys=0.00s Real=0.01s
[31.896s][info][gc,start    ] GC(368) Pause Young (Concurrent Start) (G1 Evacuation Pause)
[31.896s][info][gc,task     ] GC(368) Using 10 workers of 10 for evacuation
[31.900s][info][gc,phases   ] GC(368)   Pre Evacuate Collection Set: 0.4ms
[31.900s][info][gc,phases   ] GC(368)   Merge Heap Roots: 0.2ms
[31.900s][info][gc,phases   ] GC(368)   Evacuate Collection Set: 3.4ms
[31.900s][info][gc,phases   ] GC(368)   Post Evacuate Collection Set: 0.6ms
[31.900s][info][gc,phases   ] GC(368)   Other: 0.1ms
[31.900s][info][gc,heap     ] GC(368) Eden regions: 1224->0(1224)
[31.900s][info][gc,heap     ] GC(368) Survivor regions: 4->4(154)
[31.900s][info][gc,heap     ] GC(368) Old regions: 613->613
[31.900s][info][gc,heap     ] GC(368) Humongous regions: 40->40
[31.901s][info][gc,metaspace] GC(368) Metaspace: 1890K(2048K)->1890K(2048K) NonClass: 1743K(1792K)->1743K(1792K) Class: 146K(256K)->146K(256K)
[31.901s][info][gc          ] GC(368) Pause Young (Concurrent Start) (G1 Evacuation Pause) 1879M->656M(2048M) 5.019ms
[31.901s][info][gc,cpu      ] GC(368) User=0.02s Sys=0.00s Real=0.00s
[31.901s][info][gc          ] GC(369) Concurrent Mark Cycle
[31.901s][info][gc,marking  ] GC(369) Concurrent Scan Root Regions
[31.902s][info][gc,marking  ] GC(369) Concurrent Scan Root Regions 1.304ms
[31.902s][info][gc,marking  ] GC(369) Concurrent Mark
[31.902s][info][gc,marking  ] GC(369) Concurrent Mark From Roots
[31.902s][info][gc,task     ] GC(369) Using 3 workers of 3 for marking
[32.016s][info][gc,start    ] GC(370) Pause Young (Normal) (G1 Evacuation Pause)
[32.016s][info][gc,task     ] GC(370) Using 10 workers of 10 for evacuation
[32.021s][info][gc,phases   ] GC(370)   Pre Evacuate Collection Set: 0.3ms
[32.021s][info][gc,phases   ] GC(370)   Merge Heap Roots: 0.2ms
[32.021s][info][gc,phases   ] GC(370)   Evacuate Collection Set: 3.8ms
[32.021s][info][gc,phases   ] GC(370)   Post Evacuate Collection Set: 0.6ms
[32.021s][info][gc,phases   ] GC(370)   Other: 0.1ms
[32.021s][info][gc,heap     ] GC(370) Eden regions: 1224->0(1224)
[32.021s][info][gc,heap     ] GC(370) Survivor regions: 4->4(154)
[32.021s][info][gc,heap     ] GC(370) Old regions: 613->613
[32.021s][info][gc,heap     ] GC(370) Humongous regions: 40->40
[32.021s][info][gc,metaspace] GC(370) Metaspace: 1890K(2048K)->1890K(2048K) NonClass: 1743K(1792K)->1743K(1792K) Class: 146K(256K)->146K(256K)
[32.021s][info][gc          ] GC(370) Pause Young (Normal) (G1 Evacuation Pause) 1880M->656M(2048M) 5.274ms
[32.021s][info][gc,cpu      ] GC(370) User=0.00s Sys=0.00s Real=0.01s
[32.080s][info][gc,marking  ] GC(369) Concurrent Mark From Roots 178.416ms
[32.081s][info][gc,marking  ] GC(369) Concurrent Preclean
[32.081s][info][gc,marking  ] GC(369) Concurrent Preclean 0.035ms
[32.081s][info][gc,start    ] GC(369) Pause Remark
[32.081s][info][gc          ] GC(369) Pause Remark 1290M->1281M(2048M) 0.724ms
[32.082s][info][gc,cpu      ] GC(369) User=0.00s Sys=0.00s Real=0.00s
[32.082s][info][gc,marking  ] GC(369) Concurrent Mark 179.634ms
[32.082s][info][gc,marking  ] GC(369) Concurrent Rebuild Remembered Sets and Scrub Regions
[32.137s][info][gc,start    ] GC(371) Pause Young (Normal) (G1 Evacuation Pause)
[32.137s][info][gc,task     ] GC(371) Using 10 workers of 10 for evacuation
[32.142s][info][gc,phases   ] GC(371)   Pre Evacuate Collection Set: 0.3ms
[32.142s][info][gc,phases   ] GC(371)   Merge Heap Roots: 0.2ms
[32.142s][info][gc,phases   ] GC(371)   Evacuate Collection Set: 4.0ms
[32.142s][info][gc,phases   ] GC(371)   Post Evacuate Collection Set: 0.6ms
[32.142s][info][gc,phases   ] GC(371)   Other: 0.1ms
[32.142s][info][gc,heap     ] GC(371) Eden regions: 1224->0(1224)
[32.142s][info][gc,heap     ] GC(371) Survivor regions: 4->4(154)
[32.142s][info][gc,heap     ] GC(371) Old regions: 605->606
[32.142s][info][gc,heap     ] GC(371) Humongous regions: 39->39
[32.142s][info][gc,metaspace] GC(371) Metaspace: 1890K(2048K)->1890K(2048K) NonClass: 1743K(1792K)->1743K(1792K) Class: 146K(256K)->146K(256K)
[32.142s][info][gc          ] GC(371) Pause Young (Normal) (G1 Evacuation Pause) 1871M->647M(2048M) 5.625ms
[32.142s][info][gc,cpu      ] GC(371) User=0.00s Sys=0.00s Real=0.01s
[32.178s][info][gc,marking  ] GC(369) Concurrent Rebuild Remembered Sets and Scrub Regions 96.786ms
[32.179s][info][gc,start    ] GC(369) Pause Cleanup
[32.179s][info][gc          ] GC(369) Pause Cleanup 1051M->1051M(2048M) 0.470ms
[32.179s][info][gc,cpu      ] GC(369) User=0.00s Sys=0.00s Real=0.00s
[32.179s][info][gc,marking  ] GC(369) Concurrent Clear Claimed Marks
[32.179s][info][gc,marking  ] GC(369) Concurrent Clear Claimed Marks 0.036ms
[32.179s][info][gc,marking  ] GC(369) Concurrent Cleanup for Next Mark
[32.187s][info][gc,marking  ] GC(369) Concurrent Cleanup for Next Mark 7.510ms
[32.187s][info][gc          ] GC(369) Concurrent Mark Cycle 286.538ms
[32.259s][info][gc,start    ] GC(372) Pause Young (Prepare Mixed) (G1 Evacuation Pause)
[32.260s][info][gc,task     ] GC(372) Using 10 workers of 10 for evacuation
[32.265s][info][gc,phases   ] GC(372)   Pre Evacuate Collection Set: 0.3ms
[32.265s][info][gc,phases   ] GC(372)   Merge Heap Roots: 0.2ms
[32.265s][info][gc,phases   ] GC(372)   Evacuate Collection Set: 3.7ms
[32.265s][info][gc,phases   ] GC(372)   Post Evacuate Collection Set: 0.6ms
[32.265s][info][gc,phases   ] GC(372)   Other: 0.1ms
[32.265s][info][gc,heap     ] GC(372) Eden regions: 1224->0(1224)
[32.265s][info][gc,heap     ] GC(372) Survivor regions: 4->4(154)
[32.265s][info][gc,heap     ] GC(372) Old regions: 606->606
[32.265s][info][gc,heap     ] GC(372) Humongous regions: 39->39
[32.265s][info][gc,metaspace] GC(372) Metaspace: 1891K(2048K)->1891K(2048K) NonClass: 1744K(1792K)->1744K(1792K) Class: 146K(256K)->146K(256K)
[32.265s][info][gc          ] GC(372) Pause Young (Prepare Mixed) (G1 Evacuation Pause) 1871M->647M(2048M) 5.253ms
[32.265s][info][gc,cpu      ] GC(372) User=0.00s Sys=0.00s Real=0.01s
[32.380s][info][gc,start    ] GC(373) Pause Young (Mixed) (G1 Evacuation Pause)
[32.381s][info][gc,task     ] GC(373) Using 10 workers of 10 for evacuation
[32.386s][info][gc,phases   ] GC(373)   Pre Evacuate Collection Set: 0.3ms
[32.386s][info][gc,phases   ] GC(373)   Merge Heap Roots: 0.2ms
[32.386s][info][gc,phases   ] GC(373)   Evacuate Collection Set: 4.2ms
[32.386s][info][gc,phases   ] GC(373)   Post Evacuate Collection Set: 0.6ms
[32.386s][info][gc,phases   ] GC(373)   Other: 0.1ms
[32.386s][info][gc,heap     ] GC(373) Eden regions: 1224->0(1224)
[32.386s][info][gc,heap     ] GC(373) Survivor regions: 4->4(154)
[32.386s][info][gc,heap     ] GC(373) Old regions: 606->586
[32.386s][info][gc,heap     ] GC(373) Humongous regions: 39->38
[32.386s][info][gc,metaspace] GC(373) Metaspace: 1892K(2048K)->1892K(2048K) NonClass: 1745K(1792K)->1745K(1792K) Class: 146K(256K)->146K(256K)
[32.386s][info][gc          ] GC(373) Pause Young (Mixed) (G1 Evacuation Pause) 1871M->627M(2048M) 5.651ms
[32.386s][info][gc,cpu      ] GC(373) User=0.02s Sys=0.00s Real=0.01s
[32.502s][info][gc,start    ] GC(374) Pause Young (Concurrent Start) (G1 Evacuation Pause)
[32.502s][info][gc,task     ] GC(374) Using 10 workers of 10 for evacuation
[32.507s][info][gc,phases   ] GC(374)   Pre Evacuate Collection Set: 0.4ms
[32.507s][info][gc,phases   ] GC(374)   Merge Heap Roots: 0.2ms
[32.507s][info][gc,phases   ] GC(374)   Evacuate Collection Set: 3.7ms
[32.507s][info][gc,phases   ] GC(374)   Post Evacuate Collection Set: 0.6ms
[32.507s][info][gc,phases   ] GC(374)   Other: 0.1ms
[32.507s][info][gc,heap     ] GC(374) Eden regions: 1224->0(1224)
[32.507s][info][gc,heap     ] GC(374) Survivor regions: 4->4(154)
[32.507s][info][gc,heap     ] GC(374) Old regions: 586->587
[32.507s][info][gc,heap     ] GC(374) Humongous regions: 38->38
[32.507s][info][gc,metaspace] GC(374) Metaspace: 1892K(2048K)->1892K(2048K) NonClass: 1745K(1792K)->1745K(1792K) Class: 146K(256K)->146K(256K)
[32.507s][info][gc          ] GC(374) Pause Young (Concurrent Start) (G1 Evacuation Pause) 1851M->627M(2048M) 5.349ms
[32.507s][info][gc,cpu      ] GC(374) User=0.00s Sys=0.00s Real=0.01s
[32.507s][info][gc          ] GC(375) Concurrent Mark Cycle
[32.507s][info][gc,marking  ] GC(375) Concurrent Scan Root Regions
[32.509s][info][gc,marking  ] GC(375) Concurrent Scan Root Regions 1.262ms
[32.509s][info][gc,marking  ] GC(375) Concurrent Mark
[32.509s][info][gc,marking  ] GC(375) Concurrent Mark From Roots
[32.509s][info][gc,task     ] GC(375) Using 3 workers of 3 for marking
[32.624s][info][gc,start    ] GC(376) Pause Young (Normal) (G1 Evacuation Pause)
[32.624s][info][gc,task     ] GC(376) Using 10 workers of 10 for evacuation
[32.628s][info][gc,phases   ] GC(376)   Pre Evacuate Collection Set: 0.3ms
[32.628s][info][gc,phases   ] GC(376)   Merge Heap Roots: 0.2ms
[32.628s][info][gc,phases   ] GC(376)   Evacuate Collection Set: 3.5ms
[32.628s][info][gc,phases   ] GC(376)   Post Evacuate Collection Set: 0.6ms
[32.628s][info][gc,phases   ] GC(376)   Other: 0.1ms
[32.628s][info][gc,heap     ] GC(376) Eden regions: 1224->0(1224)
[32.628s][info][gc,heap     ] GC(376) Survivor regions: 4->4(154)
[32.628s][info][gc,heap     ] GC(376) Old regions: 587->587
[32.628s][info][gc,heap     ] GC(376) Humongous regions: 38->38
[32.628s][info][gc,metaspace] GC(376) Metaspace: 1892K(2048K)->1892K(2048K) NonClass: 1745K(1792K)->1745K(1792K) Class: 146K(256K)->146K(256K)
[32.629s][info][gc          ] GC(376) Pause Young (Normal) (G1 Evacuation Pause) 1851M->627M(2048M) 5.023ms
[32.629s][info][gc,cpu      ] GC(376) User=0.00s Sys=0.00s Real=0.00s
[32.688s][info][gc,marking  ] GC(375) Concurrent Mark From Roots 179.310ms
[32.688s][info][gc,marking  ] GC(375) Concurrent Preclean
[32.688s][info][gc,marking  ] GC(375) Concurrent Preclean 0.046ms
[32.688s][info][gc,start    ] GC(375) Pause Remark
[32.689s][info][gc          ] GC(375) Pause Remark 1266M->1259M(2048M) 0.736ms
[32.689s][info][gc,cpu      ] GC(375) User=0.00s Sys=0.00s Real=0.00s
[32.689s][info][gc,marking  ] GC(375) Concurrent Mark 180.594ms
[32.689s][info][gc,marking  ] GC(375) Concurrent Rebuild Remembered Sets and Scrub Regions
[32.744s][info][gc,start    ] GC(377) Pause Young (Normal) (G1 Evacuation Pause)
[32.744s][info][gc,task     ] GC(377) Using 10 workers of 10 for evacuation
[32.749s][info][gc,phases   ] GC(377)   Pre Evacuate Collection Set: 0.3ms
[32.749s][info][gc,phases   ] GC(377)   Merge Heap Roots: 0.2ms
[32.749s][info][gc,phases   ] GC(377)   Evacuate Collection Set: 3.7ms
[32.749s][info][gc,phases   ] GC(377)   Post Evacuate Collection Set: 0.6ms
[32.749s][info][gc,phases   ] GC(377)   Other: 0.1ms
[32.749s][info][gc,heap     ] GC(377) Eden regions: 1224->0(1224)
[32.749s][info][gc,heap     ] GC(377) Survivor regions: 4->4(154)
[32.749s][info][gc,heap     ] GC(377) Old regions: 583->583
[32.749s][info][gc,heap     ] GC(377) Humongous regions: 35->35
[32.749s][info][gc,metaspace] GC(377) Metaspace: 1892K(2048K)->1892K(2048K) NonClass: 1745K(1792K)->1745K(1792K) Class: 146K(256K)->146K(256K)
[32.749s][info][gc          ] GC(377) Pause Young (Normal) (G1 Evacuation Pause) 1844M->620M(2048M) 5.155ms
[32.749s][info][gc,cpu      ] GC(377) User=0.00s Sys=0.00s Real=0.01s
[32.790s][info][gc,marking  ] GC(375) Concurrent Rebuild Remembered Sets and Scrub Regions 100.275ms
[32.790s][info][gc,start    ] GC(375) Pause Cleanup
[32.791s][info][gc          ] GC(375) Pause Cleanup 1070M->1070M(2048M) 0.679ms
[32.791s][info][gc,cpu      ] GC(375) User=0.00s Sys=0.00s Real=0.00s
[32.791s][info][gc,marking  ] GC(375) Concurrent Clear Claimed Marks
[32.791s][info][gc,marking  ] GC(375) Concurrent Clear Claimed Marks 0.039ms
[32.791s][info][gc,marking  ] GC(375) Concurrent Cleanup for Next Mark
[32.798s][info][gc,marking  ] GC(375) Concurrent Cleanup for Next Mark 7.296ms
[32.798s][info][gc          ] GC(375) Concurrent Mark Cycle 290.963ms
[32.867s][info][gc,start    ] GC(378) Pause Young (Prepare Mixed) (G1 Evacuation Pause)
[32.867s][info][gc,task     ] GC(378) Using 10 workers of 10 for evacuation
[32.871s][info][gc,phases   ] GC(378)   Pre Evacuate Collection Set: 0.3ms
[32.871s][info][gc,phases   ] GC(378)   Merge Heap Roots: 0.2ms
[32.871s][info][gc,phases   ] GC(378)   Evacuate Collection Set: 3.5ms
[32.871s][info][gc,phases   ] GC(378)   Post Evacuate Collection Set: 0.6ms
[32.871s][info][gc,phases   ] GC(378)   Other: 0.1ms
[32.872s][info][gc,heap     ] GC(378) Eden regions: 1224->0(1224)
[32.872s][info][gc,heap     ] GC(378) Survivor regions: 4->4(154)
[32.872s][info][gc,heap     ] GC(378) Old regions: 583->584
[32.872s][info][gc,heap     ] GC(378) Humongous regions: 35->35
[32.872s][info][gc,metaspace] GC(378) Metaspace: 1892K(2048K)->1892K(2048K) NonClass: 1745K(1792K)->1745K(1792K) Class: 146K(256K)->146K(256K)
[32.872s][info][gc          ] GC(378) Pause Young (Prepare Mixed) (G1 Evacuation Pause) 1844M->621M(2048M) 5.031ms
[32.872s][info][gc,cpu      ] GC(378) User=0.00s Sys=0.00s Real=0.01s
[32.987s][info][gc,start    ] GC(379) Pause Young (Mixed) (G1 Evacuation Pause)
[32.987s][info][gc,task     ] GC(379) Using 10 workers of 10 for evacuation
[32.992s][info][gc,phases   ] GC(379)   Pre Evacuate Collection Set: 0.3ms
[32.992s][info][gc,phases   ] GC(379)   Merge Heap Roots: 0.2ms
[32.992s][info][gc,phases   ] GC(379)   Evacuate Collection Set: 3.8ms
[32.992s][info][gc,phases   ] GC(379)   Post Evacuate Collection Set: 0.6ms
[32.992s][info][gc,phases   ] GC(379)   Other: 0.1ms
[32.992s][info][gc,heap     ] GC(379) Eden regions: 1224->0(1225)
[32.992s][info][gc,heap     ] GC(379) Survivor regions: 4->3(154)
[32.992s][info][gc,heap     ] GC(379) Old regions: 584->563
[32.992s][info][gc,heap     ] GC(379) Humongous regions: 35->35
[32.992s][info][gc,metaspace] GC(379) Metaspace: 1892K(2048K)->1892K(2048K) NonClass: 1745K(1792K)->1745K(1792K) Class: 146K(256K)->146K(256K)
[32.992s][info][gc          ] GC(379) Pause Young (Mixed) (G1 Evacuation Pause) 1845M->600M(2048M) 5.308ms
[32.992s][info][gc,cpu      ] GC(379) User=0.02s Sys=0.00s Real=0.01s
[33.108s][info][gc,start    ] GC(380) Pause Young (Concurrent Start) (G1 Evacuation Pause)
[33.109s][info][gc,task     ] GC(380) Using 10 workers of 10 for evacuation
[33.113s][info][gc,phases   ] GC(380)   Pre Evacuate Collection Set: 0.3ms
[33.113s][info][gc,phases   ] GC(380)   Merge Heap Roots: 0.2ms
[33.114s][info][gc,phases   ] GC(380)   Evacuate Collection Set: 3.6ms
[33.114s][info][gc,phases   ] GC(380)   Post Evacuate Collection Set: 0.6ms
[33.114s][info][gc,phases   ] GC(380)   Other: 0.1ms
[33.114s][info][gc,heap     ] GC(380) Eden regions: 1225->0(1224)
[33.114s][info][gc,heap     ] GC(380) Survivor regions: 3->4(154)
[33.114s][info][gc,heap     ] GC(380) Old regions: 563->563
[33.114s][info][gc,heap     ] GC(380) Humongous regions: 35->35
[33.114s][info][gc,metaspace] GC(380) Metaspace: 1892K(2048K)->1892K(2048K) NonClass: 1745K(1792K)->1745K(1792K) Class: 146K(256K)->146K(256K)
[33.114s][info][gc          ] GC(380) Pause Young (Concurrent Start) (G1 Evacuation Pause) 1825M->600M(2048M) 5.246ms
[33.114s][info][gc,cpu      ] GC(380) User=0.00s Sys=0.00s Real=0.01s
[33.114s][info][gc          ] GC(381) Concurrent Mark Cycle
[33.114s][info][gc,marking  ] GC(381) Concurrent Scan Root Regions
[33.115s][info][gc,marking  ] GC(381) Concurrent Scan Root Regions 1.254ms
[33.115s][info][gc,marking  ] GC(381) Concurrent Mark
[33.115s][info][gc,marking  ] GC(381) Concurrent Mark From Roots
[33.115s][info][gc,task     ] GC(381) Using 3 workers of 3 for marking
[33.227s][info][gc,start    ] GC(382) Pause Young (Normal) (G1 Evacuation Pause)
[33.227s][info][gc,task     ] GC(382) Using 10 workers of 10 for evacuation
[33.232s][info][gc,phases   ] GC(382)   Pre Evacuate Collection Set: 0.3ms
[33.232s][info][gc,phases   ] GC(382)   Merge Heap Roots: 0.2ms
[33.232s][info][gc,phases   ] GC(382)   Evacuate Collection Set: 3.5ms
[33.232s][info][gc,phases   ] GC(382)   Post Evacuate Collection Set: 0.6ms
[33.232s][info][gc,phases   ] GC(382)   Other: 0.1ms
[33.232s][info][gc,heap     ] GC(382) Eden regions: 1224->0(1224)
[33.232s][info][gc,heap     ] GC(382) Survivor regions: 4->4(154)
[33.232s][info][gc,heap     ] GC(382) Old regions: 563->563
[33.232s][info][gc,heap     ] GC(382) Humongous regions: 35->35
[33.232s][info][gc,metaspace] GC(382) Metaspace: 1892K(2048K)->1892K(2048K) NonClass: 1745K(1792K)->1745K(1792K) Class: 146K(256K)->146K(256K)
[33.232s][info][gc          ] GC(382) Pause Young (Normal) (G1 Evacuation Pause) 1824M->600M(2048M) 5.050ms
[33.232s][info][gc,cpu      ] GC(382) User=0.00s Sys=0.00s Real=0.00s
[33.309s][info][gc,marking  ] GC(381) Concurrent Mark From Roots 194.015ms
[33.309s][info][gc,marking  ] GC(381) Concurrent Preclean
[33.309s][info][gc,marking  ] GC(381) Concurrent Preclean 0.074ms
[33.310s][info][gc,start    ] GC(381) Pause Remark
[33.310s][info][gc          ] GC(381) Pause Remark 1434M->1427M(2048M) 0.739ms
[33.310s][info][gc,cpu      ] GC(381) User=0.00s Sys=0.00s Real=0.00s
[33.310s][info][gc,marking  ] GC(381) Concurrent Mark 195.332ms
[33.310s][info][gc,marking  ] GC(381) Concurrent Rebuild Remembered Sets and Scrub Regions
[33.347s][info][gc,start    ] GC(383) Pause Young (Normal) (G1 Evacuation Pause)
[33.347s][info][gc,task     ] GC(383) Using 10 workers of 10 for evacuation
[33.352s][info][gc,phases   ] GC(383)   Pre Evacuate Collection Set: 0.3ms
[33.352s][info][gc,phases   ] GC(383)   Merge Heap Roots: 0.2ms
[33.352s][info][gc,phases   ] GC(383)   Evacuate Collection Set: 3.9ms
[33.352s][info][gc,phases   ] GC(383)   Post Evacuate Collection Set: 0.6ms
[33.352s][info][gc,phases   ] GC(383)   Other: 0.1ms
[33.352s][info][gc,heap     ] GC(383) Eden regions: 1224->0(1224)
[33.352s][info][gc,heap     ] GC(383) Survivor regions: 4->4(154)
[33.352s][info][gc,heap     ] GC(383) Old regions: 557->557
[33.352s][info][gc,heap     ] GC(383) Humongous regions: 34->34
[33.352s][info][gc,metaspace] GC(383) Metaspace: 1892K(2048K)->1892K(2048K) NonClass: 1745K(1792K)->1745K(1792K) Class: 146K(256K)->146K(256K)
[33.352s][info][gc          ] GC(383) Pause Young (Normal) (G1 Evacuation Pause) 1817M->593M(2048M) 5.364ms
[33.352s][info][gc,cpu      ] GC(383) User=0.02s Sys=0.00s Real=0.00s
[33.413s][info][gc,marking  ] GC(381) Concurrent Rebuild Remembered Sets and Scrub Regions 102.960ms
[33.414s][info][gc,start    ] GC(381) Pause Cleanup
[33.414s][info][gc          ] GC(381) Pause Cleanup 1271M->1271M(2048M) 0.463ms
[33.414s][info][gc,cpu      ] GC(381) User=0.00s Sys=0.00s Real=0.00s
[33.414s][info][gc,marking  ] GC(381) Concurrent Clear Claimed Marks
[33.414s][info][gc,marking  ] GC(381) Concurrent Clear Claimed Marks 0.036ms
[33.414s][info][gc,marking  ] GC(381) Concurrent Cleanup for Next Mark
[33.422s][info][gc,marking  ] GC(381) Concurrent Cleanup for Next Mark 7.397ms
[33.422s][info][gc          ] GC(381) Concurrent Mark Cycle 308.247ms
[33.468s][info][gc,start    ] GC(384) Pause Young (Prepare Mixed) (G1 Evacuation Pause)
[33.469s][info][gc,task     ] GC(384) Using 10 workers of 10 for evacuation
[33.473s][info][gc,phases   ] GC(384)   Pre Evacuate Collection Set: 0.3ms
[33.474s][info][gc,phases   ] GC(384)   Merge Heap Roots: 0.2ms
[33.474s][info][gc,phases   ] GC(384)   Evacuate Collection Set: 3.7ms
[33.474s][info][gc,phases   ] GC(384)   Post Evacuate Collection Set: 0.6ms
[33.474s][info][gc,phases   ] GC(384)   Other: 0.1ms
[33.474s][info][gc,heap     ] GC(384) Eden regions: 1224->0(1224)
[33.474s][info][gc,heap     ] GC(384) Survivor regions: 4->4(154)
[33.474s][info][gc,heap     ] GC(384) Old regions: 557->557
[33.474s][info][gc,heap     ] GC(384) Humongous regions: 34->34
[33.474s][info][gc,metaspace] GC(384) Metaspace: 1892K(2048K)->1892K(2048K) NonClass: 1745K(1792K)->1745K(1792K) Class: 146K(256K)->146K(256K)
[33.474s][info][gc          ] GC(384) Pause Young (Prepare Mixed) (G1 Evacuation Pause) 1817M->594M(2048M) 5.195ms
[33.474s][info][gc,cpu      ] GC(384) User=0.00s Sys=0.00s Real=0.01s
[33.589s][info][gc,start    ] GC(385) Pause Young (Mixed) (G1 Evacuation Pause)
[33.589s][info][gc,task     ] GC(385) Using 10 workers of 10 for evacuation
[33.594s][info][gc,phases   ] GC(385)   Pre Evacuate Collection Set: 0.3ms
[33.594s][info][gc,phases   ] GC(385)   Merge Heap Roots: 0.2ms
[33.594s][info][gc,phases   ] GC(385)   Evacuate Collection Set: 4.1ms
[33.594s][info][gc,phases   ] GC(385)   Post Evacuate Collection Set: 0.6ms
[33.595s][info][gc,phases   ] GC(385)   Other: 0.1ms
[33.595s][info][gc,heap     ] GC(385) Eden regions: 1224->0(1225)
[33.595s][info][gc,heap     ] GC(385) Survivor regions: 4->3(154)
[33.595s][info][gc,heap     ] GC(385) Old regions: 557->536
[33.595s][info][gc,heap     ] GC(385) Humongous regions: 34->34
[33.595s][info][gc,metaspace] GC(385) Metaspace: 1892K(2048K)->1892K(2048K) NonClass: 1745K(1792K)->1745K(1792K) Class: 146K(256K)->146K(256K)
[33.595s][info][gc          ] GC(385) Pause Young (Mixed) (G1 Evacuation Pause) 1818M->572M(2048M) 5.601ms
[33.595s][info][gc,cpu      ] GC(385) User=0.00s Sys=0.00s Real=0.01s
[33.710s][info][gc,start    ] GC(386) Pause Young (Concurrent Start) (G1 Evacuation Pause)
[33.711s][info][gc,task     ] GC(386) Using 10 workers of 10 for evacuation
[33.715s][info][gc,phases   ] GC(386)   Pre Evacuate Collection Set: 0.4ms
[33.716s][info][gc,phases   ] GC(386)   Merge Heap Roots: 0.2ms
[33.716s][info][gc,phases   ] GC(386)   Evacuate Collection Set: 3.5ms
[33.716s][info][gc,phases   ] GC(386)   Post Evacuate Collection Set: 0.7ms
[33.716s][info][gc,phases   ] GC(386)   Other: 0.1ms
[33.716s][info][gc,heap     ] GC(386) Eden regions: 1225->0(1225)
[33.716s][info][gc,heap     ] GC(386) Survivor regions: 3->3(154)
[33.716s][info][gc,heap     ] GC(386) Old regions: 536->536
[33.716s][info][gc,heap     ] GC(386) Humongous regions: 34->34
[33.716s][info][gc,metaspace] GC(386) Metaspace: 1892K(2048K)->1892K(2048K) NonClass: 1745K(1792K)->1745K(1792K) Class: 146K(256K)->146K(256K)
[33.716s][info][gc          ] GC(386) Pause Young (Concurrent Start) (G1 Evacuation Pause) 1797M->572M(2048M) 6.127ms
[33.717s][info][gc,cpu      ] GC(386) User=0.00s Sys=0.00s Real=0.01s
[33.717s][info][gc          ] GC(387) Concurrent Mark Cycle
[33.717s][info][gc,marking  ] GC(387) Concurrent Scan Root Regions
[33.718s][info][gc,marking  ] GC(387) Concurrent Scan Root Regions 1.197ms
[33.718s][info][gc,marking  ] GC(387) Concurrent Mark
[33.718s][info][gc,marking  ] GC(387) Concurrent Mark From Roots
[33.718s][info][gc,task     ] GC(387) Using 3 workers of 3 for marking
[33.831s][info][gc,start    ] GC(388) Pause Young (Normal) (G1 Evacuation Pause)
[33.831s][info][gc,task     ] GC(388) Using 10 workers of 10 for evacuation
[33.835s][info][gc,phases   ] GC(388)   Pre Evacuate Collection Set: 0.3ms
[33.835s][info][gc,phases   ] GC(388)   Merge Heap Roots: 0.2ms
[33.835s][info][gc,phases   ] GC(388)   Evacuate Collection Set: 3.5ms
[33.835s][info][gc,phases   ] GC(388)   Post Evacuate Collection Set: 0.6ms
[33.835s][info][gc,phases   ] GC(388)   Other: 0.1ms
[33.835s][info][gc,heap     ] GC(388) Eden regions: 1225->0(1225)
[33.835s][info][gc,heap     ] GC(388) Survivor regions: 3->3(154)
[33.835s][info][gc,heap     ] GC(388) Old regions: 536->536
[33.835s][info][gc,heap     ] GC(388) Humongous regions: 34->34
[33.835s][info][gc,metaspace] GC(388) Metaspace: 1892K(2048K)->1892K(2048K) NonClass: 1745K(1792K)->1745K(1792K) Class: 146K(256K)->146K(256K)
[33.835s][info][gc          ] GC(388) Pause Young (Normal) (G1 Evacuation Pause) 1797M->572M(2048M) 4.977ms
[33.835s][info][gc,cpu      ] GC(388) User=0.00s Sys=0.00s Real=0.00s
[33.912s][info][gc,marking  ] GC(387) Concurrent Mark From Roots 193.734ms
[33.912s][info][gc,marking  ] GC(387) Concurrent Preclean
[33.912s][info][gc,marking  ] GC(387) Concurrent Preclean 0.044ms
[33.912s][info][gc,start    ] GC(387) Pause Remark
[33.913s][info][gc          ] GC(387) Pause Remark 1402M->1391M(2048M) 0.770ms
[33.913s][info][gc,cpu      ] GC(387) User=0.00s Sys=0.00s Real=0.00s
[33.913s][info][gc,marking  ] GC(387) Concurrent Mark 195.067ms
[33.913s][info][gc,marking  ] GC(387) Concurrent Rebuild Remembered Sets and Scrub Regions
[33.950s][info][gc,start    ] GC(389) Pause Young (Normal) (G1 Evacuation Pause)
[33.950s][info][gc,task     ] GC(389) Using 10 workers of 10 for evacuation
[33.955s][info][gc,phases   ] GC(389)   Pre Evacuate Collection Set: 0.3ms
[33.955s][info][gc,phases   ] GC(389)   Merge Heap Roots: 0.2ms
[33.955s][info][gc,phases   ] GC(389)   Evacuate Collection Set: 3.8ms
[33.955s][info][gc,phases   ] GC(389)   Post Evacuate Collection Set: 0.6ms
[33.955s][info][gc,phases   ] GC(389)   Other: 0.1ms
[33.955s][info][gc,heap     ] GC(389) Eden regions: 1225->0(1225)
[33.955s][info][gc,heap     ] GC(389) Survivor regions: 3->3(154)
[33.955s][info][gc,heap     ] GC(389) Old regions: 528->528
[33.955s][info][gc,heap     ] GC(389) Humongous regions: 31->31
[33.955s][info][gc,metaspace] GC(389) Metaspace: 1892K(2048K)->1892K(2048K) NonClass: 1745K(1792K)->1745K(1792K) Class: 146K(256K)->146K(256K)
[33.955s][info][gc          ] GC(389) Pause Young (Normal) (G1 Evacuation Pause) 1786M->561M(2048M) 5.240ms
[33.955s][info][gc,cpu      ] GC(389) User=0.00s Sys=0.00s Real=0.01s
[34.016s][info][gc,marking  ] GC(387) Concurrent Rebuild Remembered Sets and Scrub Regions 103.534ms
[34.017s][info][gc,start    ] GC(387) Pause Cleanup
[34.017s][info][gc          ] GC(387) Pause Cleanup 1236M->1236M(2048M) 0.482ms
[34.017s][info][gc,cpu      ] GC(387) User=0.00s Sys=0.00s Real=0.00s
[34.017s][info][gc,marking  ] GC(387) Concurrent Clear Claimed Marks
[34.017s][info][gc,marking  ] GC(387) Concurrent Clear Claimed Marks 0.047ms
[34.017s][info][gc,marking  ] GC(387) Concurrent Cleanup for Next Mark
[34.025s][info][gc,marking  ] GC(387) Concurrent Cleanup for Next Mark 7.051ms
[34.025s][info][gc          ] GC(387) Concurrent Mark Cycle 308.135ms
[34.072s][info][gc,start    ] GC(390) Pause Young (Prepare Mixed) (G1 Evacuation Pause)
[34.072s][info][gc,task     ] GC(390) Using 10 workers of 10 for evacuation
[34.076s][info][gc,phases   ] GC(390)   Pre Evacuate Collection Set: 0.3ms
[34.076s][info][gc,phases   ] GC(390)   Merge Heap Roots: 0.2ms
[34.076s][info][gc,phases   ] GC(390)   Evacuate Collection Set: 3.3ms
[34.076s][info][gc,phases   ] GC(390)   Post Evacuate Collection Set: 0.6ms
[34.077s][info][gc,phases   ] GC(390)   Other: 0.1ms
[34.077s][info][gc,heap     ] GC(390) Eden regions: 1225->0(1225)
[34.077s][info][gc,heap     ] GC(390) Survivor regions: 3->3(154)
[34.077s][info][gc,heap     ] GC(390) Old regions: 528->529
[34.077s][info][gc,heap     ] GC(390) Humongous regions: 31->31
[34.077s][info][gc,metaspace] GC(390) Metaspace: 1892K(2048K)->1892K(2048K) NonClass: 1745K(1792K)->1745K(1792K) Class: 146K(256K)->146K(256K)
[34.077s][info][gc          ] GC(390) Pause Young (Prepare Mixed) (G1 Evacuation Pause) 1786M->561M(2048M) 4.764ms
[34.077s][info][gc,cpu      ] GC(390) User=0.00s Sys=0.00s Real=0.01s
[34.193s][info][gc,start    ] GC(391) Pause Young (Mixed) (G1 Evacuation Pause)
[34.193s][info][gc,task     ] GC(391) Using 10 workers of 10 for evacuation
[34.198s][info][gc,phases   ] GC(391)   Pre Evacuate Collection Set: 0.3ms
[34.198s][info][gc,phases   ] GC(391)   Merge Heap Roots: 0.2ms
[34.198s][info][gc,phases   ] GC(391)   Evacuate Collection Set: 3.8ms
[34.198s][info][gc,phases   ] GC(391)   Post Evacuate Collection Set: 0.6ms
[34.198s][info][gc,phases   ] GC(391)   Other: 0.1ms
[34.198s][info][gc,heap     ] GC(391) Eden regions: 1225->0(1225)
[34.198s][info][gc,heap     ] GC(391) Survivor regions: 3->3(154)
[34.198s][info][gc,heap     ] GC(391) Old regions: 529->507
[34.198s][info][gc,heap     ] GC(391) Humongous regions: 31->29
[34.198s][info][gc,metaspace] GC(391) Metaspace: 1892K(2048K)->1892K(2048K) NonClass: 1745K(1792K)->1745K(1792K) Class: 146K(256K)->146K(256K)
[34.198s][info][gc          ] GC(391) Pause Young (Mixed) (G1 Evacuation Pause) 1786M->537M(2048M) 5.268ms
[34.198s][info][gc,cpu      ] GC(391) User=0.02s Sys=0.00s Real=0.01s
[34.314s][info][gc,start    ] GC(392) Pause Young (Concurrent Start) (G1 Evacuation Pause)
[34.314s][info][gc,task     ] GC(392) Using 10 workers of 10 for evacuation
[34.318s][info][gc,phases   ] GC(392)   Pre Evacuate Collection Set: 0.4ms
[34.318s][info][gc,phases   ] GC(392)   Merge Heap Roots: 0.2ms
[34.318s][info][gc,phases   ] GC(392)   Evacuate Collection Set: 3.1ms
[34.318s][info][gc,phases   ] GC(392)   Post Evacuate Collection Set: 0.6ms
[34.318s][info][gc,phases   ] GC(392)   Other: 0.1ms
[34.318s][info][gc,heap     ] GC(392) Eden regions: 1225->0(1225)
[34.318s][info][gc,heap     ] GC(392) Survivor regions: 3->3(154)
[34.318s][info][gc,heap     ] GC(392) Old regions: 507->507
[34.318s][info][gc,heap     ] GC(392) Humongous regions: 29->29
[34.318s][info][gc,metaspace] GC(392) Metaspace: 1892K(2048K)->1892K(2048K) NonClass: 1745K(1792K)->1745K(1792K) Class: 146K(256K)->146K(256K)
[34.318s][info][gc          ] GC(392) Pause Young (Concurrent Start) (G1 Evacuation Pause) 1762M->538M(2048M) 4.584ms
[34.318s][info][gc,cpu      ] GC(392) User=0.00s Sys=0.00s Real=0.00s
[34.318s][info][gc          ] GC(393) Concurrent Mark Cycle
[34.318s][info][gc,marking  ] GC(393) Concurrent Scan Root Regions
[34.320s][info][gc,marking  ] GC(393) Concurrent Scan Root Regions 1.261ms
[34.320s][info][gc,marking  ] GC(393) Concurrent Mark
[34.320s][info][gc,marking  ] GC(393) Concurrent Mark From Roots
[34.320s][info][gc,task     ] GC(393) Using 3 workers of 3 for marking
[34.432s][info][gc,start    ] GC(394) Pause Young (Normal) (G1 Evacuation Pause)
[34.435s][info][gc,task     ] GC(394) Using 10 workers of 10 for evacuation
[34.440s][info][gc,phases   ] GC(394)   Pre Evacuate Collection Set: 0.2ms
[34.440s][info][gc,phases   ] GC(394)   Merge Heap Roots: 0.2ms
[34.440s][info][gc,phases   ] GC(394)   Evacuate Collection Set: 3.1ms
[34.440s][info][gc,phases   ] GC(394)   Post Evacuate Collection Set: 0.6ms
[34.440s][info][gc,phases   ] GC(394)   Other: 0.1ms
[34.440s][info][gc,heap     ] GC(394) Eden regions: 1225->0(1225)
[34.440s][info][gc,heap     ] GC(394) Survivor regions: 3->3(154)
[34.440s][info][gc,heap     ] GC(394) Old regions: 507->507
[34.440s][info][gc,heap     ] GC(394) Humongous regions: 29->29
[34.440s][info][gc,metaspace] GC(394) Metaspace: 1892K(2048K)->1892K(2048K) NonClass: 1745K(1792K)->1745K(1792K) Class: 146K(256K)->146K(256K)
[34.440s][info][gc          ] GC(394) Pause Young (Normal) (G1 Evacuation Pause) 1763M->538M(2048M) 7.836ms
[34.440s][info][gc,cpu      ] GC(394) User=0.00s Sys=0.00s Real=0.01s
[34.513s][info][gc,marking  ] GC(393) Concurrent Mark From Roots 193.711ms
[34.514s][info][gc,marking  ] GC(393) Concurrent Preclean
[34.514s][info][gc,marking  ] GC(393) Concurrent Preclean 0.044ms
[34.514s][info][gc,start    ] GC(393) Pause Remark
[34.515s][info][gc          ] GC(393) Pause Remark 1341M->1334M(2048M) 0.729ms
[34.515s][info][gc,cpu      ] GC(393) User=0.00s Sys=0.00s Real=0.00s
[34.515s][info][gc,marking  ] GC(393) Concurrent Mark 194.994ms
[34.515s][info][gc,marking  ] GC(393) Concurrent Rebuild Remembered Sets and Scrub Regions
[34.554s][info][gc,start    ] GC(395) Pause Young (Normal) (G1 Evacuation Pause)
[34.554s][info][gc,task     ] GC(395) Using 10 workers of 10 for evacuation
[34.559s][info][gc,phases   ] GC(395)   Pre Evacuate Collection Set: 0.3ms
[34.559s][info][gc,phases   ] GC(395)   Merge Heap Roots: 0.2ms
[34.559s][info][gc,phases   ] GC(395)   Evacuate Collection Set: 3.6ms
[34.559s][info][gc,phases   ] GC(395)   Post Evacuate Collection Set: 0.6ms
[34.559s][info][gc,phases   ] GC(395)   Other: 0.1ms
[34.559s][info][gc,heap     ] GC(395) Eden regions: 1225->0(1225)
[34.559s][info][gc,heap     ] GC(395) Survivor regions: 3->3(154)
[34.559s][info][gc,heap     ] GC(395) Old regions: 504->504
[34.559s][info][gc,heap     ] GC(395) Humongous regions: 25->25
[34.559s][info][gc,metaspace] GC(395) Metaspace: 1892K(2048K)->1892K(2048K) NonClass: 1745K(1792K)->1745K(1792K) Class: 146K(256K)->146K(256K)
[34.559s][info][gc          ] GC(395) Pause Young (Normal) (G1 Evacuation Pause) 1756M->531M(2048M) 5.013ms
[34.559s][info][gc,cpu      ] GC(395) User=0.00s Sys=0.00s Real=0.00s
[34.621s][info][gc,marking  ] GC(393) Concurrent Rebuild Remembered Sets and Scrub Regions 105.896ms
[34.621s][info][gc,start    ] GC(393) Pause Cleanup
[34.621s][info][gc          ] GC(393) Pause Cleanup 1207M->1207M(2048M) 0.453ms
[34.621s][info][gc,cpu      ] GC(393) User=0.00s Sys=0.00s Real=0.00s
[34.622s][info][gc,marking  ] GC(393) Concurrent Clear Claimed Marks
[34.622s][info][gc,marking  ] GC(393) Concurrent Clear Claimed Marks 0.043ms
[34.622s][info][gc,marking  ] GC(393) Concurrent Cleanup for Next Mark
[34.629s][info][gc,marking  ] GC(393) Concurrent Cleanup for Next Mark 7.572ms
[34.629s][info][gc          ] GC(393) Concurrent Mark Cycle 311.130ms
[34.677s][info][gc,start    ] GC(396) Pause Young (Prepare Mixed) (G1 Evacuation Pause)
[34.677s][info][gc,task     ] GC(396) Using 10 workers of 10 for evacuation
[34.683s][info][gc,phases   ] GC(396)   Pre Evacuate Collection Set: 0.3ms
[34.683s][info][gc,phases   ] GC(396)   Merge Heap Roots: 0.3ms
[34.683s][info][gc,phases   ] GC(396)   Evacuate Collection Set: 3.9ms
[34.683s][info][gc,phases   ] GC(396)   Post Evacuate Collection Set: 0.6ms
[34.683s][info][gc,phases   ] GC(396)   Other: 0.1ms
[34.683s][info][gc,heap     ] GC(396) Eden regions: 1225->0(1225)
[34.683s][info][gc,heap     ] GC(396) Survivor regions: 3->3(154)
[34.683s][info][gc,heap     ] GC(396) Old regions: 504->505
[34.683s][info][gc,heap     ] GC(396) Humongous regions: 25->25
[34.683s][info][gc,metaspace] GC(396) Metaspace: 1892K(2048K)->1892K(2048K) NonClass: 1745K(1792K)->1745K(1792K) Class: 146K(256K)->146K(256K)
[34.683s][info][gc          ] GC(396) Pause Young (Prepare Mixed) (G1 Evacuation Pause) 1756M->531M(2048M) 5.565ms
[34.683s][info][gc,cpu      ] GC(396) User=0.00s Sys=0.00s Real=0.01s
[34.798s][info][gc,start    ] GC(397) Pause Young (Mixed) (G1 Evacuation Pause)
[34.799s][info][gc,task     ] GC(397) Using 10 workers of 10 for evacuation
[34.804s][info][gc,phases   ] GC(397)   Pre Evacuate Collection Set: 0.3ms
[34.804s][info][gc,phases   ] GC(397)   Merge Heap Roots: 0.2ms
[34.804s][info][gc,phases   ] GC(397)   Evacuate Collection Set: 4.1ms
[34.804s][info][gc,phases   ] GC(397)   Post Evacuate Collection Set: 0.7ms
[34.804s][info][gc,phases   ] GC(397)   Other: 0.1ms
[34.804s][info][gc,heap     ] GC(397) Eden regions: 1225->0(1225)
[34.804s][info][gc,heap     ] GC(397) Survivor regions: 3->3(154)
[34.804s][info][gc,heap     ] GC(397) Old regions: 505->482
[34.804s][info][gc,heap     ] GC(397) Humongous regions: 25->25
[34.804s][info][gc,metaspace] GC(397) Metaspace: 1892K(2048K)->1892K(2048K) NonClass: 1745K(1792K)->1745K(1792K) Class: 146K(256K)->146K(256K)
[34.804s][info][gc          ] GC(397) Pause Young (Mixed) (G1 Evacuation Pause) 1756M->509M(2048M) 5.899ms
[34.804s][info][gc,cpu      ] GC(397) User=0.00s Sys=0.00s Real=0.01s
[34.920s][info][gc,start    ] GC(398) Pause Young (Normal) (G1 Evacuation Pause)
[34.920s][info][gc,task     ] GC(398) Using 10 workers of 10 for evacuation
[34.924s][info][gc,phases   ] GC(398)   Pre Evacuate Collection Set: 0.3ms
[34.924s][info][gc,phases   ] GC(398)   Merge Heap Roots: 0.2ms
[34.924s][info][gc,phases   ] GC(398)   Evacuate Collection Set: 3.1ms
[34.924s][info][gc,phases   ] GC(398)   Post Evacuate Collection Set: 0.6ms
[34.924s][info][gc,phases   ] GC(398)   Other: 0.1ms
[34.924s][info][gc,heap     ] GC(398) Eden regions: 1225->0(1225)
[34.924s][info][gc,heap     ] GC(398) Survivor regions: 3->3(154)
[34.924s][info][gc,heap     ] GC(398) Old regions: 482->482
[34.925s][info][gc,heap     ] GC(398) Humongous regions: 25->25
[34.925s][info][gc,metaspace] GC(398) Metaspace: 1892K(2048K)->1892K(2048K) NonClass: 1745K(1792K)->1745K(1792K) Class: 146K(256K)->146K(256K)
[34.925s][info][gc          ] GC(398) Pause Young (Normal) (G1 Evacuation Pause) 1734M->509M(2048M) 4.580ms
[34.925s][info][gc,cpu      ] GC(398) User=0.00s Sys=0.00s Real=0.00s
[35.040s][info][gc,start    ] GC(399) Pause Young (Normal) (G1 Evacuation Pause)
[35.041s][info][gc,task     ] GC(399) Using 10 workers of 10 for evacuation
[35.045s][info][gc,phases   ] GC(399)   Pre Evacuate Collection Set: 0.3ms
[35.045s][info][gc,phases   ] GC(399)   Merge Heap Roots: 0.2ms
[35.045s][info][gc,phases   ] GC(399)   Evacuate Collection Set: 3.3ms
[35.045s][info][gc,phases   ] GC(399)   Post Evacuate Collection Set: 0.6ms
[35.045s][info][gc,phases   ] GC(399)   Other: 0.1ms
[35.045s][info][gc,heap     ] GC(399) Eden regions: 1225->0(1225)
[35.045s][info][gc,heap     ] GC(399) Survivor regions: 3->3(154)
[35.045s][info][gc,heap     ] GC(399) Old regions: 482->482
[35.045s][info][gc,heap     ] GC(399) Humongous regions: 25->25
[35.045s][info][gc,metaspace] GC(399) Metaspace: 1892K(2048K)->1892K(2048K) NonClass: 1745K(1792K)->1745K(1792K) Class: 146K(256K)->146K(256K)
[35.045s][info][gc          ] GC(399) Pause Young (Normal) (G1 Evacuation Pause) 1734M->509M(2048M) 4.966ms
[35.045s][info][gc,cpu      ] GC(399) User=0.00s Sys=0.00s Real=0.00s
[35.161s][info][gc,start    ] GC(400) Pause Young (Normal) (G1 Evacuation Pause)
[35.161s][info][gc,task     ] GC(400) Using 10 workers of 10 for evacuation
[35.165s][info][gc,phases   ] GC(400)   Pre Evacuate Collection Set: 0.3ms
[35.165s][info][gc,phases   ] GC(400)   Merge Heap Roots: 0.2ms
[35.165s][info][gc,phases   ] GC(400)   Evacuate Collection Set: 3.0ms
[35.165s][info][gc,phases   ] GC(400)   Post Evacuate Collection Set: 0.6ms
[35.165s][info][gc,phases   ] GC(400)   Other: 0.1ms
[35.165s][info][gc,heap     ] GC(400) Eden regions: 1225->0(1225)
[35.165s][info][gc,heap     ] GC(400) Survivor regions: 3->3(154)
[35.165s][info][gc,heap     ] GC(400) Old regions: 482->482
[35.165s][info][gc,heap     ] GC(400) Humongous regions: 25->25
[35.165s][info][gc,metaspace] GC(400) Metaspace: 1892K(2048K)->1892K(2048K) NonClass: 1745K(1792K)->1745K(1792K) Class: 146K(256K)->146K(256K)
[35.165s][info][gc          ] GC(400) Pause Young (Normal) (G1 Evacuation Pause) 1734M->509M(2048M) 4.452ms
[35.165s][info][gc,cpu      ] GC(400) User=0.02s Sys=0.00s Real=0.00s
[35.281s][info][gc,start    ] GC(401) Pause Young (Normal) (G1 Evacuation Pause)
[35.281s][info][gc,task     ] GC(401) Using 10 workers of 10 for evacuation
[35.286s][info][gc,phases   ] GC(401)   Pre Evacuate Collection Set: 0.3ms
[35.286s][info][gc,phases   ] GC(401)   Merge Heap Roots: 0.2ms
[35.286s][info][gc,phases   ] GC(401)   Evacuate Collection Set: 3.2ms
[35.286s][info][gc,phases   ] GC(401)   Post Evacuate Collection Set: 0.6ms
[35.286s][info][gc,phases   ] GC(401)   Other: 0.1ms
[35.286s][info][gc,heap     ] GC(401) Eden regions: 1225->0(1225)
[35.286s][info][gc,heap     ] GC(401) Survivor regions: 3->3(154)
[35.286s][info][gc,heap     ] GC(401) Old regions: 482->483
[35.286s][info][gc,heap     ] GC(401) Humongous regions: 25->25
[35.286s][info][gc,metaspace] GC(401) Metaspace: 1892K(2048K)->1892K(2048K) NonClass: 1745K(1792K)->1745K(1792K) Class: 146K(256K)->146K(256K)
[35.286s][info][gc          ] GC(401) Pause Young (Normal) (G1 Evacuation Pause) 1734M->509M(2048M) 4.601ms
[35.286s][info][gc,cpu      ] GC(401) User=0.00s Sys=0.00s Real=0.00s
[35.401s][info][gc,start    ] GC(402) Pause Young (Normal) (G1 Evacuation Pause)
[35.401s][info][gc,task     ] GC(402) Using 10 workers of 10 for evacuation
[35.405s][info][gc,phases   ] GC(402)   Pre Evacuate Collection Set: 0.3ms
[35.405s][info][gc,phases   ] GC(402)   Merge Heap Roots: 0.2ms
[35.405s][info][gc,phases   ] GC(402)   Evacuate Collection Set: 3.1ms
[35.405s][info][gc,phases   ] GC(402)   Post Evacuate Collection Set: 0.6ms
[35.405s][info][gc,phases   ] GC(402)   Other: 0.1ms
[35.405s][info][gc,heap     ] GC(402) Eden regions: 1225->0(1225)
[35.405s][info][gc,heap     ] GC(402) Survivor regions: 3->3(154)
[35.405s][info][gc,heap     ] GC(402) Old regions: 483->483
[35.405s][info][gc,heap     ] GC(402) Humongous regions: 25->25
[35.406s][info][gc,metaspace] GC(402) Metaspace: 1892K(2048K)->1892K(2048K) NonClass: 1745K(1792K)->1745K(1792K) Class: 146K(256K)->146K(256K)
[35.406s][info][gc          ] GC(402) Pause Young (Normal) (G1 Evacuation Pause) 1734M->510M(2048M) 4.614ms
[35.406s][info][gc,cpu      ] GC(402) User=0.00s Sys=0.00s Real=0.01s
[35.522s][info][gc,start    ] GC(403) Pause Young (Normal) (G1 Evacuation Pause)
[35.522s][info][gc,task     ] GC(403) Using 10 workers of 10 for evacuation
[35.526s][info][gc,phases   ] GC(403)   Pre Evacuate Collection Set: 0.3ms
[35.526s][info][gc,phases   ] GC(403)   Merge Heap Roots: 0.2ms
[35.526s][info][gc,phases   ] GC(403)   Evacuate Collection Set: 3.1ms
[35.526s][info][gc,phases   ] GC(403)   Post Evacuate Collection Set: 0.6ms
[35.526s][info][gc,phases   ] GC(403)   Other: 0.1ms
[35.526s][info][gc,heap     ] GC(403) Eden regions: 1225->0(1225)
[35.526s][info][gc,heap     ] GC(403) Survivor regions: 3->3(154)
[35.526s][info][gc,heap     ] GC(403) Old regions: 483->483
[35.526s][info][gc,heap     ] GC(403) Humongous regions: 25->25
[35.526s][info][gc,metaspace] GC(403) Metaspace: 1892K(2048K)->1892K(2048K) NonClass: 1745K(1792K)->1745K(1792K) Class: 146K(256K)->146K(256K)
[35.526s][info][gc          ] GC(403) Pause Young (Normal) (G1 Evacuation Pause) 1735M->510M(2048M) 4.515ms
[35.526s][info][gc,cpu      ] GC(403) User=0.02s Sys=0.00s Real=0.00s
[35.642s][info][gc,start    ] GC(404) Pause Young (Normal) (G1 Evacuation Pause)
[35.642s][info][gc,task     ] GC(404) Using 10 workers of 10 for evacuation
[35.646s][info][gc,phases   ] GC(404)   Pre Evacuate Collection Set: 0.3ms
[35.646s][info][gc,phases   ] GC(404)   Merge Heap Roots: 0.2ms
[35.646s][info][gc,phases   ] GC(404)   Evacuate Collection Set: 3.1ms
[35.647s][info][gc,phases   ] GC(404)   Post Evacuate Collection Set: 0.6ms
[35.647s][info][gc,phases   ] GC(404)   Other: 0.1ms
[35.647s][info][gc,heap     ] GC(404) Eden regions: 1225->0(1225)
[35.647s][info][gc,heap     ] GC(404) Survivor regions: 3->3(154)
[35.647s][info][gc,heap     ] GC(404) Old regions: 483->483
[35.647s][info][gc,heap     ] GC(404) Humongous regions: 25->25
[35.647s][info][gc,metaspace] GC(404) Metaspace: 1892K(2048K)->1892K(2048K) NonClass: 1745K(1792K)->1745K(1792K) Class: 146K(256K)->146K(256K)
[35.647s][info][gc          ] GC(404) Pause Young (Normal) (G1 Evacuation Pause) 1735M->510M(2048M) 4.582ms
[35.647s][info][gc,cpu      ] GC(404) User=0.00s Sys=0.00s Real=0.00s
[35.763s][info][gc,start    ] GC(405) Pause Young (Normal) (G1 Evacuation Pause)
[35.763s][info][gc,task     ] GC(405) Using 10 workers of 10 for evacuation
[35.768s][info][gc,phases   ] GC(405)   Pre Evacuate Collection Set: 0.3ms
[35.768s][info][gc,phases   ] GC(405)   Merge Heap Roots: 0.2ms
[35.768s][info][gc,phases   ] GC(405)   Evacuate Collection Set: 3.3ms
[35.768s][info][gc,phases   ] GC(405)   Post Evacuate Collection Set: 0.6ms
[35.768s][info][gc,phases   ] GC(405)   Other: 0.1ms
[35.768s][info][gc,heap     ] GC(405) Eden regions: 1225->0(1225)
[35.768s][info][gc,heap     ] GC(405) Survivor regions: 3->3(154)
[35.768s][info][gc,heap     ] GC(405) Old regions: 483->483
[35.768s][info][gc,heap     ] GC(405) Humongous regions: 25->25
[35.768s][info][gc,metaspace] GC(405) Metaspace: 1892K(2048K)->1892K(2048K) NonClass: 1745K(1792K)->1745K(1792K) Class: 146K(256K)->146K(256K)
[35.768s][info][gc          ] GC(405) Pause Young (Normal) (G1 Evacuation Pause) 1735M->510M(2048M) 4.804ms
[35.768s][info][gc,cpu      ] GC(405) User=0.00s Sys=0.00s Real=0.01s
[35.884s][info][gc,start    ] GC(406) Pause Young (Normal) (G1 Evacuation Pause)
[35.884s][info][gc,task     ] GC(406) Using 10 workers of 10 for evacuation
[35.888s][info][gc,phases   ] GC(406)   Pre Evacuate Collection Set: 0.3ms
[35.888s][info][gc,phases   ] GC(406)   Merge Heap Roots: 0.2ms
[35.888s][info][gc,phases   ] GC(406)   Evacuate Collection Set: 3.3ms
[35.888s][info][gc,phases   ] GC(406)   Post Evacuate Collection Set: 0.6ms
[35.888s][info][gc,phases   ] GC(406)   Other: 0.1ms
[35.888s][info][gc,heap     ] GC(406) Eden regions: 1225->0(1225)
[35.888s][info][gc,heap     ] GC(406) Survivor regions: 3->3(154)
[35.888s][info][gc,heap     ] GC(406) Old regions: 483->483
[35.888s][info][gc,heap     ] GC(406) Humongous regions: 25->25
[35.888s][info][gc,metaspace] GC(406) Metaspace: 1892K(2048K)->1892K(2048K) NonClass: 1745K(1792K)->1745K(1792K) Class: 146K(256K)->146K(256K)
[35.889s][info][gc          ] GC(406) Pause Young (Normal) (G1 Evacuation Pause) 1735M->510M(2048M) 4.865ms
[35.889s][info][gc,cpu      ] GC(406) User=0.00s Sys=0.00s Real=0.00s
[36.004s][info][gc,start    ] GC(407) Pause Young (Normal) (G1 Evacuation Pause)
[36.005s][info][gc,task     ] GC(407) Using 10 workers of 10 for evacuation
[36.009s][info][gc,phases   ] GC(407)   Pre Evacuate Collection Set: 0.3ms
[36.009s][info][gc,phases   ] GC(407)   Merge Heap Roots: 0.2ms
[36.009s][info][gc,phases   ] GC(407)   Evacuate Collection Set: 3.2ms
[36.009s][info][gc,phases   ] GC(407)   Post Evacuate Collection Set: 0.6ms
[36.009s][info][gc,phases   ] GC(407)   Other: 0.1ms
[36.009s][info][gc,heap     ] GC(407) Eden regions: 1225->0(1225)
[36.009s][info][gc,heap     ] GC(407) Survivor regions: 3->3(154)
[36.009s][info][gc,heap     ] GC(407) Old regions: 483->484
[36.009s][info][gc,heap     ] GC(407) Humongous regions: 25->25
[36.009s][info][gc,metaspace] GC(407) Metaspace: 1892K(2048K)->1892K(2048K) NonClass: 1745K(1792K)->1745K(1792K) Class: 146K(256K)->146K(256K)
[36.009s][info][gc          ] GC(407) Pause Young (Normal) (G1 Evacuation Pause) 1735M->511M(2048M) 4.721ms
[36.009s][info][gc,cpu      ] GC(407) User=0.00s Sys=0.00s Real=0.00s
[36.125s][info][gc,start    ] GC(408) Pause Young (Normal) (G1 Evacuation Pause)
[36.125s][info][gc,task     ] GC(408) Using 10 workers of 10 for evacuation
[36.129s][info][gc,phases   ] GC(408)   Pre Evacuate Collection Set: 0.3ms
[36.129s][info][gc,phases   ] GC(408)   Merge Heap Roots: 0.2ms
[36.129s][info][gc,phases   ] GC(408)   Evacuate Collection Set: 3.3ms
[36.129s][info][gc,phases   ] GC(408)   Post Evacuate Collection Set: 0.6ms
[36.129s][info][gc,phases   ] GC(408)   Other: 0.1ms
[36.130s][info][gc,heap     ] GC(408) Eden regions: 1225->0(1225)
[36.130s][info][gc,heap     ] GC(408) Survivor regions: 3->3(154)
[36.130s][info][gc,heap     ] GC(408) Old regions: 484->484
[36.130s][info][gc,heap     ] GC(408) Humongous regions: 25->25
[36.130s][info][gc,metaspace] GC(408) Metaspace: 1892K(2048K)->1892K(2048K) NonClass: 1745K(1792K)->1745K(1792K) Class: 146K(256K)->146K(256K)
[36.130s][info][gc          ] GC(408) Pause Young (Normal) (G1 Evacuation Pause) 1736M->511M(2048M) 4.681ms
[36.130s][info][gc,cpu      ] GC(408) User=0.00s Sys=0.00s Real=0.01s
[36.246s][info][gc,start    ] GC(409) Pause Young (Normal) (G1 Evacuation Pause)
[36.246s][info][gc,task     ] GC(409) Using 10 workers of 10 for evacuation
[36.250s][info][gc,phases   ] GC(409)   Pre Evacuate Collection Set: 0.3ms
[36.251s][info][gc,phases   ] GC(409)   Merge Heap Roots: 0.2ms
[36.251s][info][gc,phases   ] GC(409)   Evacuate Collection Set: 3.3ms
[36.251s][info][gc,phases   ] GC(409)   Post Evacuate Collection Set: 0.6ms
[36.251s][info][gc,phases   ] GC(409)   Other: 0.1ms
[36.251s][info][gc,heap     ] GC(409) Eden regions: 1225->0(1225)
[36.251s][info][gc,heap     ] GC(409) Survivor regions: 3->3(154)
[36.251s][info][gc,heap     ] GC(409) Old regions: 484->484
[36.251s][info][gc,heap     ] GC(409) Humongous regions: 25->25
[36.251s][info][gc,metaspace] GC(409) Metaspace: 1892K(2048K)->1892K(2048K) NonClass: 1745K(1792K)->1745K(1792K) Class: 146K(256K)->146K(256K)
[36.251s][info][gc          ] GC(409) Pause Young (Normal) (G1 Evacuation Pause) 1736M->511M(2048M) 4.791ms
[36.251s][info][gc,cpu      ] GC(409) User=0.00s Sys=0.00s Real=0.01s
[36.367s][info][gc,start    ] GC(410) Pause Young (Normal) (G1 Evacuation Pause)
[36.367s][info][gc,task     ] GC(410) Using 10 workers of 10 for evacuation
[36.371s][info][gc,phases   ] GC(410)   Pre Evacuate Collection Set: 0.3ms
[36.371s][info][gc,phases   ] GC(410)   Merge Heap Roots: 0.2ms
[36.371s][info][gc,phases   ] GC(410)   Evacuate Collection Set: 3.3ms
[36.371s][info][gc,phases   ] GC(410)   Post Evacuate Collection Set: 0.6ms
[36.371s][info][gc,phases   ] GC(410)   Other: 0.1ms
[36.371s][info][gc,heap     ] GC(410) Eden regions: 1225->0(1225)
[36.371s][info][gc,heap     ] GC(410) Survivor regions: 3->3(154)
[36.371s][info][gc,heap     ] GC(410) Old regions: 484->484
[36.371s][info][gc,heap     ] GC(410) Humongous regions: 25->25
[36.371s][info][gc,metaspace] GC(410) Metaspace: 1892K(2048K)->1892K(2048K) NonClass: 1745K(1792K)->1745K(1792K) Class: 146K(256K)->146K(256K)
[36.372s][info][gc          ] GC(410) Pause Young (Normal) (G1 Evacuation Pause) 1736M->511M(2048M) 4.692ms
[36.372s][info][gc,cpu      ] GC(410) User=0.00s Sys=0.00s Real=0.00s
[36.488s][info][gc,start    ] GC(411) Pause Young (Normal) (G1 Evacuation Pause)
[36.488s][info][gc,task     ] GC(411) Using 10 workers of 10 for evacuation
[36.492s][info][gc,phases   ] GC(411)   Pre Evacuate Collection Set: 0.3ms
[36.492s][info][gc,phases   ] GC(411)   Merge Heap Roots: 0.2ms
[36.492s][info][gc,phases   ] GC(411)   Evacuate Collection Set: 3.2ms
[36.493s][info][gc,phases   ] GC(411)   Post Evacuate Collection Set: 0.6ms
[36.493s][info][gc,phases   ] GC(411)   Other: 0.1ms
[36.493s][info][gc,heap     ] GC(411) Eden regions: 1225->0(1225)
[36.493s][info][gc,heap     ] GC(411) Survivor regions: 3->3(154)
[36.493s][info][gc,heap     ] GC(411) Old regions: 484->484
[36.493s][info][gc,heap     ] GC(411) Humongous regions: 25->25
[36.493s][info][gc,metaspace] GC(411) Metaspace: 1892K(2048K)->1892K(2048K) NonClass: 1745K(1792K)->1745K(1792K) Class: 146K(256K)->146K(256K)
[36.493s][info][gc          ] GC(411) Pause Young (Normal) (G1 Evacuation Pause) 1736M->511M(2048M) 4.751ms
[36.493s][info][gc,cpu      ] GC(411) User=0.02s Sys=0.00s Real=0.00s
[36.609s][info][gc,start    ] GC(412) Pause Young (Normal) (G1 Evacuation Pause)
[36.609s][info][gc,task     ] GC(412) Using 10 workers of 10 for evacuation
[36.613s][info][gc,phases   ] GC(412)   Pre Evacuate Collection Set: 0.3ms
[36.613s][info][gc,phases   ] GC(412)   Merge Heap Roots: 0.2ms
[36.613s][info][gc,phases   ] GC(412)   Evacuate Collection Set: 3.3ms
[36.613s][info][gc,phases   ] GC(412)   Post Evacuate Collection Set: 0.6ms
[36.614s][info][gc,phases   ] GC(412)   Other: 0.1ms
[36.614s][info][gc,heap     ] GC(412) Eden regions: 1225->0(1225)
[36.614s][info][gc,heap     ] GC(412) Survivor regions: 3->3(154)
[36.614s][info][gc,heap     ] GC(412) Old regions: 484->485
[36.614s][info][gc,heap     ] GC(412) Humongous regions: 25->25
[36.614s][info][gc,metaspace] GC(412) Metaspace: 1892K(2048K)->1892K(2048K) NonClass: 1745K(1792K)->1745K(1792K) Class: 146K(256K)->146K(256K)
[36.614s][info][gc          ] GC(412) Pause Young (Normal) (G1 Evacuation Pause) 1736M->512M(2048M) 4.775ms
[36.614s][info][gc,cpu      ] GC(412) User=0.00s Sys=0.00s Real=0.00s
[36.731s][info][gc,start    ] GC(413) Pause Young (Normal) (G1 Evacuation Pause)
[36.731s][info][gc,task     ] GC(413) Using 10 workers of 10 for evacuation
[36.735s][info][gc,phases   ] GC(413)   Pre Evacuate Collection Set: 0.3ms
[36.735s][info][gc,phases   ] GC(413)   Merge Heap Roots: 0.2ms
[36.735s][info][gc,phases   ] GC(413)   Evacuate Collection Set: 3.2ms
[36.735s][info][gc,phases   ] GC(413)   Post Evacuate Collection Set: 0.6ms
[36.735s][info][gc,phases   ] GC(413)   Other: 0.1ms
[36.735s][info][gc,heap     ] GC(413) Eden regions: 1225->0(1225)
[36.735s][info][gc,heap     ] GC(413) Survivor regions: 3->3(154)
[36.735s][info][gc,heap     ] GC(413) Old regions: 485->485
[36.735s][info][gc,heap     ] GC(413) Humongous regions: 25->25
[36.735s][info][gc,metaspace] GC(413) Metaspace: 1892K(2048K)->1892K(2048K) NonClass: 1745K(1792K)->1745K(1792K) Class: 146K(256K)->146K(256K)
[36.735s][info][gc          ] GC(413) Pause Young (Normal) (G1 Evacuation Pause) 1737M->512M(2048M) 4.747ms
[36.735s][info][gc,cpu      ] GC(413) User=0.00s Sys=0.00s Real=0.00s
[36.851s][info][gc,start    ] GC(414) Pause Young (Normal) (G1 Evacuation Pause)
[36.852s][info][gc,task     ] GC(414) Using 10 workers of 10 for evacuation
[36.856s][info][gc,phases   ] GC(414)   Pre Evacuate Collection Set: 0.3ms
[36.856s][info][gc,phases   ] GC(414)   Merge Heap Roots: 0.2ms
[36.856s][info][gc,phases   ] GC(414)   Evacuate Collection Set: 3.2ms
[36.856s][info][gc,phases   ] GC(414)   Post Evacuate Collection Set: 0.6ms
[36.856s][info][gc,phases   ] GC(414)   Other: 0.1ms
[36.856s][info][gc,heap     ] GC(414) Eden regions: 1225->0(1225)
[36.856s][info][gc,heap     ] GC(414) Survivor regions: 3->3(154)
[36.856s][info][gc,heap     ] GC(414) Old regions: 485->485
[36.856s][info][gc,heap     ] GC(414) Humongous regions: 25->25
[36.856s][info][gc,metaspace] GC(414) Metaspace: 1892K(2048K)->1892K(2048K) NonClass: 1745K(1792K)->1745K(1792K) Class: 146K(256K)->146K(256K)
[36.856s][info][gc          ] GC(414) Pause Young (Normal) (G1 Evacuation Pause) 1737M->512M(2048M) 4.727ms
[36.856s][info][gc,cpu      ] GC(414) User=0.00s Sys=0.00s Real=0.00s
[36.972s][info][gc,start    ] GC(415) Pause Young (Normal) (G1 Evacuation Pause)
[36.973s][info][gc,task     ] GC(415) Using 10 workers of 10 for evacuation
[36.977s][info][gc,phases   ] GC(415)   Pre Evacuate Collection Set: 0.3ms
[36.977s][info][gc,phases   ] GC(415)   Merge Heap Roots: 0.2ms
[36.977s][info][gc,phases   ] GC(415)   Evacuate Collection Set: 3.4ms
[36.977s][info][gc,phases   ] GC(415)   Post Evacuate Collection Set: 0.6ms
[36.977s][info][gc,phases   ] GC(415)   Other: 0.1ms
[36.977s][info][gc,heap     ] GC(415) Eden regions: 1225->0(1225)
[36.977s][info][gc,heap     ] GC(415) Survivor regions: 3->3(154)
[36.977s][info][gc,heap     ] GC(415) Old regions: 485->485
[36.977s][info][gc,heap     ] GC(415) Humongous regions: 25->25
[36.977s][info][gc,metaspace] GC(415) Metaspace: 1892K(2048K)->1892K(2048K) NonClass: 1745K(1792K)->1745K(1792K) Class: 146K(256K)->146K(256K)
[36.977s][info][gc          ] GC(415) Pause Young (Normal) (G1 Evacuation Pause) 1737M->512M(2048M) 4.987ms
[36.977s][info][gc,cpu      ] GC(415) User=0.02s Sys=0.00s Real=0.01s
[37.094s][info][gc,start    ] GC(416) Pause Young (Normal) (G1 Evacuation Pause)
[37.094s][info][gc,task     ] GC(416) Using 10 workers of 10 for evacuation
[37.098s][info][gc,phases   ] GC(416)   Pre Evacuate Collection Set: 0.3ms
[37.098s][info][gc,phases   ] GC(416)   Merge Heap Roots: 0.2ms
[37.098s][info][gc,phases   ] GC(416)   Evacuate Collection Set: 3.4ms
[37.098s][info][gc,phases   ] GC(416)   Post Evacuate Collection Set: 0.6ms
[37.098s][info][gc,phases   ] GC(416)   Other: 0.1ms
[37.098s][info][gc,heap     ] GC(416) Eden regions: 1225->0(1225)
[37.098s][info][gc,heap     ] GC(416) Survivor regions: 3->3(154)
[37.098s][info][gc,heap     ] GC(416) Old regions: 485->485
[37.098s][info][gc,heap     ] GC(416) Humongous regions: 25->25
[37.098s][info][gc,metaspace] GC(416) Metaspace: 1892K(2048K)->1892K(2048K) NonClass: 1745K(1792K)->1745K(1792K) Class: 146K(256K)->146K(256K)
[37.098s][info][gc          ] GC(416) Pause Young (Normal) (G1 Evacuation Pause) 1737M->512M(2048M) 4.909ms
[37.098s][info][gc,cpu      ] GC(416) User=0.00s Sys=0.00s Real=0.00s
[37.214s][info][gc,start    ] GC(417) Pause Young (Normal) (G1 Evacuation Pause)
[37.214s][info][gc,task     ] GC(417) Using 10 workers of 10 for evacuation
[37.219s][info][gc,phases   ] GC(417)   Pre Evacuate Collection Set: 0.3ms
[37.219s][info][gc,phases   ] GC(417)   Merge Heap Roots: 0.2ms
[37.219s][info][gc,phases   ] GC(417)   Evacuate Collection Set: 3.5ms
[37.219s][info][gc,phases   ] GC(417)   Post Evacuate Collection Set: 0.6ms
[37.219s][info][gc,phases   ] GC(417)   Other: 0.1ms
[37.219s][info][gc,heap     ] GC(417) Eden regions: 1225->0(1224)
[37.219s][info][gc,heap     ] GC(417) Survivor regions: 3->4(154)
[37.219s][info][gc,heap     ] GC(417) Old regions: 485->486
[37.219s][info][gc,heap     ] GC(417) Humongous regions: 25->25
[37.219s][info][gc,metaspace] GC(417) Metaspace: 1892K(2048K)->1892K(2048K) NonClass: 1745K(1792K)->1745K(1792K) Class: 146K(256K)->146K(256K)
[37.219s][info][gc          ] GC(417) Pause Young (Normal) (G1 Evacuation Pause) 1737M->513M(2048M) 4.963ms
[37.219s][info][gc,cpu      ] GC(417) User=0.00s Sys=0.00s Real=0.00s
[37.335s][info][gc,start    ] GC(418) Pause Young (Concurrent Start) (G1 Evacuation Pause)
[37.335s][info][gc,task     ] GC(418) Using 10 workers of 10 for evacuation
[37.340s][info][gc,phases   ] GC(418)   Pre Evacuate Collection Set: 0.4ms
[37.340s][info][gc,phases   ] GC(418)   Merge Heap Roots: 0.2ms
[37.340s][info][gc,phases   ] GC(418)   Evacuate Collection Set: 3.3ms
[37.340s][info][gc,phases   ] GC(418)   Post Evacuate Collection Set: 0.6ms
[37.340s][info][gc,phases   ] GC(418)   Other: 0.1ms
[37.340s][info][gc,heap     ] GC(418) Eden regions: 1224->0(1224)
[37.340s][info][gc,heap     ] GC(418) Survivor regions: 4->4(154)
[37.340s][info][gc,heap     ] GC(418) Old regions: 486->486
[37.340s][info][gc,heap     ] GC(418) Humongous regions: 25->25
[37.340s][info][gc,metaspace] GC(418) Metaspace: 1892K(2048K)->1892K(2048K) NonClass: 1745K(1792K)->1745K(1792K) Class: 146K(256K)->146K(256K)
[37.340s][info][gc          ] GC(418) Pause Young (Concurrent Start) (G1 Evacuation Pause) 1737M->513M(2048M) 4.907ms
[37.340s][info][gc,cpu      ] GC(418) User=0.02s Sys=0.00s Real=0.01s
[37.340s][info][gc          ] GC(419) Concurrent Mark Cycle
[37.340s][info][gc,marking  ] GC(419) Concurrent Scan Root Regions
[37.341s][info][gc,marking  ] GC(419) Concurrent Scan Root Regions 1.255ms
[37.341s][info][gc,marking  ] GC(419) Concurrent Mark
[37.341s][info][gc,marking  ] GC(419) Concurrent Mark From Roots
[37.341s][info][gc,task     ] GC(419) Using 3 workers of 3 for marking
[37.454s][info][gc,start    ] GC(420) Pause Young (Normal) (G1 Evacuation Pause)
[37.454s][info][gc,task     ] GC(420) Using 10 workers of 10 for evacuation
[37.458s][info][gc,phases   ] GC(420)   Pre Evacuate Collection Set: 0.3ms
[37.458s][info][gc,phases   ] GC(420)   Merge Heap Roots: 0.2ms
[37.458s][info][gc,phases   ] GC(420)   Evacuate Collection Set: 3.4ms
[37.458s][info][gc,phases   ] GC(420)   Post Evacuate Collection Set: 0.6ms
[37.458s][info][gc,phases   ] GC(420)   Other: 0.1ms
[37.458s][info][gc,heap     ] GC(420) Eden regions: 1224->0(1224)
[37.458s][info][gc,heap     ] GC(420) Survivor regions: 4->4(154)
[37.458s][info][gc,heap     ] GC(420) Old regions: 486->486
[37.458s][info][gc,heap     ] GC(420) Humongous regions: 25->25
[37.458s][info][gc,metaspace] GC(420) Metaspace: 1892K(2048K)->1892K(2048K) NonClass: 1745K(1792K)->1745K(1792K) Class: 146K(256K)->146K(256K)
[37.458s][info][gc          ] GC(420) Pause Young (Normal) (G1 Evacuation Pause) 1737M->513M(2048M) 4.863ms
[37.458s][info][gc,cpu      ] GC(420) User=0.00s Sys=0.00s Real=0.01s
[37.544s][info][gc,marking  ] GC(419) Concurrent Mark From Roots 202.401ms
[37.544s][info][gc,marking  ] GC(419) Concurrent Preclean
[37.544s][info][gc,marking  ] GC(419) Concurrent Preclean 0.045ms
[37.544s][info][gc,start    ] GC(419) Pause Remark
[37.545s][info][gc          ] GC(419) Pause Remark 1436M->1395M(2048M) 0.786ms
[37.545s][info][gc,cpu      ] GC(419) User=0.00s Sys=0.00s Real=0.00s
[37.545s][info][gc,marking  ] GC(419) Concurrent Mark 203.734ms
[37.545s][info][gc,marking  ] GC(419) Concurrent Rebuild Remembered Sets and Scrub Regions
[37.573s][info][gc,start    ] GC(421) Pause Young (Normal) (G1 Evacuation Pause)
[37.573s][info][gc,task     ] GC(421) Using 10 workers of 10 for evacuation
[37.579s][info][gc,phases   ] GC(421)   Pre Evacuate Collection Set: 0.2ms
[37.579s][info][gc,phases   ] GC(421)   Merge Heap Roots: 0.2ms
[37.579s][info][gc,phases   ] GC(421)   Evacuate Collection Set: 4.2ms
[37.579s][info][gc,phases   ] GC(421)   Post Evacuate Collection Set: 0.6ms
[37.579s][info][gc,phases   ] GC(421)   Other: 0.1ms
[37.579s][info][gc,heap     ] GC(421) Eden regions: 1224->0(1224)
[37.579s][info][gc,heap     ] GC(421) Survivor regions: 4->4(154)
[37.579s][info][gc,heap     ] GC(421) Old regions: 452->452
[37.579s][info][gc,heap     ] GC(421) Humongous regions: 18->18
[37.579s][info][gc,metaspace] GC(421) Metaspace: 1892K(2048K)->1892K(2048K) NonClass: 1745K(1792K)->1745K(1792K) Class: 146K(256K)->146K(256K)
[37.579s][info][gc          ] GC(421) Pause Young (Normal) (G1 Evacuation Pause) 1696M->472M(2048M) 5.728ms
[37.579s][info][gc,cpu      ] GC(421) User=0.00s Sys=0.00s Real=0.01s
[37.659s][info][gc,marking  ] GC(419) Concurrent Rebuild Remembered Sets and Scrub Regions 114.099ms
[37.659s][info][gc,start    ] GC(419) Pause Cleanup
[37.660s][info][gc          ] GC(419) Pause Cleanup 1355M->1355M(2048M) 0.565ms
[37.660s][info][gc,cpu      ] GC(419) User=0.00s Sys=0.00s Real=0.00s
[37.660s][info][gc,marking  ] GC(419) Concurrent Clear Claimed Marks
[37.660s][info][gc,marking  ] GC(419) Concurrent Clear Claimed Marks 0.043ms
[37.660s][info][gc,marking  ] GC(419) Concurrent Cleanup for Next Mark
[37.667s][info][gc,marking  ] GC(419) Concurrent Cleanup for Next Mark 7.057ms
[37.667s][info][gc          ] GC(419) Concurrent Mark Cycle 327.527ms
[37.695s][info][gc,start    ] GC(422) Pause Young (Prepare Mixed) (G1 Evacuation Pause)
[37.695s][info][gc,task     ] GC(422) Using 10 workers of 10 for evacuation
[37.700s][info][gc,phases   ] GC(422)   Pre Evacuate Collection Set: 0.3ms
[37.700s][info][gc,phases   ] GC(422)   Merge Heap Roots: 0.2ms
[37.700s][info][gc,phases   ] GC(422)   Evacuate Collection Set: 3.7ms
[37.700s][info][gc,phases   ] GC(422)   Post Evacuate Collection Set: 0.6ms
[37.700s][info][gc,phases   ] GC(422)   Other: 0.1ms
[37.700s][info][gc,heap     ] GC(422) Eden regions: 1224->0(1224)
[37.700s][info][gc,heap     ] GC(422) Survivor regions: 4->4(154)
[37.700s][info][gc,heap     ] GC(422) Old regions: 452->452
[37.700s][info][gc,heap     ] GC(422) Humongous regions: 18->18
[37.700s][info][gc,metaspace] GC(422) Metaspace: 1892K(2048K)->1892K(2048K) NonClass: 1745K(1792K)->1745K(1792K) Class: 146K(256K)->146K(256K)
[37.700s][info][gc          ] GC(422) Pause Young (Prepare Mixed) (G1 Evacuation Pause) 1696M->473M(2048M) 5.238ms
[37.700s][info][gc,cpu      ] GC(422) User=0.00s Sys=0.00s Real=0.00s
[37.817s][info][gc,start    ] GC(423) Pause Young (Mixed) (G1 Evacuation Pause)
[37.817s][info][gc,task     ] GC(423) Using 10 workers of 10 for evacuation
[37.822s][info][gc,phases   ] GC(423)   Pre Evacuate Collection Set: 0.3ms
[37.822s][info][gc,phases   ] GC(423)   Merge Heap Roots: 0.2ms
[37.822s][info][gc,phases   ] GC(423)   Evacuate Collection Set: 4.2ms
[37.822s][info][gc,phases   ] GC(423)   Post Evacuate Collection Set: 0.6ms
[37.822s][info][gc,phases   ] GC(423)   Other: 0.1ms
[37.822s][info][gc,heap     ] GC(423) Eden regions: 1224->0(1224)
[37.822s][info][gc,heap     ] GC(423) Survivor regions: 4->4(154)
[37.822s][info][gc,heap     ] GC(423) Old regions: 452->363
[37.822s][info][gc,heap     ] GC(423) Humongous regions: 18->18
[37.822s][info][gc,metaspace] GC(423) Metaspace: 1892K(2048K)->1892K(2048K) NonClass: 1745K(1792K)->1745K(1792K) Class: 146K(256K)->146K(256K)
[37.822s][info][gc          ] GC(423) Pause Young (Mixed) (G1 Evacuation Pause) 1697M->383M(2048M) 5.839ms
[37.822s][info][gc,cpu      ] GC(423) User=0.02s Sys=0.00s Real=0.01s
[37.938s][info][gc,start    ] GC(424) Pause Young (Normal) (G1 Evacuation Pause)
[37.938s][info][gc,task     ] GC(424) Using 10 workers of 10 for evacuation
[37.943s][info][gc,phases   ] GC(424)   Pre Evacuate Collection Set: 0.3ms
[37.943s][info][gc,phases   ] GC(424)   Merge Heap Roots: 0.2ms
[37.943s][info][gc,phases   ] GC(424)   Evacuate Collection Set: 3.5ms
[37.943s][info][gc,phases   ] GC(424)   Post Evacuate Collection Set: 0.6ms
[37.943s][info][gc,phases   ] GC(424)   Other: 0.1ms
[37.943s][info][gc,heap     ] GC(424) Eden regions: 1224->0(1224)
[37.943s][info][gc,heap     ] GC(424) Survivor regions: 4->4(154)
[37.943s][info][gc,heap     ] GC(424) Old regions: 363->363
[37.943s][info][gc,heap     ] GC(424) Humongous regions: 18->18
[37.943s][info][gc,metaspace] GC(424) Metaspace: 1892K(2048K)->1892K(2048K) NonClass: 1745K(1792K)->1745K(1792K) Class: 146K(256K)->146K(256K)
[37.943s][info][gc          ] GC(424) Pause Young (Normal) (G1 Evacuation Pause) 1607M->383M(2048M) 4.966ms
[37.943s][info][gc,cpu      ] GC(424) User=0.00s Sys=0.00s Real=0.00s
[38.059s][info][gc,start    ] GC(425) Pause Young (Normal) (G1 Evacuation Pause)
[38.059s][info][gc,task     ] GC(425) Using 10 workers of 10 for evacuation
[38.064s][info][gc,phases   ] GC(425)   Pre Evacuate Collection Set: 0.3ms
[38.064s][info][gc,phases   ] GC(425)   Merge Heap Roots: 0.2ms
[38.064s][info][gc,phases   ] GC(425)   Evacuate Collection Set: 3.5ms
[38.064s][info][gc,phases   ] GC(425)   Post Evacuate Collection Set: 0.6ms
[38.064s][info][gc,phases   ] GC(425)   Other: 0.1ms
[38.064s][info][gc,heap     ] GC(425) Eden regions: 1224->0(1224)
[38.064s][info][gc,heap     ] GC(425) Survivor regions: 4->4(154)
[38.064s][info][gc,heap     ] GC(425) Old regions: 363->363
[38.064s][info][gc,heap     ] GC(425) Humongous regions: 18->18
[38.064s][info][gc,metaspace] GC(425) Metaspace: 1892K(2048K)->1892K(2048K) NonClass: 1745K(1792K)->1745K(1792K) Class: 146K(256K)->146K(256K)
[38.064s][info][gc          ] GC(425) Pause Young (Normal) (G1 Evacuation Pause) 1607M->384M(2048M) 5.003ms
[38.064s][info][gc,cpu      ] GC(425) User=0.00s Sys=0.00s Real=0.01s
[38.179s][info][gc,start    ] GC(426) Pause Young (Normal) (G1 Evacuation Pause)
[38.179s][info][gc,task     ] GC(426) Using 10 workers of 10 for evacuation
[38.184s][info][gc,phases   ] GC(426)   Pre Evacuate Collection Set: 0.3ms
[38.184s][info][gc,phases   ] GC(426)   Merge Heap Roots: 0.2ms
[38.184s][info][gc,phases   ] GC(426)   Evacuate Collection Set: 3.6ms
[38.184s][info][gc,phases   ] GC(426)   Post Evacuate Collection Set: 0.6ms
[38.184s][info][gc,phases   ] GC(426)   Other: 0.1ms
[38.184s][info][gc,heap     ] GC(426) Eden regions: 1224->0(1224)
[38.184s][info][gc,heap     ] GC(426) Survivor regions: 4->4(154)
[38.184s][info][gc,heap     ] GC(426) Old regions: 363->364
[38.184s][info][gc,heap     ] GC(426) Humongous regions: 18->18
[38.184s][info][gc,metaspace] GC(426) Metaspace: 1892K(2048K)->1892K(2048K) NonClass: 1745K(1792K)->1745K(1792K) Class: 146K(256K)->146K(256K)
[38.184s][info][gc          ] GC(426) Pause Young (Normal) (G1 Evacuation Pause) 1608M->384M(2048M) 5.026ms
[38.184s][info][gc,cpu      ] GC(426) User=0.00s Sys=0.00s Real=0.00s
[38.300s][info][gc,start    ] GC(427) Pause Young (Normal) (G1 Evacuation Pause)
[38.300s][info][gc,task     ] GC(427) Using 10 workers of 10 for evacuation
[38.305s][info][gc,phases   ] GC(427)   Pre Evacuate Collection Set: 0.3ms
[38.305s][info][gc,phases   ] GC(427)   Merge Heap Roots: 0.2ms
[38.305s][info][gc,phases   ] GC(427)   Evacuate Collection Set: 3.6ms
[38.305s][info][gc,phases   ] GC(427)   Post Evacuate Collection Set: 0.6ms
[38.305s][info][gc,phases   ] GC(427)   Other: 0.1ms
[38.305s][info][gc,heap     ] GC(427) Eden regions: 1224->0(1224)
[38.305s][info][gc,heap     ] GC(427) Survivor regions: 4->4(154)
[38.305s][info][gc,heap     ] GC(427) Old regions: 364->364
[38.305s][info][gc,heap     ] GC(427) Humongous regions: 18->18
[38.305s][info][gc,metaspace] GC(427) Metaspace: 1892K(2048K)->1892K(2048K) NonClass: 1745K(1792K)->1745K(1792K) Class: 146K(256K)->146K(256K)
[38.305s][info][gc          ] GC(427) Pause Young (Normal) (G1 Evacuation Pause) 1608M->384M(2048M) 5.091ms
[38.305s][info][gc,cpu      ] GC(427) User=0.00s Sys=0.00s Real=0.00s
[38.421s][info][gc,start    ] GC(428) Pause Young (Normal) (G1 Evacuation Pause)
[38.421s][info][gc,task     ] GC(428) Using 10 workers of 10 for evacuation
[38.426s][info][gc,phases   ] GC(428)   Pre Evacuate Collection Set: 0.3ms
[38.426s][info][gc,phases   ] GC(428)   Merge Heap Roots: 0.2ms
[38.426s][info][gc,phases   ] GC(428)   Evacuate Collection Set: 3.8ms
[38.426s][info][gc,phases   ] GC(428)   Post Evacuate Collection Set: 0.6ms
[38.426s][info][gc,phases   ] GC(428)   Other: 0.1ms
[38.426s][info][gc,heap     ] GC(428) Eden regions: 1224->0(1224)
[38.426s][info][gc,heap     ] GC(428) Survivor regions: 4->4(154)
[38.426s][info][gc,heap     ] GC(428) Old regions: 364->364
[38.426s][info][gc,heap     ] GC(428) Humongous regions: 18->18
[38.426s][info][gc,metaspace] GC(428) Metaspace: 1892K(2048K)->1892K(2048K) NonClass: 1745K(1792K)->1745K(1792K) Class: 146K(256K)->146K(256K)
[38.426s][info][gc          ] GC(428) Pause Young (Normal) (G1 Evacuation Pause) 1608M->384M(2048M) 5.239ms
[38.426s][info][gc,cpu      ] GC(428) User=0.00s Sys=0.00s Real=0.01s
[38.542s][info][gc,start    ] GC(429) Pause Young (Normal) (G1 Evacuation Pause)
[38.542s][info][gc,task     ] GC(429) Using 10 workers of 10 for evacuation
[38.547s][info][gc,phases   ] GC(429)   Pre Evacuate Collection Set: 0.3ms
[38.547s][info][gc,phases   ] GC(429)   Merge Heap Roots: 0.2ms
[38.547s][info][gc,phases   ] GC(429)   Evacuate Collection Set: 3.6ms
[38.547s][info][gc,phases   ] GC(429)   Post Evacuate Collection Set: 0.6ms
[38.547s][info][gc,phases   ] GC(429)   Other: 0.1ms
[38.547s][info][gc,heap     ] GC(429) Eden regions: 1224->0(1224)
[38.547s][info][gc,heap     ] GC(429) Survivor regions: 4->4(154)
[38.547s][info][gc,heap     ] GC(429) Old regions: 364->364
[38.547s][info][gc,heap     ] GC(429) Humongous regions: 18->18
[38.547s][info][gc,metaspace] GC(429) Metaspace: 1892K(2048K)->1892K(2048K) NonClass: 1745K(1792K)->1745K(1792K) Class: 146K(256K)->146K(256K)
[38.547s][info][gc          ] GC(429) Pause Young (Normal) (G1 Evacuation Pause) 1608M->385M(2048M) 5.057ms
[38.547s][info][gc,cpu      ] GC(429) User=0.00s Sys=0.00s Real=0.01s
[38.663s][info][gc,start    ] GC(430) Pause Young (Normal) (G1 Evacuation Pause)
[38.663s][info][gc,task     ] GC(430) Using 10 workers of 10 for evacuation
[38.668s][info][gc,phases   ] GC(430)   Pre Evacuate Collection Set: 0.3ms
[38.668s][info][gc,phases   ] GC(430)   Merge Heap Roots: 0.2ms
[38.668s][info][gc,phases   ] GC(430)   Evacuate Collection Set: 3.6ms
[38.668s][info][gc,phases   ] GC(430)   Post Evacuate Collection Set: 0.6ms
[38.668s][info][gc,phases   ] GC(430)   Other: 0.1ms
[38.668s][info][gc,heap     ] GC(430) Eden regions: 1224->0(1224)
[38.668s][info][gc,heap     ] GC(430) Survivor regions: 4->4(154)
[38.668s][info][gc,heap     ] GC(430) Old regions: 364->364
[38.668s][info][gc,heap     ] GC(430) Humongous regions: 18->18
[38.668s][info][gc,metaspace] GC(430) Metaspace: 1892K(2048K)->1892K(2048K) NonClass: 1745K(1792K)->1745K(1792K) Class: 146K(256K)->146K(256K)
[38.668s][info][gc          ] GC(430) Pause Young (Normal) (G1 Evacuation Pause) 1609M->385M(2048M) 5.164ms
[38.668s][info][gc,cpu      ] GC(430) User=0.02s Sys=0.00s Real=0.01s
[38.785s][info][gc,start    ] GC(431) Pause Young (Normal) (G1 Evacuation Pause)
[38.785s][info][gc,task     ] GC(431) Using 10 workers of 10 for evacuation
[38.790s][info][gc,phases   ] GC(431)   Pre Evacuate Collection Set: 0.3ms
[38.790s][info][gc,phases   ] GC(431)   Merge Heap Roots: 0.2ms
[38.790s][info][gc,phases   ] GC(431)   Evacuate Collection Set: 3.8ms
[38.790s][info][gc,phases   ] GC(431)   Post Evacuate Collection Set: 0.6ms
[38.790s][info][gc,phases   ] GC(431)   Other: 0.1ms
[38.790s][info][gc,heap     ] GC(431) Eden regions: 1224->0(1224)
[38.790s][info][gc,heap     ] GC(431) Survivor regions: 4->4(154)
[38.790s][info][gc,heap     ] GC(431) Old regions: 364->365
[38.791s][info][gc,heap     ] GC(431) Humongous regions: 18->18
[38.791s][info][gc,metaspace] GC(431) Metaspace: 1892K(2048K)->1892K(2048K) NonClass: 1745K(1792K)->1745K(1792K) Class: 146K(256K)->146K(256K)
[38.791s][info][gc          ] GC(431) Pause Young (Normal) (G1 Evacuation Pause) 1609M->385M(2048M) 5.370ms
[38.791s][info][gc,cpu      ] GC(431) User=0.02s Sys=0.00s Real=0.01s
[38.907s][info][gc,start    ] GC(432) Pause Young (Normal) (G1 Evacuation Pause)
[38.907s][info][gc,task     ] GC(432) Using 10 workers of 10 for evacuation
[38.912s][info][gc,phases   ] GC(432)   Pre Evacuate Collection Set: 0.3ms
[38.912s][info][gc,phases   ] GC(432)   Merge Heap Roots: 0.2ms
[38.912s][info][gc,phases   ] GC(432)   Evacuate Collection Set: 3.8ms
[38.912s][info][gc,phases   ] GC(432)   Post Evacuate Collection Set: 0.6ms
[38.912s][info][gc,phases   ] GC(432)   Other: 0.1ms
[38.912s][info][gc,heap     ] GC(432) Eden regions: 1224->0(1224)
[38.912s][info][gc,heap     ] GC(432) Survivor regions: 4->4(154)
[38.912s][info][gc,heap     ] GC(432) Old regions: 365->365
[38.912s][info][gc,heap     ] GC(432) Humongous regions: 18->18
[38.912s][info][gc,metaspace] GC(432) Metaspace: 1892K(2048K)->1892K(2048K) NonClass: 1745K(1792K)->1745K(1792K) Class: 146K(256K)->146K(256K)
[38.912s][info][gc          ] GC(432) Pause Young (Normal) (G1 Evacuation Pause) 1609M->385M(2048M) 5.299ms
[38.912s][info][gc,cpu      ] GC(432) User=0.00s Sys=0.00s Real=0.01s
[39.028s][info][gc,start    ] GC(433) Pause Young (Normal) (G1 Evacuation Pause)
[39.028s][info][gc,task     ] GC(433) Using 10 workers of 10 for evacuation
[39.033s][info][gc,phases   ] GC(433)   Pre Evacuate Collection Set: 0.3ms
[39.033s][info][gc,phases   ] GC(433)   Merge Heap Roots: 0.2ms
[39.034s][info][gc,phases   ] GC(433)   Evacuate Collection Set: 4.1ms
[39.034s][info][gc,phases   ] GC(433)   Post Evacuate Collection Set: 0.7ms
[39.034s][info][gc,phases   ] GC(433)   Other: 0.1ms
[39.034s][info][gc,heap     ] GC(433) Eden regions: 1224->0(1224)
[39.034s][info][gc,heap     ] GC(433) Survivor regions: 4->4(154)
[39.034s][info][gc,heap     ] GC(433) Old regions: 365->365
[39.034s][info][gc,heap     ] GC(433) Humongous regions: 18->18
[39.034s][info][gc,metaspace] GC(433) Metaspace: 1892K(2048K)->1892K(2048K) NonClass: 1745K(1792K)->1745K(1792K) Class: 146K(256K)->146K(256K)
[39.034s][info][gc          ] GC(433) Pause Young (Normal) (G1 Evacuation Pause) 1609M->386M(2048M) 5.677ms
[39.034s][info][gc,cpu      ] GC(433) User=0.00s Sys=0.00s Real=0.01s
[39.150s][info][gc,start    ] GC(434) Pause Young (Normal) (G1 Evacuation Pause)
[39.150s][info][gc,task     ] GC(434) Using 10 workers of 10 for evacuation
[39.155s][info][gc,phases   ] GC(434)   Pre Evacuate Collection Set: 0.3ms
[39.155s][info][gc,phases   ] GC(434)   Merge Heap Roots: 0.2ms
[39.155s][info][gc,phases   ] GC(434)   Evacuate Collection Set: 3.7ms
[39.155s][info][gc,phases   ] GC(434)   Post Evacuate Collection Set: 0.6ms
[39.155s][info][gc,phases   ] GC(434)   Other: 0.1ms
[39.155s][info][gc,heap     ] GC(434) Eden regions: 1224->0(1224)
[39.155s][info][gc,heap     ] GC(434) Survivor regions: 4->4(154)
[39.155s][info][gc,heap     ] GC(434) Old regions: 365->365
[39.155s][info][gc,heap     ] GC(434) Humongous regions: 18->18
[39.155s][info][gc,metaspace] GC(434) Metaspace: 1892K(2048K)->1892K(2048K) NonClass: 1745K(1792K)->1745K(1792K) Class: 146K(256K)->146K(256K)
[39.155s][info][gc          ] GC(434) Pause Young (Normal) (G1 Evacuation Pause) 1610M->386M(2048M) 5.165ms
[39.155s][info][gc,cpu      ] GC(434) User=0.00s Sys=0.00s Real=0.00s
[39.271s][info][gc,start    ] GC(435) Pause Young (Normal) (G1 Evacuation Pause)
[39.271s][info][gc,task     ] GC(435) Using 10 workers of 10 for evacuation
[39.276s][info][gc,phases   ] GC(435)   Pre Evacuate Collection Set: 0.3ms
[39.276s][info][gc,phases   ] GC(435)   Merge Heap Roots: 0.2ms
[39.276s][info][gc,phases   ] GC(435)   Evacuate Collection Set: 3.6ms
[39.276s][info][gc,phases   ] GC(435)   Post Evacuate Collection Set: 0.6ms
[39.276s][info][gc,phases   ] GC(435)   Other: 0.1ms
[39.276s][info][gc,heap     ] GC(435) Eden regions: 1224->0(1224)
[39.276s][info][gc,heap     ] GC(435) Survivor regions: 4->4(154)
[39.276s][info][gc,heap     ] GC(435) Old regions: 365->366
[39.276s][info][gc,heap     ] GC(435) Humongous regions: 18->18
[39.276s][info][gc,metaspace] GC(435) Metaspace: 1892K(2048K)->1892K(2048K) NonClass: 1745K(1792K)->1745K(1792K) Class: 146K(256K)->146K(256K)
[39.276s][info][gc          ] GC(435) Pause Young (Normal) (G1 Evacuation Pause) 1610M->386M(2048M) 5.067ms
[39.276s][info][gc,cpu      ] GC(435) User=0.02s Sys=0.00s Real=0.01s
[39.392s][info][gc,start    ] GC(436) Pause Young (Normal) (G1 Evacuation Pause)
[39.392s][info][gc,task     ] GC(436) Using 10 workers of 10 for evacuation
[39.397s][info][gc,phases   ] GC(436)   Pre Evacuate Collection Set: 0.3ms
[39.397s][info][gc,phases   ] GC(436)   Merge Heap Roots: 0.2ms
[39.397s][info][gc,phases   ] GC(436)   Evacuate Collection Set: 3.7ms
[39.397s][info][gc,phases   ] GC(436)   Post Evacuate Collection Set: 0.6ms
[39.397s][info][gc,phases   ] GC(436)   Other: 0.1ms
[39.397s][info][gc,heap     ] GC(436) Eden regions: 1224->0(1224)
[39.397s][info][gc,heap     ] GC(436) Survivor regions: 4->4(154)
[39.397s][info][gc,heap     ] GC(436) Old regions: 366->366
[39.397s][info][gc,heap     ] GC(436) Humongous regions: 18->18
[39.397s][info][gc,metaspace] GC(436) Metaspace: 1892K(2048K)->1892K(2048K) NonClass: 1745K(1792K)->1745K(1792K) Class: 146K(256K)->146K(256K)
[39.397s][info][gc          ] GC(436) Pause Young (Normal) (G1 Evacuation Pause) 1610M->386M(2048M) 5.208ms
[39.397s][info][gc,cpu      ] GC(436) User=0.00s Sys=0.00s Real=0.01s
[39.513s][info][gc,start    ] GC(437) Pause Young (Normal) (G1 Evacuation Pause)
[39.513s][info][gc,task     ] GC(437) Using 10 workers of 10 for evacuation
[39.518s][info][gc,phases   ] GC(437)   Pre Evacuate Collection Set: 0.3ms
[39.518s][info][gc,phases   ] GC(437)   Merge Heap Roots: 0.2ms
[39.518s][info][gc,phases   ] GC(437)   Evacuate Collection Set: 3.5ms
[39.518s][info][gc,phases   ] GC(437)   Post Evacuate Collection Set: 0.6ms
[39.518s][info][gc,phases   ] GC(437)   Other: 0.1ms
[39.518s][info][gc,heap     ] GC(437) Eden regions: 1224->0(1224)
[39.518s][info][gc,heap     ] GC(437) Survivor regions: 4->4(154)
[39.518s][info][gc,heap     ] GC(437) Old regions: 366->366
[39.518s][info][gc,heap     ] GC(437) Humongous regions: 18->18
[39.518s][info][gc,metaspace] GC(437) Metaspace: 1892K(2048K)->1892K(2048K) NonClass: 1745K(1792K)->1745K(1792K) Class: 146K(256K)->146K(256K)
[39.518s][info][gc          ] GC(437) Pause Young (Normal) (G1 Evacuation Pause) 1610M->386M(2048M) 4.986ms
[39.518s][info][gc,cpu      ] GC(437) User=0.00s Sys=0.00s Real=0.01s
[39.634s][info][gc,start    ] GC(438) Pause Young (Normal) (G1 Evacuation Pause)
[39.634s][info][gc,task     ] GC(438) Using 10 workers of 10 for evacuation
[39.639s][info][gc,phases   ] GC(438)   Pre Evacuate Collection Set: 0.3ms
[39.639s][info][gc,phases   ] GC(438)   Merge Heap Roots: 0.2ms
[39.639s][info][gc,phases   ] GC(438)   Evacuate Collection Set: 4.1ms
[39.639s][info][gc,phases   ] GC(438)   Post Evacuate Collection Set: 0.6ms
[39.639s][info][gc,phases   ] GC(438)   Other: 0.1ms
[39.639s][info][gc,heap     ] GC(438) Eden regions: 1224->0(1224)
[39.639s][info][gc,heap     ] GC(438) Survivor regions: 4->4(154)
[39.639s][info][gc,heap     ] GC(438) Old regions: 366->366
[39.639s][info][gc,heap     ] GC(438) Humongous regions: 18->18
[39.639s][info][gc,metaspace] GC(438) Metaspace: 1892K(2048K)->1892K(2048K) NonClass: 1745K(1792K)->1745K(1792K) Class: 146K(256K)->146K(256K)
[39.640s][info][gc          ] GC(438) Pause Young (Normal) (G1 Evacuation Pause) 1610M->387M(2048M) 5.641ms
[39.640s][info][gc,cpu      ] GC(438) User=0.00s Sys=0.00s Real=0.01s
[39.756s][info][gc,start    ] GC(439) Pause Young (Normal) (G1 Evacuation Pause)
[39.756s][info][gc,task     ] GC(439) Using 10 workers of 10 for evacuation
[39.761s][info][gc,phases   ] GC(439)   Pre Evacuate Collection Set: 0.3ms
[39.761s][info][gc,phases   ] GC(439)   Merge Heap Roots: 0.2ms
[39.761s][info][gc,phases   ] GC(439)   Evacuate Collection Set: 3.9ms
[39.761s][info][gc,phases   ] GC(439)   Post Evacuate Collection Set: 0.6ms
[39.761s][info][gc,phases   ] GC(439)   Other: 0.2ms
[39.761s][info][gc,heap     ] GC(439) Eden regions: 1224->0(1224)
[39.761s][info][gc,heap     ] GC(439) Survivor regions: 4->4(154)
[39.761s][info][gc,heap     ] GC(439) Old regions: 366->366
[39.761s][info][gc,heap     ] GC(439) Humongous regions: 18->18
[39.761s][info][gc,metaspace] GC(439) Metaspace: 1892K(2048K)->1892K(2048K) NonClass: 1745K(1792K)->1745K(1792K) Class: 146K(256K)->146K(256K)
[39.761s][info][gc          ] GC(439) Pause Young (Normal) (G1 Evacuation Pause) 1611M->387M(2048M) 5.452ms
[39.761s][info][gc,cpu      ] GC(439) User=0.02s Sys=0.00s Real=0.01s
[39.877s][info][gc,start    ] GC(440) Pause Young (Normal) (G1 Evacuation Pause)
[39.877s][info][gc,task     ] GC(440) Using 10 workers of 10 for evacuation
[39.882s][info][gc,phases   ] GC(440)   Pre Evacuate Collection Set: 0.3ms
[39.883s][info][gc,phases   ] GC(440)   Merge Heap Roots: 0.2ms
[39.883s][info][gc,phases   ] GC(440)   Evacuate Collection Set: 3.6ms
[39.883s][info][gc,phases   ] GC(440)   Post Evacuate Collection Set: 0.6ms
[39.883s][info][gc,phases   ] GC(440)   Other: 0.1ms
[39.883s][info][gc,heap     ] GC(440) Eden regions: 1224->0(1224)
[39.883s][info][gc,heap     ] GC(440) Survivor regions: 4->4(154)
[39.883s][info][gc,heap     ] GC(440) Old regions: 366->367
[39.883s][info][gc,heap     ] GC(440) Humongous regions: 18->18
[39.883s][info][gc,metaspace] GC(440) Metaspace: 1892K(2048K)->1892K(2048K) NonClass: 1745K(1792K)->1745K(1792K) Class: 146K(256K)->146K(256K)
[39.883s][info][gc          ] GC(440) Pause Young (Normal) (G1 Evacuation Pause) 1611M->387M(2048M) 5.421ms
[39.883s][info][gc,cpu      ] GC(440) User=0.02s Sys=0.00s Real=0.01s
[39.999s][info][gc,start    ] GC(441) Pause Young (Normal) (G1 Evacuation Pause)
[39.999s][info][gc,task     ] GC(441) Using 10 workers of 10 for evacuation
[40.003s][info][gc,phases   ] GC(441)   Pre Evacuate Collection Set: 0.3ms
[40.003s][info][gc,phases   ] GC(441)   Merge Heap Roots: 0.2ms
[40.003s][info][gc,phases   ] GC(441)   Evacuate Collection Set: 3.5ms
[40.003s][info][gc,phases   ] GC(441)   Post Evacuate Collection Set: 0.6ms
[40.003s][info][gc,phases   ] GC(441)   Other: 0.1ms
[40.003s][info][gc,heap     ] GC(441) Eden regions: 1224->0(1224)
[40.004s][info][gc,heap     ] GC(441) Survivor regions: 4->4(154)
[40.004s][info][gc,heap     ] GC(441) Old regions: 367->367
[40.004s][info][gc,heap     ] GC(441) Humongous regions: 18->18
[40.004s][info][gc,metaspace] GC(441) Metaspace: 1892K(2048K)->1892K(2048K) NonClass: 1745K(1792K)->1745K(1792K) Class: 146K(256K)->146K(256K)
[40.004s][info][gc          ] GC(441) Pause Young (Normal) (G1 Evacuation Pause) 1611M->387M(2048M) 4.964ms
[40.004s][info][gc,cpu      ] GC(441) User=0.00s Sys=0.00s Real=0.00s
[40.119s][info][gc,start    ] GC(442) Pause Young (Normal) (G1 Evacuation Pause)
[40.119s][info][gc,task     ] GC(442) Using 10 workers of 10 for evacuation
[40.124s][info][gc,phases   ] GC(442)   Pre Evacuate Collection Set: 0.3ms
[40.124s][info][gc,phases   ] GC(442)   Merge Heap Roots: 0.2ms
[40.124s][info][gc,phases   ] GC(442)   Evacuate Collection Set: 3.4ms
[40.124s][info][gc,phases   ] GC(442)   Post Evacuate Collection Set: 0.6ms
[40.124s][info][gc,phases   ] GC(442)   Other: 0.1ms
[40.124s][info][gc,heap     ] GC(442) Eden regions: 1224->0(1224)
[40.124s][info][gc,heap     ] GC(442) Survivor regions: 4->4(154)
[40.124s][info][gc,heap     ] GC(442) Old regions: 367->367
[40.124s][info][gc,heap     ] GC(442) Humongous regions: 18->18
[40.124s][info][gc,metaspace] GC(442) Metaspace: 1892K(2048K)->1892K(2048K) NonClass: 1745K(1792K)->1745K(1792K) Class: 146K(256K)->146K(256K)
[40.124s][info][gc          ] GC(442) Pause Young (Normal) (G1 Evacuation Pause) 1611M->387M(2048M) 4.799ms
[40.124s][info][gc,cpu      ] GC(442) User=0.00s Sys=0.00s Real=0.00s
[40.240s][info][gc,start    ] GC(443) Pause Young (Normal) (G1 Evacuation Pause)
[40.240s][info][gc,task     ] GC(443) Using 10 workers of 10 for evacuation
[40.245s][info][gc,phases   ] GC(443)   Pre Evacuate Collection Set: 0.3ms
[40.245s][info][gc,phases   ] GC(443)   Merge Heap Roots: 0.2ms
[40.245s][info][gc,phases   ] GC(443)   Evacuate Collection Set: 3.8ms
[40.245s][info][gc,phases   ] GC(443)   Post Evacuate Collection Set: 0.6ms
[40.245s][info][gc,phases   ] GC(443)   Other: 0.1ms
[40.245s][info][gc,heap     ] GC(443) Eden regions: 1224->0(1224)
[40.245s][info][gc,heap     ] GC(443) Survivor regions: 4->4(154)
[40.245s][info][gc,heap     ] GC(443) Old regions: 367->367
[40.245s][info][gc,heap     ] GC(443) Humongous regions: 18->18
[40.245s][info][gc,metaspace] GC(443) Metaspace: 1893K(2048K)->1893K(2048K) NonClass: 1746K(1792K)->1746K(1792K) Class: 146K(256K)->146K(256K)
[40.245s][info][gc          ] GC(443) Pause Young (Normal) (G1 Evacuation Pause) 1611M->388M(2048M) 5.256ms
[40.245s][info][gc,cpu      ] GC(443) User=0.02s Sys=0.00s Real=0.01s
[40.362s][info][gc,start    ] GC(444) Pause Young (Normal) (G1 Evacuation Pause)
[40.362s][info][gc,task     ] GC(444) Using 10 workers of 10 for evacuation
[40.367s][info][gc,phases   ] GC(444)   Pre Evacuate Collection Set: 0.3ms
[40.367s][info][gc,phases   ] GC(444)   Merge Heap Roots: 0.2ms
[40.367s][info][gc,phases   ] GC(444)   Evacuate Collection Set: 3.4ms
[40.367s][info][gc,phases   ] GC(444)   Post Evacuate Collection Set: 0.6ms
[40.367s][info][gc,phases   ] GC(444)   Other: 0.1ms
[40.367s][info][gc,heap     ] GC(444) Eden regions: 1224->0(1225)
[40.367s][info][gc,heap     ] GC(444) Survivor regions: 4->3(154)
[40.367s][info][gc,heap     ] GC(444) Old regions: 367->368
[40.367s][info][gc,heap     ] GC(444) Humongous regions: 18->18
[40.367s][info][gc,metaspace] GC(444) Metaspace: 1894K(2048K)->1894K(2048K) NonClass: 1747K(1792K)->1747K(1792K) Class: 146K(256K)->146K(256K)
[40.367s][info][gc          ] GC(444) Pause Young (Normal) (G1 Evacuation Pause) 1612M->388M(2048M) 4.816ms
[40.367s][info][gc,cpu      ] GC(444) User=0.02s Sys=0.00s Real=0.00s
[40.701s][info][gc,heap,exit] Heap
[40.701s][info][gc,heap,exit]  garbage-first heap   total 2097152K, used 879290K [0x0000000080000000, 0x0000000100000000)
[40.701s][info][gc,heap,exit]   region size 1024K, 452 young (462848K), 3 survivors (3072K)
[40.701s][info][gc,heap,exit]  Metaspace       used 2084K, committed 2240K, reserved 1114112K
[40.701s][info][gc,heap,exit]   class space    used 171K, committed 256K, reserved 1048576K
