[0.008s][info][gc,init] CardTable entry size: 512
[0.008s][info][gc     ] Using Parallel
[0.011s][info][gc,init] Version: 21.0.5+9-LTS-239 (release)
[0.011s][info][gc,init] CPUs: 12 total, 12 available
[0.011s][info][gc,init] Memory: 16263M
[0.011s][info][gc,init] Large Page Support: Disabled
[0.011s][info][gc,init] NUMA Support: Disabled
[0.011s][info][gc,init] Compressed Oops: Enabled (32-bit)
[0.011s][info][gc,init] Alignments: Space 512K, Generation 512K, Heap 2M
[0.011s][info][gc,init] Heap Min Capacity: 1G
[0.011s][info][gc,init] Heap Initial Capacity: 1G
[0.011s][info][gc,init] Heap Max Capacity: 2G
[0.012s][info][gc,init] Pre-touch: Disabled
[0.012s][info][gc,init] Parallel Workers: 10
[0.020s][info][gc,metaspace] CDS archive(s) mapped at: [0x0000025b00000000-0x0000025b00c90000-0x0000025b00c90000), size 13172736, SharedBaseAddress: 0x0000025b00000000, ArchiveRelocationMode: 1.
[0.020s][info][gc,metaspace] Compressed class space mapped at: 0x0000025b01000000-0x0000025b41000000, reserved size: 1073741824
[0.020s][info][gc,metaspace] Narrow klass base: 0x0000025b00000000, Narrow klass shift: 0, Narrow klass range: 0x100000000
[0.338s][info][gc,start    ] GC(0) Pause Young (Allocation Failure)
[0.341s][info][gc,heap     ] GC(0) PSYoungGen: 262144K(305664K)->7534K(305664K) Eden: 262144K(262144K)->0K(262144K) From: 0K(43520K)->7534K(43520K)
[0.341s][info][gc,heap     ] GC(0) ParOldGen: 0K(699392K)->95K(699392K)
[0.341s][info][gc,metaspace] GC(0) Metaspace: 1712K(1856K)->1712K(1856K) NonClass: 1570K(1600K)->1570K(1600K) Class: 142K(256K)->142K(256K)
[0.341s][info][gc          ] GC(0) Pause Young (Allocation Failure) 256M->7M(981M) 2.705ms
[0.341s][info][gc,cpu      ] GC(0) User=0.00s Sys=0.00s Real=0.00s
[0.429s][info][gc,start    ] GC(1) Pause Young (Allocation Failure)
[0.432s][info][gc,heap     ] GC(1) PSYoungGen: 269678K(305664K)->11534K(305664K) Eden: 262144K(262144K)->0K(262144K) From: 7534K(43520K)->11534K(43520K)
[0.432s][info][gc,heap     ] GC(1) ParOldGen: 95K(699392K)->103K(699392K)
[0.432s][info][gc,metaspace] GC(1) Metaspace: 1737K(1920K)->1737K(1920K) NonClass: 1594K(1664K)->1594K(1664K) Class: 142K(256K)->142K(256K)
[0.432s][info][gc          ] GC(1) Pause Young (Allocation Failure) 263M->11M(981M) 3.313ms
[0.432s][info][gc,cpu      ] GC(1) User=0.00s Sys=0.00s Real=0.00s
[0.478s][info][gc,start    ] GC(2) Pause Young (Allocation Failure)
[0.480s][info][gc,heap     ] GC(2) PSYoungGen: 273678K(305664K)->13434K(305664K) Eden: 262144K(262144K)->0K(262144K) From: 11534K(43520K)->13434K(43520K)
[0.480s][info][gc,heap     ] GC(2) ParOldGen: 103K(699392K)->111K(699392K)
[0.480s][info][gc,metaspace] GC(2) Metaspace: 1737K(1920K)->1737K(1920K) NonClass: 1594K(1664K)->1594K(1664K) Class: 142K(256K)->142K(256K)
[0.480s][info][gc          ] GC(2) Pause Young (Allocation Failure) 267M->13M(981M) 2.506ms
[0.480s][info][gc,cpu      ] GC(2) User=0.00s Sys=0.00s Real=0.00s
[0.525s][info][gc,start    ] GC(3) Pause Young (Allocation Failure)
[0.529s][info][gc,heap     ] GC(3) PSYoungGen: 275578K(305664K)->15203K(567808K) Eden: 262144K(262144K)->0K(524288K) From: 13434K(43520K)->15203K(43520K)
[0.529s][info][gc,heap     ] GC(3) ParOldGen: 111K(699392K)->119K(699392K)
[0.529s][info][gc,metaspace] GC(3) Metaspace: 1752K(1920K)->1752K(1920K) NonClass: 1607K(1664K)->1607K(1664K) Class: 144K(256K)->144K(256K)
[0.529s][info][gc          ] GC(3) Pause Young (Allocation Failure) 269M->14M(1237M) 3.396ms
[0.529s][info][gc,cpu      ] GC(3) User=0.02s Sys=0.00s Real=0.00s
[0.655s][info][gc,start    ] GC(4) Pause Young (Allocation Failure)
[0.659s][info][gc,heap     ] GC(4) PSYoungGen: 539491K(567808K)->19742K(567808K) Eden: 524288K(524288K)->0K(524288K) From: 15203K(43520K)->19742K(43520K)
[0.659s][info][gc,heap     ] GC(4) ParOldGen: 119K(699392K)->127K(699392K)
[0.659s][info][gc,metaspace] GC(4) Metaspace: 1753K(1920K)->1753K(1920K) NonClass: 1609K(1664K)->1609K(1664K) Class: 144K(256K)->144K(256K)
[0.659s][info][gc          ] GC(4) Pause Young (Allocation Failure) 526M->19M(1237M) 4.255ms
[0.659s][info][gc,cpu      ] GC(4) User=0.03s Sys=0.00s Real=0.00s
[0.713s][info][gc,start    ] GC(5) Pause Young (Allocation Failure)
[0.717s][info][gc,heap     ] GC(5) PSYoungGen: 544030K(567808K)->19526K(631808K) Eden: 524288K(524288K)->0K(609792K) From: 19742K(43520K)->19526K(22016K)
[0.717s][info][gc,heap     ] GC(5) ParOldGen: 127K(699392K)->135K(699392K)
[0.717s][info][gc,metaspace] GC(5) Metaspace: 1754K(1920K)->1754K(1920K) NonClass: 1610K(1664K)->1610K(1664K) Class: 144K(256K)->144K(256K)
[0.717s][info][gc          ] GC(5) Pause Young (Allocation Failure) 531M->19M(1300M) 4.272ms
[0.717s][info][gc,cpu      ] GC(5) User=0.00s Sys=0.00s Real=0.00s
[0.777s][info][gc,start    ] GC(6) Pause Young (Allocation Failure)
[0.781s][info][gc,heap     ] GC(6) PSYoungGen: 629318K(631808K)->14177K(633856K) Eden: 609792K(609792K)->0K(609792K) From: 19526K(22016K)->14177K(24064K)
[0.781s][info][gc,heap     ] GC(6) ParOldGen: 135K(699392K)->6782K(699392K)
[0.781s][info][gc,metaspace] GC(6) Metaspace: 1754K(1920K)->1754K(1920K) NonClass: 1610K(1664K)->1610K(1664K) Class: 144K(256K)->144K(256K)
[0.781s][info][gc          ] GC(6) Pause Young (Allocation Failure) 614M->20M(1302M) 4.503ms
[0.781s][info][gc,cpu      ] GC(6) User=0.02s Sys=0.00s Real=0.00s
[0.844s][info][gc,start    ] GC(7) Pause Young (Allocation Failure)
[0.848s][info][gc,heap     ] GC(7) PSYoungGen: 623969K(633856K)->13992K(671744K) Eden: 609792K(609792K)->0K(651776K) From: 14177K(24064K)->13992K(19968K)
[0.848s][info][gc,heap     ] GC(7) ParOldGen: 6782K(699392K)->9624K(699392K)
[0.848s][info][gc,metaspace] GC(7) Metaspace: 1756K(1920K)->1756K(1920K) NonClass: 1612K(1664K)->1612K(1664K) Class: 144K(256K)->144K(256K)
[0.848s][info][gc          ] GC(7) Pause Young (Allocation Failure) 615M->23M(1339M) 4.427ms
[0.848s][info][gc,cpu      ] GC(7) User=0.02s Sys=0.03s Real=0.01s
[0.911s][info][gc,start    ] GC(8) Pause Young (Allocation Failure)
[0.915s][info][gc,heap     ] GC(8) PSYoungGen: 665768K(671744K)->12272K(673792K) Eden: 651776K(651776K)->0K(651776K) From: 13992K(19968K)->12272K(22016K)
[0.915s][info][gc,heap     ] GC(8) ParOldGen: 9624K(699392K)->15219K(699392K)
[0.915s][info][gc,metaspace] GC(8) Metaspace: 1766K(1920K)->1766K(1920K) NonClass: 1621K(1664K)->1621K(1664K) Class: 144K(256K)->144K(256K)
[0.915s][info][gc          ] GC(8) Pause Young (Allocation Failure) 659M->26M(1341M) 4.317ms
[0.915s][info][gc,cpu      ] GC(8) User=0.02s Sys=0.03s Real=0.00s
[0.978s][info][gc,start    ] GC(9) Pause Young (Allocation Failure)
[0.982s][info][gc,heap     ] GC(9) PSYoungGen: 664048K(673792K)->8781K(676352K) Eden: 651776K(651776K)->0K(654848K) From: 12272K(22016K)->8781K(21504K)
[0.982s][info][gc,heap     ] GC(9) ParOldGen: 15219K(699392K)->22416K(699392K)
[0.982s][info][gc,metaspace] GC(9) Metaspace: 1766K(1920K)->1766K(1920K) NonClass: 1621K(1664K)->1621K(1664K) Class: 144K(256K)->144K(256K)
[0.982s][info][gc          ] GC(9) Pause Young (Allocation Failure) 663M->30M(1343M) 3.655ms
[0.982s][info][gc,cpu      ] GC(9) User=0.06s Sys=0.00s Real=0.00s
[1.067s][info][gc,start    ] GC(10) Pause Young (Allocation Failure)
[1.070s][info][gc,heap     ] GC(10) PSYoungGen: 663629K(676352K)->8765K(676864K) Eden: 654848K(654848K)->0K(654848K) From: 8781K(21504K)->8765K(22016K)
[1.070s][info][gc,heap     ] GC(10) ParOldGen: 22416K(699392K)->29722K(699392K)
[1.070s][info][gc,metaspace] GC(10) Metaspace: 1766K(1920K)->1766K(1920K) NonClass: 1622K(1664K)->1622K(1664K) Class: 144K(256K)->144K(256K)
[1.070s][info][gc          ] GC(10) Pause Young (Allocation Failure) 669M->37M(1344M) 2.956ms
[1.070s][info][gc,cpu      ] GC(10) User=0.00s Sys=0.00s Real=0.00s
[1.134s][info][gc,start    ] GC(11) Pause Young (Allocation Failure)
[1.137s][info][gc,heap     ] GC(11) PSYoungGen: 663613K(676864K)->6953K(676864K) Eden: 654848K(654848K)->0K(654848K) From: 8765K(22016K)->6953K(22016K)
[1.137s][info][gc,heap     ] GC(11) ParOldGen: 29722K(699392K)->38076K(699392K)
[1.137s][info][gc,metaspace] GC(11) Metaspace: 1768K(1920K)->1768K(1920K) NonClass: 1624K(1664K)->1624K(1664K) Class: 144K(256K)->144K(256K)
[1.137s][info][gc          ] GC(11) Pause Young (Allocation Failure) 677M->43M(1344M) 2.902ms
[1.137s][info][gc,cpu      ] GC(11) User=0.00s Sys=0.00s Real=0.00s
[1.199s][info][gc,start    ] GC(12) Pause Young (Allocation Failure)
[1.201s][info][gc,heap     ] GC(12) PSYoungGen: 661801K(676864K)->7499K(676864K) Eden: 654848K(654848K)->0K(654848K) From: 6953K(22016K)->7499K(22016K)
[1.201s][info][gc,heap     ] GC(12) ParOldGen: 38076K(699392K)->44630K(699392K)
[1.201s][info][gc,metaspace] GC(12) Metaspace: 1776K(1920K)->1776K(1920K) NonClass: 1632K(1664K)->1632K(1664K) Class: 144K(256K)->144K(256K)
[1.201s][info][gc          ] GC(12) Pause Young (Allocation Failure) 683M->50M(1344M) 2.412ms
[1.201s][info][gc,cpu      ] GC(12) User=0.00s Sys=0.00s Real=0.00s
[1.263s][info][gc,start    ] GC(13) Pause Young (Allocation Failure)
[1.265s][info][gc,heap     ] GC(13) PSYoungGen: 662347K(676864K)->6477K(676864K) Eden: 654848K(654848K)->0K(654848K) From: 7499K(22016K)->6477K(22016K)
[1.265s][info][gc,heap     ] GC(13) ParOldGen: 44630K(699392K)->51898K(699392K)
[1.265s][info][gc,metaspace] GC(13) Metaspace: 1778K(1920K)->1778K(1920K) NonClass: 1634K(1664K)->1634K(1664K) Class: 144K(256K)->144K(256K)
[1.265s][info][gc          ] GC(13) Pause Young (Allocation Failure) 690M->57M(1344M) 2.511ms
[1.265s][info][gc,cpu      ] GC(13) User=0.00s Sys=0.00s Real=0.00s
[1.327s][info][gc,start    ] GC(14) Pause Young (Allocation Failure)
[1.329s][info][gc,heap     ] GC(14) PSYoungGen: 661325K(676864K)->5644K(676864K) Eden: 654848K(654848K)->0K(654848K) From: 6477K(22016K)->5644K(22016K)
[1.329s][info][gc,heap     ] GC(14) ParOldGen: 51898K(699392K)->58237K(699392K)
[1.329s][info][gc,metaspace] GC(14) Metaspace: 1780K(1920K)->1780K(1920K) NonClass: 1636K(1664K)->1636K(1664K) Class: 144K(256K)->144K(256K)
[1.329s][info][gc          ] GC(14) Pause Young (Allocation Failure) 696M->62M(1344M) 2.150ms
[1.329s][info][gc,cpu      ] GC(14) User=0.02s Sys=0.00s Real=0.00s
[1.390s][info][gc,start    ] GC(15) Pause Young (Allocation Failure)
[1.393s][info][gc,heap     ] GC(15) PSYoungGen: 660492K(676864K)->7307K(675840K) Eden: 654848K(654848K)->0K(654848K) From: 5644K(22016K)->7307K(20992K)
[1.393s][info][gc,heap     ] GC(15) ParOldGen: 58237K(699392K)->63693K(699392K)
[1.393s][info][gc,metaspace] GC(15) Metaspace: 1780K(1920K)->1780K(1920K) NonClass: 1636K(1664K)->1636K(1664K) Class: 144K(256K)->144K(256K)
[1.393s][info][gc          ] GC(15) Pause Young (Allocation Failure) 701M->69M(1343M) 2.277ms
[1.393s][info][gc,cpu      ] GC(15) User=0.00s Sys=0.00s Real=0.00s
[1.458s][info][gc,start    ] GC(16) Pause Young (Allocation Failure)
[1.462s][info][gc,heap     ] GC(16) PSYoungGen: 662155K(675840K)->15556K(676352K) Eden: 654848K(654848K)->0K(654848K) From: 7307K(20992K)->15556K(21504K)
[1.462s][info][gc,heap     ] GC(16) ParOldGen: 63693K(699392K)->70843K(699392K)
[1.462s][info][gc,metaspace] GC(16) Metaspace: 1781K(1920K)->1781K(1920K) NonClass: 1637K(1664K)->1637K(1664K) Class: 144K(256K)->144K(256K)
[1.462s][info][gc          ] GC(16) Pause Young (Allocation Failure) 708M->84M(1343M) 4.359ms
[1.462s][info][gc,cpu      ] GC(16) User=0.00s Sys=0.00s Real=0.00s
[1.523s][info][gc,start    ] GC(17) Pause Young (Allocation Failure)
[1.528s][info][gc,heap     ] GC(17) PSYoungGen: 670404K(676352K)->7247K(676864K) Eden: 654848K(654848K)->0K(654848K) From: 15556K(21504K)->7247K(22016K)
[1.528s][info][gc,heap     ] GC(17) ParOldGen: 70843K(699392K)->87194K(699392K)
[1.528s][info][gc,metaspace] GC(17) Metaspace: 1785K(1920K)->1785K(1920K) NonClass: 1640K(1664K)->1640K(1664K) Class: 144K(256K)->144K(256K)
[1.528s][info][gc          ] GC(17) Pause Young (Allocation Failure) 723M->92M(1344M) 4.365ms
[1.528s][info][gc,cpu      ] GC(17) User=0.02s Sys=0.00s Real=0.00s
[1.589s][info][gc,start    ] GC(18) Pause Young (Allocation Failure)
[1.592s][info][gc,heap     ] GC(18) PSYoungGen: 662095K(676864K)->7883K(663040K) Eden: 654848K(654848K)->0K(654848K) From: 7247K(22016K)->7883K(8192K)
[1.592s][info][gc,heap     ] GC(18) ParOldGen: 87194K(699392K)->94255K(699392K)
[1.592s][info][gc,metaspace] GC(18) Metaspace: 1788K(1920K)->1788K(1920K) NonClass: 1644K(1664K)->1644K(1664K) Class: 144K(256K)->144K(256K)
[1.592s][info][gc          ] GC(18) Pause Young (Allocation Failure) 731M->99M(1330M) 2.681ms
[1.592s][info][gc,cpu      ] GC(18) User=0.02s Sys=0.00s Real=0.00s
[1.656s][info][gc,start    ] GC(19) Pause Young (Allocation Failure)
[1.659s][info][gc,heap     ] GC(19) PSYoungGen: 662731K(663040K)->7476K(676352K) Eden: 654848K(654848K)->0K(655360K) From: 7883K(8192K)->7476K(20992K)
[1.659s][info][gc,heap     ] GC(19) ParOldGen: 94255K(699392K)->101654K(699392K)
[1.659s][info][gc,metaspace] GC(19) Metaspace: 1788K(1920K)->1788K(1920K) NonClass: 1644K(1664K)->1644K(1664K) Class: 144K(256K)->144K(256K)
[1.659s][info][gc          ] GC(19) Pause Young (Allocation Failure) 739M->106M(1343M) 2.585ms
[1.659s][info][gc,cpu      ] GC(19) User=0.00s Sys=0.00s Real=0.00s
[1.721s][info][gc,start    ] GC(20) Pause Young (Allocation Failure)
[1.724s][info][gc,heap     ] GC(20) PSYoungGen: 662836K(676352K)->6465K(675840K) Eden: 655360K(655360K)->0K(655360K) From: 7476K(20992K)->6465K(20480K)
[1.724s][info][gc,heap     ] GC(20) ParOldGen: 101654K(699392K)->108435K(699392K)
[1.724s][info][gc,metaspace] GC(20) Metaspace: 1789K(1920K)->1789K(1920K) NonClass: 1645K(1664K)->1645K(1664K) Class: 144K(256K)->144K(256K)
[1.724s][info][gc          ] GC(20) Pause Young (Allocation Failure) 746M->112M(1343M) 2.507ms
[1.724s][info][gc,cpu      ] GC(20) User=0.00s Sys=0.00s Real=0.00s
[1.786s][info][gc,start    ] GC(21) Pause Young (Allocation Failure)
[1.788s][info][gc,heap     ] GC(21) PSYoungGen: 661825K(675840K)->7961K(677888K) Eden: 655360K(655360K)->0K(657920K) From: 6465K(20480K)->7961K(19968K)
[1.788s][info][gc,heap     ] GC(21) ParOldGen: 108435K(699392K)->114744K(699392K)
[1.788s][info][gc,metaspace] GC(21) Metaspace: 1789K(1920K)->1789K(1920K) NonClass: 1645K(1664K)->1645K(1664K) Class: 144K(256K)->144K(256K)
[1.789s][info][gc          ] GC(21) Pause Young (Allocation Failure) 752M->119M(1345M) 2.632ms
[1.789s][info][gc,cpu      ] GC(21) User=0.00s Sys=0.00s Real=0.00s
[1.850s][info][gc,start    ] GC(22) Pause Young (Allocation Failure)
[1.853s][info][gc,heap     ] GC(22) PSYoungGen: 665881K(677888K)->8243K(677376K) Eden: 657920K(657920K)->0K(657920K) From: 7961K(19968K)->8243K(19456K)
[1.853s][info][gc,heap     ] GC(22) ParOldGen: 114744K(699392K)->121601K(699392K)
[1.853s][info][gc,metaspace] GC(22) Metaspace: 1790K(1920K)->1790K(1920K) NonClass: 1645K(1664K)->1645K(1664K) Class: 144K(256K)->144K(256K)
[1.853s][info][gc          ] GC(22) Pause Young (Allocation Failure) 762M->126M(1344M) 2.665ms
[1.853s][info][gc,cpu      ] GC(22) User=0.00s Sys=0.03s Real=0.00s
[1.915s][info][gc,start    ] GC(23) Pause Young (Allocation Failure)
[1.918s][info][gc,heap     ] GC(23) PSYoungGen: 666163K(677376K)->6001K(678912K) Eden: 657920K(657920K)->0K(659968K) From: 8243K(19456K)->6001K(18944K)
[1.918s][info][gc,heap     ] GC(23) ParOldGen: 121601K(699392K)->129295K(699392K)
[1.918s][info][gc,metaspace] GC(23) Metaspace: 1793K(1984K)->1793K(1984K) NonClass: 1649K(1728K)->1649K(1728K) Class: 144K(256K)->144K(256K)
[1.918s][info][gc          ] GC(23) Pause Young (Allocation Failure) 769M->132M(1346M) 2.488ms
[1.918s][info][gc,cpu      ] GC(23) User=0.00s Sys=0.02s Real=0.00s
[1.980s][info][gc,start    ] GC(24) Pause Young (Allocation Failure)
[1.983s][info][gc,heap     ] GC(24) PSYoungGen: 665969K(678912K)->6849K(678400K) Eden: 659968K(659968K)->0K(659968K) From: 6001K(18944K)->6849K(18432K)
[1.983s][info][gc,heap     ] GC(24) ParOldGen: 129295K(699392K)->134944K(699392K)
[1.983s][info][gc,metaspace] GC(24) Metaspace: 1793K(1984K)->1793K(1984K) NonClass: 1649K(1728K)->1649K(1728K) Class: 144K(256K)->144K(256K)
[1.983s][info][gc          ] GC(24) Pause Young (Allocation Failure) 776M->138M(1345M) 2.337ms
[1.983s][info][gc,cpu      ] GC(24) User=0.02s Sys=0.03s Real=0.00s
[2.046s][info][gc,start    ] GC(25) Pause Young (Allocation Failure)
[2.048s][info][gc,heap     ] GC(25) PSYoungGen: 666817K(678400K)->4780K(679424K) Eden: 659968K(659968K)->0K(661504K) From: 6849K(18432K)->4780K(17920K)
[2.048s][info][gc,heap     ] GC(25) ParOldGen: 134944K(699392K)->141549K(699392K)
[2.048s][info][gc,metaspace] GC(25) Metaspace: 1794K(1984K)->1794K(1984K) NonClass: 1650K(1728K)->1650K(1728K) Class: 144K(256K)->144K(256K)
[2.048s][info][gc          ] GC(25) Pause Young (Allocation Failure) 782M->142M(1346M) 2.497ms
[2.049s][info][gc,cpu      ] GC(25) User=0.03s Sys=0.00s Real=0.00s
[2.110s][info][gc,start    ] GC(26) Pause Young (Allocation Failure)
[2.112s][info][gc,heap     ] GC(26) PSYoungGen: 666284K(679424K)->6181K(679424K) Eden: 661504K(661504K)->0K(661504K) From: 4780K(17920K)->6181K(17920K)
[2.112s][info][gc,heap     ] GC(26) ParOldGen: 141549K(699392K)->146069K(699392K)
[2.112s][info][gc,metaspace] GC(26) Metaspace: 1795K(1984K)->1795K(1984K) NonClass: 1651K(1728K)->1651K(1728K) Class: 144K(256K)->144K(256K)
[2.112s][info][gc          ] GC(26) Pause Young (Allocation Failure) 788M->148M(1346M) 1.894ms
[2.112s][info][gc,cpu      ] GC(26) User=0.00s Sys=0.00s Real=0.00s
[2.177s][info][gc,start    ] GC(27) Pause Young (Allocation Failure)
[2.179s][info][gc,heap     ] GC(27) PSYoungGen: 667685K(679424K)->7835K(679424K) Eden: 661504K(661504K)->0K(663552K) From: 6181K(17920K)->7835K(15872K)
[2.179s][info][gc,heap     ] GC(27) ParOldGen: 146069K(699392K)->152018K(699392K)
[2.179s][info][gc,metaspace] GC(27) Metaspace: 1795K(1984K)->1795K(1984K) NonClass: 1651K(1728K)->1651K(1728K) Class: 144K(256K)->144K(256K)
[2.179s][info][gc          ] GC(27) Pause Young (Allocation Failure) 794M->156M(1346M) 2.340ms
[2.179s][info][gc,cpu      ] GC(27) User=0.00s Sys=0.00s Real=0.00s
[2.242s][info][gc,start    ] GC(28) Pause Young (Allocation Failure)
[2.244s][info][gc,heap     ] GC(28) PSYoungGen: 671387K(679424K)->7883K(679936K) Eden: 663552K(663552K)->0K(663552K) From: 7835K(15872K)->7883K(16384K)
[2.244s][info][gc,heap     ] GC(28) ParOldGen: 152018K(699392K)->159572K(699392K)
[2.244s][info][gc,metaspace] GC(28) Metaspace: 1795K(1984K)->1795K(1984K) NonClass: 1651K(1728K)->1651K(1728K) Class: 144K(256K)->144K(256K)
[2.244s][info][gc          ] GC(28) Pause Young (Allocation Failure) 804M->163M(1347M) 2.909ms
[2.244s][info][gc,cpu      ] GC(28) User=0.00s Sys=0.00s Real=0.00s
[2.306s][info][gc,start    ] GC(29) Pause Young (Allocation Failure)
[2.309s][info][gc,heap     ] GC(29) PSYoungGen: 671435K(679936K)->7038K(681984K) Eden: 663552K(663552K)->0K(667136K) From: 7883K(16384K)->7038K(14848K)
[2.309s][info][gc,heap     ] GC(29) ParOldGen: 159572K(699392K)->167371K(699392K)
[2.309s][info][gc,metaspace] GC(29) Metaspace: 1797K(1984K)->1797K(1984K) NonClass: 1653K(1728K)->1653K(1728K) Class: 144K(256K)->144K(256K)
[2.309s][info][gc          ] GC(29) Pause Young (Allocation Failure) 811M->170M(1349M) 2.390ms
[2.309s][info][gc,cpu      ] GC(29) User=0.00s Sys=0.02s Real=0.00s
[2.371s][info][gc,start    ] GC(30) Pause Young (Allocation Failure)
[2.374s][info][gc,heap     ] GC(30) PSYoungGen: 674174K(681984K)->7132K(681984K) Eden: 667136K(667136K)->0K(667136K) From: 7038K(14848K)->7132K(14848K)
[2.374s][info][gc,heap     ] GC(30) ParOldGen: 167371K(699392K)->174318K(699392K)
[2.374s][info][gc,metaspace] GC(30) Metaspace: 1797K(1984K)->1797K(1984K) NonClass: 1653K(1728K)->1653K(1728K) Class: 144K(256K)->144K(256K)
[2.374s][info][gc          ] GC(30) Pause Young (Allocation Failure) 821M->177M(1349M) 2.786ms
[2.374s][info][gc,cpu      ] GC(30) User=0.00s Sys=0.05s Real=0.00s
[2.437s][info][gc,start    ] GC(31) Pause Young (Allocation Failure)
[2.439s][info][gc,heap     ] GC(31) PSYoungGen: 674268K(681984K)->7614K(683520K) Eden: 667136K(667136K)->0K(669696K) From: 7132K(14848K)->7614K(13824K)
[2.439s][info][gc,heap     ] GC(31) ParOldGen: 174318K(699392K)->181243K(699392K)
[2.439s][info][gc,metaspace] GC(31) Metaspace: 1797K(1984K)->1797K(1984K) NonClass: 1653K(1728K)->1653K(1728K) Class: 144K(256K)->144K(256K)
[2.439s][info][gc          ] GC(31) Pause Young (Allocation Failure) 828M->184M(1350M) 2.472ms
[2.439s][info][gc,cpu      ] GC(31) User=0.00s Sys=0.00s Real=0.00s
[2.502s][info][gc,start    ] GC(32) Pause Young (Allocation Failure)
[2.505s][info][gc,heap     ] GC(32) PSYoungGen: 677310K(683520K)->7282K(683520K) Eden: 669696K(669696K)->0K(669696K) From: 7614K(13824K)->7282K(13824K)
[2.505s][info][gc,heap     ] GC(32) ParOldGen: 181243K(699392K)->188605K(699392K)
[2.505s][info][gc,metaspace] GC(32) Metaspace: 1797K(1984K)->1797K(1984K) NonClass: 1653K(1728K)->1653K(1728K) Class: 144K(256K)->144K(256K)
[2.505s][info][gc          ] GC(32) Pause Young (Allocation Failure) 838M->191M(1350M) 2.859ms
[2.505s][info][gc,cpu      ] GC(32) User=0.00s Sys=0.00s Real=0.00s
[2.568s][info][gc,start    ] GC(33) Pause Young (Allocation Failure)
[2.570s][info][gc,heap     ] GC(33) PSYoungGen: 676978K(683520K)->6238K(684544K) Eden: 669696K(669696K)->0K(671232K) From: 7282K(13824K)->6238K(13312K)
[2.571s][info][gc,heap     ] GC(33) ParOldGen: 188605K(699392K)->195690K(699392K)
[2.571s][info][gc,metaspace] GC(33) Metaspace: 1797K(1984K)->1797K(1984K) NonClass: 1653K(1728K)->1653K(1728K) Class: 144K(256K)->144K(256K)
[2.571s][info][gc          ] GC(33) Pause Young (Allocation Failure) 845M->197M(1351M) 2.348ms
[2.571s][info][gc,cpu      ] GC(33) User=0.02s Sys=0.00s Real=0.00s
[2.635s][info][gc,start    ] GC(34) Pause Young (Allocation Failure)
[2.638s][info][gc,heap     ] GC(34) PSYoungGen: 677470K(684544K)->4426K(684544K) Eden: 671232K(671232K)->0K(671232K) From: 6238K(13312K)->4426K(13312K)
[2.638s][info][gc,heap     ] GC(34) ParOldGen: 195690K(699392K)->201770K(699392K)
[2.638s][info][gc,metaspace] GC(34) Metaspace: 1797K(1984K)->1797K(1984K) NonClass: 1653K(1728K)->1653K(1728K) Class: 144K(256K)->144K(256K)
[2.638s][info][gc          ] GC(34) Pause Young (Allocation Failure) 852M->201M(1351M) 2.589ms
[2.638s][info][gc,cpu      ] GC(34) User=0.00s Sys=0.00s Real=0.00s
[2.702s][info][gc,start    ] GC(35) Pause Young (Allocation Failure)
[2.704s][info][gc,heap     ] GC(35) PSYoungGen: 675658K(684544K)->7944K(684544K) Eden: 671232K(671232K)->0K(672256K) From: 4426K(13312K)->7944K(12288K)
[2.704s][info][gc,heap     ] GC(35) ParOldGen: 201770K(699392K)->205980K(699392K)
[2.704s][info][gc,metaspace] GC(35) Metaspace: 1798K(1984K)->1798K(1984K) NonClass: 1654K(1728K)->1654K(1728K) Class: 144K(256K)->144K(256K)
[2.704s][info][gc          ] GC(35) Pause Young (Allocation Failure) 856M->208M(1351M) 2.322ms
[2.704s][info][gc,cpu      ] GC(35) User=0.02s Sys=0.02s Real=0.00s
[2.768s][info][gc,start    ] GC(36) Pause Young (Allocation Failure)
[2.770s][info][gc,heap     ] GC(36) PSYoungGen: 680200K(684544K)->8130K(685056K) Eden: 672256K(672256K)->0K(672256K) From: 7944K(12288K)->8130K(12800K)
[2.770s][info][gc,heap     ] GC(36) ParOldGen: 205980K(699392K)->213595K(699392K)
[2.770s][info][gc,metaspace] GC(36) Metaspace: 1800K(1984K)->1800K(1984K) NonClass: 1656K(1728K)->1656K(1728K) Class: 144K(256K)->144K(256K)
[2.770s][info][gc          ] GC(36) Pause Young (Allocation Failure) 865M->216M(1352M) 2.672ms
[2.770s][info][gc,cpu      ] GC(36) User=0.00s Sys=0.00s Real=0.00s
[2.833s][info][gc,start    ] GC(37) Pause Young (Allocation Failure)
[2.836s][info][gc,heap     ] GC(37) PSYoungGen: 680386K(685056K)->8103K(685056K) Eden: 672256K(672256K)->0K(673280K) From: 8130K(12800K)->8103K(11776K)
[2.836s][info][gc,heap     ] GC(37) ParOldGen: 213595K(699392K)->221075K(699392K)
[2.836s][info][gc,metaspace] GC(37) Metaspace: 1802K(1984K)->1802K(1984K) NonClass: 1658K(1728K)->1658K(1728K) Class: 144K(256K)->144K(256K)
[2.836s][info][gc          ] GC(37) Pause Young (Allocation Failure) 873M->223M(1352M) 2.682ms
[2.836s][info][gc,cpu      ] GC(37) User=0.00s Sys=0.00s Real=0.00s
[2.899s][info][gc,start    ] GC(38) Pause Young (Allocation Failure)
[2.902s][info][gc,heap     ] GC(38) PSYoungGen: 681383K(685056K)->7845K(685568K) Eden: 673280K(673280K)->0K(673280K) From: 8103K(11776K)->7845K(12288K)
[2.902s][info][gc,heap     ] GC(38) ParOldGen: 221075K(699392K)->229014K(699392K)
[2.902s][info][gc,metaspace] GC(38) Metaspace: 1802K(1984K)->1802K(1984K) NonClass: 1658K(1728K)->1658K(1728K) Class: 144K(256K)->144K(256K)
[2.902s][info][gc          ] GC(38) Pause Young (Allocation Failure) 881M->231M(1352M) 2.616ms
[2.902s][info][gc,cpu      ] GC(38) User=0.02s Sys=0.00s Real=0.00s
[2.964s][info][gc,start    ] GC(39) Pause Young (Allocation Failure)
[2.967s][info][gc,heap     ] GC(39) PSYoungGen: 681125K(685568K)->8362K(685568K) Eden: 673280K(673280K)->0K(674304K) From: 7845K(12288K)->8362K(11264K)
[2.967s][info][gc,heap     ] GC(39) ParOldGen: 229014K(699392K)->236723K(699392K)
[2.967s][info][gc,metaspace] GC(39) Metaspace: 1803K(1984K)->1803K(1984K) NonClass: 1659K(1728K)->1659K(1728K) Class: 144K(256K)->144K(256K)
[2.967s][info][gc          ] GC(39) Pause Young (Allocation Failure) 888M->239M(1352M) 2.855ms
[2.967s][info][gc,cpu      ] GC(39) User=0.03s Sys=0.00s Real=0.00s
[3.031s][info][gc,start    ] GC(40) Pause Young (Allocation Failure)
[3.033s][info][gc,heap     ] GC(40) PSYoungGen: 682666K(685568K)->4592K(686080K) Eden: 674304K(674304K)->0K(674304K) From: 8362K(11264K)->4592K(11776K)
[3.033s][info][gc,heap     ] GC(40) ParOldGen: 236723K(699392K)->244578K(699392K)
[3.033s][info][gc,metaspace] GC(40) Metaspace: 1803K(1984K)->1803K(1984K) NonClass: 1659K(1728K)->1659K(1728K) Class: 144K(256K)->144K(256K)
[3.033s][info][gc          ] GC(40) Pause Young (Allocation Failure) 897M->243M(1353M) 2.438ms
[3.033s][info][gc,cpu      ] GC(40) User=0.00s Sys=0.00s Real=0.00s
[3.098s][info][gc,start    ] GC(41) Pause Young (Allocation Failure)
[3.104s][info][gc,heap     ] GC(41) PSYoungGen: 678896K(686080K)->11762K(670720K) Eden: 674304K(674304K)->0K(658944K) From: 4592K(11776K)->11762K(11776K)
[3.104s][info][gc,heap     ] GC(41) ParOldGen: 244578K(699392K)->262677K(699392K)
[3.104s][info][gc,metaspace] GC(41) Metaspace: 1803K(1984K)->1803K(1984K) NonClass: 1659K(1728K)->1659K(1728K) Class: 144K(256K)->144K(256K)
[3.104s][info][gc          ] GC(41) Pause Young (Allocation Failure) 901M->268M(1338M) 6.007ms
[3.104s][info][gc,cpu      ] GC(41) User=0.00s Sys=0.00s Real=0.01s
[3.169s][info][gc,start    ] GC(42) Pause Young (Allocation Failure)
[3.174s][info][gc,heap     ] GC(42) PSYoungGen: 670706K(670720K)->7808K(678912K) Eden: 658944K(658944K)->0K(658944K) From: 11762K(11776K)->7808K(19968K)
[3.174s][info][gc,heap     ] GC(42) ParOldGen: 262677K(699392K)->284644K(699392K)
[3.175s][info][gc,metaspace] GC(42) Metaspace: 1803K(1984K)->1803K(1984K) NonClass: 1659K(1728K)->1659K(1728K) Class: 144K(256K)->144K(256K)
[3.175s][info][gc          ] GC(42) Pause Young (Allocation Failure) 911M->285M(1346M) 5.831ms
[3.175s][info][gc,cpu      ] GC(42) User=0.02s Sys=0.00s Real=0.01s
[3.236s][info][gc,start    ] GC(43) Pause Young (Allocation Failure)
[3.239s][info][gc,heap     ] GC(43) PSYoungGen: 666752K(678912K)->4561K(677376K) Eden: 658944K(658944K)->0K(659456K) From: 7808K(19968K)->4561K(17920K)
[3.239s][info][gc,heap     ] GC(43) ParOldGen: 284644K(699392K)->292154K(699392K)
[3.239s][info][gc,metaspace] GC(43) Metaspace: 1803K(1984K)->1803K(1984K) NonClass: 1659K(1728K)->1659K(1728K) Class: 144K(256K)->144K(256K)
[3.239s][info][gc          ] GC(43) Pause Young (Allocation Failure) 929M->289M(1344M) 2.565ms
[3.239s][info][gc,cpu      ] GC(43) User=0.02s Sys=0.02s Real=0.00s
[3.301s][info][gc,start    ] GC(44) Pause Young (Allocation Failure)
[3.303s][info][gc,heap     ] GC(44) PSYoungGen: 664017K(677376K)->7993K(678400K) Eden: 659456K(659456K)->0K(659456K) From: 4561K(17920K)->7993K(18944K)
[3.303s][info][gc,heap     ] GC(44) ParOldGen: 292154K(699392K)->296231K(699392K)
[3.303s][info][gc,metaspace] GC(44) Metaspace: 1803K(1984K)->1803K(1984K) NonClass: 1659K(1728K)->1659K(1728K) Class: 144K(256K)->144K(256K)
[3.303s][info][gc          ] GC(44) Pause Young (Allocation Failure) 933M->297M(1345M) 2.163ms
[3.303s][info][gc,cpu      ] GC(44) User=0.00s Sys=0.00s Real=0.00s
[3.365s][info][gc,start    ] GC(45) Pause Young (Allocation Failure)
[3.368s][info][gc,heap     ] GC(45) PSYoungGen: 667449K(678400K)->7459K(677376K) Eden: 659456K(659456K)->0K(661504K) From: 7993K(18944K)->7459K(15872K)
[3.368s][info][gc,heap     ] GC(45) ParOldGen: 296231K(699392K)->303705K(699392K)
[3.368s][info][gc,metaspace] GC(45) Metaspace: 1803K(1984K)->1803K(1984K) NonClass: 1659K(1728K)->1659K(1728K) Class: 144K(256K)->144K(256K)
[3.368s][info][gc          ] GC(45) Pause Young (Allocation Failure) 941M->303M(1344M) 3.172ms
[3.368s][info][gc,cpu      ] GC(45) User=0.02s Sys=0.02s Real=0.00s
[3.430s][info][gc,start    ] GC(46) Pause Young (Allocation Failure)
[3.433s][info][gc,heap     ] GC(46) PSYoungGen: 668963K(677376K)->7096K(678912K) Eden: 661504K(661504K)->0K(661504K) From: 7459K(15872K)->7096K(17408K)
[3.433s][info][gc,heap     ] GC(46) ParOldGen: 303705K(699392K)->310519K(699392K)
[3.433s][info][gc,metaspace] GC(46) Metaspace: 1803K(1984K)->1803K(1984K) NonClass: 1659K(1728K)->1659K(1728K) Class: 144K(256K)->144K(256K)
[3.433s][info][gc          ] GC(46) Pause Young (Allocation Failure) 949M->310M(1346M) 2.601ms
[3.433s][info][gc,cpu      ] GC(46) User=0.00s Sys=0.00s Real=0.00s
[3.496s][info][gc,start    ] GC(47) Pause Young (Allocation Failure)
[3.498s][info][gc,heap     ] GC(47) PSYoungGen: 668600K(678912K)->7672K(679936K) Eden: 661504K(661504K)->0K(664576K) From: 7096K(17408K)->7672K(15360K)
[3.498s][info][gc,heap     ] GC(47) ParOldGen: 310519K(699392K)->317564K(699392K)
[3.498s][info][gc,metaspace] GC(47) Metaspace: 1803K(1984K)->1803K(1984K) NonClass: 1659K(1728K)->1659K(1728K) Class: 144K(256K)->144K(256K)
[3.498s][info][gc          ] GC(47) Pause Young (Allocation Failure) 956M->317M(1347M) 2.811ms
[3.498s][info][gc,cpu      ] GC(47) User=0.02s Sys=0.05s Real=0.00s
[3.561s][info][gc,start    ] GC(48) Pause Young (Allocation Failure)
[3.564s][info][gc,heap     ] GC(48) PSYoungGen: 672248K(679936K)->7657K(680960K) Eden: 664576K(664576K)->0K(664576K) From: 7672K(15360K)->7657K(16384K)
[3.564s][info][gc,heap     ] GC(48) ParOldGen: 317564K(699392K)->324934K(699392K)
[3.564s][info][gc,metaspace] GC(48) Metaspace: 1803K(1984K)->1803K(1984K) NonClass: 1659K(1728K)->1659K(1728K) Class: 144K(256K)->144K(256K)
[3.564s][info][gc          ] GC(48) Pause Young (Allocation Failure) 966M->324M(1348M) 2.727ms
[3.564s][info][gc,cpu      ] GC(48) User=0.00s Sys=0.00s Real=0.00s
[3.626s][info][gc,start    ] GC(49) Pause Young (Allocation Failure)
[3.629s][info][gc,heap     ] GC(49) PSYoungGen: 672233K(680960K)->7921K(679936K) Eden: 664576K(664576K)->0K(666624K) From: 7657K(16384K)->7921K(13312K)
[3.629s][info][gc,heap     ] GC(49) ParOldGen: 324934K(699392K)->332361K(699392K)
[3.629s][info][gc,metaspace] GC(49) Metaspace: 1803K(1984K)->1803K(1984K) NonClass: 1659K(1728K)->1659K(1728K) Class: 144K(256K)->144K(256K)
[3.629s][info][gc          ] GC(49) Pause Young (Allocation Failure) 973M->332M(1347M) 2.596ms
[3.629s][info][gc,cpu      ] GC(49) User=0.00s Sys=0.00s Real=0.00s
[3.694s][info][gc,start    ] GC(50) Pause Young (Allocation Failure)
[3.696s][info][gc,heap     ] GC(50) PSYoungGen: 674545K(679936K)->6080K(681472K) Eden: 666624K(666624K)->0K(666624K) From: 7921K(13312K)->6080K(14848K)
[3.697s][info][gc,heap     ] GC(50) ParOldGen: 332361K(699392K)->340010K(699392K)
[3.697s][info][gc,metaspace] GC(50) Metaspace: 1806K(1984K)->1806K(1984K) NonClass: 1661K(1728K)->1661K(1728K) Class: 144K(256K)->144K(256K)
[3.697s][info][gc          ] GC(50) Pause Young (Allocation Failure) 983M->337M(1348M) 2.772ms
[3.697s][info][gc,cpu      ] GC(50) User=0.00s Sys=0.00s Real=0.00s
[3.759s][info][gc,start    ] GC(51) Pause Young (Allocation Failure)
[3.761s][info][gc,heap     ] GC(51) PSYoungGen: 672704K(681472K)->7432K(683008K) Eden: 666624K(666624K)->0K(669184K) From: 6080K(14848K)->7432K(13824K)
[3.761s][info][gc,heap     ] GC(51) ParOldGen: 340010K(699392K)->345927K(699392K)
[3.761s][info][gc,metaspace] GC(51) Metaspace: 1806K(1984K)->1806K(1984K) NonClass: 1661K(1728K)->1661K(1728K) Class: 144K(256K)->144K(256K)
[3.761s][info][gc          ] GC(51) Pause Young (Allocation Failure) 988M->345M(1350M) 2.319ms
[3.761s][info][gc,cpu      ] GC(51) User=0.00s Sys=0.00s Real=0.00s
[3.824s][info][gc,start    ] GC(52) Pause Young (Allocation Failure)
[3.826s][info][gc,heap     ] GC(52) PSYoungGen: 676616K(683008K)->7513K(683520K) Eden: 669184K(669184K)->0K(669184K) From: 7432K(13824K)->7513K(14336K)
[3.826s][info][gc,heap     ] GC(52) ParOldGen: 345927K(699392K)->353230K(699392K)
[3.826s][info][gc,metaspace] GC(52) Metaspace: 1824K(1984K)->1824K(1984K) NonClass: 1679K(1728K)->1679K(1728K) Class: 145K(256K)->145K(256K)
[3.826s][info][gc          ] GC(52) Pause Young (Allocation Failure) 998M->352M(1350M) 2.463ms
[3.826s][info][gc,cpu      ] GC(52) User=0.00s Sys=0.02s Real=0.00s
[3.889s][info][gc,start    ] GC(53) Pause Young (Allocation Failure)
[3.892s][info][gc,heap     ] GC(53) PSYoungGen: 676697K(683520K)->7660K(683520K) Eden: 669184K(669184K)->0K(670720K) From: 7513K(14336K)->7660K(12800K)
[3.892s][info][gc,heap     ] GC(53) ParOldGen: 353230K(699392K)->360582K(699392K)
[3.892s][info][gc,metaspace] GC(53) Metaspace: 1824K(1984K)->1824K(1984K) NonClass: 1679K(1728K)->1679K(1728K) Class: 145K(256K)->145K(256K)
[3.892s][info][gc          ] GC(53) Pause Young (Allocation Failure) 1005M->359M(1350M) 2.560ms
[3.892s][info][gc,cpu      ] GC(53) User=0.02s Sys=0.00s Real=0.00s
[3.955s][info][gc,start    ] GC(54) Pause Young (Allocation Failure)
[3.957s][info][gc,heap     ] GC(54) PSYoungGen: 678380K(683520K)->6617K(684032K) Eden: 670720K(670720K)->0K(670720K) From: 7660K(12800K)->6617K(13312K)
[3.957s][info][gc,heap     ] GC(54) ParOldGen: 360582K(699392K)->367981K(699392K)
[3.957s][info][gc,metaspace] GC(54) Metaspace: 1824K(1984K)->1824K(1984K) NonClass: 1679K(1728K)->1679K(1728K) Class: 145K(256K)->145K(256K)
[3.957s][info][gc          ] GC(54) Pause Young (Allocation Failure) 1014M->365M(1351M) 2.486ms
[3.957s][info][gc,cpu      ] GC(54) User=0.00s Sys=0.00s Real=0.00s
[4.020s][info][gc,start    ] GC(55) Pause Young (Allocation Failure)
[4.023s][info][gc,heap     ] GC(55) PSYoungGen: 677337K(684032K)->7669K(684544K) Eden: 670720K(670720K)->0K(672768K) From: 6617K(13312K)->7669K(11776K)
[4.023s][info][gc,heap     ] GC(55) ParOldGen: 367981K(699392K)->374427K(699392K)
[4.023s][info][gc,metaspace] GC(55) Metaspace: 1824K(1984K)->1824K(1984K) NonClass: 1679K(1728K)->1679K(1728K) Class: 145K(256K)->145K(256K)
[4.023s][info][gc          ] GC(55) Pause Young (Allocation Failure) 1020M->373M(1351M) 2.472ms
[4.023s][info][gc,cpu      ] GC(55) User=0.00s Sys=0.00s Real=0.00s
[4.087s][info][gc,start    ] GC(56) Pause Young (Allocation Failure)
[4.090s][info][gc,heap     ] GC(56) PSYoungGen: 680437K(684544K)->6328K(685056K) Eden: 672768K(672768K)->0K(672768K) From: 7669K(11776K)->6328K(12288K)
[4.090s][info][gc,heap     ] GC(56) ParOldGen: 374427K(699392K)->381590K(699392K)
[4.090s][info][gc,metaspace] GC(56) Metaspace: 1824K(1984K)->1824K(1984K) NonClass: 1679K(1728K)->1679K(1728K) Class: 145K(256K)->145K(256K)
[4.090s][info][gc          ] GC(56) Pause Young (Allocation Failure) 1030M->378M(1352M) 2.732ms
[4.090s][info][gc,cpu      ] GC(56) User=0.00s Sys=0.00s Real=0.00s
[4.153s][info][gc,start    ] GC(57) Pause Young (Allocation Failure)
[4.155s][info][gc,heap     ] GC(57) PSYoungGen: 679096K(685056K)->7698K(685568K) Eden: 672768K(672768K)->0K(674304K) From: 6328K(12288K)->7698K(11264K)
[4.156s][info][gc,heap     ] GC(57) ParOldGen: 381590K(699392K)->387549K(699392K)
[4.156s][info][gc,metaspace] GC(57) Metaspace: 1824K(1984K)->1824K(1984K) NonClass: 1679K(1728K)->1679K(1728K) Class: 145K(256K)->145K(256K)
[4.156s][info][gc          ] GC(57) Pause Young (Allocation Failure) 1035M->385M(1352M) 2.763ms
[4.156s][info][gc,cpu      ] GC(57) User=0.03s Sys=0.05s Real=0.00s
[4.221s][info][gc,start    ] GC(58) Pause Young (Allocation Failure)
[4.223s][info][gc,heap     ] GC(58) PSYoungGen: 682002K(685568K)->8259K(686080K) Eden: 674304K(674304K)->0K(674304K) From: 7698K(11264K)->8259K(11776K)
[4.223s][info][gc,heap     ] GC(58) ParOldGen: 387549K(699392K)->395152K(699392K)
[4.224s][info][gc,metaspace] GC(58) Metaspace: 1826K(1984K)->1826K(1984K) NonClass: 1681K(1728K)->1681K(1728K) Class: 145K(256K)->145K(256K)
[4.224s][info][gc          ] GC(58) Pause Young (Allocation Failure) 1044M->393M(1353M) 2.758ms
[4.224s][info][gc,cpu      ] GC(58) User=0.00s Sys=0.00s Real=0.00s
[4.287s][info][gc,start    ] GC(59) Pause Young (Allocation Failure)
[4.290s][info][gc,heap     ] GC(59) PSYoungGen: 682563K(686080K)->5740K(687104K) Eden: 674304K(674304K)->0K(675328K) From: 8259K(11776K)->5740K(11776K)
[4.290s][info][gc,heap     ] GC(59) ParOldGen: 395152K(699392K)->403164K(699392K)
[4.290s][info][gc,metaspace] GC(59) Metaspace: 1826K(1984K)->1826K(1984K) NonClass: 1681K(1728K)->1681K(1728K) Class: 145K(256K)->145K(256K)
[4.290s][info][gc          ] GC(59) Pause Young (Allocation Failure) 1052M->399M(1354M) 2.705ms
[4.290s][info][gc,cpu      ] GC(59) User=0.06s Sys=0.00s Real=0.00s
[4.354s][info][gc,start    ] GC(60) Pause Young (Allocation Failure)
[4.356s][info][gc,heap     ] GC(60) PSYoungGen: 681068K(687104K)->7717K(683520K) Eden: 675328K(675328K)->0K(675328K) From: 5740K(11776K)->7717K(8192K)
[4.356s][info][gc,heap     ] GC(60) ParOldGen: 403164K(699392K)->408720K(699392K)
[4.356s][info][gc,metaspace] GC(60) Metaspace: 1826K(1984K)->1826K(1984K) NonClass: 1681K(1728K)->1681K(1728K) Class: 145K(256K)->145K(256K)
[4.356s][info][gc          ] GC(60) Pause Young (Allocation Failure) 1058M->406M(1350M) 2.387ms
[4.356s][info][gc,cpu      ] GC(60) User=0.00s Sys=0.00s Real=0.00s
[4.419s][info][gc,start    ] GC(61) Pause Young (Allocation Failure)
[4.422s][info][gc,heap     ] GC(61) PSYoungGen: 683045K(683520K)->7893K(686592K) Eden: 675328K(675328K)->0K(675328K) From: 7717K(8192K)->7893K(11264K)
[4.422s][info][gc,heap     ] GC(61) ParOldGen: 408720K(699392K)->416183K(699392K)
[4.422s][info][gc,metaspace] GC(61) Metaspace: 1826K(1984K)->1826K(1984K) NonClass: 1681K(1728K)->1681K(1728K) Class: 145K(256K)->145K(256K)
[4.422s][info][gc          ] GC(61) Pause Young (Allocation Failure) 1066M->414M(1353M) 2.635ms
[4.422s][info][gc,cpu      ] GC(61) User=0.00s Sys=0.02s Real=0.00s
[4.486s][info][gc,start    ] GC(62) Pause Young (Allocation Failure)
[4.488s][info][gc,heap     ] GC(62) PSYoungGen: 683221K(686592K)->5779K(686592K) Eden: 675328K(675328K)->0K(675328K) From: 7893K(11264K)->5779K(11264K)
[4.488s][info][gc,heap     ] GC(62) ParOldGen: 416183K(699392K)->423721K(699392K)
[4.488s][info][gc,metaspace] GC(62) Metaspace: 1839K(1984K)->1839K(1984K) NonClass: 1694K(1728K)->1694K(1728K) Class: 145K(256K)->145K(256K)
[4.488s][info][gc          ] GC(62) Pause Young (Allocation Failure) 1073M->419M(1353M) 2.586ms
[4.488s][info][gc,cpu      ] GC(62) User=0.00s Sys=0.00s Real=0.00s
[4.552s][info][gc,start    ] GC(63) Pause Young (Allocation Failure)
[4.555s][info][gc,heap     ] GC(63) PSYoungGen: 681107K(686592K)->7811K(686592K) Eden: 675328K(675328K)->0K(676352K) From: 5779K(11264K)->7811K(10240K)
[4.555s][info][gc,heap     ] GC(63) ParOldGen: 423721K(699392K)->429247K(699392K)
[4.555s][info][gc,metaspace] GC(63) Metaspace: 1839K(1984K)->1839K(1984K) NonClass: 1694K(1728K)->1694K(1728K) Class: 145K(256K)->145K(256K)
[4.555s][info][gc          ] GC(63) Pause Young (Allocation Failure) 1078M->426M(1353M) 2.712ms
[4.555s][info][gc,cpu      ] GC(63) User=0.02s Sys=0.00s Real=0.00s
[4.619s][info][gc,start    ] GC(64) Pause Young (Allocation Failure)
[4.621s][info][gc,heap     ] GC(64) PSYoungGen: 684163K(686592K)->7595K(687104K) Eden: 676352K(676352K)->0K(676352K) From: 7811K(10240K)->7595K(10752K)
[4.621s][info][gc,heap     ] GC(64) ParOldGen: 429247K(699392K)->436827K(699392K)
[4.621s][info][gc,metaspace] GC(64) Metaspace: 1839K(1984K)->1839K(1984K) NonClass: 1694K(1728K)->1694K(1728K) Class: 145K(256K)->145K(256K)
[4.621s][info][gc          ] GC(64) Pause Young (Allocation Failure) 1087M->434M(1354M) 2.598ms
[4.621s][info][gc,cpu      ] GC(64) User=0.00s Sys=0.00s Real=0.00s
[4.685s][info][gc,start    ] GC(65) Pause Young (Allocation Failure)
[4.688s][info][gc,heap     ] GC(65) PSYoungGen: 683947K(687104K)->7390K(687104K) Eden: 676352K(676352K)->0K(677376K) From: 7595K(10752K)->7390K(9728K)
[4.688s][info][gc,heap     ] GC(65) ParOldGen: 436827K(699392K)->444241K(699392K)
[4.688s][info][gc,metaspace] GC(65) Metaspace: 1839K(1984K)->1839K(1984K) NonClass: 1694K(1728K)->1694K(1728K) Class: 145K(256K)->145K(256K)
[4.688s][info][gc          ] GC(65) Pause Young (Allocation Failure) 1094M->441M(1354M) 2.845ms
[4.688s][info][gc,cpu      ] GC(65) User=0.00s Sys=0.00s Real=0.00s
[4.754s][info][gc,start    ] GC(66) Pause Young (Allocation Failure)
[4.757s][info][gc,heap     ] GC(66) PSYoungGen: 684766K(687104K)->6262K(687616K) Eden: 677376K(677376K)->0K(677376K) From: 7390K(9728K)->6262K(10240K)
[4.757s][info][gc,heap     ] GC(66) ParOldGen: 444241K(699392K)->451554K(699392K)
[4.757s][info][gc,metaspace] GC(66) Metaspace: 1839K(1984K)->1839K(1984K) NonClass: 1694K(1728K)->1694K(1728K) Class: 145K(256K)->145K(256K)
[4.757s][info][gc          ] GC(66) Pause Young (Allocation Failure) 1102M->447M(1354M) 2.714ms
[4.757s][info][gc,cpu      ] GC(66) User=0.00s Sys=0.00s Real=0.00s
[4.821s][info][gc,start    ] GC(67) Pause Young (Allocation Failure)
[4.823s][info][gc,heap     ] GC(67) PSYoungGen: 683638K(687616K)->6265K(688640K) Eden: 677376K(677376K)->0K(678400K) From: 6262K(10240K)->6265K(10240K)
[4.823s][info][gc,heap     ] GC(67) ParOldGen: 451554K(699392K)->457209K(699392K)
[4.823s][info][gc,metaspace] GC(67) Metaspace: 1839K(1984K)->1839K(1984K) NonClass: 1694K(1728K)->1694K(1728K) Class: 145K(256K)->145K(256K)
[4.823s][info][gc          ] GC(67) Pause Young (Allocation Failure) 1108M->452M(1355M) 2.222ms
[4.823s][info][gc,cpu      ] GC(67) User=0.00s Sys=0.00s Real=0.00s
[4.887s][info][gc,start    ] GC(68) Pause Young (Allocation Failure)
[4.889s][info][gc,heap     ] GC(68) PSYoungGen: 684665K(688640K)->5909K(688640K) Eden: 678400K(678400K)->0K(678400K) From: 6265K(10240K)->5909K(10240K)
[4.889s][info][gc,heap     ] GC(68) ParOldGen: 457209K(699392K)->463351K(699392K)
[4.889s][info][gc,metaspace] GC(68) Metaspace: 1839K(1984K)->1839K(1984K) NonClass: 1694K(1728K)->1694K(1728K) Class: 145K(256K)->145K(256K)
[4.889s][info][gc          ] GC(68) Pause Young (Allocation Failure) 1115M->458M(1355M) 2.629ms
[4.889s][info][gc,cpu      ] GC(68) User=0.02s Sys=0.00s Real=0.00s
[4.953s][info][gc,start    ] GC(69) Pause Young (Allocation Failure)
[4.956s][info][gc,heap     ] GC(69) PSYoungGen: 684309K(688640K)->7781K(688640K) Eden: 678400K(678400K)->0K(678400K) From: 5909K(10240K)->7781K(10240K)
[4.956s][info][gc,heap     ] GC(69) ParOldGen: 463351K(699392K)->469191K(699392K)
[4.956s][info][gc,metaspace] GC(69) Metaspace: 1839K(1984K)->1839K(1984K) NonClass: 1694K(1728K)->1694K(1728K) Class: 145K(256K)->145K(256K)
[4.956s][info][gc          ] GC(69) Pause Young (Allocation Failure) 1120M->465M(1355M) 2.663ms
[4.956s][info][gc,cpu      ] GC(69) User=0.00s Sys=0.02s Real=0.00s
[5.020s][info][gc,start    ] GC(70) Pause Young (Allocation Failure)
[5.022s][info][gc,heap     ] GC(70) PSYoungGen: 686181K(688640K)->6740K(685568K) Eden: 678400K(678400K)->0K(678400K) From: 7781K(10240K)->6740K(7168K)
[5.022s][info][gc,heap     ] GC(70) ParOldGen: 469191K(699392K)->476869K(699392K)
[5.022s][info][gc,metaspace] GC(70) Metaspace: 1839K(1984K)->1839K(1984K) NonClass: 1694K(1728K)->1694K(1728K) Class: 145K(256K)->145K(256K)
[5.022s][info][gc          ] GC(70) Pause Young (Allocation Failure) 1128M->472M(1352M) 2.746ms
[5.022s][info][gc,cpu      ] GC(70) User=0.00s Sys=0.00s Real=0.00s
[5.087s][info][gc,start    ] GC(71) Pause Young (Allocation Failure)
[5.091s][info][gc,heap     ] GC(71) PSYoungGen: 685140K(685568K)->7601K(688128K) Eden: 678400K(678400K)->0K(678400K) From: 6740K(7168K)->7601K(9728K)
[5.091s][info][gc,heap     ] GC(71) ParOldGen: 476869K(699392K)->483561K(699392K)
[5.091s][info][gc,metaspace] GC(71) Metaspace: 1839K(1984K)->1839K(1984K) NonClass: 1694K(1728K)->1694K(1728K) Class: 145K(256K)->145K(256K)
[5.091s][info][gc          ] GC(71) Pause Young (Allocation Failure) 1134M->479M(1355M) 4.087ms
[5.091s][info][gc,cpu      ] GC(71) User=0.00s Sys=0.00s Real=0.00s
[5.155s][info][gc,start    ] GC(72) Pause Young (Allocation Failure)
[5.158s][info][gc,heap     ] GC(72) PSYoungGen: 686001K(688128K)->7700K(688128K) Eden: 678400K(678400K)->0K(678400K) From: 7601K(9728K)->7700K(9728K)
[5.158s][info][gc,heap     ] GC(72) ParOldGen: 483561K(699392K)->490923K(699392K)
[5.158s][info][gc,metaspace] GC(72) Metaspace: 1839K(1984K)->1839K(1984K) NonClass: 1694K(1728K)->1694K(1728K) Class: 145K(256K)->145K(256K)
[5.158s][info][gc          ] GC(72) Pause Young (Allocation Failure) 1142M->486M(1355M) 2.593ms
[5.158s][info][gc,cpu      ] GC(72) User=0.03s Sys=0.00s Real=0.00s
[5.223s][info][gc,start    ] GC(73) Pause Young (Allocation Failure)
[5.226s][info][gc,heap     ] GC(73) PSYoungGen: 686100K(688128K)->6050K(689152K) Eden: 678400K(678400K)->0K(679424K) From: 7700K(9728K)->6050K(9728K)
[5.226s][info][gc,heap     ] GC(73) ParOldGen: 490923K(699392K)->498336K(699392K)
[5.226s][info][gc,metaspace] GC(73) Metaspace: 1839K(1984K)->1839K(1984K) NonClass: 1694K(1728K)->1694K(1728K) Class: 145K(256K)->145K(256K)
[5.226s][info][gc          ] GC(73) Pause Young (Allocation Failure) 1149M->492M(1356M) 2.914ms
[5.226s][info][gc,cpu      ] GC(73) User=0.00s Sys=0.00s Real=0.00s
[5.290s][info][gc,start    ] GC(74) Pause Young (Allocation Failure)
[5.293s][info][gc,heap     ] GC(74) PSYoungGen: 685474K(689152K)->7494K(689152K) Eden: 679424K(679424K)->0K(679424K) From: 6050K(9728K)->7494K(9728K)
[5.293s][info][gc,heap     ] GC(74) ParOldGen: 498336K(699392K)->504272K(699392K)
[5.293s][info][gc,metaspace] GC(74) Metaspace: 1839K(1984K)->1839K(1984K) NonClass: 1694K(1728K)->1694K(1728K) Class: 145K(256K)->145K(256K)
[5.293s][info][gc          ] GC(74) Pause Young (Allocation Failure) 1156M->499M(1356M) 2.978ms
[5.293s][info][gc,cpu      ] GC(74) User=0.00s Sys=0.00s Real=0.00s
[5.357s][info][gc,start    ] GC(75) Pause Young (Allocation Failure)
[5.360s][info][gc,heap     ] GC(75) PSYoungGen: 686918K(689152K)->7454K(689152K) Eden: 679424K(679424K)->0K(679424K) From: 7494K(9728K)->7454K(9728K)
[5.360s][info][gc,heap     ] GC(75) ParOldGen: 504272K(699392K)->511635K(699392K)
[5.360s][info][gc,metaspace] GC(75) Metaspace: 1839K(1984K)->1839K(1984K) NonClass: 1694K(1728K)->1694K(1728K) Class: 145K(256K)->145K(256K)
[5.360s][info][gc          ] GC(75) Pause Young (Allocation Failure) 1163M->506M(1356M) 2.958ms
[5.360s][info][gc,cpu      ] GC(75) User=0.00s Sys=0.02s Real=0.00s
[5.424s][info][gc,start    ] GC(76) Pause Young (Allocation Failure)
[5.426s][info][gc,heap     ] GC(76) PSYoungGen: 686878K(689152K)->7679K(689152K) Eden: 679424K(679424K)->0K(679424K) From: 7454K(9728K)->7679K(9728K)
[5.427s][info][gc,heap     ] GC(76) ParOldGen: 511635K(699392K)->518962K(699392K)
[5.427s][info][gc,metaspace] GC(76) Metaspace: 1839K(1984K)->1839K(1984K) NonClass: 1694K(1728K)->1694K(1728K) Class: 145K(256K)->145K(256K)
[5.427s][info][gc          ] GC(76) Pause Young (Allocation Failure) 1170M->514M(1356M) 2.756ms
[5.427s][info][gc,cpu      ] GC(76) User=0.00s Sys=0.00s Real=0.00s
[5.491s][info][gc,start    ] GC(77) Pause Young (Allocation Failure)
[5.493s][info][gc,heap     ] GC(77) PSYoungGen: 687103K(689152K)->7570K(688128K) Eden: 679424K(679424K)->0K(679424K) From: 7679K(9728K)->7570K(8704K)
[5.493s][info][gc,heap     ] GC(77) ParOldGen: 518962K(699392K)->526474K(699392K)
[5.493s][info][gc,metaspace] GC(77) Metaspace: 1839K(1984K)->1839K(1984K) NonClass: 1694K(1728K)->1694K(1728K) Class: 145K(256K)->145K(256K)
[5.493s][info][gc          ] GC(77) Pause Young (Allocation Failure) 1177M->521M(1355M) 2.769ms
[5.493s][info][gc,cpu      ] GC(77) User=0.00s Sys=0.00s Real=0.00s
[5.557s][info][gc,start    ] GC(78) Pause Young (Allocation Failure)
[5.560s][info][gc,heap     ] GC(78) PSYoungGen: 686994K(688128K)->7738K(688640K) Eden: 679424K(679424K)->0K(679424K) From: 7570K(8704K)->7738K(9216K)
[5.560s][info][gc,heap     ] GC(78) ParOldGen: 526474K(699392K)->533937K(699392K)
[5.560s][info][gc,metaspace] GC(78) Metaspace: 1839K(1984K)->1839K(1984K) NonClass: 1694K(1728K)->1694K(1728K) Class: 145K(256K)->145K(256K)
[5.560s][info][gc          ] GC(78) Pause Young (Allocation Failure) 1185M->528M(1355M) 2.708ms
[5.560s][info][gc,cpu      ] GC(78) User=0.00s Sys=0.00s Real=0.00s
[5.624s][info][gc,start    ] GC(79) Pause Young (Allocation Failure)
[5.627s][info][gc,heap     ] GC(79) PSYoungGen: 687162K(688640K)->7929K(688640K) Eden: 679424K(679424K)->0K(679424K) From: 7738K(9216K)->7929K(9216K)
[5.627s][info][gc,heap     ] GC(79) ParOldGen: 533937K(699392K)->541317K(699392K)
[5.627s][info][gc,metaspace] GC(79) Metaspace: 1839K(1984K)->1839K(1984K) NonClass: 1694K(1728K)->1694K(1728K) Class: 145K(256K)->145K(256K)
[5.627s][info][gc          ] GC(79) Pause Young (Allocation Failure) 1192M->536M(1355M) 2.765ms
[5.627s][info][gc,cpu      ] GC(79) User=0.02s Sys=0.00s Real=0.00s
[5.691s][info][gc,start    ] GC(80) Pause Young (Allocation Failure)
[5.694s][info][gc,heap     ] GC(80) PSYoungGen: 687353K(688640K)->5160K(689152K) Eden: 679424K(679424K)->0K(679424K) From: 7929K(9216K)->5160K(9728K)
[5.694s][info][gc,heap     ] GC(80) ParOldGen: 541317K(699392K)->548945K(699392K)
[5.694s][info][gc,metaspace] GC(80) Metaspace: 1839K(1984K)->1839K(1984K) NonClass: 1694K(1728K)->1694K(1728K) Class: 145K(256K)->145K(256K)
[5.694s][info][gc          ] GC(80) Pause Young (Allocation Failure) 1199M->541M(1356M) 2.771ms
[5.694s][info][gc,cpu      ] GC(80) User=0.00s Sys=0.00s Real=0.00s
[5.760s][info][gc,start    ] GC(81) Pause Young (Allocation Failure)
[5.763s][info][gc,heap     ] GC(81) PSYoungGen: 684584K(689152K)->6323K(689152K) Eden: 679424K(679424K)->0K(679424K) From: 5160K(9728K)->6323K(9728K)
[5.763s][info][gc,heap     ] GC(81) ParOldGen: 548945K(699392K)->554009K(699392K)
[5.763s][info][gc,metaspace] GC(81) Metaspace: 1839K(1984K)->1839K(1984K) NonClass: 1694K(1728K)->1694K(1728K) Class: 145K(256K)->145K(256K)
[5.763s][info][gc          ] GC(81) Pause Young (Allocation Failure) 1204M->547M(1356M) 2.413ms
[5.763s][info][gc,cpu      ] GC(81) User=0.00s Sys=0.00s Real=0.00s
[5.827s][info][gc,start    ] GC(82) Pause Young (Allocation Failure)
[5.829s][info][gc,heap     ] GC(82) PSYoungGen: 685747K(689152K)->7941K(689152K) Eden: 679424K(679424K)->0K(679424K) From: 6323K(9728K)->7941K(9728K)
[5.830s][info][gc,heap     ] GC(82) ParOldGen: 554009K(699392K)->560114K(699392K)
[5.830s][info][gc,metaspace] GC(82) Metaspace: 1839K(1984K)->1839K(1984K) NonClass: 1694K(1728K)->1694K(1728K) Class: 145K(256K)->145K(256K)
[5.830s][info][gc          ] GC(82) Pause Young (Allocation Failure) 1210M->554M(1356M) 2.704ms
[5.830s][info][gc,cpu      ] GC(82) User=0.02s Sys=0.00s Real=0.00s
[5.894s][info][gc,start    ] GC(83) Pause Young (Allocation Failure)
[5.897s][info][gc,heap     ] GC(83) PSYoungGen: 687365K(689152K)->6191K(689152K) Eden: 679424K(679424K)->0K(679424K) From: 7941K(9728K)->6191K(9728K)
[5.897s][info][gc,heap     ] GC(83) ParOldGen: 560114K(699392K)->567852K(699392K)
[5.897s][info][gc,metaspace] GC(83) Metaspace: 1839K(1984K)->1839K(1984K) NonClass: 1694K(1728K)->1694K(1728K) Class: 145K(256K)->145K(256K)
[5.897s][info][gc          ] GC(83) Pause Young (Allocation Failure) 1218M->560M(1356M) 2.759ms
[5.897s][info][gc,cpu      ] GC(83) User=0.00s Sys=0.00s Real=0.00s
[5.961s][info][gc,start    ] GC(84) Pause Young (Allocation Failure)
[5.963s][info][gc,heap     ] GC(84) PSYoungGen: 685615K(689152K)->7409K(689152K) Eden: 679424K(679424K)->0K(679424K) From: 6191K(9728K)->7409K(9728K)
[5.963s][info][gc,heap     ] GC(84) ParOldGen: 567852K(699392K)->573916K(699392K)
[5.963s][info][gc,metaspace] GC(84) Metaspace: 1840K(1984K)->1840K(1984K) NonClass: 1695K(1728K)->1695K(1728K) Class: 145K(256K)->145K(256K)
[5.963s][info][gc          ] GC(84) Pause Young (Allocation Failure) 1224M->567M(1356M) 2.574ms
[5.963s][info][gc,cpu      ] GC(84) User=0.00s Sys=0.00s Real=0.00s
[6.027s][info][gc,start    ] GC(85) Pause Young (Allocation Failure)
[6.030s][info][gc,heap     ] GC(85) PSYoungGen: 686833K(689152K)->6992K(688128K) Eden: 679424K(679424K)->0K(679424K) From: 7409K(9728K)->6992K(8704K)
[6.030s][info][gc,heap     ] GC(85) ParOldGen: 573916K(699392K)->581241K(699392K)
[6.030s][info][gc,metaspace] GC(85) Metaspace: 1840K(1984K)->1840K(1984K) NonClass: 1695K(1728K)->1695K(1728K) Class: 145K(256K)->145K(256K)
[6.030s][info][gc          ] GC(85) Pause Young (Allocation Failure) 1231M->574M(1355M) 2.800ms
[6.030s][info][gc,cpu      ] GC(85) User=0.00s Sys=0.00s Real=0.00s
[6.095s][info][gc,start    ] GC(86) Pause Young (Allocation Failure)
[6.097s][info][gc,heap     ] GC(86) PSYoungGen: 686416K(688128K)->7809K(688640K) Eden: 679424K(679424K)->0K(679424K) From: 6992K(8704K)->7809K(9216K)
[6.097s][info][gc,heap     ] GC(86) ParOldGen: 581241K(699392K)->587861K(699392K)
[6.097s][info][gc,metaspace] GC(86) Metaspace: 1840K(1984K)->1840K(1984K) NonClass: 1695K(1728K)->1695K(1728K) Class: 145K(256K)->145K(256K)
[6.097s][info][gc          ] GC(86) Pause Young (Allocation Failure) 1237M->581M(1355M) 2.811ms
[6.097s][info][gc,cpu      ] GC(86) User=0.00s Sys=0.00s Real=0.00s
[6.161s][info][gc,start    ] GC(87) Pause Young (Allocation Failure)
[6.164s][info][gc,heap     ] GC(87) PSYoungGen: 687233K(688640K)->8033K(688640K) Eden: 679424K(679424K)->0K(679424K) From: 7809K(9216K)->8033K(9216K)
[6.164s][info][gc,heap     ] GC(87) ParOldGen: 587861K(699392K)->595521K(699392K)
[6.164s][info][gc,metaspace] GC(87) Metaspace: 1840K(1984K)->1840K(1984K) NonClass: 1695K(1728K)->1695K(1728K) Class: 145K(256K)->145K(256K)
[6.164s][info][gc          ] GC(87) Pause Young (Allocation Failure) 1245M->589M(1355M) 2.834ms
[6.164s][info][gc,cpu      ] GC(87) User=0.00s Sys=0.00s Real=0.00s
[6.228s][info][gc,start    ] GC(88) Pause Young (Allocation Failure)
[6.231s][info][gc,heap     ] GC(88) PSYoungGen: 687361K(688640K)->8075K(689152K) Eden: 679327K(679424K)->0K(679424K) From: 8033K(9216K)->8075K(9728K)
[6.231s][info][gc,heap     ] GC(88) ParOldGen: 595521K(699392K)->603078K(699392K)
[6.231s][info][gc,metaspace] GC(88) Metaspace: 1840K(1984K)->1840K(1984K) NonClass: 1695K(1728K)->1695K(1728K) Class: 145K(256K)->145K(256K)
[6.231s][info][gc          ] GC(88) Pause Young (Allocation Failure) 1252M->596M(1356M) 2.975ms
[6.231s][info][gc,cpu      ] GC(88) User=0.00s Sys=0.00s Real=0.00s
[6.297s][info][gc,start    ] GC(89) Pause Young (Allocation Failure)
[6.299s][info][gc,heap     ] GC(89) PSYoungGen: 687499K(689152K)->5229K(689152K) Eden: 679424K(679424K)->0K(679424K) From: 8075K(9728K)->5229K(9728K)
[6.299s][info][gc,heap     ] GC(89) ParOldGen: 603078K(699392K)->610876K(699392K)
[6.299s][info][gc,metaspace] GC(89) Metaspace: 1840K(1984K)->1840K(1984K) NonClass: 1695K(1728K)->1695K(1728K) Class: 145K(256K)->145K(256K)
[6.299s][info][gc          ] GC(89) Pause Young (Allocation Failure) 1260M->601M(1356M) 2.559ms
[6.299s][info][gc,cpu      ] GC(89) User=0.00s Sys=0.00s Real=0.00s
[6.364s][info][gc,start    ] GC(90) Pause Young (Allocation Failure)
[6.366s][info][gc,heap     ] GC(90) PSYoungGen: 684653K(689152K)->5955K(689152K) Eden: 679424K(679424K)->0K(679424K) From: 5229K(9728K)->5955K(9728K)
[6.366s][info][gc,heap     ] GC(90) ParOldGen: 610876K(699392K)->615825K(699392K)
[6.366s][info][gc,metaspace] GC(90) Metaspace: 1849K(1984K)->1849K(1984K) NonClass: 1704K(1728K)->1704K(1728K) Class: 145K(256K)->145K(256K)
[6.366s][info][gc          ] GC(90) Pause Young (Allocation Failure) 1265M->607M(1356M) 2.457ms
[6.366s][info][gc,cpu      ] GC(90) User=0.00s Sys=0.00s Real=0.00s
[6.430s][info][gc,start    ] GC(91) Pause Young (Allocation Failure)
[6.433s][info][gc,heap     ] GC(91) PSYoungGen: 685379K(689152K)->7702K(689152K) Eden: 679424K(679424K)->0K(679424K) From: 5955K(9728K)->7702K(9728K)
[6.433s][info][gc,heap     ] GC(91) ParOldGen: 615825K(699392K)->621705K(699392K)
[6.433s][info][gc,metaspace] GC(91) Metaspace: 1849K(1984K)->1849K(1984K) NonClass: 1704K(1728K)->1704K(1728K) Class: 145K(256K)->145K(256K)
[6.433s][info][gc          ] GC(91) Pause Young (Allocation Failure) 1270M->614M(1356M) 2.604ms
[6.433s][info][gc,cpu      ] GC(91) User=0.00s Sys=0.00s Real=0.00s
[6.497s][info][gc,start    ] GC(92) Pause Young (Allocation Failure)
[6.500s][info][gc,heap     ] GC(92) PSYoungGen: 687126K(689152K)->7165K(689152K) Eden: 679424K(679424K)->0K(679424K) From: 7702K(9728K)->7165K(9728K)
[6.500s][info][gc,heap     ] GC(92) ParOldGen: 621705K(699392K)->629152K(699392K)
[6.500s][info][gc,metaspace] GC(92) Metaspace: 1851K(1984K)->1851K(1984K) NonClass: 1706K(1728K)->1706K(1728K) Class: 145K(256K)->145K(256K)
[6.500s][info][gc          ] GC(92) Pause Young (Allocation Failure) 1278M->621M(1356M) 2.937ms
[6.500s][info][gc,cpu      ] GC(92) User=0.02s Sys=0.00s Real=0.00s
[6.564s][info][gc,start    ] GC(93) Pause Young (Allocation Failure)
[6.567s][info][gc,heap     ] GC(93) PSYoungGen: 686589K(689152K)->7280K(688128K) Eden: 679424K(679424K)->0K(679424K) From: 7165K(9728K)->7280K(8704K)
[6.567s][info][gc,heap     ] GC(93) ParOldGen: 629152K(699392K)->636216K(699392K)
[6.567s][info][gc,metaspace] GC(93) Metaspace: 1851K(1984K)->1851K(1984K) NonClass: 1706K(1728K)->1706K(1728K) Class: 145K(256K)->145K(256K)
[6.567s][info][gc          ] GC(93) Pause Young (Allocation Failure) 1284M->628M(1355M) 2.813ms
[6.567s][info][gc,cpu      ] GC(93) User=0.00s Sys=0.00s Real=0.00s
[6.631s][info][gc,start    ] GC(94) Pause Young (Allocation Failure)
[6.634s][info][gc,heap     ] GC(94) PSYoungGen: 686704K(688128K)->5995K(688640K) Eden: 679424K(679424K)->0K(679424K) From: 7280K(8704K)->5995K(9216K)
[6.634s][info][gc,heap     ] GC(94) ParOldGen: 636216K(699392K)->643370K(699392K)
[6.634s][info][gc,metaspace] GC(94) Metaspace: 1851K(1984K)->1851K(1984K) NonClass: 1706K(1728K)->1706K(1728K) Class: 145K(256K)->145K(256K)
[6.634s][info][gc          ] GC(94) Pause Young (Allocation Failure) 1291M->634M(1355M) 2.767ms
[6.634s][info][gc,cpu      ] GC(94) User=0.00s Sys=0.00s Real=0.00s
[6.698s][info][gc,start    ] GC(95) Pause Young (Allocation Failure)
[6.700s][info][gc,heap     ] GC(95) PSYoungGen: 685419K(688640K)->4168K(688640K) Eden: 679424K(679424K)->0K(679424K) From: 5995K(9216K)->4168K(9216K)
[6.700s][info][gc,heap     ] GC(95) ParOldGen: 643370K(699392K)->648580K(699392K)
[6.700s][info][gc,metaspace] GC(95) Metaspace: 1851K(1984K)->1851K(1984K) NonClass: 1706K(1728K)->1706K(1728K) Class: 145K(256K)->145K(256K)
[6.700s][info][gc          ] GC(95) Pause Young (Allocation Failure) 1297M->637M(1355M) 2.246ms
[6.700s][info][gc,cpu      ] GC(95) User=0.00s Sys=0.00s Real=0.00s
[6.770s][info][gc,start    ] GC(96) Pause Young (Allocation Failure)
[6.773s][info][gc,heap     ] GC(96) PSYoungGen: 683592K(688640K)->5731K(689152K) Eden: 679424K(679424K)->0K(679424K) From: 4168K(9216K)->5731K(9728K)
[6.773s][info][gc,heap     ] GC(96) ParOldGen: 648580K(699392K)->652412K(699392K)
[6.773s][info][gc,metaspace] GC(96) Metaspace: 1851K(1984K)->1851K(1984K) NonClass: 1706K(1728K)->1706K(1728K) Class: 145K(256K)->145K(256K)
[6.773s][info][gc          ] GC(96) Pause Young (Allocation Failure) 1300M->642M(1356M) 2.535ms
[6.773s][info][gc,cpu      ] GC(96) User=0.00s Sys=0.00s Real=0.00s
[6.837s][info][gc,start    ] GC(97) Pause Young (Allocation Failure)
[6.840s][info][gc,heap     ] GC(97) PSYoungGen: 685155K(689152K)->7582K(689152K) Eden: 679424K(679424K)->0K(679424K) From: 5731K(9728K)->7582K(9728K)
[6.840s][info][gc,heap     ] GC(97) ParOldGen: 652412K(699392K)->658066K(699392K)
[6.840s][info][gc,metaspace] GC(97) Metaspace: 1851K(1984K)->1851K(1984K) NonClass: 1706K(1728K)->1706K(1728K) Class: 145K(256K)->145K(256K)
[6.840s][info][gc          ] GC(97) Pause Young (Allocation Failure) 1306M->650M(1356M) 2.575ms
[6.840s][info][gc,cpu      ] GC(97) User=0.00s Sys=0.00s Real=0.00s
[6.904s][info][gc,start    ] GC(98) Pause Young (Allocation Failure)
[6.906s][info][gc,heap     ] GC(98) PSYoungGen: 687006K(689152K)->8032K(689152K) Eden: 679424K(679424K)->0K(679424K) From: 7582K(9728K)->8032K(9728K)
[6.906s][info][gc,heap     ] GC(98) ParOldGen: 658066K(699392K)->665331K(699392K)
[6.906s][info][gc,metaspace] GC(98) Metaspace: 1851K(1984K)->1851K(1984K) NonClass: 1706K(1728K)->1706K(1728K) Class: 145K(256K)->145K(256K)
[6.906s][info][gc          ] GC(98) Pause Young (Allocation Failure) 1313M->657M(1356M) 2.808ms
[6.906s][info][gc,cpu      ] GC(98) User=0.00s Sys=0.02s Real=0.00s
[6.971s][info][gc,start    ] GC(99) Pause Young (Allocation Failure)
[6.973s][info][gc,heap     ] GC(99) PSYoungGen: 687456K(689152K)->6249K(689152K) Eden: 679424K(679424K)->0K(679424K) From: 8032K(9728K)->6249K(9728K)
[6.973s][info][gc,heap     ] GC(99) ParOldGen: 665331K(699392K)->672838K(699392K)
[6.974s][info][gc,metaspace] GC(99) Metaspace: 1851K(1984K)->1851K(1984K) NonClass: 1706K(1728K)->1706K(1728K) Class: 145K(256K)->145K(256K)
[6.974s][info][gc          ] GC(99) Pause Young (Allocation Failure) 1321M->663M(1356M) 2.722ms
[6.974s][info][gc,cpu      ] GC(99) User=0.00s Sys=0.00s Real=0.00s
[7.038s][info][gc,start    ] GC(100) Pause Young (Allocation Failure)
[7.041s][info][gc,heap     ] GC(100) PSYoungGen: 685673K(689152K)->7756K(689152K) Eden: 679424K(679424K)->0K(679424K) From: 6249K(9728K)->7756K(9728K)
[7.041s][info][gc,heap     ] GC(100) ParOldGen: 672838K(699392K)->678514K(699392K)
[7.041s][info][gc,metaspace] GC(100) Metaspace: 1851K(1984K)->1851K(1984K) NonClass: 1706K(1728K)->1706K(1728K) Class: 145K(256K)->145K(256K)
[7.041s][info][gc          ] GC(100) Pause Young (Allocation Failure) 1326M->670M(1356M) 2.741ms
[7.041s][info][gc,cpu      ] GC(100) User=0.00s Sys=0.00s Real=0.00s
[7.105s][info][gc,start    ] GC(101) Pause Young (Allocation Failure)
[7.108s][info][gc,heap     ] GC(101) PSYoungGen: 687180K(689152K)->7530K(689152K) Eden: 679424K(679424K)->0K(679424K) From: 7756K(9728K)->7530K(9728K)
[7.108s][info][gc,heap     ] GC(101) ParOldGen: 678514K(699392K)->686236K(699392K)
[7.108s][info][gc,metaspace] GC(101) Metaspace: 1851K(1984K)->1851K(1984K) NonClass: 1706K(1728K)->1706K(1728K) Class: 145K(256K)->145K(256K)
[7.108s][info][gc          ] GC(101) Pause Young (Allocation Failure) 1333M->677M(1356M) 3.017ms
[7.108s][info][gc,cpu      ] GC(101) User=0.00s Sys=0.02s Real=0.00s
[7.172s][info][gc,start    ] GC(102) Pause Young (Allocation Failure)
[7.175s][info][gc,heap     ] GC(102) PSYoungGen: 686954K(689152K)->7422K(689152K) Eden: 679424K(679424K)->0K(679424K) From: 7530K(9728K)->7422K(9728K)
[7.175s][info][gc,heap     ] GC(102) ParOldGen: 686236K(699392K)->693436K(699392K)
[7.175s][info][gc,metaspace] GC(102) Metaspace: 1851K(1984K)->1851K(1984K) NonClass: 1706K(1728K)->1706K(1728K) Class: 145K(256K)->145K(256K)
[7.175s][info][gc          ] GC(102) Pause Young (Allocation Failure) 1341M->684M(1356M) 3.013ms
[7.175s][info][gc,cpu      ] GC(102) User=0.00s Sys=0.00s Real=0.00s
[7.175s][info][gc,start    ] GC(103) Pause Full (Ergonomics)
[7.175s][info][gc,phases,start] GC(103) Marking Phase
[7.191s][info][gc,phases      ] GC(103) Marking Phase 15.740ms
[7.191s][info][gc,phases,start] GC(103) Summary Phase
[7.191s][info][gc,phases      ] GC(103) Summary Phase 0.022ms
[7.191s][info][gc,phases,start] GC(103) Adjust Roots
[7.192s][info][gc,phases      ] GC(103) Adjust Roots 1.033ms
[7.192s][info][gc,phases,start] GC(103) Compaction Phase
[7.265s][info][gc,phases      ] GC(103) Compaction Phase 72.809ms
[7.265s][info][gc,phases,start] GC(103) Post Compact
[7.269s][info][gc,phases      ] GC(103) Post Compact 4.303ms
[7.270s][info][gc,heap        ] GC(103) PSYoungGen: 7422K(689152K)->0K(689152K) Eden: 0K(679424K)->0K(679424K) From: 7422K(9728K)->0K(9728K)
[7.270s][info][gc,heap        ] GC(103) ParOldGen: 693436K(699392K)->335680K(671744K)
[7.271s][info][gc,metaspace   ] GC(103) Metaspace: 1851K(1984K)->1851K(1984K) NonClass: 1706K(1728K)->1706K(1728K) Class: 145K(256K)->145K(256K)
[7.271s][info][gc             ] GC(103) Pause Full (Ergonomics) 684M->327M(1329M) 95.518ms
[7.271s][info][gc,cpu         ] GC(103) User=0.27s Sys=0.06s Real=0.10s
[7.337s][info][gc,start       ] GC(104) Pause Young (Allocation Failure)
[7.338s][info][gc,heap        ] GC(104) PSYoungGen: 679424K(689152K)->8386K(689152K) Eden: 679424K(679424K)->0K(679424K) From: 0K(9728K)->8386K(9728K)
[7.338s][info][gc,heap        ] GC(104) ParOldGen: 335680K(671744K)->335680K(671744K)
[7.338s][info][gc,metaspace   ] GC(104) Metaspace: 1851K(1984K)->1851K(1984K) NonClass: 1706K(1728K)->1706K(1728K) Class: 145K(256K)->145K(256K)
[7.338s][info][gc             ] GC(104) Pause Young (Allocation Failure) 991M->336M(1329M) 1.627ms
[7.338s][info][gc,cpu         ] GC(104) User=0.00s Sys=0.00s Real=0.00s
[7.402s][info][gc,start       ] GC(105) Pause Young (Allocation Failure)
[7.405s][info][gc,heap        ] GC(105) PSYoungGen: 687810K(689152K)->7684K(689152K) Eden: 679424K(679424K)->0K(679424K) From: 8386K(9728K)->7684K(9728K)
[7.405s][info][gc,heap        ] GC(105) ParOldGen: 335680K(671744K)->344013K(671744K)
[7.405s][info][gc,metaspace   ] GC(105) Metaspace: 1851K(1984K)->1851K(1984K) NonClass: 1706K(1728K)->1706K(1728K) Class: 145K(256K)->145K(256K)
[7.405s][info][gc             ] GC(105) Pause Young (Allocation Failure) 999M->343M(1329M) 2.645ms
[7.405s][info][gc,cpu         ] GC(105) User=0.03s Sys=0.02s Real=0.00s
[7.469s][info][gc,start       ] GC(106) Pause Young (Allocation Failure)
[7.471s][info][gc,heap        ] GC(106) PSYoungGen: 687108K(689152K)->5866K(689152K) Eden: 679424K(679424K)->0K(679424K) From: 7684K(9728K)->5866K(9728K)
[7.471s][info][gc,heap        ] GC(106) ParOldGen: 344013K(671744K)->351300K(671744K)
[7.471s][info][gc,metaspace   ] GC(106) Metaspace: 1851K(1984K)->1851K(1984K) NonClass: 1706K(1728K)->1706K(1728K) Class: 145K(256K)->145K(256K)
[7.471s][info][gc             ] GC(106) Pause Young (Allocation Failure) 1006M->348M(1329M) 2.388ms
[7.471s][info][gc,cpu         ] GC(106) User=0.02s Sys=0.00s Real=0.00s
[7.535s][info][gc,start       ] GC(107) Pause Young (Allocation Failure)
[7.537s][info][gc,heap        ] GC(107) PSYoungGen: 685290K(689152K)->6603K(689152K) Eden: 679424K(679424K)->0K(679424K) From: 5866K(9728K)->6603K(9728K)
[7.537s][info][gc,heap        ] GC(107) ParOldGen: 351300K(671744K)->356998K(671744K)
[7.537s][info][gc,metaspace   ] GC(107) Metaspace: 1851K(1984K)->1851K(1984K) NonClass: 1706K(1728K)->1706K(1728K) Class: 145K(256K)->145K(256K)
[7.537s][info][gc             ] GC(107) Pause Young (Allocation Failure) 1012M->355M(1329M) 2.096ms
[7.537s][info][gc,cpu         ] GC(107) User=0.00s Sys=0.00s Real=0.00s
[7.602s][info][gc,start       ] GC(108) Pause Young (Allocation Failure)
[7.604s][info][gc,heap        ] GC(108) PSYoungGen: 686027K(689152K)->8030K(689152K) Eden: 679424K(679424K)->0K(679424K) From: 6603K(9728K)->8030K(9728K)
[7.604s][info][gc,heap        ] GC(108) ParOldGen: 356998K(671744K)->363309K(671744K)
[7.604s][info][gc,metaspace   ] GC(108) Metaspace: 1851K(1984K)->1851K(1984K) NonClass: 1706K(1728K)->1706K(1728K) Class: 145K(256K)->145K(256K)
[7.604s][info][gc             ] GC(108) Pause Young (Allocation Failure) 1018M->362M(1329M) 2.186ms
[7.604s][info][gc,cpu         ] GC(108) User=0.00s Sys=0.00s Real=0.00s
[7.669s][info][gc,start       ] GC(109) Pause Young (Allocation Failure)
[7.671s][info][gc,heap        ] GC(109) PSYoungGen: 687454K(689152K)->4283K(688128K) Eden: 679424K(679424K)->0K(678400K) From: 8030K(9728K)->4283K(9728K)
[7.671s][info][gc,heap        ] GC(109) ParOldGen: 363309K(671744K)->371110K(671744K)
[7.671s][info][gc,metaspace   ] GC(109) Metaspace: 1851K(1984K)->1851K(1984K) NonClass: 1706K(1728K)->1706K(1728K) Class: 145K(256K)->145K(256K)
[7.671s][info][gc             ] GC(109) Pause Young (Allocation Failure) 1026M->366M(1328M) 2.342ms
[7.671s][info][gc,cpu         ] GC(109) User=0.00s Sys=0.00s Real=0.00s
[7.736s][info][gc,start       ] GC(110) Pause Young (Allocation Failure)
[7.738s][info][gc,heap        ] GC(110) PSYoungGen: 682683K(688128K)->7830K(688640K) Eden: 678400K(678400K)->0K(678400K) From: 4283K(9728K)->7830K(10240K)
[7.738s][info][gc,heap        ] GC(110) ParOldGen: 371110K(671744K)->375303K(671744K)
[7.738s][info][gc,metaspace   ] GC(110) Metaspace: 1851K(1984K)->1851K(1984K) NonClass: 1706K(1728K)->1706K(1728K) Class: 145K(256K)->145K(256K)
[7.738s][info][gc             ] GC(110) Pause Young (Allocation Failure) 1029M->374M(1328M) 2.111ms
[7.738s][info][gc,cpu         ] GC(110) User=0.00s Sys=0.00s Real=0.00s
[7.804s][info][gc,start       ] GC(111) Pause Young (Allocation Failure)
[7.807s][info][gc,heap        ] GC(111) PSYoungGen: 686230K(688640K)->8230K(688640K) Eden: 678400K(678400K)->0K(678400K) From: 7830K(10240K)->8230K(10240K)
[7.807s][info][gc,heap        ] GC(111) ParOldGen: 375303K(671744K)->382397K(671744K)
[7.807s][info][gc,metaspace   ] GC(111) Metaspace: 1851K(1984K)->1851K(1984K) NonClass: 1706K(1728K)->1706K(1728K) Class: 145K(256K)->145K(256K)
[7.807s][info][gc             ] GC(111) Pause Young (Allocation Failure) 1036M->381M(1328M) 2.835ms
[7.807s][info][gc,cpu         ] GC(111) User=0.00s Sys=0.00s Real=0.00s
[7.871s][info][gc,start       ] GC(112) Pause Young (Allocation Failure)
[7.874s][info][gc,heap        ] GC(112) PSYoungGen: 686630K(688640K)->7967K(688640K) Eden: 678400K(678400K)->0K(678400K) From: 8230K(10240K)->7967K(10240K)
[7.874s][info][gc,heap        ] GC(112) ParOldGen: 382397K(671744K)->390506K(671744K)
[7.874s][info][gc,metaspace   ] GC(112) Metaspace: 1851K(1984K)->1851K(1984K) NonClass: 1706K(1728K)->1706K(1728K) Class: 145K(256K)->145K(256K)
[7.874s][info][gc             ] GC(112) Pause Young (Allocation Failure) 1043M->389M(1328M) 2.665ms
[7.874s][info][gc,cpu         ] GC(112) User=0.00s Sys=0.00s Real=0.00s
[7.937s][info][gc,start       ] GC(113) Pause Young (Allocation Failure)
[7.940s][info][gc,heap        ] GC(113) PSYoungGen: 686367K(688640K)->7317K(688640K) Eden: 678400K(678400K)->0K(678400K) From: 7967K(10240K)->7317K(10240K)
[7.940s][info][gc,heap        ] GC(113) ParOldGen: 390506K(671744K)->398255K(671744K)
[7.940s][info][gc,metaspace   ] GC(113) Metaspace: 1851K(1984K)->1851K(1984K) NonClass: 1706K(1728K)->1706K(1728K) Class: 145K(256K)->145K(256K)
[7.940s][info][gc             ] GC(113) Pause Young (Allocation Failure) 1051M->396M(1328M) 3.058ms
[7.940s][info][gc,cpu         ] GC(113) User=0.06s Sys=0.00s Real=0.00s
[8.004s][info][gc,start       ] GC(114) Pause Young (Allocation Failure)
[8.006s][info][gc,heap        ] GC(114) PSYoungGen: 685717K(688640K)->6065K(688640K) Eden: 678400K(678400K)->0K(678400K) From: 7317K(10240K)->6065K(10240K)
[8.006s][info][gc,heap        ] GC(114) ParOldGen: 398255K(671744K)->405400K(671744K)
[8.006s][info][gc,metaspace   ] GC(114) Metaspace: 1851K(1984K)->1851K(1984K) NonClass: 1706K(1728K)->1706K(1728K) Class: 145K(256K)->145K(256K)
[8.006s][info][gc             ] GC(114) Pause Young (Allocation Failure) 1058M->401M(1328M) 2.474ms
[8.006s][info][gc,cpu         ] GC(114) User=0.02s Sys=0.00s Real=0.00s
[8.071s][info][gc,start       ] GC(115) Pause Young (Allocation Failure)
[8.073s][info][gc,heap        ] GC(115) PSYoungGen: 684465K(688640K)->6314K(687616K) Eden: 678400K(678400K)->0K(678400K) From: 6065K(10240K)->6314K(9216K)
[8.073s][info][gc,heap        ] GC(115) ParOldGen: 405400K(671744K)->411270K(671744K)
[8.073s][info][gc,metaspace   ] GC(115) Metaspace: 1851K(1984K)->1851K(1984K) NonClass: 1706K(1728K)->1706K(1728K) Class: 145K(256K)->145K(256K)
[8.073s][info][gc             ] GC(115) Pause Young (Allocation Failure) 1064M->407M(1327M) 2.442ms
[8.073s][info][gc,cpu         ] GC(115) User=0.00s Sys=0.00s Real=0.00s
[8.137s][info][gc,start       ] GC(116) Pause Young (Allocation Failure)
[8.139s][info][gc,heap        ] GC(116) PSYoungGen: 684714K(687616K)->7417K(688128K) Eden: 678400K(678400K)->0K(678400K) From: 6314K(9216K)->7417K(9728K)
[8.139s][info][gc,heap        ] GC(116) ParOldGen: 411270K(671744K)->417524K(671744K)
[8.139s][info][gc,metaspace   ] GC(116) Metaspace: 1851K(1984K)->1851K(1984K) NonClass: 1706K(1728K)->1706K(1728K) Class: 145K(256K)->145K(256K)
[8.139s][info][gc             ] GC(116) Pause Young (Allocation Failure) 1070M->414M(1328M) 2.399ms
[8.139s][info][gc,cpu         ] GC(116) User=0.02s Sys=0.00s Real=0.00s
[8.203s][info][gc,start       ] GC(117) Pause Young (Allocation Failure)
[8.206s][info][gc,heap        ] GC(117) PSYoungGen: 685817K(688128K)->3634K(688128K) Eden: 678400K(678400K)->0K(678400K) From: 7417K(9728K)->3634K(9728K)
[8.206s][info][gc,heap        ] GC(117) ParOldGen: 417524K(671744K)->424756K(671744K)
[8.206s][info][gc,metaspace   ] GC(117) Metaspace: 1851K(1984K)->1851K(1984K) NonClass: 1706K(1728K)->1706K(1728K) Class: 145K(256K)->145K(256K)
[8.206s][info][gc             ] GC(117) Pause Young (Allocation Failure) 1077M->418M(1328M) 2.212ms
[8.206s][info][gc,cpu         ] GC(117) User=0.02s Sys=0.00s Real=0.00s
[8.270s][info][gc,start       ] GC(118) Pause Young (Allocation Failure)
[8.272s][info][gc,heap        ] GC(118) PSYoungGen: 682034K(688128K)->7420K(688640K) Eden: 678400K(678400K)->0K(678400K) From: 3634K(9728K)->7420K(10240K)
[8.272s][info][gc,heap        ] GC(118) ParOldGen: 424756K(671744K)->428308K(671744K)
[8.272s][info][gc,metaspace   ] GC(118) Metaspace: 1852K(1984K)->1852K(1984K) NonClass: 1707K(1728K)->1707K(1728K) Class: 145K(256K)->145K(256K)
[8.272s][info][gc             ] GC(118) Pause Young (Allocation Failure) 1080M->425M(1328M) 2.199ms
[8.272s][info][gc,cpu         ] GC(118) User=0.00s Sys=0.00s Real=0.00s
[8.339s][info][gc,start       ] GC(119) Pause Young (Allocation Failure)
[8.341s][info][gc,heap        ] GC(119) PSYoungGen: 685820K(688640K)->7479K(688640K) Eden: 678400K(678400K)->0K(678400K) From: 7420K(10240K)->7479K(10240K)
[8.341s][info][gc,heap        ] GC(119) ParOldGen: 428308K(671744K)->435481K(671744K)
[8.341s][info][gc,metaspace   ] GC(119) Metaspace: 1852K(1984K)->1852K(1984K) NonClass: 1707K(1728K)->1707K(1728K) Class: 145K(256K)->145K(256K)
[8.341s][info][gc             ] GC(119) Pause Young (Allocation Failure) 1088M->432M(1328M) 2.324ms
[8.341s][info][gc,cpu         ] GC(119) User=0.00s Sys=0.00s Real=0.00s
[8.405s][info][gc,start       ] GC(120) Pause Young (Allocation Failure)
[8.408s][info][gc,heap        ] GC(120) PSYoungGen: 685879K(688640K)->7409K(686080K) Eden: 678400K(678400K)->0K(678400K) From: 7479K(10240K)->7409K(7680K)
[8.408s][info][gc,heap        ] GC(120) ParOldGen: 435481K(671744K)->442821K(671744K)
[8.408s][info][gc,metaspace   ] GC(120) Metaspace: 1852K(1984K)->1852K(1984K) NonClass: 1707K(1728K)->1707K(1728K) Class: 145K(256K)->145K(256K)
[8.408s][info][gc             ] GC(120) Pause Young (Allocation Failure) 1095M->439M(1326M) 2.457ms
[8.408s][info][gc,cpu         ] GC(120) User=0.02s Sys=0.00s Real=0.00s
[8.472s][info][gc,start       ] GC(121) Pause Young (Allocation Failure)
[8.474s][info][gc,heap        ] GC(121) PSYoungGen: 685809K(686080K)->7516K(688128K) Eden: 678400K(678400K)->0K(678400K) From: 7409K(7680K)->7516K(9728K)
[8.474s][info][gc,heap        ] GC(121) ParOldGen: 442821K(671744K)->450145K(671744K)
[8.474s][info][gc,metaspace   ] GC(121) Metaspace: 1852K(1984K)->1852K(1984K) NonClass: 1707K(1728K)->1707K(1728K) Class: 145K(256K)->145K(256K)
[8.474s][info][gc             ] GC(121) Pause Young (Allocation Failure) 1102M->446M(1328M) 2.450ms
[8.474s][info][gc,cpu         ] GC(121) User=0.00s Sys=0.02s Real=0.00s
[8.538s][info][gc,start       ] GC(122) Pause Young (Allocation Failure)
[8.541s][info][gc,heap        ] GC(122) PSYoungGen: 685916K(688128K)->7584K(688128K) Eden: 678400K(678400K)->0K(678400K) From: 7516K(9728K)->7584K(9728K)
[8.541s][info][gc,heap        ] GC(122) ParOldGen: 450145K(671744K)->457514K(671744K)
[8.541s][info][gc,metaspace   ] GC(122) Metaspace: 1853K(1984K)->1853K(1984K) NonClass: 1708K(1728K)->1708K(1728K) Class: 145K(256K)->145K(256K)
[8.541s][info][gc             ] GC(122) Pause Young (Allocation Failure) 1109M->454M(1328M) 2.507ms
[8.541s][info][gc,cpu         ] GC(122) User=0.00s Sys=0.00s Real=0.00s
[8.605s][info][gc,start       ] GC(123) Pause Young (Allocation Failure)
[8.607s][info][gc,heap        ] GC(123) PSYoungGen: 685984K(688128K)->5894K(689152K) Eden: 678400K(678400K)->0K(679424K) From: 7584K(9728K)->5894K(9728K)
[8.607s][info][gc,heap        ] GC(123) ParOldGen: 457514K(671744K)->464846K(671744K)
[8.607s][info][gc,metaspace   ] GC(123) Metaspace: 1853K(1984K)->1853K(1984K) NonClass: 1708K(1728K)->1708K(1728K) Class: 145K(256K)->145K(256K)
[8.607s][info][gc             ] GC(123) Pause Young (Allocation Failure) 1116M->459M(1329M) 2.283ms
[8.607s][info][gc,cpu         ] GC(123) User=0.00s Sys=0.00s Real=0.00s
[8.670s][info][gc,start       ] GC(124) Pause Young (Allocation Failure)
[8.672s][info][gc,heap        ] GC(124) PSYoungGen: 685318K(689152K)->6750K(689152K) Eden: 679424K(679424K)->0K(679424K) From: 5894K(9728K)->6750K(9728K)
[8.672s][info][gc,heap        ] GC(124) ParOldGen: 464846K(671744K)->470296K(671744K)
[8.672s][info][gc,metaspace   ] GC(124) Metaspace: 1854K(1984K)->1854K(1984K) NonClass: 1709K(1728K)->1709K(1728K) Class: 145K(256K)->145K(256K)
[8.672s][info][gc             ] GC(124) Pause Young (Allocation Failure) 1123M->465M(1329M) 2.091ms
[8.672s][info][gc,cpu         ] GC(124) User=0.02s Sys=0.00s Real=0.00s
[8.737s][info][gc,start       ] GC(125) Pause Young (Allocation Failure)
[8.738s][info][gc,heap        ] GC(125) PSYoungGen: 686174K(689152K)->4146K(689152K) Eden: 679424K(679424K)->0K(679424K) From: 6750K(9728K)->4146K(9728K)
[8.738s][info][gc,heap        ] GC(125) ParOldGen: 470296K(671744K)->476771K(671744K)
[8.738s][info][gc,metaspace   ] GC(125) Metaspace: 1854K(1984K)->1854K(1984K) NonClass: 1709K(1728K)->1709K(1728K) Class: 145K(256K)->145K(256K)
[8.738s][info][gc             ] GC(125) Pause Young (Allocation Failure) 1129M->469M(1329M) 1.921ms
[8.738s][info][gc,cpu         ] GC(125) User=0.00s Sys=0.00s Real=0.00s
[8.802s][info][gc,start       ] GC(126) Pause Young (Allocation Failure)
[8.804s][info][gc,heap        ] GC(126) PSYoungGen: 683570K(689152K)->7990K(687616K) Eden: 679424K(679424K)->0K(679424K) From: 4146K(9728K)->7990K(8192K)
[8.804s][info][gc,heap        ] GC(126) ParOldGen: 476771K(671744K)->480828K(671744K)
[8.804s][info][gc,metaspace   ] GC(126) Metaspace: 1854K(1984K)->1854K(1984K) NonClass: 1709K(1728K)->1709K(1728K) Class: 145K(256K)->145K(256K)
[8.804s][info][gc             ] GC(126) Pause Young (Allocation Failure) 1133M->477M(1327M) 2.113ms
[8.804s][info][gc,cpu         ] GC(126) User=0.00s Sys=0.00s Real=0.00s
[8.870s][info][gc,start       ] GC(127) Pause Young (Allocation Failure)
[8.872s][info][gc,heap        ] GC(127) PSYoungGen: 687414K(687616K)->6809K(689152K) Eden: 679424K(679424K)->0K(678912K) From: 7990K(8192K)->6809K(10240K)
[8.873s][info][gc,heap        ] GC(127) ParOldGen: 480828K(671744K)->488018K(671744K)
[8.873s][info][gc,metaspace   ] GC(127) Metaspace: 1854K(1984K)->1854K(1984K) NonClass: 1709K(1728K)->1709K(1728K) Class: 145K(256K)->145K(256K)
[8.873s][info][gc             ] GC(127) Pause Young (Allocation Failure) 1140M->483M(1329M) 2.442ms
[8.873s][info][gc,cpu         ] GC(127) User=0.00s Sys=0.00s Real=0.00s
[8.936s][info][gc,start       ] GC(128) Pause Young (Allocation Failure)
[8.939s][info][gc,heap        ] GC(128) PSYoungGen: 685721K(689152K)->7350K(688640K) Eden: 678912K(678912K)->0K(678912K) From: 6809K(10240K)->7350K(9728K)
[8.939s][info][gc,heap        ] GC(128) ParOldGen: 488018K(671744K)->494466K(671744K)
[8.939s][info][gc,metaspace   ] GC(128) Metaspace: 1854K(1984K)->1854K(1984K) NonClass: 1709K(1728K)->1709K(1728K) Class: 145K(256K)->145K(256K)
[8.939s][info][gc             ] GC(128) Pause Young (Allocation Failure) 1146M->490M(1328M) 2.402ms
[8.939s][info][gc,cpu         ] GC(128) User=0.02s Sys=0.00s Real=0.00s
[9.006s][info][gc,start       ] GC(129) Pause Young (Allocation Failure)
[9.016s][info][gc,heap        ] GC(129) PSYoungGen: 686262K(688640K)->9724K(651264K) Eden: 678912K(678912K)->0K(641536K) From: 7350K(9728K)->9724K(9728K)
[9.016s][info][gc,heap        ] GC(129) ParOldGen: 494466K(671744K)->543722K(671744K)
[9.016s][info][gc,metaspace   ] GC(129) Metaspace: 1854K(1984K)->1854K(1984K) NonClass: 1709K(1728K)->1709K(1728K) Class: 145K(256K)->145K(256K)
[9.016s][info][gc             ] GC(129) Pause Young (Allocation Failure) 1153M->540M(1292M) 9.422ms
[9.016s][info][gc,cpu         ] GC(129) User=0.02s Sys=0.00s Real=0.01s
[9.076s][info][gc,start       ] GC(130) Pause Young (Allocation Failure)
[9.079s][info][gc,heap        ] GC(130) PSYoungGen: 651260K(651264K)->7250K(670208K) Eden: 641536K(641536K)->0K(641536K) From: 9724K(9728K)->7250K(28672K)
[9.079s][info][gc,heap        ] GC(130) ParOldGen: 543722K(671744K)->545101K(671744K)
[9.079s][info][gc,metaspace   ] GC(130) Metaspace: 1854K(1984K)->1854K(1984K) NonClass: 1709K(1728K)->1709K(1728K) Class: 145K(256K)->145K(256K)
[9.079s][info][gc             ] GC(130) Pause Young (Allocation Failure) 1166M->539M(1310M) 2.996ms
[9.079s][info][gc,cpu         ] GC(130) User=0.00s Sys=0.00s Real=0.00s
[9.139s][info][gc,start       ] GC(131) Pause Young (Allocation Failure)
[9.142s][info][gc,heap        ] GC(131) PSYoungGen: 648786K(670208K)->7324K(668160K) Eden: 641536K(641536K)->0K(642560K) From: 7250K(28672K)->7324K(25600K)
[9.142s][info][gc,heap        ] GC(131) ParOldGen: 545101K(671744K)->552073K(671744K)
[9.142s][info][gc,metaspace   ] GC(131) Metaspace: 1854K(1984K)->1854K(1984K) NonClass: 1709K(1728K)->1709K(1728K) Class: 145K(256K)->145K(256K)
[9.142s][info][gc             ] GC(131) Pause Young (Allocation Failure) 1165M->546M(1308M) 2.516ms
[9.142s][info][gc,cpu         ] GC(131) User=0.02s Sys=0.00s Real=0.00s
[9.202s][info][gc,start       ] GC(132) Pause Young (Allocation Failure)
[9.205s][info][gc,heap        ] GC(132) PSYoungGen: 649884K(668160K)->7582K(669696K) Eden: 642560K(642560K)->0K(642560K) From: 7324K(25600K)->7582K(27136K)
[9.205s][info][gc,heap        ] GC(132) ParOldGen: 552073K(671744K)->559114K(671744K)
[9.205s][info][gc,metaspace   ] GC(132) Metaspace: 1854K(1984K)->1854K(1984K) NonClass: 1709K(1728K)->1709K(1728K) Class: 145K(256K)->145K(256K)
[9.205s][info][gc             ] GC(132) Pause Young (Allocation Failure) 1173M->553M(1310M) 2.482ms
[9.205s][info][gc,cpu         ] GC(132) User=0.02s Sys=0.00s Real=0.00s
[9.265s][info][gc,start       ] GC(133) Pause Young (Allocation Failure)
[9.268s][info][gc,heap        ] GC(133) PSYoungGen: 650142K(669696K)->6829K(669184K) Eden: 642560K(642560K)->0K(645632K) From: 7582K(27136K)->6829K(23552K)
[9.268s][info][gc,heap        ] GC(133) ParOldGen: 559114K(671744K)->566100K(671744K)
[9.268s][info][gc,metaspace   ] GC(133) Metaspace: 1854K(1984K)->1854K(1984K) NonClass: 1709K(1728K)->1709K(1728K) Class: 145K(256K)->145K(256K)
[9.268s][info][gc             ] GC(133) Pause Young (Allocation Failure) 1180M->559M(1309M) 2.516ms
[9.268s][info][gc,cpu         ] GC(133) User=0.00s Sys=0.00s Real=0.00s
[9.328s][info][gc,start       ] GC(134) Pause Young (Allocation Failure)
[9.332s][info][gc,heap        ] GC(134) PSYoungGen: 652461K(669184K)->4287K(670720K) Eden: 645632K(645632K)->0K(645632K) From: 6829K(23552K)->4287K(25088K)
[9.332s][info][gc,heap        ] GC(134) ParOldGen: 566100K(671744K)->572697K(671744K)
[9.332s][info][gc,metaspace   ] GC(134) Metaspace: 1854K(1984K)->1854K(1984K) NonClass: 1709K(1728K)->1709K(1728K) Class: 145K(256K)->145K(256K)
[9.332s][info][gc             ] GC(134) Pause Young (Allocation Failure) 1190M->563M(1311M) 3.433ms
[9.332s][info][gc,cpu         ] GC(134) User=0.00s Sys=0.00s Real=0.00s
[9.393s][info][gc,start       ] GC(135) Pause Young (Allocation Failure)
[9.395s][info][gc,heap        ] GC(135) PSYoungGen: 649919K(670720K)->5543K(672256K) Eden: 645632K(645632K)->0K(649216K) From: 4287K(25088K)->5543K(23040K)
[9.395s][info][gc,heap        ] GC(135) ParOldGen: 572697K(671744K)->576761K(671744K)
[9.395s][info][gc,metaspace   ] GC(135) Metaspace: 1854K(1984K)->1854K(1984K) NonClass: 1709K(1728K)->1709K(1728K) Class: 145K(256K)->145K(256K)
[9.395s][info][gc             ] GC(135) Pause Young (Allocation Failure) 1193M->568M(1312M) 2.032ms
[9.395s][info][gc,cpu         ] GC(135) User=0.00s Sys=0.02s Real=0.00s
[9.456s][info][gc,start       ] GC(136) Pause Young (Allocation Failure)
[9.460s][info][gc,heap        ] GC(136) PSYoungGen: 654759K(672256K)->4239K(673280K) Eden: 649216K(649216K)->0K(649216K) From: 5543K(23040K)->4239K(24064K)
[9.460s][info][gc,heap        ] GC(136) ParOldGen: 576761K(671744K)->582079K(671744K)
[9.460s][info][gc,metaspace   ] GC(136) Metaspace: 1854K(1984K)->1854K(1984K) NonClass: 1709K(1728K)->1709K(1728K) Class: 145K(256K)->145K(256K)
[9.460s][info][gc             ] GC(136) Pause Young (Allocation Failure) 1202M->572M(1313M) 3.779ms
[9.460s][info][gc,cpu         ] GC(136) User=0.00s Sys=0.00s Real=0.00s
[9.521s][info][gc,start       ] GC(137) Pause Young (Allocation Failure)
[9.523s][info][gc,heap        ] GC(137) PSYoungGen: 653455K(673280K)->7323K(672256K) Eden: 649216K(649216K)->0K(651264K) From: 4239K(24064K)->7323K(20992K)
[9.523s][info][gc,heap        ] GC(137) ParOldGen: 582079K(671744K)->586011K(671744K)
[9.523s][info][gc,metaspace   ] GC(137) Metaspace: 1854K(1984K)->1854K(1984K) NonClass: 1709K(1728K)->1709K(1728K) Class: 145K(256K)->145K(256K)
[9.523s][info][gc             ] GC(137) Pause Young (Allocation Failure) 1206M->579M(1312M) 2.160ms
[9.523s][info][gc,cpu         ] GC(137) User=0.00s Sys=0.00s Real=0.00s
[9.584s][info][gc,start       ] GC(138) Pause Young (Allocation Failure)
[9.586s][info][gc,heap        ] GC(138) PSYoungGen: 658587K(672256K)->5371K(673792K) Eden: 651264K(651264K)->0K(651264K) From: 7323K(20992K)->5371K(22528K)
[9.586s][info][gc,heap        ] GC(138) ParOldGen: 586011K(671744K)->592936K(671744K)
[9.586s][info][gc,metaspace   ] GC(138) Metaspace: 1854K(1984K)->1854K(1984K) NonClass: 1709K(1728K)->1709K(1728K) Class: 145K(256K)->145K(256K)
[9.586s][info][gc             ] GC(138) Pause Young (Allocation Failure) 1215M->584M(1314M) 2.350ms
[9.587s][info][gc,cpu         ] GC(138) User=0.00s Sys=0.00s Real=0.00s
[9.648s][info][gc,start       ] GC(139) Pause Young (Allocation Failure)
[9.650s][info][gc,heap        ] GC(139) PSYoungGen: 656635K(673792K)->7433K(673792K) Eden: 651264K(651264K)->0K(654848K) From: 5371K(22528K)->7433K(18944K)
[9.650s][info][gc,heap        ] GC(139) ParOldGen: 592936K(671744K)->598198K(671744K)
[9.650s][info][gc,metaspace   ] GC(139) Metaspace: 1854K(1984K)->1854K(1984K) NonClass: 1709K(1728K)->1709K(1728K) Class: 145K(256K)->145K(256K)
[9.650s][info][gc             ] GC(139) Pause Young (Allocation Failure) 1220M->591M(1314M) 2.359ms
[9.650s][info][gc,cpu         ] GC(139) User=0.00s Sys=0.00s Real=0.00s
[9.711s][info][gc,start       ] GC(140) Pause Young (Allocation Failure)
[9.714s][info][gc,heap        ] GC(140) PSYoungGen: 662281K(673792K)->7173K(675328K) Eden: 654848K(654848K)->0K(654848K) From: 7433K(18944K)->7173K(20480K)
[9.714s][info][gc,heap        ] GC(140) ParOldGen: 598198K(671744K)->605123K(671744K)
[9.714s][info][gc,metaspace   ] GC(140) Metaspace: 1854K(1984K)->1854K(1984K) NonClass: 1709K(1728K)->1709K(1728K) Class: 145K(256K)->145K(256K)
[9.714s][info][gc             ] GC(140) Pause Young (Allocation Failure) 1230M->597M(1315M) 2.373ms
[9.714s][info][gc,cpu         ] GC(140) User=0.00s Sys=0.00s Real=0.00s
[9.776s][info][gc,start       ] GC(141) Pause Young (Allocation Failure)
[9.778s][info][gc,heap        ] GC(141) PSYoungGen: 662021K(675328K)->5790K(675840K) Eden: 654848K(654848K)->0K(658944K) From: 7173K(20480K)->5790K(16896K)
[9.778s][info][gc,heap        ] GC(141) ParOldGen: 605123K(671744K)->612197K(671744K)
[9.778s][info][gc,metaspace   ] GC(141) Metaspace: 1854K(1984K)->1854K(1984K) NonClass: 1709K(1728K)->1709K(1728K) Class: 145K(256K)->145K(256K)
[9.778s][info][gc             ] GC(141) Pause Young (Allocation Failure) 1237M->603M(1316M) 2.323ms
[9.778s][info][gc,cpu         ] GC(141) User=0.00s Sys=0.00s Real=0.00s
[9.840s][info][gc,start       ] GC(142) Pause Young (Allocation Failure)
[9.843s][info][gc,heap        ] GC(142) PSYoungGen: 664734K(675840K)->7647K(677376K) Eden: 658944K(658944K)->0K(658944K) From: 5790K(16896K)->7647K(18432K)
[9.843s][info][gc,heap        ] GC(142) ParOldGen: 612197K(671744K)->617847K(671744K)
[9.843s][info][gc,metaspace   ] GC(142) Metaspace: 1854K(1984K)->1854K(1984K) NonClass: 1709K(1728K)->1709K(1728K) Class: 145K(256K)->145K(256K)
[9.843s][info][gc             ] GC(142) Pause Young (Allocation Failure) 1247M->610M(1317M) 2.729ms
[9.843s][info][gc,cpu         ] GC(142) User=0.02s Sys=0.00s Real=0.00s
[9.906s][info][gc,start       ] GC(143) Pause Young (Allocation Failure)
[9.908s][info][gc,heap        ] GC(143) PSYoungGen: 666591K(677376K)->7609K(677888K) Eden: 658944K(658944K)->0K(662528K) From: 7647K(18432K)->7609K(15360K)
[9.908s][info][gc,heap        ] GC(143) ParOldGen: 617847K(671744K)->625309K(671744K)
[9.908s][info][gc,metaspace   ] GC(143) Metaspace: 1854K(1984K)->1854K(1984K) NonClass: 1709K(1728K)->1709K(1728K) Class: 145K(256K)->145K(256K)
[9.908s][info][gc             ] GC(143) Pause Young (Allocation Failure) 1254M->618M(1318M) 2.537ms
[9.908s][info][gc,cpu         ] GC(143) User=0.00s Sys=0.00s Real=0.00s
[9.970s][info][gc,start       ] GC(144) Pause Young (Allocation Failure)
[9.973s][info][gc,heap        ] GC(144) PSYoungGen: 670137K(677888K)->7310K(679424K) Eden: 662528K(662528K)->0K(662528K) From: 7609K(15360K)->7310K(16896K)
[9.973s][info][gc,heap        ] GC(144) ParOldGen: 625309K(671744K)->632708K(671744K)
[9.973s][info][gc,metaspace   ] GC(144) Metaspace: 1854K(1984K)->1854K(1984K) NonClass: 1709K(1728K)->1709K(1728K) Class: 145K(256K)->145K(256K)
[9.973s][info][gc             ] GC(144) Pause Young (Allocation Failure) 1265M->625M(1319M) 2.488ms
[9.973s][info][gc,cpu         ] GC(144) User=0.00s Sys=0.00s Real=0.00s
[10.035s][info][gc,start       ] GC(145) Pause Young (Allocation Failure)
[10.037s][info][gc,heap        ] GC(145) PSYoungGen: 669838K(679424K)->5554K(680448K) Eden: 662528K(662528K)->0K(666112K) From: 7310K(16896K)->5554K(14336K)
[10.037s][info][gc,heap        ] GC(145) ParOldGen: 632708K(671744K)->639849K(671744K)
[10.037s][info][gc,metaspace   ] GC(145) Metaspace: 1854K(1984K)->1854K(1984K) NonClass: 1709K(1728K)->1709K(1728K) Class: 145K(256K)->145K(256K)
[10.038s][info][gc             ] GC(145) Pause Young (Allocation Failure) 1272M->630M(1320M) 2.373ms
[10.038s][info][gc,cpu         ] GC(145) User=0.00s Sys=0.00s Real=0.00s
[10.100s][info][gc,start       ] GC(146) Pause Young (Allocation Failure)
[10.102s][info][gc,heap        ] GC(146) PSYoungGen: 671666K(680448K)->6072K(681472K) Eden: 666112K(666112K)->0K(666112K) From: 5554K(14336K)->6072K(15360K)
[10.102s][info][gc,heap        ] GC(146) ParOldGen: 639849K(671744K)->645216K(671744K)
[10.102s][info][gc,metaspace   ] GC(146) Metaspace: 1854K(1984K)->1854K(1984K) NonClass: 1709K(1728K)->1709K(1728K) Class: 145K(256K)->145K(256K)
[10.102s][info][gc             ] GC(146) Pause Young (Allocation Failure) 1280M->636M(1321M) 2.354ms
[10.102s][info][gc,cpu         ] GC(146) User=0.02s Sys=0.00s Real=0.00s
[10.165s][info][gc,start       ] GC(147) Pause Young (Allocation Failure)
[10.167s][info][gc,heap        ] GC(147) PSYoungGen: 672184K(681472K)->7370K(681984K) Eden: 666112K(666112K)->0K(668672K) From: 6072K(15360K)->7370K(13312K)
[10.167s][info][gc,heap        ] GC(147) ParOldGen: 645216K(671744K)->650928K(671744K)
[10.167s][info][gc,metaspace   ] GC(147) Metaspace: 1854K(1984K)->1854K(1984K) NonClass: 1709K(1728K)->1709K(1728K) Class: 145K(256K)->145K(256K)
[10.167s][info][gc             ] GC(147) Pause Young (Allocation Failure) 1286M->642M(1322M) 2.452ms
[10.167s][info][gc,cpu         ] GC(147) User=0.03s Sys=0.00s Real=0.00s
[10.230s][info][gc,start       ] GC(148) Pause Young (Allocation Failure)
[10.233s][info][gc,heap        ] GC(148) PSYoungGen: 676042K(681984K)->7648K(683008K) Eden: 668672K(668672K)->0K(668672K) From: 7370K(13312K)->7648K(14336K)
[10.233s][info][gc,heap        ] GC(148) ParOldGen: 650928K(671744K)->658038K(671744K)
[10.233s][info][gc,metaspace   ] GC(148) Metaspace: 1854K(1984K)->1854K(1984K) NonClass: 1709K(1728K)->1709K(1728K) Class: 145K(256K)->145K(256K)
[10.233s][info][gc             ] GC(148) Pause Young (Allocation Failure) 1295M->650M(1323M) 2.839ms
[10.233s][info][gc,cpu         ] GC(148) User=0.02s Sys=0.00s Real=0.00s
[10.296s][info][gc,start       ] GC(149) Pause Young (Allocation Failure)
[10.298s][info][gc,heap        ] GC(149) PSYoungGen: 676320K(683008K)->7470K(683008K) Eden: 668672K(668672K)->0K(670720K) From: 7648K(14336K)->7470K(12288K)
[10.298s][info][gc,heap        ] GC(149) ParOldGen: 658038K(671744K)->665198K(671744K)
[10.298s][info][gc,metaspace   ] GC(149) Metaspace: 1854K(1984K)->1854K(1984K) NonClass: 1709K(1728K)->1709K(1728K) Class: 145K(256K)->145K(256K)
[10.298s][info][gc             ] GC(149) Pause Young (Allocation Failure) 1303M->656M(1323M) 2.531ms
[10.298s][info][gc,cpu         ] GC(149) User=0.00s Sys=0.00s Real=0.00s
[10.298s][info][gc,start       ] GC(150) Pause Full (Ergonomics)
[10.298s][info][gc,phases,start] GC(150) Marking Phase
[10.318s][info][gc,phases      ] GC(150) Marking Phase 19.566ms
[10.318s][info][gc,phases,start] GC(150) Summary Phase
[10.318s][info][gc,phases      ] GC(150) Summary Phase 0.024ms
[10.318s][info][gc,phases,start] GC(150) Adjust Roots
[10.319s][info][gc,phases      ] GC(150) Adjust Roots 0.688ms
[10.319s][info][gc,phases,start] GC(150) Compaction Phase
[10.412s][info][gc,phases      ] GC(150) Compaction Phase 93.273ms
[10.412s][info][gc,phases,start] GC(150) Post Compact
[10.413s][info][gc,phases      ] GC(150) Post Compact 0.873ms
[10.414s][info][gc,heap        ] GC(150) PSYoungGen: 7470K(683008K)->0K(684032K) Eden: 0K(670720K)->0K(670720K) From: 7470K(12288K)->0K(13312K)
[10.414s][info][gc,heap        ] GC(150) ParOldGen: 665198K(671744K)->484796K(955904K)
[10.414s][info][gc,metaspace   ] GC(150) Metaspace: 1854K(1984K)->1854K(1984K) NonClass: 1709K(1728K)->1709K(1728K) Class: 145K(256K)->145K(256K)
[10.414s][info][gc             ] GC(150) Pause Full (Ergonomics) 656M->473M(1601M) 115.413ms
[10.414s][info][gc,cpu         ] GC(150) User=0.64s Sys=0.00s Real=0.12s
[10.476s][info][gc,start       ] GC(151) Pause Young (Allocation Failure)
[10.477s][info][gc,heap        ] GC(151) PSYoungGen: 670720K(684032K)->3894K(685568K) Eden: 670720K(670720K)->0K(672256K) From: 0K(13312K)->3894K(13312K)
[10.478s][info][gc,heap        ] GC(151) ParOldGen: 484796K(955904K)->484796K(955904K)
[10.478s][info][gc,metaspace   ] GC(151) Metaspace: 1854K(1984K)->1854K(1984K) NonClass: 1709K(1728K)->1709K(1728K) Class: 145K(256K)->145K(256K)
[10.478s][info][gc             ] GC(151) Pause Young (Allocation Failure) 1128M->477M(1603M) 1.312ms
[10.478s][info][gc,cpu         ] GC(151) User=0.00s Sys=0.00s Real=0.00s
[10.541s][info][gc,start       ] GC(152) Pause Young (Allocation Failure)
[10.543s][info][gc,heap        ] GC(152) PSYoungGen: 676150K(685568K)->7112K(679424K) Eden: 672256K(672256K)->0K(672256K) From: 3894K(13312K)->7112K(7168K)
[10.543s][info][gc,heap        ] GC(152) ParOldGen: 484796K(955904K)->488535K(955904K)
[10.543s][info][gc,metaspace   ] GC(152) Metaspace: 1854K(1984K)->1854K(1984K) NonClass: 1709K(1728K)->1709K(1728K) Class: 145K(256K)->145K(256K)
[10.543s][info][gc             ] GC(152) Pause Young (Allocation Failure) 1133M->484M(1597M) 1.988ms
[10.543s][info][gc,cpu         ] GC(152) User=0.00s Sys=0.00s Real=0.00s
[10.606s][info][gc,start       ] GC(153) Pause Young (Allocation Failure)
[10.608s][info][gc,heap        ] GC(153) PSYoungGen: 679368K(679424K)->5763K(685568K) Eden: 672256K(672256K)->0K(672768K) From: 7112K(7168K)->5763K(12800K)
[10.608s][info][gc,heap        ] GC(153) ParOldGen: 488535K(955904K)->495239K(955904K)
[10.608s][info][gc,metaspace   ] GC(153) Metaspace: 1854K(1984K)->1854K(1984K) NonClass: 1709K(1728K)->1709K(1728K) Class: 145K(256K)->145K(256K)
[10.608s][info][gc             ] GC(153) Pause Young (Allocation Failure) 1140M->489M(1603M) 2.128ms
[10.608s][info][gc,cpu         ] GC(153) User=0.00s Sys=0.00s Real=0.00s
[10.671s][info][gc,start       ] GC(154) Pause Young (Allocation Failure)
[10.673s][info][gc,heap        ] GC(154) PSYoungGen: 678531K(685568K)->7645K(685056K) Eden: 672768K(672768K)->0K(672768K) From: 5763K(12800K)->7645K(12288K)
[10.673s][info][gc,heap        ] GC(154) ParOldGen: 495239K(955904K)->500629K(955904K)
[10.673s][info][gc,metaspace   ] GC(154) Metaspace: 1854K(1984K)->1854K(1984K) NonClass: 1709K(1728K)->1709K(1728K) Class: 145K(256K)->145K(256K)
[10.673s][info][gc             ] GC(154) Pause Young (Allocation Failure) 1146M->496M(1602M) 2.230ms
[10.673s][info][gc,cpu         ] GC(154) User=0.02s Sys=0.00s Real=0.00s
[10.736s][info][gc,start       ] GC(155) Pause Young (Allocation Failure)
[10.739s][info][gc,heap        ] GC(155) PSYoungGen: 680413K(685056K)->7622K(686080K) Eden: 672768K(672768K)->0K(674304K) From: 7645K(12288K)->7622K(11776K)
[10.739s][info][gc,heap        ] GC(155) ParOldGen: 500629K(955904K)->507997K(955904K)
[10.739s][info][gc,metaspace   ] GC(155) Metaspace: 1854K(1984K)->1854K(1984K) NonClass: 1709K(1728K)->1709K(1728K) Class: 145K(256K)->145K(256K)
[10.739s][info][gc             ] GC(155) Pause Young (Allocation Failure) 1153M->503M(1603M) 2.525ms
[10.739s][info][gc,cpu         ] GC(155) User=0.02s Sys=0.00s Real=0.00s
[10.802s][info][gc,start       ] GC(156) Pause Young (Allocation Failure)
[10.805s][info][gc,heap        ] GC(156) PSYoungGen: 681926K(686080K)->7699K(686080K) Eden: 674304K(674304K)->0K(674304K) From: 7622K(11776K)->7699K(11776K)
[10.805s][info][gc,heap        ] GC(156) ParOldGen: 507997K(955904K)->515478K(955904K)
[10.805s][info][gc,metaspace   ] GC(156) Metaspace: 1854K(1984K)->1854K(1984K) NonClass: 1709K(1728K)->1709K(1728K) Class: 145K(256K)->145K(256K)
[10.805s][info][gc             ] GC(156) Pause Young (Allocation Failure) 1162M->510M(1603M) 2.464ms
[10.805s][info][gc,cpu         ] GC(156) User=0.00s Sys=0.00s Real=0.00s
[10.869s][info][gc,start       ] GC(157) Pause Young (Allocation Failure)
[10.872s][info][gc,heap        ] GC(157) PSYoungGen: 682003K(686080K)->6208K(686080K) Eden: 674304K(674304K)->0K(675328K) From: 7699K(11776K)->6208K(10752K)
[10.872s][info][gc,heap        ] GC(157) ParOldGen: 515478K(955904K)->522913K(955904K)
[10.872s][info][gc,metaspace   ] GC(157) Metaspace: 1854K(1984K)->1854K(1984K) NonClass: 1709K(1728K)->1709K(1728K) Class: 145K(256K)->145K(256K)
[10.872s][info][gc             ] GC(157) Pause Young (Allocation Failure) 1169M->516M(1603M) 2.544ms
[10.872s][info][gc,cpu         ] GC(157) User=0.00s Sys=0.00s Real=0.00s
[10.936s][info][gc,start       ] GC(158) Pause Young (Allocation Failure)
[10.938s][info][gc,heap        ] GC(158) PSYoungGen: 681536K(686080K)->5273K(686592K) Eden: 675328K(675328K)->0K(675328K) From: 6208K(10752K)->5273K(11264K)
[10.938s][info][gc,heap        ] GC(158) ParOldGen: 522913K(955904K)->529038K(955904K)
[10.938s][info][gc,metaspace   ] GC(158) Metaspace: 1854K(1984K)->1854K(1984K) NonClass: 1709K(1728K)->1709K(1728K) Class: 145K(256K)->145K(256K)
[10.938s][info][gc             ] GC(158) Pause Young (Allocation Failure) 1176M->521M(1604M) 2.099ms
[10.938s][info][gc,cpu         ] GC(158) User=0.02s Sys=0.00s Real=0.00s
[11.001s][info][gc,start       ] GC(159) Pause Young (Allocation Failure)
[11.003s][info][gc,heap        ] GC(159) PSYoungGen: 680601K(686592K)->3878K(687616K) Eden: 675328K(675328K)->0K(676352K) From: 5273K(11264K)->3878K(11264K)
[11.003s][info][gc,heap        ] GC(159) ParOldGen: 529038K(955904K)->534142K(955904K)
[11.003s][info][gc,metaspace   ] GC(159) Metaspace: 1854K(1984K)->1854K(1984K) NonClass: 1709K(1728K)->1709K(1728K) Class: 145K(256K)->145K(256K)
[11.003s][info][gc             ] GC(159) Pause Young (Allocation Failure) 1181M->525M(1605M) 1.953ms
[11.003s][info][gc,cpu         ] GC(159) User=0.00s Sys=0.00s Real=0.00s
[11.067s][info][gc,start       ] GC(160) Pause Young (Allocation Failure)
[11.069s][info][gc,heap        ] GC(160) PSYoungGen: 680230K(687616K)->7530K(687616K) Eden: 676352K(676352K)->0K(676352K) From: 3878K(11264K)->7530K(11264K)
[11.069s][info][gc,heap        ] GC(160) ParOldGen: 534142K(955904K)->537659K(955904K)
[11.069s][info][gc,metaspace   ] GC(160) Metaspace: 1854K(1984K)->1854K(1984K) NonClass: 1709K(1728K)->1709K(1728K) Class: 145K(256K)->145K(256K)
[11.069s][info][gc             ] GC(160) Pause Young (Allocation Failure) 1185M->532M(1605M) 2.083ms
[11.069s][info][gc,cpu         ] GC(160) User=0.02s Sys=0.00s Real=0.00s
[11.133s][info][gc,start       ] GC(161) Pause Young (Allocation Failure)
[11.135s][info][gc,heap        ] GC(161) PSYoungGen: 683882K(687616K)->7998K(687616K) Eden: 676352K(676352K)->0K(676352K) From: 7530K(11264K)->7998K(11264K)
[11.135s][info][gc,heap        ] GC(161) ParOldGen: 537659K(955904K)->544990K(955904K)
[11.135s][info][gc,metaspace   ] GC(161) Metaspace: 1855K(1984K)->1855K(1984K) NonClass: 1710K(1728K)->1710K(1728K) Class: 145K(256K)->145K(256K)
[11.135s][info][gc             ] GC(161) Pause Young (Allocation Failure) 1192M->540M(1605M) 2.611ms
[11.135s][info][gc,cpu         ] GC(161) User=0.02s Sys=0.00s Real=0.00s
[11.199s][info][gc,start       ] GC(162) Pause Young (Allocation Failure)
[11.201s][info][gc,heap        ] GC(162) PSYoungGen: 684350K(687616K)->8586K(685056K) Eden: 676352K(676352K)->0K(676352K) From: 7998K(11264K)->8586K(8704K)
[11.201s][info][gc,heap        ] GC(162) ParOldGen: 544990K(955904K)->551923K(955904K)
[11.201s][info][gc,metaspace   ] GC(162) Metaspace: 1855K(1984K)->1855K(1984K) NonClass: 1710K(1728K)->1710K(1728K) Class: 145K(256K)->145K(256K)
[11.201s][info][gc             ] GC(162) Pause Young (Allocation Failure) 1200M->547M(1602M) 2.534ms
[11.201s][info][gc,cpu         ] GC(162) User=0.02s Sys=0.00s Real=0.00s
[11.265s][info][gc,start       ] GC(163) Pause Young (Allocation Failure)
[11.267s][info][gc,heap        ] GC(163) PSYoungGen: 684938K(685056K)->7931K(687616K) Eden: 676352K(676352K)->0K(675840K) From: 8586K(8704K)->7931K(11776K)
[11.267s][info][gc,heap        ] GC(163) ParOldGen: 551923K(955904K)->560232K(955904K)
[11.267s][info][gc,metaspace   ] GC(163) Metaspace: 1855K(1984K)->1855K(1984K) NonClass: 1710K(1728K)->1710K(1728K) Class: 145K(256K)->145K(256K)
[11.267s][info][gc             ] GC(163) Pause Young (Allocation Failure) 1207M->554M(1605M) 2.608ms
[11.268s][info][gc,cpu         ] GC(163) User=0.03s Sys=0.00s Real=0.00s
[11.331s][info][gc,start       ] GC(164) Pause Young (Allocation Failure)
[11.334s][info][gc,heap        ] GC(164) PSYoungGen: 683771K(687616K)->7797K(687104K) Eden: 675840K(675840K)->0K(675840K) From: 7931K(11776K)->7797K(11264K)
[11.334s][info][gc,heap        ] GC(164) ParOldGen: 560232K(955904K)->568086K(955904K)
[11.334s][info][gc,metaspace   ] GC(164) Metaspace: 1855K(1984K)->1855K(1984K) NonClass: 1710K(1728K)->1710K(1728K) Class: 145K(256K)->145K(256K)
[11.334s][info][gc             ] GC(164) Pause Young (Allocation Failure) 1214M->562M(1604M) 2.573ms
[11.334s][info][gc,cpu         ] GC(164) User=0.02s Sys=0.00s Real=0.00s
[11.399s][info][gc,start       ] GC(165) Pause Young (Allocation Failure)
[11.402s][info][gc,heap        ] GC(165) PSYoungGen: 683637K(687104K)->7185K(687104K) Eden: 675840K(675840K)->0K(676352K) From: 7797K(11264K)->7185K(10752K)
[11.402s][info][gc,heap        ] GC(165) ParOldGen: 568086K(955904K)->575694K(955904K)
[11.402s][info][gc,metaspace   ] GC(165) Metaspace: 1855K(1984K)->1855K(1984K) NonClass: 1710K(1728K)->1710K(1728K) Class: 145K(256K)->145K(256K)
[11.402s][info][gc             ] GC(165) Pause Young (Allocation Failure) 1222M->569M(1604M) 2.906ms
[11.402s][info][gc,cpu         ] GC(165) User=0.00s Sys=0.00s Real=0.00s
[11.465s][info][gc,start       ] GC(166) Pause Young (Allocation Failure)
[11.467s][info][gc,heap        ] GC(166) PSYoungGen: 683537K(687104K)->8111K(687104K) Eden: 676352K(676352K)->0K(676352K) From: 7185K(10752K)->8111K(10752K)
[11.467s][info][gc,heap        ] GC(166) ParOldGen: 575694K(955904K)->582782K(955904K)
[11.467s][info][gc,metaspace   ] GC(166) Metaspace: 1855K(1984K)->1855K(1984K) NonClass: 1710K(1728K)->1710K(1728K) Class: 145K(256K)->145K(256K)
[11.467s][info][gc             ] GC(166) Pause Young (Allocation Failure) 1229M->577M(1604M) 2.476ms
[11.467s][info][gc,cpu         ] GC(166) User=0.00s Sys=0.00s Real=0.00s
[11.531s][info][gc,start       ] GC(167) Pause Young (Allocation Failure)
[11.534s][info][gc,heap        ] GC(167) PSYoungGen: 684463K(687104K)->7519K(688128K) Eden: 676352K(676352K)->0K(677376K) From: 8111K(10752K)->7519K(10752K)
[11.534s][info][gc,heap        ] GC(167) ParOldGen: 582782K(955904K)->590522K(955904K)
[11.534s][info][gc,metaspace   ] GC(167) Metaspace: 1855K(1984K)->1855K(1984K) NonClass: 1710K(1728K)->1710K(1728K) Class: 145K(256K)->145K(256K)
[11.534s][info][gc             ] GC(167) Pause Young (Allocation Failure) 1237M->584M(1605M) 2.632ms
[11.534s][info][gc,cpu         ] GC(167) User=0.02s Sys=0.00s Real=0.00s
[11.598s][info][gc,start       ] GC(168) Pause Young (Allocation Failure)
[11.600s][info][gc,heap        ] GC(168) PSYoungGen: 684895K(688128K)->7613K(688128K) Eden: 677376K(677376K)->0K(677376K) From: 7519K(10752K)->7613K(10752K)
[11.600s][info][gc,heap        ] GC(168) ParOldGen: 590522K(955904K)->597945K(955904K)
[11.600s][info][gc,metaspace   ] GC(168) Metaspace: 1855K(1984K)->1855K(1984K) NonClass: 1710K(1728K)->1710K(1728K) Class: 145K(256K)->145K(256K)
[11.600s][info][gc             ] GC(168) Pause Young (Allocation Failure) 1245M->591M(1605M) 2.672ms
[11.600s][info][gc,cpu         ] GC(168) User=0.00s Sys=0.00s Real=0.00s
[11.664s][info][gc,start       ] GC(169) Pause Young (Allocation Failure)
[11.668s][info][gc,heap        ] GC(169) PSYoungGen: 684989K(688128K)->7757K(687104K) Eden: 677376K(677376K)->0K(677376K) From: 7613K(10752K)->7757K(9728K)
[11.668s][info][gc,heap        ] GC(169) ParOldGen: 597945K(955904K)->605228K(955904K)
[11.668s][info][gc,metaspace   ] GC(169) Metaspace: 1855K(1984K)->1855K(1984K) NonClass: 1710K(1728K)->1710K(1728K) Class: 145K(256K)->145K(256K)
[11.668s][info][gc             ] GC(169) Pause Young (Allocation Failure) 1252M->598M(1604M) 3.684ms
[11.668s][info][gc,cpu         ] GC(169) User=0.02s Sys=0.00s Real=0.00s
[11.731s][info][gc,start       ] GC(170) Pause Young (Allocation Failure)
[11.734s][info][gc,heap        ] GC(170) PSYoungGen: 685133K(687104K)->6364K(687616K) Eden: 677376K(677376K)->0K(677376K) From: 7757K(9728K)->6364K(10240K)
[11.734s][info][gc,heap        ] GC(170) ParOldGen: 605228K(955904K)->612597K(955904K)
[11.734s][info][gc,metaspace   ] GC(170) Metaspace: 1855K(1984K)->1855K(1984K) NonClass: 1710K(1728K)->1710K(1728K) Class: 145K(256K)->145K(256K)
[11.734s][info][gc             ] GC(170) Pause Young (Allocation Failure) 1260M->604M(1605M) 2.599ms
[11.734s][info][gc,cpu         ] GC(170) User=0.03s Sys=0.00s Real=0.00s
[11.797s][info][gc,start       ] GC(171) Pause Young (Allocation Failure)
[11.800s][info][gc,heap        ] GC(171) PSYoungGen: 683740K(687616K)->7659K(688640K) Eden: 677376K(677376K)->0K(678400K) From: 6364K(10240K)->7659K(10240K)
[11.800s][info][gc,heap        ] GC(171) ParOldGen: 612597K(955904K)->618671K(955904K)
[11.800s][info][gc,metaspace   ] GC(171) Metaspace: 1855K(1984K)->1855K(1984K) NonClass: 1710K(1728K)->1710K(1728K) Class: 145K(256K)->145K(256K)
[11.800s][info][gc             ] GC(171) Pause Young (Allocation Failure) 1265M->611M(1606M) 2.651ms
[11.800s][info][gc,cpu         ] GC(171) User=0.03s Sys=0.00s Real=0.00s
[11.863s][info][gc,start       ] GC(172) Pause Young (Allocation Failure)
[11.866s][info][gc,heap        ] GC(172) PSYoungGen: 686059K(688640K)->7439K(686080K) Eden: 678400K(678400K)->0K(678400K) From: 7659K(10240K)->7439K(7680K)
[11.866s][info][gc,heap        ] GC(172) ParOldGen: 618671K(955904K)->626153K(955904K)
[11.866s][info][gc,metaspace   ] GC(172) Metaspace: 1855K(1984K)->1855K(1984K) NonClass: 1710K(1728K)->1710K(1728K) Class: 145K(256K)->145K(256K)
[11.866s][info][gc             ] GC(172) Pause Young (Allocation Failure) 1274M->618M(1603M) 2.653ms
[11.866s][info][gc,cpu         ] GC(172) User=0.03s Sys=0.00s Real=0.00s
[11.932s][info][gc,start       ] GC(173) Pause Young (Allocation Failure)
[11.934s][info][gc,heap        ] GC(173) PSYoungGen: 685839K(686080K)->4410K(687616K) Eden: 678400K(678400K)->0K(677888K) From: 7439K(7680K)->4410K(9728K)
[11.934s][info][gc,heap        ] GC(173) ParOldGen: 626153K(955904K)->633417K(955904K)
[11.934s][info][gc,metaspace   ] GC(173) Metaspace: 1855K(1984K)->1855K(1984K) NonClass: 1710K(1728K)->1710K(1728K) Class: 145K(256K)->145K(256K)
[11.934s][info][gc             ] GC(173) Pause Young (Allocation Failure) 1281M->622M(1605M) 2.295ms
[11.934s][info][gc,cpu         ] GC(173) User=0.00s Sys=0.00s Real=0.00s
[11.998s][info][gc,start       ] GC(174) Pause Young (Allocation Failure)
[12.000s][info][gc,heap        ] GC(174) PSYoungGen: 682298K(687616K)->5604K(688128K) Eden: 677888K(677888K)->0K(677888K) From: 4410K(9728K)->5604K(10240K)
[12.000s][info][gc,heap        ] GC(174) ParOldGen: 633417K(955904K)->637659K(955904K)
[12.000s][info][gc,metaspace   ] GC(174) Metaspace: 1855K(1984K)->1855K(1984K) NonClass: 1710K(1728K)->1710K(1728K) Class: 145K(256K)->145K(256K)
[12.000s][info][gc             ] GC(174) Pause Young (Allocation Failure) 1284M->628M(1605M) 2.081ms
[12.000s][info][gc,cpu         ] GC(174) User=0.02s Sys=0.00s Real=0.00s
[12.063s][info][gc,start       ] GC(175) Pause Young (Allocation Failure)
[12.066s][info][gc,heap        ] GC(175) PSYoungGen: 683492K(688128K)->5804K(688640K) Eden: 677888K(677888K)->0K(678400K) From: 5604K(10240K)->5804K(10240K)
[12.066s][info][gc,heap        ] GC(175) ParOldGen: 637659K(955904K)->643041K(955904K)
[12.066s][info][gc,metaspace   ] GC(175) Metaspace: 1855K(1984K)->1855K(1984K) NonClass: 1710K(1728K)->1710K(1728K) Class: 145K(256K)->145K(256K)
[12.066s][info][gc             ] GC(175) Pause Young (Allocation Failure) 1290M->633M(1606M) 2.307ms
[12.066s][info][gc,cpu         ] GC(175) User=0.05s Sys=0.00s Real=0.00s
[12.129s][info][gc,start       ] GC(176) Pause Young (Allocation Failure)
[12.132s][info][gc,heap        ] GC(176) PSYoungGen: 684204K(688640K)->7953K(688640K) Eden: 678400K(678400K)->0K(678400K) From: 5804K(10240K)->7953K(10240K)
[12.132s][info][gc,heap        ] GC(176) ParOldGen: 643041K(955904K)->648697K(955904K)
[12.132s][info][gc,metaspace   ] GC(176) Metaspace: 1855K(1984K)->1855K(1984K) NonClass: 1710K(1728K)->1710K(1728K) Class: 145K(256K)->145K(256K)
[12.132s][info][gc             ] GC(176) Pause Young (Allocation Failure) 1296M->641M(1606M) 2.468ms
[12.132s][info][gc,cpu         ] GC(176) User=0.05s Sys=0.00s Real=0.00s
[12.196s][info][gc,start       ] GC(177) Pause Young (Allocation Failure)
[12.201s][info][gc,heap        ] GC(177) PSYoungGen: 686353K(688640K)->7525K(688640K) Eden: 678400K(678400K)->0K(678400K) From: 7953K(10240K)->7525K(10240K)
[12.201s][info][gc,heap        ] GC(177) ParOldGen: 648697K(955904K)->656442K(955904K)
[12.201s][info][gc,metaspace   ] GC(177) Metaspace: 1855K(1984K)->1855K(1984K) NonClass: 1710K(1728K)->1710K(1728K) Class: 145K(256K)->145K(256K)
[12.201s][info][gc             ] GC(177) Pause Young (Allocation Failure) 1303M->648M(1606M) 5.252ms
[12.201s][info][gc,cpu         ] GC(177) User=0.00s Sys=0.00s Real=0.01s
[12.265s][info][gc,start       ] GC(178) Pause Young (Allocation Failure)
[12.268s][info][gc,heap        ] GC(178) PSYoungGen: 685925K(688640K)->7685K(688640K) Eden: 678400K(678400K)->0K(678400K) From: 7525K(10240K)->7685K(10240K)
[12.268s][info][gc,heap        ] GC(178) ParOldGen: 656442K(955904K)->663633K(955904K)
[12.268s][info][gc,metaspace   ] GC(178) Metaspace: 1855K(1984K)->1855K(1984K) NonClass: 1710K(1728K)->1710K(1728K) Class: 145K(256K)->145K(256K)
[12.268s][info][gc             ] GC(178) Pause Young (Allocation Failure) 1310M->655M(1606M) 2.814ms
[12.268s][info][gc,cpu         ] GC(178) User=0.09s Sys=0.00s Real=0.00s
[12.332s][info][gc,start       ] GC(179) Pause Young (Allocation Failure)
[12.334s][info][gc,heap        ] GC(179) PSYoungGen: 686085K(688640K)->7254K(687616K) Eden: 678400K(678400K)->0K(678400K) From: 7685K(10240K)->7254K(9216K)
[12.335s][info][gc,heap        ] GC(179) ParOldGen: 663633K(955904K)->671143K(955904K)
[12.335s][info][gc,metaspace   ] GC(179) Metaspace: 1855K(1984K)->1855K(1984K) NonClass: 1710K(1728K)->1710K(1728K) Class: 145K(256K)->145K(256K)
[12.335s][info][gc             ] GC(179) Pause Young (Allocation Failure) 1318M->662M(1605M) 2.882ms
[12.335s][info][gc,cpu         ] GC(179) User=0.02s Sys=0.02s Real=0.00s
[12.398s][info][gc,start       ] GC(180) Pause Young (Allocation Failure)
[12.401s][info][gc,heap        ] GC(180) PSYoungGen: 685654K(687616K)->7410K(688128K) Eden: 678400K(678400K)->0K(678400K) From: 7254K(9216K)->7410K(9728K)
[12.402s][info][gc,heap        ] GC(180) ParOldGen: 671143K(955904K)->678130K(955904K)
[12.402s][info][gc,metaspace   ] GC(180) Metaspace: 1855K(1984K)->1855K(1984K) NonClass: 1710K(1728K)->1710K(1728K) Class: 145K(256K)->145K(256K)
[12.402s][info][gc             ] GC(180) Pause Young (Allocation Failure) 1324M->669M(1605M) 3.130ms
[12.402s][info][gc,cpu         ] GC(180) User=0.03s Sys=0.00s Real=0.00s
[12.467s][info][gc,start       ] GC(181) Pause Young (Allocation Failure)
[12.470s][info][gc,heap        ] GC(181) PSYoungGen: 685810K(688128K)->5573K(689152K) Eden: 678400K(678400K)->0K(679424K) From: 7410K(9728K)->5573K(9728K)
[12.470s][info][gc,heap        ] GC(181) ParOldGen: 678130K(955904K)->685405K(955904K)
[12.470s][info][gc,metaspace   ] GC(181) Metaspace: 1855K(1984K)->1855K(1984K) NonClass: 1710K(1728K)->1710K(1728K) Class: 145K(256K)->145K(256K)
[12.470s][info][gc             ] GC(181) Pause Young (Allocation Failure) 1331M->674M(1606M) 2.956ms
[12.470s][info][gc,cpu         ] GC(181) User=0.02s Sys=0.00s Real=0.00s
[12.534s][info][gc,start       ] GC(182) Pause Young (Allocation Failure)
[12.536s][info][gc,heap        ] GC(182) PSYoungGen: 684997K(689152K)->7382K(689152K) Eden: 679424K(679424K)->0K(679424K) From: 5573K(9728K)->7382K(9728K)
[12.537s][info][gc,heap        ] GC(182) ParOldGen: 685405K(955904K)->690906K(955904K)
[12.537s][info][gc,metaspace   ] GC(182) Metaspace: 1855K(1984K)->1855K(1984K) NonClass: 1710K(1728K)->1710K(1728K) Class: 145K(256K)->145K(256K)
[12.537s][info][gc             ] GC(182) Pause Young (Allocation Failure) 1338M->681M(1606M) 2.712ms
[12.537s][info][gc,cpu         ] GC(182) User=0.02s Sys=0.00s Real=0.00s
[12.600s][info][gc,start       ] GC(183) Pause Young (Allocation Failure)
[12.603s][info][gc,heap        ] GC(183) PSYoungGen: 686806K(689152K)->4881K(689152K) Eden: 679424K(679424K)->0K(679424K) From: 7382K(9728K)->4881K(9728K)
[12.603s][info][gc,heap        ] GC(183) ParOldGen: 690906K(955904K)->698152K(955904K)
[12.603s][info][gc,metaspace   ] GC(183) Metaspace: 1855K(1984K)->1855K(1984K) NonClass: 1710K(1728K)->1710K(1728K) Class: 145K(256K)->145K(256K)
[12.603s][info][gc             ] GC(183) Pause Young (Allocation Failure) 1345M->686M(1606M) 2.913ms
[12.603s][info][gc,cpu         ] GC(183) User=0.03s Sys=0.00s Real=0.00s
[12.667s][info][gc,start       ] GC(184) Pause Young (Allocation Failure)
[12.670s][info][gc,heap        ] GC(184) PSYoungGen: 684305K(689152K)->7647K(689152K) Eden: 679424K(679424K)->0K(679424K) From: 4881K(9728K)->7647K(9728K)
[12.670s][info][gc,heap        ] GC(184) ParOldGen: 698152K(955904K)->702923K(955904K)
[12.670s][info][gc,metaspace   ] GC(184) Metaspace: 1855K(1984K)->1855K(1984K) NonClass: 1710K(1728K)->1710K(1728K) Class: 145K(256K)->145K(256K)
[12.670s][info][gc             ] GC(184) Pause Young (Allocation Failure) 1350M->693M(1606M) 2.560ms
[12.670s][info][gc,cpu         ] GC(184) User=0.00s Sys=0.00s Real=0.00s
[12.734s][info][gc,start       ] GC(185) Pause Young (Allocation Failure)
[12.737s][info][gc,heap        ] GC(185) PSYoungGen: 687071K(689152K)->7132K(689152K) Eden: 679424K(679424K)->0K(679424K) From: 7647K(9728K)->7132K(9728K)
[12.737s][info][gc,heap        ] GC(185) ParOldGen: 702923K(955904K)->710483K(955904K)
[12.737s][info][gc,metaspace   ] GC(185) Metaspace: 1856K(1984K)->1856K(1984K) NonClass: 1711K(1728K)->1711K(1728K) Class: 145K(256K)->145K(256K)
[12.737s][info][gc             ] GC(185) Pause Young (Allocation Failure) 1357M->700M(1606M) 3.331ms
[12.737s][info][gc,cpu         ] GC(185) User=0.02s Sys=0.02s Real=0.00s
[12.801s][info][gc,start       ] GC(186) Pause Young (Allocation Failure)
[12.804s][info][gc,heap        ] GC(186) PSYoungGen: 686556K(689152K)->6110K(689152K) Eden: 679424K(679424K)->0K(679424K) From: 7132K(9728K)->6110K(9728K)
[12.804s][info][gc,heap        ] GC(186) ParOldGen: 710483K(955904K)->717188K(955904K)
[12.804s][info][gc,metaspace   ] GC(186) Metaspace: 1856K(1984K)->1856K(1984K) NonClass: 1711K(1728K)->1711K(1728K) Class: 145K(256K)->145K(256K)
[12.804s][info][gc             ] GC(186) Pause Young (Allocation Failure) 1364M->706M(1606M) 2.867ms
[12.804s][info][gc,cpu         ] GC(186) User=0.00s Sys=0.00s Real=0.00s
[12.867s][info][gc,start       ] GC(187) Pause Young (Allocation Failure)
[12.870s][info][gc,heap        ] GC(187) PSYoungGen: 685534K(689152K)->5360K(689152K) Eden: 679424K(679424K)->0K(679424K) From: 6110K(9728K)->5360K(9728K)
[12.870s][info][gc,heap        ] GC(187) ParOldGen: 717188K(955904K)->723238K(955904K)
[12.870s][info][gc,metaspace   ] GC(187) Metaspace: 1856K(1984K)->1856K(1984K) NonClass: 1711K(1728K)->1711K(1728K) Class: 145K(256K)->145K(256K)
[12.870s][info][gc             ] GC(187) Pause Young (Allocation Failure) 1369M->711M(1606M) 2.713ms
[12.870s][info][gc,cpu         ] GC(187) User=0.03s Sys=0.00s Real=0.00s
[12.936s][info][gc,start       ] GC(188) Pause Young (Allocation Failure)
[12.939s][info][gc,heap        ] GC(188) PSYoungGen: 684784K(689152K)->8164K(689152K) Eden: 679424K(679424K)->0K(679424K) From: 5360K(9728K)->8164K(9728K)
[12.939s][info][gc,heap        ] GC(188) ParOldGen: 723238K(955904K)->727980K(955904K)
[12.939s][info][gc,metaspace   ] GC(188) Metaspace: 1856K(1984K)->1856K(1984K) NonClass: 1711K(1728K)->1711K(1728K) Class: 145K(256K)->145K(256K)
[12.939s][info][gc             ] GC(188) Pause Young (Allocation Failure) 1375M->718M(1606M) 2.761ms
[12.939s][info][gc,cpu         ] GC(188) User=0.00s Sys=0.02s Real=0.00s
[13.002s][info][gc,start       ] GC(189) Pause Young (Allocation Failure)
[13.005s][info][gc,heap        ] GC(189) PSYoungGen: 687588K(689152K)->7731K(689152K) Eden: 679424K(679424K)->0K(679424K) From: 8164K(9728K)->7731K(9728K)
[13.005s][info][gc,heap        ] GC(189) ParOldGen: 727980K(955904K)->735661K(955904K)
[13.005s][info][gc,metaspace   ] GC(189) Metaspace: 1856K(1984K)->1856K(1984K) NonClass: 1711K(1728K)->1711K(1728K) Class: 145K(256K)->145K(256K)
[13.005s][info][gc             ] GC(189) Pause Young (Allocation Failure) 1382M->725M(1606M) 2.940ms
[13.005s][info][gc,cpu         ] GC(189) User=0.00s Sys=0.00s Real=0.00s
[13.069s][info][gc,start       ] GC(190) Pause Young (Allocation Failure)
[13.072s][info][gc,heap        ] GC(190) PSYoungGen: 687155K(689152K)->7494K(689152K) Eden: 679424K(679424K)->0K(679424K) From: 7731K(9728K)->7494K(9728K)
[13.072s][info][gc,heap        ] GC(190) ParOldGen: 735661K(955904K)->743233K(955904K)
[13.072s][info][gc,metaspace   ] GC(190) Metaspace: 1856K(1984K)->1856K(1984K) NonClass: 1711K(1728K)->1711K(1728K) Class: 145K(256K)->145K(256K)
[13.072s][info][gc             ] GC(190) Pause Young (Allocation Failure) 1389M->733M(1606M) 3.025ms
[13.072s][info][gc,cpu         ] GC(190) User=0.02s Sys=0.00s Real=0.00s
[13.136s][info][gc,start       ] GC(191) Pause Young (Allocation Failure)
[13.138s][info][gc,heap        ] GC(191) PSYoungGen: 686918K(689152K)->3212K(688128K) Eden: 679424K(679424K)->0K(678400K) From: 7494K(9728K)->3212K(9728K)
[13.139s][info][gc,heap        ] GC(191) ParOldGen: 743233K(955904K)->750491K(955904K)
[13.139s][info][gc,metaspace   ] GC(191) Metaspace: 1856K(1984K)->1856K(1984K) NonClass: 1711K(1728K)->1711K(1728K) Class: 145K(256K)->145K(256K)
[13.139s][info][gc             ] GC(191) Pause Young (Allocation Failure) 1396M->736M(1605M) 2.793ms
[13.139s][info][gc,cpu         ] GC(191) User=0.00s Sys=0.00s Real=0.00s
[13.202s][info][gc,start       ] GC(192) Pause Young (Allocation Failure)
[13.204s][info][gc,heap        ] GC(192) PSYoungGen: 681612K(688128K)->7634K(688640K) Eden: 678400K(678400K)->0K(678400K) From: 3212K(9728K)->7634K(10240K)
[13.204s][info][gc,heap        ] GC(192) ParOldGen: 750491K(955904K)->753490K(955904K)
[13.204s][info][gc,metaspace   ] GC(192) Metaspace: 1856K(1984K)->1856K(1984K) NonClass: 1711K(1728K)->1711K(1728K) Class: 145K(256K)->145K(256K)
[13.204s][info][gc             ] GC(192) Pause Young (Allocation Failure) 1398M->743M(1606M) 2.341ms
[13.204s][info][gc,cpu         ] GC(192) User=0.02s Sys=0.00s Real=0.00s
[13.268s][info][gc,start       ] GC(193) Pause Young (Allocation Failure)
[13.271s][info][gc,heap        ] GC(193) PSYoungGen: 686034K(688640K)->5787K(688640K) Eden: 678400K(678400K)->0K(678400K) From: 7634K(10240K)->5787K(10240K)
[13.271s][info][gc,heap        ] GC(193) ParOldGen: 753490K(955904K)->761031K(955904K)
[13.271s][info][gc,metaspace   ] GC(193) Metaspace: 1856K(1984K)->1856K(1984K) NonClass: 1711K(1728K)->1711K(1728K) Class: 145K(256K)->145K(256K)
[13.271s][info][gc             ] GC(193) Pause Young (Allocation Failure) 1405M->748M(1606M) 2.866ms
[13.271s][info][gc,cpu         ] GC(193) User=0.00s Sys=0.00s Real=0.00s
[13.335s][info][gc,start       ] GC(194) Pause Young (Allocation Failure)
[13.338s][info][gc,heap        ] GC(194) PSYoungGen: 684187K(688640K)->7524K(688640K) Eden: 678400K(678400K)->0K(678400K) From: 5787K(10240K)->7524K(10240K)
[13.338s][info][gc,heap        ] GC(194) ParOldGen: 761031K(955904K)->766703K(955904K)
[13.338s][info][gc,metaspace   ] GC(194) Metaspace: 1856K(1984K)->1856K(1984K) NonClass: 1711K(1728K)->1711K(1728K) Class: 145K(256K)->145K(256K)
[13.338s][info][gc             ] GC(194) Pause Young (Allocation Failure) 1411M->756M(1606M) 3.194ms
[13.338s][info][gc,cpu         ] GC(194) User=0.03s Sys=0.00s Real=0.00s
[13.401s][info][gc,start       ] GC(195) Pause Young (Allocation Failure)
[13.403s][info][gc,heap        ] GC(195) PSYoungGen: 685924K(688640K)->7768K(688640K) Eden: 678400K(678400K)->0K(678400K) From: 7524K(10240K)->7768K(10240K)
[13.404s][info][gc,heap        ] GC(195) ParOldGen: 766703K(955904K)->773640K(955904K)
[13.404s][info][gc,metaspace   ] GC(195) Metaspace: 1856K(1984K)->1856K(1984K) NonClass: 1711K(1728K)->1711K(1728K) Class: 145K(256K)->145K(256K)
[13.404s][info][gc             ] GC(195) Pause Young (Allocation Failure) 1418M->763M(1606M) 2.712ms
[13.404s][info][gc,cpu         ] GC(195) User=0.02s Sys=0.00s Real=0.00s
[13.469s][info][gc,start       ] GC(196) Pause Young (Allocation Failure)
[13.472s][info][gc,heap        ] GC(196) PSYoungGen: 686168K(688640K)->5849K(688640K) Eden: 678400K(678400K)->0K(678400K) From: 7768K(10240K)->5849K(10240K)
[13.472s][info][gc,heap        ] GC(196) ParOldGen: 773640K(955904K)->781310K(955904K)
[13.472s][info][gc,metaspace   ] GC(196) Metaspace: 1856K(1984K)->1856K(1984K) NonClass: 1711K(1728K)->1711K(1728K) Class: 145K(256K)->145K(256K)
[13.472s][info][gc             ] GC(196) Pause Young (Allocation Failure) 1425M->768M(1606M) 2.986ms
[13.472s][info][gc,cpu         ] GC(196) User=0.00s Sys=0.00s Real=0.00s
[13.536s][info][gc,start       ] GC(197) Pause Young (Allocation Failure)
[13.539s][info][gc,heap        ] GC(197) PSYoungGen: 684249K(688640K)->7236K(687616K) Eden: 678400K(678400K)->0K(678400K) From: 5849K(10240K)->7236K(9216K)
[13.539s][info][gc,heap        ] GC(197) ParOldGen: 781310K(955904K)->786965K(955904K)
[13.539s][info][gc,metaspace   ] GC(197) Metaspace: 1856K(1984K)->1856K(1984K) NonClass: 1711K(1728K)->1711K(1728K) Class: 145K(256K)->145K(256K)
[13.539s][info][gc             ] GC(197) Pause Young (Allocation Failure) 1431M->775M(1605M) 2.749ms
[13.539s][info][gc,cpu         ] GC(197) User=0.02s Sys=0.00s Real=0.00s
[13.603s][info][gc,start       ] GC(198) Pause Young (Allocation Failure)
[13.606s][info][gc,heap        ] GC(198) PSYoungGen: 685636K(687616K)->4716K(688128K) Eden: 678400K(678400K)->0K(678400K) From: 7236K(9216K)->4716K(9728K)
[13.606s][info][gc,heap        ] GC(198) ParOldGen: 786965K(955904K)->793984K(955904K)
[13.606s][info][gc,metaspace   ] GC(198) Metaspace: 1856K(1984K)->1856K(1984K) NonClass: 1711K(1728K)->1711K(1728K) Class: 145K(256K)->145K(256K)
[13.606s][info][gc             ] GC(198) Pause Young (Allocation Failure) 1438M->779M(1605M) 2.770ms
[13.606s][info][gc,cpu         ] GC(198) User=0.00s Sys=0.00s Real=0.00s
[13.669s][info][gc,start       ] GC(199) Pause Young (Allocation Failure)
[13.671s][info][gc,heap        ] GC(199) PSYoungGen: 683116K(688128K)->5934K(688640K) Eden: 678400K(678400K)->0K(678912K) From: 4716K(9728K)->5934K(9728K)
[13.671s][info][gc,heap        ] GC(199) ParOldGen: 793984K(955904K)->798518K(955904K)
[13.671s][info][gc,metaspace   ] GC(199) Metaspace: 1856K(1984K)->1856K(1984K) NonClass: 1711K(1728K)->1711K(1728K) Class: 145K(256K)->145K(256K)
[13.672s][info][gc             ] GC(199) Pause Young (Allocation Failure) 1442M->785M(1606M) 2.477ms
[13.672s][info][gc,cpu         ] GC(199) User=0.00s Sys=0.00s Real=0.00s
[13.735s][info][gc,start       ] GC(200) Pause Young (Allocation Failure)
[13.738s][info][gc,heap        ] GC(200) PSYoungGen: 684846K(688640K)->7603K(688640K) Eden: 678912K(678912K)->0K(678912K) From: 5934K(9728K)->7603K(9728K)
[13.738s][info][gc,heap        ] GC(200) ParOldGen: 798518K(955904K)->804231K(955904K)
[13.738s][info][gc,metaspace   ] GC(200) Metaspace: 1856K(1984K)->1856K(1984K) NonClass: 1711K(1728K)->1711K(1728K) Class: 145K(256K)->145K(256K)
[13.738s][info][gc             ] GC(200) Pause Young (Allocation Failure) 1448M->792M(1606M) 2.818ms
[13.738s][info][gc,cpu         ] GC(200) User=0.00s Sys=0.00s Real=0.00s
[13.802s][info][gc,start       ] GC(201) Pause Young (Allocation Failure)
[13.804s][info][gc,heap        ] GC(201) PSYoungGen: 686515K(688640K)->7616K(689152K) Eden: 678912K(678912K)->0K(679424K) From: 7603K(9728K)->7616K(9728K)
[13.805s][info][gc,heap        ] GC(201) ParOldGen: 804231K(955904K)->811670K(955904K)
[13.805s][info][gc,metaspace   ] GC(201) Metaspace: 1856K(1984K)->1856K(1984K) NonClass: 1711K(1728K)->1711K(1728K) Class: 145K(256K)->145K(256K)
[13.805s][info][gc             ] GC(201) Pause Young (Allocation Failure) 1455M->800M(1606M) 3.028ms
[13.805s][info][gc,cpu         ] GC(201) User=0.00s Sys=0.00s Real=0.00s
[13.869s][info][gc,start       ] GC(202) Pause Young (Allocation Failure)
[13.872s][info][gc,heap        ] GC(202) PSYoungGen: 687040K(689152K)->6506K(689152K) Eden: 679424K(679424K)->0K(679424K) From: 7616K(9728K)->6506K(9728K)
[13.872s][info][gc,heap        ] GC(202) ParOldGen: 811670K(955904K)->819086K(955904K)
[13.872s][info][gc,metaspace   ] GC(202) Metaspace: 1856K(1984K)->1856K(1984K) NonClass: 1711K(1728K)->1711K(1728K) Class: 145K(256K)->145K(256K)
[13.872s][info][gc             ] GC(202) Pause Young (Allocation Failure) 1463M->806M(1606M) 3.039ms
[13.872s][info][gc,cpu         ] GC(202) User=0.00s Sys=0.00s Real=0.00s
[13.936s][info][gc,start       ] GC(203) Pause Young (Allocation Failure)
[13.939s][info][gc,heap        ] GC(203) PSYoungGen: 685930K(689152K)->7544K(689152K) Eden: 679424K(679424K)->0K(679424K) From: 6506K(9728K)->7544K(9728K)
[13.939s][info][gc,heap        ] GC(203) ParOldGen: 819086K(955904K)->825182K(955904K)
[13.939s][info][gc,metaspace   ] GC(203) Metaspace: 1856K(1984K)->1856K(1984K) NonClass: 1711K(1728K)->1711K(1728K) Class: 145K(256K)->145K(256K)
[13.939s][info][gc             ] GC(203) Pause Young (Allocation Failure) 1469M->813M(1606M) 3.106ms
[13.939s][info][gc,cpu         ] GC(203) User=0.02s Sys=0.00s Real=0.00s
[14.003s][info][gc,start       ] GC(204) Pause Young (Allocation Failure)
[14.006s][info][gc,heap        ] GC(204) PSYoungGen: 686968K(689152K)->7903K(689152K) Eden: 679424K(679424K)->0K(679424K) From: 7544K(9728K)->7903K(9728K)
[14.006s][info][gc,heap        ] GC(204) ParOldGen: 825182K(955904K)->832562K(955904K)
[14.006s][info][gc,metaspace   ] GC(204) Metaspace: 1856K(1984K)->1856K(1984K) NonClass: 1711K(1728K)->1711K(1728K) Class: 145K(256K)->145K(256K)
[14.006s][info][gc             ] GC(204) Pause Young (Allocation Failure) 1476M->820M(1606M) 3.200ms
[14.007s][info][gc,cpu         ] GC(204) User=0.00s Sys=0.00s Real=0.00s
[14.070s][info][gc,start       ] GC(205) Pause Young (Allocation Failure)
[14.073s][info][gc,heap        ] GC(205) PSYoungGen: 687327K(689152K)->8469K(688128K) Eden: 679424K(679424K)->0K(678400K) From: 7903K(9728K)->8469K(9728K)
[14.073s][info][gc,heap        ] GC(205) ParOldGen: 832562K(955904K)->839984K(955904K)
[14.073s][info][gc,metaspace   ] GC(205) Metaspace: 1856K(1984K)->1856K(1984K) NonClass: 1711K(1728K)->1711K(1728K) Class: 145K(256K)->145K(256K)
[14.073s][info][gc             ] GC(205) Pause Young (Allocation Failure) 1484M->828M(1605M) 3.260ms
[14.073s][info][gc,cpu         ] GC(205) User=0.03s Sys=0.00s Real=0.00s
[14.137s][info][gc,start       ] GC(206) Pause Young (Allocation Failure)
[14.140s][info][gc,heap        ] GC(206) PSYoungGen: 686869K(688128K)->8156K(688640K) Eden: 678400K(678400K)->0K(678400K) From: 8469K(9728K)->8156K(10240K)
[14.140s][info][gc,heap        ] GC(206) ParOldGen: 839984K(955904K)->846998K(955904K)
[14.140s][info][gc,metaspace   ] GC(206) Metaspace: 1856K(1984K)->1856K(1984K) NonClass: 1711K(1728K)->1711K(1728K) Class: 145K(256K)->145K(256K)
[14.140s][info][gc             ] GC(206) Pause Young (Allocation Failure) 1491M->835M(1606M) 3.094ms
[14.140s][info][gc,cpu         ] GC(206) User=0.00s Sys=0.00s Real=0.00s
[14.204s][info][gc,start       ] GC(207) Pause Young (Allocation Failure)
[14.207s][info][gc,heap        ] GC(207) PSYoungGen: 686556K(688640K)->8219K(688640K) Eden: 678400K(678400K)->0K(678400K) From: 8156K(10240K)->8219K(10240K)
[14.207s][info][gc,heap        ] GC(207) ParOldGen: 846998K(955904K)->854706K(955904K)
[14.207s][info][gc,metaspace   ] GC(207) Metaspace: 1856K(1984K)->1856K(1984K) NonClass: 1711K(1728K)->1711K(1728K) Class: 145K(256K)->145K(256K)
[14.207s][info][gc             ] GC(207) Pause Young (Allocation Failure) 1497M->842M(1606M) 2.987ms
[14.207s][info][gc,cpu         ] GC(207) User=0.00s Sys=0.00s Real=0.00s
[14.270s][info][gc,start       ] GC(208) Pause Young (Allocation Failure)
[14.274s][info][gc,heap        ] GC(208) PSYoungGen: 686619K(688640K)->7651K(688640K) Eden: 678400K(678400K)->0K(678400K) From: 8219K(10240K)->7651K(10240K)
[14.274s][info][gc,heap        ] GC(208) ParOldGen: 854706K(955904K)->862142K(955904K)
[14.274s][info][gc,metaspace   ] GC(208) Metaspace: 1856K(1984K)->1856K(1984K) NonClass: 1711K(1728K)->1711K(1728K) Class: 145K(256K)->145K(256K)
[14.274s][info][gc             ] GC(208) Pause Young (Allocation Failure) 1505M->849M(1606M) 3.260ms
[14.274s][info][gc,cpu         ] GC(208) User=0.00s Sys=0.00s Real=0.00s
[14.337s][info][gc,start       ] GC(209) Pause Young (Allocation Failure)
[14.340s][info][gc,heap        ] GC(209) PSYoungGen: 686051K(688640K)->7448K(688640K) Eden: 678400K(678400K)->0K(678400K) From: 7651K(10240K)->7448K(10240K)
[14.340s][info][gc,heap        ] GC(209) ParOldGen: 862142K(955904K)->869609K(955904K)
[14.340s][info][gc,metaspace   ] GC(209) Metaspace: 1856K(1984K)->1856K(1984K) NonClass: 1711K(1728K)->1711K(1728K) Class: 145K(256K)->145K(256K)
[14.340s][info][gc             ] GC(209) Pause Young (Allocation Failure) 1511M->856M(1606M) 3.105ms
[14.340s][info][gc,cpu         ] GC(209) User=0.02s Sys=0.00s Real=0.00s
[14.405s][info][gc,start       ] GC(210) Pause Young (Allocation Failure)
[14.408s][info][gc,heap        ] GC(210) PSYoungGen: 685848K(688640K)->3452K(688640K) Eden: 678400K(678400K)->0K(678400K) From: 7448K(10240K)->3452K(10240K)
[14.408s][info][gc,heap        ] GC(210) ParOldGen: 869609K(955904K)->876879K(955904K)
[14.408s][info][gc,metaspace   ] GC(210) Metaspace: 1856K(1984K)->1856K(1984K) NonClass: 1711K(1728K)->1711K(1728K) Class: 145K(256K)->145K(256K)
[14.408s][info][gc             ] GC(210) Pause Young (Allocation Failure) 1519M->859M(1606M) 3.031ms
[14.408s][info][gc,cpu         ] GC(210) User=0.02s Sys=0.00s Real=0.00s
[14.474s][info][gc,start       ] GC(211) Pause Young (Allocation Failure)
[14.476s][info][gc,heap        ] GC(211) PSYoungGen: 681852K(688640K)->7553K(688640K) Eden: 678400K(678400K)->0K(678400K) From: 3452K(10240K)->7553K(10240K)
[14.476s][info][gc,heap        ] GC(211) ParOldGen: 876879K(955904K)->880250K(955904K)
[14.476s][info][gc,metaspace   ] GC(211) Metaspace: 1856K(1984K)->1856K(1984K) NonClass: 1711K(1728K)->1711K(1728K) Class: 145K(256K)->145K(256K)
[14.476s][info][gc             ] GC(211) Pause Young (Allocation Failure) 1522M->866M(1606M) 2.613ms
[14.476s][info][gc,cpu         ] GC(211) User=0.00s Sys=0.00s Real=0.00s
[14.540s][info][gc,start       ] GC(212) Pause Young (Allocation Failure)
[14.543s][info][gc,heap        ] GC(212) PSYoungGen: 685953K(688640K)->4245K(683008K) Eden: 678400K(678400K)->0K(678400K) From: 7553K(10240K)->4245K(4608K)
[14.543s][info][gc,heap        ] GC(212) ParOldGen: 880250K(955904K)->887536K(955904K)
[14.543s][info][gc,metaspace   ] GC(212) Metaspace: 1856K(1984K)->1856K(1984K) NonClass: 1711K(1728K)->1711K(1728K) Class: 145K(256K)->145K(256K)
[14.543s][info][gc             ] GC(212) Pause Young (Allocation Failure) 1529M->870M(1600M) 2.848ms
[14.543s][info][gc,cpu         ] GC(212) User=0.00s Sys=0.00s Real=0.00s
[14.607s][info][gc,start       ] GC(213) Pause Young (Allocation Failure)
[14.610s][info][gc,heap        ] GC(213) PSYoungGen: 682645K(683008K)->6427K(688640K) Eden: 678400K(678400K)->0K(677888K) From: 4245K(4608K)->6427K(10752K)
[14.610s][info][gc,heap        ] GC(213) ParOldGen: 887536K(955904K)->891359K(955904K)
[14.610s][info][gc,metaspace   ] GC(213) Metaspace: 1856K(1984K)->1856K(1984K) NonClass: 1711K(1728K)->1711K(1728K) Class: 145K(256K)->145K(256K)
[14.610s][info][gc             ] GC(213) Pause Young (Allocation Failure) 1533M->876M(1606M) 2.655ms
[14.610s][info][gc,cpu         ] GC(213) User=0.02s Sys=0.00s Real=0.00s
[14.674s][info][gc,start       ] GC(214) Pause Young (Allocation Failure)
[14.676s][info][gc,heap        ] GC(214) PSYoungGen: 684315K(688640K)->8240K(688128K) Eden: 677888K(677888K)->0K(677888K) From: 6427K(10752K)->8240K(10240K)
[14.676s][info][gc,heap        ] GC(214) ParOldGen: 891359K(955904K)->897119K(955904K)
[14.676s][info][gc,metaspace   ] GC(214) Metaspace: 1856K(1984K)->1856K(1984K) NonClass: 1711K(1728K)->1711K(1728K) Class: 145K(256K)->145K(256K)
[14.676s][info][gc             ] GC(214) Pause Young (Allocation Failure) 1538M->884M(1605M) 2.899ms
[14.677s][info][gc,cpu         ] GC(214) User=0.02s Sys=0.00s Real=0.00s
[14.741s][info][gc,start       ] GC(215) Pause Young (Allocation Failure)
[14.744s][info][gc,heap        ] GC(215) PSYoungGen: 686128K(688128K)->6214K(688128K) Eden: 677888K(677888K)->0K(677888K) From: 8240K(10240K)->6214K(10240K)
[14.744s][info][gc,heap        ] GC(215) ParOldGen: 897119K(955904K)->905213K(955904K)
[14.744s][info][gc,metaspace   ] GC(215) Metaspace: 1856K(1984K)->1856K(1984K) NonClass: 1711K(1728K)->1711K(1728K) Class: 145K(256K)->145K(256K)
[14.744s][info][gc             ] GC(215) Pause Young (Allocation Failure) 1546M->890M(1605M) 3.104ms
[14.744s][info][gc,cpu         ] GC(215) User=0.00s Sys=0.00s Real=0.00s
[14.807s][info][gc,start       ] GC(216) Pause Young (Allocation Failure)
[14.810s][info][gc,heap        ] GC(216) PSYoungGen: 684102K(688128K)->7906K(688128K) Eden: 677888K(677888K)->0K(677888K) From: 6214K(10240K)->7906K(10240K)
[14.810s][info][gc,heap        ] GC(216) ParOldGen: 905213K(955904K)->910996K(955904K)
[14.810s][info][gc,metaspace   ] GC(216) Metaspace: 1856K(1984K)->1856K(1984K) NonClass: 1711K(1728K)->1711K(1728K) Class: 145K(256K)->145K(256K)
[14.810s][info][gc             ] GC(216) Pause Young (Allocation Failure) 1552M->897M(1605M) 2.857ms
[14.810s][info][gc,cpu         ] GC(216) User=0.00s Sys=0.00s Real=0.00s
[14.874s][info][gc,start       ] GC(217) Pause Young (Allocation Failure)
[14.878s][info][gc,heap        ] GC(217) PSYoungGen: 685794K(688128K)->7228K(688640K) Eden: 677888K(677888K)->0K(678400K) From: 7906K(10240K)->7228K(10240K)
[14.878s][info][gc,heap        ] GC(217) ParOldGen: 910996K(955904K)->918733K(955904K)
[14.878s][info][gc,metaspace   ] GC(217) Metaspace: 1856K(1984K)->1856K(1984K) NonClass: 1711K(1728K)->1711K(1728K) Class: 145K(256K)->145K(256K)
[14.878s][info][gc             ] GC(217) Pause Young (Allocation Failure) 1559M->904M(1606M) 3.429ms
[14.878s][info][gc,cpu         ] GC(217) User=0.02s Sys=0.02s Real=0.00s
[14.942s][info][gc,start       ] GC(218) Pause Young (Allocation Failure)
[14.949s][info][gc,heap        ] GC(218) PSYoungGen: 685628K(688640K)->7481K(688640K) Eden: 678400K(678400K)->0K(678400K) From: 7228K(10240K)->7481K(10240K)
[14.949s][info][gc,heap        ] GC(218) ParOldGen: 918733K(955904K)->925844K(955904K)
[14.949s][info][gc,metaspace   ] GC(218) Metaspace: 1856K(1984K)->1856K(1984K) NonClass: 1711K(1728K)->1711K(1728K) Class: 145K(256K)->145K(256K)
[14.949s][info][gc             ] GC(218) Pause Young (Allocation Failure) 1566M->911M(1606M) 6.741ms
[14.949s][info][gc,cpu         ] GC(218) User=0.00s Sys=0.00s Real=0.01s
[15.013s][info][gc,start       ] GC(219) Pause Young (Allocation Failure)
[15.016s][info][gc,heap        ] GC(219) PSYoungGen: 685881K(688640K)->3940K(688640K) Eden: 678400K(678400K)->0K(678400K) From: 7481K(10240K)->3940K(10240K)
[15.016s][info][gc,heap        ] GC(219) ParOldGen: 925844K(955904K)->933224K(955904K)
[15.016s][info][gc,metaspace   ] GC(219) Metaspace: 1856K(1984K)->1856K(1984K) NonClass: 1711K(1728K)->1711K(1728K) Class: 145K(256K)->145K(256K)
[15.016s][info][gc             ] GC(219) Pause Young (Allocation Failure) 1573M->915M(1606M) 3.032ms
[15.016s][info][gc,cpu         ] GC(219) User=0.00s Sys=0.00s Real=0.00s
[15.081s][info][gc,start       ] GC(220) Pause Young (Allocation Failure)
[15.083s][info][gc,heap        ] GC(220) PSYoungGen: 682340K(688640K)->5144K(688640K) Eden: 678400K(678400K)->0K(678400K) From: 3940K(10240K)->5144K(10240K)
[15.083s][info][gc,heap        ] GC(220) ParOldGen: 933224K(955904K)->936901K(955904K)
[15.083s][info][gc,metaspace   ] GC(220) Metaspace: 1856K(1984K)->1856K(1984K) NonClass: 1711K(1728K)->1711K(1728K) Class: 145K(256K)->145K(256K)
[15.083s][info][gc             ] GC(220) Pause Young (Allocation Failure) 1577M->919M(1606M) 2.493ms
[15.083s][info][gc,cpu         ] GC(220) User=0.00s Sys=0.00s Real=0.00s
[15.147s][info][gc,start       ] GC(221) Pause Young (Allocation Failure)
[15.150s][info][gc,heap        ] GC(221) PSYoungGen: 683544K(688640K)->8253K(687616K) Eden: 678400K(678400K)->0K(677376K) From: 5144K(10240K)->8253K(10240K)
[15.150s][info][gc,heap        ] GC(221) ParOldGen: 936901K(955904K)->941856K(955904K)
[15.150s][info][gc,metaspace   ] GC(221) Metaspace: 1856K(1984K)->1856K(1984K) NonClass: 1711K(1728K)->1711K(1728K) Class: 145K(256K)->145K(256K)
[15.150s][info][gc             ] GC(221) Pause Young (Allocation Failure) 1582M->927M(1605M) 3.099ms
[15.151s][info][gc,cpu         ] GC(221) User=0.05s Sys=0.00s Real=0.00s
[15.215s][info][gc,start       ] GC(222) Pause Young (Allocation Failure)
[15.218s][info][gc,heap        ] GC(222) PSYoungGen: 685629K(687616K)->4140K(688128K) Eden: 677376K(677376K)->0K(677376K) From: 8253K(10240K)->4140K(10752K)
[15.218s][info][gc,heap        ] GC(222) ParOldGen: 941856K(955904K)->949897K(955904K)
[15.218s][info][gc,metaspace   ] GC(222) Metaspace: 1856K(1984K)->1856K(1984K) NonClass: 1711K(1728K)->1711K(1728K) Class: 145K(256K)->145K(256K)
[15.218s][info][gc             ] GC(222) Pause Young (Allocation Failure) 1589M->931M(1605M) 3.101ms
[15.218s][info][gc,cpu         ] GC(222) User=0.00s Sys=0.02s Real=0.00s
[15.218s][info][gc,start       ] GC(223) Pause Full (Ergonomics)
[15.218s][info][gc,phases,start] GC(223) Marking Phase
[15.243s][info][gc,phases      ] GC(223) Marking Phase 25.259ms
[15.243s][info][gc,phases,start] GC(223) Summary Phase
[15.243s][info][gc,phases      ] GC(223) Summary Phase 0.023ms
[15.243s][info][gc,phases,start] GC(223) Adjust Roots
[15.244s][info][gc,phases      ] GC(223) Adjust Roots 1.006ms
[15.244s][info][gc,phases,start] GC(223) Compaction Phase
[15.371s][info][gc,phases      ] GC(223) Compaction Phase 126.839ms
[15.371s][info][gc,phases,start] GC(223) Post Compact
[15.373s][info][gc,phases      ] GC(223) Post Compact 1.633ms
[15.374s][info][gc,heap        ] GC(223) PSYoungGen: 4140K(688128K)->0K(688128K) Eden: 0K(677376K)->0K(677376K) From: 4140K(10752K)->0K(10752K)
[15.374s][info][gc,heap        ] GC(223) ParOldGen: 949897K(955904K)->709994K(1286656K)
[15.374s][info][gc,metaspace   ] GC(223) Metaspace: 1856K(1984K)->1856K(1984K) NonClass: 1711K(1728K)->1711K(1728K) Class: 145K(256K)->145K(256K)
[15.374s][info][gc             ] GC(223) Pause Full (Ergonomics) 931M->693M(1928M) 155.879ms
[15.374s][info][gc,cpu         ] GC(223) User=0.89s Sys=0.00s Real=0.16s
[15.437s][info][gc,start       ] GC(224) Pause Young (Allocation Failure)
[15.439s][info][gc,heap        ] GC(224) PSYoungGen: 677376K(688128K)->8444K(688128K) Eden: 677376K(677376K)->0K(677376K) From: 0K(10752K)->8444K(10752K)
[15.439s][info][gc,heap        ] GC(224) ParOldGen: 709994K(1286656K)->709994K(1286656K)
[15.439s][info][gc,metaspace   ] GC(224) Metaspace: 1856K(1984K)->1856K(1984K) NonClass: 1711K(1728K)->1711K(1728K) Class: 145K(256K)->145K(256K)
[15.439s][info][gc             ] GC(224) Pause Young (Allocation Failure) 1354M->701M(1928M) 2.040ms
[15.439s][info][gc,cpu         ] GC(224) User=0.03s Sys=0.00s Real=0.00s
[15.505s][info][gc,start       ] GC(225) Pause Young (Allocation Failure)
[15.508s][info][gc,heap        ] GC(225) PSYoungGen: 685820K(688128K)->7165K(688128K) Eden: 677376K(677376K)->0K(677376K) From: 8444K(10752K)->7165K(10752K)
[15.508s][info][gc,heap        ] GC(225) ParOldGen: 709994K(1286656K)->718186K(1286656K)
[15.508s][info][gc,metaspace   ] GC(225) Metaspace: 1856K(1984K)->1856K(1984K) NonClass: 1711K(1728K)->1711K(1728K) Class: 145K(256K)->145K(256K)
[15.508s][info][gc             ] GC(225) Pause Young (Allocation Failure) 1363M->708M(1928M) 2.740ms
[15.508s][info][gc,cpu         ] GC(225) User=0.00s Sys=0.00s Real=0.00s
[15.571s][info][gc,start       ] GC(226) Pause Young (Allocation Failure)
[15.573s][info][gc,heap        ] GC(226) PSYoungGen: 684541K(688128K)->7305K(688128K) Eden: 677376K(677376K)->0K(677376K) From: 7165K(10752K)->7305K(10752K)
[15.573s][info][gc,heap        ] GC(226) ParOldGen: 718186K(1286656K)->725187K(1286656K)
[15.574s][info][gc,metaspace   ] GC(226) Metaspace: 1856K(1984K)->1856K(1984K) NonClass: 1711K(1728K)->1711K(1728K) Class: 145K(256K)->145K(256K)
[15.574s][info][gc             ] GC(226) Pause Young (Allocation Failure) 1369M->715M(1928M) 2.527ms
[15.574s][info][gc,cpu         ] GC(226) User=0.00s Sys=0.00s Real=0.00s
[15.637s][info][gc,start       ] GC(227) Pause Young (Allocation Failure)
[15.639s][info][gc,heap        ] GC(227) PSYoungGen: 684681K(688128K)->4414K(688128K) Eden: 677376K(677376K)->0K(677376K) From: 7305K(10752K)->4414K(10752K)
[15.639s][info][gc,heap        ] GC(227) ParOldGen: 725187K(1286656K)->732354K(1286656K)
[15.639s][info][gc,metaspace   ] GC(227) Metaspace: 1856K(1984K)->1856K(1984K) NonClass: 1711K(1728K)->1711K(1728K) Class: 145K(256K)->145K(256K)
[15.639s][info][gc             ] GC(227) Pause Young (Allocation Failure) 1376M->719M(1928M) 2.224ms
[15.639s][info][gc,cpu         ] GC(227) User=0.00s Sys=0.00s Real=0.00s
[15.703s][info][gc,start       ] GC(228) Pause Young (Allocation Failure)
[15.705s][info][gc,heap        ] GC(228) PSYoungGen: 681790K(688128K)->7353K(688128K) Eden: 677376K(677376K)->0K(677376K) From: 4414K(10752K)->7353K(10752K)
[15.705s][info][gc,heap        ] GC(228) ParOldGen: 732354K(1286656K)->736630K(1286656K)
[15.705s][info][gc,metaspace   ] GC(228) Metaspace: 1856K(1984K)->1856K(1984K) NonClass: 1711K(1728K)->1711K(1728K) Class: 145K(256K)->145K(256K)
[15.705s][info][gc             ] GC(228) Pause Young (Allocation Failure) 1381M->726M(1928M) 2.290ms
[15.705s][info][gc,cpu         ] GC(228) User=0.03s Sys=0.00s Real=0.00s
[15.769s][info][gc,start       ] GC(229) Pause Young (Allocation Failure)
[15.771s][info][gc,heap        ] GC(229) PSYoungGen: 684729K(688128K)->3932K(688128K) Eden: 677376K(677376K)->0K(677376K) From: 7353K(10752K)->3932K(10752K)
[15.771s][info][gc,heap        ] GC(229) ParOldGen: 736630K(1286656K)->743796K(1286656K)
[15.771s][info][gc,metaspace   ] GC(229) Metaspace: 1856K(1984K)->1856K(1984K) NonClass: 1711K(1728K)->1711K(1728K) Class: 145K(256K)->145K(256K)
[15.771s][info][gc             ] GC(229) Pause Young (Allocation Failure) 1388M->730M(1928M) 2.261ms
[15.771s][info][gc,cpu         ] GC(229) User=0.00s Sys=0.00s Real=0.00s
[15.835s][info][gc,start       ] GC(230) Pause Young (Allocation Failure)
[15.837s][info][gc,heap        ] GC(230) PSYoungGen: 681308K(688128K)->7321K(688128K) Eden: 677376K(677376K)->0K(677376K) From: 3932K(10752K)->7321K(10752K)
[15.837s][info][gc,heap        ] GC(230) ParOldGen: 743796K(1286656K)->747606K(1286656K)
[15.837s][info][gc,metaspace   ] GC(230) Metaspace: 1856K(1984K)->1856K(1984K) NonClass: 1711K(1728K)->1711K(1728K) Class: 145K(256K)->145K(256K)
[15.837s][info][gc             ] GC(230) Pause Young (Allocation Failure) 1391M->737M(1928M) 2.299ms
[15.837s][info][gc,cpu         ] GC(230) User=0.00s Sys=0.00s Real=0.00s
[15.901s][info][gc,start       ] GC(231) Pause Young (Allocation Failure)
[15.904s][info][gc,heap        ] GC(231) PSYoungGen: 684697K(688128K)->6023K(687104K) Eden: 677376K(677376K)->0K(677376K) From: 7321K(10752K)->6023K(9728K)
[15.904s][info][gc,heap        ] GC(231) ParOldGen: 747606K(1286656K)->754807K(1286656K)
[15.904s][info][gc,metaspace   ] GC(231) Metaspace: 1856K(1984K)->1856K(1984K) NonClass: 1711K(1728K)->1711K(1728K) Class: 145K(256K)->145K(256K)
[15.904s][info][gc             ] GC(231) Pause Young (Allocation Failure) 1398M->742M(1927M) 2.612ms
[15.904s][info][gc,cpu         ] GC(231) User=0.00s Sys=0.00s Real=0.00s
[15.967s][info][gc,start       ] GC(232) Pause Young (Allocation Failure)
[15.970s][info][gc,heap        ] GC(232) PSYoungGen: 683399K(687104K)->7973K(687616K) Eden: 677376K(677376K)->0K(677376K) From: 6023K(9728K)->7973K(10240K)
[15.970s][info][gc,heap        ] GC(232) ParOldGen: 754807K(1286656K)->760656K(1286656K)
[15.970s][info][gc,metaspace   ] GC(232) Metaspace: 1856K(1984K)->1856K(1984K) NonClass: 1711K(1728K)->1711K(1728K) Class: 145K(256K)->145K(256K)
[15.970s][info][gc             ] GC(232) Pause Young (Allocation Failure) 1404M->750M(1928M) 3.001ms
[15.970s][info][gc,cpu         ] GC(232) User=0.05s Sys=0.00s Real=0.00s
[16.034s][info][gc,start       ] GC(233) Pause Young (Allocation Failure)
[16.037s][info][gc,heap        ] GC(233) PSYoungGen: 685349K(687616K)->8095K(687616K) Eden: 677376K(677376K)->0K(677376K) From: 7973K(10240K)->8095K(10240K)
[16.037s][info][gc,heap        ] GC(233) ParOldGen: 760656K(1286656K)->768111K(1286656K)
[16.037s][info][gc,metaspace   ] GC(233) Metaspace: 1856K(1984K)->1856K(1984K) NonClass: 1711K(1728K)->1711K(1728K) Class: 145K(256K)->145K(256K)
[16.037s][info][gc             ] GC(233) Pause Young (Allocation Failure) 1412M->758M(1928M) 2.765ms
[16.037s][info][gc,cpu         ] GC(233) User=0.00s Sys=0.00s Real=0.00s
[16.101s][info][gc,start       ] GC(234) Pause Young (Allocation Failure)
[16.103s][info][gc,heap        ] GC(234) PSYoungGen: 685471K(687616K)->6082K(688128K) Eden: 677376K(677376K)->0K(677376K) From: 8095K(10240K)->6082K(10752K)
[16.103s][info][gc,heap        ] GC(234) ParOldGen: 768111K(1286656K)->775340K(1286656K)
[16.103s][info][gc,metaspace   ] GC(234) Metaspace: 1856K(1984K)->1856K(1984K) NonClass: 1711K(1728K)->1711K(1728K) Class: 145K(256K)->145K(256K)
[16.103s][info][gc             ] GC(234) Pause Young (Allocation Failure) 1419M->763M(1928M) 2.524ms
[16.103s][info][gc,cpu         ] GC(234) User=0.02s Sys=0.00s Real=0.00s
[16.167s][info][gc,start       ] GC(235) Pause Young (Allocation Failure)
[16.169s][info][gc,heap        ] GC(235) PSYoungGen: 683458K(688128K)->7425K(688128K) Eden: 677376K(677376K)->0K(677888K) From: 6082K(10752K)->7425K(10240K)
[16.169s][info][gc,heap        ] GC(235) ParOldGen: 775340K(1286656K)->781176K(1286656K)
[16.169s][info][gc,metaspace   ] GC(235) Metaspace: 1856K(1984K)->1856K(1984K) NonClass: 1711K(1728K)->1711K(1728K) Class: 145K(256K)->145K(256K)
[16.169s][info][gc             ] GC(235) Pause Young (Allocation Failure) 1424M->770M(1928M) 2.456ms
[16.169s][info][gc,cpu         ] GC(235) User=0.02s Sys=0.00s Real=0.00s
[16.233s][info][gc,start       ] GC(236) Pause Young (Allocation Failure)
[16.235s][info][gc,heap        ] GC(236) PSYoungGen: 685313K(688128K)->5850K(688128K) Eden: 677888K(677888K)->0K(677888K) From: 7425K(10240K)->5850K(10240K)
[16.235s][info][gc,heap        ] GC(236) ParOldGen: 781176K(1286656K)->788398K(1286656K)
[16.235s][info][gc,metaspace   ] GC(236) Metaspace: 1856K(1984K)->1856K(1984K) NonClass: 1711K(1728K)->1711K(1728K) Class: 145K(256K)->145K(256K)
[16.236s][info][gc             ] GC(236) Pause Young (Allocation Failure) 1432M->775M(1928M) 2.625ms
[16.236s][info][gc,cpu         ] GC(236) User=0.02s Sys=0.00s Real=0.00s
[16.299s][info][gc,start       ] GC(237) Pause Young (Allocation Failure)
[16.304s][info][gc,heap        ] GC(237) PSYoungGen: 683738K(688128K)->6551K(687616K) Eden: 677888K(677888K)->0K(678400K) From: 5850K(10240K)->6551K(9216K)
[16.304s][info][gc,heap        ] GC(237) ParOldGen: 788398K(1286656K)->793870K(1286656K)
[16.304s][info][gc,metaspace   ] GC(237) Metaspace: 1856K(1984K)->1856K(1984K) NonClass: 1711K(1728K)->1711K(1728K) Class: 145K(256K)->145K(256K)
[16.304s][info][gc             ] GC(237) Pause Young (Allocation Failure) 1437M->781M(1928M) 5.345ms
[16.304s][info][gc,cpu         ] GC(237) User=0.00s Sys=0.00s Real=0.00s
[16.368s][info][gc,start       ] GC(238) Pause Young (Allocation Failure)
[16.370s][info][gc,heap        ] GC(238) PSYoungGen: 684951K(687616K)->6112K(688128K) Eden: 678400K(678400K)->0K(678400K) From: 6551K(9216K)->6112K(9728K)
[16.370s][info][gc,heap        ] GC(238) ParOldGen: 793870K(1286656K)->800108K(1286656K)
[16.370s][info][gc,metaspace   ] GC(238) Metaspace: 1856K(1984K)->1856K(1984K) NonClass: 1711K(1728K)->1711K(1728K) Class: 145K(256K)->145K(256K)
[16.370s][info][gc             ] GC(238) Pause Young (Allocation Failure) 1444M->787M(1928M) 2.455ms
[16.370s][info][gc,cpu         ] GC(238) User=0.02s Sys=0.00s Real=0.00s
[16.434s][info][gc,start       ] GC(239) Pause Young (Allocation Failure)
[16.436s][info][gc,heap        ] GC(239) PSYoungGen: 684512K(688128K)->7335K(689152K) Eden: 678400K(678400K)->0K(679424K) From: 6112K(9728K)->7335K(9728K)
[16.436s][info][gc,heap        ] GC(239) ParOldGen: 800108K(1286656K)->806120K(1286656K)
[16.436s][info][gc,metaspace   ] GC(239) Metaspace: 1856K(1984K)->1856K(1984K) NonClass: 1711K(1728K)->1711K(1728K) Class: 145K(256K)->145K(256K)
[16.436s][info][gc             ] GC(239) Pause Young (Allocation Failure) 1449M->794M(1929M) 2.536ms
[16.436s][info][gc,cpu         ] GC(239) User=0.00s Sys=0.00s Real=0.00s
[16.502s][info][gc,start       ] GC(240) Pause Young (Allocation Failure)
[16.505s][info][gc,heap        ] GC(240) PSYoungGen: 686759K(689152K)->7735K(689152K) Eden: 679424K(679424K)->0K(679424K) From: 7335K(9728K)->7735K(9728K)
[16.505s][info][gc,heap        ] GC(240) ParOldGen: 806120K(1286656K)->813322K(1286656K)
[16.505s][info][gc,metaspace   ] GC(240) Metaspace: 1856K(1984K)->1856K(1984K) NonClass: 1711K(1728K)->1711K(1728K) Class: 145K(256K)->145K(256K)
[16.505s][info][gc             ] GC(240) Pause Young (Allocation Failure) 1457M->801M(1929M) 2.937ms
[16.505s][info][gc,cpu         ] GC(240) User=0.00s Sys=0.00s Real=0.00s
[16.568s][info][gc,start       ] GC(241) Pause Young (Allocation Failure)
[16.571s][info][gc,heap        ] GC(241) PSYoungGen: 687159K(689152K)->7540K(689152K) Eden: 679424K(679424K)->0K(679424K) From: 7735K(9728K)->7540K(9728K)
[16.571s][info][gc,heap        ] GC(241) ParOldGen: 813322K(1286656K)->820843K(1286656K)
[16.571s][info][gc,metaspace   ] GC(241) Metaspace: 1856K(1984K)->1856K(1984K) NonClass: 1711K(1728K)->1711K(1728K) Class: 145K(256K)->145K(256K)
[16.571s][info][gc             ] GC(241) Pause Young (Allocation Failure) 1465M->808M(1929M) 2.721ms
[16.571s][info][gc,cpu         ] GC(241) User=0.00s Sys=0.00s Real=0.00s
[16.634s][info][gc,start       ] GC(242) Pause Young (Allocation Failure)
[16.637s][info][gc,heap        ] GC(242) PSYoungGen: 686964K(689152K)->7632K(689152K) Eden: 679424K(679424K)->0K(679424K) From: 7540K(9728K)->7632K(9728K)
[16.637s][info][gc,heap        ] GC(242) ParOldGen: 820843K(1286656K)->828070K(1286656K)
[16.637s][info][gc,metaspace   ] GC(242) Metaspace: 1856K(1984K)->1856K(1984K) NonClass: 1711K(1728K)->1711K(1728K) Class: 145K(256K)->145K(256K)
[16.637s][info][gc             ] GC(242) Pause Young (Allocation Failure) 1472M->816M(1929M) 2.720ms
[16.637s][info][gc,cpu         ] GC(242) User=0.00s Sys=0.00s Real=0.00s
[16.700s][info][gc,start       ] GC(243) Pause Young (Allocation Failure)
[16.703s][info][gc,heap        ] GC(243) PSYoungGen: 687056K(689152K)->5704K(689152K) Eden: 679424K(679424K)->0K(679424K) From: 7632K(9728K)->5704K(9728K)
[16.703s][info][gc,heap        ] GC(243) ParOldGen: 828070K(1286656K)->835572K(1286656K)
[16.703s][info][gc,metaspace   ] GC(243) Metaspace: 1856K(1984K)->1856K(1984K) NonClass: 1711K(1728K)->1711K(1728K) Class: 145K(256K)->145K(256K)
[16.703s][info][gc             ] GC(243) Pause Young (Allocation Failure) 1479M->821M(1929M) 2.702ms
[16.703s][info][gc,cpu         ] GC(243) User=0.02s Sys=0.00s Real=0.00s
[16.767s][info][gc,start       ] GC(244) Pause Young (Allocation Failure)
[16.769s][info][gc,heap        ] GC(244) PSYoungGen: 685128K(689152K)->6361K(689152K) Eden: 679424K(679424K)->0K(679424K) From: 5704K(9728K)->6361K(9728K)
[16.769s][info][gc,heap        ] GC(244) ParOldGen: 835572K(1286656K)->841051K(1286656K)
[16.769s][info][gc,metaspace   ] GC(244) Metaspace: 1856K(1984K)->1856K(1984K) NonClass: 1711K(1728K)->1711K(1728K) Class: 145K(256K)->145K(256K)
[16.769s][info][gc             ] GC(244) Pause Young (Allocation Failure) 1485M->827M(1929M) 2.453ms
[16.769s][info][gc,cpu         ] GC(244) User=0.00s Sys=0.00s Real=0.00s
[16.833s][info][gc,start       ] GC(245) Pause Young (Allocation Failure)
[16.835s][info][gc,heap        ] GC(245) PSYoungGen: 685785K(689152K)->6823K(688128K) Eden: 679424K(679424K)->0K(679424K) From: 6361K(9728K)->6823K(8704K)
[16.835s][info][gc,heap        ] GC(245) ParOldGen: 841051K(1286656K)->847049K(1286656K)
[16.835s][info][gc,metaspace   ] GC(245) Metaspace: 1856K(1984K)->1856K(1984K) NonClass: 1711K(1728K)->1711K(1728K) Class: 145K(256K)->145K(256K)
[16.835s][info][gc             ] GC(245) Pause Young (Allocation Failure) 1491M->833M(1928M) 2.482ms
[16.835s][info][gc,cpu         ] GC(245) User=0.00s Sys=0.00s Real=0.00s
[16.899s][info][gc,start       ] GC(246) Pause Young (Allocation Failure)
[16.902s][info][gc,heap        ] GC(246) PSYoungGen: 686247K(688128K)->6990K(688640K) Eden: 679424K(679424K)->0K(679424K) From: 6823K(8704K)->6990K(9216K)
[16.902s][info][gc,heap        ] GC(246) ParOldGen: 847049K(1286656K)->853722K(1286656K)
[16.902s][info][gc,metaspace   ] GC(246) Metaspace: 1856K(1984K)->1856K(1984K) NonClass: 1711K(1728K)->1711K(1728K) Class: 145K(256K)->145K(256K)
[16.902s][info][gc             ] GC(246) Pause Young (Allocation Failure) 1497M->840M(1929M) 2.741ms
[16.902s][info][gc,cpu         ] GC(246) User=0.00s Sys=0.00s Real=0.00s
[16.966s][info][gc,start       ] GC(247) Pause Young (Allocation Failure)
[16.968s][info][gc,heap        ] GC(247) PSYoungGen: 686414K(688640K)->6595K(689664K) Eden: 679424K(679424K)->0K(680448K) From: 6990K(9216K)->6595K(9216K)
[16.968s][info][gc,heap        ] GC(247) ParOldGen: 853722K(1286656K)->860574K(1286656K)
[16.968s][info][gc,metaspace   ] GC(247) Metaspace: 1856K(1984K)->1856K(1984K) NonClass: 1711K(1728K)->1711K(1728K) Class: 145K(256K)->145K(256K)
[16.968s][info][gc             ] GC(247) Pause Young (Allocation Failure) 1504M->846M(1930M) 2.577ms
[16.968s][info][gc,cpu         ] GC(247) User=0.00s Sys=0.00s Real=0.00s
[17.034s][info][gc,start       ] GC(248) Pause Young (Allocation Failure)
[17.037s][info][gc,heap        ] GC(248) PSYoungGen: 687043K(689664K)->7607K(689664K) Eden: 680448K(680448K)->0K(680448K) From: 6595K(9216K)->7607K(9216K)
[17.037s][info][gc,heap        ] GC(248) ParOldGen: 860574K(1286656K)->866930K(1286656K)
[17.037s][info][gc,metaspace   ] GC(248) Metaspace: 1856K(1984K)->1856K(1984K) NonClass: 1711K(1728K)->1711K(1728K) Class: 145K(256K)->145K(256K)
[17.037s][info][gc             ] GC(248) Pause Young (Allocation Failure) 1511M->854M(1930M) 2.601ms
[17.037s][info][gc,cpu         ] GC(248) User=0.00s Sys=0.00s Real=0.00s
[17.101s][info][gc,start       ] GC(249) Pause Young (Allocation Failure)
[17.103s][info][gc,heap        ] GC(249) PSYoungGen: 688055K(689664K)->6806K(688640K) Eden: 680448K(680448K)->0K(680448K) From: 7607K(9216K)->6806K(8192K)
[17.103s][info][gc,heap        ] GC(249) ParOldGen: 866930K(1286656K)->874254K(1286656K)
[17.103s][info][gc,metaspace   ] GC(249) Metaspace: 1856K(1984K)->1856K(1984K) NonClass: 1711K(1728K)->1711K(1728K) Class: 145K(256K)->145K(256K)
[17.103s][info][gc             ] GC(249) Pause Young (Allocation Failure) 1518M->860M(1929M) 2.731ms
[17.103s][info][gc,cpu         ] GC(249) User=0.00s Sys=0.00s Real=0.00s
[17.167s][info][gc,start       ] GC(250) Pause Young (Allocation Failure)
[17.170s][info][gc,heap        ] GC(250) PSYoungGen: 687254K(688640K)->5820K(689152K) Eden: 680448K(680448K)->0K(680448K) From: 6806K(8192K)->5820K(8704K)
[17.170s][info][gc,heap        ] GC(250) ParOldGen: 874254K(1286656K)->880848K(1286656K)
[17.170s][info][gc,metaspace   ] GC(250) Metaspace: 1856K(1984K)->1856K(1984K) NonClass: 1711K(1728K)->1711K(1728K) Class: 145K(256K)->145K(256K)
[17.170s][info][gc             ] GC(250) Pause Young (Allocation Failure) 1524M->865M(1929M) 2.575ms
[17.170s][info][gc,cpu         ] GC(250) User=0.00s Sys=0.00s Real=0.00s
[17.234s][info][gc,start       ] GC(251) Pause Young (Allocation Failure)
[17.236s][info][gc,heap        ] GC(251) PSYoungGen: 686268K(689152K)->5690K(690176K) Eden: 680448K(680448K)->0K(681472K) From: 5820K(8704K)->5690K(8704K)
[17.236s][info][gc,heap        ] GC(251) ParOldGen: 880848K(1286656K)->886308K(1286656K)
[17.236s][info][gc,metaspace   ] GC(251) Metaspace: 1856K(1984K)->1856K(1984K) NonClass: 1711K(1728K)->1711K(1728K) Class: 145K(256K)->145K(256K)
[17.236s][info][gc             ] GC(251) Pause Young (Allocation Failure) 1530M->871M(1930M) 2.529ms
[17.236s][info][gc,cpu         ] GC(251) User=0.03s Sys=0.00s Real=0.00s
[17.300s][info][gc,start       ] GC(252) Pause Young (Allocation Failure)
[17.302s][info][gc,heap        ] GC(252) PSYoungGen: 687162K(690176K)->5880K(690176K) Eden: 681472K(681472K)->0K(681472K) From: 5690K(8704K)->5880K(8704K)
[17.302s][info][gc,heap        ] GC(252) ParOldGen: 886308K(1286656K)->891547K(1286656K)
[17.302s][info][gc,metaspace   ] GC(252) Metaspace: 1856K(1984K)->1856K(1984K) NonClass: 1711K(1728K)->1711K(1728K) Class: 145K(256K)->145K(256K)
[17.302s][info][gc             ] GC(252) Pause Young (Allocation Failure) 1536M->876M(1930M) 2.347ms
[17.302s][info][gc,cpu         ] GC(252) User=0.00s Sys=0.00s Real=0.00s
[17.366s][info][gc,start       ] GC(253) Pause Young (Allocation Failure)
[17.369s][info][gc,heap        ] GC(253) PSYoungGen: 687352K(690176K)->7739K(689152K) Eden: 681472K(681472K)->0K(680448K) From: 5880K(8704K)->7739K(8704K)
[17.369s][info][gc,heap        ] GC(253) ParOldGen: 891547K(1286656K)->897160K(1286656K)
[17.369s][info][gc,metaspace   ] GC(253) Metaspace: 1856K(1984K)->1856K(1984K) NonClass: 1711K(1728K)->1711K(1728K) Class: 145K(256K)->145K(256K)
[17.369s][info][gc             ] GC(253) Pause Young (Allocation Failure) 1541M->883M(1929M) 2.779ms
[17.369s][info][gc,cpu         ] GC(253) User=0.00s Sys=0.00s Real=0.00s
[17.433s][info][gc,start       ] GC(254) Pause Young (Allocation Failure)
[17.436s][info][gc,heap        ] GC(254) PSYoungGen: 688187K(689152K)->5741K(689664K) Eden: 680448K(680448K)->0K(680448K) From: 7739K(8704K)->5741K(9216K)
[17.436s][info][gc,heap        ] GC(254) ParOldGen: 897160K(1286656K)->904349K(1286656K)
[17.436s][info][gc,metaspace   ] GC(254) Metaspace: 1856K(1984K)->1856K(1984K) NonClass: 1711K(1728K)->1711K(1728K) Class: 145K(256K)->145K(256K)
[17.436s][info][gc             ] GC(254) Pause Young (Allocation Failure) 1548M->888M(1930M) 2.570ms
[17.436s][info][gc,cpu         ] GC(254) User=0.00s Sys=0.02s Real=0.00s
[17.501s][info][gc,start       ] GC(255) Pause Young (Allocation Failure)
[17.503s][info][gc,heap        ] GC(255) PSYoungGen: 686189K(689664K)->7053K(689664K) Eden: 680448K(680448K)->0K(680448K) From: 5741K(9216K)->7053K(9216K)
[17.503s][info][gc,heap        ] GC(255) ParOldGen: 904349K(1286656K)->909970K(1286656K)
[17.503s][info][gc,metaspace   ] GC(255) Metaspace: 1856K(1984K)->1856K(1984K) NonClass: 1711K(1728K)->1711K(1728K) Class: 145K(256K)->145K(256K)
[17.503s][info][gc             ] GC(255) Pause Young (Allocation Failure) 1553M->895M(1930M) 2.848ms
[17.503s][info][gc,cpu         ] GC(255) User=0.00s Sys=0.00s Real=0.00s
[17.568s][info][gc,start       ] GC(256) Pause Young (Allocation Failure)
[17.570s][info][gc,heap        ] GC(256) PSYoungGen: 687501K(689664K)->5358K(689664K) Eden: 680448K(680448K)->0K(680448K) From: 7053K(9216K)->5358K(9216K)
[17.570s][info][gc,heap        ] GC(256) ParOldGen: 909970K(1286656K)->916417K(1286656K)
[17.571s][info][gc,metaspace   ] GC(256) Metaspace: 1856K(1984K)->1856K(1984K) NonClass: 1711K(1728K)->1711K(1728K) Class: 145K(256K)->145K(256K)
[17.571s][info][gc             ] GC(256) Pause Young (Allocation Failure) 1560M->900M(1930M) 2.574ms
[17.571s][info][gc,cpu         ] GC(256) User=0.00s Sys=0.00s Real=0.00s
[17.634s][info][gc,start       ] GC(257) Pause Young (Allocation Failure)
[17.637s][info][gc,heap        ] GC(257) PSYoungGen: 685806K(689664K)->7787K(689664K) Eden: 680448K(680448K)->0K(680448K) From: 5358K(9216K)->7787K(9216K)
[17.637s][info][gc,heap        ] GC(257) ParOldGen: 916417K(1286656K)->921303K(1286656K)
[17.637s][info][gc,metaspace   ] GC(257) Metaspace: 1856K(1984K)->1856K(1984K) NonClass: 1711K(1728K)->1711K(1728K) Class: 145K(256K)->145K(256K)
[17.637s][info][gc             ] GC(257) Pause Young (Allocation Failure) 1564M->907M(1930M) 2.658ms
[17.637s][info][gc,cpu         ] GC(257) User=0.00s Sys=0.00s Real=0.00s
[17.701s][info][gc,start       ] GC(258) Pause Young (Allocation Failure)
[17.704s][info][gc,heap        ] GC(258) PSYoungGen: 688235K(689664K)->7762K(689664K) Eden: 680448K(680448K)->0K(680448K) From: 7787K(9216K)->7762K(9216K)
[17.704s][info][gc,heap        ] GC(258) ParOldGen: 921303K(1286656K)->928638K(1286656K)
[17.704s][info][gc,metaspace   ] GC(258) Metaspace: 1856K(1984K)->1856K(1984K) NonClass: 1711K(1728K)->1711K(1728K) Class: 145K(256K)->145K(256K)
[17.704s][info][gc             ] GC(258) Pause Young (Allocation Failure) 1571M->914M(1930M) 3.057ms
[17.704s][info][gc,cpu         ] GC(258) User=0.02s Sys=0.00s Real=0.00s
[17.768s][info][gc,start       ] GC(259) Pause Young (Allocation Failure)
[17.771s][info][gc,heap        ] GC(259) PSYoungGen: 688210K(689664K)->7805K(688640K) Eden: 680448K(680448K)->0K(679424K) From: 7762K(9216K)->7805K(9216K)
[17.771s][info][gc,heap        ] GC(259) ParOldGen: 928638K(1286656K)->936052K(1286656K)
[17.771s][info][gc,metaspace   ] GC(259) Metaspace: 1856K(1984K)->1856K(1984K) NonClass: 1711K(1728K)->1711K(1728K) Class: 145K(256K)->145K(256K)
[17.771s][info][gc             ] GC(259) Pause Young (Allocation Failure) 1578M->921M(1929M) 3.105ms
[17.771s][info][gc,cpu         ] GC(259) User=0.02s Sys=0.00s Real=0.00s
[17.835s][info][gc,start       ] GC(260) Pause Young (Allocation Failure)
[17.837s][info][gc,heap        ] GC(260) PSYoungGen: 687229K(688640K)->3936K(689152K) Eden: 679424K(679424K)->0K(679424K) From: 7805K(9216K)->3936K(9728K)
[17.837s][info][gc,heap        ] GC(260) ParOldGen: 936052K(1286656K)->943764K(1286656K)
[17.837s][info][gc,metaspace   ] GC(260) Metaspace: 1856K(1984K)->1856K(1984K) NonClass: 1711K(1728K)->1711K(1728K) Class: 145K(256K)->145K(256K)
[17.837s][info][gc             ] GC(260) Pause Young (Allocation Failure) 1585M->925M(1929M) 2.655ms
[17.837s][info][gc,cpu         ] GC(260) User=0.00s Sys=0.00s Real=0.00s
[17.901s][info][gc,start       ] GC(261) Pause Young (Allocation Failure)
[17.903s][info][gc,heap        ] GC(261) PSYoungGen: 683360K(689152K)->6632K(689152K) Eden: 679424K(679424K)->0K(679424K) From: 3936K(9728K)->6632K(9728K)
[17.903s][info][gc,heap        ] GC(261) ParOldGen: 943764K(1286656K)->947578K(1286656K)
[17.903s][info][gc,metaspace   ] GC(261) Metaspace: 1856K(1984K)->1856K(1984K) NonClass: 1711K(1728K)->1711K(1728K) Class: 145K(256K)->145K(256K)
[17.903s][info][gc             ] GC(261) Pause Young (Allocation Failure) 1588M->931M(1929M) 2.446ms
[17.903s][info][gc,cpu         ] GC(261) User=0.02s Sys=0.00s Real=0.00s
[17.967s][info][gc,start       ] GC(262) Pause Young (Allocation Failure)
[17.970s][info][gc,heap        ] GC(262) PSYoungGen: 686056K(689152K)->7371K(689152K) Eden: 679424K(679424K)->0K(679424K) From: 6632K(9728K)->7371K(9728K)
[17.970s][info][gc,heap        ] GC(262) ParOldGen: 947578K(1286656K)->954068K(1286656K)
[17.970s][info][gc,metaspace   ] GC(262) Metaspace: 1856K(1984K)->1856K(1984K) NonClass: 1711K(1728K)->1711K(1728K) Class: 145K(256K)->145K(256K)
[17.970s][info][gc             ] GC(262) Pause Young (Allocation Failure) 1595M->938M(1929M) 2.842ms
[17.970s][info][gc,cpu         ] GC(262) User=0.02s Sys=0.00s Real=0.00s
[18.036s][info][gc,start       ] GC(263) Pause Young (Allocation Failure)
[18.039s][info][gc,heap        ] GC(263) PSYoungGen: 686795K(689152K)->7665K(689152K) Eden: 679424K(679424K)->0K(679424K) From: 7371K(9728K)->7665K(9728K)
[18.039s][info][gc,heap        ] GC(263) ParOldGen: 954068K(1286656K)->961298K(1286656K)
[18.039s][info][gc,metaspace   ] GC(263) Metaspace: 1856K(1984K)->1856K(1984K) NonClass: 1711K(1728K)->1711K(1728K) Class: 145K(256K)->145K(256K)
[18.039s][info][gc             ] GC(263) Pause Young (Allocation Failure) 1602M->946M(1929M) 3.067ms
[18.039s][info][gc,cpu         ] GC(263) User=0.00s Sys=0.00s Real=0.00s
[18.103s][info][gc,start       ] GC(264) Pause Young (Allocation Failure)
[18.106s][info][gc,heap        ] GC(264) PSYoungGen: 687089K(689152K)->8092K(689152K) Eden: 679424K(679424K)->0K(679424K) From: 7665K(9728K)->8092K(9728K)
[18.106s][info][gc,heap        ] GC(264) ParOldGen: 961298K(1286656K)->968846K(1286656K)
[18.106s][info][gc,metaspace   ] GC(264) Metaspace: 1866K(2048K)->1866K(2048K) NonClass: 1720K(1792K)->1720K(1792K) Class: 146K(256K)->146K(256K)
[18.106s][info][gc             ] GC(264) Pause Young (Allocation Failure) 1609M->954M(1929M) 3.362ms
[18.106s][info][gc,cpu         ] GC(264) User=0.00s Sys=0.00s Real=0.00s
[18.170s][info][gc,start       ] GC(265) Pause Young (Allocation Failure)
[18.173s][info][gc,heap        ] GC(265) PSYoungGen: 687516K(689152K)->7921K(688128K) Eden: 679424K(679424K)->0K(678400K) From: 8092K(9728K)->7921K(9728K)
[18.173s][info][gc,heap        ] GC(265) ParOldGen: 968846K(1286656K)->976267K(1286656K)
[18.173s][info][gc,metaspace   ] GC(265) Metaspace: 1866K(2048K)->1866K(2048K) NonClass: 1720K(1792K)->1720K(1792K) Class: 146K(256K)->146K(256K)
[18.173s][info][gc             ] GC(265) Pause Young (Allocation Failure) 1617M->961M(1928M) 3.058ms
[18.173s][info][gc,cpu         ] GC(265) User=0.03s Sys=0.00s Real=0.00s
[18.237s][info][gc,start       ] GC(266) Pause Young (Allocation Failure)
[18.240s][info][gc,heap        ] GC(266) PSYoungGen: 686321K(688128K)->7243K(688640K) Eden: 678400K(678400K)->0K(678400K) From: 7921K(9728K)->7243K(10240K)
[18.240s][info][gc,heap        ] GC(266) ParOldGen: 976267K(1286656K)->983944K(1286656K)
[18.240s][info][gc,metaspace   ] GC(266) Metaspace: 1866K(2048K)->1866K(2048K) NonClass: 1720K(1792K)->1720K(1792K) Class: 146K(256K)->146K(256K)
[18.240s][info][gc             ] GC(266) Pause Young (Allocation Failure) 1623M->967M(1929M) 3.354ms
[18.240s][info][gc,cpu         ] GC(266) User=0.08s Sys=0.00s Real=0.00s
[18.304s][info][gc,start       ] GC(267) Pause Young (Allocation Failure)
[18.307s][info][gc,heap        ] GC(267) PSYoungGen: 685643K(688640K)->5571K(688640K) Eden: 678400K(678400K)->0K(678912K) From: 7243K(10240K)->5571K(9728K)
[18.307s][info][gc,heap        ] GC(267) ParOldGen: 983944K(1286656K)->990902K(1286656K)
[18.307s][info][gc,metaspace   ] GC(267) Metaspace: 1866K(2048K)->1866K(2048K) NonClass: 1720K(1792K)->1720K(1792K) Class: 146K(256K)->146K(256K)
[18.307s][info][gc             ] GC(267) Pause Young (Allocation Failure) 1630M->973M(1929M) 2.969ms
[18.307s][info][gc,cpu         ] GC(267) User=0.00s Sys=0.00s Real=0.00s
[18.370s][info][gc,start       ] GC(268) Pause Young (Allocation Failure)
[18.373s][info][gc,heap        ] GC(268) PSYoungGen: 684483K(688640K)->7728K(688640K) Eden: 678912K(678912K)->0K(678912K) From: 5571K(9728K)->7728K(9728K)
[18.373s][info][gc,heap        ] GC(268) ParOldGen: 990902K(1286656K)->996318K(1286656K)
[18.373s][info][gc,metaspace   ] GC(268) Metaspace: 1866K(2048K)->1866K(2048K) NonClass: 1720K(1792K)->1720K(1792K) Class: 146K(256K)->146K(256K)
[18.373s][info][gc             ] GC(268) Pause Young (Allocation Failure) 1636M->980M(1929M) 2.919ms
[18.373s][info][gc,cpu         ] GC(268) User=0.03s Sys=0.00s Real=0.00s
[18.437s][info][gc,start       ] GC(269) Pause Young (Allocation Failure)
[18.441s][info][gc,heap        ] GC(269) PSYoungGen: 686640K(688640K)->7808K(689152K) Eden: 678912K(678912K)->0K(679424K) From: 7728K(9728K)->7808K(9728K)
[18.441s][info][gc,heap        ] GC(269) ParOldGen: 996318K(1286656K)->1003777K(1286656K)
[18.441s][info][gc,metaspace   ] GC(269) Metaspace: 1866K(2048K)->1866K(2048K) NonClass: 1720K(1792K)->1720K(1792K) Class: 146K(256K)->146K(256K)
[18.441s][info][gc             ] GC(269) Pause Young (Allocation Failure) 1643M->987M(1929M) 3.748ms
[18.441s][info][gc,cpu         ] GC(269) User=0.06s Sys=0.00s Real=0.00s
[18.505s][info][gc,start       ] GC(270) Pause Young (Allocation Failure)
[18.509s][info][gc,heap        ] GC(270) PSYoungGen: 687232K(689152K)->7278K(689152K) Eden: 679424K(679424K)->0K(679424K) From: 7808K(9728K)->7278K(9728K)
[18.509s][info][gc,heap        ] GC(270) ParOldGen: 1003777K(1286656K)->1011369K(1286656K)
[18.509s][info][gc,metaspace   ] GC(270) Metaspace: 1866K(2048K)->1866K(2048K) NonClass: 1720K(1792K)->1720K(1792K) Class: 146K(256K)->146K(256K)
[18.509s][info][gc             ] GC(270) Pause Young (Allocation Failure) 1651M->994M(1929M) 3.504ms
[18.509s][info][gc,cpu         ] GC(270) User=0.00s Sys=0.00s Real=0.00s
[18.573s][info][gc,start       ] GC(271) Pause Young (Allocation Failure)
[18.576s][info][gc,heap        ] GC(271) PSYoungGen: 686702K(689152K)->7363K(689152K) Eden: 679424K(679424K)->0K(679424K) From: 7278K(9728K)->7363K(9728K)
[18.576s][info][gc,heap        ] GC(271) ParOldGen: 1011369K(1286656K)->1018418K(1286656K)
[18.576s][info][gc,metaspace   ] GC(271) Metaspace: 1866K(2048K)->1866K(2048K) NonClass: 1720K(1792K)->1720K(1792K) Class: 146K(256K)->146K(256K)
[18.576s][info][gc             ] GC(271) Pause Young (Allocation Failure) 1658M->1001M(1929M) 3.066ms
[18.576s][info][gc,cpu         ] GC(271) User=0.00s Sys=0.00s Real=0.00s
[18.640s][info][gc,start       ] GC(272) Pause Young (Allocation Failure)
[18.643s][info][gc,heap        ] GC(272) PSYoungGen: 686787K(689152K)->7621K(689152K) Eden: 679424K(679424K)->0K(679424K) From: 7363K(9728K)->7621K(9728K)
[18.643s][info][gc,heap        ] GC(272) ParOldGen: 1018418K(1286656K)->1025473K(1286656K)
[18.643s][info][gc,metaspace   ] GC(272) Metaspace: 1866K(2048K)->1866K(2048K) NonClass: 1720K(1792K)->1720K(1792K) Class: 146K(256K)->146K(256K)
[18.643s][info][gc             ] GC(272) Pause Young (Allocation Failure) 1665M->1008M(1929M) 3.122ms
[18.643s][info][gc,cpu         ] GC(272) User=0.00s Sys=0.00s Real=0.00s
[18.707s][info][gc,start       ] GC(273) Pause Young (Allocation Failure)
[18.710s][info][gc,heap        ] GC(273) PSYoungGen: 687045K(689152K)->6919K(688128K) Eden: 679424K(679424K)->0K(679424K) From: 7621K(9728K)->6919K(8704K)
[18.710s][info][gc,heap        ] GC(273) ParOldGen: 1025473K(1286656K)->1032679K(1286656K)
[18.710s][info][gc,metaspace   ] GC(273) Metaspace: 1866K(2048K)->1866K(2048K) NonClass: 1720K(1792K)->1720K(1792K) Class: 146K(256K)->146K(256K)
[18.710s][info][gc             ] GC(273) Pause Young (Allocation Failure) 1672M->1015M(1928M) 3.210ms
[18.710s][info][gc,cpu         ] GC(273) User=0.00s Sys=0.00s Real=0.00s
[18.774s][info][gc,start       ] GC(274) Pause Young (Allocation Failure)
[18.777s][info][gc,heap        ] GC(274) PSYoungGen: 686343K(688128K)->7269K(688640K) Eden: 679424K(679424K)->0K(679424K) From: 6919K(8704K)->7269K(9216K)
[18.777s][info][gc,heap        ] GC(274) ParOldGen: 1032679K(1286656K)->1039409K(1286656K)
[18.777s][info][gc,metaspace   ] GC(274) Metaspace: 1866K(2048K)->1866K(2048K) NonClass: 1720K(1792K)->1720K(1792K) Class: 146K(256K)->146K(256K)
[18.777s][info][gc             ] GC(274) Pause Young (Allocation Failure) 1678M->1022M(1929M) 3.250ms
[18.777s][info][gc,cpu         ] GC(274) User=0.03s Sys=0.00s Real=0.00s
[18.841s][info][gc,start       ] GC(275) Pause Young (Allocation Failure)
[18.844s][info][gc,heap        ] GC(275) PSYoungGen: 686693K(688640K)->5468K(689664K) Eden: 679424K(679424K)->0K(680448K) From: 7269K(9216K)->5468K(9216K)
[18.844s][info][gc,heap        ] GC(275) ParOldGen: 1039409K(1286656K)->1046526K(1286656K)
[18.844s][info][gc,metaspace   ] GC(275) Metaspace: 1866K(2048K)->1866K(2048K) NonClass: 1720K(1792K)->1720K(1792K) Class: 146K(256K)->146K(256K)
[18.844s][info][gc             ] GC(275) Pause Young (Allocation Failure) 1685M->1027M(1930M) 3.224ms
[18.844s][info][gc,cpu         ] GC(275) User=0.02s Sys=0.00s Real=0.00s
[18.908s][info][gc,start       ] GC(276) Pause Young (Allocation Failure)
[18.911s][info][gc,heap        ] GC(276) PSYoungGen: 685916K(689664K)->7439K(689664K) Eden: 680448K(680448K)->0K(680448K) From: 5468K(9216K)->7439K(9216K)
[18.911s][info][gc,heap        ] GC(276) ParOldGen: 1046526K(1286656K)->1051901K(1286656K)
[18.911s][info][gc,metaspace   ] GC(276) Metaspace: 1866K(2048K)->1866K(2048K) NonClass: 1720K(1792K)->1720K(1792K) Class: 146K(256K)->146K(256K)
[18.911s][info][gc             ] GC(276) Pause Young (Allocation Failure) 1691M->1034M(1930M) 2.978ms
[18.911s][info][gc,cpu         ] GC(276) User=0.00s Sys=0.00s Real=0.00s
[18.975s][info][gc,start       ] GC(277) Pause Young (Allocation Failure)
[18.978s][info][gc,heap        ] GC(277) PSYoungGen: 687887K(689664K)->4026K(688640K) Eden: 680448K(680448K)->0K(679424K) From: 7439K(9216K)->4026K(9216K)
[18.978s][info][gc,heap        ] GC(277) ParOldGen: 1051901K(1286656K)->1059218K(1286656K)
[18.978s][info][gc,metaspace   ] GC(277) Metaspace: 1866K(2048K)->1866K(2048K) NonClass: 1720K(1792K)->1720K(1792K) Class: 146K(256K)->146K(256K)
[18.978s][info][gc             ] GC(277) Pause Young (Allocation Failure) 1699M->1038M(1929M) 2.981ms
[18.978s][info][gc,cpu         ] GC(277) User=0.00s Sys=0.00s Real=0.00s
[19.044s][info][gc,start       ] GC(278) Pause Young (Allocation Failure)
[19.050s][info][gc,heap        ] GC(278) PSYoungGen: 683450K(688640K)->8002K(689152K) Eden: 679424K(679424K)->0K(679424K) From: 4026K(9216K)->8002K(9728K)
[19.050s][info][gc,heap        ] GC(278) ParOldGen: 1059218K(1286656K)->1063055K(1286656K)
[19.050s][info][gc,metaspace   ] GC(278) Metaspace: 1866K(2048K)->1866K(2048K) NonClass: 1720K(1792K)->1720K(1792K) Class: 146K(256K)->146K(256K)
[19.050s][info][gc             ] GC(278) Pause Young (Allocation Failure) 1701M->1045M(1929M) 6.084ms
[19.050s][info][gc,cpu         ] GC(278) User=0.00s Sys=0.00s Real=0.01s
[19.115s][info][gc,start       ] GC(279) Pause Young (Allocation Failure)
[19.118s][info][gc,heap        ] GC(279) PSYoungGen: 687426K(689152K)->7467K(689152K) Eden: 679424K(679424K)->0K(679424K) From: 8002K(9728K)->7467K(9728K)
[19.118s][info][gc,heap        ] GC(279) ParOldGen: 1063055K(1286656K)->1070739K(1286656K)
[19.118s][info][gc,metaspace   ] GC(279) Metaspace: 1866K(2048K)->1866K(2048K) NonClass: 1720K(1792K)->1720K(1792K) Class: 146K(256K)->146K(256K)
[19.118s][info][gc             ] GC(279) Pause Young (Allocation Failure) 1709M->1052M(1929M) 3.217ms
[19.118s][info][gc,cpu         ] GC(279) User=0.02s Sys=0.00s Real=0.00s
[19.182s][info][gc,start       ] GC(280) Pause Young (Allocation Failure)
[19.185s][info][gc,heap        ] GC(280) PSYoungGen: 686891K(689152K)->7514K(689152K) Eden: 679424K(679424K)->0K(679424K) From: 7467K(9728K)->7514K(9728K)
[19.185s][info][gc,heap        ] GC(280) ParOldGen: 1070739K(1286656K)->1078027K(1286656K)
[19.185s][info][gc,metaspace   ] GC(280) Metaspace: 1866K(2048K)->1866K(2048K) NonClass: 1720K(1792K)->1720K(1792K) Class: 146K(256K)->146K(256K)
[19.185s][info][gc             ] GC(280) Pause Young (Allocation Failure) 1716M->1060M(1929M) 3.254ms
[19.185s][info][gc,cpu         ] GC(280) User=0.00s Sys=0.00s Real=0.00s
[19.249s][info][gc,start       ] GC(281) Pause Young (Allocation Failure)
[19.252s][info][gc,heap        ] GC(281) PSYoungGen: 686938K(689152K)->7630K(689152K) Eden: 679424K(679424K)->0K(679424K) From: 7514K(9728K)->7630K(9728K)
[19.252s][info][gc,heap        ] GC(281) ParOldGen: 1078027K(1286656K)->1085352K(1286656K)
[19.252s][info][gc,metaspace   ] GC(281) Metaspace: 1866K(2048K)->1866K(2048K) NonClass: 1720K(1792K)->1720K(1792K) Class: 146K(256K)->146K(256K)
[19.252s][info][gc             ] GC(281) Pause Young (Allocation Failure) 1723M->1067M(1929M) 3.245ms
[19.252s][info][gc,cpu         ] GC(281) User=0.03s Sys=0.00s Real=0.00s
[19.316s][info][gc,start       ] GC(282) Pause Young (Allocation Failure)
[19.319s][info][gc,heap        ] GC(282) PSYoungGen: 687054K(689152K)->7522K(689152K) Eden: 679424K(679424K)->0K(679424K) From: 7630K(9728K)->7522K(9728K)
[19.319s][info][gc,heap        ] GC(282) ParOldGen: 1085352K(1286656K)->1092801K(1286656K)
[19.319s][info][gc,metaspace   ] GC(282) Metaspace: 1866K(2048K)->1866K(2048K) NonClass: 1720K(1792K)->1720K(1792K) Class: 146K(256K)->146K(256K)
[19.319s][info][gc             ] GC(282) Pause Young (Allocation Failure) 1730M->1074M(1929M) 3.287ms
[19.319s][info][gc,cpu         ] GC(282) User=0.00s Sys=0.00s Real=0.00s
[19.383s][info][gc,start       ] GC(283) Pause Young (Allocation Failure)
[19.386s][info][gc,heap        ] GC(283) PSYoungGen: 686946K(689152K)->7639K(689152K) Eden: 679424K(679424K)->0K(679424K) From: 7522K(9728K)->7639K(9728K)
[19.386s][info][gc,heap        ] GC(283) ParOldGen: 1092801K(1286656K)->1100023K(1286656K)
[19.386s][info][gc,metaspace   ] GC(283) Metaspace: 1866K(2048K)->1866K(2048K) NonClass: 1720K(1792K)->1720K(1792K) Class: 146K(256K)->146K(256K)
[19.386s][info][gc             ] GC(283) Pause Young (Allocation Failure) 1738M->1081M(1929M) 3.425ms
[19.386s][info][gc,cpu         ] GC(283) User=0.00s Sys=0.00s Real=0.00s
[19.450s][info][gc,start       ] GC(284) Pause Young (Allocation Failure)
[19.453s][info][gc,heap        ] GC(284) PSYoungGen: 687063K(689152K)->6776K(689152K) Eden: 679424K(679424K)->0K(679424K) From: 7639K(9728K)->6776K(9728K)
[19.453s][info][gc,heap        ] GC(284) ParOldGen: 1100023K(1286656K)->1107305K(1286656K)
[19.453s][info][gc,metaspace   ] GC(284) Metaspace: 1866K(2048K)->1866K(2048K) NonClass: 1720K(1792K)->1720K(1792K) Class: 146K(256K)->146K(256K)
[19.453s][info][gc             ] GC(284) Pause Young (Allocation Failure) 1745M->1087M(1929M) 3.264ms
[19.453s][info][gc,cpu         ] GC(284) User=0.02s Sys=0.00s Real=0.00s
[19.518s][info][gc,start       ] GC(285) Pause Young (Allocation Failure)
[19.521s][info][gc,heap        ] GC(285) PSYoungGen: 686200K(689152K)->3891K(689152K) Eden: 679424K(679424K)->0K(679424K) From: 6776K(9728K)->3891K(9728K)
[19.521s][info][gc,heap        ] GC(285) ParOldGen: 1107305K(1286656K)->1113919K(1286656K)
[19.521s][info][gc,metaspace   ] GC(285) Metaspace: 1866K(2048K)->1866K(2048K) NonClass: 1720K(1792K)->1720K(1792K) Class: 146K(256K)->146K(256K)
[19.521s][info][gc             ] GC(285) Pause Young (Allocation Failure) 1751M->1091M(1929M) 3.431ms
[19.521s][info][gc,cpu         ] GC(285) User=0.00s Sys=0.00s Real=0.00s
[19.585s][info][gc,start       ] GC(286) Pause Young (Allocation Failure)
[19.588s][info][gc,heap        ] GC(286) PSYoungGen: 683315K(689152K)->7458K(689152K) Eden: 679424K(679424K)->0K(679424K) From: 3891K(9728K)->7458K(9728K)
[19.588s][info][gc,heap        ] GC(286) ParOldGen: 1113919K(1286656K)->1117572K(1286656K)
[19.588s][info][gc,metaspace   ] GC(286) Metaspace: 1866K(2048K)->1866K(2048K) NonClass: 1720K(1792K)->1720K(1792K) Class: 146K(256K)->146K(256K)
[19.588s][info][gc             ] GC(286) Pause Young (Allocation Failure) 1755M->1098M(1929M) 2.788ms
[19.588s][info][gc,cpu         ] GC(286) User=0.00s Sys=0.00s Real=0.00s
[19.651s][info][gc,start       ] GC(287) Pause Young (Allocation Failure)
[19.654s][info][gc,heap        ] GC(287) PSYoungGen: 686882K(689152K)->3713K(688128K) Eden: 679424K(679424K)->0K(678400K) From: 7458K(9728K)->3713K(9728K)
[19.654s][info][gc,heap        ] GC(287) ParOldGen: 1117572K(1286656K)->1124750K(1286656K)
[19.654s][info][gc,metaspace   ] GC(287) Metaspace: 1866K(2048K)->1866K(2048K) NonClass: 1720K(1792K)->1720K(1792K) Class: 146K(256K)->146K(256K)
[19.654s][info][gc             ] GC(287) Pause Young (Allocation Failure) 1762M->1102M(1928M) 3.049ms
[19.654s][info][gc,cpu         ] GC(287) User=0.02s Sys=0.00s Real=0.00s
[19.717s][info][gc,start       ] GC(288) Pause Young (Allocation Failure)
[19.720s][info][gc,heap        ] GC(288) PSYoungGen: 682113K(688128K)->7170K(688640K) Eden: 678400K(678400K)->0K(678400K) From: 3713K(9728K)->7170K(10240K)
[19.720s][info][gc,heap        ] GC(288) ParOldGen: 1124750K(1286656K)->1128219K(1286656K)
[19.720s][info][gc,metaspace   ] GC(288) Metaspace: 1866K(2048K)->1866K(2048K) NonClass: 1720K(1792K)->1720K(1792K) Class: 146K(256K)->146K(256K)
[19.720s][info][gc             ] GC(288) Pause Young (Allocation Failure) 1764M->1108M(1929M) 2.848ms
[19.720s][info][gc,cpu         ] GC(288) User=0.02s Sys=0.00s Real=0.00s
[19.783s][info][gc,start       ] GC(289) Pause Young (Allocation Failure)
[19.787s][info][gc,heap        ] GC(289) PSYoungGen: 685570K(688640K)->7157K(688640K) Eden: 678400K(678400K)->0K(678912K) From: 7170K(10240K)->7157K(9728K)
[19.787s][info][gc,heap        ] GC(289) ParOldGen: 1128219K(1286656K)->1135269K(1286656K)
[19.787s][info][gc,metaspace   ] GC(289) Metaspace: 1866K(2048K)->1866K(2048K) NonClass: 1720K(1792K)->1720K(1792K) Class: 146K(256K)->146K(256K)
[19.787s][info][gc             ] GC(289) Pause Young (Allocation Failure) 1771M->1115M(1929M) 3.203ms
[19.787s][info][gc,cpu         ] GC(289) User=0.02s Sys=0.00s Real=0.00s
[19.850s][info][gc,start       ] GC(290) Pause Young (Allocation Failure)
[19.853s][info][gc,heap        ] GC(290) PSYoungGen: 686069K(688640K)->5192K(688640K) Eden: 678912K(678912K)->0K(678912K) From: 7157K(9728K)->5192K(9728K)
[19.853s][info][gc,heap        ] GC(290) ParOldGen: 1135269K(1286656K)->1142262K(1286656K)
[19.853s][info][gc,metaspace   ] GC(290) Metaspace: 1866K(2048K)->1866K(2048K) NonClass: 1720K(1792K)->1720K(1792K) Class: 146K(256K)->146K(256K)
[19.853s][info][gc             ] GC(290) Pause Young (Allocation Failure) 1778M->1120M(1929M) 3.031ms
[19.853s][info][gc,cpu         ] GC(290) User=0.00s Sys=0.00s Real=0.00s
[19.917s][info][gc,start       ] GC(291) Pause Young (Allocation Failure)
[19.920s][info][gc,heap        ] GC(291) PSYoungGen: 684104K(688640K)->6214K(689152K) Eden: 678912K(678912K)->0K(679424K) From: 5192K(9728K)->6214K(9728K)
[19.920s][info][gc,heap        ] GC(291) ParOldGen: 1142262K(1286656K)->1147272K(1286656K)
[19.920s][info][gc,metaspace   ] GC(291) Metaspace: 1866K(2048K)->1866K(2048K) NonClass: 1720K(1792K)->1720K(1792K) Class: 146K(256K)->146K(256K)
[19.920s][info][gc             ] GC(291) Pause Young (Allocation Failure) 1783M->1126M(1929M) 3.076ms
[19.920s][info][gc,cpu         ] GC(291) User=0.00s Sys=0.00s Real=0.00s
[19.983s][info][gc,start       ] GC(292) Pause Young (Allocation Failure)
[19.986s][info][gc,heap        ] GC(292) PSYoungGen: 685638K(689152K)->6066K(685568K) Eden: 679424K(679424K)->0K(679424K) From: 6214K(9728K)->6066K(6144K)
[19.986s][info][gc,heap        ] GC(292) ParOldGen: 1147272K(1286656K)->1153366K(1286656K)
[19.986s][info][gc,metaspace   ] GC(292) Metaspace: 1866K(2048K)->1866K(2048K) NonClass: 1720K(1792K)->1720K(1792K) Class: 146K(256K)->146K(256K)
[19.986s][info][gc             ] GC(292) Pause Young (Allocation Failure) 1789M->1132M(1926M) 3.114ms
[19.986s][info][gc,cpu         ] GC(292) User=0.00s Sys=0.00s Real=0.00s
[20.052s][info][gc,start       ] GC(293) Pause Young (Allocation Failure)
[20.055s][info][gc,heap        ] GC(293) PSYoungGen: 685490K(685568K)->6147K(688640K) Eden: 679424K(679424K)->0K(679424K) From: 6066K(6144K)->6147K(9216K)
[20.055s][info][gc,heap        ] GC(293) ParOldGen: 1153366K(1286656K)->1159098K(1286656K)
[20.055s][info][gc,metaspace   ] GC(293) Metaspace: 1866K(2048K)->1866K(2048K) NonClass: 1720K(1792K)->1720K(1792K) Class: 146K(256K)->146K(256K)
[20.055s][info][gc             ] GC(293) Pause Young (Allocation Failure) 1795M->1137M(1929M) 3.421ms
[20.055s][info][gc,cpu         ] GC(293) User=0.00s Sys=0.00s Real=0.00s
[20.119s][info][gc,start       ] GC(294) Pause Young (Allocation Failure)
[20.122s][info][gc,heap        ] GC(294) PSYoungGen: 685571K(688640K)->5964K(688640K) Eden: 679424K(679424K)->0K(679424K) From: 6147K(9216K)->5964K(9216K)
[20.122s][info][gc,heap        ] GC(294) ParOldGen: 1159098K(1286656K)->1164822K(1286656K)
[20.122s][info][gc,metaspace   ] GC(294) Metaspace: 1866K(2048K)->1866K(2048K) NonClass: 1720K(1792K)->1720K(1792K) Class: 146K(256K)->146K(256K)
[20.122s][info][gc             ] GC(294) Pause Young (Allocation Failure) 1801M->1143M(1929M) 3.311ms
[20.122s][info][gc,cpu         ] GC(294) User=0.02s Sys=0.00s Real=0.00s
[20.186s][info][gc,start       ] GC(295) Pause Young (Allocation Failure)
[20.189s][info][gc,heap        ] GC(295) PSYoungGen: 685388K(688640K)->7148K(688640K) Eden: 679424K(679424K)->0K(679936K) From: 5964K(9216K)->7148K(8704K)
[20.189s][info][gc,heap        ] GC(295) ParOldGen: 1164822K(1286656K)->1170277K(1286656K)
[20.189s][info][gc,metaspace   ] GC(295) Metaspace: 1866K(2048K)->1866K(2048K) NonClass: 1720K(1792K)->1720K(1792K) Class: 146K(256K)->146K(256K)
[20.189s][info][gc             ] GC(295) Pause Young (Allocation Failure) 1806M->1149M(1929M) 2.957ms
[20.189s][info][gc,cpu         ] GC(295) User=0.02s Sys=0.00s Real=0.00s
[20.253s][info][gc,start       ] GC(296) Pause Young (Allocation Failure)
[20.256s][info][gc,heap        ] GC(296) PSYoungGen: 687084K(688640K)->7638K(689152K) Eden: 679936K(679936K)->0K(679936K) From: 7148K(8704K)->7638K(9216K)
[20.256s][info][gc,heap        ] GC(296) ParOldGen: 1170277K(1286656K)->1177157K(1286656K)
[20.256s][info][gc,metaspace   ] GC(296) Metaspace: 1866K(2048K)->1866K(2048K) NonClass: 1720K(1792K)->1720K(1792K) Class: 146K(256K)->146K(256K)
[20.256s][info][gc             ] GC(296) Pause Young (Allocation Failure) 1813M->1157M(1929M) 3.194ms
[20.256s][info][gc,cpu         ] GC(296) User=0.00s Sys=0.00s Real=0.00s
[20.320s][info][gc,start       ] GC(297) Pause Young (Allocation Failure)
[20.323s][info][gc,heap        ] GC(297) PSYoungGen: 687574K(689152K)->6024K(689664K) Eden: 679936K(679936K)->0K(680448K) From: 7638K(9216K)->6024K(9216K)
[20.323s][info][gc,heap        ] GC(297) ParOldGen: 1177157K(1286656K)->1184629K(1286656K)
[20.323s][info][gc,metaspace   ] GC(297) Metaspace: 1866K(2048K)->1866K(2048K) NonClass: 1720K(1792K)->1720K(1792K) Class: 146K(256K)->146K(256K)
[20.323s][info][gc             ] GC(297) Pause Young (Allocation Failure) 1821M->1162M(1930M) 3.276ms
[20.323s][info][gc,cpu         ] GC(297) User=0.00s Sys=0.00s Real=0.00s
[20.387s][info][gc,start       ] GC(298) Pause Young (Allocation Failure)
[20.390s][info][gc,heap        ] GC(298) PSYoungGen: 686472K(689664K)->7357K(689664K) Eden: 680448K(680448K)->0K(680448K) From: 6024K(9216K)->7357K(9216K)
[20.390s][info][gc,heap        ] GC(298) ParOldGen: 1184629K(1286656K)->1190467K(1286656K)
[20.390s][info][gc,metaspace   ] GC(298) Metaspace: 1866K(2048K)->1866K(2048K) NonClass: 1720K(1792K)->1720K(1792K) Class: 146K(256K)->146K(256K)
[20.390s][info][gc             ] GC(298) Pause Young (Allocation Failure) 1827M->1169M(1930M) 3.025ms
[20.390s][info][gc,cpu         ] GC(298) User=0.00s Sys=0.00s Real=0.00s
[20.454s][info][gc,start       ] GC(299) Pause Young (Allocation Failure)
[20.458s][info][gc,heap        ] GC(299) PSYoungGen: 687805K(689664K)->5755K(689664K) Eden: 680448K(680448K)->0K(680448K) From: 7357K(9216K)->5755K(9216K)
[20.458s][info][gc,heap        ] GC(299) ParOldGen: 1190467K(1286656K)->1197617K(1286656K)
[20.458s][info][gc,metaspace   ] GC(299) Metaspace: 1866K(2048K)->1866K(2048K) NonClass: 1720K(1792K)->1720K(1792K) Class: 146K(256K)->146K(256K)
[20.458s][info][gc             ] GC(299) Pause Young (Allocation Failure) 1834M->1175M(1930M) 3.317ms
[20.458s][info][gc,cpu         ] GC(299) User=0.00s Sys=0.00s Real=0.00s
[20.522s][info][gc,start       ] GC(300) Pause Young (Allocation Failure)
[20.525s][info][gc,heap        ] GC(300) PSYoungGen: 686203K(689664K)->7451K(689664K) Eden: 680448K(680448K)->0K(680448K) From: 5755K(9216K)->7451K(9216K)
[20.525s][info][gc,heap        ] GC(300) ParOldGen: 1197617K(1286656K)->1203184K(1286656K)
[20.525s][info][gc,metaspace   ] GC(300) Metaspace: 1866K(2048K)->1866K(2048K) NonClass: 1720K(1792K)->1720K(1792K) Class: 146K(256K)->146K(256K)
[20.525s][info][gc             ] GC(300) Pause Young (Allocation Failure) 1839M->1182M(1930M) 3.439ms
[20.525s][info][gc,cpu         ] GC(300) User=0.02s Sys=0.00s Real=0.00s
[20.591s][info][gc,start       ] GC(301) Pause Young (Allocation Failure)
[20.594s][info][gc,heap        ] GC(301) PSYoungGen: 687899K(689664K)->7309K(689664K) Eden: 680448K(680448K)->0K(680448K) From: 7451K(9216K)->7309K(9216K)
[20.594s][info][gc,heap        ] GC(301) ParOldGen: 1203184K(1286656K)->1210463K(1286656K)
[20.594s][info][gc,metaspace   ] GC(301) Metaspace: 1866K(2048K)->1866K(2048K) NonClass: 1720K(1792K)->1720K(1792K) Class: 146K(256K)->146K(256K)
[20.594s][info][gc             ] GC(301) Pause Young (Allocation Failure) 1846M->1189M(1930M) 3.346ms
[20.594s][info][gc,cpu         ] GC(301) User=0.00s Sys=0.02s Real=0.00s
[20.658s][info][gc,start       ] GC(302) Pause Young (Allocation Failure)
[20.661s][info][gc,heap        ] GC(302) PSYoungGen: 687757K(689664K)->4141K(689664K) Eden: 680448K(680448K)->0K(680448K) From: 7309K(9216K)->4141K(9216K)
[20.661s][info][gc,heap        ] GC(302) ParOldGen: 1210463K(1286656K)->1217532K(1286656K)
[20.661s][info][gc,metaspace   ] GC(302) Metaspace: 1866K(2048K)->1866K(2048K) NonClass: 1720K(1792K)->1720K(1792K) Class: 146K(256K)->146K(256K)
[20.661s][info][gc             ] GC(302) Pause Young (Allocation Failure) 1853M->1193M(1930M) 3.231ms
[20.661s][info][gc,cpu         ] GC(302) User=0.00s Sys=0.00s Real=0.00s
[20.725s][info][gc,start       ] GC(303) Pause Young (Allocation Failure)
[20.728s][info][gc,heap        ] GC(303) PSYoungGen: 684589K(689664K)->7949K(688640K) Eden: 680448K(680448K)->0K(679424K) From: 4141K(9216K)->7949K(9216K)
[20.728s][info][gc,heap        ] GC(303) ParOldGen: 1217532K(1286656K)->1221522K(1286656K)
[20.728s][info][gc,metaspace   ] GC(303) Metaspace: 1866K(2048K)->1866K(2048K) NonClass: 1720K(1792K)->1720K(1792K) Class: 146K(256K)->146K(256K)
[20.728s][info][gc             ] GC(303) Pause Young (Allocation Failure) 1857M->1200M(1929M) 2.812ms
[20.728s][info][gc,cpu         ] GC(303) User=0.00s Sys=0.00s Real=0.00s
[20.791s][info][gc,start       ] GC(304) Pause Young (Allocation Failure)
[20.794s][info][gc,heap        ] GC(304) PSYoungGen: 687373K(688640K)->5147K(689152K) Eden: 679424K(679424K)->0K(679424K) From: 7949K(9216K)->5147K(9728K)
[20.794s][info][gc,heap        ] GC(304) ParOldGen: 1221522K(1286656K)->1228725K(1286656K)
[20.794s][info][gc,metaspace   ] GC(304) Metaspace: 1866K(2048K)->1866K(2048K) NonClass: 1720K(1792K)->1720K(1792K) Class: 146K(256K)->146K(256K)
[20.795s][info][gc             ] GC(304) Pause Young (Allocation Failure) 1864M->1204M(1929M) 3.200ms
[20.795s][info][gc,cpu         ] GC(304) User=0.00s Sys=0.00s Real=0.00s
[20.858s][info][gc,start       ] GC(305) Pause Young (Allocation Failure)
[20.861s][info][gc,heap        ] GC(305) PSYoungGen: 684571K(689152K)->5410K(689152K) Eden: 679424K(679424K)->0K(679424K) From: 5147K(9728K)->5410K(9728K)
[20.861s][info][gc,heap        ] GC(305) ParOldGen: 1228725K(1286656K)->1233652K(1286656K)
[20.861s][info][gc,metaspace   ] GC(305) Metaspace: 1866K(2048K)->1866K(2048K) NonClass: 1720K(1792K)->1720K(1792K) Class: 146K(256K)->146K(256K)
[20.862s][info][gc             ] GC(305) Pause Young (Allocation Failure) 1868M->1210M(1929M) 3.116ms
[20.862s][info][gc,cpu         ] GC(305) User=0.00s Sys=0.00s Real=0.00s
[20.925s][info][gc,start       ] GC(306) Pause Young (Allocation Failure)
[20.928s][info][gc,heap        ] GC(306) PSYoungGen: 684834K(689152K)->5636K(685568K) Eden: 679424K(679424K)->0K(679424K) From: 5410K(9728K)->5636K(6144K)
[20.928s][info][gc,heap        ] GC(306) ParOldGen: 1233652K(1286656K)->1238893K(1286656K)
[20.928s][info][gc,metaspace   ] GC(306) Metaspace: 1866K(2048K)->1866K(2048K) NonClass: 1720K(1792K)->1720K(1792K) Class: 146K(256K)->146K(256K)
[20.928s][info][gc             ] GC(306) Pause Young (Allocation Failure) 1873M->1215M(1926M) 3.014ms
[20.928s][info][gc,cpu         ] GC(306) User=0.02s Sys=0.00s Real=0.00s
[20.992s][info][gc,start       ] GC(307) Pause Young (Allocation Failure)
[20.995s][info][gc,heap        ] GC(307) PSYoungGen: 685060K(685568K)->7549K(688128K) Eden: 679424K(679424K)->0K(678912K) From: 5636K(6144K)->7549K(9216K)
[20.995s][info][gc,heap        ] GC(307) ParOldGen: 1238893K(1286656K)->1244423K(1286656K)
[20.995s][info][gc,metaspace   ] GC(307) Metaspace: 1866K(2048K)->1866K(2048K) NonClass: 1720K(1792K)->1720K(1792K) Class: 146K(256K)->146K(256K)
[20.995s][info][gc             ] GC(307) Pause Young (Allocation Failure) 1878M->1222M(1928M) 3.269ms
[20.995s][info][gc,cpu         ] GC(307) User=0.05s Sys=0.00s Real=0.00s
[21.060s][info][gc,start       ] GC(308) Pause Young (Allocation Failure)
[21.064s][info][gc,heap        ] GC(308) PSYoungGen: 686461K(688128K)->7052K(688640K) Eden: 678912K(678912K)->0K(678912K) From: 7549K(9216K)->7052K(9728K)
[21.064s][info][gc,heap        ] GC(308) ParOldGen: 1244423K(1286656K)->1251786K(1286656K)
[21.064s][info][gc,metaspace   ] GC(308) Metaspace: 1866K(2048K)->1866K(2048K) NonClass: 1720K(1792K)->1720K(1792K) Class: 146K(256K)->146K(256K)
[21.064s][info][gc             ] GC(308) Pause Young (Allocation Failure) 1885M->1229M(1929M) 3.809ms
[21.064s][info][gc,cpu         ] GC(308) User=0.00s Sys=0.02s Real=0.00s
[21.128s][info][gc,start       ] GC(309) Pause Young (Allocation Failure)
[21.131s][info][gc,heap        ] GC(309) PSYoungGen: 685964K(688640K)->7570K(689152K) Eden: 678912K(678912K)->0K(679424K) From: 7052K(9728K)->7570K(9728K)
[21.131s][info][gc,heap        ] GC(309) ParOldGen: 1251786K(1286656K)->1258666K(1286656K)
[21.131s][info][gc,metaspace   ] GC(309) Metaspace: 1866K(2048K)->1866K(2048K) NonClass: 1720K(1792K)->1720K(1792K) Class: 146K(256K)->146K(256K)
[21.131s][info][gc             ] GC(309) Pause Young (Allocation Failure) 1892M->1236M(1929M) 3.337ms
[21.131s][info][gc,cpu         ] GC(309) User=0.00s Sys=0.00s Real=0.00s
[21.195s][info][gc,start       ] GC(310) Pause Young (Allocation Failure)
[21.199s][info][gc,heap        ] GC(310) PSYoungGen: 686994K(689152K)->6856K(686592K) Eden: 679424K(679424K)->0K(679424K) From: 7570K(9728K)->6856K(7168K)
[21.199s][info][gc,heap        ] GC(310) ParOldGen: 1258666K(1286656K)->1266112K(1286656K)
[21.199s][info][gc,metaspace   ] GC(310) Metaspace: 1866K(2048K)->1866K(2048K) NonClass: 1720K(1792K)->1720K(1792K) Class: 146K(256K)->146K(256K)
[21.199s][info][gc             ] GC(310) Pause Young (Allocation Failure) 1900M->1243M(1927M) 3.480ms
[21.199s][info][gc,cpu         ] GC(310) User=0.00s Sys=0.00s Real=0.00s
[21.262s][info][gc,start       ] GC(311) Pause Young (Allocation Failure)
[21.266s][info][gc,heap        ] GC(311) PSYoungGen: 686280K(686592K)->7442K(688128K) Eden: 679424K(679424K)->0K(678912K) From: 6856K(7168K)->7442K(9216K)
[21.266s][info][gc,heap        ] GC(311) ParOldGen: 1266112K(1286656K)->1272809K(1286656K)
[21.266s][info][gc,metaspace   ] GC(311) Metaspace: 1866K(2048K)->1866K(2048K) NonClass: 1720K(1792K)->1720K(1792K) Class: 146K(256K)->146K(256K)
[21.266s][info][gc             ] GC(311) Pause Young (Allocation Failure) 1906M->1250M(1928M) 3.469ms
[21.266s][info][gc,cpu         ] GC(311) User=0.03s Sys=0.02s Real=0.00s
[21.329s][info][gc,start       ] GC(312) Pause Young (Allocation Failure)
[21.332s][info][gc,heap        ] GC(312) PSYoungGen: 686354K(688128K)->4455K(688640K) Eden: 678912K(678912K)->0K(678912K) From: 7442K(9216K)->4455K(9728K)
[21.332s][info][gc,heap        ] GC(312) ParOldGen: 1272809K(1286656K)->1280041K(1286656K)
[21.332s][info][gc,metaspace   ] GC(312) Metaspace: 1866K(2048K)->1866K(2048K) NonClass: 1720K(1792K)->1720K(1792K) Class: 146K(256K)->146K(256K)
[21.333s][info][gc             ] GC(312) Pause Young (Allocation Failure) 1913M->1254M(1929M) 3.221ms
[21.333s][info][gc,cpu         ] GC(312) User=0.00s Sys=0.00s Real=0.00s
[21.333s][info][gc,start       ] GC(313) Pause Full (Ergonomics)
[21.333s][info][gc,phases,start] GC(313) Marking Phase
[21.362s][info][gc,phases      ] GC(313) Marking Phase 29.755ms
[21.362s][info][gc,phases,start] GC(313) Summary Phase
[21.362s][info][gc,phases      ] GC(313) Summary Phase 0.035ms
[21.362s][info][gc,phases,start] GC(313) Adjust Roots
[21.363s][info][gc,phases      ] GC(313) Adjust Roots 0.480ms
[21.363s][info][gc,phases,start] GC(313) Compaction Phase
[21.502s][info][gc,phases      ] GC(313) Compaction Phase 138.817ms
[21.502s][info][gc,phases,start] GC(313) Post Compact
[21.504s][info][gc,phases      ] GC(313) Post Compact 2.087ms
[21.504s][info][gc,heap        ] GC(313) PSYoungGen: 4455K(688640K)->0K(689152K) Eden: 0K(678912K)->0K(679424K) From: 4455K(9728K)->0K(9728K)
[21.504s][info][gc,heap        ] GC(313) ParOldGen: 1280041K(1286656K)->969660K(1398272K)
[21.504s][info][gc,metaspace   ] GC(313) Metaspace: 1866K(2048K)->1866K(2048K) NonClass: 1720K(1792K)->1720K(1792K) Class: 146K(256K)->146K(256K)
[21.504s][info][gc             ] GC(313) Pause Full (Ergonomics) 1254M->946M(2038M) 171.760ms
[21.504s][info][gc,cpu         ] GC(313) User=1.08s Sys=0.03s Real=0.17s
[21.570s][info][gc,start       ] GC(314) Pause Young (Allocation Failure)
[21.572s][info][gc,heap        ] GC(314) PSYoungGen: 679424K(689152K)->6842K(689152K) Eden: 679424K(679424K)->0K(679424K) From: 0K(9728K)->6842K(9728K)
[21.573s][info][gc,heap        ] GC(314) ParOldGen: 969660K(1398272K)->969660K(1398272K)
[21.573s][info][gc,metaspace   ] GC(314) Metaspace: 1866K(2048K)->1866K(2048K) NonClass: 1720K(1792K)->1720K(1792K) Class: 146K(256K)->146K(256K)
[21.573s][info][gc             ] GC(314) Pause Young (Allocation Failure) 1610M->953M(2038M) 2.272ms
[21.573s][info][gc,cpu         ] GC(314) User=0.00s Sys=0.00s Real=0.00s
[21.636s][info][gc,start       ] GC(315) Pause Young (Allocation Failure)
[21.638s][info][gc,heap        ] GC(315) PSYoungGen: 686266K(689152K)->6313K(688128K) Eden: 679424K(679424K)->0K(679424K) From: 6842K(9728K)->6313K(8704K)
[21.638s][info][gc,heap        ] GC(315) ParOldGen: 969660K(1398272K)->976398K(1398272K)
[21.638s][info][gc,metaspace   ] GC(315) Metaspace: 1867K(2048K)->1867K(2048K) NonClass: 1721K(1792K)->1721K(1792K) Class: 146K(256K)->146K(256K)
[21.638s][info][gc             ] GC(315) Pause Young (Allocation Failure) 1617M->959M(2037M) 2.800ms
[21.638s][info][gc,cpu         ] GC(315) User=0.03s Sys=0.00s Real=0.00s
[21.702s][info][gc,start       ] GC(316) Pause Young (Allocation Failure)
[21.704s][info][gc,heap        ] GC(316) PSYoungGen: 685737K(688128K)->7661K(688640K) Eden: 679424K(679424K)->0K(679424K) From: 6313K(8704K)->7661K(9216K)
[21.705s][info][gc,heap        ] GC(316) ParOldGen: 976398K(1398272K)->982536K(1398272K)
[21.705s][info][gc,metaspace   ] GC(316) Metaspace: 1867K(2048K)->1867K(2048K) NonClass: 1721K(1792K)->1721K(1792K) Class: 146K(256K)->146K(256K)
[21.705s][info][gc             ] GC(316) Pause Young (Allocation Failure) 1623M->966M(2038M) 2.759ms
[21.705s][info][gc,cpu         ] GC(316) User=0.02s Sys=0.00s Real=0.00s
[21.768s][info][gc,start       ] GC(317) Pause Young (Allocation Failure)
[21.777s][info][gc,heap        ] GC(317) PSYoungGen: 687085K(688640K)->4201K(688640K) Eden: 679424K(679424K)->0K(679424K) From: 7661K(9216K)->4201K(9216K)
[21.777s][info][gc,heap        ] GC(317) ParOldGen: 982536K(1398272K)->989549K(1398272K)
[21.777s][info][gc,metaspace   ] GC(317) Metaspace: 1867K(2048K)->1867K(2048K) NonClass: 1721K(1792K)->1721K(1792K) Class: 146K(256K)->146K(256K)
[21.777s][info][gc             ] GC(317) Pause Young (Allocation Failure) 1630M->970M(2038M) 8.931ms
[21.777s][info][gc,cpu         ] GC(317) User=0.00s Sys=0.00s Real=0.01s
[21.842s][info][gc,start       ] GC(318) Pause Young (Allocation Failure)
[21.845s][info][gc,heap        ] GC(318) PSYoungGen: 683625K(688640K)->6059K(689152K) Eden: 679424K(679424K)->0K(679424K) From: 4201K(9216K)->6059K(9728K)
[21.845s][info][gc,heap        ] GC(318) ParOldGen: 989549K(1398272K)->993505K(1398272K)
[21.845s][info][gc,metaspace   ] GC(318) Metaspace: 1867K(2048K)->1867K(2048K) NonClass: 1721K(1792K)->1721K(1792K) Class: 146K(256K)->146K(256K)
[21.845s][info][gc             ] GC(318) Pause Young (Allocation Failure) 1633M->976M(2038M) 2.435ms
[21.845s][info][gc,cpu         ] GC(318) User=0.00s Sys=0.00s Real=0.00s
[21.909s][info][gc,start       ] GC(319) Pause Young (Allocation Failure)
[21.911s][info][gc,heap        ] GC(319) PSYoungGen: 685483K(689152K)->5621K(689152K) Eden: 679424K(679424K)->0K(679936K) From: 6059K(9728K)->5621K(9216K)
[21.911s][info][gc,heap        ] GC(319) ParOldGen: 993505K(1398272K)->999447K(1398272K)
[21.911s][info][gc,metaspace   ] GC(319) Metaspace: 1867K(2048K)->1867K(2048K) NonClass: 1721K(1792K)->1721K(1792K) Class: 146K(256K)->146K(256K)
[21.911s][info][gc             ] GC(319) Pause Young (Allocation Failure) 1639M->981M(2038M) 2.696ms
[21.911s][info][gc,cpu         ] GC(319) User=0.00s Sys=0.00s Real=0.00s
[21.975s][info][gc,start       ] GC(320) Pause Young (Allocation Failure)
[21.978s][info][gc,heap        ] GC(320) PSYoungGen: 685557K(689152K)->7821K(689152K) Eden: 679936K(679936K)->0K(679936K) From: 5621K(9216K)->7821K(9216K)
[21.978s][info][gc,heap        ] GC(320) ParOldGen: 999447K(1398272K)->1004901K(1398272K)
[21.978s][info][gc,metaspace   ] GC(320) Metaspace: 1867K(2048K)->1867K(2048K) NonClass: 1721K(1792K)->1721K(1792K) Class: 146K(256K)->146K(256K)
[21.978s][info][gc             ] GC(320) Pause Young (Allocation Failure) 1645M->988M(2038M) 2.863ms
[21.978s][info][gc,cpu         ] GC(320) User=0.05s Sys=0.00s Real=0.00s
[22.042s][info][gc,start       ] GC(321) Pause Young (Allocation Failure)
[22.045s][info][gc,heap        ] GC(321) PSYoungGen: 687757K(689152K)->7466K(689152K) Eden: 679936K(679936K)->0K(679424K) From: 7821K(9216K)->7466K(9728K)
[22.045s][info][gc,heap        ] GC(321) ParOldGen: 1004901K(1398272K)->1012206K(1398272K)
[22.045s][info][gc,metaspace   ] GC(321) Metaspace: 1867K(2048K)->1867K(2048K) NonClass: 1721K(1792K)->1721K(1792K) Class: 146K(256K)->146K(256K)
[22.045s][info][gc             ] GC(321) Pause Young (Allocation Failure) 1652M->995M(2038M) 3.075ms
[22.045s][info][gc,cpu         ] GC(321) User=0.02s Sys=0.00s Real=0.00s
[22.111s][info][gc,start       ] GC(322) Pause Young (Allocation Failure)
[22.113s][info][gc,heap        ] GC(322) PSYoungGen: 686890K(689152K)->4991K(689152K) Eden: 679424K(679424K)->0K(679424K) From: 7466K(9728K)->4991K(9728K)
[22.113s][info][gc,heap        ] GC(322) ParOldGen: 1012206K(1398272K)->1019481K(1398272K)
[22.113s][info][gc,metaspace   ] GC(322) Metaspace: 1867K(2048K)->1867K(2048K) NonClass: 1721K(1792K)->1721K(1792K) Class: 146K(256K)->146K(256K)
[22.113s][info][gc             ] GC(322) Pause Young (Allocation Failure) 1659M->1000M(2038M) 2.632ms
[22.113s][info][gc,cpu         ] GC(322) User=0.00s Sys=0.00s Real=0.00s
[22.177s][info][gc,start       ] GC(323) Pause Young (Allocation Failure)
[22.179s][info][gc,heap        ] GC(323) PSYoungGen: 684415K(689152K)->7442K(689152K) Eden: 679424K(679424K)->0K(679424K) From: 4991K(9728K)->7442K(9728K)
[22.179s][info][gc,heap        ] GC(323) ParOldGen: 1019481K(1398272K)->1024345K(1398272K)
[22.179s][info][gc,metaspace   ] GC(323) Metaspace: 1867K(2048K)->1867K(2048K) NonClass: 1721K(1792K)->1721K(1792K) Class: 146K(256K)->146K(256K)
[22.179s][info][gc             ] GC(323) Pause Young (Allocation Failure) 1663M->1007M(2038M) 2.606ms
[22.179s][info][gc,cpu         ] GC(323) User=0.00s Sys=0.00s Real=0.00s
[22.243s][info][gc,start       ] GC(324) Pause Young (Allocation Failure)
[22.246s][info][gc,heap        ] GC(324) PSYoungGen: 686866K(689152K)->5326K(689152K) Eden: 679424K(679424K)->0K(679424K) From: 7442K(9728K)->5326K(9728K)
[22.246s][info][gc,heap        ] GC(324) ParOldGen: 1024345K(1398272K)->1031290K(1398272K)
[22.246s][info][gc,metaspace   ] GC(324) Metaspace: 1867K(2048K)->1867K(2048K) NonClass: 1721K(1792K)->1721K(1792K) Class: 146K(256K)->146K(256K)
[22.246s][info][gc             ] GC(324) Pause Young (Allocation Failure) 1671M->1012M(2038M) 2.874ms
[22.246s][info][gc,cpu         ] GC(324) User=0.05s Sys=0.00s Real=0.00s
[22.309s][info][gc,start       ] GC(325) Pause Young (Allocation Failure)
[22.312s][info][gc,heap        ] GC(325) PSYoungGen: 684750K(689152K)->5191K(689152K) Eden: 679424K(679424K)->0K(679424K) From: 5326K(9728K)->5191K(9728K)
[22.312s][info][gc,heap        ] GC(325) ParOldGen: 1031290K(1398272K)->1036516K(1398272K)
[22.312s][info][gc,metaspace   ] GC(325) Metaspace: 1880K(2048K)->1880K(2048K) NonClass: 1731K(1792K)->1731K(1792K) Class: 149K(256K)->149K(256K)
[22.312s][info][gc             ] GC(325) Pause Young (Allocation Failure) 1675M->1017M(2038M) 2.492ms
[22.312s][info][gc,cpu         ] GC(325) User=0.00s Sys=0.00s Real=0.00s
[22.380s][info][gc,start       ] GC(326) Pause Young (Allocation Failure)
[22.382s][info][gc,heap        ] GC(326) PSYoungGen: 684615K(689152K)->320K(679936K) Eden: 679424K(679424K)->0K(679424K) From: 5191K(9728K)->320K(512K)
[22.382s][info][gc,heap        ] GC(326) ParOldGen: 1036516K(1398272K)->1041446K(1398272K)
[22.382s][info][gc,metaspace   ] GC(326) Metaspace: 1880K(2048K)->1880K(2048K) NonClass: 1731K(1792K)->1731K(1792K) Class: 149K(256K)->149K(256K)
[22.382s][info][gc             ] GC(326) Pause Young (Allocation Failure) 1680M->1017M(2029M) 2.087ms
[22.382s][info][gc,cpu         ] GC(326) User=0.00s Sys=0.00s Real=0.00s
[22.445s][info][gc,start       ] GC(327) Pause Young (Allocation Failure)
[22.447s][info][gc,heap        ] GC(327) PSYoungGen: 679744K(679936K)->320K(687616K) Eden: 679424K(679424K)->0K(677376K) From: 320K(512K)->320K(10240K)
[22.447s][info][gc,heap        ] GC(327) ParOldGen: 1041446K(1398272K)->1041606K(1398272K)
[22.447s][info][gc,metaspace   ] GC(327) Metaspace: 1880K(2048K)->1880K(2048K) NonClass: 1731K(1792K)->1731K(1792K) Class: 149K(256K)->149K(256K)
[22.447s][info][gc             ] GC(327) Pause Young (Allocation Failure) 1680M->1017M(2037M) 1.667ms
[22.447s][info][gc,cpu         ] GC(327) User=0.00s Sys=0.00s Real=0.00s
[22.510s][info][gc,start       ] GC(328) Pause Young (Allocation Failure)
[22.512s][info][gc,heap        ] GC(328) PSYoungGen: 677696K(687616K)->320K(688128K) Eden: 677376K(677376K)->0K(677376K) From: 320K(10240K)->320K(10752K)
[22.512s][info][gc,heap        ] GC(328) ParOldGen: 1041606K(1398272K)->1041766K(1398272K)
[22.512s][info][gc,metaspace   ] GC(328) Metaspace: 1880K(2048K)->1880K(2048K) NonClass: 1731K(1792K)->1731K(1792K) Class: 149K(256K)->149K(256K)
[22.512s][info][gc             ] GC(328) Pause Young (Allocation Failure) 1679M->1017M(2037M) 1.729ms
[22.512s][info][gc,cpu         ] GC(328) User=0.00s Sys=0.00s Real=0.00s
[22.575s][info][gc,start       ] GC(329) Pause Young (Allocation Failure)
[22.577s][info][gc,heap        ] GC(329) PSYoungGen: 677696K(688128K)->320K(687104K) Eden: 677376K(677376K)->0K(676352K) From: 320K(10752K)->320K(10752K)
[22.577s][info][gc,heap        ] GC(329) ParOldGen: 1041766K(1398272K)->1041926K(1398272K)
[22.577s][info][gc,metaspace   ] GC(329) Metaspace: 1880K(2048K)->1880K(2048K) NonClass: 1731K(1792K)->1731K(1792K) Class: 149K(256K)->149K(256K)
[22.577s][info][gc             ] GC(329) Pause Young (Allocation Failure) 1679M->1017M(2036M) 1.673ms
[22.577s][info][gc,cpu         ] GC(329) User=0.00s Sys=0.00s Real=0.00s
[22.640s][info][gc,start       ] GC(330) Pause Young (Allocation Failure)
[22.642s][info][gc,heap        ] GC(330) PSYoungGen: 676672K(687104K)->320K(687616K) Eden: 676352K(676352K)->0K(676352K) From: 320K(10752K)->320K(11264K)
[22.642s][info][gc,heap        ] GC(330) ParOldGen: 1041926K(1398272K)->1042094K(1398272K)
[22.642s][info][gc,metaspace   ] GC(330) Metaspace: 1880K(2048K)->1880K(2048K) NonClass: 1731K(1792K)->1731K(1792K) Class: 149K(256K)->149K(256K)
[22.642s][info][gc             ] GC(330) Pause Young (Allocation Failure) 1678M->1017M(2037M) 1.760ms
[22.642s][info][gc,cpu         ] GC(330) User=0.02s Sys=0.00s Real=0.00s
[22.705s][info][gc,start       ] GC(331) Pause Young (Allocation Failure)
[22.706s][info][gc,heap        ] GC(331) PSYoungGen: 676672K(687616K)->320K(686592K) Eden: 676352K(676352K)->0K(676352K) From: 320K(11264K)->320K(10240K)
[22.706s][info][gc,heap        ] GC(331) ParOldGen: 1042094K(1398272K)->1042270K(1398272K)
[22.706s][info][gc,metaspace   ] GC(331) Metaspace: 1880K(2048K)->1880K(2048K) NonClass: 1731K(1792K)->1731K(1792K) Class: 149K(256K)->149K(256K)
[22.706s][info][gc             ] GC(331) Pause Young (Allocation Failure) 1678M->1018M(2036M) 1.865ms
[22.706s][info][gc,cpu         ] GC(331) User=0.00s Sys=0.00s Real=0.00s
[22.769s][info][gc,start       ] GC(332) Pause Young (Allocation Failure)
[22.771s][info][gc,heap        ] GC(332) PSYoungGen: 676672K(686592K)->320K(687104K) Eden: 676352K(676352K)->0K(676352K) From: 320K(10240K)->320K(10752K)
[22.771s][info][gc,heap        ] GC(332) ParOldGen: 1042270K(1398272K)->1042462K(1398272K)
[22.771s][info][gc,metaspace   ] GC(332) Metaspace: 1880K(2048K)->1880K(2048K) NonClass: 1731K(1792K)->1731K(1792K) Class: 149K(256K)->149K(256K)
[22.771s][info][gc             ] GC(332) Pause Young (Allocation Failure) 1678M->1018M(2036M) 2.132ms
[22.771s][info][gc,cpu         ] GC(332) User=0.02s Sys=0.00s Real=0.00s
[22.835s][info][gc,start       ] GC(333) Pause Young (Allocation Failure)
[22.838s][info][gc,heap        ] GC(333) PSYoungGen: 676672K(687104K)->288K(688128K) Eden: 676352K(676352K)->0K(677376K) From: 320K(10752K)->288K(10752K)
[22.838s][info][gc,heap        ] GC(333) ParOldGen: 1042462K(1398272K)->1042614K(1398272K)
[22.838s][info][gc,metaspace   ] GC(333) Metaspace: 1880K(2048K)->1880K(2048K) NonClass: 1731K(1792K)->1731K(1792K) Class: 149K(256K)->149K(256K)
[22.838s][info][gc             ] GC(333) Pause Young (Allocation Failure) 1678M->1018M(2037M) 3.194ms
[22.839s][info][gc,cpu         ] GC(333) User=0.00s Sys=0.02s Real=0.00s
[22.902s][info][gc,start       ] GC(334) Pause Young (Allocation Failure)
[22.904s][info][gc,heap        ] GC(334) PSYoungGen: 677664K(688128K)->320K(677888K) Eden: 677376K(677376K)->0K(677376K) From: 288K(10752K)->320K(512K)
[22.904s][info][gc,heap        ] GC(334) ParOldGen: 1042614K(1398272K)->1042774K(1398272K)
[22.904s][info][gc,metaspace   ] GC(334) Metaspace: 1880K(2048K)->1880K(2048K) NonClass: 1731K(1792K)->1731K(1792K) Class: 149K(256K)->149K(256K)
[22.904s][info][gc             ] GC(334) Pause Young (Allocation Failure) 1679M->1018M(2027M) 1.904ms
[22.904s][info][gc,cpu         ] GC(334) User=0.02s Sys=0.00s Real=0.00s
[22.966s][info][gc,start       ] GC(335) Pause Young (Allocation Failure)
[22.968s][info][gc,heap        ] GC(335) PSYoungGen: 677696K(677888K)->320K(688128K) Eden: 677376K(677376K)->0K(677888K) From: 320K(512K)->320K(10240K)
[22.968s][info][gc,heap        ] GC(335) ParOldGen: 1042774K(1398272K)->1042934K(1398272K)
[22.968s][info][gc,metaspace   ] GC(335) Metaspace: 1880K(2048K)->1880K(2048K) NonClass: 1731K(1792K)->1731K(1792K) Class: 149K(256K)->149K(256K)
[22.968s][info][gc             ] GC(335) Pause Young (Allocation Failure) 1680M->1018M(2037M) 1.949ms
[22.968s][info][gc,cpu         ] GC(335) User=0.02s Sys=0.00s Real=0.00s
[23.031s][info][gc,start       ] GC(336) Pause Young (Allocation Failure)
[23.033s][info][gc,heap        ] GC(336) PSYoungGen: 678208K(688128K)->320K(687616K) Eden: 677888K(677888K)->0K(677888K) From: 320K(10240K)->320K(9728K)
[23.033s][info][gc,heap        ] GC(336) ParOldGen: 1042934K(1398272K)->1043094K(1398272K)
[23.033s][info][gc,metaspace   ] GC(336) Metaspace: 1880K(2048K)->1880K(2048K) NonClass: 1731K(1792K)->1731K(1792K) Class: 149K(256K)->149K(256K)
[23.033s][info][gc             ] GC(336) Pause Young (Allocation Failure) 1680M->1018M(2037M) 1.854ms
[23.033s][info][gc,cpu         ] GC(336) User=0.03s Sys=0.00s Real=0.00s
[23.098s][info][gc,start       ] GC(337) Pause Young (Allocation Failure)
[23.101s][info][gc,heap        ] GC(337) PSYoungGen: 678208K(687616K)->256K(688640K) Eden: 677888K(677888K)->0K(679424K) From: 320K(9728K)->256K(9216K)
[23.101s][info][gc,heap        ] GC(337) ParOldGen: 1043094K(1398272K)->1043254K(1398272K)
[23.101s][info][gc,metaspace   ] GC(337) Metaspace: 1899K(2048K)->1899K(2048K) NonClass: 1749K(1792K)->1749K(1792K) Class: 150K(256K)->150K(256K)
[23.101s][info][gc             ] GC(337) Pause Young (Allocation Failure) 1680M->1019M(2038M) 3.721ms
[23.101s][info][gc,cpu         ] GC(337) User=0.00s Sys=0.00s Real=0.00s
[23.164s][info][gc,start       ] GC(338) Pause Young (Allocation Failure)
[23.166s][info][gc,heap        ] GC(338) PSYoungGen: 679680K(688640K)->320K(688640K) Eden: 679424K(679424K)->0K(679424K) From: 256K(9216K)->320K(9216K)
[23.166s][info][gc,heap        ] GC(338) ParOldGen: 1043254K(1398272K)->1043414K(1398272K)
[23.166s][info][gc,metaspace   ] GC(338) Metaspace: 1899K(2048K)->1899K(2048K) NonClass: 1749K(1792K)->1749K(1792K) Class: 150K(256K)->150K(256K)
[23.166s][info][gc             ] GC(338) Pause Young (Allocation Failure) 1682M->1019M(2038M) 2.023ms
[23.166s][info][gc,cpu         ] GC(338) User=0.02s Sys=0.00s Real=0.00s
[23.229s][info][gc,start       ] GC(339) Pause Young (Allocation Failure)
[23.231s][info][gc,heap        ] GC(339) PSYoungGen: 679744K(688640K)->320K(689152K) Eden: 679424K(679424K)->0K(680960K) From: 320K(9216K)->320K(8192K)
[23.231s][info][gc,heap        ] GC(339) ParOldGen: 1043414K(1398272K)->1043574K(1398272K)
[23.231s][info][gc,metaspace   ] GC(339) Metaspace: 1899K(2048K)->1899K(2048K) NonClass: 1749K(1792K)->1749K(1792K) Class: 150K(256K)->150K(256K)
[23.231s][info][gc             ] GC(339) Pause Young (Allocation Failure) 1682M->1019M(2038M) 1.937ms
[23.231s][info][gc,cpu         ] GC(339) User=0.06s Sys=0.00s Real=0.00s
[23.294s][info][gc,start       ] GC(340) Pause Young (Allocation Failure)
[23.296s][info][gc,heap        ] GC(340) PSYoungGen: 681280K(689152K)->320K(689152K) Eden: 680960K(680960K)->0K(680960K) From: 320K(8192K)->320K(8192K)
[23.296s][info][gc,heap        ] GC(340) ParOldGen: 1043574K(1398272K)->1043734K(1398272K)
[23.296s][info][gc,metaspace   ] GC(340) Metaspace: 1899K(2048K)->1899K(2048K) NonClass: 1749K(1792K)->1749K(1792K) Class: 150K(256K)->150K(256K)
[23.296s][info][gc             ] GC(340) Pause Young (Allocation Failure) 1684M->1019M(2038M) 1.872ms
[23.296s][info][gc,cpu         ] GC(340) User=0.03s Sys=0.00s Real=0.00s
[23.360s][info][gc,start       ] GC(341) Pause Young (Allocation Failure)
[23.362s][info][gc,heap        ] GC(341) PSYoungGen: 681280K(689152K)->320K(690176K) Eden: 680960K(680960K)->0K(682496K) From: 320K(8192K)->320K(7680K)
[23.362s][info][gc,heap        ] GC(341) ParOldGen: 1043734K(1398272K)->1043894K(1398272K)
[23.362s][info][gc,metaspace   ] GC(341) Metaspace: 1899K(2048K)->1899K(2048K) NonClass: 1749K(1792K)->1749K(1792K) Class: 150K(256K)->150K(256K)
[23.362s][info][gc             ] GC(341) Pause Young (Allocation Failure) 1684M->1019M(2039M) 1.932ms
[23.362s][info][gc,cpu         ] GC(341) User=0.00s Sys=0.00s Real=0.00s
[23.426s][info][gc,start       ] GC(342) Pause Young (Allocation Failure)
[23.428s][info][gc,heap        ] GC(342) PSYoungGen: 682816K(690176K)->320K(690176K) Eden: 682496K(682496K)->0K(682496K) From: 320K(7680K)->320K(7680K)
[23.428s][info][gc,heap        ] GC(342) ParOldGen: 1043894K(1398272K)->1044054K(1398272K)
[23.428s][info][gc,metaspace   ] GC(342) Metaspace: 1899K(2048K)->1899K(2048K) NonClass: 1749K(1792K)->1749K(1792K) Class: 150K(256K)->150K(256K)
[23.428s][info][gc             ] GC(342) Pause Young (Allocation Failure) 1686M->1019M(2039M) 1.986ms
[23.428s][info][gc,cpu         ] GC(342) User=0.12s Sys=0.00s Real=0.00s
[23.491s][info][gc,start       ] GC(343) Pause Young (Allocation Failure)
[23.493s][info][gc,heap        ] GC(343) PSYoungGen: 682816K(690176K)->320K(690688K) Eden: 682496K(682496K)->0K(684032K) From: 320K(7680K)->320K(6656K)
[23.493s][info][gc,heap        ] GC(343) ParOldGen: 1044054K(1398272K)->1044246K(1398272K)
[23.493s][info][gc,metaspace   ] GC(343) Metaspace: 1899K(2048K)->1899K(2048K) NonClass: 1749K(1792K)->1749K(1792K) Class: 150K(256K)->150K(256K)
[23.493s][info][gc             ] GC(343) Pause Young (Allocation Failure) 1686M->1020M(2040M) 2.008ms
[23.494s][info][gc,cpu         ] GC(343) User=0.06s Sys=0.00s Real=0.00s
[23.557s][info][gc,start       ] GC(344) Pause Young (Allocation Failure)
[23.559s][info][gc,heap        ] GC(344) PSYoungGen: 684352K(690688K)->320K(690688K) Eden: 684032K(684032K)->0K(684032K) From: 320K(6656K)->320K(6656K)
[23.559s][info][gc,heap        ] GC(344) ParOldGen: 1044246K(1398272K)->1044446K(1398272K)
[23.559s][info][gc,metaspace   ] GC(344) Metaspace: 1899K(2048K)->1899K(2048K) NonClass: 1749K(1792K)->1749K(1792K) Class: 150K(256K)->150K(256K)
[23.559s][info][gc             ] GC(344) Pause Young (Allocation Failure) 1688M->1020M(2040M) 2.004ms
[23.559s][info][gc,cpu         ] GC(344) User=0.00s Sys=0.00s Real=0.00s
[23.622s][info][gc,start       ] GC(345) Pause Young (Allocation Failure)
[23.624s][info][gc,heap        ] GC(345) PSYoungGen: 684352K(690688K)->320K(691712K) Eden: 684032K(684032K)->0K(685568K) From: 320K(6656K)->320K(6144K)
[23.624s][info][gc,heap        ] GC(345) ParOldGen: 1044446K(1398272K)->1044678K(1398272K)
[23.624s][info][gc,metaspace   ] GC(345) Metaspace: 1899K(2048K)->1899K(2048K) NonClass: 1749K(1792K)->1749K(1792K) Class: 150K(256K)->150K(256K)
[23.624s][info][gc             ] GC(345) Pause Young (Allocation Failure) 1688M->1020M(2041M) 1.983ms
[23.624s][info][gc,cpu         ] GC(345) User=0.03s Sys=0.00s Real=0.00s
[23.689s][info][gc,start       ] GC(346) Pause Young (Allocation Failure)
[23.691s][info][gc,heap        ] GC(346) PSYoungGen: 685888K(691712K)->320K(691712K) Eden: 685568K(685568K)->0K(685568K) From: 320K(6144K)->320K(6144K)
[23.691s][info][gc,heap        ] GC(346) ParOldGen: 1044678K(1398272K)->1044870K(1398272K)
[23.691s][info][gc,metaspace   ] GC(346) Metaspace: 1899K(2048K)->1899K(2048K) NonClass: 1749K(1792K)->1749K(1792K) Class: 150K(256K)->150K(256K)
[23.691s][info][gc             ] GC(346) Pause Young (Allocation Failure) 1690M->1020M(2041M) 2.051ms
[23.691s][info][gc,cpu         ] GC(346) User=0.00s Sys=0.00s Real=0.00s
[23.754s][info][gc,start       ] GC(347) Pause Young (Allocation Failure)
[23.756s][info][gc,heap        ] GC(347) PSYoungGen: 685888K(691712K)->320K(692224K) Eden: 685568K(685568K)->0K(687104K) From: 320K(6144K)->320K(5120K)
[23.756s][info][gc,heap        ] GC(347) ParOldGen: 1044870K(1398272K)->1045078K(1398272K)
[23.756s][info][gc,metaspace   ] GC(347) Metaspace: 1899K(2048K)->1899K(2048K) NonClass: 1749K(1792K)->1749K(1792K) Class: 150K(256K)->150K(256K)
[23.756s][info][gc             ] GC(347) Pause Young (Allocation Failure) 1690M->1020M(2041M) 1.893ms
[23.756s][info][gc,cpu         ] GC(347) User=0.03s Sys=0.00s Real=0.00s
[23.819s][info][gc,start       ] GC(348) Pause Young (Allocation Failure)
[23.821s][info][gc,heap        ] GC(348) PSYoungGen: 687424K(692224K)->320K(692224K) Eden: 687104K(687104K)->0K(687104K) From: 320K(5120K)->320K(5120K)
[23.821s][info][gc,heap        ] GC(348) ParOldGen: 1045078K(1398272K)->1045238K(1398272K)
[23.821s][info][gc,metaspace   ] GC(348) Metaspace: 1899K(2048K)->1899K(2048K) NonClass: 1749K(1792K)->1749K(1792K) Class: 150K(256K)->150K(256K)
[23.821s][info][gc             ] GC(348) Pause Young (Allocation Failure) 1691M->1021M(2041M) 1.970ms
[23.821s][info][gc,cpu         ] GC(348) User=0.02s Sys=0.00s Real=0.00s
[23.887s][info][gc,start       ] GC(349) Pause Young (Allocation Failure)
[23.889s][info][gc,heap        ] GC(349) PSYoungGen: 687424K(692224K)->320K(692736K) Eden: 687104K(687104K)->0K(688640K) From: 320K(5120K)->320K(4096K)
[23.889s][info][gc,heap        ] GC(349) ParOldGen: 1045238K(1398272K)->1045398K(1398272K)
[23.889s][info][gc,metaspace   ] GC(349) Metaspace: 1899K(2048K)->1899K(2048K) NonClass: 1749K(1792K)->1749K(1792K) Class: 150K(256K)->150K(256K)
[23.889s][info][gc             ] GC(349) Pause Young (Allocation Failure) 1692M->1021M(2042M) 2.001ms
[23.889s][info][gc,cpu         ] GC(349) User=0.00s Sys=0.00s Real=0.00s
[23.952s][info][gc,start       ] GC(350) Pause Young (Allocation Failure)
[23.954s][info][gc,heap        ] GC(350) PSYoungGen: 688960K(692736K)->320K(693248K) Eden: 688640K(688640K)->0K(688640K) From: 320K(4096K)->320K(4608K)
[23.954s][info][gc,heap        ] GC(350) ParOldGen: 1045398K(1398272K)->1045646K(1398272K)
[23.954s][info][gc,metaspace   ] GC(350) Metaspace: 1899K(2048K)->1899K(2048K) NonClass: 1749K(1792K)->1749K(1792K) Class: 150K(256K)->150K(256K)
[23.955s][info][gc             ] GC(350) Pause Young (Allocation Failure) 1693M->1021M(2042M) 2.058ms
[23.955s][info][gc,cpu         ] GC(350) User=0.03s Sys=0.00s Real=0.00s
[24.018s][info][gc,start       ] GC(351) Pause Young (Allocation Failure)
[24.020s][info][gc,heap        ] GC(351) PSYoungGen: 688960K(693248K)->320K(693248K) Eden: 688640K(688640K)->0K(689664K) From: 320K(4608K)->320K(3584K)
[24.020s][info][gc,heap        ] GC(351) ParOldGen: 1045646K(1398272K)->1045814K(1398272K)
[24.020s][info][gc,metaspace   ] GC(351) Metaspace: 1899K(2048K)->1899K(2048K) NonClass: 1749K(1792K)->1749K(1792K) Class: 150K(256K)->150K(256K)
[24.020s][info][gc             ] GC(351) Pause Young (Allocation Failure) 1693M->1021M(2042M) 1.972ms
[24.020s][info][gc,cpu         ] GC(351) User=0.02s Sys=0.00s Real=0.00s
[24.085s][info][gc,start       ] GC(352) Pause Young (Allocation Failure)
[24.087s][info][gc,heap        ] GC(352) PSYoungGen: 689984K(693248K)->320K(693760K) Eden: 689664K(689664K)->0K(689664K) From: 320K(3584K)->320K(4096K)
[24.087s][info][gc,heap        ] GC(352) ParOldGen: 1045814K(1398272K)->1045974K(1398272K)
[24.087s][info][gc,metaspace   ] GC(352) Metaspace: 1899K(2048K)->1899K(2048K) NonClass: 1749K(1792K)->1749K(1792K) Class: 150K(256K)->150K(256K)
[24.087s][info][gc             ] GC(352) Pause Young (Allocation Failure) 1695M->1021M(2043M) 2.247ms
[24.087s][info][gc,cpu         ] GC(352) User=0.00s Sys=0.00s Real=0.00s
[24.151s][info][gc,start       ] GC(353) Pause Young (Allocation Failure)
[24.153s][info][gc,heap        ] GC(353) PSYoungGen: 689984K(693760K)->320K(693760K) Eden: 689664K(689664K)->0K(690688K) From: 320K(4096K)->320K(3072K)
[24.153s][info][gc,heap        ] GC(353) ParOldGen: 1045974K(1398272K)->1046134K(1398272K)
[24.153s][info][gc,metaspace   ] GC(353) Metaspace: 1899K(2048K)->1899K(2048K) NonClass: 1749K(1792K)->1749K(1792K) Class: 150K(256K)->150K(256K)
[24.153s][info][gc             ] GC(353) Pause Young (Allocation Failure) 1695M->1021M(2043M) 1.859ms
[24.153s][info][gc,cpu         ] GC(353) User=0.00s Sys=0.00s Real=0.00s
[24.216s][info][gc,start       ] GC(354) Pause Young (Allocation Failure)
[24.217s][info][gc,heap        ] GC(354) PSYoungGen: 691008K(693760K)->320K(694272K) Eden: 690688K(690688K)->0K(690688K) From: 320K(3072K)->320K(3584K)
[24.217s][info][gc,heap        ] GC(354) ParOldGen: 1046134K(1398272K)->1046294K(1398272K)
[24.217s][info][gc,metaspace   ] GC(354) Metaspace: 1899K(2048K)->1899K(2048K) NonClass: 1749K(1792K)->1749K(1792K) Class: 150K(256K)->150K(256K)
[24.217s][info][gc             ] GC(354) Pause Young (Allocation Failure) 1696M->1022M(2043M) 1.883ms
[24.218s][info][gc,cpu         ] GC(354) User=0.00s Sys=0.00s Real=0.00s
[24.282s][info][gc,start       ] GC(355) Pause Young (Allocation Failure)
[24.283s][info][gc,heap        ] GC(355) PSYoungGen: 691008K(694272K)->320K(694272K) Eden: 690688K(690688K)->0K(691712K) From: 320K(3584K)->320K(2560K)
[24.284s][info][gc,heap        ] GC(355) ParOldGen: 1046294K(1398272K)->1046454K(1398272K)
[24.284s][info][gc,metaspace   ] GC(355) Metaspace: 1899K(2048K)->1899K(2048K) NonClass: 1749K(1792K)->1749K(1792K) Class: 150K(256K)->150K(256K)
[24.284s][info][gc             ] GC(355) Pause Young (Allocation Failure) 1696M->1022M(2043M) 2.019ms
[24.284s][info][gc,cpu         ] GC(355) User=0.00s Sys=0.00s Real=0.00s
[24.349s][info][gc,start       ] GC(356) Pause Young (Allocation Failure)
[24.351s][info][gc,heap        ] GC(356) PSYoungGen: 692032K(694272K)->320K(694784K) Eden: 691712K(691712K)->0K(691712K) From: 320K(2560K)->320K(3072K)
[24.351s][info][gc,heap        ] GC(356) ParOldGen: 1046454K(1398272K)->1046622K(1398272K)
[24.351s][info][gc,metaspace   ] GC(356) Metaspace: 1899K(2048K)->1899K(2048K) NonClass: 1749K(1792K)->1749K(1792K) Class: 150K(256K)->150K(256K)
[24.351s][info][gc             ] GC(356) Pause Young (Allocation Failure) 1697M->1022M(2044M) 2.004ms
[24.351s][info][gc,cpu         ] GC(356) User=0.02s Sys=0.00s Real=0.00s
[24.416s][info][gc,start       ] GC(357) Pause Young (Allocation Failure)
[24.418s][info][gc,heap        ] GC(357) PSYoungGen: 692032K(694784K)->320K(695808K) Eden: 691712K(691712K)->0K(692736K) From: 320K(3072K)->320K(3072K)
[24.418s][info][gc,heap        ] GC(357) ParOldGen: 1046622K(1398272K)->1046782K(1398272K)
[24.418s][info][gc,metaspace   ] GC(357) Metaspace: 1899K(2048K)->1899K(2048K) NonClass: 1749K(1792K)->1749K(1792K) Class: 150K(256K)->150K(256K)
[24.418s][info][gc             ] GC(357) Pause Young (Allocation Failure) 1697M->1022M(2045M) 1.903ms
[24.418s][info][gc,cpu         ] GC(357) User=0.00s Sys=0.00s Real=0.00s
[24.482s][info][gc,start       ] GC(358) Pause Young (Allocation Failure)
[24.484s][info][gc,heap        ] GC(358) PSYoungGen: 693056K(695808K)->320K(693248K) Eden: 692736K(692736K)->0K(692736K) From: 320K(3072K)->320K(512K)
[24.484s][info][gc,heap        ] GC(358) ParOldGen: 1046782K(1398272K)->1046942K(1398272K)
[24.484s][info][gc,metaspace   ] GC(358) Metaspace: 1899K(2048K)->1899K(2048K) NonClass: 1749K(1792K)->1749K(1792K) Class: 150K(256K)->150K(256K)
[24.484s][info][gc             ] GC(358) Pause Young (Allocation Failure) 1699M->1022M(2042M) 2.025ms
[24.484s][info][gc,cpu         ] GC(358) User=0.03s Sys=0.00s Real=0.00s
[24.549s][info][gc,start       ] GC(359) Pause Young (Allocation Failure)
[24.550s][info][gc,heap        ] GC(359) PSYoungGen: 693056K(693248K)->320K(695296K) Eden: 692736K(692736K)->0K(692736K) From: 320K(512K)->320K(2560K)
[24.551s][info][gc,heap        ] GC(359) ParOldGen: 1046942K(1398272K)->1047102K(1398272K)
[24.551s][info][gc,metaspace   ] GC(359) Metaspace: 1899K(2048K)->1899K(2048K) NonClass: 1749K(1792K)->1749K(1792K) Class: 150K(256K)->150K(256K)
[24.551s][info][gc             ] GC(359) Pause Young (Allocation Failure) 1699M->1022M(2044M) 1.863ms
[24.551s][info][gc,cpu         ] GC(359) User=0.02s Sys=0.00s Real=0.00s
[24.615s][info][gc,start       ] GC(360) Pause Young (Allocation Failure)
[24.617s][info][gc,heap        ] GC(360) PSYoungGen: 693056K(695296K)->320K(695296K) Eden: 692736K(692736K)->0K(692736K) From: 320K(2560K)->320K(2560K)
[24.617s][info][gc,heap        ] GC(360) ParOldGen: 1047102K(1398272K)->1047262K(1398272K)
[24.617s][info][gc,metaspace   ] GC(360) Metaspace: 1900K(2048K)->1900K(2048K) NonClass: 1750K(1792K)->1750K(1792K) Class: 150K(256K)->150K(256K)
[24.617s][info][gc             ] GC(360) Pause Young (Allocation Failure) 1699M->1023M(2044M) 2.008ms
[24.617s][info][gc,cpu         ] GC(360) User=0.00s Sys=0.00s Real=0.00s
[24.681s][info][gc,start       ] GC(361) Pause Young (Allocation Failure)
[24.683s][info][gc,heap        ] GC(361) PSYoungGen: 693056K(695296K)->320K(695296K) Eden: 692736K(692736K)->0K(693760K) From: 320K(2560K)->320K(1536K)
[24.683s][info][gc,heap        ] GC(361) ParOldGen: 1047262K(1398272K)->1047430K(1398272K)
[24.683s][info][gc,metaspace   ] GC(361) Metaspace: 1900K(2048K)->1900K(2048K) NonClass: 1750K(1792K)->1750K(1792K) Class: 150K(256K)->150K(256K)
[24.683s][info][gc             ] GC(361) Pause Young (Allocation Failure) 1699M->1023M(2044M) 1.944ms
[24.683s][info][gc,cpu         ] GC(361) User=0.00s Sys=0.00s Real=0.00s
[24.748s][info][gc,start       ] GC(362) Pause Young (Allocation Failure)
[24.749s][info][gc,heap        ] GC(362) PSYoungGen: 694080K(695296K)->320K(695808K) Eden: 693760K(693760K)->0K(693760K) From: 320K(1536K)->320K(2048K)
[24.749s][info][gc,heap        ] GC(362) ParOldGen: 1047430K(1398272K)->1047598K(1398272K)
[24.749s][info][gc,metaspace   ] GC(362) Metaspace: 1900K(2048K)->1900K(2048K) NonClass: 1750K(1792K)->1750K(1792K) Class: 150K(256K)->150K(256K)
[24.750s][info][gc             ] GC(362) Pause Young (Allocation Failure) 1700M->1023M(2045M) 1.972ms
[24.750s][info][gc,cpu         ] GC(362) User=0.03s Sys=0.00s Real=0.00s
[24.814s][info][gc,start       ] GC(363) Pause Young (Allocation Failure)
[24.816s][info][gc,heap        ] GC(363) PSYoungGen: 694080K(695808K)->320K(696832K) Eden: 693760K(693760K)->0K(694784K) From: 320K(2048K)->320K(2048K)
[24.816s][info][gc,heap        ] GC(363) ParOldGen: 1047598K(1398272K)->1047766K(1398272K)
[24.816s][info][gc,metaspace   ] GC(363) Metaspace: 1900K(2048K)->1900K(2048K) NonClass: 1750K(1792K)->1750K(1792K) Class: 150K(256K)->150K(256K)
[24.816s][info][gc             ] GC(363) Pause Young (Allocation Failure) 1700M->1023M(2046M) 2.002ms
[24.816s][info][gc,cpu         ] GC(363) User=0.00s Sys=0.00s Real=0.00s
[24.883s][info][gc,start       ] GC(364) Pause Young (Allocation Failure)
[24.885s][info][gc,heap        ] GC(364) PSYoungGen: 695104K(696832K)->320K(696832K) Eden: 694784K(694784K)->0K(694784K) From: 320K(2048K)->320K(2048K)
[24.885s][info][gc,heap        ] GC(364) ParOldGen: 1047766K(1398272K)->1047934K(1398272K)
[24.885s][info][gc,metaspace   ] GC(364) Metaspace: 1900K(2048K)->1900K(2048K) NonClass: 1750K(1792K)->1750K(1792K) Class: 150K(256K)->150K(256K)
[24.885s][info][gc             ] GC(364) Pause Young (Allocation Failure) 1702M->1023M(2046M) 2.012ms
[24.885s][info][gc,cpu         ] GC(364) User=0.00s Sys=0.00s Real=0.00s
[24.949s][info][gc,start       ] GC(365) Pause Young (Allocation Failure)
[24.951s][info][gc,heap        ] GC(365) PSYoungGen: 695104K(696832K)->320K(695808K) Eden: 694784K(694784K)->0K(694784K) From: 320K(2048K)->320K(1024K)
[24.951s][info][gc,heap        ] GC(365) ParOldGen: 1047934K(1398272K)->1048166K(1398272K)
[24.951s][info][gc,metaspace   ] GC(365) Metaspace: 1900K(2048K)->1900K(2048K) NonClass: 1750K(1792K)->1750K(1792K) Class: 150K(256K)->150K(256K)
[24.951s][info][gc             ] GC(365) Pause Young (Allocation Failure) 1702M->1023M(2045M) 1.996ms
[24.951s][info][gc,cpu         ] GC(365) User=0.02s Sys=0.00s Real=0.00s
[25.015s][info][gc,start       ] GC(366) Pause Young (Allocation Failure)
[25.017s][info][gc,heap        ] GC(366) PSYoungGen: 695104K(695808K)->320K(696320K) Eden: 694784K(694784K)->0K(694784K) From: 320K(1024K)->320K(1536K)
[25.017s][info][gc,heap        ] GC(366) ParOldGen: 1048166K(1398272K)->1048350K(1398272K)
[25.017s][info][gc,metaspace   ] GC(366) Metaspace: 1900K(2048K)->1900K(2048K) NonClass: 1750K(1792K)->1750K(1792K) Class: 150K(256K)->150K(256K)
[25.017s][info][gc             ] GC(366) Pause Young (Allocation Failure) 1702M->1024M(2045M) 1.933ms
[25.017s][info][gc,cpu         ] GC(366) User=0.00s Sys=0.00s Real=0.00s
[25.082s][info][gc,start       ] GC(367) Pause Young (Allocation Failure)
[25.083s][info][gc,heap        ] GC(367) PSYoungGen: 695104K(696320K)->320K(697344K) Eden: 694784K(694784K)->0K(695808K) From: 320K(1536K)->320K(1536K)
[25.084s][info][gc,heap        ] GC(367) ParOldGen: 1048350K(1398272K)->1048510K(1398272K)
[25.084s][info][gc,metaspace   ] GC(367) Metaspace: 1900K(2048K)->1900K(2048K) NonClass: 1750K(1792K)->1750K(1792K) Class: 150K(256K)->150K(256K)
[25.084s][info][gc             ] GC(367) Pause Young (Allocation Failure) 1702M->1024M(2046M) 1.881ms
[25.084s][info][gc,cpu         ] GC(367) User=0.00s Sys=0.00s Real=0.00s
[25.148s][info][gc,start       ] GC(368) Pause Young (Allocation Failure)
[25.150s][info][gc,heap        ] GC(368) PSYoungGen: 696128K(697344K)->320K(697344K) Eden: 695808K(695808K)->0K(695808K) From: 320K(1536K)->320K(1536K)
[25.150s][info][gc,heap        ] GC(368) ParOldGen: 1048510K(1398272K)->1048670K(1398272K)
[25.150s][info][gc,metaspace   ] GC(368) Metaspace: 1900K(2048K)->1900K(2048K) NonClass: 1750K(1792K)->1750K(1792K) Class: 150K(256K)->150K(256K)
[25.150s][info][gc             ] GC(368) Pause Young (Allocation Failure) 1703M->1024M(2046M) 1.989ms
[25.151s][info][gc,cpu         ] GC(368) User=0.02s Sys=0.00s Real=0.00s
[25.215s][info][gc,start       ] GC(369) Pause Young (Allocation Failure)
[25.217s][info][gc,heap        ] GC(369) PSYoungGen: 696128K(697344K)->320K(697344K) Eden: 695808K(695808K)->0K(695808K) From: 320K(1536K)->320K(1536K)
[25.217s][info][gc,heap        ] GC(369) ParOldGen: 1048670K(1398272K)->1048862K(1398272K)
[25.217s][info][gc,metaspace   ] GC(369) Metaspace: 1900K(2048K)->1900K(2048K) NonClass: 1750K(1792K)->1750K(1792K) Class: 150K(256K)->150K(256K)
[25.217s][info][gc             ] GC(369) Pause Young (Allocation Failure) 1703M->1024M(2046M) 1.930ms
[25.217s][info][gc,cpu         ] GC(369) User=0.00s Sys=0.00s Real=0.00s
[25.281s][info][gc,start       ] GC(370) Pause Young (Allocation Failure)
[25.283s][info][gc,heap        ] GC(370) PSYoungGen: 696128K(697344K)->320K(697344K) Eden: 695808K(695808K)->0K(695808K) From: 320K(1536K)->320K(1536K)
[25.283s][info][gc,heap        ] GC(370) ParOldGen: 1048862K(1398272K)->1049022K(1398272K)
[25.283s][info][gc,metaspace   ] GC(370) Metaspace: 1900K(2048K)->1900K(2048K) NonClass: 1750K(1792K)->1750K(1792K) Class: 150K(256K)->150K(256K)
[25.283s][info][gc             ] GC(370) Pause Young (Allocation Failure) 1704M->1024M(2046M) 1.904ms
[25.283s][info][gc,cpu         ] GC(370) User=0.00s Sys=0.00s Real=0.00s
[25.348s][info][gc,start       ] GC(371) Pause Young (Allocation Failure)
[25.350s][info][gc,heap        ] GC(371) PSYoungGen: 696128K(697344K)->320K(697344K) Eden: 695808K(695808K)->0K(695808K) From: 320K(1536K)->320K(1536K)
[25.350s][info][gc,heap        ] GC(371) ParOldGen: 1049022K(1398272K)->1049182K(1398272K)
[25.350s][info][gc,metaspace   ] GC(371) Metaspace: 1900K(2048K)->1900K(2048K) NonClass: 1750K(1792K)->1750K(1792K) Class: 150K(256K)->150K(256K)
[25.350s][info][gc             ] GC(371) Pause Young (Allocation Failure) 1704M->1024M(2046M) 2.039ms
[25.350s][info][gc,cpu         ] GC(371) User=0.00s Sys=0.00s Real=0.00s
[25.417s][info][gc,start       ] GC(372) Pause Young (Allocation Failure)
[25.419s][info][gc,heap        ] GC(372) PSYoungGen: 696128K(697344K)->320K(696320K) Eden: 695808K(695808K)->0K(695808K) From: 320K(1536K)->320K(512K)
[25.419s][info][gc,heap        ] GC(372) ParOldGen: 1049182K(1398272K)->1049342K(1398272K)
[25.420s][info][gc,metaspace   ] GC(372) Metaspace: 1900K(2048K)->1900K(2048K) NonClass: 1750K(1792K)->1750K(1792K) Class: 150K(256K)->150K(256K)
[25.420s][info][gc             ] GC(372) Pause Young (Allocation Failure) 1704M->1025M(2045M) 2.552ms
[25.420s][info][gc,cpu         ] GC(372) User=0.00s Sys=0.00s Real=0.00s
[25.484s][info][gc,start       ] GC(373) Pause Young (Allocation Failure)
[25.486s][info][gc,heap        ] GC(373) PSYoungGen: 696128K(696320K)->320K(696832K) Eden: 695808K(695808K)->0K(695808K) From: 320K(512K)->320K(1024K)
[25.486s][info][gc,heap        ] GC(373) ParOldGen: 1049342K(1398272K)->1049510K(1398272K)
[25.486s][info][gc,metaspace   ] GC(373) Metaspace: 1900K(2048K)->1900K(2048K) NonClass: 1750K(1792K)->1750K(1792K) Class: 150K(256K)->150K(256K)
[25.486s][info][gc             ] GC(373) Pause Young (Allocation Failure) 1704M->1025M(2046M) 1.929ms
[25.486s][info][gc,cpu         ] GC(373) User=0.02s Sys=0.00s Real=0.00s
[25.550s][info][gc,start       ] GC(374) Pause Young (Allocation Failure)
[25.552s][info][gc,heap        ] GC(374) PSYoungGen: 696128K(696832K)->320K(696832K) Eden: 695808K(695808K)->0K(695808K) From: 320K(1024K)->320K(1024K)
[25.552s][info][gc,heap        ] GC(374) ParOldGen: 1049510K(1398272K)->1049678K(1398272K)
[25.552s][info][gc,metaspace   ] GC(374) Metaspace: 1900K(2048K)->1900K(2048K) NonClass: 1750K(1792K)->1750K(1792K) Class: 150K(256K)->150K(256K)
[25.552s][info][gc             ] GC(374) Pause Young (Allocation Failure) 1704M->1025M(2046M) 1.819ms
[25.552s][info][gc,cpu         ] GC(374) User=0.00s Sys=0.00s Real=0.00s
[25.617s][info][gc,start       ] GC(375) Pause Young (Allocation Failure)
[25.618s][info][gc,heap        ] GC(375) PSYoungGen: 696128K(696832K)->320K(697856K) Eden: 695808K(695808K)->0K(696832K) From: 320K(1024K)->320K(1024K)
[25.619s][info][gc,heap        ] GC(375) ParOldGen: 1049678K(1398272K)->1049838K(1398272K)
[25.619s][info][gc,metaspace   ] GC(375) Metaspace: 1900K(2048K)->1900K(2048K) NonClass: 1750K(1792K)->1750K(1792K) Class: 150K(256K)->150K(256K)
[25.619s][info][gc             ] GC(375) Pause Young (Allocation Failure) 1704M->1025M(2047M) 1.957ms
[25.619s][info][gc,cpu         ] GC(375) User=0.00s Sys=0.00s Real=0.00s
[25.683s][info][gc,start       ] GC(376) Pause Young (Allocation Failure)
[25.685s][info][gc,heap        ] GC(376) PSYoungGen: 697152K(697856K)->320K(697856K) Eden: 696832K(696832K)->0K(696832K) From: 320K(1024K)->320K(1024K)
[25.685s][info][gc,heap        ] GC(376) ParOldGen: 1049838K(1398272K)->1050014K(1398272K)
[25.685s][info][gc,metaspace   ] GC(376) Metaspace: 1900K(2048K)->1900K(2048K) NonClass: 1750K(1792K)->1750K(1792K) Class: 150K(256K)->150K(256K)
[25.685s][info][gc             ] GC(376) Pause Young (Allocation Failure) 1706M->1025M(2047M) 1.812ms
[25.685s][info][gc,cpu         ] GC(376) User=0.00s Sys=0.00s Real=0.00s
[25.749s][info][gc,start       ] GC(377) Pause Young (Allocation Failure)
[25.751s][info][gc,heap        ] GC(377) PSYoungGen: 697152K(697856K)->320K(697856K) Eden: 696832K(696832K)->0K(696832K) From: 320K(1024K)->320K(1024K)
[25.751s][info][gc,heap        ] GC(377) ParOldGen: 1050014K(1398272K)->1050166K(1398272K)
[25.751s][info][gc,metaspace   ] GC(377) Metaspace: 1900K(2048K)->1900K(2048K) NonClass: 1750K(1792K)->1750K(1792K) Class: 150K(256K)->150K(256K)
[25.751s][info][gc             ] GC(377) Pause Young (Allocation Failure) 1706M->1025M(2047M) 1.756ms
[25.751s][info][gc,cpu         ] GC(377) User=0.02s Sys=0.00s Real=0.00s
[25.816s][info][gc,start       ] GC(378) Pause Young (Allocation Failure)
[25.818s][info][gc,heap        ] GC(378) PSYoungGen: 697152K(697856K)->320K(697856K) Eden: 696832K(696832K)->0K(696832K) From: 320K(1024K)->320K(1024K)
[25.818s][info][gc,heap        ] GC(378) ParOldGen: 1050166K(1398272K)->1050342K(1398272K)
[25.818s][info][gc,metaspace   ] GC(378) Metaspace: 1900K(2048K)->1900K(2048K) NonClass: 1750K(1792K)->1750K(1792K) Class: 150K(256K)->150K(256K)
[25.818s][info][gc             ] GC(378) Pause Young (Allocation Failure) 1706M->1026M(2047M) 1.857ms
[25.818s][info][gc,cpu         ] GC(378) User=0.00s Sys=0.00s Real=0.00s
[25.883s][info][gc,start       ] GC(379) Pause Young (Allocation Failure)
[25.885s][info][gc,heap        ] GC(379) PSYoungGen: 697152K(697856K)->320K(697856K) Eden: 696832K(696832K)->0K(696832K) From: 320K(1024K)->320K(1024K)
[25.885s][info][gc,heap        ] GC(379) ParOldGen: 1050342K(1398272K)->1050542K(1398272K)
[25.885s][info][gc,metaspace   ] GC(379) Metaspace: 1900K(2048K)->1900K(2048K) NonClass: 1750K(1792K)->1750K(1792K) Class: 150K(256K)->150K(256K)
[25.885s][info][gc             ] GC(379) Pause Young (Allocation Failure) 1706M->1026M(2047M) 2.043ms
[25.885s][info][gc,cpu         ] GC(379) User=0.00s Sys=0.00s Real=0.00s
[25.950s][info][gc,start       ] GC(380) Pause Young (Allocation Failure)
[25.952s][info][gc,heap        ] GC(380) PSYoungGen: 697152K(697856K)->320K(697856K) Eden: 696832K(696832K)->0K(696832K) From: 320K(1024K)->320K(1024K)
[25.952s][info][gc,heap        ] GC(380) ParOldGen: 1050542K(1398272K)->1050718K(1398272K)
[25.952s][info][gc,metaspace   ] GC(380) Metaspace: 1900K(2048K)->1900K(2048K) NonClass: 1750K(1792K)->1750K(1792K) Class: 150K(256K)->150K(256K)
[25.952s][info][gc             ] GC(380) Pause Young (Allocation Failure) 1706M->1026M(2047M) 1.830ms
[25.952s][info][gc,cpu         ] GC(380) User=0.00s Sys=0.00s Real=0.00s
[26.017s][info][gc,start       ] GC(381) Pause Young (Allocation Failure)
[26.019s][info][gc,heap        ] GC(381) PSYoungGen: 697152K(697856K)->320K(697856K) Eden: 696832K(696832K)->0K(696832K) From: 320K(1024K)->320K(1024K)
[26.019s][info][gc,heap        ] GC(381) ParOldGen: 1050718K(1398272K)->1050886K(1398272K)
[26.019s][info][gc,metaspace   ] GC(381) Metaspace: 1900K(2048K)->1900K(2048K) NonClass: 1750K(1792K)->1750K(1792K) Class: 150K(256K)->150K(256K)
[26.019s][info][gc             ] GC(381) Pause Young (Allocation Failure) 1706M->1026M(2047M) 1.842ms
[26.019s][info][gc,cpu         ] GC(381) User=0.02s Sys=0.00s Real=0.00s
[26.083s][info][gc,start       ] GC(382) Pause Young (Allocation Failure)
[26.085s][info][gc,heap        ] GC(382) PSYoungGen: 697152K(697856K)->320K(697856K) Eden: 696832K(696832K)->0K(696832K) From: 320K(1024K)->320K(1024K)
[26.085s][info][gc,heap        ] GC(382) ParOldGen: 1050886K(1398272K)->1051046K(1398272K)
[26.085s][info][gc,metaspace   ] GC(382) Metaspace: 1900K(2048K)->1900K(2048K) NonClass: 1750K(1792K)->1750K(1792K) Class: 150K(256K)->150K(256K)
[26.085s][info][gc             ] GC(382) Pause Young (Allocation Failure) 1707M->1026M(2047M) 2.044ms
[26.085s][info][gc,cpu         ] GC(382) User=0.00s Sys=0.00s Real=0.00s
[26.150s][info][gc,start       ] GC(383) Pause Young (Allocation Failure)
[26.152s][info][gc,heap        ] GC(383) PSYoungGen: 697152K(697856K)->320K(697856K) Eden: 696832K(696832K)->0K(696832K) From: 320K(1024K)->320K(1024K)
[26.152s][info][gc,heap        ] GC(383) ParOldGen: 1051046K(1398272K)->1051214K(1398272K)
[26.152s][info][gc,metaspace   ] GC(383) Metaspace: 1900K(2048K)->1900K(2048K) NonClass: 1750K(1792K)->1750K(1792K) Class: 150K(256K)->150K(256K)
[26.152s][info][gc             ] GC(383) Pause Young (Allocation Failure) 1707M->1026M(2047M) 1.859ms
[26.152s][info][gc,cpu         ] GC(383) User=0.00s Sys=0.00s Real=0.00s
[26.217s][info][gc,start       ] GC(384) Pause Young (Allocation Failure)
[26.219s][info][gc,heap        ] GC(384) PSYoungGen: 697152K(697856K)->320K(697856K) Eden: 696832K(696832K)->0K(696832K) From: 320K(1024K)->320K(1024K)
[26.219s][info][gc,heap        ] GC(384) ParOldGen: 1051214K(1398272K)->1051382K(1398272K)
[26.219s][info][gc,metaspace   ] GC(384) Metaspace: 1900K(2048K)->1900K(2048K) NonClass: 1750K(1792K)->1750K(1792K) Class: 150K(256K)->150K(256K)
[26.219s][info][gc             ] GC(384) Pause Young (Allocation Failure) 1707M->1027M(2047M) 1.892ms
[26.219s][info][gc,cpu         ] GC(384) User=0.02s Sys=0.00s Real=0.00s
[26.283s][info][gc,start       ] GC(385) Pause Young (Allocation Failure)
[26.285s][info][gc,heap        ] GC(385) PSYoungGen: 697152K(697856K)->320K(697856K) Eden: 696832K(696832K)->0K(696832K) From: 320K(1024K)->320K(1024K)
[26.285s][info][gc,heap        ] GC(385) ParOldGen: 1051382K(1398272K)->1051510K(1398272K)
[26.285s][info][gc,metaspace   ] GC(385) Metaspace: 1900K(2048K)->1900K(2048K) NonClass: 1750K(1792K)->1750K(1792K) Class: 150K(256K)->150K(256K)
[26.285s][info][gc             ] GC(385) Pause Young (Allocation Failure) 1707M->1027M(2047M) 1.754ms
[26.285s][info][gc,cpu         ] GC(385) User=0.00s Sys=0.00s Real=0.00s
[26.350s][info][gc,start       ] GC(386) Pause Young (Allocation Failure)
[26.351s][info][gc,heap        ] GC(386) PSYoungGen: 697152K(697856K)->320K(697856K) Eden: 696832K(696832K)->0K(696832K) From: 320K(1024K)->320K(1024K)
[26.352s][info][gc,heap        ] GC(386) ParOldGen: 1051510K(1398272K)->1051630K(1398272K)
[26.352s][info][gc,metaspace   ] GC(386) Metaspace: 1900K(2048K)->1900K(2048K) NonClass: 1750K(1792K)->1750K(1792K) Class: 150K(256K)->150K(256K)
[26.352s][info][gc             ] GC(386) Pause Young (Allocation Failure) 1707M->1027M(2047M) 1.858ms
[26.352s][info][gc,cpu         ] GC(386) User=0.00s Sys=0.00s Real=0.00s
[26.417s][info][gc,start       ] GC(387) Pause Young (Allocation Failure)
[26.419s][info][gc,heap        ] GC(387) PSYoungGen: 697152K(697856K)->320K(697856K) Eden: 696832K(696832K)->0K(697344K) From: 320K(1024K)->320K(512K)
[26.419s][info][gc,heap        ] GC(387) ParOldGen: 1051630K(1398272K)->1051790K(1398272K)
[26.419s][info][gc,metaspace   ] GC(387) Metaspace: 1900K(2048K)->1900K(2048K) NonClass: 1750K(1792K)->1750K(1792K) Class: 150K(256K)->150K(256K)
[26.419s][info][gc             ] GC(387) Pause Young (Allocation Failure) 1707M->1027M(2047M) 2.038ms
[26.419s][info][gc,cpu         ] GC(387) User=0.00s Sys=0.00s Real=0.00s
[26.485s][info][gc,start       ] GC(388) Pause Young (Allocation Failure)
[26.486s][info][gc,heap        ] GC(388) PSYoungGen: 697664K(697856K)->320K(697856K) Eden: 697344K(697344K)->0K(697344K) From: 320K(512K)->320K(512K)
[26.486s][info][gc,heap        ] GC(388) ParOldGen: 1051790K(1398272K)->1051974K(1398272K)
[26.486s][info][gc,metaspace   ] GC(388) Metaspace: 1900K(2048K)->1900K(2048K) NonClass: 1750K(1792K)->1750K(1792K) Class: 150K(256K)->150K(256K)
[26.486s][info][gc             ] GC(388) Pause Young (Allocation Failure) 1708M->1027M(2047M) 1.921ms
[26.487s][info][gc,cpu         ] GC(388) User=0.00s Sys=0.00s Real=0.00s
[26.551s][info][gc,start       ] GC(389) Pause Young (Allocation Failure)
[26.553s][info][gc,heap        ] GC(389) PSYoungGen: 697664K(697856K)->320K(698368K) Eden: 697344K(697344K)->0K(697856K) From: 320K(512K)->320K(512K)
[26.553s][info][gc,heap        ] GC(389) ParOldGen: 1051974K(1398272K)->1052158K(1398272K)
[26.553s][info][gc,metaspace   ] GC(389) Metaspace: 1900K(2048K)->1900K(2048K) NonClass: 1750K(1792K)->1750K(1792K) Class: 150K(256K)->150K(256K)
[26.553s][info][gc             ] GC(389) Pause Young (Allocation Failure) 1708M->1027M(2047M) 1.934ms
[26.553s][info][gc,cpu         ] GC(389) User=0.00s Sys=0.00s Real=0.00s
[26.617s][info][gc,start       ] GC(390) Pause Young (Allocation Failure)
[26.619s][info][gc,heap        ] GC(390) PSYoungGen: 698176K(698368K)->320K(698368K) Eden: 697856K(697856K)->0K(697856K) From: 320K(512K)->320K(512K)
[26.619s][info][gc,heap        ] GC(390) ParOldGen: 1052158K(1398272K)->1052318K(1398272K)
[26.619s][info][gc,metaspace   ] GC(390) Metaspace: 1900K(2048K)->1900K(2048K) NonClass: 1750K(1792K)->1750K(1792K) Class: 150K(256K)->150K(256K)
[26.619s][info][gc             ] GC(390) Pause Young (Allocation Failure) 1709M->1027M(2047M) 1.856ms
[26.619s][info][gc,cpu         ] GC(390) User=0.00s Sys=0.00s Real=0.00s
[26.684s][info][gc,start       ] GC(391) Pause Young (Allocation Failure)
[26.686s][info][gc,heap        ] GC(391) PSYoungGen: 698176K(698368K)->320K(698368K) Eden: 697856K(697856K)->0K(697856K) From: 320K(512K)->320K(512K)
[26.686s][info][gc,heap        ] GC(391) ParOldGen: 1052318K(1398272K)->1052470K(1398272K)
[26.686s][info][gc,metaspace   ] GC(391) Metaspace: 1900K(2048K)->1900K(2048K) NonClass: 1750K(1792K)->1750K(1792K) Class: 150K(256K)->150K(256K)
[26.686s][info][gc             ] GC(391) Pause Young (Allocation Failure) 1709M->1028M(2047M) 1.774ms
[26.686s][info][gc,cpu         ] GC(391) User=0.00s Sys=0.00s Real=0.00s
[26.750s][info][gc,start       ] GC(392) Pause Young (Allocation Failure)
[26.752s][info][gc,heap        ] GC(392) PSYoungGen: 698176K(698368K)->320K(698368K) Eden: 697856K(697856K)->0K(697856K) From: 320K(512K)->320K(512K)
[26.752s][info][gc,heap        ] GC(392) ParOldGen: 1052470K(1398272K)->1052622K(1398272K)
[26.752s][info][gc,metaspace   ] GC(392) Metaspace: 1900K(2048K)->1900K(2048K) NonClass: 1750K(1792K)->1750K(1792K) Class: 150K(256K)->150K(256K)
[26.752s][info][gc             ] GC(392) Pause Young (Allocation Failure) 1709M->1028M(2047M) 1.855ms
[26.752s][info][gc,cpu         ] GC(392) User=0.00s Sys=0.00s Real=0.00s
[26.817s][info][gc,start       ] GC(393) Pause Young (Allocation Failure)
[26.819s][info][gc,heap        ] GC(393) PSYoungGen: 698176K(698368K)->320K(698368K) Eden: 697856K(697856K)->0K(697856K) From: 320K(512K)->320K(512K)
[26.819s][info][gc,heap        ] GC(393) ParOldGen: 1052622K(1398272K)->1052774K(1398272K)
[26.819s][info][gc,metaspace   ] GC(393) Metaspace: 1900K(2048K)->1900K(2048K) NonClass: 1750K(1792K)->1750K(1792K) Class: 150K(256K)->150K(256K)
[26.819s][info][gc             ] GC(393) Pause Young (Allocation Failure) 1709M->1028M(2047M) 1.836ms
[26.819s][info][gc,cpu         ] GC(393) User=0.00s Sys=0.00s Real=0.00s
[26.884s][info][gc,start       ] GC(394) Pause Young (Allocation Failure)
[26.885s][info][gc,heap        ] GC(394) PSYoungGen: 698176K(698368K)->320K(698368K) Eden: 697856K(697856K)->0K(697856K) From: 320K(512K)->320K(512K)
[26.885s][info][gc,heap        ] GC(394) ParOldGen: 1052774K(1398272K)->1052934K(1398272K)
[26.885s][info][gc,metaspace   ] GC(394) Metaspace: 1900K(2048K)->1900K(2048K) NonClass: 1750K(1792K)->1750K(1792K) Class: 150K(256K)->150K(256K)
[26.885s][info][gc             ] GC(394) Pause Young (Allocation Failure) 1709M->1028M(2047M) 1.814ms
[26.885s][info][gc,cpu         ] GC(394) User=0.00s Sys=0.00s Real=0.00s
[26.952s][info][gc,start       ] GC(395) Pause Young (Allocation Failure)
[26.954s][info][gc,heap        ] GC(395) PSYoungGen: 698176K(698368K)->320K(698368K) Eden: 697856K(697856K)->0K(697856K) From: 320K(512K)->320K(512K)
[26.954s][info][gc,heap        ] GC(395) ParOldGen: 1052934K(1398272K)->1053086K(1398272K)
[26.954s][info][gc,metaspace   ] GC(395) Metaspace: 1900K(2048K)->1900K(2048K) NonClass: 1750K(1792K)->1750K(1792K) Class: 150K(256K)->150K(256K)
[26.954s][info][gc             ] GC(395) Pause Young (Allocation Failure) 1710M->1028M(2047M) 1.993ms
[26.954s][info][gc,cpu         ] GC(395) User=0.00s Sys=0.00s Real=0.00s
[27.019s][info][gc,start       ] GC(396) Pause Young (Allocation Failure)
[27.020s][info][gc,heap        ] GC(396) PSYoungGen: 698176K(698368K)->320K(698368K) Eden: 697856K(697856K)->0K(697856K) From: 320K(512K)->320K(512K)
[27.020s][info][gc,heap        ] GC(396) ParOldGen: 1053086K(1398272K)->1053262K(1398272K)
[27.020s][info][gc,metaspace   ] GC(396) Metaspace: 1900K(2048K)->1900K(2048K) NonClass: 1750K(1792K)->1750K(1792K) Class: 150K(256K)->150K(256K)
[27.020s][info][gc             ] GC(396) Pause Young (Allocation Failure) 1710M->1028M(2047M) 1.772ms
[27.020s][info][gc,cpu         ] GC(396) User=0.00s Sys=0.00s Real=0.00s
[27.085s][info][gc,start       ] GC(397) Pause Young (Allocation Failure)
[27.087s][info][gc,heap        ] GC(397) PSYoungGen: 698176K(698368K)->320K(698368K) Eden: 697856K(697856K)->0K(697856K) From: 320K(512K)->320K(512K)
[27.087s][info][gc,heap        ] GC(397) ParOldGen: 1053262K(1398272K)->1053430K(1398272K)
[27.087s][info][gc,metaspace   ] GC(397) Metaspace: 1900K(2048K)->1900K(2048K) NonClass: 1750K(1792K)->1750K(1792K) Class: 150K(256K)->150K(256K)
[27.087s][info][gc             ] GC(397) Pause Young (Allocation Failure) 1710M->1029M(2047M) 1.843ms
[27.087s][info][gc,cpu         ] GC(397) User=0.00s Sys=0.00s Real=0.00s
[27.152s][info][gc,start       ] GC(398) Pause Young (Allocation Failure)
[27.154s][info][gc,heap        ] GC(398) PSYoungGen: 698176K(698368K)->288K(698368K) Eden: 697856K(697856K)->0K(697856K) From: 320K(512K)->288K(512K)
[27.154s][info][gc,heap        ] GC(398) ParOldGen: 1053430K(1398272K)->1053582K(1398272K)
[27.154s][info][gc,metaspace   ] GC(398) Metaspace: 1900K(2048K)->1900K(2048K) NonClass: 1750K(1792K)->1750K(1792K) Class: 150K(256K)->150K(256K)
[27.154s][info][gc             ] GC(398) Pause Young (Allocation Failure) 1710M->1029M(2047M) 2.398ms
[27.154s][info][gc,cpu         ] GC(398) User=0.00s Sys=0.00s Real=0.00s
[27.227s][info][gc,start       ] GC(399) Pause Young (Allocation Failure)
[27.247s][info][gc,heap        ] GC(399) PSYoungGen: 698144K(698368K)->512K(634880K) Eden: 697856K(697856K)->0K(634368K) From: 288K(512K)->512K(512K)
[27.247s][info][gc,heap        ] GC(399) ParOldGen: 1053582K(1398272K)->1139366K(1398272K)
[27.247s][info][gc,metaspace   ] GC(399) Metaspace: 1901K(2048K)->1901K(2048K) NonClass: 1751K(1792K)->1751K(1792K) Class: 150K(256K)->150K(256K)
[27.247s][info][gc             ] GC(399) Pause Young (Allocation Failure) 1710M->1113M(1985M) 19.669ms
[27.247s][info][gc,cpu         ] GC(399) User=0.11s Sys=0.00s Real=0.02s
[27.306s][info][gc,start       ] GC(400) Pause Young (Allocation Failure)
[27.310s][info][gc,heap        ] GC(400) PSYoungGen: 634880K(634880K)->320K(666624K) Eden: 634368K(634368K)->0K(634368K) From: 512K(512K)->320K(32256K)
[27.310s][info][gc,heap        ] GC(400) ParOldGen: 1139366K(1398272K)->1139910K(1398272K)
[27.310s][info][gc,metaspace   ] GC(400) Metaspace: 1901K(2048K)->1901K(2048K) NonClass: 1751K(1792K)->1751K(1792K) Class: 150K(256K)->150K(256K)
[27.310s][info][gc             ] GC(400) Pause Young (Allocation Failure) 1732M->1113M(2016M) 4.521ms
[27.311s][info][gc,cpu         ] GC(400) User=0.00s Sys=0.00s Real=0.00s
[27.370s][info][gc,start       ] GC(401) Pause Young (Allocation Failure)
[27.371s][info][gc,heap        ] GC(401) PSYoungGen: 634688K(666624K)->320K(664064K) Eden: 634368K(634368K)->0K(634880K) From: 320K(32256K)->320K(29184K)
[27.371s][info][gc,heap        ] GC(401) ParOldGen: 1139910K(1398272K)->1140054K(1398272K)
[27.371s][info][gc,metaspace   ] GC(401) Metaspace: 1901K(2048K)->1901K(2048K) NonClass: 1751K(1792K)->1751K(1792K) Class: 150K(256K)->150K(256K)
[27.371s][info][gc             ] GC(401) Pause Young (Allocation Failure) 1733M->1113M(2014M) 1.968ms
[27.372s][info][gc,cpu         ] GC(401) User=0.00s Sys=0.00s Real=0.00s
[27.431s][info][gc,start       ] GC(402) Pause Young (Allocation Failure)
[27.433s][info][gc,heap        ] GC(402) PSYoungGen: 635200K(664064K)->320K(665600K) Eden: 634880K(634880K)->0K(634880K) From: 320K(29184K)->320K(30720K)
[27.433s][info][gc,heap        ] GC(402) ParOldGen: 1140054K(1398272K)->1140206K(1398272K)
[27.433s][info][gc,metaspace   ] GC(402) Metaspace: 1901K(2048K)->1901K(2048K) NonClass: 1751K(1792K)->1751K(1792K) Class: 150K(256K)->150K(256K)
[27.433s][info][gc             ] GC(402) Pause Young (Allocation Failure) 1733M->1113M(2015M) 2.005ms
[27.433s][info][gc,cpu         ] GC(402) User=0.00s Sys=0.00s Real=0.00s
[27.494s][info][gc,start       ] GC(403) Pause Young (Allocation Failure)
[27.495s][info][gc,heap        ] GC(403) PSYoungGen: 635200K(665600K)->320K(664576K) Eden: 634880K(634880K)->0K(638464K) From: 320K(30720K)->320K(26112K)
[27.495s][info][gc,heap        ] GC(403) ParOldGen: 1140206K(1398272K)->1140358K(1398272K)
[27.495s][info][gc,metaspace   ] GC(403) Metaspace: 1901K(2048K)->1901K(2048K) NonClass: 1751K(1792K)->1751K(1792K) Class: 150K(256K)->150K(256K)
[27.495s][info][gc             ] GC(403) Pause Young (Allocation Failure) 1733M->1113M(2014M) 1.880ms
[27.495s][info][gc,cpu         ] GC(403) User=0.00s Sys=0.00s Real=0.00s
[27.555s][info][gc,start       ] GC(404) Pause Young (Allocation Failure)
[27.556s][info][gc,heap        ] GC(404) PSYoungGen: 638784K(664576K)->320K(666624K) Eden: 638464K(638464K)->0K(638464K) From: 320K(26112K)->320K(28160K)
[27.557s][info][gc,heap        ] GC(404) ParOldGen: 1140358K(1398272K)->1140502K(1398272K)
[27.557s][info][gc,metaspace   ] GC(404) Metaspace: 1901K(2048K)->1901K(2048K) NonClass: 1751K(1792K)->1751K(1792K) Class: 150K(256K)->150K(256K)
[27.557s][info][gc             ] GC(404) Pause Young (Allocation Failure) 1737M->1114M(2016M) 1.808ms
[27.557s][info][gc,cpu         ] GC(404) User=0.00s Sys=0.00s Real=0.00s
[27.615s][info][gc,start       ] GC(405) Pause Young (Allocation Failure)
[27.617s][info][gc,heap        ] GC(405) PSYoungGen: 638784K(666624K)->320K(666624K) Eden: 638464K(638464K)->0K(643584K) From: 320K(28160K)->320K(23040K)
[27.617s][info][gc,heap        ] GC(405) ParOldGen: 1140502K(1398272K)->1140678K(1398272K)
[27.617s][info][gc,metaspace   ] GC(405) Metaspace: 1901K(2048K)->1901K(2048K) NonClass: 1751K(1792K)->1751K(1792K) Class: 150K(256K)->150K(256K)
[27.617s][info][gc             ] GC(405) Pause Young (Allocation Failure) 1737M->1114M(2016M) 1.817ms
[27.617s][info][gc,cpu         ] GC(405) User=0.00s Sys=0.00s Real=0.00s
[27.677s][info][gc,start       ] GC(406) Pause Young (Allocation Failure)
[27.679s][info][gc,heap        ] GC(406) PSYoungGen: 643904K(666624K)->320K(669184K) Eden: 643584K(643584K)->0K(643584K) From: 320K(23040K)->320K(25600K)
[27.679s][info][gc,heap        ] GC(406) ParOldGen: 1140678K(1398272K)->1140838K(1398272K)
[27.679s][info][gc,metaspace   ] GC(406) Metaspace: 1901K(2048K)->1901K(2048K) NonClass: 1751K(1792K)->1751K(1792K) Class: 150K(256K)->150K(256K)
[27.679s][info][gc             ] GC(406) Pause Young (Allocation Failure) 1742M->1114M(2019M) 1.994ms
[27.679s][info][gc,cpu         ] GC(406) User=0.00s Sys=0.00s Real=0.00s
[27.739s][info][gc,start       ] GC(407) Pause Young (Allocation Failure)
[27.741s][info][gc,heap        ] GC(407) PSYoungGen: 643904K(669184K)->320K(669184K) Eden: 643584K(643584K)->0K(648704K) From: 320K(25600K)->320K(20480K)
[27.741s][info][gc,heap        ] GC(407) ParOldGen: 1140838K(1398272K)->1141006K(1398272K)
[27.741s][info][gc,metaspace   ] GC(407) Metaspace: 1901K(2048K)->1901K(2048K) NonClass: 1751K(1792K)->1751K(1792K) Class: 150K(256K)->150K(256K)
[27.741s][info][gc             ] GC(407) Pause Young (Allocation Failure) 1742M->1114M(2019M) 1.872ms
[27.741s][info][gc,cpu         ] GC(407) User=0.00s Sys=0.00s Real=0.00s
[27.801s][info][gc,start       ] GC(408) Pause Young (Allocation Failure)
[27.802s][info][gc,heap        ] GC(408) PSYoungGen: 649024K(669184K)->320K(671744K) Eden: 648704K(648704K)->0K(648704K) From: 320K(20480K)->320K(23040K)
[27.802s][info][gc,heap        ] GC(408) ParOldGen: 1141006K(1398272K)->1141174K(1398272K)
[27.802s][info][gc,metaspace   ] GC(408) Metaspace: 1901K(2048K)->1901K(2048K) NonClass: 1751K(1792K)->1751K(1792K) Class: 150K(256K)->150K(256K)
[27.803s][info][gc             ] GC(408) Pause Young (Allocation Failure) 1748M->1114M(2021M) 1.813ms
[27.803s][info][gc,cpu         ] GC(408) User=0.00s Sys=0.00s Real=0.00s
[27.863s][info][gc,start       ] GC(409) Pause Young (Allocation Failure)
[27.864s][info][gc,heap        ] GC(409) PSYoungGen: 649024K(671744K)->320K(671744K) Eden: 648704K(648704K)->0K(653824K) From: 320K(23040K)->320K(17920K)
[27.864s][info][gc,heap        ] GC(409) ParOldGen: 1141174K(1398272K)->1141326K(1398272K)
[27.864s][info][gc,metaspace   ] GC(409) Metaspace: 1901K(2048K)->1901K(2048K) NonClass: 1751K(1792K)->1751K(1792K) Class: 150K(256K)->150K(256K)
[27.864s][info][gc             ] GC(409) Pause Young (Allocation Failure) 1748M->1114M(2021M) 1.904ms
[27.864s][info][gc,cpu         ] GC(409) User=0.00s Sys=0.00s Real=0.00s
[27.925s][info][gc,start       ] GC(410) Pause Young (Allocation Failure)
[27.927s][info][gc,heap        ] GC(410) PSYoungGen: 654144K(671744K)->320K(674304K) Eden: 653824K(653824K)->0K(653824K) From: 320K(17920K)->320K(20480K)
[27.927s][info][gc,heap        ] GC(410) ParOldGen: 1141326K(1398272K)->1141486K(1398272K)
[27.927s][info][gc,metaspace   ] GC(410) Metaspace: 1901K(2048K)->1901K(2048K) NonClass: 1751K(1792K)->1751K(1792K) Class: 150K(256K)->150K(256K)
[27.927s][info][gc             ] GC(410) Pause Young (Allocation Failure) 1753M->1115M(2024M) 1.931ms
[27.927s][info][gc,cpu         ] GC(410) User=0.00s Sys=0.00s Real=0.00s
[27.990s][info][gc,start       ] GC(411) Pause Young (Allocation Failure)
[27.992s][info][gc,heap        ] GC(411) PSYoungGen: 654144K(674304K)->320K(675328K) Eden: 653824K(653824K)->0K(658944K) From: 320K(20480K)->320K(16384K)
[27.992s][info][gc,heap        ] GC(411) ParOldGen: 1141486K(1398272K)->1141710K(1398272K)
[27.992s][info][gc,metaspace   ] GC(411) Metaspace: 1901K(2048K)->1901K(2048K) NonClass: 1751K(1792K)->1751K(1792K) Class: 150K(256K)->150K(256K)
[27.992s][info][gc             ] GC(411) Pause Young (Allocation Failure) 1753M->1115M(2025M) 2.036ms
[27.992s][info][gc,cpu         ] GC(411) User=0.00s Sys=0.00s Real=0.00s
[28.053s][info][gc,start       ] GC(412) Pause Young (Allocation Failure)
[28.055s][info][gc,heap        ] GC(412) PSYoungGen: 659264K(675328K)->320K(677376K) Eden: 658944K(658944K)->0K(658944K) From: 320K(16384K)->320K(18432K)
[28.055s][info][gc,heap        ] GC(412) ParOldGen: 1141710K(1398272K)->1141886K(1398272K)
[28.055s][info][gc,metaspace   ] GC(412) Metaspace: 1901K(2048K)->1901K(2048K) NonClass: 1751K(1792K)->1751K(1792K) Class: 150K(256K)->150K(256K)
[28.055s][info][gc             ] GC(412) Pause Young (Allocation Failure) 1758M->1115M(2027M) 1.874ms
[28.055s][info][gc,cpu         ] GC(412) User=0.00s Sys=0.00s Real=0.00s
[28.116s][info][gc,start       ] GC(413) Pause Young (Allocation Failure)
[28.118s][info][gc,heap        ] GC(413) PSYoungGen: 659264K(677376K)->320K(676352K) Eden: 658944K(658944K)->0K(663040K) From: 320K(18432K)->320K(13312K)
[28.118s][info][gc,heap        ] GC(413) ParOldGen: 1141886K(1398272K)->1142038K(1398272K)
[28.118s][info][gc,metaspace   ] GC(413) Metaspace: 1901K(2048K)->1901K(2048K) NonClass: 1751K(1792K)->1751K(1792K) Class: 150K(256K)->150K(256K)
[28.118s][info][gc             ] GC(413) Pause Young (Allocation Failure) 1758M->1115M(2026M) 2.297ms
[28.118s][info][gc,cpu         ] GC(413) User=0.00s Sys=0.00s Real=0.00s
[28.180s][info][gc,start       ] GC(414) Pause Young (Allocation Failure)
[28.182s][info][gc,heap        ] GC(414) PSYoungGen: 663360K(676352K)->320K(678912K) Eden: 663040K(663040K)->0K(663040K) From: 320K(13312K)->320K(15872K)
[28.182s][info][gc,heap        ] GC(414) ParOldGen: 1142038K(1398272K)->1142182K(1398272K)
[28.182s][info][gc,metaspace   ] GC(414) Metaspace: 1901K(2048K)->1901K(2048K) NonClass: 1751K(1792K)->1751K(1792K) Class: 150K(256K)->150K(256K)
[28.182s][info][gc             ] GC(414) Pause Young (Allocation Failure) 1763M->1115M(2028M) 1.873ms
[28.182s][info][gc,cpu         ] GC(414) User=0.00s Sys=0.00s Real=0.00s
[28.243s][info][gc,start       ] GC(415) Pause Young (Allocation Failure)
[28.245s][info][gc,heap        ] GC(415) PSYoungGen: 663360K(678912K)->320K(680960K) Eden: 663040K(663040K)->0K(668160K) From: 320K(15872K)->320K(12800K)
[28.245s][info][gc,heap        ] GC(415) ParOldGen: 1142182K(1398272K)->1142334K(1398272K)
[28.245s][info][gc,metaspace   ] GC(415) Metaspace: 1901K(2048K)->1901K(2048K) NonClass: 1751K(1792K)->1751K(1792K) Class: 150K(256K)->150K(256K)
[28.245s][info][gc             ] GC(415) Pause Young (Allocation Failure) 1763M->1115M(2030M) 1.968ms
[28.245s][info][gc,cpu         ] GC(415) User=0.00s Sys=0.00s Real=0.00s
[28.307s][info][gc,start       ] GC(416) Pause Young (Allocation Failure)
[28.309s][info][gc,heap        ] GC(416) PSYoungGen: 668480K(680960K)->320K(682496K) Eden: 668160K(668160K)->0K(668160K) From: 320K(12800K)->320K(14336K)
[28.309s][info][gc,heap        ] GC(416) ParOldGen: 1142334K(1398272K)->1142502K(1398272K)
[28.309s][info][gc,metaspace   ] GC(416) Metaspace: 1901K(2048K)->1901K(2048K) NonClass: 1751K(1792K)->1751K(1792K) Class: 150K(256K)->150K(256K)
[28.309s][info][gc             ] GC(416) Pause Young (Allocation Failure) 1768M->1116M(2032M) 1.858ms
[28.309s][info][gc,cpu         ] GC(416) User=0.00s Sys=0.00s Real=0.00s
[28.371s][info][gc,start       ] GC(417) Pause Young (Allocation Failure)
[28.373s][info][gc,heap        ] GC(417) PSYoungGen: 668480K(682496K)->320K(681984K) Eden: 668160K(668160K)->0K(671232K) From: 320K(14336K)->320K(10752K)
[28.373s][info][gc,heap        ] GC(417) ParOldGen: 1142502K(1398272K)->1142670K(1398272K)
[28.373s][info][gc,metaspace   ] GC(417) Metaspace: 1901K(2048K)->1901K(2048K) NonClass: 1751K(1792K)->1751K(1792K) Class: 150K(256K)->150K(256K)
[28.373s][info][gc             ] GC(417) Pause Young (Allocation Failure) 1768M->1116M(2031M) 1.887ms
[28.373s][info][gc,cpu         ] GC(417) User=0.00s Sys=0.00s Real=0.00s
[28.435s][info][gc,start       ] GC(418) Pause Young (Allocation Failure)
[28.437s][info][gc,heap        ] GC(418) PSYoungGen: 671552K(681984K)->320K(683520K) Eden: 671232K(671232K)->0K(671232K) From: 320K(10752K)->320K(12288K)
[28.437s][info][gc,heap        ] GC(418) ParOldGen: 1142670K(1398272K)->1142814K(1398272K)
[28.437s][info][gc,metaspace   ] GC(418) Metaspace: 1901K(2048K)->1901K(2048K) NonClass: 1751K(1792K)->1751K(1792K) Class: 150K(256K)->150K(256K)
[28.437s][info][gc             ] GC(418) Pause Young (Allocation Failure) 1771M->1116M(2033M) 1.796ms
[28.437s][info][gc,cpu         ] GC(418) User=0.02s Sys=0.00s Real=0.00s
[28.501s][info][gc,start       ] GC(419) Pause Young (Allocation Failure)
[28.504s][info][gc,heap        ] GC(419) PSYoungGen: 671552K(683520K)->320K(685056K) Eden: 671232K(671232K)->0K(675328K) From: 320K(12288K)->320K(9728K)
[28.504s][info][gc,heap        ] GC(419) ParOldGen: 1142814K(1398272K)->1142974K(1398272K)
[28.504s][info][gc,metaspace   ] GC(419) Metaspace: 1901K(2048K)->1901K(2048K) NonClass: 1751K(1792K)->1751K(1792K) Class: 150K(256K)->150K(256K)
[28.504s][info][gc             ] GC(419) Pause Young (Allocation Failure) 1771M->1116M(2034M) 2.777ms
[28.504s][info][gc,cpu         ] GC(419) User=0.00s Sys=0.00s Real=0.00s
[28.566s][info][gc,start       ] GC(420) Pause Young (Allocation Failure)
[28.568s][info][gc,heap        ] GC(420) PSYoungGen: 675648K(685056K)->320K(686080K) Eden: 675328K(675328K)->0K(675328K) From: 320K(9728K)->320K(10752K)
[28.568s][info][gc,heap        ] GC(420) ParOldGen: 1142974K(1398272K)->1143110K(1398272K)
[28.568s][info][gc,metaspace   ] GC(420) Metaspace: 1901K(2048K)->1901K(2048K) NonClass: 1751K(1792K)->1751K(1792K) Class: 150K(256K)->150K(256K)
[28.568s][info][gc             ] GC(420) Pause Young (Allocation Failure) 1775M->1116M(2035M) 1.846ms
[28.568s][info][gc,cpu         ] GC(420) User=0.02s Sys=0.00s Real=0.00s
[28.631s][info][gc,start       ] GC(421) Pause Young (Allocation Failure)
[28.632s][info][gc,heap        ] GC(421) PSYoungGen: 675648K(686080K)->320K(685568K) Eden: 675328K(675328K)->0K(677888K) From: 320K(10752K)->320K(7680K)
[28.632s][info][gc,heap        ] GC(421) ParOldGen: 1143110K(1398272K)->1143278K(1398272K)
[28.632s][info][gc,metaspace   ] GC(421) Metaspace: 1901K(2048K)->1901K(2048K) NonClass: 1751K(1792K)->1751K(1792K) Class: 150K(256K)->150K(256K)
[28.632s][info][gc             ] GC(421) Pause Young (Allocation Failure) 1776M->1116M(2035M) 1.884ms
[28.632s][info][gc,cpu         ] GC(421) User=0.00s Sys=0.00s Real=0.00s
[28.696s][info][gc,start       ] GC(422) Pause Young (Allocation Failure)
[28.697s][info][gc,heap        ] GC(422) PSYoungGen: 678208K(685568K)->320K(687104K) Eden: 677888K(677888K)->0K(677888K) From: 320K(7680K)->320K(9216K)
[28.697s][info][gc,heap        ] GC(422) ParOldGen: 1143278K(1398272K)->1143438K(1398272K)
[28.697s][info][gc,metaspace   ] GC(422) Metaspace: 1901K(2048K)->1901K(2048K) NonClass: 1751K(1792K)->1751K(1792K) Class: 150K(256K)->150K(256K)
[28.697s][info][gc             ] GC(422) Pause Young (Allocation Failure) 1778M->1116M(2036M) 1.889ms
[28.697s][info][gc,cpu         ] GC(422) User=0.02s Sys=0.00s Real=0.00s
[28.760s][info][gc,start       ] GC(423) Pause Young (Allocation Failure)
[28.762s][info][gc,heap        ] GC(423) PSYoungGen: 678208K(687104K)->320K(688128K) Eden: 677888K(677888K)->0K(680960K) From: 320K(9216K)->320K(7168K)
[28.762s][info][gc,heap        ] GC(423) ParOldGen: 1143438K(1398272K)->1143598K(1398272K)
[28.762s][info][gc,metaspace   ] GC(423) Metaspace: 1901K(2048K)->1901K(2048K) NonClass: 1751K(1792K)->1751K(1792K) Class: 150K(256K)->150K(256K)
[28.762s][info][gc             ] GC(423) Pause Young (Allocation Failure) 1778M->1117M(2037M) 1.854ms
[28.762s][info][gc,cpu         ] GC(423) User=0.00s Sys=0.00s Real=0.00s
[28.825s][info][gc,start       ] GC(424) Pause Young (Allocation Failure)
[28.827s][info][gc,heap        ] GC(424) PSYoungGen: 681280K(688128K)->320K(689152K) Eden: 680960K(680960K)->0K(680960K) From: 320K(7168K)->320K(8192K)
[28.827s][info][gc,heap        ] GC(424) ParOldGen: 1143598K(1398272K)->1143758K(1398272K)
[28.827s][info][gc,metaspace   ] GC(424) Metaspace: 1901K(2048K)->1901K(2048K) NonClass: 1751K(1792K)->1751K(1792K) Class: 150K(256K)->150K(256K)
[28.827s][info][gc             ] GC(424) Pause Young (Allocation Failure) 1782M->1117M(2038M) 1.899ms
[28.827s][info][gc,cpu         ] GC(424) User=0.00s Sys=0.00s Real=0.00s
[28.890s][info][gc,start       ] GC(425) Pause Young (Allocation Failure)
[28.892s][info][gc,heap        ] GC(425) PSYoungGen: 681280K(689152K)->320K(689152K) Eden: 680960K(680960K)->0K(683008K) From: 320K(8192K)->320K(6144K)
[28.892s][info][gc,heap        ] GC(425) ParOldGen: 1143758K(1398272K)->1143918K(1398272K)
[28.892s][info][gc,metaspace   ] GC(425) Metaspace: 1901K(2048K)->1901K(2048K) NonClass: 1751K(1792K)->1751K(1792K) Class: 150K(256K)->150K(256K)
[28.892s][info][gc             ] GC(425) Pause Young (Allocation Failure) 1782M->1117M(2038M) 1.803ms
[28.892s][info][gc,cpu         ] GC(425) User=0.02s Sys=0.00s Real=0.00s
[28.955s][info][gc,start       ] GC(426) Pause Young (Allocation Failure)
[28.957s][info][gc,heap        ] GC(426) PSYoungGen: 683328K(689152K)->320K(690176K) Eden: 683008K(683008K)->0K(683008K) From: 320K(6144K)->320K(7168K)
[28.957s][info][gc,heap        ] GC(426) ParOldGen: 1143918K(1398272K)->1144046K(1398272K)
[28.957s][info][gc,metaspace   ] GC(426) Metaspace: 1901K(2048K)->1901K(2048K) NonClass: 1751K(1792K)->1751K(1792K) Class: 150K(256K)->150K(256K)
[28.957s][info][gc             ] GC(426) Pause Young (Allocation Failure) 1784M->1117M(2039M) 1.772ms
[28.957s][info][gc,cpu         ] GC(426) User=0.00s Sys=0.00s Real=0.00s
[29.023s][info][gc,start       ] GC(427) Pause Young (Allocation Failure)
[29.024s][info][gc,heap        ] GC(427) PSYoungGen: 683328K(690176K)->320K(690176K) Eden: 683008K(683008K)->0K(685056K) From: 320K(7168K)->320K(5120K)
[29.024s][info][gc,heap        ] GC(427) ParOldGen: 1144046K(1398272K)->1144174K(1398272K)
[29.024s][info][gc,metaspace   ] GC(427) Metaspace: 1901K(2048K)->1901K(2048K) NonClass: 1751K(1792K)->1751K(1792K) Class: 150K(256K)->150K(256K)
[29.024s][info][gc             ] GC(427) Pause Young (Allocation Failure) 1784M->1117M(2039M) 1.781ms
[29.024s][info][gc,cpu         ] GC(427) User=0.00s Sys=0.00s Real=0.00s
[29.088s][info][gc,start       ] GC(428) Pause Young (Allocation Failure)
[29.090s][info][gc,heap        ] GC(428) PSYoungGen: 685376K(690176K)->320K(691200K) Eden: 685056K(685056K)->0K(685056K) From: 320K(5120K)->320K(6144K)
[29.090s][info][gc,heap        ] GC(428) ParOldGen: 1144174K(1398272K)->1144334K(1398272K)
[29.090s][info][gc,metaspace   ] GC(428) Metaspace: 1901K(2048K)->1901K(2048K) NonClass: 1751K(1792K)->1751K(1792K) Class: 150K(256K)->150K(256K)
[29.090s][info][gc             ] GC(428) Pause Young (Allocation Failure) 1786M->1117M(2040M) 1.912ms
[29.090s][info][gc,cpu         ] GC(428) User=0.02s Sys=0.00s Real=0.00s
[29.154s][info][gc,start       ] GC(429) Pause Young (Allocation Failure)
[29.155s][info][gc,heap        ] GC(429) PSYoungGen: 685376K(691200K)->320K(691200K) Eden: 685056K(685056K)->0K(687104K) From: 320K(6144K)->320K(4096K)
[29.155s][info][gc,heap        ] GC(429) ParOldGen: 1144334K(1398272K)->1144494K(1398272K)
[29.155s][info][gc,metaspace   ] GC(429) Metaspace: 1901K(2048K)->1901K(2048K) NonClass: 1751K(1792K)->1751K(1792K) Class: 150K(256K)->150K(256K)
[29.155s][info][gc             ] GC(429) Pause Young (Allocation Failure) 1786M->1117M(2040M) 1.834ms
[29.155s][info][gc,cpu         ] GC(429) User=0.02s Sys=0.00s Real=0.00s
[29.220s][info][gc,start       ] GC(430) Pause Young (Allocation Failure)
[29.222s][info][gc,heap        ] GC(430) PSYoungGen: 687424K(691200K)->320K(692224K) Eden: 687104K(687104K)->0K(687104K) From: 320K(4096K)->320K(5120K)
[29.222s][info][gc,heap        ] GC(430) ParOldGen: 1144494K(1398272K)->1144654K(1398272K)
[29.222s][info][gc,metaspace   ] GC(430) Metaspace: 1901K(2048K)->1901K(2048K) NonClass: 1751K(1792K)->1751K(1792K) Class: 150K(256K)->150K(256K)
[29.222s][info][gc             ] GC(430) Pause Young (Allocation Failure) 1788M->1118M(2041M) 2.770ms
[29.222s][info][gc,cpu         ] GC(430) User=0.02s Sys=0.00s Real=0.00s
[29.286s][info][gc,start       ] GC(431) Pause Young (Allocation Failure)
[29.288s][info][gc,heap        ] GC(431) PSYoungGen: 687424K(692224K)->320K(693248K) Eden: 687104K(687104K)->0K(689152K) From: 320K(5120K)->320K(4096K)
[29.288s][info][gc,heap        ] GC(431) ParOldGen: 1144654K(1398272K)->1144814K(1398272K)
[29.288s][info][gc,metaspace   ] GC(431) Metaspace: 1901K(2048K)->1901K(2048K) NonClass: 1751K(1792K)->1751K(1792K) Class: 150K(256K)->150K(256K)
[29.288s][info][gc             ] GC(431) Pause Young (Allocation Failure) 1789M->1118M(2042M) 2.037ms
[29.288s][info][gc,cpu         ] GC(431) User=0.09s Sys=0.00s Real=0.00s
[29.352s][info][gc,start       ] GC(432) Pause Young (Allocation Failure)
[29.354s][info][gc,heap        ] GC(432) PSYoungGen: 689472K(693248K)->320K(693760K) Eden: 689152K(689152K)->0K(689152K) From: 320K(4096K)->320K(4608K)
[29.354s][info][gc,heap        ] GC(432) ParOldGen: 1144814K(1398272K)->1144982K(1398272K)
[29.354s][info][gc,metaspace   ] GC(432) Metaspace: 1901K(2048K)->1901K(2048K) NonClass: 1751K(1792K)->1751K(1792K) Class: 150K(256K)->150K(256K)
[29.354s][info][gc             ] GC(432) Pause Young (Allocation Failure) 1791M->1118M(2043M) 1.914ms
[29.354s][info][gc,cpu         ] GC(432) User=0.00s Sys=0.00s Real=0.00s
[29.418s][info][gc,start       ] GC(433) Pause Young (Allocation Failure)
[29.419s][info][gc,heap        ] GC(433) PSYoungGen: 689472K(693760K)->320K(694272K) Eden: 689152K(689152K)->0K(690176K) From: 320K(4608K)->320K(4096K)
[29.419s][info][gc,heap        ] GC(433) ParOldGen: 1144982K(1398272K)->1145166K(1398272K)
[29.420s][info][gc,metaspace   ] GC(433) Metaspace: 1901K(2048K)->1901K(2048K) NonClass: 1751K(1792K)->1751K(1792K) Class: 150K(256K)->150K(256K)
[29.420s][info][gc             ] GC(433) Pause Young (Allocation Failure) 1791M->1118M(2043M) 1.959ms
[29.420s][info][gc,cpu         ] GC(433) User=0.02s Sys=0.00s Real=0.00s
[29.483s][info][gc,start       ] GC(434) Pause Young (Allocation Failure)
[29.485s][info][gc,heap        ] GC(434) PSYoungGen: 690496K(694272K)->320K(694272K) Eden: 690176K(690176K)->0K(690176K) From: 320K(4096K)->320K(4096K)
[29.485s][info][gc,heap        ] GC(434) ParOldGen: 1145166K(1398272K)->1145350K(1398272K)
[29.485s][info][gc,metaspace   ] GC(434) Metaspace: 1901K(2048K)->1901K(2048K) NonClass: 1751K(1792K)->1751K(1792K) Class: 150K(256K)->150K(256K)
[29.485s][info][gc             ] GC(434) Pause Young (Allocation Failure) 1792M->1118M(2043M) 1.815ms
[29.485s][info][gc,cpu         ] GC(434) User=0.02s Sys=0.00s Real=0.00s
[29.552s][info][gc,start       ] GC(435) Pause Young (Allocation Failure)
[29.553s][info][gc,heap        ] GC(435) PSYoungGen: 690496K(694272K)->320K(694272K) Eden: 690176K(690176K)->0K(690688K) From: 320K(4096K)->320K(3584K)
[29.553s][info][gc,heap        ] GC(435) ParOldGen: 1145350K(1398272K)->1145510K(1398272K)
[29.553s][info][gc,metaspace   ] GC(435) Metaspace: 1901K(2048K)->1901K(2048K) NonClass: 1751K(1792K)->1751K(1792K) Class: 150K(256K)->150K(256K)
[29.554s][info][gc             ] GC(435) Pause Young (Allocation Failure) 1792M->1118M(2043M) 1.910ms
[29.554s][info][gc,cpu         ] GC(435) User=0.00s Sys=0.00s Real=0.00s
[29.617s][info][gc,start       ] GC(436) Pause Young (Allocation Failure)
[29.619s][info][gc,heap        ] GC(436) PSYoungGen: 691008K(694272K)->320K(694272K) Eden: 690688K(690688K)->0K(690688K) From: 320K(3584K)->320K(3584K)
[29.619s][info][gc,heap        ] GC(436) ParOldGen: 1145510K(1398272K)->1145686K(1398272K)
[29.619s][info][gc,metaspace   ] GC(436) Metaspace: 1901K(2048K)->1901K(2048K) NonClass: 1751K(1792K)->1751K(1792K) Class: 150K(256K)->150K(256K)
[29.619s][info][gc             ] GC(436) Pause Young (Allocation Failure) 1793M->1119M(2043M) 1.824ms
[29.619s][info][gc,cpu         ] GC(436) User=0.00s Sys=0.00s Real=0.00s
[29.684s][info][gc,start       ] GC(437) Pause Young (Allocation Failure)
[29.685s][info][gc,heap        ] GC(437) PSYoungGen: 691008K(694272K)->320K(694784K) Eden: 690688K(690688K)->0K(691712K) From: 320K(3584K)->320K(3072K)
[29.685s][info][gc,heap        ] GC(437) ParOldGen: 1145686K(1398272K)->1145838K(1398272K)
[29.685s][info][gc,metaspace   ] GC(437) Metaspace: 1901K(2048K)->1901K(2048K) NonClass: 1751K(1792K)->1751K(1792K) Class: 150K(256K)->150K(256K)
[29.685s][info][gc             ] GC(437) Pause Young (Allocation Failure) 1793M->1119M(2044M) 1.824ms
[29.685s][info][gc,cpu         ] GC(437) User=0.00s Sys=0.00s Real=0.00s
[29.750s][info][gc,start       ] GC(438) Pause Young (Allocation Failure)
[29.752s][info][gc,heap        ] GC(438) PSYoungGen: 692032K(694784K)->320K(694784K) Eden: 691712K(691712K)->0K(691712K) From: 320K(3072K)->320K(3072K)
[29.752s][info][gc,heap        ] GC(438) ParOldGen: 1145838K(1398272K)->1146014K(1398272K)
[29.752s][info][gc,metaspace   ] GC(438) Metaspace: 1901K(2048K)->1901K(2048K) NonClass: 1751K(1792K)->1751K(1792K) Class: 150K(256K)->150K(256K)
[29.752s][info][gc             ] GC(438) Pause Young (Allocation Failure) 1794M->1119M(2044M) 1.827ms
[29.752s][info][gc,cpu         ] GC(438) User=0.00s Sys=0.00s Real=0.00s
[29.816s][info][gc,start       ] GC(439) Pause Young (Allocation Failure)
[29.818s][info][gc,heap        ] GC(439) PSYoungGen: 692032K(694784K)->320K(695296K) Eden: 691712K(691712K)->0K(692736K) From: 320K(3072K)->320K(2560K)
[29.818s][info][gc,heap        ] GC(439) ParOldGen: 1146014K(1398272K)->1146190K(1398272K)
[29.818s][info][gc,metaspace   ] GC(439) Metaspace: 1901K(2048K)->1901K(2048K) NonClass: 1751K(1792K)->1751K(1792K) Class: 150K(256K)->150K(256K)
[29.818s][info][gc             ] GC(439) Pause Young (Allocation Failure) 1794M->1119M(2044M) 1.836ms
[29.818s][info][gc,cpu         ] GC(439) User=0.00s Sys=0.02s Real=0.00s
[29.882s][info][gc,start       ] GC(440) Pause Young (Allocation Failure)
[29.884s][info][gc,heap        ] GC(440) PSYoungGen: 693056K(695296K)->320K(695296K) Eden: 692736K(692736K)->0K(692736K) From: 320K(2560K)->320K(2560K)
[29.884s][info][gc,heap        ] GC(440) ParOldGen: 1146190K(1398272K)->1146358K(1398272K)
[29.884s][info][gc,metaspace   ] GC(440) Metaspace: 1901K(2048K)->1901K(2048K) NonClass: 1751K(1792K)->1751K(1792K) Class: 150K(256K)->150K(256K)
[29.884s][info][gc             ] GC(440) Pause Young (Allocation Failure) 1796M->1119M(2044M) 1.851ms
[29.884s][info][gc,cpu         ] GC(440) User=0.00s Sys=0.00s Real=0.00s
[29.948s][info][gc,start       ] GC(441) Pause Young (Allocation Failure)
[29.953s][info][gc,heap        ] GC(441) PSYoungGen: 693056K(695296K)->320K(695296K) Eden: 692736K(692736K)->0K(693760K) From: 320K(2560K)->320K(1536K)
[29.953s][info][gc,heap        ] GC(441) ParOldGen: 1146358K(1398272K)->1146518K(1398272K)
[29.953s][info][gc,metaspace   ] GC(441) Metaspace: 1902K(2048K)->1902K(2048K) NonClass: 1752K(1792K)->1752K(1792K) Class: 150K(256K)->150K(256K)
[29.953s][info][gc             ] GC(441) Pause Young (Allocation Failure) 1796M->1119M(2044M) 5.325ms
[29.953s][info][gc,cpu         ] GC(441) User=0.02s Sys=0.00s Real=0.01s
[30.018s][info][gc,start       ] GC(442) Pause Young (Allocation Failure)
[30.020s][info][gc,heap        ] GC(442) PSYoungGen: 694080K(695296K)->320K(695808K) Eden: 693760K(693760K)->0K(693760K) From: 320K(1536K)->320K(2048K)
[30.020s][info][gc,heap        ] GC(442) ParOldGen: 1146518K(1398272K)->1146646K(1398272K)
[30.020s][info][gc,metaspace   ] GC(442) Metaspace: 1902K(2048K)->1902K(2048K) NonClass: 1752K(1792K)->1752K(1792K) Class: 150K(256K)->150K(256K)
[30.020s][info][gc             ] GC(442) Pause Young (Allocation Failure) 1797M->1120M(2045M) 1.732ms
[30.020s][info][gc,cpu         ] GC(442) User=0.00s Sys=0.00s Real=0.00s
[30.086s][info][gc,start       ] GC(443) Pause Young (Allocation Failure)
[30.088s][info][gc,heap        ] GC(443) PSYoungGen: 694080K(695808K)->320K(696832K) Eden: 693760K(693760K)->0K(694784K) From: 320K(2048K)->320K(2048K)
[30.088s][info][gc,heap        ] GC(443) ParOldGen: 1146646K(1398272K)->1146750K(1398272K)
[30.088s][info][gc,metaspace   ] GC(443) Metaspace: 1902K(2048K)->1902K(2048K) NonClass: 1752K(1792K)->1752K(1792K) Class: 150K(256K)->150K(256K)
[30.088s][info][gc             ] GC(443) Pause Young (Allocation Failure) 1797M->1120M(2046M) 1.916ms
[30.088s][info][gc,cpu         ] GC(443) User=0.00s Sys=0.00s Real=0.00s
[30.153s][info][gc,start       ] GC(444) Pause Young (Allocation Failure)
[30.154s][info][gc,heap        ] GC(444) PSYoungGen: 695104K(696832K)->320K(696832K) Eden: 694784K(694784K)->0K(694784K) From: 320K(2048K)->320K(2048K)
[30.154s][info][gc,heap        ] GC(444) ParOldGen: 1146750K(1398272K)->1146878K(1398272K)
[30.154s][info][gc,metaspace   ] GC(444) Metaspace: 1902K(2048K)->1902K(2048K) NonClass: 1752K(1792K)->1752K(1792K) Class: 150K(256K)->150K(256K)
[30.154s][info][gc             ] GC(444) Pause Young (Allocation Failure) 1798M->1120M(2046M) 1.779ms
[30.154s][info][gc,cpu         ] GC(444) User=0.00s Sys=0.00s Real=0.00s
[30.219s][info][gc,start       ] GC(445) Pause Young (Allocation Failure)
[30.221s][info][gc,heap        ] GC(445) PSYoungGen: 695104K(696832K)->320K(695808K) Eden: 694784K(694784K)->0K(694784K) From: 320K(2048K)->320K(1024K)
[30.221s][info][gc,heap        ] GC(445) ParOldGen: 1146878K(1398272K)->1147022K(1398272K)
[30.221s][info][gc,metaspace   ] GC(445) Metaspace: 1902K(2048K)->1902K(2048K) NonClass: 1752K(1792K)->1752K(1792K) Class: 150K(256K)->150K(256K)
[30.221s][info][gc             ] GC(445) Pause Young (Allocation Failure) 1798M->1120M(2045M) 1.845ms
[30.221s][info][gc,cpu         ] GC(445) User=0.00s Sys=0.00s Real=0.00s
[30.285s][info][gc,start       ] GC(446) Pause Young (Allocation Failure)
[30.287s][info][gc,heap        ] GC(446) PSYoungGen: 695104K(695808K)->320K(696320K) Eden: 694784K(694784K)->0K(694784K) From: 320K(1024K)->320K(1536K)
[30.287s][info][gc,heap        ] GC(446) ParOldGen: 1147022K(1398272K)->1147174K(1398272K)
[30.287s][info][gc,metaspace   ] GC(446) Metaspace: 1902K(2048K)->1902K(2048K) NonClass: 1752K(1792K)->1752K(1792K) Class: 150K(256K)->150K(256K)
[30.287s][info][gc             ] GC(446) Pause Young (Allocation Failure) 1798M->1120M(2045M) 2.030ms
[30.287s][info][gc,cpu         ] GC(446) User=0.00s Sys=0.00s Real=0.00s
[30.352s][info][gc,start       ] GC(447) Pause Young (Allocation Failure)
[30.353s][info][gc,heap        ] GC(447) PSYoungGen: 695104K(696320K)->320K(697344K) Eden: 694784K(694784K)->0K(695808K) From: 320K(1536K)->320K(1536K)
[30.354s][info][gc,heap        ] GC(447) ParOldGen: 1147174K(1398272K)->1147342K(1398272K)
[30.354s][info][gc,metaspace   ] GC(447) Metaspace: 1902K(2048K)->1902K(2048K) NonClass: 1752K(1792K)->1752K(1792K) Class: 150K(256K)->150K(256K)
[30.354s][info][gc             ] GC(447) Pause Young (Allocation Failure) 1799M->1120M(2046M) 1.983ms
[30.354s][info][gc,cpu         ] GC(447) User=0.00s Sys=0.00s Real=0.00s
[30.418s][info][gc,start       ] GC(448) Pause Young (Allocation Failure)
[30.420s][info][gc,heap        ] GC(448) PSYoungGen: 696128K(697344K)->320K(697344K) Eden: 695808K(695808K)->0K(695808K) From: 320K(1536K)->320K(1536K)
[30.420s][info][gc,heap        ] GC(448) ParOldGen: 1147342K(1398272K)->1147518K(1398272K)
[30.420s][info][gc,metaspace   ] GC(448) Metaspace: 1902K(2048K)->1902K(2048K) NonClass: 1752K(1792K)->1752K(1792K) Class: 150K(256K)->150K(256K)
[30.420s][info][gc             ] GC(448) Pause Young (Allocation Failure) 1800M->1120M(2046M) 1.843ms
[30.420s][info][gc,cpu         ] GC(448) User=0.00s Sys=0.00s Real=0.00s
[30.484s][info][gc,start       ] GC(449) Pause Young (Allocation Failure)
[30.486s][info][gc,heap        ] GC(449) PSYoungGen: 696128K(697344K)->320K(697344K) Eden: 695808K(695808K)->0K(695808K) From: 320K(1536K)->320K(1536K)
[30.486s][info][gc,heap        ] GC(449) ParOldGen: 1147518K(1398272K)->1147678K(1398272K)
[30.486s][info][gc,metaspace   ] GC(449) Metaspace: 1902K(2048K)->1902K(2048K) NonClass: 1752K(1792K)->1752K(1792K) Class: 150K(256K)->150K(256K)
[30.486s][info][gc             ] GC(449) Pause Young (Allocation Failure) 1800M->1121M(2046M) 1.802ms
[30.486s][info][gc,cpu         ] GC(449) User=0.00s Sys=0.00s Real=0.00s
[30.552s][info][gc,start       ] GC(450) Pause Young (Allocation Failure)
[30.554s][info][gc,heap        ] GC(450) PSYoungGen: 696128K(697344K)->320K(697344K) Eden: 695808K(695808K)->0K(695808K) From: 320K(1536K)->320K(1536K)
[30.554s][info][gc,heap        ] GC(450) ParOldGen: 1147678K(1398272K)->1147838K(1398272K)
[30.554s][info][gc,metaspace   ] GC(450) Metaspace: 1902K(2048K)->1902K(2048K) NonClass: 1752K(1792K)->1752K(1792K) Class: 150K(256K)->150K(256K)
[30.554s][info][gc             ] GC(450) Pause Young (Allocation Failure) 1800M->1121M(2046M) 1.884ms
[30.554s][info][gc,cpu         ] GC(450) User=0.00s Sys=0.00s Real=0.00s
[30.619s][info][gc,start       ] GC(451) Pause Young (Allocation Failure)
[30.621s][info][gc,heap        ] GC(451) PSYoungGen: 696128K(697344K)->320K(696320K) Eden: 695808K(695808K)->0K(695808K) From: 320K(1536K)->320K(512K)
[30.621s][info][gc,heap        ] GC(451) ParOldGen: 1147838K(1398272K)->1147990K(1398272K)
[30.621s][info][gc,metaspace   ] GC(451) Metaspace: 1902K(2048K)->1902K(2048K) NonClass: 1752K(1792K)->1752K(1792K) Class: 150K(256K)->150K(256K)
[30.621s][info][gc             ] GC(451) Pause Young (Allocation Failure) 1800M->1121M(2045M) 1.800ms
[30.621s][info][gc,cpu         ] GC(451) User=0.00s Sys=0.00s Real=0.00s
[30.685s][info][gc,start       ] GC(452) Pause Young (Allocation Failure)
[30.688s][info][gc,heap        ] GC(452) PSYoungGen: 696128K(696320K)->320K(696832K) Eden: 695808K(695808K)->0K(695808K) From: 320K(512K)->320K(1024K)
[30.688s][info][gc,heap        ] GC(452) ParOldGen: 1147990K(1398272K)->1148150K(1398272K)
[30.688s][info][gc,metaspace   ] GC(452) Metaspace: 1902K(2048K)->1902K(2048K) NonClass: 1752K(1792K)->1752K(1792K) Class: 150K(256K)->150K(256K)
[30.688s][info][gc             ] GC(452) Pause Young (Allocation Failure) 1800M->1121M(2046M) 2.733ms
[30.688s][info][gc,cpu         ] GC(452) User=0.00s Sys=0.00s Real=0.00s
[30.753s][info][gc,start       ] GC(453) Pause Young (Allocation Failure)
[30.755s][info][gc,heap        ] GC(453) PSYoungGen: 696128K(696832K)->320K(697856K) Eden: 695808K(695808K)->0K(696832K) From: 320K(1024K)->320K(1024K)
[30.755s][info][gc,heap        ] GC(453) ParOldGen: 1148150K(1398272K)->1148310K(1398272K)
[30.755s][info][gc,metaspace   ] GC(453) Metaspace: 1902K(2048K)->1902K(2048K) NonClass: 1752K(1792K)->1752K(1792K) Class: 150K(256K)->150K(256K)
[30.755s][info][gc             ] GC(453) Pause Young (Allocation Failure) 1801M->1121M(2047M) 2.071ms
[30.755s][info][gc,cpu         ] GC(453) User=0.02s Sys=0.00s Real=0.00s
[30.819s][info][gc,start       ] GC(454) Pause Young (Allocation Failure)
[30.821s][info][gc,heap        ] GC(454) PSYoungGen: 697152K(697856K)->320K(697856K) Eden: 696832K(696832K)->0K(696832K) From: 320K(1024K)->320K(1024K)
[30.821s][info][gc,heap        ] GC(454) ParOldGen: 1148310K(1398272K)->1148454K(1398272K)
[30.821s][info][gc,metaspace   ] GC(454) Metaspace: 1902K(2048K)->1902K(2048K) NonClass: 1752K(1792K)->1752K(1792K) Class: 150K(256K)->150K(256K)
[30.821s][info][gc             ] GC(454) Pause Young (Allocation Failure) 1802M->1121M(2047M) 1.980ms
[30.821s][info][gc,cpu         ] GC(454) User=0.00s Sys=0.00s Real=0.00s
[30.886s][info][gc,start       ] GC(455) Pause Young (Allocation Failure)
[30.888s][info][gc,heap        ] GC(455) PSYoungGen: 697152K(697856K)->320K(697856K) Eden: 696832K(696832K)->0K(696832K) From: 320K(1024K)->320K(1024K)
[30.888s][info][gc,heap        ] GC(455) ParOldGen: 1148454K(1398272K)->1148622K(1398272K)
[30.888s][info][gc,metaspace   ] GC(455) Metaspace: 1902K(2048K)->1902K(2048K) NonClass: 1752K(1792K)->1752K(1792K) Class: 150K(256K)->150K(256K)
[30.888s][info][gc             ] GC(455) Pause Young (Allocation Failure) 1802M->1122M(2047M) 1.806ms
[30.888s][info][gc,cpu         ] GC(455) User=0.00s Sys=0.00s Real=0.00s
[30.952s][info][gc,start       ] GC(456) Pause Young (Allocation Failure)
[30.954s][info][gc,heap        ] GC(456) PSYoungGen: 697152K(697856K)->320K(697856K) Eden: 696832K(696832K)->0K(696832K) From: 320K(1024K)->320K(1024K)
[30.954s][info][gc,heap        ] GC(456) ParOldGen: 1148622K(1398272K)->1148790K(1398272K)
[30.954s][info][gc,metaspace   ] GC(456) Metaspace: 1902K(2048K)->1902K(2048K) NonClass: 1752K(1792K)->1752K(1792K) Class: 150K(256K)->150K(256K)
[30.954s][info][gc             ] GC(456) Pause Young (Allocation Failure) 1802M->1122M(2047M) 1.810ms
[30.954s][info][gc,cpu         ] GC(456) User=0.02s Sys=0.00s Real=0.00s
[31.019s][info][gc,start       ] GC(457) Pause Young (Allocation Failure)
[31.020s][info][gc,heap        ] GC(457) PSYoungGen: 697152K(697856K)->320K(697856K) Eden: 696832K(696832K)->0K(696832K) From: 320K(1024K)->320K(1024K)
[31.020s][info][gc,heap        ] GC(457) ParOldGen: 1148790K(1398272K)->1148926K(1398272K)
[31.020s][info][gc,metaspace   ] GC(457) Metaspace: 1902K(2048K)->1902K(2048K) NonClass: 1752K(1792K)->1752K(1792K) Class: 150K(256K)->150K(256K)
[31.020s][info][gc             ] GC(457) Pause Young (Allocation Failure) 1802M->1122M(2047M) 1.768ms
[31.020s][info][gc,cpu         ] GC(457) User=0.00s Sys=0.00s Real=0.00s
[31.087s][info][gc,start       ] GC(458) Pause Young (Allocation Failure)
[31.089s][info][gc,heap        ] GC(458) PSYoungGen: 697152K(697856K)->320K(697856K) Eden: 696832K(696832K)->0K(696832K) From: 320K(1024K)->320K(1024K)
[31.089s][info][gc,heap        ] GC(458) ParOldGen: 1148926K(1398272K)->1149014K(1398272K)
[31.089s][info][gc,metaspace   ] GC(458) Metaspace: 1902K(2048K)->1902K(2048K) NonClass: 1752K(1792K)->1752K(1792K) Class: 150K(256K)->150K(256K)
[31.089s][info][gc             ] GC(458) Pause Young (Allocation Failure) 1802M->1122M(2047M) 1.874ms
[31.089s][info][gc,cpu         ] GC(458) User=0.00s Sys=0.00s Real=0.00s
[31.154s][info][gc,start       ] GC(459) Pause Young (Allocation Failure)
[31.155s][info][gc,heap        ] GC(459) PSYoungGen: 697152K(697856K)->320K(697856K) Eden: 696832K(696832K)->0K(696832K) From: 320K(1024K)->320K(1024K)
[31.155s][info][gc,heap        ] GC(459) ParOldGen: 1149014K(1398272K)->1149174K(1398272K)
[31.155s][info][gc,metaspace   ] GC(459) Metaspace: 1902K(2048K)->1902K(2048K) NonClass: 1752K(1792K)->1752K(1792K) Class: 150K(256K)->150K(256K)
[31.155s][info][gc             ] GC(459) Pause Young (Allocation Failure) 1802M->1122M(2047M) 1.777ms
[31.155s][info][gc,cpu         ] GC(459) User=0.00s Sys=0.00s Real=0.00s
[31.220s][info][gc,start       ] GC(460) Pause Young (Allocation Failure)
[31.222s][info][gc,heap        ] GC(460) PSYoungGen: 697152K(697856K)->320K(697856K) Eden: 696832K(696832K)->0K(696832K) From: 320K(1024K)->320K(1024K)
[31.222s][info][gc,heap        ] GC(460) ParOldGen: 1149174K(1398272K)->1149334K(1398272K)
[31.222s][info][gc,metaspace   ] GC(460) Metaspace: 1902K(2048K)->1902K(2048K) NonClass: 1752K(1792K)->1752K(1792K) Class: 150K(256K)->150K(256K)
[31.222s][info][gc             ] GC(460) Pause Young (Allocation Failure) 1803M->1122M(2047M) 1.778ms
[31.222s][info][gc,cpu         ] GC(460) User=0.00s Sys=0.00s Real=0.00s
[31.287s][info][gc,start       ] GC(461) Pause Young (Allocation Failure)
[31.289s][info][gc,heap        ] GC(461) PSYoungGen: 697152K(697856K)->320K(697856K) Eden: 696832K(696832K)->0K(696832K) From: 320K(1024K)->320K(1024K)
[31.289s][info][gc,heap        ] GC(461) ParOldGen: 1149334K(1398272K)->1149486K(1398272K)
[31.289s][info][gc,metaspace   ] GC(461) Metaspace: 1903K(2048K)->1903K(2048K) NonClass: 1753K(1792K)->1753K(1792K) Class: 150K(256K)->150K(256K)
[31.289s][info][gc             ] GC(461) Pause Young (Allocation Failure) 1803M->1122M(2047M) 2.463ms
[31.289s][info][gc,cpu         ] GC(461) User=0.00s Sys=0.00s Real=0.00s
[31.354s][info][gc,start       ] GC(462) Pause Young (Allocation Failure)
[31.356s][info][gc,heap        ] GC(462) PSYoungGen: 697152K(697856K)->320K(697856K) Eden: 696832K(696832K)->0K(696832K) From: 320K(1024K)->320K(1024K)
[31.356s][info][gc,heap        ] GC(462) ParOldGen: 1149486K(1398272K)->1149646K(1398272K)
[31.356s][info][gc,metaspace   ] GC(462) Metaspace: 1903K(2048K)->1903K(2048K) NonClass: 1753K(1792K)->1753K(1792K) Class: 150K(256K)->150K(256K)
[31.356s][info][gc             ] GC(462) Pause Young (Allocation Failure) 1803M->1123M(2047M) 1.780ms
[31.356s][info][gc,cpu         ] GC(462) User=0.02s Sys=0.00s Real=0.00s
[31.420s][info][gc,start       ] GC(463) Pause Young (Allocation Failure)
[31.422s][info][gc,heap        ] GC(463) PSYoungGen: 697152K(697856K)->320K(697856K) Eden: 696832K(696832K)->0K(696832K) From: 320K(1024K)->320K(1024K)
[31.422s][info][gc,heap        ] GC(463) ParOldGen: 1149646K(1398272K)->1149774K(1398272K)
[31.422s][info][gc,metaspace   ] GC(463) Metaspace: 1903K(2048K)->1903K(2048K) NonClass: 1753K(1792K)->1753K(1792K) Class: 150K(256K)->150K(256K)
[31.422s][info][gc             ] GC(463) Pause Young (Allocation Failure) 1803M->1123M(2047M) 1.805ms
[31.422s][info][gc,cpu         ] GC(463) User=0.02s Sys=0.00s Real=0.00s
[31.487s][info][gc,start       ] GC(464) Pause Young (Allocation Failure)
[31.489s][info][gc,heap        ] GC(464) PSYoungGen: 697152K(697856K)->320K(697856K) Eden: 696832K(696832K)->0K(696832K) From: 320K(1024K)->320K(1024K)
[31.489s][info][gc,heap        ] GC(464) ParOldGen: 1149774K(1398272K)->1149910K(1398272K)
[31.489s][info][gc,metaspace   ] GC(464) Metaspace: 1903K(2048K)->1903K(2048K) NonClass: 1753K(1792K)->1753K(1792K) Class: 150K(256K)->150K(256K)
[31.489s][info][gc             ] GC(464) Pause Young (Allocation Failure) 1803M->1123M(2047M) 1.791ms
[31.489s][info][gc,cpu         ] GC(464) User=0.00s Sys=0.00s Real=0.00s
[31.553s][info][gc,start       ] GC(465) Pause Young (Allocation Failure)
[31.555s][info][gc,heap        ] GC(465) PSYoungGen: 697152K(697856K)->320K(697856K) Eden: 696832K(696832K)->0K(696832K) From: 320K(1024K)->320K(1024K)
[31.555s][info][gc,heap        ] GC(465) ParOldGen: 1149910K(1398272K)->1150054K(1398272K)
[31.555s][info][gc,metaspace   ] GC(465) Metaspace: 1903K(2048K)->1903K(2048K) NonClass: 1753K(1792K)->1753K(1792K) Class: 150K(256K)->150K(256K)
[31.555s][info][gc             ] GC(465) Pause Young (Allocation Failure) 1803M->1123M(2047M) 1.797ms
[31.555s][info][gc,cpu         ] GC(465) User=0.00s Sys=0.00s Real=0.00s
[31.622s][info][gc,start       ] GC(466) Pause Young (Allocation Failure)
[31.623s][info][gc,heap        ] GC(466) PSYoungGen: 697152K(697856K)->320K(697856K) Eden: 696832K(696832K)->0K(696832K) From: 320K(1024K)->320K(1024K)
[31.623s][info][gc,heap        ] GC(466) ParOldGen: 1150054K(1398272K)->1150214K(1398272K)
[31.623s][info][gc,metaspace   ] GC(466) Metaspace: 1903K(2048K)->1903K(2048K) NonClass: 1753K(1792K)->1753K(1792K) Class: 150K(256K)->150K(256K)
[31.623s][info][gc             ] GC(466) Pause Young (Allocation Failure) 1803M->1123M(2047M) 1.782ms
[31.623s][info][gc,cpu         ] GC(466) User=0.00s Sys=0.00s Real=0.00s
[31.688s][info][gc,start       ] GC(467) Pause Young (Allocation Failure)
[31.690s][info][gc,heap        ] GC(467) PSYoungGen: 697152K(697856K)->320K(697856K) Eden: 696832K(696832K)->0K(697344K) From: 320K(1024K)->320K(512K)
[31.690s][info][gc,heap        ] GC(467) ParOldGen: 1150214K(1398272K)->1150358K(1398272K)
[31.690s][info][gc,metaspace   ] GC(467) Metaspace: 1903K(2048K)->1903K(2048K) NonClass: 1753K(1792K)->1753K(1792K) Class: 150K(256K)->150K(256K)
[31.690s][info][gc             ] GC(467) Pause Young (Allocation Failure) 1804M->1123M(2047M) 1.731ms
[31.690s][info][gc,cpu         ] GC(467) User=0.00s Sys=0.00s Real=0.00s
[31.754s][info][gc,start       ] GC(468) Pause Young (Allocation Failure)
[31.756s][info][gc,heap        ] GC(468) PSYoungGen: 697664K(697856K)->320K(697856K) Eden: 697344K(697344K)->0K(697344K) From: 320K(512K)->320K(512K)
[31.756s][info][gc,heap        ] GC(468) ParOldGen: 1150358K(1398272K)->1150518K(1398272K)
[31.756s][info][gc,metaspace   ] GC(468) Metaspace: 1903K(2048K)->1903K(2048K) NonClass: 1753K(1792K)->1753K(1792K) Class: 150K(256K)->150K(256K)
[31.756s][info][gc             ] GC(468) Pause Young (Allocation Failure) 1804M->1123M(2047M) 1.874ms
[31.756s][info][gc,cpu         ] GC(468) User=0.00s Sys=0.00s Real=0.00s
[31.821s][info][gc,start       ] GC(469) Pause Young (Allocation Failure)
[31.823s][info][gc,heap        ] GC(469) PSYoungGen: 697664K(697856K)->320K(698368K) Eden: 697344K(697344K)->0K(697856K) From: 320K(512K)->320K(512K)
[31.823s][info][gc,heap        ] GC(469) ParOldGen: 1150518K(1398272K)->1150678K(1398272K)
[31.823s][info][gc,metaspace   ] GC(469) Metaspace: 1903K(2048K)->1903K(2048K) NonClass: 1753K(1792K)->1753K(1792K) Class: 150K(256K)->150K(256K)
[31.823s][info][gc             ] GC(469) Pause Young (Allocation Failure) 1804M->1124M(2047M) 1.886ms
[31.823s][info][gc,cpu         ] GC(469) User=0.00s Sys=0.00s Real=0.00s
[31.887s][info][gc,start       ] GC(470) Pause Young (Allocation Failure)
[31.889s][info][gc,heap        ] GC(470) PSYoungGen: 698176K(698368K)->320K(698368K) Eden: 697856K(697856K)->0K(697856K) From: 320K(512K)->320K(512K)
[31.889s][info][gc,heap        ] GC(470) ParOldGen: 1150678K(1398272K)->1150838K(1398272K)
[31.889s][info][gc,metaspace   ] GC(470) Metaspace: 1903K(2048K)->1903K(2048K) NonClass: 1753K(1792K)->1753K(1792K) Class: 150K(256K)->150K(256K)
[31.889s][info][gc             ] GC(470) Pause Young (Allocation Failure) 1805M->1124M(2047M) 1.813ms
[31.889s][info][gc,cpu         ] GC(470) User=0.00s Sys=0.00s Real=0.00s
[31.954s][info][gc,start       ] GC(471) Pause Young (Allocation Failure)
[31.956s][info][gc,heap        ] GC(471) PSYoungGen: 698176K(698368K)->320K(698368K) Eden: 697856K(697856K)->0K(697856K) From: 320K(512K)->320K(512K)
[31.956s][info][gc,heap        ] GC(471) ParOldGen: 1150838K(1398272K)->1150998K(1398272K)
[31.956s][info][gc,metaspace   ] GC(471) Metaspace: 1903K(2048K)->1903K(2048K) NonClass: 1753K(1792K)->1753K(1792K) Class: 150K(256K)->150K(256K)
[31.956s][info][gc             ] GC(471) Pause Young (Allocation Failure) 1805M->1124M(2047M) 1.873ms
[31.956s][info][gc,cpu         ] GC(471) User=0.00s Sys=0.00s Real=0.00s
[32.020s][info][gc,start       ] GC(472) Pause Young (Allocation Failure)
[32.022s][info][gc,heap        ] GC(472) PSYoungGen: 698176K(698368K)->320K(698368K) Eden: 697856K(697856K)->0K(697856K) From: 320K(512K)->320K(512K)
[32.022s][info][gc,heap        ] GC(472) ParOldGen: 1150998K(1398272K)->1151158K(1398272K)
[32.022s][info][gc,metaspace   ] GC(472) Metaspace: 1903K(2048K)->1903K(2048K) NonClass: 1753K(1792K)->1753K(1792K) Class: 150K(256K)->150K(256K)
[32.022s][info][gc             ] GC(472) Pause Young (Allocation Failure) 1805M->1124M(2047M) 1.769ms
[32.022s][info][gc,cpu         ] GC(472) User=0.00s Sys=0.00s Real=0.00s
[32.087s][info][gc,start       ] GC(473) Pause Young (Allocation Failure)
[32.088s][info][gc,heap        ] GC(473) PSYoungGen: 698176K(698368K)->320K(698368K) Eden: 697856K(697856K)->0K(697856K) From: 320K(512K)->320K(512K)
[32.089s][info][gc,heap        ] GC(473) ParOldGen: 1151158K(1398272K)->1151318K(1398272K)
[32.089s][info][gc,metaspace   ] GC(473) Metaspace: 1903K(2048K)->1903K(2048K) NonClass: 1753K(1792K)->1753K(1792K) Class: 150K(256K)->150K(256K)
[32.089s][info][gc             ] GC(473) Pause Young (Allocation Failure) 1805M->1124M(2047M) 1.922ms
[32.089s][info][gc,cpu         ] GC(473) User=0.00s Sys=0.00s Real=0.00s
[32.155s][info][gc,start       ] GC(474) Pause Young (Allocation Failure)
[32.157s][info][gc,heap        ] GC(474) PSYoungGen: 698176K(698368K)->320K(698368K) Eden: 697856K(697856K)->0K(697856K) From: 320K(512K)->320K(512K)
[32.157s][info][gc,heap        ] GC(474) ParOldGen: 1151318K(1398272K)->1151494K(1398272K)
[32.157s][info][gc,metaspace   ] GC(474) Metaspace: 1903K(2048K)->1903K(2048K) NonClass: 1753K(1792K)->1753K(1792K) Class: 150K(256K)->150K(256K)
[32.157s][info][gc             ] GC(474) Pause Young (Allocation Failure) 1806M->1124M(2047M) 1.869ms
[32.157s][info][gc,cpu         ] GC(474) User=0.00s Sys=0.00s Real=0.00s
[32.222s][info][gc,start       ] GC(475) Pause Young (Allocation Failure)
[32.224s][info][gc,heap        ] GC(475) PSYoungGen: 698176K(698368K)->320K(698368K) Eden: 697856K(697856K)->0K(697856K) From: 320K(512K)->320K(512K)
[32.224s][info][gc,heap        ] GC(475) ParOldGen: 1151494K(1398272K)->1151662K(1398272K)
[32.224s][info][gc,metaspace   ] GC(475) Metaspace: 1903K(2048K)->1903K(2048K) NonClass: 1753K(1792K)->1753K(1792K) Class: 150K(256K)->150K(256K)
[32.224s][info][gc             ] GC(475) Pause Young (Allocation Failure) 1806M->1124M(2047M) 1.794ms
[32.224s][info][gc,cpu         ] GC(475) User=0.00s Sys=0.00s Real=0.00s
[32.289s][info][gc,start       ] GC(476) Pause Young (Allocation Failure)
[32.291s][info][gc,heap        ] GC(476) PSYoungGen: 698176K(698368K)->320K(698368K) Eden: 697856K(697856K)->0K(697856K) From: 320K(512K)->320K(512K)
[32.291s][info][gc,heap        ] GC(476) ParOldGen: 1151662K(1398272K)->1151766K(1398272K)
[32.291s][info][gc,metaspace   ] GC(476) Metaspace: 1903K(2048K)->1903K(2048K) NonClass: 1753K(1792K)->1753K(1792K) Class: 150K(256K)->150K(256K)
[32.291s][info][gc             ] GC(476) Pause Young (Allocation Failure) 1806M->1125M(2047M) 1.791ms
[32.291s][info][gc,cpu         ] GC(476) User=0.00s Sys=0.00s Real=0.00s
[32.356s][info][gc,start       ] GC(477) Pause Young (Allocation Failure)
[32.357s][info][gc,heap        ] GC(477) PSYoungGen: 698176K(698368K)->320K(698368K) Eden: 697856K(697856K)->0K(697856K) From: 320K(512K)->320K(512K)
[32.358s][info][gc,heap        ] GC(477) ParOldGen: 1151766K(1398272K)->1151894K(1398272K)
[32.358s][info][gc,metaspace   ] GC(477) Metaspace: 1903K(2048K)->1903K(2048K) NonClass: 1753K(1792K)->1753K(1792K) Class: 150K(256K)->150K(256K)
[32.358s][info][gc             ] GC(477) Pause Young (Allocation Failure) 1806M->1125M(2047M) 1.862ms
[32.358s][info][gc,cpu         ] GC(477) User=0.00s Sys=0.00s Real=0.00s
[32.422s][info][gc,start       ] GC(478) Pause Young (Allocation Failure)
[32.424s][info][gc,heap        ] GC(478) PSYoungGen: 698176K(698368K)->320K(698368K) Eden: 697856K(697856K)->0K(697856K) From: 320K(512K)->320K(512K)
[32.424s][info][gc,heap        ] GC(478) ParOldGen: 1151894K(1398272K)->1151998K(1398272K)
[32.424s][info][gc,metaspace   ] GC(478) Metaspace: 1903K(2048K)->1903K(2048K) NonClass: 1753K(1792K)->1753K(1792K) Class: 150K(256K)->150K(256K)
[32.424s][info][gc             ] GC(478) Pause Young (Allocation Failure) 1806M->1125M(2047M) 1.742ms
[32.424s][info][gc,cpu         ] GC(478) User=0.00s Sys=0.00s Real=0.00s
[32.488s][info][gc,start       ] GC(479) Pause Young (Allocation Failure)
[32.490s][info][gc,heap        ] GC(479) PSYoungGen: 698176K(698368K)->320K(698368K) Eden: 697856K(697856K)->0K(697856K) From: 320K(512K)->320K(512K)
[32.490s][info][gc,heap        ] GC(479) ParOldGen: 1151998K(1398272K)->1152094K(1398272K)
[32.490s][info][gc,metaspace   ] GC(479) Metaspace: 1903K(2048K)->1903K(2048K) NonClass: 1753K(1792K)->1753K(1792K) Class: 150K(256K)->150K(256K)
[32.490s][info][gc             ] GC(479) Pause Young (Allocation Failure) 1806M->1125M(2047M) 1.765ms
[32.490s][info][gc,cpu         ] GC(479) User=0.00s Sys=0.00s Real=0.00s
[32.555s][info][gc,start       ] GC(480) Pause Young (Allocation Failure)
[32.557s][info][gc,heap        ] GC(480) PSYoungGen: 698176K(698368K)->320K(698368K) Eden: 697856K(697856K)->0K(697856K) From: 320K(512K)->320K(512K)
[32.557s][info][gc,heap        ] GC(480) ParOldGen: 1152094K(1398272K)->1152190K(1398272K)
[32.557s][info][gc,metaspace   ] GC(480) Metaspace: 1903K(2048K)->1903K(2048K) NonClass: 1753K(1792K)->1753K(1792K) Class: 150K(256K)->150K(256K)
[32.557s][info][gc             ] GC(480) Pause Young (Allocation Failure) 1806M->1125M(2047M) 1.758ms
[32.557s][info][gc,cpu         ] GC(480) User=0.00s Sys=0.00s Real=0.00s
[32.623s][info][gc,start       ] GC(481) Pause Young (Allocation Failure)
[32.625s][info][gc,heap        ] GC(481) PSYoungGen: 698176K(698368K)->320K(698368K) Eden: 697856K(697856K)->0K(697856K) From: 320K(512K)->320K(512K)
[32.625s][info][gc,heap        ] GC(481) ParOldGen: 1152190K(1398272K)->1152190K(1398272K)
[32.625s][info][gc,metaspace   ] GC(481) Metaspace: 1903K(2048K)->1903K(2048K) NonClass: 1753K(1792K)->1753K(1792K) Class: 150K(256K)->150K(256K)
[32.625s][info][gc             ] GC(481) Pause Young (Allocation Failure) 1806M->1125M(2047M) 1.886ms
[32.625s][info][gc,cpu         ] GC(481) User=0.00s Sys=0.00s Real=0.00s
[32.690s][info][gc,start       ] GC(482) Pause Young (Allocation Failure)
[32.691s][info][gc,heap        ] GC(482) PSYoungGen: 698176K(698368K)->320K(698368K) Eden: 697856K(697856K)->0K(697856K) From: 320K(512K)->320K(512K)
[32.691s][info][gc,heap        ] GC(482) ParOldGen: 1152190K(1398272K)->1152286K(1398272K)
[32.691s][info][gc,metaspace   ] GC(482) Metaspace: 1903K(2048K)->1903K(2048K) NonClass: 1753K(1792K)->1753K(1792K) Class: 150K(256K)->150K(256K)
[32.691s][info][gc             ] GC(482) Pause Young (Allocation Failure) 1806M->1125M(2047M) 1.796ms
[32.691s][info][gc,cpu         ] GC(482) User=0.00s Sys=0.00s Real=0.00s
[32.756s][info][gc,start       ] GC(483) Pause Young (Allocation Failure)
[32.758s][info][gc,heap        ] GC(483) PSYoungGen: 698176K(698368K)->320K(698368K) Eden: 697856K(697856K)->0K(697856K) From: 320K(512K)->320K(512K)
[32.758s][info][gc,heap        ] GC(483) ParOldGen: 1152286K(1398272K)->1152398K(1398272K)
[32.758s][info][gc,metaspace   ] GC(483) Metaspace: 1903K(2048K)->1903K(2048K) NonClass: 1753K(1792K)->1753K(1792K) Class: 150K(256K)->150K(256K)
[32.758s][info][gc             ] GC(483) Pause Young (Allocation Failure) 1807M->1125M(2047M) 1.825ms
[32.758s][info][gc,cpu         ] GC(483) User=0.00s Sys=0.00s Real=0.00s
[32.823s][info][gc,start       ] GC(484) Pause Young (Allocation Failure)
[32.825s][info][gc,heap        ] GC(484) PSYoungGen: 698176K(698368K)->320K(698368K) Eden: 697856K(697856K)->0K(697856K) From: 320K(512K)->320K(512K)
[32.825s][info][gc,heap        ] GC(484) ParOldGen: 1152398K(1398272K)->1152510K(1398272K)
[32.825s][info][gc,metaspace   ] GC(484) Metaspace: 1903K(2048K)->1903K(2048K) NonClass: 1753K(1792K)->1753K(1792K) Class: 150K(256K)->150K(256K)
[32.825s][info][gc             ] GC(484) Pause Young (Allocation Failure) 1807M->1125M(2047M) 1.843ms
[32.825s][info][gc,cpu         ] GC(484) User=0.00s Sys=0.00s Real=0.00s
[32.890s][info][gc,start       ] GC(485) Pause Young (Allocation Failure)
[32.892s][info][gc,heap        ] GC(485) PSYoungGen: 698176K(698368K)->320K(698368K) Eden: 697856K(697856K)->0K(697856K) From: 320K(512K)->320K(512K)
[32.892s][info][gc,heap        ] GC(485) ParOldGen: 1152510K(1398272K)->1152662K(1398272K)
[32.892s][info][gc,metaspace   ] GC(485) Metaspace: 1903K(2048K)->1903K(2048K) NonClass: 1753K(1792K)->1753K(1792K) Class: 150K(256K)->150K(256K)
[32.892s][info][gc             ] GC(485) Pause Young (Allocation Failure) 1807M->1125M(2047M) 2.022ms
[32.892s][info][gc,cpu         ] GC(485) User=0.02s Sys=0.00s Real=0.00s
[32.956s][info][gc,start       ] GC(486) Pause Young (Allocation Failure)
[32.958s][info][gc,heap        ] GC(486) PSYoungGen: 698176K(698368K)->320K(698368K) Eden: 697856K(697856K)->0K(697856K) From: 320K(512K)->320K(512K)
[32.958s][info][gc,heap        ] GC(486) ParOldGen: 1152662K(1398272K)->1152742K(1398272K)
[32.958s][info][gc,metaspace   ] GC(486) Metaspace: 1903K(2048K)->1903K(2048K) NonClass: 1753K(1792K)->1753K(1792K) Class: 150K(256K)->150K(256K)
[32.958s][info][gc             ] GC(486) Pause Young (Allocation Failure) 1807M->1126M(2047M) 1.899ms
[32.958s][info][gc,cpu         ] GC(486) User=0.00s Sys=0.00s Real=0.00s
[33.023s][info][gc,start       ] GC(487) Pause Young (Allocation Failure)
[33.025s][info][gc,heap        ] GC(487) PSYoungGen: 698176K(698368K)->320K(698368K) Eden: 697856K(697856K)->0K(697856K) From: 320K(512K)->320K(512K)
[33.025s][info][gc,heap        ] GC(487) ParOldGen: 1152742K(1398272K)->1152846K(1398272K)
[33.025s][info][gc,metaspace   ] GC(487) Metaspace: 1903K(2048K)->1903K(2048K) NonClass: 1753K(1792K)->1753K(1792K) Class: 150K(256K)->150K(256K)
[33.025s][info][gc             ] GC(487) Pause Young (Allocation Failure) 1807M->1126M(2047M) 1.786ms
[33.025s][info][gc,cpu         ] GC(487) User=0.00s Sys=0.00s Real=0.00s
[33.090s][info][gc,start       ] GC(488) Pause Young (Allocation Failure)
[33.091s][info][gc,heap        ] GC(488) PSYoungGen: 698176K(698368K)->320K(698368K) Eden: 697856K(697856K)->0K(697856K) From: 320K(512K)->320K(512K)
[33.091s][info][gc,heap        ] GC(488) ParOldGen: 1152846K(1398272K)->1152950K(1398272K)
[33.091s][info][gc,metaspace   ] GC(488) Metaspace: 1903K(2048K)->1903K(2048K) NonClass: 1753K(1792K)->1753K(1792K) Class: 150K(256K)->150K(256K)
[33.091s][info][gc             ] GC(488) Pause Young (Allocation Failure) 1807M->1126M(2047M) 1.857ms
[33.092s][info][gc,cpu         ] GC(488) User=0.00s Sys=0.00s Real=0.00s
[33.158s][info][gc,start       ] GC(489) Pause Young (Allocation Failure)
[33.160s][info][gc,heap        ] GC(489) PSYoungGen: 698176K(698368K)->320K(698368K) Eden: 697856K(697856K)->0K(697856K) From: 320K(512K)->320K(512K)
[33.160s][info][gc,heap        ] GC(489) ParOldGen: 1152950K(1398272K)->1153046K(1398272K)
[33.160s][info][gc,metaspace   ] GC(489) Metaspace: 1903K(2048K)->1903K(2048K) NonClass: 1753K(1792K)->1753K(1792K) Class: 150K(256K)->150K(256K)
[33.160s][info][gc             ] GC(489) Pause Young (Allocation Failure) 1807M->1126M(2047M) 1.923ms
[33.160s][info][gc,cpu         ] GC(489) User=0.00s Sys=0.00s Real=0.00s
[33.225s][info][gc,start       ] GC(490) Pause Young (Allocation Failure)
[33.227s][info][gc,heap        ] GC(490) PSYoungGen: 698176K(698368K)->352K(698368K) Eden: 697856K(697856K)->0K(697856K) From: 320K(512K)->352K(512K)
[33.227s][info][gc,heap        ] GC(490) ParOldGen: 1153046K(1398272K)->1153182K(1398272K)
[33.227s][info][gc,metaspace   ] GC(490) Metaspace: 1903K(2048K)->1903K(2048K) NonClass: 1753K(1792K)->1753K(1792K) Class: 150K(256K)->150K(256K)
[33.227s][info][gc             ] GC(490) Pause Young (Allocation Failure) 1807M->1126M(2047M) 1.860ms
[33.227s][info][gc,cpu         ] GC(490) User=0.00s Sys=0.00s Real=0.00s
[33.292s][info][gc,start       ] GC(491) Pause Young (Allocation Failure)
[33.293s][info][gc,heap        ] GC(491) PSYoungGen: 698208K(698368K)->384K(698368K) Eden: 697856K(697856K)->0K(697856K) From: 352K(512K)->384K(512K)
[33.293s][info][gc,heap        ] GC(491) ParOldGen: 1153182K(1398272K)->1153342K(1398272K)
[33.293s][info][gc,metaspace   ] GC(491) Metaspace: 1903K(2048K)->1903K(2048K) NonClass: 1753K(1792K)->1753K(1792K) Class: 150K(256K)->150K(256K)
[33.294s][info][gc             ] GC(491) Pause Young (Allocation Failure) 1807M->1126M(2047M) 1.978ms
[33.294s][info][gc,cpu         ] GC(491) User=0.00s Sys=0.00s Real=0.00s
[33.358s][info][gc,start       ] GC(492) Pause Young (Allocation Failure)
[33.360s][info][gc,heap        ] GC(492) PSYoungGen: 698240K(698368K)->384K(698368K) Eden: 697856K(697856K)->0K(697856K) From: 384K(512K)->384K(512K)
[33.360s][info][gc,heap        ] GC(492) ParOldGen: 1153342K(1398272K)->1153494K(1398272K)
[33.360s][info][gc,metaspace   ] GC(492) Metaspace: 1903K(2048K)->1903K(2048K) NonClass: 1753K(1792K)->1753K(1792K) Class: 150K(256K)->150K(256K)
[33.360s][info][gc             ] GC(492) Pause Young (Allocation Failure) 1808M->1126M(2047M) 1.920ms
[33.360s][info][gc,cpu         ] GC(492) User=0.02s Sys=0.00s Real=0.00s
[33.425s][info][gc,start       ] GC(493) Pause Young (Allocation Failure)
[33.427s][info][gc,heap        ] GC(493) PSYoungGen: 698240K(698368K)->320K(698368K) Eden: 697856K(697856K)->0K(697856K) From: 384K(512K)->320K(512K)
[33.427s][info][gc,heap        ] GC(493) ParOldGen: 1153494K(1398272K)->1153710K(1398272K)
[33.427s][info][gc,metaspace   ] GC(493) Metaspace: 1903K(2048K)->1903K(2048K) NonClass: 1753K(1792K)->1753K(1792K) Class: 150K(256K)->150K(256K)
[33.427s][info][gc             ] GC(493) Pause Young (Allocation Failure) 1808M->1126M(2047M) 2.073ms
[33.427s][info][gc,cpu         ] GC(493) User=0.00s Sys=0.00s Real=0.00s
[33.492s][info][gc,start       ] GC(494) Pause Young (Allocation Failure)
[33.494s][info][gc,heap        ] GC(494) PSYoungGen: 698176K(698368K)->352K(698368K) Eden: 697856K(697856K)->0K(697856K) From: 320K(512K)->352K(512K)
[33.494s][info][gc,heap        ] GC(494) ParOldGen: 1153710K(1398272K)->1153870K(1398272K)
[33.494s][info][gc,metaspace   ] GC(494) Metaspace: 1903K(2048K)->1903K(2048K) NonClass: 1753K(1792K)->1753K(1792K) Class: 150K(256K)->150K(256K)
[33.494s][info][gc             ] GC(494) Pause Young (Allocation Failure) 1808M->1127M(2047M) 1.881ms
[33.494s][info][gc,cpu         ] GC(494) User=0.00s Sys=0.00s Real=0.00s
[33.558s][info][gc,start       ] GC(495) Pause Young (Allocation Failure)
[33.560s][info][gc,heap        ] GC(495) PSYoungGen: 698208K(698368K)->352K(698368K) Eden: 697856K(697856K)->0K(697856K) From: 352K(512K)->352K(512K)
[33.560s][info][gc,heap        ] GC(495) ParOldGen: 1153870K(1398272K)->1154030K(1398272K)
[33.560s][info][gc,metaspace   ] GC(495) Metaspace: 1903K(2048K)->1903K(2048K) NonClass: 1753K(1792K)->1753K(1792K) Class: 150K(256K)->150K(256K)
[33.560s][info][gc             ] GC(495) Pause Young (Allocation Failure) 1808M->1127M(2047M) 1.858ms
[33.560s][info][gc,cpu         ] GC(495) User=0.00s Sys=0.00s Real=0.00s
[33.626s][info][gc,start       ] GC(496) Pause Young (Allocation Failure)
[33.628s][info][gc,heap        ] GC(496) PSYoungGen: 698208K(698368K)->320K(698368K) Eden: 697856K(697856K)->0K(697856K) From: 352K(512K)->320K(512K)
[33.628s][info][gc,heap        ] GC(496) ParOldGen: 1154030K(1398272K)->1154190K(1398272K)
[33.628s][info][gc,metaspace   ] GC(496) Metaspace: 1903K(2048K)->1903K(2048K) NonClass: 1753K(1792K)->1753K(1792K) Class: 150K(256K)->150K(256K)
[33.628s][info][gc             ] GC(496) Pause Young (Allocation Failure) 1808M->1127M(2047M) 2.004ms
[33.628s][info][gc,cpu         ] GC(496) User=0.00s Sys=0.00s Real=0.00s
[33.693s][info][gc,start       ] GC(497) Pause Young (Allocation Failure)
[33.695s][info][gc,heap        ] GC(497) PSYoungGen: 698176K(698368K)->320K(698368K) Eden: 697856K(697856K)->0K(697856K) From: 320K(512K)->320K(512K)
[33.695s][info][gc,heap        ] GC(497) ParOldGen: 1154190K(1398272K)->1154342K(1398272K)
[33.695s][info][gc,metaspace   ] GC(497) Metaspace: 1903K(2048K)->1903K(2048K) NonClass: 1753K(1792K)->1753K(1792K) Class: 150K(256K)->150K(256K)
[33.695s][info][gc             ] GC(497) Pause Young (Allocation Failure) 1808M->1127M(2047M) 1.863ms
[33.695s][info][gc,cpu         ] GC(497) User=0.00s Sys=0.00s Real=0.00s
[33.759s][info][gc,start       ] GC(498) Pause Young (Allocation Failure)
[33.761s][info][gc,heap        ] GC(498) PSYoungGen: 698176K(698368K)->352K(698368K) Eden: 697856K(697856K)->0K(697856K) From: 320K(512K)->352K(512K)
[33.761s][info][gc,heap        ] GC(498) ParOldGen: 1154342K(1398272K)->1154470K(1398272K)
[33.761s][info][gc,metaspace   ] GC(498) Metaspace: 1903K(2048K)->1903K(2048K) NonClass: 1753K(1792K)->1753K(1792K) Class: 150K(256K)->150K(256K)
[33.761s][info][gc             ] GC(498) Pause Young (Allocation Failure) 1809M->1127M(2047M) 1.901ms
[33.761s][info][gc,cpu         ] GC(498) User=0.00s Sys=0.00s Real=0.00s
[33.826s][info][gc,start       ] GC(499) Pause Young (Allocation Failure)
[33.828s][info][gc,heap        ] GC(499) PSYoungGen: 698208K(698368K)->320K(698368K) Eden: 697856K(697856K)->0K(697856K) From: 352K(512K)->320K(512K)
[33.828s][info][gc,heap        ] GC(499) ParOldGen: 1154470K(1398272K)->1154606K(1398272K)
[33.828s][info][gc,metaspace   ] GC(499) Metaspace: 1903K(2048K)->1903K(2048K) NonClass: 1753K(1792K)->1753K(1792K) Class: 150K(256K)->150K(256K)
[33.828s][info][gc             ] GC(499) Pause Young (Allocation Failure) 1809M->1127M(2047M) 1.953ms
[33.828s][info][gc,cpu         ] GC(499) User=0.02s Sys=0.00s Real=0.00s
[33.893s][info][gc,start       ] GC(500) Pause Young (Allocation Failure)
[33.895s][info][gc,heap        ] GC(500) PSYoungGen: 698176K(698368K)->320K(698368K) Eden: 697856K(697856K)->0K(697856K) From: 320K(512K)->320K(512K)
[33.895s][info][gc,heap        ] GC(500) ParOldGen: 1154606K(1398272K)->1154774K(1398272K)
[33.895s][info][gc,metaspace   ] GC(500) Metaspace: 1903K(2048K)->1903K(2048K) NonClass: 1753K(1792K)->1753K(1792K) Class: 150K(256K)->150K(256K)
[33.895s][info][gc             ] GC(500) Pause Young (Allocation Failure) 1809M->1128M(2047M) 1.889ms
[33.895s][info][gc,cpu         ] GC(500) User=0.00s Sys=0.00s Real=0.00s
[33.960s][info][gc,start       ] GC(501) Pause Young (Allocation Failure)
[33.961s][info][gc,heap        ] GC(501) PSYoungGen: 698176K(698368K)->320K(698368K) Eden: 697856K(697856K)->0K(697856K) From: 320K(512K)->320K(512K)
[33.961s][info][gc,heap        ] GC(501) ParOldGen: 1154774K(1398272K)->1154894K(1398272K)
[33.961s][info][gc,metaspace   ] GC(501) Metaspace: 1903K(2048K)->1903K(2048K) NonClass: 1753K(1792K)->1753K(1792K) Class: 150K(256K)->150K(256K)
[33.961s][info][gc             ] GC(501) Pause Young (Allocation Failure) 1809M->1128M(2047M) 1.851ms
[33.961s][info][gc,cpu         ] GC(501) User=0.00s Sys=0.00s Real=0.00s
[34.026s][info][gc,start       ] GC(502) Pause Young (Allocation Failure)
[34.028s][info][gc,heap        ] GC(502) PSYoungGen: 698176K(698368K)->352K(698368K) Eden: 697856K(697856K)->0K(697856K) From: 320K(512K)->352K(512K)
[34.028s][info][gc,heap        ] GC(502) ParOldGen: 1154894K(1398272K)->1155022K(1398272K)
[34.028s][info][gc,metaspace   ] GC(502) Metaspace: 1903K(2048K)->1903K(2048K) NonClass: 1753K(1792K)->1753K(1792K) Class: 150K(256K)->150K(256K)
[34.028s][info][gc             ] GC(502) Pause Young (Allocation Failure) 1809M->1128M(2047M) 1.857ms
[34.028s][info][gc,cpu         ] GC(502) User=0.00s Sys=0.00s Real=0.00s
[34.093s][info][gc,start       ] GC(503) Pause Young (Allocation Failure)
[34.095s][info][gc,heap        ] GC(503) PSYoungGen: 698208K(698368K)->320K(698368K) Eden: 697856K(697856K)->0K(697856K) From: 352K(512K)->320K(512K)
[34.095s][info][gc,heap        ] GC(503) ParOldGen: 1155022K(1398272K)->1155174K(1398272K)
[34.095s][info][gc,metaspace   ] GC(503) Metaspace: 1903K(2048K)->1903K(2048K) NonClass: 1753K(1792K)->1753K(1792K) Class: 150K(256K)->150K(256K)
[34.095s][info][gc             ] GC(503) Pause Young (Allocation Failure) 1809M->1128M(2047M) 2.150ms
[34.095s][info][gc,cpu         ] GC(503) User=0.02s Sys=0.00s Real=0.00s
[34.162s][info][gc,start       ] GC(504) Pause Young (Allocation Failure)
[34.164s][info][gc,heap        ] GC(504) PSYoungGen: 698176K(698368K)->320K(698368K) Eden: 697856K(697856K)->0K(697856K) From: 320K(512K)->320K(512K)
[34.164s][info][gc,heap        ] GC(504) ParOldGen: 1155174K(1398272K)->1155334K(1398272K)
[34.164s][info][gc,metaspace   ] GC(504) Metaspace: 1903K(2048K)->1903K(2048K) NonClass: 1753K(1792K)->1753K(1792K) Class: 150K(256K)->150K(256K)
[34.164s][info][gc             ] GC(504) Pause Young (Allocation Failure) 1809M->1128M(2047M) 2.210ms
[34.164s][info][gc,cpu         ] GC(504) User=0.00s Sys=0.00s Real=0.00s
[34.229s][info][gc,start       ] GC(505) Pause Young (Allocation Failure)
[34.231s][info][gc,heap        ] GC(505) PSYoungGen: 698176K(698368K)->320K(698368K) Eden: 697856K(697856K)->0K(697856K) From: 320K(512K)->320K(512K)
[34.231s][info][gc,heap        ] GC(505) ParOldGen: 1155334K(1398272K)->1155446K(1398272K)
[34.231s][info][gc,metaspace   ] GC(505) Metaspace: 1903K(2048K)->1903K(2048K) NonClass: 1753K(1792K)->1753K(1792K) Class: 150K(256K)->150K(256K)
[34.231s][info][gc             ] GC(505) Pause Young (Allocation Failure) 1810M->1128M(2047M) 1.931ms
[34.231s][info][gc,cpu         ] GC(505) User=0.00s Sys=0.00s Real=0.00s
[34.295s][info][gc,start       ] GC(506) Pause Young (Allocation Failure)
[34.297s][info][gc,heap        ] GC(506) PSYoungGen: 698176K(698368K)->320K(698368K) Eden: 697856K(697856K)->0K(697856K) From: 320K(512K)->320K(512K)
[34.297s][info][gc,heap        ] GC(506) ParOldGen: 1155446K(1398272K)->1155598K(1398272K)
[34.297s][info][gc,metaspace   ] GC(506) Metaspace: 1903K(2048K)->1903K(2048K) NonClass: 1753K(1792K)->1753K(1792K) Class: 150K(256K)->150K(256K)
[34.297s][info][gc             ] GC(506) Pause Young (Allocation Failure) 1810M->1128M(2047M) 1.991ms
[34.297s][info][gc,cpu         ] GC(506) User=0.03s Sys=0.00s Real=0.00s
[34.363s][info][gc,start       ] GC(507) Pause Young (Allocation Failure)
[34.365s][info][gc,heap        ] GC(507) PSYoungGen: 698176K(698368K)->320K(698368K) Eden: 697856K(697856K)->0K(697856K) From: 320K(512K)->320K(512K)
[34.365s][info][gc,heap        ] GC(507) ParOldGen: 1155598K(1398272K)->1155742K(1398272K)
[34.365s][info][gc,metaspace   ] GC(507) Metaspace: 1903K(2048K)->1903K(2048K) NonClass: 1753K(1792K)->1753K(1792K) Class: 150K(256K)->150K(256K)
[34.365s][info][gc             ] GC(507) Pause Young (Allocation Failure) 1810M->1128M(2047M) 2.084ms
[34.365s][info][gc,cpu         ] GC(507) User=0.00s Sys=0.00s Real=0.00s
[34.430s][info][gc,start       ] GC(508) Pause Young (Allocation Failure)
[34.432s][info][gc,heap        ] GC(508) PSYoungGen: 698176K(698368K)->320K(698368K) Eden: 697856K(697856K)->0K(697856K) From: 320K(512K)->320K(512K)
[34.432s][info][gc,heap        ] GC(508) ParOldGen: 1155742K(1398272K)->1155894K(1398272K)
[34.432s][info][gc,metaspace   ] GC(508) Metaspace: 1903K(2048K)->1903K(2048K) NonClass: 1753K(1792K)->1753K(1792K) Class: 150K(256K)->150K(256K)
[34.432s][info][gc             ] GC(508) Pause Young (Allocation Failure) 1810M->1129M(2047M) 1.986ms
[34.432s][info][gc,cpu         ] GC(508) User=0.00s Sys=0.00s Real=0.00s
[34.497s][info][gc,start       ] GC(509) Pause Young (Allocation Failure)
[34.498s][info][gc,heap        ] GC(509) PSYoungGen: 698176K(698368K)->352K(698368K) Eden: 697856K(697856K)->0K(697856K) From: 320K(512K)->352K(512K)
[34.498s][info][gc,heap        ] GC(509) ParOldGen: 1155894K(1398272K)->1156022K(1398272K)
[34.498s][info][gc,metaspace   ] GC(509) Metaspace: 1903K(2048K)->1903K(2048K) NonClass: 1753K(1792K)->1753K(1792K) Class: 150K(256K)->150K(256K)
[34.498s][info][gc             ] GC(509) Pause Young (Allocation Failure) 1810M->1129M(2047M) 1.942ms
[34.498s][info][gc,cpu         ] GC(509) User=0.00s Sys=0.00s Real=0.00s
[34.564s][info][gc,start       ] GC(510) Pause Young (Allocation Failure)
[34.566s][info][gc,heap        ] GC(510) PSYoungGen: 698208K(698368K)->320K(698368K) Eden: 697856K(697856K)->0K(697856K) From: 352K(512K)->320K(512K)
[34.566s][info][gc,heap        ] GC(510) ParOldGen: 1156022K(1398272K)->1156174K(1398272K)
[34.566s][info][gc,metaspace   ] GC(510) Metaspace: 1903K(2048K)->1903K(2048K) NonClass: 1753K(1792K)->1753K(1792K) Class: 150K(256K)->150K(256K)
[34.566s][info][gc             ] GC(510) Pause Young (Allocation Failure) 1810M->1129M(2047M) 2.831ms
[34.566s][info][gc,cpu         ] GC(510) User=0.00s Sys=0.00s Real=0.00s
[34.631s][info][gc,start       ] GC(511) Pause Young (Allocation Failure)
[34.635s][info][gc,heap        ] GC(511) PSYoungGen: 698176K(698368K)->320K(698368K) Eden: 697856K(697856K)->0K(697856K) From: 320K(512K)->320K(512K)
[34.635s][info][gc,heap        ] GC(511) ParOldGen: 1156174K(1398272K)->1156422K(1398272K)
[34.635s][info][gc,metaspace   ] GC(511) Metaspace: 1903K(2048K)->1903K(2048K) NonClass: 1753K(1792K)->1753K(1792K) Class: 150K(256K)->150K(256K)
[34.635s][info][gc             ] GC(511) Pause Young (Allocation Failure) 1810M->1129M(2047M) 3.643ms
[34.635s][info][gc,cpu         ] GC(511) User=0.00s Sys=0.00s Real=0.00s
[34.701s][info][gc,start       ] GC(512) Pause Young (Allocation Failure)
[34.702s][info][gc,heap        ] GC(512) PSYoungGen: 698176K(698368K)->320K(698368K) Eden: 697856K(697856K)->0K(697856K) From: 320K(512K)->320K(512K)
[34.702s][info][gc,heap        ] GC(512) ParOldGen: 1156422K(1398272K)->1156606K(1398272K)
[34.702s][info][gc,metaspace   ] GC(512) Metaspace: 1903K(2048K)->1903K(2048K) NonClass: 1753K(1792K)->1753K(1792K) Class: 150K(256K)->150K(256K)
[34.702s][info][gc             ] GC(512) Pause Young (Allocation Failure) 1811M->1129M(2047M) 1.826ms
[34.702s][info][gc,cpu         ] GC(512) User=0.02s Sys=0.00s Real=0.00s
[34.767s][info][gc,start       ] GC(513) Pause Young (Allocation Failure)
[34.769s][info][gc,heap        ] GC(513) PSYoungGen: 698176K(698368K)->320K(698368K) Eden: 697856K(697856K)->0K(697856K) From: 320K(512K)->320K(512K)
[34.769s][info][gc,heap        ] GC(513) ParOldGen: 1156606K(1398272K)->1156782K(1398272K)
[34.769s][info][gc,metaspace   ] GC(513) Metaspace: 1903K(2048K)->1903K(2048K) NonClass: 1753K(1792K)->1753K(1792K) Class: 150K(256K)->150K(256K)
[34.769s][info][gc             ] GC(513) Pause Young (Allocation Failure) 1811M->1129M(2047M) 1.783ms
[34.769s][info][gc,cpu         ] GC(513) User=0.00s Sys=0.00s Real=0.00s
[34.834s][info][gc,start       ] GC(514) Pause Young (Allocation Failure)
[34.836s][info][gc,heap        ] GC(514) PSYoungGen: 698176K(698368K)->320K(698368K) Eden: 697856K(697856K)->0K(697856K) From: 320K(512K)->320K(512K)
[34.836s][info][gc,heap        ] GC(514) ParOldGen: 1156782K(1398272K)->1156934K(1398272K)
[34.836s][info][gc,metaspace   ] GC(514) Metaspace: 1903K(2048K)->1903K(2048K) NonClass: 1753K(1792K)->1753K(1792K) Class: 150K(256K)->150K(256K)
[34.836s][info][gc             ] GC(514) Pause Young (Allocation Failure) 1811M->1130M(2047M) 1.788ms
[34.836s][info][gc,cpu         ] GC(514) User=0.00s Sys=0.00s Real=0.00s
[34.902s][info][gc,start       ] GC(515) Pause Young (Allocation Failure)
[34.903s][info][gc,heap        ] GC(515) PSYoungGen: 698176K(698368K)->320K(698368K) Eden: 697856K(697856K)->0K(697856K) From: 320K(512K)->320K(512K)
[34.903s][info][gc,heap        ] GC(515) ParOldGen: 1156934K(1398272K)->1157078K(1398272K)
[34.903s][info][gc,metaspace   ] GC(515) Metaspace: 1903K(2048K)->1903K(2048K) NonClass: 1753K(1792K)->1753K(1792K) Class: 150K(256K)->150K(256K)
[34.903s][info][gc             ] GC(515) Pause Young (Allocation Failure) 1811M->1130M(2047M) 1.895ms
[34.903s][info][gc,cpu         ] GC(515) User=0.00s Sys=0.00s Real=0.00s
[34.968s][info][gc,start       ] GC(516) Pause Young (Allocation Failure)
[34.970s][info][gc,heap        ] GC(516) PSYoungGen: 698176K(698368K)->320K(698368K) Eden: 697856K(697856K)->0K(697856K) From: 320K(512K)->320K(512K)
[34.970s][info][gc,heap        ] GC(516) ParOldGen: 1157078K(1398272K)->1157190K(1398272K)
[34.970s][info][gc,metaspace   ] GC(516) Metaspace: 1903K(2048K)->1903K(2048K) NonClass: 1753K(1792K)->1753K(1792K) Class: 150K(256K)->150K(256K)
[34.970s][info][gc             ] GC(516) Pause Young (Allocation Failure) 1811M->1130M(2047M) 1.775ms
[34.970s][info][gc,cpu         ] GC(516) User=0.02s Sys=0.00s Real=0.00s
[35.035s][info][gc,start       ] GC(517) Pause Young (Allocation Failure)
[35.036s][info][gc,heap        ] GC(517) PSYoungGen: 698176K(698368K)->320K(698368K) Eden: 697856K(697856K)->0K(697856K) From: 320K(512K)->320K(512K)
[35.037s][info][gc,heap        ] GC(517) ParOldGen: 1157190K(1398272K)->1157334K(1398272K)
[35.037s][info][gc,metaspace   ] GC(517) Metaspace: 1903K(2048K)->1903K(2048K) NonClass: 1753K(1792K)->1753K(1792K) Class: 150K(256K)->150K(256K)
[35.037s][info][gc             ] GC(517) Pause Young (Allocation Failure) 1811M->1130M(2047M) 1.775ms
[35.037s][info][gc,cpu         ] GC(517) User=0.00s Sys=0.00s Real=0.00s
[35.102s][info][gc,start       ] GC(518) Pause Young (Allocation Failure)
[35.103s][info][gc,heap        ] GC(518) PSYoungGen: 698176K(698368K)->320K(698368K) Eden: 697856K(697856K)->0K(697856K) From: 320K(512K)->320K(512K)
[35.103s][info][gc,heap        ] GC(518) ParOldGen: 1157334K(1398272K)->1157454K(1398272K)
[35.103s][info][gc,metaspace   ] GC(518) Metaspace: 1903K(2048K)->1903K(2048K) NonClass: 1753K(1792K)->1753K(1792K) Class: 150K(256K)->150K(256K)
[35.103s][info][gc             ] GC(518) Pause Young (Allocation Failure) 1812M->1130M(2047M) 1.830ms
[35.103s][info][gc,cpu         ] GC(518) User=0.00s Sys=0.00s Real=0.00s
[35.170s][info][gc,start       ] GC(519) Pause Young (Allocation Failure)
[35.172s][info][gc,heap        ] GC(519) PSYoungGen: 698176K(698368K)->320K(698368K) Eden: 697856K(697856K)->0K(697856K) From: 320K(512K)->320K(512K)
[35.172s][info][gc,heap        ] GC(519) ParOldGen: 1157454K(1398272K)->1157606K(1398272K)
[35.172s][info][gc,metaspace   ] GC(519) Metaspace: 1903K(2048K)->1903K(2048K) NonClass: 1753K(1792K)->1753K(1792K) Class: 150K(256K)->150K(256K)
[35.172s][info][gc             ] GC(519) Pause Young (Allocation Failure) 1812M->1130M(2047M) 2.116ms
[35.172s][info][gc,cpu         ] GC(519) User=0.02s Sys=0.00s Real=0.00s
[35.237s][info][gc,start       ] GC(520) Pause Young (Allocation Failure)
[35.238s][info][gc,heap        ] GC(520) PSYoungGen: 698176K(698368K)->320K(698368K) Eden: 697856K(697856K)->0K(697856K) From: 320K(512K)->320K(512K)
[35.239s][info][gc,heap        ] GC(520) ParOldGen: 1157606K(1398272K)->1157742K(1398272K)
[35.239s][info][gc,metaspace   ] GC(520) Metaspace: 1903K(2048K)->1903K(2048K) NonClass: 1753K(1792K)->1753K(1792K) Class: 150K(256K)->150K(256K)
[35.239s][info][gc             ] GC(520) Pause Young (Allocation Failure) 1812M->1130M(2047M) 1.915ms
[35.239s][info][gc,cpu         ] GC(520) User=0.00s Sys=0.00s Real=0.00s
[35.303s][info][gc,start       ] GC(521) Pause Young (Allocation Failure)
[35.305s][info][gc,heap        ] GC(521) PSYoungGen: 698176K(698368K)->320K(698368K) Eden: 697856K(697856K)->0K(697856K) From: 320K(512K)->320K(512K)
[35.305s][info][gc,heap        ] GC(521) ParOldGen: 1157742K(1398272K)->1157894K(1398272K)
[35.305s][info][gc,metaspace   ] GC(521) Metaspace: 1903K(2048K)->1903K(2048K) NonClass: 1753K(1792K)->1753K(1792K) Class: 150K(256K)->150K(256K)
[35.305s][info][gc             ] GC(521) Pause Young (Allocation Failure) 1812M->1131M(2047M) 1.789ms
[35.305s][info][gc,cpu         ] GC(521) User=0.00s Sys=0.00s Real=0.00s
[35.370s][info][gc,start       ] GC(522) Pause Young (Allocation Failure)
[35.372s][info][gc,heap        ] GC(522) PSYoungGen: 698176K(698368K)->320K(698368K) Eden: 697856K(697856K)->0K(697856K) From: 320K(512K)->320K(512K)
[35.372s][info][gc,heap        ] GC(522) ParOldGen: 1157894K(1398272K)->1158038K(1398272K)
[35.372s][info][gc,metaspace   ] GC(522) Metaspace: 1903K(2048K)->1903K(2048K) NonClass: 1753K(1792K)->1753K(1792K) Class: 150K(256K)->150K(256K)
[35.372s][info][gc             ] GC(522) Pause Young (Allocation Failure) 1812M->1131M(2047M) 1.867ms
[35.372s][info][gc,cpu         ] GC(522) User=0.00s Sys=0.00s Real=0.00s
[35.437s][info][gc,start       ] GC(523) Pause Young (Allocation Failure)
[35.439s][info][gc,heap        ] GC(523) PSYoungGen: 698176K(698368K)->320K(698368K) Eden: 697856K(697856K)->0K(697856K) From: 320K(512K)->320K(512K)
[35.439s][info][gc,heap        ] GC(523) ParOldGen: 1158038K(1398272K)->1158206K(1398272K)
[35.439s][info][gc,metaspace   ] GC(523) Metaspace: 1903K(2048K)->1903K(2048K) NonClass: 1753K(1792K)->1753K(1792K) Class: 150K(256K)->150K(256K)
[35.439s][info][gc             ] GC(523) Pause Young (Allocation Failure) 1812M->1131M(2047M) 2.328ms
[35.440s][info][gc,cpu         ] GC(523) User=0.00s Sys=0.00s Real=0.00s
[35.504s][info][gc,start       ] GC(524) Pause Young (Allocation Failure)
[35.506s][info][gc,heap        ] GC(524) PSYoungGen: 698176K(698368K)->320K(698368K) Eden: 697856K(697856K)->0K(697856K) From: 320K(512K)->320K(512K)
[35.506s][info][gc,heap        ] GC(524) ParOldGen: 1158206K(1398272K)->1158358K(1398272K)
[35.506s][info][gc,metaspace   ] GC(524) Metaspace: 1903K(2048K)->1903K(2048K) NonClass: 1753K(1792K)->1753K(1792K) Class: 150K(256K)->150K(256K)
[35.506s][info][gc             ] GC(524) Pause Young (Allocation Failure) 1812M->1131M(2047M) 2.051ms
[35.506s][info][gc,cpu         ] GC(524) User=0.00s Sys=0.00s Real=0.00s
[35.570s][info][gc,start       ] GC(525) Pause Young (Allocation Failure)
[35.572s][info][gc,heap        ] GC(525) PSYoungGen: 698176K(698368K)->320K(698368K) Eden: 697856K(697856K)->0K(697856K) From: 320K(512K)->320K(512K)
[35.572s][info][gc,heap        ] GC(525) ParOldGen: 1158358K(1398272K)->1158510K(1398272K)
[35.572s][info][gc,metaspace   ] GC(525) Metaspace: 1903K(2048K)->1903K(2048K) NonClass: 1753K(1792K)->1753K(1792K) Class: 150K(256K)->150K(256K)
[35.572s][info][gc             ] GC(525) Pause Young (Allocation Failure) 1813M->1131M(2047M) 2.051ms
[35.572s][info][gc,cpu         ] GC(525) User=0.00s Sys=0.00s Real=0.00s
[35.637s][info][gc,start       ] GC(526) Pause Young (Allocation Failure)
[35.639s][info][gc,heap        ] GC(526) PSYoungGen: 698176K(698368K)->320K(698368K) Eden: 697856K(697856K)->0K(697856K) From: 320K(512K)->320K(512K)
[35.639s][info][gc,heap        ] GC(526) ParOldGen: 1158510K(1398272K)->1158670K(1398272K)
[35.639s][info][gc,metaspace   ] GC(526) Metaspace: 1903K(2048K)->1903K(2048K) NonClass: 1753K(1792K)->1753K(1792K) Class: 150K(256K)->150K(256K)
[35.639s][info][gc             ] GC(526) Pause Young (Allocation Failure) 1813M->1131M(2047M) 2.063ms
[35.639s][info][gc,cpu         ] GC(526) User=0.00s Sys=0.00s Real=0.00s
[35.707s][info][gc,start       ] GC(527) Pause Young (Allocation Failure)
[35.709s][info][gc,heap        ] GC(527) PSYoungGen: 698176K(698368K)->320K(698368K) Eden: 697856K(697856K)->0K(697856K) From: 320K(512K)->320K(512K)
[35.709s][info][gc,heap        ] GC(527) ParOldGen: 1158670K(1398272K)->1158822K(1398272K)
[35.709s][info][gc,metaspace   ] GC(527) Metaspace: 1903K(2048K)->1903K(2048K) NonClass: 1753K(1792K)->1753K(1792K) Class: 150K(256K)->150K(256K)
[35.709s][info][gc             ] GC(527) Pause Young (Allocation Failure) 1813M->1131M(2047M) 2.140ms
[35.709s][info][gc,cpu         ] GC(527) User=0.00s Sys=0.00s Real=0.00s
[35.772s][info][gc,start       ] GC(528) Pause Young (Allocation Failure)
[35.775s][info][gc,heap        ] GC(528) PSYoungGen: 698176K(698368K)->320K(698368K) Eden: 697856K(697856K)->0K(697856K) From: 320K(512K)->320K(512K)
[35.775s][info][gc,heap        ] GC(528) ParOldGen: 1158822K(1398272K)->1158974K(1398272K)
[35.775s][info][gc,metaspace   ] GC(528) Metaspace: 1903K(2048K)->1903K(2048K) NonClass: 1753K(1792K)->1753K(1792K) Class: 150K(256K)->150K(256K)
[35.775s][info][gc             ] GC(528) Pause Young (Allocation Failure) 1813M->1132M(2047M) 2.181ms
[35.775s][info][gc,cpu         ] GC(528) User=0.03s Sys=0.00s Real=0.00s
[35.838s][info][gc,start       ] GC(529) Pause Young (Allocation Failure)
[35.840s][info][gc,heap        ] GC(529) PSYoungGen: 698176K(698368K)->320K(698368K) Eden: 697856K(697856K)->0K(697856K) From: 320K(512K)->320K(512K)
[35.840s][info][gc,heap        ] GC(529) ParOldGen: 1158974K(1398272K)->1159126K(1398272K)
[35.840s][info][gc,metaspace   ] GC(529) Metaspace: 1903K(2048K)->1903K(2048K) NonClass: 1753K(1792K)->1753K(1792K) Class: 150K(256K)->150K(256K)
[35.840s][info][gc             ] GC(529) Pause Young (Allocation Failure) 1813M->1132M(2047M) 2.124ms
[35.840s][info][gc,cpu         ] GC(529) User=0.00s Sys=0.00s Real=0.00s
[35.905s][info][gc,start       ] GC(530) Pause Young (Allocation Failure)
[35.907s][info][gc,heap        ] GC(530) PSYoungGen: 698176K(698368K)->320K(698368K) Eden: 697856K(697856K)->0K(697856K) From: 320K(512K)->320K(512K)
[35.907s][info][gc,heap        ] GC(530) ParOldGen: 1159126K(1398272K)->1159286K(1398272K)
[35.907s][info][gc,metaspace   ] GC(530) Metaspace: 1903K(2048K)->1903K(2048K) NonClass: 1753K(1792K)->1753K(1792K) Class: 150K(256K)->150K(256K)
[35.907s][info][gc             ] GC(530) Pause Young (Allocation Failure) 1813M->1132M(2047M) 2.001ms
[35.907s][info][gc,cpu         ] GC(530) User=0.02s Sys=0.00s Real=0.00s
[35.972s][info][gc,start       ] GC(531) Pause Young (Allocation Failure)
[35.974s][info][gc,heap        ] GC(531) PSYoungGen: 698176K(698368K)->320K(698368K) Eden: 697856K(697856K)->0K(697856K) From: 320K(512K)->320K(512K)
[35.974s][info][gc,heap        ] GC(531) ParOldGen: 1159286K(1398272K)->1159430K(1398272K)
[35.974s][info][gc,metaspace   ] GC(531) Metaspace: 1903K(2048K)->1903K(2048K) NonClass: 1753K(1792K)->1753K(1792K) Class: 150K(256K)->150K(256K)
[35.974s][info][gc             ] GC(531) Pause Young (Allocation Failure) 1813M->1132M(2047M) 2.220ms
[35.974s][info][gc,cpu         ] GC(531) User=0.00s Sys=0.00s Real=0.00s
[36.039s][info][gc,start       ] GC(532) Pause Young (Allocation Failure)
[36.041s][info][gc,heap        ] GC(532) PSYoungGen: 698176K(698368K)->320K(698368K) Eden: 697856K(697856K)->0K(697856K) From: 320K(512K)->320K(512K)
[36.041s][info][gc,heap        ] GC(532) ParOldGen: 1159430K(1398272K)->1159574K(1398272K)
[36.041s][info][gc,metaspace   ] GC(532) Metaspace: 1903K(2048K)->1903K(2048K) NonClass: 1753K(1792K)->1753K(1792K) Class: 150K(256K)->150K(256K)
[36.041s][info][gc             ] GC(532) Pause Young (Allocation Failure) 1814M->1132M(2047M) 2.037ms
[36.041s][info][gc,cpu         ] GC(532) User=0.00s Sys=0.00s Real=0.00s
[36.104s][info][gc,start       ] GC(533) Pause Young (Allocation Failure)
[36.107s][info][gc,heap        ] GC(533) PSYoungGen: 698176K(698368K)->320K(698368K) Eden: 697856K(697856K)->0K(697856K) From: 320K(512K)->320K(512K)
[36.107s][info][gc,heap        ] GC(533) ParOldGen: 1159574K(1398272K)->1159726K(1398272K)
[36.107s][info][gc,metaspace   ] GC(533) Metaspace: 1903K(2048K)->1903K(2048K) NonClass: 1753K(1792K)->1753K(1792K) Class: 150K(256K)->150K(256K)
[36.107s][info][gc             ] GC(533) Pause Young (Allocation Failure) 1814M->1132M(2047M) 2.486ms
[36.107s][info][gc,cpu         ] GC(533) User=0.06s Sys=0.00s Real=0.00s
[36.172s][info][gc,start       ] GC(534) Pause Young (Allocation Failure)
[36.174s][info][gc,heap        ] GC(534) PSYoungGen: 698176K(698368K)->320K(698368K) Eden: 697856K(697856K)->0K(697856K) From: 320K(512K)->320K(512K)
[36.174s][info][gc,heap        ] GC(534) ParOldGen: 1159726K(1398272K)->1159886K(1398272K)
[36.174s][info][gc,metaspace   ] GC(534) Metaspace: 1903K(2048K)->1903K(2048K) NonClass: 1753K(1792K)->1753K(1792K) Class: 150K(256K)->150K(256K)
[36.174s][info][gc             ] GC(534) Pause Young (Allocation Failure) 1814M->1133M(2047M) 1.851ms
[36.174s][info][gc,cpu         ] GC(534) User=0.00s Sys=0.00s Real=0.00s
[36.240s][info][gc,start       ] GC(535) Pause Young (Allocation Failure)
[36.242s][info][gc,heap        ] GC(535) PSYoungGen: 698176K(698368K)->320K(698368K) Eden: 697856K(697856K)->0K(697856K) From: 320K(512K)->320K(512K)
[36.242s][info][gc,heap        ] GC(535) ParOldGen: 1159886K(1398272K)->1160038K(1398272K)
[36.242s][info][gc,metaspace   ] GC(535) Metaspace: 1903K(2048K)->1903K(2048K) NonClass: 1753K(1792K)->1753K(1792K) Class: 150K(256K)->150K(256K)
[36.242s][info][gc             ] GC(535) Pause Young (Allocation Failure) 1814M->1133M(2047M) 2.292ms
[36.242s][info][gc,cpu         ] GC(535) User=0.00s Sys=0.00s Real=0.00s
[36.306s][info][gc,start       ] GC(536) Pause Young (Allocation Failure)
[36.308s][info][gc,heap        ] GC(536) PSYoungGen: 698176K(698368K)->320K(698368K) Eden: 697856K(697856K)->0K(697856K) From: 320K(512K)->320K(512K)
[36.308s][info][gc,heap        ] GC(536) ParOldGen: 1160038K(1398272K)->1160254K(1398272K)
[36.308s][info][gc,metaspace   ] GC(536) Metaspace: 1903K(2048K)->1903K(2048K) NonClass: 1753K(1792K)->1753K(1792K) Class: 150K(256K)->150K(256K)
[36.308s][info][gc             ] GC(536) Pause Young (Allocation Failure) 1814M->1133M(2047M) 2.192ms
[36.308s][info][gc,cpu         ] GC(536) User=0.03s Sys=0.00s Real=0.00s
[36.371s][info][gc,start       ] GC(537) Pause Young (Allocation Failure)
[36.374s][info][gc,heap        ] GC(537) PSYoungGen: 698176K(698368K)->320K(698368K) Eden: 697856K(697856K)->0K(697856K) From: 320K(512K)->320K(512K)
[36.374s][info][gc,heap        ] GC(537) ParOldGen: 1160254K(1398272K)->1160406K(1398272K)
[36.374s][info][gc,metaspace   ] GC(537) Metaspace: 1903K(2048K)->1903K(2048K) NonClass: 1753K(1792K)->1753K(1792K) Class: 150K(256K)->150K(256K)
[36.374s][info][gc             ] GC(537) Pause Young (Allocation Failure) 1814M->1133M(2047M) 2.137ms
[36.374s][info][gc,cpu         ] GC(537) User=0.00s Sys=0.00s Real=0.00s
[36.439s][info][gc,start       ] GC(538) Pause Young (Allocation Failure)
[36.440s][info][gc,heap        ] GC(538) PSYoungGen: 698176K(698368K)->320K(698368K) Eden: 697856K(697856K)->0K(697856K) From: 320K(512K)->320K(512K)
[36.440s][info][gc,heap        ] GC(538) ParOldGen: 1160406K(1398272K)->1160574K(1398272K)
[36.440s][info][gc,metaspace   ] GC(538) Metaspace: 1903K(2048K)->1903K(2048K) NonClass: 1753K(1792K)->1753K(1792K) Class: 150K(256K)->150K(256K)
[36.440s][info][gc             ] GC(538) Pause Young (Allocation Failure) 1815M->1133M(2047M) 1.840ms
[36.440s][info][gc,cpu         ] GC(538) User=0.00s Sys=0.00s Real=0.00s
[36.505s][info][gc,start       ] GC(539) Pause Young (Allocation Failure)
[36.507s][info][gc,heap        ] GC(539) PSYoungGen: 698176K(698368K)->320K(698368K) Eden: 697856K(697856K)->0K(697856K) From: 320K(512K)->320K(512K)
[36.507s][info][gc,heap        ] GC(539) ParOldGen: 1160574K(1398272K)->1160718K(1398272K)
[36.507s][info][gc,metaspace   ] GC(539) Metaspace: 1903K(2048K)->1903K(2048K) NonClass: 1753K(1792K)->1753K(1792K) Class: 150K(256K)->150K(256K)
[36.507s][info][gc             ] GC(539) Pause Young (Allocation Failure) 1815M->1133M(2047M) 2.154ms
[36.507s][info][gc,cpu         ] GC(539) User=0.00s Sys=0.00s Real=0.00s
[36.570s][info][gc,start       ] GC(540) Pause Young (Allocation Failure)
[36.572s][info][gc,heap        ] GC(540) PSYoungGen: 698176K(698368K)->320K(698368K) Eden: 697856K(697856K)->0K(697856K) From: 320K(512K)->320K(512K)
[36.573s][info][gc,heap        ] GC(540) ParOldGen: 1160718K(1398272K)->1160878K(1398272K)
[36.573s][info][gc,metaspace   ] GC(540) Metaspace: 1903K(2048K)->1903K(2048K) NonClass: 1753K(1792K)->1753K(1792K) Class: 150K(256K)->150K(256K)
[36.573s][info][gc             ] GC(540) Pause Young (Allocation Failure) 1815M->1133M(2047M) 2.103ms
[36.573s][info][gc,cpu         ] GC(540) User=0.03s Sys=0.00s Real=0.00s
[36.637s][info][gc,start       ] GC(541) Pause Young (Allocation Failure)
[36.639s][info][gc,heap        ] GC(541) PSYoungGen: 698176K(698368K)->320K(698368K) Eden: 697856K(697856K)->0K(697856K) From: 320K(512K)->320K(512K)
[36.639s][info][gc,heap        ] GC(541) ParOldGen: 1160878K(1398272K)->1161070K(1398272K)
[36.639s][info][gc,metaspace   ] GC(541) Metaspace: 1903K(2048K)->1903K(2048K) NonClass: 1753K(1792K)->1753K(1792K) Class: 150K(256K)->150K(256K)
[36.639s][info][gc             ] GC(541) Pause Young (Allocation Failure) 1815M->1134M(2047M) 2.204ms
[36.639s][info][gc,cpu         ] GC(541) User=0.00s Sys=0.00s Real=0.00s
[36.704s][info][gc,start       ] GC(542) Pause Young (Allocation Failure)
[36.706s][info][gc,heap        ] GC(542) PSYoungGen: 698176K(698368K)->320K(698368K) Eden: 697856K(697856K)->0K(697856K) From: 320K(512K)->320K(512K)
[36.706s][info][gc,heap        ] GC(542) ParOldGen: 1161070K(1398272K)->1161238K(1398272K)
[36.706s][info][gc,metaspace   ] GC(542) Metaspace: 1903K(2048K)->1903K(2048K) NonClass: 1753K(1792K)->1753K(1792K) Class: 150K(256K)->150K(256K)
[36.706s][info][gc             ] GC(542) Pause Young (Allocation Failure) 1815M->1134M(2047M) 1.863ms
[36.706s][info][gc,cpu         ] GC(542) User=0.00s Sys=0.00s Real=0.00s
[36.772s][info][gc,start       ] GC(543) Pause Young (Allocation Failure)
[36.774s][info][gc,heap        ] GC(543) PSYoungGen: 698176K(698368K)->320K(698368K) Eden: 697856K(697856K)->0K(697856K) From: 320K(512K)->320K(512K)
[36.774s][info][gc,heap        ] GC(543) ParOldGen: 1161238K(1398272K)->1161398K(1398272K)
[36.774s][info][gc,metaspace   ] GC(543) Metaspace: 1903K(2048K)->1903K(2048K) NonClass: 1753K(1792K)->1753K(1792K) Class: 150K(256K)->150K(256K)
[36.774s][info][gc             ] GC(543) Pause Young (Allocation Failure) 1815M->1134M(2047M) 2.170ms
[36.774s][info][gc,cpu         ] GC(543) User=0.00s Sys=0.00s Real=0.00s
[36.837s][info][gc,start       ] GC(544) Pause Young (Allocation Failure)
[36.839s][info][gc,heap        ] GC(544) PSYoungGen: 698176K(698368K)->320K(698368K) Eden: 697856K(697856K)->0K(697856K) From: 320K(512K)->320K(512K)
[36.840s][info][gc,heap        ] GC(544) ParOldGen: 1161398K(1398272K)->1161550K(1398272K)
[36.840s][info][gc,metaspace   ] GC(544) Metaspace: 1903K(2048K)->1903K(2048K) NonClass: 1753K(1792K)->1753K(1792K) Class: 150K(256K)->150K(256K)
[36.840s][info][gc             ] GC(544) Pause Young (Allocation Failure) 1815M->1134M(2047M) 2.217ms
[36.840s][info][gc,cpu         ] GC(544) User=0.02s Sys=0.00s Real=0.00s
[36.903s][info][gc,start       ] GC(545) Pause Young (Allocation Failure)
[36.904s][info][gc,heap        ] GC(545) PSYoungGen: 698176K(698368K)->320K(698368K) Eden: 697856K(697856K)->0K(697856K) From: 320K(512K)->320K(512K)
[36.905s][info][gc,heap        ] GC(545) ParOldGen: 1161550K(1398272K)->1161726K(1398272K)
[36.905s][info][gc,metaspace   ] GC(545) Metaspace: 1903K(2048K)->1903K(2048K) NonClass: 1753K(1792K)->1753K(1792K) Class: 150K(256K)->150K(256K)
[36.905s][info][gc             ] GC(545) Pause Young (Allocation Failure) 1816M->1134M(2047M) 1.909ms
[36.905s][info][gc,cpu         ] GC(545) User=0.00s Sys=0.00s Real=0.00s
[36.970s][info][gc,start       ] GC(546) Pause Young (Allocation Failure)
[36.972s][info][gc,heap        ] GC(546) PSYoungGen: 698176K(698368K)->320K(698368K) Eden: 697856K(697856K)->0K(697856K) From: 320K(512K)->320K(512K)
[36.972s][info][gc,heap        ] GC(546) ParOldGen: 1161726K(1398272K)->1161894K(1398272K)
[36.972s][info][gc,metaspace   ] GC(546) Metaspace: 1903K(2048K)->1903K(2048K) NonClass: 1753K(1792K)->1753K(1792K) Class: 150K(256K)->150K(256K)
[36.972s][info][gc             ] GC(546) Pause Young (Allocation Failure) 1816M->1134M(2047M) 1.921ms
[36.972s][info][gc,cpu         ] GC(546) User=0.00s Sys=0.00s Real=0.00s
[37.036s][info][gc,start       ] GC(547) Pause Young (Allocation Failure)
[37.038s][info][gc,heap        ] GC(547) PSYoungGen: 698176K(698368K)->320K(698368K) Eden: 697856K(697856K)->0K(697856K) From: 320K(512K)->320K(512K)
[37.038s][info][gc,heap        ] GC(547) ParOldGen: 1161894K(1398272K)->1162054K(1398272K)
[37.038s][info][gc,metaspace   ] GC(547) Metaspace: 1903K(2048K)->1903K(2048K) NonClass: 1753K(1792K)->1753K(1792K) Class: 150K(256K)->150K(256K)
[37.038s][info][gc             ] GC(547) Pause Young (Allocation Failure) 1816M->1135M(2047M) 1.863ms
[37.038s][info][gc,cpu         ] GC(547) User=0.00s Sys=0.00s Real=0.00s
[37.103s][info][gc,start       ] GC(548) Pause Young (Allocation Failure)
[37.105s][info][gc,heap        ] GC(548) PSYoungGen: 698176K(698368K)->320K(698368K) Eden: 697856K(697856K)->0K(697856K) From: 320K(512K)->320K(512K)
[37.105s][info][gc,heap        ] GC(548) ParOldGen: 1162054K(1398272K)->1162206K(1398272K)
[37.105s][info][gc,metaspace   ] GC(548) Metaspace: 1903K(2048K)->1903K(2048K) NonClass: 1753K(1792K)->1753K(1792K) Class: 150K(256K)->150K(256K)
[37.105s][info][gc             ] GC(548) Pause Young (Allocation Failure) 1816M->1135M(2047M) 2.133ms
[37.105s][info][gc,cpu         ] GC(548) User=0.00s Sys=0.00s Real=0.00s
[37.168s][info][gc,start       ] GC(549) Pause Young (Allocation Failure)
[37.170s][info][gc,heap        ] GC(549) PSYoungGen: 698176K(698368K)->320K(698368K) Eden: 697856K(697856K)->0K(697856K) From: 320K(512K)->320K(512K)
[37.171s][info][gc,heap        ] GC(549) ParOldGen: 1162206K(1398272K)->1162366K(1398272K)
[37.171s][info][gc,metaspace   ] GC(549) Metaspace: 1903K(2048K)->1903K(2048K) NonClass: 1753K(1792K)->1753K(1792K) Class: 150K(256K)->150K(256K)
[37.171s][info][gc             ] GC(549) Pause Young (Allocation Failure) 1816M->1135M(2047M) 2.321ms
[37.171s][info][gc,cpu         ] GC(549) User=0.05s Sys=0.00s Real=0.00s
[37.234s][info][gc,start       ] GC(550) Pause Young (Allocation Failure)
[37.236s][info][gc,heap        ] GC(550) PSYoungGen: 698176K(698368K)->320K(698368K) Eden: 697856K(697856K)->0K(697856K) From: 320K(512K)->320K(512K)
[37.236s][info][gc,heap        ] GC(550) ParOldGen: 1162366K(1398272K)->1162526K(1398272K)
[37.236s][info][gc,metaspace   ] GC(550) Metaspace: 1903K(2048K)->1903K(2048K) NonClass: 1753K(1792K)->1753K(1792K) Class: 150K(256K)->150K(256K)
[37.236s][info][gc             ] GC(550) Pause Young (Allocation Failure) 1816M->1135M(2047M) 1.912ms
[37.236s][info][gc,cpu         ] GC(550) User=0.06s Sys=0.00s Real=0.00s
[37.303s][info][gc,start       ] GC(551) Pause Young (Allocation Failure)
[37.304s][info][gc,heap        ] GC(551) PSYoungGen: 698176K(698368K)->320K(698368K) Eden: 697856K(697856K)->0K(697856K) From: 320K(512K)->320K(512K)
[37.304s][info][gc,heap        ] GC(551) ParOldGen: 1162526K(1398272K)->1162694K(1398272K)
[37.304s][info][gc,metaspace   ] GC(551) Metaspace: 1903K(2048K)->1903K(2048K) NonClass: 1753K(1792K)->1753K(1792K) Class: 150K(256K)->150K(256K)
[37.304s][info][gc             ] GC(551) Pause Young (Allocation Failure) 1817M->1135M(2047M) 1.836ms
[37.305s][info][gc,cpu         ] GC(551) User=0.00s Sys=0.00s Real=0.00s
[37.369s][info][gc,start       ] GC(552) Pause Young (Allocation Failure)
[37.371s][info][gc,heap        ] GC(552) PSYoungGen: 698176K(698368K)->320K(698368K) Eden: 697856K(697856K)->0K(697856K) From: 320K(512K)->320K(512K)
[37.371s][info][gc,heap        ] GC(552) ParOldGen: 1162694K(1398272K)->1162854K(1398272K)
[37.371s][info][gc,metaspace   ] GC(552) Metaspace: 1903K(2048K)->1903K(2048K) NonClass: 1753K(1792K)->1753K(1792K) Class: 150K(256K)->150K(256K)
[37.371s][info][gc             ] GC(552) Pause Young (Allocation Failure) 1817M->1135M(2047M) 1.900ms
[37.371s][info][gc,cpu         ] GC(552) User=0.00s Sys=0.00s Real=0.00s
[37.436s][info][gc,start       ] GC(553) Pause Young (Allocation Failure)
[37.439s][info][gc,heap        ] GC(553) PSYoungGen: 698176K(698368K)->320K(698368K) Eden: 697856K(697856K)->0K(697856K) From: 320K(512K)->320K(512K)
[37.439s][info][gc,heap        ] GC(553) ParOldGen: 1162854K(1398272K)->1163006K(1398272K)
[37.439s][info][gc,metaspace   ] GC(553) Metaspace: 1903K(2048K)->1903K(2048K) NonClass: 1753K(1792K)->1753K(1792K) Class: 150K(256K)->150K(256K)
[37.439s][info][gc             ] GC(553) Pause Young (Allocation Failure) 1817M->1136M(2047M) 2.731ms
[37.439s][info][gc,cpu         ] GC(553) User=0.00s Sys=0.00s Real=0.00s
[37.502s][info][gc,start       ] GC(554) Pause Young (Allocation Failure)
[37.505s][info][gc,heap        ] GC(554) PSYoungGen: 698176K(698368K)->320K(698368K) Eden: 697856K(697856K)->0K(697856K) From: 320K(512K)->320K(512K)
[37.505s][info][gc,heap        ] GC(554) ParOldGen: 1163006K(1398272K)->1163166K(1398272K)
[37.505s][info][gc,metaspace   ] GC(554) Metaspace: 1903K(2048K)->1903K(2048K) NonClass: 1753K(1792K)->1753K(1792K) Class: 150K(256K)->150K(256K)
[37.505s][info][gc             ] GC(554) Pause Young (Allocation Failure) 1817M->1136M(2047M) 2.292ms
[37.505s][info][gc,cpu         ] GC(554) User=0.03s Sys=0.00s Real=0.00s
[37.568s][info][gc,start       ] GC(555) Pause Young (Allocation Failure)
[37.570s][info][gc,heap        ] GC(555) PSYoungGen: 698176K(698368K)->320K(698368K) Eden: 697856K(697856K)->0K(697856K) From: 320K(512K)->320K(512K)
[37.570s][info][gc,heap        ] GC(555) ParOldGen: 1163166K(1398272K)->1163310K(1398272K)
[37.570s][info][gc,metaspace   ] GC(555) Metaspace: 1903K(2048K)->1903K(2048K) NonClass: 1753K(1792K)->1753K(1792K) Class: 150K(256K)->150K(256K)
[37.571s][info][gc             ] GC(555) Pause Young (Allocation Failure) 1817M->1136M(2047M) 2.168ms
[37.571s][info][gc,cpu         ] GC(555) User=0.03s Sys=0.00s Real=0.00s
[37.635s][info][gc,start       ] GC(556) Pause Young (Allocation Failure)
[37.638s][info][gc,heap        ] GC(556) PSYoungGen: 698176K(698368K)->320K(698368K) Eden: 697856K(697856K)->0K(697856K) From: 320K(512K)->320K(512K)
[37.638s][info][gc,heap        ] GC(556) ParOldGen: 1163310K(1398272K)->1163486K(1398272K)
[37.638s][info][gc,metaspace   ] GC(556) Metaspace: 1903K(2048K)->1903K(2048K) NonClass: 1753K(1792K)->1753K(1792K) Class: 150K(256K)->150K(256K)
[37.638s][info][gc             ] GC(556) Pause Young (Allocation Failure) 1817M->1136M(2047M) 2.807ms
[37.638s][info][gc,cpu         ] GC(556) User=0.00s Sys=0.00s Real=0.00s
[37.703s][info][gc,start       ] GC(557) Pause Young (Allocation Failure)
[37.705s][info][gc,heap        ] GC(557) PSYoungGen: 698176K(698368K)->320K(698368K) Eden: 697856K(697856K)->0K(697856K) From: 320K(512K)->320K(512K)
[37.705s][info][gc,heap        ] GC(557) ParOldGen: 1163486K(1398272K)->1163670K(1398272K)
[37.705s][info][gc,metaspace   ] GC(557) Metaspace: 1903K(2048K)->1903K(2048K) NonClass: 1753K(1792K)->1753K(1792K) Class: 150K(256K)->150K(256K)
[37.705s][info][gc             ] GC(557) Pause Young (Allocation Failure) 1818M->1136M(2047M) 1.845ms
[37.705s][info][gc,cpu         ] GC(557) User=0.00s Sys=0.00s Real=0.00s
[37.771s][info][gc,start       ] GC(558) Pause Young (Allocation Failure)
[37.773s][info][gc,heap        ] GC(558) PSYoungGen: 698176K(698368K)->320K(698368K) Eden: 697856K(697856K)->0K(697856K) From: 320K(512K)->320K(512K)
[37.773s][info][gc,heap        ] GC(558) ParOldGen: 1163670K(1398272K)->1163822K(1398272K)
[37.773s][info][gc,metaspace   ] GC(558) Metaspace: 1903K(2048K)->1903K(2048K) NonClass: 1753K(1792K)->1753K(1792K) Class: 150K(256K)->150K(256K)
[37.773s][info][gc             ] GC(558) Pause Young (Allocation Failure) 1818M->1136M(2047M) 2.166ms
[37.773s][info][gc,cpu         ] GC(558) User=0.00s Sys=0.00s Real=0.00s
[37.837s][info][gc,start       ] GC(559) Pause Young (Allocation Failure)
[37.839s][info][gc,heap        ] GC(559) PSYoungGen: 698176K(698368K)->320K(698368K) Eden: 697856K(697856K)->0K(697856K) From: 320K(512K)->320K(512K)
[37.839s][info][gc,heap        ] GC(559) ParOldGen: 1163822K(1398272K)->1163974K(1398272K)
[37.839s][info][gc,metaspace   ] GC(559) Metaspace: 1903K(2048K)->1903K(2048K) NonClass: 1753K(1792K)->1753K(1792K) Class: 150K(256K)->150K(256K)
[37.839s][info][gc             ] GC(559) Pause Young (Allocation Failure) 1818M->1137M(2047M) 1.879ms
[37.839s][info][gc,cpu         ] GC(559) User=0.00s Sys=0.02s Real=0.00s
[37.902s][info][gc,start       ] GC(560) Pause Young (Allocation Failure)
[37.904s][info][gc,heap        ] GC(560) PSYoungGen: 698176K(698368K)->320K(698368K) Eden: 697856K(697856K)->0K(697856K) From: 320K(512K)->320K(512K)
[37.904s][info][gc,heap        ] GC(560) ParOldGen: 1163974K(1398272K)->1164102K(1398272K)
[37.904s][info][gc,metaspace   ] GC(560) Metaspace: 1903K(2048K)->1903K(2048K) NonClass: 1753K(1792K)->1753K(1792K) Class: 150K(256K)->150K(256K)
[37.904s][info][gc             ] GC(560) Pause Young (Allocation Failure) 1818M->1137M(2047M) 2.172ms
[37.904s][info][gc,cpu         ] GC(560) User=0.02s Sys=0.00s Real=0.00s
[37.969s][info][gc,start       ] GC(561) Pause Young (Allocation Failure)
[37.971s][info][gc,heap        ] GC(561) PSYoungGen: 698176K(698368K)->320K(698368K) Eden: 697856K(697856K)->0K(697856K) From: 320K(512K)->320K(512K)
[37.971s][info][gc,heap        ] GC(561) ParOldGen: 1164102K(1398272K)->1164254K(1398272K)
[37.971s][info][gc,metaspace   ] GC(561) Metaspace: 1903K(2048K)->1903K(2048K) NonClass: 1753K(1792K)->1753K(1792K) Class: 150K(256K)->150K(256K)
[37.971s][info][gc             ] GC(561) Pause Young (Allocation Failure) 1818M->1137M(2047M) 1.913ms
[37.971s][info][gc,cpu         ] GC(561) User=0.00s Sys=0.00s Real=0.00s
[38.035s][info][gc,start       ] GC(562) Pause Young (Allocation Failure)
[38.037s][info][gc,heap        ] GC(562) PSYoungGen: 698176K(698368K)->320K(698368K) Eden: 697856K(697856K)->0K(697856K) From: 320K(512K)->320K(512K)
[38.037s][info][gc,heap        ] GC(562) ParOldGen: 1164254K(1398272K)->1164430K(1398272K)
[38.037s][info][gc,metaspace   ] GC(562) Metaspace: 1903K(2048K)->1903K(2048K) NonClass: 1753K(1792K)->1753K(1792K) Class: 150K(256K)->150K(256K)
[38.037s][info][gc             ] GC(562) Pause Young (Allocation Failure) 1818M->1137M(2047M) 2.062ms
[38.037s][info][gc,cpu         ] GC(562) User=0.00s Sys=0.00s Real=0.00s
[38.101s][info][gc,start       ] GC(563) Pause Young (Allocation Failure)
[38.103s][info][gc,heap        ] GC(563) PSYoungGen: 698176K(698368K)->320K(698368K) Eden: 697856K(697856K)->0K(697856K) From: 320K(512K)->320K(512K)
[38.103s][info][gc,heap        ] GC(563) ParOldGen: 1164430K(1398272K)->1164582K(1398272K)
[38.103s][info][gc,metaspace   ] GC(563) Metaspace: 1903K(2048K)->1903K(2048K) NonClass: 1753K(1792K)->1753K(1792K) Class: 150K(256K)->150K(256K)
[38.103s][info][gc             ] GC(563) Pause Young (Allocation Failure) 1818M->1137M(2047M) 2.045ms
[38.103s][info][gc,cpu         ] GC(563) User=0.05s Sys=0.00s Real=0.00s
[38.167s][info][gc,start       ] GC(564) Pause Young (Allocation Failure)
[38.169s][info][gc,heap        ] GC(564) PSYoungGen: 698176K(698368K)->320K(698368K) Eden: 697856K(697856K)->0K(697856K) From: 320K(512K)->320K(512K)
[38.169s][info][gc,heap        ] GC(564) ParOldGen: 1164582K(1398272K)->1164734K(1398272K)
[38.169s][info][gc,metaspace   ] GC(564) Metaspace: 1903K(2048K)->1903K(2048K) NonClass: 1753K(1792K)->1753K(1792K) Class: 150K(256K)->150K(256K)
[38.169s][info][gc             ] GC(564) Pause Young (Allocation Failure) 1819M->1137M(2047M) 1.854ms
[38.169s][info][gc,cpu         ] GC(564) User=0.00s Sys=0.00s Real=0.00s
[38.234s][info][gc,start       ] GC(565) Pause Young (Allocation Failure)
[38.236s][info][gc,heap        ] GC(565) PSYoungGen: 698176K(698368K)->320K(698368K) Eden: 697856K(697856K)->0K(697856K) From: 320K(512K)->320K(512K)
[38.236s][info][gc,heap        ] GC(565) ParOldGen: 1164734K(1398272K)->1164886K(1398272K)
[38.236s][info][gc,metaspace   ] GC(565) Metaspace: 1903K(2048K)->1903K(2048K) NonClass: 1753K(1792K)->1753K(1792K) Class: 150K(256K)->150K(256K)
[38.236s][info][gc             ] GC(565) Pause Young (Allocation Failure) 1819M->1137M(2047M) 1.959ms
[38.236s][info][gc,cpu         ] GC(565) User=0.02s Sys=0.00s Real=0.00s
[38.302s][info][gc,start       ] GC(566) Pause Young (Allocation Failure)
[38.304s][info][gc,heap        ] GC(566) PSYoungGen: 698176K(698368K)->320K(698368K) Eden: 697856K(697856K)->0K(697856K) From: 320K(512K)->320K(512K)
[38.304s][info][gc,heap        ] GC(566) ParOldGen: 1164886K(1398272K)->1165030K(1398272K)
[38.304s][info][gc,metaspace   ] GC(566) Metaspace: 1903K(2048K)->1903K(2048K) NonClass: 1753K(1792K)->1753K(1792K) Class: 150K(256K)->150K(256K)
[38.304s][info][gc             ] GC(566) Pause Young (Allocation Failure) 1819M->1138M(2047M) 1.974ms
[38.304s][info][gc,cpu         ] GC(566) User=0.00s Sys=0.00s Real=0.00s
[38.368s][info][gc,start       ] GC(567) Pause Young (Allocation Failure)
[38.370s][info][gc,heap        ] GC(567) PSYoungGen: 698176K(698368K)->320K(698368K) Eden: 697856K(697856K)->0K(697856K) From: 320K(512K)->320K(512K)
[38.370s][info][gc,heap        ] GC(567) ParOldGen: 1165030K(1398272K)->1165182K(1398272K)
[38.370s][info][gc,metaspace   ] GC(567) Metaspace: 1903K(2048K)->1903K(2048K) NonClass: 1753K(1792K)->1753K(1792K) Class: 150K(256K)->150K(256K)
[38.370s][info][gc             ] GC(567) Pause Young (Allocation Failure) 1819M->1138M(2047M) 2.134ms
[38.370s][info][gc,cpu         ] GC(567) User=0.00s Sys=0.00s Real=0.00s
[38.434s][info][gc,start       ] GC(568) Pause Young (Allocation Failure)
[38.436s][info][gc,heap        ] GC(568) PSYoungGen: 698176K(698368K)->320K(698368K) Eden: 697856K(697856K)->0K(697856K) From: 320K(512K)->320K(512K)
[38.436s][info][gc,heap        ] GC(568) ParOldGen: 1165182K(1398272K)->1165350K(1398272K)
[38.436s][info][gc,metaspace   ] GC(568) Metaspace: 1903K(2048K)->1903K(2048K) NonClass: 1753K(1792K)->1753K(1792K) Class: 150K(256K)->150K(256K)
[38.436s][info][gc             ] GC(568) Pause Young (Allocation Failure) 1819M->1138M(2047M) 1.854ms
[38.436s][info][gc,cpu         ] GC(568) User=0.00s Sys=0.00s Real=0.00s
[38.501s][info][gc,start       ] GC(569) Pause Young (Allocation Failure)
[38.502s][info][gc,heap        ] GC(569) PSYoungGen: 698176K(698368K)->320K(698368K) Eden: 697856K(697856K)->0K(697856K) From: 320K(512K)->320K(512K)
[38.503s][info][gc,heap        ] GC(569) ParOldGen: 1165350K(1398272K)->1165494K(1398272K)
[38.503s][info][gc,metaspace   ] GC(569) Metaspace: 1903K(2048K)->1903K(2048K) NonClass: 1753K(1792K)->1753K(1792K) Class: 150K(256K)->150K(256K)
[38.503s][info][gc             ] GC(569) Pause Young (Allocation Failure) 1819M->1138M(2047M) 1.812ms
[38.503s][info][gc,cpu         ] GC(569) User=0.00s Sys=0.00s Real=0.00s
[38.567s][info][gc,start       ] GC(570) Pause Young (Allocation Failure)
[38.569s][info][gc,heap        ] GC(570) PSYoungGen: 698176K(698368K)->320K(698368K) Eden: 697856K(697856K)->0K(697856K) From: 320K(512K)->320K(512K)
[38.569s][info][gc,heap        ] GC(570) ParOldGen: 1165494K(1398272K)->1165646K(1398272K)
[38.569s][info][gc,metaspace   ] GC(570) Metaspace: 1903K(2048K)->1903K(2048K) NonClass: 1753K(1792K)->1753K(1792K) Class: 150K(256K)->150K(256K)
[38.569s][info][gc             ] GC(570) Pause Young (Allocation Failure) 1819M->1138M(2047M) 1.905ms
[38.569s][info][gc,cpu         ] GC(570) User=0.00s Sys=0.00s Real=0.00s
[38.633s][info][gc,start       ] GC(571) Pause Young (Allocation Failure)
[38.635s][info][gc,heap        ] GC(571) PSYoungGen: 698176K(698368K)->320K(698368K) Eden: 697856K(697856K)->0K(697856K) From: 320K(512K)->320K(512K)
[38.635s][info][gc,heap        ] GC(571) ParOldGen: 1165646K(1398272K)->1165806K(1398272K)
[38.635s][info][gc,metaspace   ] GC(571) Metaspace: 1903K(2048K)->1903K(2048K) NonClass: 1753K(1792K)->1753K(1792K) Class: 150K(256K)->150K(256K)
[38.635s][info][gc             ] GC(571) Pause Young (Allocation Failure) 1820M->1138M(2047M) 2.002ms
[38.635s][info][gc,cpu         ] GC(571) User=0.02s Sys=0.00s Real=0.00s
[38.699s][info][gc,start       ] GC(572) Pause Young (Allocation Failure)
[38.701s][info][gc,heap        ] GC(572) PSYoungGen: 698176K(698368K)->320K(698368K) Eden: 697856K(697856K)->0K(697856K) From: 320K(512K)->320K(512K)
[38.701s][info][gc,heap        ] GC(572) ParOldGen: 1165806K(1398272K)->1165958K(1398272K)
[38.701s][info][gc,metaspace   ] GC(572) Metaspace: 1903K(2048K)->1903K(2048K) NonClass: 1753K(1792K)->1753K(1792K) Class: 150K(256K)->150K(256K)
[38.701s][info][gc             ] GC(572) Pause Young (Allocation Failure) 1820M->1138M(2047M) 2.214ms
[38.701s][info][gc,cpu         ] GC(572) User=0.00s Sys=0.00s Real=0.00s
[38.763s][info][gc,start       ] GC(573) Pause Young (Allocation Failure)
[38.765s][info][gc,heap        ] GC(573) PSYoungGen: 698176K(698368K)->320K(698368K) Eden: 697856K(697856K)->0K(697856K) From: 320K(512K)->320K(512K)
[38.765s][info][gc,heap        ] GC(573) ParOldGen: 1165958K(1398272K)->1166118K(1398272K)
[38.765s][info][gc,metaspace   ] GC(573) Metaspace: 1903K(2048K)->1903K(2048K) NonClass: 1753K(1792K)->1753K(1792K) Class: 150K(256K)->150K(256K)
[38.765s][info][gc             ] GC(573) Pause Young (Allocation Failure) 1820M->1139M(2047M) 2.083ms
[38.765s][info][gc,cpu         ] GC(573) User=0.02s Sys=0.00s Real=0.00s
[38.832s][info][gc,start       ] GC(574) Pause Young (Allocation Failure)
[38.834s][info][gc,heap        ] GC(574) PSYoungGen: 698176K(698368K)->320K(698368K) Eden: 697856K(697856K)->0K(697856K) From: 320K(512K)->320K(512K)
[38.834s][info][gc,heap        ] GC(574) ParOldGen: 1166118K(1398272K)->1166238K(1398272K)
[38.834s][info][gc,metaspace   ] GC(574) Metaspace: 1904K(2048K)->1904K(2048K) NonClass: 1754K(1792K)->1754K(1792K) Class: 150K(256K)->150K(256K)
[38.834s][info][gc             ] GC(574) Pause Young (Allocation Failure) 1820M->1139M(2047M) 1.748ms
[38.834s][info][gc,cpu         ] GC(574) User=0.00s Sys=0.00s Real=0.00s
[38.899s][info][gc,start       ] GC(575) Pause Young (Allocation Failure)
[38.900s][info][gc,heap        ] GC(575) PSYoungGen: 698176K(698368K)->320K(698368K) Eden: 697856K(697856K)->0K(697856K) From: 320K(512K)->320K(512K)
[38.900s][info][gc,heap        ] GC(575) ParOldGen: 1166238K(1398272K)->1166342K(1398272K)
[38.900s][info][gc,metaspace   ] GC(575) Metaspace: 1906K(2048K)->1906K(2048K) NonClass: 1755K(1792K)->1755K(1792K) Class: 150K(256K)->150K(256K)
[38.900s][info][gc             ] GC(575) Pause Young (Allocation Failure) 1820M->1139M(2047M) 1.795ms
[38.901s][info][gc,cpu         ] GC(575) User=0.00s Sys=0.00s Real=0.00s
[38.965s][info][gc,start       ] GC(576) Pause Young (Allocation Failure)
[38.967s][info][gc,heap        ] GC(576) PSYoungGen: 698176K(698368K)->320K(698368K) Eden: 697856K(697856K)->0K(697856K) From: 320K(512K)->320K(512K)
[38.967s][info][gc,heap        ] GC(576) ParOldGen: 1166342K(1398272K)->1166430K(1398272K)
[38.967s][info][gc,metaspace   ] GC(576) Metaspace: 1906K(2048K)->1906K(2048K) NonClass: 1755K(1792K)->1755K(1792K) Class: 150K(256K)->150K(256K)
[38.967s][info][gc             ] GC(576) Pause Young (Allocation Failure) 1820M->1139M(2047M) 1.849ms
[38.967s][info][gc,cpu         ] GC(576) User=0.00s Sys=0.00s Real=0.00s
[39.032s][info][gc,start       ] GC(577) Pause Young (Allocation Failure)
[39.034s][info][gc,heap        ] GC(577) PSYoungGen: 698176K(698368K)->288K(698368K) Eden: 697856K(697856K)->0K(697856K) From: 320K(512K)->288K(512K)
[39.034s][info][gc,heap        ] GC(577) ParOldGen: 1166430K(1398272K)->1166502K(1398272K)
[39.034s][info][gc,metaspace   ] GC(577) Metaspace: 1906K(2048K)->1906K(2048K) NonClass: 1755K(1792K)->1755K(1792K) Class: 150K(256K)->150K(256K)
[39.034s][info][gc             ] GC(577) Pause Young (Allocation Failure) 1820M->1139M(2047M) 1.936ms
[39.034s][info][gc,cpu         ] GC(577) User=0.00s Sys=0.00s Real=0.00s
[39.098s][info][gc,start       ] GC(578) Pause Young (Allocation Failure)
[39.099s][info][gc,heap        ] GC(578) PSYoungGen: 698144K(698368K)->320K(698368K) Eden: 697856K(697856K)->0K(697856K) From: 288K(512K)->320K(512K)
[39.099s][info][gc,heap        ] GC(578) ParOldGen: 1166502K(1398272K)->1166582K(1398272K)
[39.099s][info][gc,metaspace   ] GC(578) Metaspace: 1906K(2048K)->1906K(2048K) NonClass: 1755K(1792K)->1755K(1792K) Class: 150K(256K)->150K(256K)
[39.099s][info][gc             ] GC(578) Pause Young (Allocation Failure) 1820M->1139M(2047M) 1.791ms
[39.099s][info][gc,cpu         ] GC(578) User=0.00s Sys=0.00s Real=0.00s
[39.419s][info][gc,heap,exit   ] Heap
[39.419s][info][gc,heap,exit   ]  PSYoungGen      total 698368K, used 380304K [0x00000000d5580000, 0x0000000100000000, 0x0000000100000000)
[39.419s][info][gc,heap,exit   ]   eden space 697856K, 54% used [0x00000000d5580000,0x00000000ec8940d8,0x00000000fff00000)
[39.419s][info][gc,heap,exit   ]   from space 512K, 62% used [0x00000000fff00000,0x00000000fff50000,0x00000000fff80000)
[39.419s][info][gc,heap,exit   ]   to   space 512K, 0% used [0x00000000fff80000,0x00000000fff80000,0x0000000100000000)
[39.419s][info][gc,heap,exit   ]  ParOldGen       total 1398272K, used 1166582K [0x0000000080000000, 0x00000000d5580000, 0x00000000d5580000)
[39.419s][info][gc,heap,exit   ]   object space 1398272K, 83% used [0x0000000080000000,0x00000000c733dbf0,0x00000000d5580000)
[39.419s][info][gc,heap,exit   ]  Metaspace       used 2106K, committed 2240K, reserved 1114112K
[39.419s][info][gc,heap,exit   ]   class space    used 174K, committed 256K, reserved 1048576K
