[0.006s][info][gc,heap] Heap region size: 1M
[0.021s][info][gc     ] Using G1
[0.021s][info][gc,heap,coops] Heap address: 0x0000000700000000, size: 4096 MB, Compressed Oops mode: Zero based, Oop shift amount: 3
[0.254s][info][gc,start     ] GC(0) Pause Young (Normal) (G1 Evacuation Pause)
[0.255s][info][gc,task      ] GC(0) Using 13 workers of 13 for evacuation
[0.257s][info][gc,phases    ] GC(0)   Pre Evacuate Collection Set: 0.0ms
[0.257s][info][gc,phases    ] GC(0)   Evacuate Collection Set: 1.8ms
[0.257s][info][gc,phases    ] GC(0)   Post Evacuate Collection Set: 0.2ms
[0.257s][info][gc,phases    ] GC(0)   Other: 1.0ms
[0.257s][info][gc,heap      ] GC(0) Eden regions: 102->0(91)
[0.257s][info][gc,heap      ] GC(0) Survivor regions: 0->11(13)
[0.258s][info][gc,heap      ] GC(0) Old regions: 0->0
[0.258s][info][gc,heap      ] GC(0) Humongous regions: 3->0
[0.258s][info][gc,metaspace ] GC(0) Metaspace: 8111K(8576K)->8111K(8576K) NonClass: 7385K(7680K)->7385K(7680K) Class: 726K(896K)->726K(896K)
[0.258s][info][gc           ] GC(0) Pause Young (Normal) (G1 Evacuation Pause) 105M->10M(2048M) 3.882ms
[0.258s][info][gc,cpu       ] GC(0) User=0.00s Sys=0.00s Real=0.00s
[0.276s][info][gc,start     ] GC(1) Pause Young (Normal) (G1 Evacuation Pause)
[0.276s][info][gc,task      ] GC(1) Using 13 workers of 13 for evacuation
[0.277s][info][gc,phases    ] GC(1)   Pre Evacuate Collection Set: 0.0ms
[0.277s][info][gc,phases    ] GC(1)   Evacuate Collection Set: 1.3ms
[0.277s][info][gc,phases    ] GC(1)   Post Evacuate Collection Set: 0.1ms
[0.277s][info][gc,phases    ] GC(1)   Other: 0.1ms
[0.277s][info][gc,heap      ] GC(1) Eden regions: 91->0(397)
[0.277s][info][gc,heap      ] GC(1) Survivor regions: 11->2(13)
[0.277s][info][gc,heap      ] GC(1) Old regions: 0->10
[0.277s][info][gc,heap      ] GC(1) Humongous regions: 0->0
[0.277s][info][gc,metaspace ] GC(1) Metaspace: 8133K(8576K)->8133K(8576K) NonClass: 7407K(7680K)->7407K(7680K) Class: 726K(896K)->726K(896K)
[0.277s][info][gc           ] GC(1) Pause Young (Normal) (G1 Evacuation Pause) 101M->10M(2048M) 1.647ms
[0.277s][info][gc,cpu       ] GC(1) User=0.00s Sys=0.00s Real=0.00s
[0.344s][info][gc,start     ] GC(2) Pause Young (Normal) (G1 Evacuation Pause)
[0.344s][info][gc,task      ] GC(2) Using 13 workers of 13 for evacuation
[0.346s][info][gc,phases    ] GC(2)   Pre Evacuate Collection Set: 0.0ms
[0.346s][info][gc,phases    ] GC(2)   Evacuate Collection Set: 1.2ms
[0.346s][info][gc,phases    ] GC(2)   Post Evacuate Collection Set: 0.2ms
[0.346s][info][gc,phases    ] GC(2)   Other: 0.2ms
[0.346s][info][gc,heap      ] GC(2) Eden regions: 397->0(816)
[0.346s][info][gc,heap      ] GC(2) Survivor regions: 2->7(50)
[0.346s][info][gc,heap      ] GC(2) Old regions: 10->10
[0.346s][info][gc,heap      ] GC(2) Humongous regions: 2->0
[0.346s][info][gc,metaspace ] GC(2) Metaspace: 8138K(8576K)->8138K(8576K) NonClass: 7412K(7680K)->7412K(7680K) Class: 726K(896K)->726K(896K)
[0.346s][info][gc           ] GC(2) Pause Young (Normal) (G1 Evacuation Pause) 409M->16M(2048M) 1.785ms
[0.346s][info][gc,cpu       ] GC(2) User=0.00s Sys=0.00s Real=0.00s
[0.449s][info][gc,start     ] GC(3) Pause Young (Normal) (G1 Evacuation Pause)
[0.449s][info][gc,task      ] GC(3) Using 13 workers of 13 for evacuation
[0.452s][info][gc,phases    ] GC(3)   Pre Evacuate Collection Set: 0.0ms
[0.452s][info][gc,phases    ] GC(3)   Evacuate Collection Set: 2.0ms
[0.452s][info][gc,phases    ] GC(3)   Post Evacuate Collection Set: 0.3ms
[0.452s][info][gc,phases    ] GC(3)   Other: 0.2ms
[0.452s][info][gc,heap      ] GC(3) Eden regions: 816->0(831)
[0.452s][info][gc,heap      ] GC(3) Survivor regions: 7->19(103)
[0.452s][info][gc,heap      ] GC(3) Old regions: 10->10
[0.452s][info][gc,heap      ] GC(3) Humongous regions: 17->4
[0.452s][info][gc,metaspace ] GC(3) Metaspace: 8145K(8576K)->8145K(8576K) NonClass: 7418K(7680K)->7418K(7680K) Class: 726K(896K)->726K(896K)
[0.452s][info][gc           ] GC(3) Pause Young (Normal) (G1 Evacuation Pause) 849M->32M(2048M) 2.651ms
[0.452s][info][gc,cpu       ] GC(3) User=0.00s Sys=0.00s Real=0.00s
[0.484s][info][gc,start     ] GC(4) Pause Young (Normal) (G1 Evacuation Pause)
[0.484s][info][gc,task      ] GC(4) Using 13 workers of 13 for evacuation
[0.486s][info][gc,phases    ] GC(4)   Pre Evacuate Collection Set: 0.0ms
[0.487s][info][gc,phases    ] GC(4)   Evacuate Collection Set: 2.5ms
[0.487s][info][gc,phases    ] GC(4)   Post Evacuate Collection Set: 0.2ms
[0.487s][info][gc,phases    ] GC(4)   Other: 0.1ms
[0.487s][info][gc,heap      ] GC(4) Eden regions: 831->0(849)
[0.487s][info][gc,heap      ] GC(4) Survivor regions: 19->23(107)
[0.487s][info][gc,heap      ] GC(4) Old regions: 10->10
[0.487s][info][gc,heap      ] GC(4) Humongous regions: 4->4
[0.487s][info][gc,metaspace ] GC(4) Metaspace: 8159K(8576K)->8159K(8576K) NonClass: 7431K(7680K)->7431K(7680K) Class: 727K(896K)->727K(896K)
[0.487s][info][gc           ] GC(4) Pause Young (Normal) (G1 Evacuation Pause) 863M->36M(2048M) 2.919ms
[0.487s][info][gc,cpu       ] GC(4) User=0.00s Sys=0.00s Real=0.00s
[0.517s][info][gc,start     ] GC(5) Pause Young (Normal) (G1 Evacuation Pause)
[0.517s][info][gc,task      ] GC(5) Using 13 workers of 13 for evacuation
[0.520s][info][gc,phases    ] GC(5)   Pre Evacuate Collection Set: 0.0ms
[0.520s][info][gc,phases    ] GC(5)   Evacuate Collection Set: 3.0ms
[0.520s][info][gc,phases    ] GC(5)   Post Evacuate Collection Set: 0.2ms
[0.520s][info][gc,phases    ] GC(5)   Other: 0.1ms
[0.520s][info][gc,heap      ] GC(5) Eden regions: 849->0(884)
[0.521s][info][gc,heap      ] GC(5) Survivor regions: 23->26(109)
[0.521s][info][gc,heap      ] GC(5) Old regions: 10->10
[0.521s][info][gc,heap      ] GC(5) Humongous regions: 5->5
[0.521s][info][gc,metaspace ] GC(5) Metaspace: 8165K(8576K)->8165K(8576K) NonClass: 7437K(7680K)->7437K(7680K) Class: 727K(896K)->727K(896K)
[0.521s][info][gc           ] GC(5) Pause Young (Normal) (G1 Evacuation Pause) 886M->39M(2048M) 3.454ms
[0.521s][info][gc,cpu       ] GC(5) User=0.00s Sys=0.00s Real=0.00s
[0.555s][info][gc,start     ] GC(6) Pause Young (Normal) (G1 Evacuation Pause)
[0.555s][info][gc,task      ] GC(6) Using 13 workers of 13 for evacuation
[0.558s][info][gc,phases    ] GC(6)   Pre Evacuate Collection Set: 0.0ms
[0.558s][info][gc,phases    ] GC(6)   Evacuate Collection Set: 3.0ms
[0.558s][info][gc,phases    ] GC(6)   Post Evacuate Collection Set: 0.2ms
[0.558s][info][gc,phases    ] GC(6)   Other: 0.2ms
[0.558s][info][gc,heap      ] GC(6) Eden regions: 884->0(1205)
[0.558s][info][gc,heap      ] GC(6) Survivor regions: 26->23(114)
[0.558s][info][gc,heap      ] GC(6) Old regions: 10->10
[0.558s][info][gc,heap      ] GC(6) Humongous regions: 6->5
[0.558s][info][gc,metaspace ] GC(6) Metaspace: 8175K(8576K)->8175K(8576K) NonClass: 7447K(7680K)->7447K(7680K) Class: 727K(896K)->727K(896K)
[0.558s][info][gc           ] GC(6) Pause Young (Normal) (G1 Evacuation Pause) 924M->37M(2048M) 3.540ms
[0.558s][info][gc,cpu       ] GC(6) User=0.03s Sys=0.17s Real=0.00s
[0.641s][info][gc,start     ] GC(7) Pause Young (Normal) (G1 Evacuation Pause)
[0.641s][info][gc,task      ] GC(7) Using 13 workers of 13 for evacuation
[0.646s][info][gc,phases    ] GC(7)   Pre Evacuate Collection Set: 0.0ms
[0.646s][info][gc,phases    ] GC(7)   Evacuate Collection Set: 3.9ms
[0.646s][info][gc,phases    ] GC(7)   Post Evacuate Collection Set: 0.8ms
[0.646s][info][gc,phases    ] GC(7)   Other: 0.3ms
[0.646s][info][gc,heap      ] GC(7) Eden regions: 1205->0(1193)
[0.646s][info][gc,heap      ] GC(7) Survivor regions: 23->35(154)
[0.646s][info][gc,heap      ] GC(7) Old regions: 10->10
[0.646s][info][gc,heap      ] GC(7) Humongous regions: 14->6
[0.646s][info][gc,metaspace ] GC(7) Metaspace: 8177K(8576K)->8177K(8576K) NonClass: 7449K(7680K)->7449K(7680K) Class: 727K(896K)->727K(896K)
[0.646s][info][gc           ] GC(7) Pause Young (Normal) (G1 Evacuation Pause) 1251M->50M(2048M) 5.247ms
[0.646s][info][gc,cpu       ] GC(7) User=0.00s Sys=0.00s Real=0.01s
[0.718s][info][gc,start     ] GC(8) Pause Young (Normal) (G1 Evacuation Pause)
[0.718s][info][gc,task      ] GC(8) Using 13 workers of 13 for evacuation
[0.722s][info][gc,phases    ] GC(8)   Pre Evacuate Collection Set: 0.0ms
[0.722s][info][gc,phases    ] GC(8)   Evacuate Collection Set: 3.0ms
[0.722s][info][gc,phases    ] GC(8)   Post Evacuate Collection Set: 0.4ms
[0.722s][info][gc,phases    ] GC(8)   Other: 0.2ms
[0.722s][info][gc,heap      ] GC(8) Eden regions: 1193->0(1182)
[0.722s][info][gc,heap      ] GC(8) Survivor regions: 35->46(154)
[0.722s][info][gc,heap      ] GC(8) Old regions: 10->10
[0.722s][info][gc,heap      ] GC(8) Humongous regions: 6->6
[0.722s][info][gc,metaspace ] GC(8) Metaspace: 8178K(8576K)->8178K(8576K) NonClass: 7451K(7680K)->7451K(7680K) Class: 727K(896K)->727K(896K)
[0.722s][info][gc           ] GC(8) Pause Young (Normal) (G1 Evacuation Pause) 1243M->61M(2048M) 3.689ms
[0.722s][info][gc,cpu       ] GC(8) User=0.00s Sys=0.00s Real=0.00s
[0.765s][info][gc,start     ] GC(9) Pause Young (Normal) (G1 Evacuation Pause)
[0.765s][info][gc,task      ] GC(9) Using 13 workers of 13 for evacuation
[0.769s][info][gc,phases    ] GC(9)   Pre Evacuate Collection Set: 0.0ms
[0.769s][info][gc,phases    ] GC(9)   Evacuate Collection Set: 3.2ms
[0.769s][info][gc,phases    ] GC(9)   Post Evacuate Collection Set: 0.4ms
[0.769s][info][gc,phases    ] GC(9)   Other: 0.2ms
[0.769s][info][gc,heap      ] GC(9) Eden regions: 1182->0(1181)
[0.769s][info][gc,heap      ] GC(9) Survivor regions: 46->47(154)
[0.769s][info][gc,heap      ] GC(9) Old regions: 10->10
[0.769s][info][gc,heap      ] GC(9) Humongous regions: 6->5
[0.769s][info][gc,metaspace ] GC(9) Metaspace: 8181K(8576K)->8181K(8576K) NonClass: 7453K(7680K)->7453K(7680K) Class: 727K(896K)->727K(896K)
[0.769s][info][gc           ] GC(9) Pause Young (Normal) (G1 Evacuation Pause) 1243M->61M(2048M) 3.926ms
[0.769s][info][gc,cpu       ] GC(9) User=0.00s Sys=0.00s Real=0.00s
[0.812s][info][gc,start     ] GC(10) Pause Young (Normal) (G1 Evacuation Pause)
[0.812s][info][gc,task      ] GC(10) Using 13 workers of 13 for evacuation
[0.815s][info][gc,phases    ] GC(10)   Pre Evacuate Collection Set: 0.0ms
[0.815s][info][gc,phases    ] GC(10)   Evacuate Collection Set: 3.1ms
[0.815s][info][gc,phases    ] GC(10)   Post Evacuate Collection Set: 0.4ms
[0.815s][info][gc,phases    ] GC(10)   Other: 0.2ms
[0.815s][info][gc,heap      ] GC(10) Eden regions: 1181->0(1178)
[0.815s][info][gc,heap      ] GC(10) Survivor regions: 47->50(154)
[0.815s][info][gc,heap      ] GC(10) Old regions: 10->10
[0.815s][info][gc,heap      ] GC(10) Humongous regions: 8->4
[0.815s][info][gc,metaspace ] GC(10) Metaspace: 8185K(8576K)->8185K(8576K) NonClass: 7458K(7680K)->7458K(7680K) Class: 727K(896K)->727K(896K)
[0.815s][info][gc           ] GC(10) Pause Young (Normal) (G1 Evacuation Pause) 1245M->63M(2048M) 3.831ms
[0.816s][info][gc,cpu       ] GC(10) User=0.00s Sys=0.00s Real=0.00s
[0.862s][info][gc,start     ] GC(11) Pause Young (Normal) (G1 Evacuation Pause)
[0.862s][info][gc,task      ] GC(11) Using 13 workers of 13 for evacuation
[0.866s][info][gc,phases    ] GC(11)   Pre Evacuate Collection Set: 0.0ms
[0.866s][info][gc,phases    ] GC(11)   Evacuate Collection Set: 3.6ms
[0.866s][info][gc,phases    ] GC(11)   Post Evacuate Collection Set: 0.4ms
[0.866s][info][gc,phases    ] GC(11)   Other: 0.1ms
[0.866s][info][gc,heap      ] GC(11) Eden regions: 1178->0(1170)
[0.866s][info][gc,heap      ] GC(11) Survivor regions: 50->58(154)
[0.866s][info][gc,heap      ] GC(11) Old regions: 10->10
[0.866s][info][gc,heap      ] GC(11) Humongous regions: 12->5
[0.866s][info][gc,metaspace ] GC(11) Metaspace: 8186K(8576K)->8186K(8576K) NonClass: 7458K(7680K)->7458K(7680K) Class: 727K(896K)->727K(896K)
[0.866s][info][gc           ] GC(11) Pause Young (Normal) (G1 Evacuation Pause) 1249M->72M(2048M) 4.183ms
[0.866s][info][gc,cpu       ] GC(11) User=0.00s Sys=0.00s Real=0.00s
[0.906s][info][gc,start     ] GC(12) Pause Young (Normal) (G1 Evacuation Pause)
[0.906s][info][gc,task      ] GC(12) Using 13 workers of 13 for evacuation
[0.910s][info][gc,phases    ] GC(12)   Pre Evacuate Collection Set: 0.0ms
[0.910s][info][gc,phases    ] GC(12)   Evacuate Collection Set: 4.1ms
[0.910s][info][gc,phases    ] GC(12)   Post Evacuate Collection Set: 0.3ms
[0.910s][info][gc,phases    ] GC(12)   Other: 0.1ms
[0.910s][info][gc,heap      ] GC(12) Eden regions: 1170->0(1172)
[0.910s][info][gc,heap      ] GC(12) Survivor regions: 58->56(154)
[0.910s][info][gc,heap      ] GC(12) Old regions: 10->10
[0.910s][info][gc,heap      ] GC(12) Humongous regions: 5->5
[0.910s][info][gc,metaspace ] GC(12) Metaspace: 8191K(8576K)->8191K(8576K) NonClass: 7463K(7680K)->7463K(7680K) Class: 727K(896K)->727K(896K)
[0.910s][info][gc           ] GC(12) Pause Young (Normal) (G1 Evacuation Pause) 1242M->70M(2048M) 4.652ms
[0.910s][info][gc,cpu       ] GC(12) User=0.00s Sys=0.00s Real=0.00s
[0.950s][info][gc,start     ] GC(13) Pause Young (Normal) (G1 Evacuation Pause)
[0.950s][info][gc,task      ] GC(13) Using 13 workers of 13 for evacuation
[0.954s][info][gc,phases    ] GC(13)   Pre Evacuate Collection Set: 0.0ms
[0.954s][info][gc,phases    ] GC(13)   Evacuate Collection Set: 3.3ms
[0.954s][info][gc,phases    ] GC(13)   Post Evacuate Collection Set: 0.3ms
[0.954s][info][gc,phases    ] GC(13)   Other: 0.1ms
[0.954s][info][gc,heap      ] GC(13) Eden regions: 1172->0(1171)
[0.954s][info][gc,heap      ] GC(13) Survivor regions: 56->57(154)
[0.954s][info][gc,heap      ] GC(13) Old regions: 10->10
[0.954s][info][gc,heap      ] GC(13) Humongous regions: 12->7
[0.954s][info][gc,metaspace ] GC(13) Metaspace: 8191K(8576K)->8191K(8576K) NonClass: 7463K(7680K)->7463K(7680K) Class: 727K(896K)->727K(896K)
[0.954s][info][gc           ] GC(13) Pause Young (Normal) (G1 Evacuation Pause) 1249M->73M(2048M) 3.818ms
[0.954s][info][gc,cpu       ] GC(13) User=0.00s Sys=0.00s Real=0.00s
[0.993s][info][gc,start     ] GC(14) Pause Young (Normal) (G1 Evacuation Pause)
[0.993s][info][gc,task      ] GC(14) Using 13 workers of 13 for evacuation
[0.998s][info][gc,phases    ] GC(14)   Pre Evacuate Collection Set: 0.0ms
[0.998s][info][gc,phases    ] GC(14)   Evacuate Collection Set: 4.5ms
[0.998s][info][gc,phases    ] GC(14)   Post Evacuate Collection Set: 0.3ms
[0.998s][info][gc,phases    ] GC(14)   Other: 0.1ms
[0.998s][info][gc,heap      ] GC(14) Eden regions: 1171->0(1169)
[0.998s][info][gc,heap      ] GC(14) Survivor regions: 57->59(154)
[0.998s][info][gc,heap      ] GC(14) Old regions: 10->10
[0.998s][info][gc,heap      ] GC(14) Humongous regions: 9->7
[0.998s][info][gc,metaspace ] GC(14) Metaspace: 8195K(8576K)->8195K(8576K) NonClass: 7467K(7680K)->7467K(7680K) Class: 727K(896K)->727K(896K)
[0.998s][info][gc           ] GC(14) Pause Young (Normal) (G1 Evacuation Pause) 1246M->75M(2048M) 4.978ms
[0.998s][info][gc,cpu       ] GC(14) User=0.12s Sys=0.08s Real=0.00s
[1.038s][info][gc,start     ] GC(15) Pause Young (Normal) (G1 Evacuation Pause)
[1.038s][info][gc,task      ] GC(15) Using 13 workers of 13 for evacuation
[1.042s][info][gc,phases    ] GC(15)   Pre Evacuate Collection Set: 0.0ms
[1.042s][info][gc,phases    ] GC(15)   Evacuate Collection Set: 3.8ms
[1.042s][info][gc,phases    ] GC(15)   Post Evacuate Collection Set: 0.2ms
[1.042s][info][gc,phases    ] GC(15)   Other: 0.1ms
[1.042s][info][gc,heap      ] GC(15) Eden regions: 1169->0(1166)
[1.042s][info][gc,heap      ] GC(15) Survivor regions: 59->62(154)
[1.042s][info][gc,heap      ] GC(15) Old regions: 10->10
[1.042s][info][gc,heap      ] GC(15) Humongous regions: 11->7
[1.042s][info][gc,metaspace ] GC(15) Metaspace: 8195K(8576K)->8195K(8576K) NonClass: 7467K(7680K)->7467K(7680K) Class: 727K(896K)->727K(896K)
[1.042s][info][gc           ] GC(15) Pause Young (Normal) (G1 Evacuation Pause) 1248M->77M(2048M) 4.238ms
[1.042s][info][gc,cpu       ] GC(15) User=0.05s Sys=0.06s Real=0.00s
[1.081s][info][gc,start     ] GC(16) Pause Young (Normal) (G1 Evacuation Pause)
[1.081s][info][gc,task      ] GC(16) Using 13 workers of 13 for evacuation
[1.084s][info][gc,phases    ] GC(16)   Pre Evacuate Collection Set: 0.0ms
[1.084s][info][gc,phases    ] GC(16)   Evacuate Collection Set: 3.5ms
[1.085s][info][gc,phases    ] GC(16)   Post Evacuate Collection Set: 0.2ms
[1.085s][info][gc,phases    ] GC(16)   Other: 0.1ms
[1.085s][info][gc,heap      ] GC(16) Eden regions: 1166->0(1167)
[1.085s][info][gc,heap      ] GC(16) Survivor regions: 62->61(154)
[1.085s][info][gc,heap      ] GC(16) Old regions: 10->11
[1.085s][info][gc,heap      ] GC(16) Humongous regions: 9->8
[1.085s][info][gc,metaspace ] GC(16) Metaspace: 8199K(8576K)->8199K(8576K) NonClass: 7471K(7680K)->7471K(7680K) Class: 727K(896K)->727K(896K)
[1.085s][info][gc           ] GC(16) Pause Young (Normal) (G1 Evacuation Pause) 1245M->78M(2048M) 3.978ms
[1.085s][info][gc,cpu       ] GC(16) User=0.00s Sys=0.00s Real=0.00s
[1.123s][info][gc,start     ] GC(17) Pause Young (Normal) (G1 Evacuation Pause)
[1.123s][info][gc,task      ] GC(17) Using 13 workers of 13 for evacuation
[1.127s][info][gc,phases    ] GC(17)   Pre Evacuate Collection Set: 0.0ms
[1.127s][info][gc,phases    ] GC(17)   Evacuate Collection Set: 3.7ms
[1.127s][info][gc,phases    ] GC(17)   Post Evacuate Collection Set: 0.2ms
[1.127s][info][gc,phases    ] GC(17)   Other: 0.1ms
[1.127s][info][gc,heap      ] GC(17) Eden regions: 1167->0(1167)
[1.127s][info][gc,heap      ] GC(17) Survivor regions: 61->61(154)
[1.127s][info][gc,heap      ] GC(17) Old regions: 11->11
[1.127s][info][gc,heap      ] GC(17) Humongous regions: 9->8
[1.127s][info][gc,metaspace ] GC(17) Metaspace: 8202K(8576K)->8202K(8576K) NonClass: 7474K(7680K)->7474K(7680K) Class: 727K(896K)->727K(896K)
[1.127s][info][gc           ] GC(17) Pause Young (Normal) (G1 Evacuation Pause) 1246M->79M(2048M) 4.124ms
[1.127s][info][gc,cpu       ] GC(17) User=0.00s Sys=0.00s Real=0.00s
[1.166s][info][gc,start     ] GC(18) Pause Young (Normal) (G1 Evacuation Pause)
[1.166s][info][gc,task      ] GC(18) Using 13 workers of 13 for evacuation
[1.171s][info][gc,phases    ] GC(18)   Pre Evacuate Collection Set: 0.0ms
[1.171s][info][gc,phases    ] GC(18)   Evacuate Collection Set: 3.7ms
[1.171s][info][gc,phases    ] GC(18)   Post Evacuate Collection Set: 1.1ms
[1.171s][info][gc,phases    ] GC(18)   Other: 0.1ms
[1.171s][info][gc,heap      ] GC(18) Eden regions: 1167->0(1218)
[1.171s][info][gc,heap      ] GC(18) Survivor regions: 61->60(154)
[1.171s][info][gc,heap      ] GC(18) Old regions: 11->14
[1.171s][info][gc,heap      ] GC(18) Humongous regions: 11->8
[1.171s][info][gc,metaspace ] GC(18) Metaspace: 8203K(8576K)->8203K(8576K) NonClass: 7476K(7680K)->7476K(7680K) Class: 727K(896K)->727K(896K)
[1.171s][info][gc           ] GC(18) Pause Young (Normal) (G1 Evacuation Pause) 1249M->80M(2130M) 4.971ms
[1.171s][info][gc,cpu       ] GC(18) User=0.09s Sys=0.11s Real=0.00s
[1.212s][info][gc,start     ] GC(19) Pause Young (Normal) (G1 Evacuation Pause)
[1.212s][info][gc,task      ] GC(19) Using 13 workers of 13 for evacuation
[1.217s][info][gc,phases    ] GC(19)   Pre Evacuate Collection Set: 0.0ms
[1.217s][info][gc,phases    ] GC(19)   Evacuate Collection Set: 4.2ms
[1.217s][info][gc,phases    ] GC(19)   Post Evacuate Collection Set: 0.2ms
[1.217s][info][gc,phases    ] GC(19)   Other: 0.1ms
[1.217s][info][gc,heap      ] GC(19) Eden regions: 1218->0(1217)
[1.217s][info][gc,heap      ] GC(19) Survivor regions: 60->61(160)
[1.217s][info][gc,heap      ] GC(19) Old regions: 14->15
[1.217s][info][gc,heap      ] GC(19) Humongous regions: 9->8
[1.217s][info][gc,metaspace ] GC(19) Metaspace: 8204K(8576K)->8204K(8576K) NonClass: 7476K(7680K)->7476K(7680K) Class: 727K(896K)->727K(896K)
[1.217s][info][gc           ] GC(19) Pause Young (Normal) (G1 Evacuation Pause) 1299M->83M(2130M) 4.707ms
[1.217s][info][gc,cpu       ] GC(19) User=0.16s Sys=0.05s Real=0.00s
[1.257s][info][gc,start     ] GC(20) Pause Young (Normal) (G1 Evacuation Pause)
[1.257s][info][gc,task      ] GC(20) Using 13 workers of 13 for evacuation
[1.261s][info][gc,phases    ] GC(20)   Pre Evacuate Collection Set: 0.0ms
[1.261s][info][gc,phases    ] GC(20)   Evacuate Collection Set: 3.7ms
[1.261s][info][gc,phases    ] GC(20)   Post Evacuate Collection Set: 0.3ms
[1.261s][info][gc,phases    ] GC(20)   Other: 0.1ms
[1.261s][info][gc,heap      ] GC(20) Eden regions: 1217->0(1218)
[1.261s][info][gc,heap      ] GC(20) Survivor regions: 61->60(160)
[1.261s][info][gc,heap      ] GC(20) Old regions: 15->16
[1.261s][info][gc,heap      ] GC(20) Humongous regions: 10->8
[1.261s][info][gc,metaspace ] GC(20) Metaspace: 8206K(8576K)->8206K(8576K) NonClass: 7478K(7680K)->7478K(7680K) Class: 727K(896K)->727K(896K)
[1.261s][info][gc           ] GC(20) Pause Young (Normal) (G1 Evacuation Pause) 1302M->83M(2130M) 4.166ms
[1.261s][info][gc,cpu       ] GC(20) User=0.17s Sys=0.03s Real=0.00s
[1.302s][info][gc,start     ] GC(21) Pause Young (Normal) (G1 Evacuation Pause)
[1.302s][info][gc,task      ] GC(21) Using 13 workers of 13 for evacuation
[1.306s][info][gc,phases    ] GC(21)   Pre Evacuate Collection Set: 0.0ms
[1.306s][info][gc,phases    ] GC(21)   Evacuate Collection Set: 3.9ms
[1.306s][info][gc,phases    ] GC(21)   Post Evacuate Collection Set: 0.3ms
[1.306s][info][gc,phases    ] GC(21)   Other: 0.1ms
[1.306s][info][gc,heap      ] GC(21) Eden regions: 1218->0(1216)
[1.306s][info][gc,heap      ] GC(21) Survivor regions: 60->62(160)
[1.306s][info][gc,heap      ] GC(21) Old regions: 16->17
[1.306s][info][gc,heap      ] GC(21) Humongous regions: 21->10
[1.306s][info][gc,metaspace ] GC(21) Metaspace: 8206K(8576K)->8206K(8576K) NonClass: 7478K(7680K)->7478K(7680K) Class: 727K(896K)->727K(896K)
[1.306s][info][gc           ] GC(21) Pause Young (Normal) (G1 Evacuation Pause) 1314M->88M(2130M) 4.471ms
[1.306s][info][gc,cpu       ] GC(21) User=0.00s Sys=0.00s Real=0.01s
[1.347s][info][gc,start     ] GC(22) Pause Young (Normal) (G1 Evacuation Pause)
[1.347s][info][gc,task      ] GC(22) Using 13 workers of 13 for evacuation
[1.352s][info][gc,phases    ] GC(22)   Pre Evacuate Collection Set: 0.0ms
[1.352s][info][gc,phases    ] GC(22)   Evacuate Collection Set: 3.5ms
[1.352s][info][gc,phases    ] GC(22)   Post Evacuate Collection Set: 1.1ms
[1.352s][info][gc,phases    ] GC(22)   Other: 0.1ms
[1.352s][info][gc,heap      ] GC(22) Eden regions: 1216->0(1285)
[1.352s][info][gc,heap      ] GC(22) Survivor regions: 62->61(160)
[1.352s][info][gc,heap      ] GC(22) Old regions: 17->18
[1.352s][info][gc,heap      ] GC(22) Humongous regions: 19->11
[1.352s][info][gc,metaspace ] GC(22) Metaspace: 8206K(8576K)->8206K(8576K) NonClass: 7478K(7680K)->7478K(7680K) Class: 727K(896K)->727K(896K)
[1.352s][info][gc           ] GC(22) Pause Young (Normal) (G1 Evacuation Pause) 1313M->89M(2244M) 4.831ms
[1.352s][info][gc,cpu       ] GC(22) User=0.00s Sys=0.00s Real=0.00s
[1.395s][info][gc,start     ] GC(23) Pause Young (Normal) (G1 Evacuation Pause)
[1.395s][info][gc,task      ] GC(23) Using 13 workers of 13 for evacuation
[1.399s][info][gc,phases    ] GC(23)   Pre Evacuate Collection Set: 0.0ms
[1.399s][info][gc,phases    ] GC(23)   Evacuate Collection Set: 3.6ms
[1.399s][info][gc,phases    ] GC(23)   Post Evacuate Collection Set: 0.2ms
[1.399s][info][gc,phases    ] GC(23)   Other: 0.1ms
[1.399s][info][gc,heap      ] GC(23) Eden regions: 1285->0(1287)
[1.399s][info][gc,heap      ] GC(23) Survivor regions: 61->59(169)
[1.399s][info][gc,heap      ] GC(23) Old regions: 18->19
[1.399s][info][gc,heap      ] GC(23) Humongous regions: 13->11
[1.399s][info][gc,metaspace ] GC(23) Metaspace: 8206K(8576K)->8206K(8576K) NonClass: 7478K(7680K)->7478K(7680K) Class: 727K(896K)->727K(896K)
[1.399s][info][gc           ] GC(23) Pause Young (Normal) (G1 Evacuation Pause) 1376M->88M(2244M) 4.075ms
[1.399s][info][gc,cpu       ] GC(23) User=0.00s Sys=0.00s Real=0.00s
[1.441s][info][gc,start     ] GC(24) Pause Young (Normal) (G1 Evacuation Pause)
[1.442s][info][gc,task      ] GC(24) Using 13 workers of 13 for evacuation
[1.446s][info][gc,phases    ] GC(24)   Pre Evacuate Collection Set: 0.0ms
[1.446s][info][gc,phases    ] GC(24)   Evacuate Collection Set: 3.6ms
[1.446s][info][gc,phases    ] GC(24)   Post Evacuate Collection Set: 0.2ms
[1.446s][info][gc,phases    ] GC(24)   Other: 0.1ms
[1.446s][info][gc,heap      ] GC(24) Eden regions: 1287->0(1286)
[1.446s][info][gc,heap      ] GC(24) Survivor regions: 59->60(169)
[1.446s][info][gc,heap      ] GC(24) Old regions: 19->20
[1.446s][info][gc,heap      ] GC(24) Humongous regions: 12->10
[1.446s][info][gc,metaspace ] GC(24) Metaspace: 8208K(8576K)->8208K(8576K) NonClass: 7480K(7680K)->7480K(7680K) Class: 727K(896K)->727K(896K)
[1.446s][info][gc           ] GC(24) Pause Young (Normal) (G1 Evacuation Pause) 1376M->88M(2244M) 4.120ms
[1.446s][info][gc,cpu       ] GC(24) User=0.00s Sys=0.00s Real=0.00s
[1.491s][info][gc,start     ] GC(25) Pause Young (Normal) (G1 Evacuation Pause)
[1.491s][info][gc,task      ] GC(25) Using 13 workers of 13 for evacuation
[1.495s][info][gc,phases    ] GC(25)   Pre Evacuate Collection Set: 0.0ms
[1.495s][info][gc,phases    ] GC(25)   Evacuate Collection Set: 3.8ms
[1.495s][info][gc,phases    ] GC(25)   Post Evacuate Collection Set: 0.4ms
[1.495s][info][gc,phases    ] GC(25)   Other: 0.1ms
[1.495s][info][gc,heap      ] GC(25) Eden regions: 1286->0(1285)
[1.495s][info][gc,heap      ] GC(25) Survivor regions: 60->61(169)
[1.495s][info][gc,heap      ] GC(25) Old regions: 20->21
[1.496s][info][gc,heap      ] GC(25) Humongous regions: 16->13
[1.496s][info][gc,metaspace ] GC(25) Metaspace: 8208K(8576K)->8208K(8576K) NonClass: 7480K(7680K)->7480K(7680K) Class: 727K(896K)->727K(896K)
[1.496s][info][gc           ] GC(25) Pause Young (Normal) (G1 Evacuation Pause) 1380M->93M(2244M) 4.459ms
[1.496s][info][gc,cpu       ] GC(25) User=0.16s Sys=0.05s Real=0.00s
[1.538s][info][gc,start     ] GC(26) Pause Young (Normal) (G1 Evacuation Pause)
[1.538s][info][gc,task      ] GC(26) Using 13 workers of 13 for evacuation
[1.543s][info][gc,phases    ] GC(26)   Pre Evacuate Collection Set: 0.0ms
[1.543s][info][gc,phases    ] GC(26)   Evacuate Collection Set: 4.1ms
[1.543s][info][gc,phases    ] GC(26)   Post Evacuate Collection Set: 1.0ms
[1.543s][info][gc,phases    ] GC(26)   Other: 0.1ms
[1.543s][info][gc,heap      ] GC(26) Eden regions: 1285->0(1333)
[1.543s][info][gc,heap      ] GC(26) Survivor regions: 61->64(169)
[1.544s][info][gc,heap      ] GC(26) Old regions: 21->22
[1.544s][info][gc,heap      ] GC(26) Humongous regions: 14->13
[1.544s][info][gc,metaspace ] GC(26) Metaspace: 8208K(8576K)->8208K(8576K) NonClass: 7480K(7680K)->7480K(7680K) Class: 727K(896K)->727K(896K)
[1.544s][info][gc           ] GC(26) Pause Young (Normal) (G1 Evacuation Pause) 1379M->98M(2329M) 5.331ms
[1.544s][info][gc,cpu       ] GC(26) User=0.20s Sys=0.00s Real=0.01s
[1.588s][info][gc,start     ] GC(27) Pause Young (Normal) (G1 Evacuation Pause)
[1.588s][info][gc,task      ] GC(27) Using 13 workers of 13 for evacuation
[1.593s][info][gc,phases    ] GC(27)   Pre Evacuate Collection Set: 0.0ms
[1.593s][info][gc,phases    ] GC(27)   Evacuate Collection Set: 4.2ms
[1.593s][info][gc,phases    ] GC(27)   Post Evacuate Collection Set: 0.3ms
[1.593s][info][gc,phases    ] GC(27)   Other: 0.1ms
[1.593s][info][gc,heap      ] GC(27) Eden regions: 1333->0(1336)
[1.593s][info][gc,heap      ] GC(27) Survivor regions: 64->61(175)
[1.593s][info][gc,heap      ] GC(27) Old regions: 22->23
[1.593s][info][gc,heap      ] GC(27) Humongous regions: 14->13
[1.593s][info][gc,metaspace ] GC(27) Metaspace: 8208K(8576K)->8208K(8576K) NonClass: 7480K(7680K)->7480K(7680K) Class: 727K(896K)->727K(896K)
[1.593s][info][gc           ] GC(27) Pause Young (Normal) (G1 Evacuation Pause) 1432M->95M(2329M) 4.713ms
[1.593s][info][gc,cpu       ] GC(27) User=0.00s Sys=0.00s Real=0.00s
[1.638s][info][gc,start     ] GC(28) Pause Young (Normal) (G1 Evacuation Pause)
[1.638s][info][gc,task      ] GC(28) Using 13 workers of 13 for evacuation
[1.642s][info][gc,phases    ] GC(28)   Pre Evacuate Collection Set: 0.0ms
[1.642s][info][gc,phases    ] GC(28)   Evacuate Collection Set: 4.2ms
[1.642s][info][gc,phases    ] GC(28)   Post Evacuate Collection Set: 0.3ms
[1.643s][info][gc,phases    ] GC(28)   Other: 0.1ms
[1.643s][info][gc,heap      ] GC(28) Eden regions: 1336->0(1332)
[1.643s][info][gc,heap      ] GC(28) Survivor regions: 61->65(175)
[1.643s][info][gc,heap      ] GC(28) Old regions: 23->24
[1.643s][info][gc,heap      ] GC(28) Humongous regions: 15->13
[1.643s][info][gc,metaspace ] GC(28) Metaspace: 8208K(8576K)->8208K(8576K) NonClass: 7481K(7680K)->7481K(7680K) Class: 727K(896K)->727K(896K)
[1.643s][info][gc           ] GC(28) Pause Young (Normal) (G1 Evacuation Pause) 1433M->100M(2329M) 4.775ms
[1.643s][info][gc,cpu       ] GC(28) User=0.00s Sys=0.00s Real=0.00s
[1.688s][info][gc,start     ] GC(29) Pause Young (Normal) (G1 Evacuation Pause)
[1.688s][info][gc,task      ] GC(29) Using 13 workers of 13 for evacuation
[1.693s][info][gc,phases    ] GC(29)   Pre Evacuate Collection Set: 0.0ms
[1.693s][info][gc,phases    ] GC(29)   Evacuate Collection Set: 4.7ms
[1.693s][info][gc,phases    ] GC(29)   Post Evacuate Collection Set: 0.4ms
[1.693s][info][gc,phases    ] GC(29)   Other: 0.1ms
[1.693s][info][gc,heap      ] GC(29) Eden regions: 1332->0(1329)
[1.693s][info][gc,heap      ] GC(29) Survivor regions: 65->68(175)
[1.693s][info][gc,heap      ] GC(29) Old regions: 24->24
[1.693s][info][gc,heap      ] GC(29) Humongous regions: 15->13
[1.693s][info][gc,metaspace ] GC(29) Metaspace: 8219K(8832K)->8219K(8832K) NonClass: 7491K(7936K)->7491K(7936K) Class: 727K(896K)->727K(896K)
[1.693s][info][gc           ] GC(29) Pause Young (Normal) (G1 Evacuation Pause) 1434M->104M(2329M) 5.341ms
[1.693s][info][gc,cpu       ] GC(29) User=0.00s Sys=0.00s Real=0.01s
[1.738s][info][gc,start     ] GC(30) Pause Young (Normal) (G1 Evacuation Pause)
[1.738s][info][gc,task      ] GC(30) Using 13 workers of 13 for evacuation
[1.744s][info][gc,phases    ] GC(30)   Pre Evacuate Collection Set: 0.0ms
[1.744s][info][gc,phases    ] GC(30)   Evacuate Collection Set: 5.2ms
[1.744s][info][gc,phases    ] GC(30)   Post Evacuate Collection Set: 1.2ms
[1.744s][info][gc,phases    ] GC(30)   Other: 0.1ms
[1.744s][info][gc,heap      ] GC(30) Eden regions: 1329->0(1405)
[1.744s][info][gc,heap      ] GC(30) Survivor regions: 68->68(175)
[1.744s][info][gc,heap      ] GC(30) Old regions: 24->25
[1.744s][info][gc,heap      ] GC(30) Humongous regions: 16->12
[1.744s][info][gc,metaspace ] GC(30) Metaspace: 8228K(8832K)->8228K(8832K) NonClass: 7500K(7936K)->7500K(7936K) Class: 728K(896K)->728K(896K)
[1.744s][info][gc           ] GC(30) Pause Young (Normal) (G1 Evacuation Pause) 1436M->104M(2455M) 6.703ms
[1.744s][info][gc,cpu       ] GC(30) User=0.00s Sys=0.00s Real=0.01s
[1.791s][info][gc,start     ] GC(31) Pause Young (Normal) (G1 Evacuation Pause)
[1.791s][info][gc,task      ] GC(31) Using 13 workers of 13 for evacuation
[1.797s][info][gc,phases    ] GC(31)   Pre Evacuate Collection Set: 0.0ms
[1.797s][info][gc,phases    ] GC(31)   Evacuate Collection Set: 5.2ms
[1.797s][info][gc,phases    ] GC(31)   Post Evacuate Collection Set: 0.4ms
[1.797s][info][gc,phases    ] GC(31)   Other: 0.2ms
[1.797s][info][gc,heap      ] GC(31) Eden regions: 1405->0(1403)
[1.797s][info][gc,heap      ] GC(31) Survivor regions: 68->70(185)
[1.797s][info][gc,heap      ] GC(31) Old regions: 25->26
[1.797s][info][gc,heap      ] GC(31) Humongous regions: 14->8
[1.797s][info][gc,metaspace ] GC(31) Metaspace: 8231K(8832K)->8231K(8832K) NonClass: 7502K(7936K)->7502K(7936K) Class: 728K(896K)->728K(896K)
[1.797s][info][gc           ] GC(31) Pause Young (Normal) (G1 Evacuation Pause) 1511M->103M(2455M) 5.832ms
[1.797s][info][gc,cpu       ] GC(31) User=0.00s Sys=0.00s Real=0.01s
[1.844s][info][gc,start     ] GC(32) Pause Young (Normal) (G1 Evacuation Pause)
[1.844s][info][gc,task      ] GC(32) Using 13 workers of 13 for evacuation
[1.850s][info][gc,phases    ] GC(32)   Pre Evacuate Collection Set: 0.0ms
[1.850s][info][gc,phases    ] GC(32)   Evacuate Collection Set: 5.4ms
[1.850s][info][gc,phases    ] GC(32)   Post Evacuate Collection Set: 0.4ms
[1.850s][info][gc,phases    ] GC(32)   Other: 0.2ms
[1.850s][info][gc,heap      ] GC(32) Eden regions: 1403->0(1399)
[1.850s][info][gc,heap      ] GC(32) Survivor regions: 70->74(185)
[1.850s][info][gc,heap      ] GC(32) Old regions: 26->26
[1.850s][info][gc,heap      ] GC(32) Humongous regions: 12->8
[1.850s][info][gc,metaspace ] GC(32) Metaspace: 8231K(8832K)->8231K(8832K) NonClass: 7502K(7936K)->7502K(7936K) Class: 728K(896K)->728K(896K)
[1.850s][info][gc           ] GC(32) Pause Young (Normal) (G1 Evacuation Pause) 1510M->107M(2455M) 6.101ms
[1.850s][info][gc,cpu       ] GC(32) User=0.00s Sys=0.00s Real=0.01s
[1.896s][info][gc,start     ] GC(33) Pause Young (Normal) (G1 Evacuation Pause)
[1.896s][info][gc,task      ] GC(33) Using 13 workers of 13 for evacuation
[1.902s][info][gc,phases    ] GC(33)   Pre Evacuate Collection Set: 0.0ms
[1.902s][info][gc,phases    ] GC(33)   Evacuate Collection Set: 5.0ms
[1.902s][info][gc,phases    ] GC(33)   Post Evacuate Collection Set: 0.3ms
[1.902s][info][gc,phases    ] GC(33)   Other: 0.1ms
[1.902s][info][gc,heap      ] GC(33) Eden regions: 1399->0(1403)
[1.902s][info][gc,heap      ] GC(33) Survivor regions: 74->70(185)
[1.902s][info][gc,heap      ] GC(33) Old regions: 26->27
[1.902s][info][gc,heap      ] GC(33) Humongous regions: 9->8
[1.902s][info][gc,metaspace ] GC(33) Metaspace: 8233K(8832K)->8233K(8832K) NonClass: 7504K(7936K)->7504K(7936K) Class: 728K(896K)->728K(896K)
[1.902s][info][gc           ] GC(33) Pause Young (Normal) (G1 Evacuation Pause) 1507M->103M(2455M) 5.566ms
[1.902s][info][gc,cpu       ] GC(33) User=0.17s Sys=0.02s Real=0.01s
[1.948s][info][gc,start     ] GC(34) Pause Young (Normal) (G1 Evacuation Pause)
[1.948s][info][gc,task      ] GC(34) Using 13 workers of 13 for evacuation
[1.955s][info][gc,phases    ] GC(34)   Pre Evacuate Collection Set: 0.0ms
[1.955s][info][gc,phases    ] GC(34)   Evacuate Collection Set: 5.3ms
[1.955s][info][gc,phases    ] GC(34)   Post Evacuate Collection Set: 1.6ms
[1.955s][info][gc,phases    ] GC(34)   Other: 0.1ms
[1.955s][info][gc,heap      ] GC(34) Eden regions: 1403->0(1509)
[1.955s][info][gc,heap      ] GC(34) Survivor regions: 70->73(185)
[1.955s][info][gc,heap      ] GC(34) Old regions: 27->27
[1.955s][info][gc,heap      ] GC(34) Humongous regions: 14->8
[1.955s][info][gc,metaspace ] GC(34) Metaspace: 8241K(8832K)->8241K(8832K) NonClass: 7512K(7936K)->7512K(7936K) Class: 728K(896K)->728K(896K)
[1.955s][info][gc           ] GC(34) Pause Young (Normal) (G1 Evacuation Pause) 1512M->107M(2637M) 7.165ms
[1.955s][info][gc,cpu       ] GC(34) User=0.00s Sys=0.00s Real=0.01s
[2.006s][info][gc,start     ] GC(35) Pause Young (Normal) (G1 Evacuation Pause)
[2.006s][info][gc,task      ] GC(35) Using 13 workers of 13 for evacuation
[2.012s][info][gc,phases    ] GC(35)   Pre Evacuate Collection Set: 0.0ms
[2.012s][info][gc,phases    ] GC(35)   Evacuate Collection Set: 5.4ms
[2.012s][info][gc,phases    ] GC(35)   Post Evacuate Collection Set: 0.3ms
[2.012s][info][gc,phases    ] GC(35)   Other: 0.2ms
[2.012s][info][gc,heap      ] GC(35) Eden regions: 1509->0(1510)
[2.012s][info][gc,heap      ] GC(35) Survivor regions: 73->72(198)
[2.012s][info][gc,heap      ] GC(35) Old regions: 27->28
[2.012s][info][gc,heap      ] GC(35) Humongous regions: 20->10
[2.012s][info][gc,metaspace ] GC(35) Metaspace: 8241K(8832K)->8241K(8832K) NonClass: 7512K(7936K)->7512K(7936K) Class: 728K(896K)->728K(896K)
[2.012s][info][gc           ] GC(35) Pause Young (Normal) (G1 Evacuation Pause) 1628M->109M(2637M) 5.980ms
[2.012s][info][gc,cpu       ] GC(35) User=0.20s Sys=0.00s Real=0.01s
[2.062s][info][gc,start     ] GC(36) Pause Young (Normal) (G1 Evacuation Pause)
[2.062s][info][gc,task      ] GC(36) Using 13 workers of 13 for evacuation
[2.068s][info][gc,phases    ] GC(36)   Pre Evacuate Collection Set: 0.0ms
[2.068s][info][gc,phases    ] GC(36)   Evacuate Collection Set: 5.3ms
[2.068s][info][gc,phases    ] GC(36)   Post Evacuate Collection Set: 0.4ms
[2.068s][info][gc,phases    ] GC(36)   Other: 0.1ms
[2.068s][info][gc,heap      ] GC(36) Eden regions: 1510->0(1509)
[2.068s][info][gc,heap      ] GC(36) Survivor regions: 72->73(198)
[2.068s][info][gc,heap      ] GC(36) Old regions: 28->29
[2.068s][info][gc,heap      ] GC(36) Humongous regions: 17->12
[2.068s][info][gc,metaspace ] GC(36) Metaspace: 8241K(8832K)->8241K(8832K) NonClass: 7512K(7936K)->7512K(7936K) Class: 728K(896K)->728K(896K)
[2.068s][info][gc           ] GC(36) Pause Young (Normal) (G1 Evacuation Pause) 1626M->113M(2637M) 5.955ms
[2.068s][info][gc,cpu       ] GC(36) User=0.00s Sys=0.00s Real=0.01s
[2.118s][info][gc,start     ] GC(37) Pause Young (Normal) (G1 Evacuation Pause)
[2.118s][info][gc,task      ] GC(37) Using 13 workers of 13 for evacuation
[2.124s][info][gc,phases    ] GC(37)   Pre Evacuate Collection Set: 0.0ms
[2.124s][info][gc,phases    ] GC(37)   Evacuate Collection Set: 5.1ms
[2.124s][info][gc,phases    ] GC(37)   Post Evacuate Collection Set: 0.3ms
[2.124s][info][gc,phases    ] GC(37)   Other: 0.1ms
[2.124s][info][gc,heap      ] GC(37) Eden regions: 1509->0(1509)
[2.124s][info][gc,heap      ] GC(37) Survivor regions: 73->73(198)
[2.124s][info][gc,heap      ] GC(37) Old regions: 29->30
[2.124s][info][gc,heap      ] GC(37) Humongous regions: 18->13
[2.124s][info][gc,metaspace ] GC(37) Metaspace: 8250K(8832K)->8250K(8832K) NonClass: 7521K(7936K)->7521K(7936K) Class: 728K(896K)->728K(896K)
[2.124s][info][gc           ] GC(37) Pause Young (Normal) (G1 Evacuation Pause) 1628M->114M(2637M) 5.656ms
[2.124s][info][gc,cpu       ] GC(37) User=0.19s Sys=0.02s Real=0.00s
[2.174s][info][gc,start     ] GC(38) Pause Young (Normal) (G1 Evacuation Pause)
[2.174s][info][gc,task      ] GC(38) Using 13 workers of 13 for evacuation
[2.180s][info][gc,phases    ] GC(38)   Pre Evacuate Collection Set: 0.0ms
[2.180s][info][gc,phases    ] GC(38)   Evacuate Collection Set: 5.1ms
[2.180s][info][gc,phases    ] GC(38)   Post Evacuate Collection Set: 1.5ms
[2.180s][info][gc,phases    ] GC(38)   Other: 0.1ms
[2.180s][info][gc,heap      ] GC(38) Eden regions: 1509->0(1599)
[2.180s][info][gc,heap      ] GC(38) Survivor regions: 73->72(198)
[2.180s][info][gc,heap      ] GC(38) Old regions: 30->30
[2.181s][info][gc,heap      ] GC(38) Humongous regions: 17->12
[2.181s][info][gc,metaspace ] GC(38) Metaspace: 8250K(8832K)->8250K(8832K) NonClass: 7521K(7936K)->7521K(7936K) Class: 728K(896K)->728K(896K)
[2.181s][info][gc           ] GC(38) Pause Young (Normal) (G1 Evacuation Pause) 1627M->113M(2786M) 6.893ms
[2.181s][info][gc,cpu       ] GC(38) User=0.00s Sys=0.00s Real=0.01s
[2.234s][info][gc,start     ] GC(39) Pause Young (Normal) (G1 Evacuation Pause)
[2.235s][info][gc,task      ] GC(39) Using 13 workers of 13 for evacuation
[2.241s][info][gc,phases    ] GC(39)   Pre Evacuate Collection Set: 0.0ms
[2.241s][info][gc,phases    ] GC(39)   Evacuate Collection Set: 5.5ms
[2.241s][info][gc,phases    ] GC(39)   Post Evacuate Collection Set: 0.4ms
[2.241s][info][gc,phases    ] GC(39)   Other: 0.2ms
[2.241s][info][gc,heap      ] GC(39) Eden regions: 1599->0(1598)
[2.241s][info][gc,heap      ] GC(39) Survivor regions: 72->73(209)
[2.241s][info][gc,heap      ] GC(39) Old regions: 30->31
[2.241s][info][gc,heap      ] GC(39) Humongous regions: 16->12
[2.241s][info][gc,metaspace ] GC(39) Metaspace: 8250K(8832K)->8250K(8832K) NonClass: 7521K(7936K)->7521K(7936K) Class: 728K(896K)->728K(896K)
[2.241s][info][gc           ] GC(39) Pause Young (Normal) (G1 Evacuation Pause) 1716M->114M(2786M) 6.117ms
[2.241s][info][gc,cpu       ] GC(39) User=0.00s Sys=0.00s Real=0.01s
[2.294s][info][gc,start     ] GC(40) Pause Young (Normal) (G1 Evacuation Pause)
[2.294s][info][gc,task      ] GC(40) Using 13 workers of 13 for evacuation
[2.300s][info][gc,phases    ] GC(40)   Pre Evacuate Collection Set: 0.0ms
[2.300s][info][gc,phases    ] GC(40)   Evacuate Collection Set: 5.6ms
[2.300s][info][gc,phases    ] GC(40)   Post Evacuate Collection Set: 0.4ms
[2.300s][info][gc,phases    ] GC(40)   Other: 0.2ms
[2.300s][info][gc,heap      ] GC(40) Eden regions: 1598->0(1601)
[2.300s][info][gc,heap      ] GC(40) Survivor regions: 73->70(209)
[2.300s][info][gc,heap      ] GC(40) Old regions: 31->33
[2.300s][info][gc,heap      ] GC(40) Humongous regions: 15->12
[2.300s][info][gc,metaspace ] GC(40) Metaspace: 8250K(8832K)->8250K(8832K) NonClass: 7521K(7936K)->7521K(7936K) Class: 728K(896K)->728K(896K)
[2.300s][info][gc           ] GC(40) Pause Young (Normal) (G1 Evacuation Pause) 1715M->113M(2786M) 6.378ms
[2.300s][info][gc,cpu       ] GC(40) User=0.00s Sys=0.00s Real=0.01s
[2.353s][info][gc,start     ] GC(41) Pause Young (Normal) (G1 Evacuation Pause)
[2.353s][info][gc,task      ] GC(41) Using 13 workers of 13 for evacuation
[2.359s][info][gc,phases    ] GC(41)   Pre Evacuate Collection Set: 0.0ms
[2.359s][info][gc,phases    ] GC(41)   Evacuate Collection Set: 5.2ms
[2.359s][info][gc,phases    ] GC(41)   Post Evacuate Collection Set: 0.4ms
[2.359s][info][gc,phases    ] GC(41)   Other: 0.1ms
[2.359s][info][gc,heap      ] GC(41) Eden regions: 1601->0(1600)
[2.359s][info][gc,heap      ] GC(41) Survivor regions: 70->71(209)
[2.359s][info][gc,heap      ] GC(41) Old regions: 33->33
[2.359s][info][gc,heap      ] GC(41) Humongous regions: 16->13
[2.359s][info][gc,metaspace ] GC(41) Metaspace: 8250K(8832K)->8250K(8832K) NonClass: 7521K(7936K)->7521K(7936K) Class: 728K(896K)->728K(896K)
[2.359s][info][gc           ] GC(41) Pause Young (Normal) (G1 Evacuation Pause) 1718M->116M(2786M) 5.808ms
[2.359s][info][gc,cpu       ] GC(41) User=0.20s Sys=0.00s Real=0.01s
[2.412s][info][gc,start     ] GC(42) Pause Young (Normal) (G1 Evacuation Pause)
[2.412s][info][gc,task      ] GC(42) Using 13 workers of 13 for evacuation
[2.419s][info][gc,phases    ] GC(42)   Pre Evacuate Collection Set: 0.0ms
[2.419s][info][gc,phases    ] GC(42)   Evacuate Collection Set: 5.2ms
[2.419s][info][gc,phases    ] GC(42)   Post Evacuate Collection Set: 1.2ms
[2.419s][info][gc,phases    ] GC(42)   Other: 0.2ms
[2.419s][info][gc,heap      ] GC(42) Eden regions: 1600->0(1671)
[2.419s][info][gc,heap      ] GC(42) Survivor regions: 71->71(209)
[2.419s][info][gc,heap      ] GC(42) Old regions: 33->34
[2.419s][info][gc,heap      ] GC(42) Humongous regions: 15->13
[2.419s][info][gc,metaspace ] GC(42) Metaspace: 8250K(8832K)->8250K(8832K) NonClass: 7521K(7936K)->7521K(7936K) Class: 728K(896K)->728K(896K)
[2.419s][info][gc           ] GC(42) Pause Young (Normal) (G1 Evacuation Pause) 1718M->117M(2904M) 6.707ms
[2.419s][info][gc,cpu       ] GC(42) User=0.20s Sys=0.00s Real=0.01s
[2.475s][info][gc,start     ] GC(43) Pause Young (Normal) (G1 Evacuation Pause)
[2.475s][info][gc,task      ] GC(43) Using 13 workers of 13 for evacuation
[2.480s][info][gc,phases    ] GC(43)   Pre Evacuate Collection Set: 0.0ms
[2.480s][info][gc,phases    ] GC(43)   Evacuate Collection Set: 5.2ms
[2.480s][info][gc,phases    ] GC(43)   Post Evacuate Collection Set: 0.3ms
[2.480s][info][gc,phases    ] GC(43)   Other: 0.2ms
[2.480s][info][gc,heap      ] GC(43) Eden regions: 1671->0(1668)
[2.480s][info][gc,heap      ] GC(43) Survivor regions: 71->74(218)
[2.480s][info][gc,heap      ] GC(43) Old regions: 34->35
[2.480s][info][gc,heap      ] GC(43) Humongous regions: 16->12
[2.480s][info][gc,metaspace ] GC(43) Metaspace: 8250K(8832K)->8250K(8832K) NonClass: 7521K(7936K)->7521K(7936K) Class: 728K(896K)->728K(896K)
[2.481s][info][gc           ] GC(43) Pause Young (Normal) (G1 Evacuation Pause) 1791M->119M(2904M) 5.825ms
[2.481s][info][gc,cpu       ] GC(43) User=0.16s Sys=0.00s Real=0.01s
[2.536s][info][gc,start     ] GC(44) Pause Young (Normal) (G1 Evacuation Pause)
[2.536s][info][gc,task      ] GC(44) Using 13 workers of 13 for evacuation
[2.542s][info][gc,phases    ] GC(44)   Pre Evacuate Collection Set: 0.0ms
[2.542s][info][gc,phases    ] GC(44)   Evacuate Collection Set: 5.2ms
[2.542s][info][gc,phases    ] GC(44)   Post Evacuate Collection Set: 0.4ms
[2.542s][info][gc,phases    ] GC(44)   Other: 0.1ms
[2.542s][info][gc,heap      ] GC(44) Eden regions: 1668->0(1668)
[2.542s][info][gc,heap      ] GC(44) Survivor regions: 74->74(218)
[2.542s][info][gc,heap      ] GC(44) Old regions: 35->35
[2.542s][info][gc,heap      ] GC(44) Humongous regions: 16->11
[2.542s][info][gc,metaspace ] GC(44) Metaspace: 8250K(8832K)->8250K(8832K) NonClass: 7521K(7936K)->7521K(7936K) Class: 728K(896K)->728K(896K)
[2.542s][info][gc           ] GC(44) Pause Young (Normal) (G1 Evacuation Pause) 1791M->119M(2904M) 5.859ms
[2.542s][info][gc,cpu       ] GC(44) User=0.11s Sys=0.00s Real=0.01s
[2.597s][info][gc,start     ] GC(45) Pause Young (Normal) (G1 Evacuation Pause)
[2.597s][info][gc,task      ] GC(45) Using 13 workers of 13 for evacuation
[2.603s][info][gc,phases    ] GC(45)   Pre Evacuate Collection Set: 0.0ms
[2.603s][info][gc,phases    ] GC(45)   Evacuate Collection Set: 5.4ms
[2.603s][info][gc,phases    ] GC(45)   Post Evacuate Collection Set: 0.4ms
[2.603s][info][gc,phases    ] GC(45)   Other: 0.1ms
[2.603s][info][gc,heap      ] GC(45) Eden regions: 1668->0(1666)
[2.603s][info][gc,heap      ] GC(45) Survivor regions: 74->76(218)
[2.603s][info][gc,heap      ] GC(45) Old regions: 35->36
[2.603s][info][gc,heap      ] GC(45) Humongous regions: 14->11
[2.603s][info][gc,metaspace ] GC(45) Metaspace: 8250K(8832K)->8250K(8832K) NonClass: 7521K(7936K)->7521K(7936K) Class: 728K(896K)->728K(896K)
[2.603s][info][gc           ] GC(45) Pause Young (Normal) (G1 Evacuation Pause) 1790M->121M(2904M) 5.971ms
[2.603s][info][gc,cpu       ] GC(45) User=0.00s Sys=0.00s Real=0.01s
[2.658s][info][gc,start     ] GC(46) Pause Young (Normal) (G1 Evacuation Pause)
[2.658s][info][gc,task      ] GC(46) Using 13 workers of 13 for evacuation
[2.665s][info][gc,phases    ] GC(46)   Pre Evacuate Collection Set: 0.0ms
[2.665s][info][gc,phases    ] GC(46)   Evacuate Collection Set: 5.3ms
[2.665s][info][gc,phases    ] GC(46)   Post Evacuate Collection Set: 1.0ms
[2.665s][info][gc,phases    ] GC(46)   Other: 0.2ms
[2.665s][info][gc,heap      ] GC(46) Eden regions: 1666->0(1713)
[2.665s][info][gc,heap      ] GC(46) Survivor regions: 76->76(218)
[2.665s][info][gc,heap      ] GC(46) Old regions: 36->36
[2.665s][info][gc,heap      ] GC(46) Humongous regions: 17->10
[2.665s][info][gc,metaspace ] GC(46) Metaspace: 8251K(8832K)->8251K(8832K) NonClass: 7522K(7936K)->7522K(7936K) Class: 728K(896K)->728K(896K)
[2.665s][info][gc           ] GC(46) Pause Young (Normal) (G1 Evacuation Pause) 1793M->121M(2983M) 6.603ms
[2.665s][info][gc,cpu       ] GC(46) User=0.00s Sys=0.00s Real=0.01s
[2.723s][info][gc,start     ] GC(47) Pause Young (Normal) (G1 Evacuation Pause)
[2.723s][info][gc,task      ] GC(47) Using 13 workers of 13 for evacuation
[2.728s][info][gc,phases    ] GC(47)   Pre Evacuate Collection Set: 0.0ms
[2.728s][info][gc,phases    ] GC(47)   Evacuate Collection Set: 5.1ms
[2.728s][info][gc,phases    ] GC(47)   Post Evacuate Collection Set: 0.4ms
[2.728s][info][gc,phases    ] GC(47)   Other: 0.2ms
[2.728s][info][gc,heap      ] GC(47) Eden regions: 1713->0(1715)
[2.728s][info][gc,heap      ] GC(47) Survivor regions: 76->74(224)
[2.728s][info][gc,heap      ] GC(47) Old regions: 36->37
[2.728s][info][gc,heap      ] GC(47) Humongous regions: 14->10
[2.728s][info][gc,metaspace ] GC(47) Metaspace: 8251K(8832K)->8251K(8832K) NonClass: 7522K(7936K)->7522K(7936K) Class: 728K(896K)->728K(896K)
[2.728s][info][gc           ] GC(47) Pause Young (Normal) (G1 Evacuation Pause) 1838M->120M(2983M) 5.806ms
[2.728s][info][gc,cpu       ] GC(47) User=0.00s Sys=0.00s Real=0.01s
[2.786s][info][gc,start     ] GC(48) Pause Young (Normal) (G1 Evacuation Pause)
[2.786s][info][gc,task      ] GC(48) Using 13 workers of 13 for evacuation
[2.792s][info][gc,phases    ] GC(48)   Pre Evacuate Collection Set: 0.0ms
[2.792s][info][gc,phases    ] GC(48)   Evacuate Collection Set: 5.7ms
[2.792s][info][gc,phases    ] GC(48)   Post Evacuate Collection Set: 0.5ms
[2.792s][info][gc,phases    ] GC(48)   Other: 0.2ms
[2.792s][info][gc,heap      ] GC(48) Eden regions: 1715->0(1715)
[2.792s][info][gc,heap      ] GC(48) Survivor regions: 74->74(224)
[2.792s][info][gc,heap      ] GC(48) Old regions: 37->37
[2.792s][info][gc,heap      ] GC(48) Humongous regions: 10->10
[2.792s][info][gc,metaspace ] GC(48) Metaspace: 8251K(8832K)->8251K(8832K) NonClass: 7522K(7936K)->7522K(7936K) Class: 728K(896K)->728K(896K)
[2.792s][info][gc           ] GC(48) Pause Young (Normal) (G1 Evacuation Pause) 1835M->120M(2983M) 6.426ms
[2.792s][info][gc,cpu       ] GC(48) User=0.17s Sys=0.00s Real=0.01s
[2.851s][info][gc,start     ] GC(49) Pause Young (Normal) (G1 Evacuation Pause)
[2.851s][info][gc,task      ] GC(49) Using 13 workers of 13 for evacuation
[2.858s][info][gc,phases    ] GC(49)   Pre Evacuate Collection Set: 0.0ms
[2.858s][info][gc,phases    ] GC(49)   Evacuate Collection Set: 5.7ms
[2.858s][info][gc,phases    ] GC(49)   Post Evacuate Collection Set: 0.4ms
[2.858s][info][gc,phases    ] GC(49)   Other: 0.2ms
[2.858s][info][gc,heap      ] GC(49) Eden regions: 1715->0(1712)
[2.858s][info][gc,heap      ] GC(49) Survivor regions: 74->77(224)
[2.858s][info][gc,heap      ] GC(49) Old regions: 37->38
[2.858s][info][gc,heap      ] GC(49) Humongous regions: 14->10
[2.858s][info][gc,metaspace ] GC(49) Metaspace: 8252K(8832K)->8252K(8832K) NonClass: 7523K(7936K)->7523K(7936K) Class: 728K(896K)->728K(896K)
[2.858s][info][gc           ] GC(49) Pause Young (Normal) (G1 Evacuation Pause) 1839M->124M(2983M) 6.404ms
[2.858s][info][gc,cpu       ] GC(49) User=0.17s Sys=0.00s Real=0.01s
[2.915s][info][gc,start     ] GC(50) Pause Young (Normal) (G1 Evacuation Pause)
[2.915s][info][gc,task      ] GC(50) Using 13 workers of 13 for evacuation
[2.921s][info][gc,phases    ] GC(50)   Pre Evacuate Collection Set: 0.0ms
[2.921s][info][gc,phases    ] GC(50)   Evacuate Collection Set: 5.6ms
[2.921s][info][gc,phases    ] GC(50)   Post Evacuate Collection Set: 1.0ms
[2.921s][info][gc,phases    ] GC(50)   Other: 0.2ms
[2.921s][info][gc,heap      ] GC(50) Eden regions: 1712->0(1757)
[2.921s][info][gc,heap      ] GC(50) Survivor regions: 77->75(224)
[2.921s][info][gc,heap      ] GC(50) Old regions: 38->38
[2.921s][info][gc,heap      ] GC(50) Humongous regions: 12->10
[2.921s][info][gc,metaspace ] GC(50) Metaspace: 8252K(8832K)->8252K(8832K) NonClass: 7523K(7936K)->7523K(7936K) Class: 728K(896K)->728K(896K)
[2.921s][info][gc           ] GC(50) Pause Young (Normal) (G1 Evacuation Pause) 1838M->122M(3054M) 6.819ms
[2.921s][info][gc,cpu       ] GC(50) User=0.20s Sys=0.00s Real=0.01s
[2.981s][info][gc,start     ] GC(51) Pause Young (Normal) (G1 Evacuation Pause)
[2.981s][info][gc,task      ] GC(51) Using 13 workers of 13 for evacuation
[2.987s][info][gc,phases    ] GC(51)   Pre Evacuate Collection Set: 0.0ms
[2.987s][info][gc,phases    ] GC(51)   Evacuate Collection Set: 5.7ms
[2.987s][info][gc,phases    ] GC(51)   Post Evacuate Collection Set: 0.4ms
[2.987s][info][gc,phases    ] GC(51)   Other: 0.2ms
[2.987s][info][gc,heap      ] GC(51) Eden regions: 1757->0(1753)
[2.987s][info][gc,heap      ] GC(51) Survivor regions: 75->79(229)
[2.987s][info][gc,heap      ] GC(51) Old regions: 38->39
[2.987s][info][gc,heap      ] GC(51) Humongous regions: 14->10
[2.987s][info][gc,metaspace ] GC(51) Metaspace: 8252K(8832K)->8252K(8832K) NonClass: 7523K(7936K)->7523K(7936K) Class: 728K(896K)->728K(896K)
[2.987s][info][gc           ] GC(51) Pause Young (Normal) (G1 Evacuation Pause) 1883M->127M(3054M) 6.426ms
[2.987s][info][gc,cpu       ] GC(51) User=0.00s Sys=0.00s Real=0.01s
[3.045s][info][gc,start     ] GC(52) Pause Young (Normal) (G1 Evacuation Pause)
[3.045s][info][gc,task      ] GC(52) Using 13 workers of 13 for evacuation
[3.051s][info][gc,phases    ] GC(52)   Pre Evacuate Collection Set: 0.0ms
[3.051s][info][gc,phases    ] GC(52)   Evacuate Collection Set: 5.7ms
[3.051s][info][gc,phases    ] GC(52)   Post Evacuate Collection Set: 0.4ms
[3.051s][info][gc,phases    ] GC(52)   Other: 0.2ms
[3.051s][info][gc,heap      ] GC(52) Eden regions: 1753->0(1753)
[3.051s][info][gc,heap      ] GC(52) Survivor regions: 79->79(229)
[3.051s][info][gc,heap      ] GC(52) Old regions: 39->39
[3.051s][info][gc,heap      ] GC(52) Humongous regions: 15->10
[3.051s][info][gc,metaspace ] GC(52) Metaspace: 8252K(8832K)->8252K(8832K) NonClass: 7523K(7936K)->7523K(7936K) Class: 728K(896K)->728K(896K)
[3.051s][info][gc           ] GC(52) Pause Young (Normal) (G1 Evacuation Pause) 1885M->127M(3054M) 6.367ms
[3.051s][info][gc,cpu       ] GC(52) User=0.00s Sys=0.00s Real=0.01s
[3.109s][info][gc,start     ] GC(53) Pause Young (Normal) (G1 Evacuation Pause)
[3.109s][info][gc,task      ] GC(53) Using 13 workers of 13 for evacuation
[3.116s][info][gc,phases    ] GC(53)   Pre Evacuate Collection Set: 0.0ms
[3.116s][info][gc,phases    ] GC(53)   Evacuate Collection Set: 5.8ms
[3.116s][info][gc,phases    ] GC(53)   Post Evacuate Collection Set: 0.4ms
[3.116s][info][gc,phases    ] GC(53)   Other: 0.2ms
[3.116s][info][gc,heap      ] GC(53) Eden regions: 1753->0(1752)
[3.116s][info][gc,heap      ] GC(53) Survivor regions: 79->80(229)
[3.116s][info][gc,heap      ] GC(53) Old regions: 39->40
[3.116s][info][gc,heap      ] GC(53) Humongous regions: 14->11
[3.116s][info][gc,metaspace ] GC(53) Metaspace: 8252K(8832K)->8252K(8832K) NonClass: 7523K(7936K)->7523K(7936K) Class: 728K(896K)->728K(896K)
[3.116s][info][gc           ] GC(53) Pause Young (Normal) (G1 Evacuation Pause) 1884M->130M(3054M) 6.574ms
[3.116s][info][gc,cpu       ] GC(53) User=0.00s Sys=0.00s Real=0.01s
[3.174s][info][gc,start     ] GC(54) Pause Young (Normal) (G1 Evacuation Pause)
[3.174s][info][gc,task      ] GC(54) Using 13 workers of 13 for evacuation
[3.181s][info][gc,phases    ] GC(54)   Pre Evacuate Collection Set: 0.0ms
[3.181s][info][gc,phases    ] GC(54)   Evacuate Collection Set: 5.8ms
[3.181s][info][gc,phases    ] GC(54)   Post Evacuate Collection Set: 1.0ms
[3.181s][info][gc,phases    ] GC(54)   Other: 0.2ms
[3.181s][info][gc,heap      ] GC(54) Eden regions: 1752->0(1792)
[3.181s][info][gc,heap      ] GC(54) Survivor regions: 80->80(229)
[3.181s][info][gc,heap      ] GC(54) Old regions: 40->40
[3.181s][info][gc,heap      ] GC(54) Humongous regions: 16->12
[3.181s][info][gc,metaspace ] GC(54) Metaspace: 8252K(8832K)->8252K(8832K) NonClass: 7523K(7936K)->7523K(7936K) Class: 728K(896K)->728K(896K)
[3.181s][info][gc           ] GC(54) Pause Young (Normal) (G1 Evacuation Pause) 1887M->131M(3121M) 7.089ms
[3.181s][info][gc,cpu       ] GC(54) User=0.00s Sys=0.00s Real=0.01s
[3.242s][info][gc,start     ] GC(55) Pause Young (Normal) (G1 Evacuation Pause)
[3.242s][info][gc,task      ] GC(55) Using 13 workers of 13 for evacuation
[3.249s][info][gc,phases    ] GC(55)   Pre Evacuate Collection Set: 0.0ms
[3.249s][info][gc,phases    ] GC(55)   Evacuate Collection Set: 6.1ms
[3.249s][info][gc,phases    ] GC(55)   Post Evacuate Collection Set: 0.6ms
[3.249s][info][gc,phases    ] GC(55)   Other: 0.3ms
[3.249s][info][gc,heap      ] GC(55) Eden regions: 1792->0(1788)
[3.249s][info][gc,heap      ] GC(55) Survivor regions: 80->84(234)
[3.249s][info][gc,heap      ] GC(55) Old regions: 40->41
[3.249s][info][gc,heap      ] GC(55) Humongous regions: 18->13
[3.249s][info][gc,metaspace ] GC(55) Metaspace: 8252K(8832K)->8252K(8832K) NonClass: 7523K(7936K)->7523K(7936K) Class: 728K(896K)->728K(896K)
[3.249s][info][gc           ] GC(55) Pause Young (Normal) (G1 Evacuation Pause) 1929M->136M(3121M) 7.084ms
[3.249s][info][gc,cpu       ] GC(55) User=0.19s Sys=0.00s Real=0.01s
[3.309s][info][gc,start     ] GC(56) Pause Young (Normal) (G1 Evacuation Pause)
[3.309s][info][gc,task      ] GC(56) Using 13 workers of 13 for evacuation
[3.315s][info][gc,phases    ] GC(56)   Pre Evacuate Collection Set: 0.0ms
[3.315s][info][gc,phases    ] GC(56)   Evacuate Collection Set: 5.9ms
[3.315s][info][gc,phases    ] GC(56)   Post Evacuate Collection Set: 0.5ms
[3.315s][info][gc,phases    ] GC(56)   Other: 0.2ms
[3.315s][info][gc,heap      ] GC(56) Eden regions: 1788->0(1792)
[3.315s][info][gc,heap      ] GC(56) Survivor regions: 84->80(234)
[3.315s][info][gc,heap      ] GC(56) Old regions: 41->41
[3.316s][info][gc,heap      ] GC(56) Humongous regions: 21->14
[3.316s][info][gc,metaspace ] GC(56) Metaspace: 8252K(8832K)->8252K(8832K) NonClass: 7523K(7936K)->7523K(7936K) Class: 728K(896K)->728K(896K)
[3.316s][info][gc           ] GC(56) Pause Young (Normal) (G1 Evacuation Pause) 1932M->134M(3121M) 6.706ms
[3.316s][info][gc,cpu       ] GC(56) User=0.00s Sys=0.00s Real=0.01s
[3.375s][info][gc,start     ] GC(57) Pause Young (Normal) (G1 Evacuation Pause)
[3.375s][info][gc,task      ] GC(57) Using 13 workers of 13 for evacuation
[3.382s][info][gc,phases    ] GC(57)   Pre Evacuate Collection Set: 0.0ms
[3.382s][info][gc,phases    ] GC(57)   Evacuate Collection Set: 6.0ms
[3.382s][info][gc,phases    ] GC(57)   Post Evacuate Collection Set: 0.5ms
[3.382s][info][gc,phases    ] GC(57)   Other: 0.2ms
[3.382s][info][gc,heap      ] GC(57) Eden regions: 1792->0(1790)
[3.382s][info][gc,heap      ] GC(57) Survivor regions: 80->82(234)
[3.382s][info][gc,heap      ] GC(57) Old regions: 41->42
[3.382s][info][gc,heap      ] GC(57) Humongous regions: 16->13
[3.382s][info][gc,metaspace ] GC(57) Metaspace: 8252K(8832K)->8252K(8832K) NonClass: 7523K(7936K)->7523K(7936K) Class: 728K(896K)->728K(896K)
[3.382s][info][gc           ] GC(57) Pause Young (Normal) (G1 Evacuation Pause) 1928M->136M(3121M) 6.858ms
[3.382s][info][gc,cpu       ] GC(57) User=0.00s Sys=0.00s Real=0.01s
[3.442s][info][gc,start     ] GC(58) Pause Young (Normal) (G1 Evacuation Pause)
[3.442s][info][gc,task      ] GC(58) Using 13 workers of 13 for evacuation
[3.449s][info][gc,phases    ] GC(58)   Pre Evacuate Collection Set: 0.0ms
[3.449s][info][gc,phases    ] GC(58)   Evacuate Collection Set: 6.1ms
[3.449s][info][gc,phases    ] GC(58)   Post Evacuate Collection Set: 1.0ms
[3.449s][info][gc,phases    ] GC(58)   Other: 0.2ms
[3.449s][info][gc,heap      ] GC(58) Eden regions: 1790->0(1826)
[3.449s][info][gc,heap      ] GC(58) Survivor regions: 82->88(234)
[3.449s][info][gc,heap      ] GC(58) Old regions: 42->43
[3.449s][info][gc,heap      ] GC(58) Humongous regions: 18->13
[3.449s][info][gc,metaspace ] GC(58) Metaspace: 8252K(8832K)->8252K(8832K) NonClass: 7523K(7936K)->7523K(7936K) Class: 728K(896K)->728K(896K)
[3.449s][info][gc           ] GC(58) Pause Young (Normal) (G1 Evacuation Pause) 1931M->142M(3191M) 7.430ms
[3.449s][info][gc,cpu       ] GC(58) User=0.19s Sys=0.00s Real=0.01s
[3.510s][info][gc,start     ] GC(59) Pause Young (Normal) (G1 Evacuation Pause)
[3.510s][info][gc,task      ] GC(59) Using 13 workers of 13 for evacuation
[3.518s][info][gc,phases    ] GC(59)   Pre Evacuate Collection Set: 0.0ms
[3.518s][info][gc,phases    ] GC(59)   Evacuate Collection Set: 6.4ms
[3.518s][info][gc,phases    ] GC(59)   Post Evacuate Collection Set: 0.5ms
[3.518s][info][gc,phases    ] GC(59)   Other: 0.2ms
[3.518s][info][gc,heap      ] GC(59) Eden regions: 1826->0(1825)
[3.518s][info][gc,heap      ] GC(59) Survivor regions: 88->89(240)
[3.518s][info][gc,heap      ] GC(59) Old regions: 43->43
[3.518s][info][gc,heap      ] GC(59) Humongous regions: 20->14
[3.518s][info][gc,metaspace ] GC(59) Metaspace: 8252K(8832K)->8252K(8832K) NonClass: 7523K(7936K)->7523K(7936K) Class: 728K(896K)->728K(896K)
[3.518s][info][gc           ] GC(59) Pause Young (Normal) (G1 Evacuation Pause) 1975M->144M(3191M) 7.172ms
[3.518s][info][gc,cpu       ] GC(59) User=0.00s Sys=0.00s Real=0.01s
[3.578s][info][gc,start     ] GC(60) Pause Young (Normal) (G1 Evacuation Pause)
[3.578s][info][gc,task      ] GC(60) Using 13 workers of 13 for evacuation
[3.585s][info][gc,phases    ] GC(60)   Pre Evacuate Collection Set: 0.0ms
[3.585s][info][gc,phases    ] GC(60)   Evacuate Collection Set: 6.3ms
[3.585s][info][gc,phases    ] GC(60)   Post Evacuate Collection Set: 0.5ms
[3.585s][info][gc,phases    ] GC(60)   Other: 0.2ms
[3.585s][info][gc,heap      ] GC(60) Eden regions: 1825->0(1825)
[3.585s][info][gc,heap      ] GC(60) Survivor regions: 89->89(240)
[3.585s][info][gc,heap      ] GC(60) Old regions: 43->44
[3.585s][info][gc,heap      ] GC(60) Humongous regions: 17->15
[3.585s][info][gc,metaspace ] GC(60) Metaspace: 8253K(8832K)->8253K(8832K) NonClass: 7525K(7936K)->7525K(7936K) Class: 728K(896K)->728K(896K)
[3.585s][info][gc           ] GC(60) Pause Young (Normal) (G1 Evacuation Pause) 1972M->146M(3191M) 7.087ms
[3.585s][info][gc,cpu       ] GC(60) User=0.00s Sys=0.00s Real=0.01s
[3.646s][info][gc,start     ] GC(61) Pause Young (Normal) (G1 Evacuation Pause)
[3.646s][info][gc,task      ] GC(61) Using 13 workers of 13 for evacuation
[3.653s][info][gc,phases    ] GC(61)   Pre Evacuate Collection Set: 0.0ms
[3.653s][info][gc,phases    ] GC(61)   Evacuate Collection Set: 6.4ms
[3.653s][info][gc,phases    ] GC(61)   Post Evacuate Collection Set: 0.5ms
[3.653s][info][gc,phases    ] GC(61)   Other: 0.2ms
[3.653s][info][gc,heap      ] GC(61) Eden regions: 1825->0(1827)
[3.653s][info][gc,heap      ] GC(61) Survivor regions: 89->87(240)
[3.653s][info][gc,heap      ] GC(61) Old regions: 44->44
[3.653s][info][gc,heap      ] GC(61) Humongous regions: 18->15
[3.653s][info][gc,metaspace ] GC(61) Metaspace: 8253K(8832K)->8253K(8832K) NonClass: 7525K(7936K)->7525K(7936K) Class: 728K(896K)->728K(896K)
[3.653s][info][gc           ] GC(61) Pause Young (Normal) (G1 Evacuation Pause) 1974M->145M(3191M) 7.238ms
[3.653s][info][gc,cpu       ] GC(61) User=0.17s Sys=0.02s Real=0.01s
[3.714s][info][gc,start     ] GC(62) Pause Young (Normal) (G1 Evacuation Pause)
[3.714s][info][gc,task      ] GC(62) Using 13 workers of 13 for evacuation
[3.722s][info][gc,phases    ] GC(62)   Pre Evacuate Collection Set: 0.1ms
[3.722s][info][gc,phases    ] GC(62)   Evacuate Collection Set: 6.5ms
[3.722s][info][gc,phases    ] GC(62)   Post Evacuate Collection Set: 1.1ms
[3.722s][info][gc,phases    ] GC(62)   Other: 0.2ms
[3.722s][info][gc,heap      ] GC(62) Eden regions: 1827->0(1865)
[3.722s][info][gc,heap      ] GC(62) Survivor regions: 87->92(240)
[3.722s][info][gc,heap      ] GC(62) Old regions: 44->45
[3.722s][info][gc,heap      ] GC(62) Humongous regions: 19->15
[3.722s][info][gc,metaspace ] GC(62) Metaspace: 8253K(8832K)->8253K(8832K) NonClass: 7525K(7936K)->7525K(7936K) Class: 728K(896K)->728K(896K)
[3.722s][info][gc           ] GC(62) Pause Young (Normal) (G1 Evacuation Pause) 1976M->150M(3262M) 7.980ms
[3.722s][info][gc,cpu       ] GC(62) User=0.00s Sys=0.00s Real=0.01s
[3.784s][info][gc,start     ] GC(63) Pause Young (Normal) (G1 Evacuation Pause)
[3.785s][info][gc,task      ] GC(63) Using 13 workers of 13 for evacuation
[3.792s][info][gc,phases    ] GC(63)   Pre Evacuate Collection Set: 0.0ms
[3.792s][info][gc,phases    ] GC(63)   Evacuate Collection Set: 6.5ms
[3.792s][info][gc,phases    ] GC(63)   Post Evacuate Collection Set: 0.4ms
[3.792s][info][gc,phases    ] GC(63)   Other: 0.2ms
[3.792s][info][gc,heap      ] GC(63) Eden regions: 1865->0(1866)
[3.792s][info][gc,heap      ] GC(63) Survivor regions: 92->91(245)
[3.792s][info][gc,heap      ] GC(63) Old regions: 45->45
[3.792s][info][gc,heap      ] GC(63) Humongous regions: 18->15
[3.792s][info][gc,metaspace ] GC(63) Metaspace: 8253K(8832K)->8253K(8832K) NonClass: 7525K(7936K)->7525K(7936K) Class: 728K(896K)->728K(896K)
[3.792s][info][gc           ] GC(63) Pause Young (Normal) (G1 Evacuation Pause) 2018M->150M(3262M) 7.170ms
[3.792s][info][gc,cpu       ] GC(63) User=0.02s Sys=0.00s Real=0.01s
[3.857s][info][gc,start     ] GC(64) Pause Young (Normal) (G1 Evacuation Pause)
[3.857s][info][gc,task      ] GC(64) Using 13 workers of 13 for evacuation
[3.865s][info][gc,phases    ] GC(64)   Pre Evacuate Collection Set: 0.0ms
[3.865s][info][gc,phases    ] GC(64)   Evacuate Collection Set: 7.3ms
[3.865s][info][gc,phases    ] GC(64)   Post Evacuate Collection Set: 0.6ms
[3.865s][info][gc,phases    ] GC(64)   Other: 0.2ms
[3.865s][info][gc,heap      ] GC(64) Eden regions: 1866->0(1860)
[3.865s][info][gc,heap      ] GC(64) Survivor regions: 91->97(245)
[3.865s][info][gc,heap      ] GC(64) Old regions: 45->46
[3.865s][info][gc,heap      ] GC(64) Humongous regions: 28->19
[3.865s][info][gc,metaspace ] GC(64) Metaspace: 8253K(8832K)->8253K(8832K) NonClass: 7525K(7936K)->7525K(7936K) Class: 728K(896K)->728K(896K)
[3.866s][info][gc           ] GC(64) Pause Young (Normal) (G1 Evacuation Pause) 2029M->160M(3262M) 8.190ms
[3.866s][info][gc,cpu       ] GC(64) User=0.00s Sys=0.00s Real=0.01s
[3.929s][info][gc,start     ] GC(65) Pause Young (Normal) (G1 Evacuation Pause)
[3.929s][info][gc,task      ] GC(65) Using 13 workers of 13 for evacuation
[3.938s][info][gc,phases    ] GC(65)   Pre Evacuate Collection Set: 0.0ms
[3.938s][info][gc,phases    ] GC(65)   Evacuate Collection Set: 7.6ms
[3.938s][info][gc,phases    ] GC(65)   Post Evacuate Collection Set: 0.4ms
[3.938s][info][gc,phases    ] GC(65)   Other: 0.2ms
[3.938s][info][gc,heap      ] GC(65) Eden regions: 1860->0(1861)
[3.938s][info][gc,heap      ] GC(65) Survivor regions: 97->96(245)
[3.938s][info][gc,heap      ] GC(65) Old regions: 46->46
[3.938s][info][gc,heap      ] GC(65) Humongous regions: 23->19
[3.938s][info][gc,metaspace ] GC(65) Metaspace: 8253K(8832K)->8253K(8832K) NonClass: 7525K(7936K)->7525K(7936K) Class: 728K(896K)->728K(896K)
[3.938s][info][gc           ] GC(65) Pause Young (Normal) (G1 Evacuation Pause) 2024M->160M(3262M) 8.333ms
[3.938s][info][gc,cpu       ] GC(65) User=0.20s Sys=0.00s Real=0.01s
[3.999s][info][gc,start     ] GC(66) Pause Young (Normal) (G1 Evacuation Pause)
[3.999s][info][gc,task      ] GC(66) Using 13 workers of 13 for evacuation
[4.008s][info][gc,phases    ] GC(66)   Pre Evacuate Collection Set: 0.0ms
[4.009s][info][gc,phases    ] GC(66)   Evacuate Collection Set: 7.7ms
[4.009s][info][gc,phases    ] GC(66)   Post Evacuate Collection Set: 1.1ms
[4.009s][info][gc,phases    ] GC(66)   Other: 0.2ms
[4.009s][info][gc,heap      ] GC(66) Eden regions: 1861->0(1905)
[4.009s][info][gc,heap      ] GC(66) Survivor regions: 96->100(245)
[4.009s][info][gc,heap      ] GC(66) Old regions: 46->47
[4.009s][info][gc,heap      ] GC(66) Humongous regions: 26->18
[4.009s][info][gc,metaspace ] GC(66) Metaspace: 8253K(8832K)->8253K(8832K) NonClass: 7525K(7936K)->7525K(7936K) Class: 728K(896K)->728K(896K)
[4.009s][info][gc           ] GC(66) Pause Young (Normal) (G1 Evacuation Pause) 2028M->163M(3343M) 9.116ms
[4.009s][info][gc,cpu       ] GC(66) User=0.00s Sys=0.00s Real=0.01s
[4.072s][info][gc,start     ] GC(67) Pause Young (Normal) (G1 Evacuation Pause)
[4.072s][info][gc,task      ] GC(67) Using 13 workers of 13 for evacuation
[4.081s][info][gc,phases    ] GC(67)   Pre Evacuate Collection Set: 0.0ms
[4.081s][info][gc,phases    ] GC(67)   Evacuate Collection Set: 7.8ms
[4.081s][info][gc,phases    ] GC(67)   Post Evacuate Collection Set: 0.4ms
[4.081s][info][gc,phases    ] GC(67)   Other: 0.2ms
[4.081s][info][gc,heap      ] GC(67) Eden regions: 1905->0(1904)
[4.081s][info][gc,heap      ] GC(67) Survivor regions: 100->101(251)
[4.081s][info][gc,heap      ] GC(67) Old regions: 47->47
[4.081s][info][gc,heap      ] GC(67) Humongous regions: 20->17
[4.081s][info][gc,metaspace ] GC(67) Metaspace: 8253K(8832K)->8253K(8832K) NonClass: 7525K(7936K)->7525K(7936K) Class: 728K(896K)->728K(896K)
[4.081s][info][gc           ] GC(67) Pause Young (Normal) (G1 Evacuation Pause) 2070M->164M(3343M) 8.567ms
[4.081s][info][gc,cpu       ] GC(67) User=0.20s Sys=0.00s Real=0.01s
[4.144s][info][gc,start     ] GC(68) Pause Young (Normal) (G1 Evacuation Pause)
[4.144s][info][gc,task      ] GC(68) Using 13 workers of 13 for evacuation
[4.152s][info][gc,phases    ] GC(68)   Pre Evacuate Collection Set: 0.0ms
[4.152s][info][gc,phases    ] GC(68)   Evacuate Collection Set: 7.8ms
[4.152s][info][gc,phases    ] GC(68)   Post Evacuate Collection Set: 0.4ms
[4.152s][info][gc,phases    ] GC(68)   Other: 0.2ms
[4.152s][info][gc,heap      ] GC(68) Eden regions: 1904->0(1902)
[4.152s][info][gc,heap      ] GC(68) Survivor regions: 101->103(251)
[4.152s][info][gc,heap      ] GC(68) Old regions: 47->48
[4.152s][info][gc,heap      ] GC(68) Humongous regions: 23->19
[4.152s][info][gc,metaspace ] GC(68) Metaspace: 8253K(8832K)->8253K(8832K) NonClass: 7525K(7936K)->7525K(7936K) Class: 728K(896K)->728K(896K)
[4.152s][info][gc           ] GC(68) Pause Young (Normal) (G1 Evacuation Pause) 2074M->169M(3343M) 8.528ms
[4.152s][info][gc,cpu       ] GC(68) User=0.17s Sys=0.00s Real=0.01s
[4.216s][info][gc,start     ] GC(69) Pause Young (Normal) (G1 Evacuation Pause)
[4.216s][info][gc,task      ] GC(69) Using 13 workers of 13 for evacuation
[4.224s][info][gc,phases    ] GC(69)   Pre Evacuate Collection Set: 0.0ms
[4.224s][info][gc,phases    ] GC(69)   Evacuate Collection Set: 7.6ms
[4.224s][info][gc,phases    ] GC(69)   Post Evacuate Collection Set: 0.4ms
[4.224s][info][gc,phases    ] GC(69)   Other: 0.2ms
[4.224s][info][gc,heap      ] GC(69) Eden regions: 1902->0(1905)
[4.224s][info][gc,heap      ] GC(69) Survivor regions: 103->100(251)
[4.224s][info][gc,heap      ] GC(69) Old regions: 48->48
[4.224s][info][gc,heap      ] GC(69) Humongous regions: 22->19
[4.224s][info][gc,metaspace ] GC(69) Metaspace: 8253K(8832K)->8253K(8832K) NonClass: 7525K(7936K)->7525K(7936K) Class: 728K(896K)->728K(896K)
[4.224s][info][gc           ] GC(69) Pause Young (Normal) (G1 Evacuation Pause) 2074M->166M(3343M) 8.364ms
[4.224s][info][gc,cpu       ] GC(69) User=0.00s Sys=0.00s Real=0.01s
[4.287s][info][gc,start     ] GC(70) Pause Young (Normal) (G1 Evacuation Pause)
[4.287s][info][gc,task      ] GC(70) Using 13 workers of 13 for evacuation
[4.298s][info][gc,phases    ] GC(70)   Pre Evacuate Collection Set: 0.0ms
[4.298s][info][gc,phases    ] GC(70)   Evacuate Collection Set: 8.5ms
[4.298s][info][gc,phases    ] GC(70)   Post Evacuate Collection Set: 1.8ms
[4.298s][info][gc,phases    ] GC(70)   Other: 0.2ms
[4.298s][info][gc,heap      ] GC(70) Eden regions: 1905->0(1953)
[4.298s][info][gc,heap      ] GC(70) Survivor regions: 100->105(251)
[4.298s][info][gc,heap      ] GC(70) Old regions: 48->49
[4.298s][info][gc,heap      ] GC(70) Humongous regions: 22->19
[4.298s][info][gc,metaspace ] GC(70) Metaspace: 8253K(8832K)->8253K(8832K) NonClass: 7525K(7936K)->7525K(7936K) Class: 728K(896K)->728K(896K)
[4.298s][info][gc           ] GC(70) Pause Young (Normal) (G1 Evacuation Pause) 2074M->171M(3430M) 10.644ms
[4.298s][info][gc,cpu       ] GC(70) User=0.19s Sys=0.02s Real=0.01s
[4.365s][info][gc,start     ] GC(71) Pause Young (Normal) (G1 Evacuation Pause)
[4.365s][info][gc,task      ] GC(71) Using 13 workers of 13 for evacuation
[4.374s][info][gc,phases    ] GC(71)   Pre Evacuate Collection Set: 0.0ms
[4.374s][info][gc,phases    ] GC(71)   Evacuate Collection Set: 8.4ms
[4.374s][info][gc,phases    ] GC(71)   Post Evacuate Collection Set: 0.8ms
[4.374s][info][gc,phases    ] GC(71)   Other: 0.2ms
[4.374s][info][gc,heap      ] GC(71) Eden regions: 1953->0(1953)
[4.374s][info][gc,heap      ] GC(71) Survivor regions: 105->105(258)
[4.374s][info][gc,heap      ] GC(71) Old regions: 49->50
[4.374s][info][gc,heap      ] GC(71) Humongous regions: 25->19
[4.374s][info][gc,metaspace ] GC(71) Metaspace: 8253K(8832K)->8253K(8832K) NonClass: 7525K(7936K)->7525K(7936K) Class: 728K(896K)->728K(896K)
[4.374s][info][gc           ] GC(71) Pause Young (Normal) (G1 Evacuation Pause) 2130M->172M(3430M) 9.586ms
[4.374s][info][gc,cpu       ] GC(71) User=0.16s Sys=0.02s Real=0.01s
[4.441s][info][gc,start     ] GC(72) Pause Young (Normal) (G1 Evacuation Pause)
[4.441s][info][gc,task      ] GC(72) Using 13 workers of 13 for evacuation
[4.450s][info][gc,phases    ] GC(72)   Pre Evacuate Collection Set: 0.0ms
[4.450s][info][gc,phases    ] GC(72)   Evacuate Collection Set: 8.0ms
[4.450s][info][gc,phases    ] GC(72)   Post Evacuate Collection Set: 0.6ms
[4.450s][info][gc,phases    ] GC(72)   Other: 0.2ms
[4.450s][info][gc,heap      ] GC(72) Eden regions: 1953->0(1950)
[4.450s][info][gc,heap      ] GC(72) Survivor regions: 105->108(258)
[4.450s][info][gc,heap      ] GC(72) Old regions: 50->50
[4.450s][info][gc,heap      ] GC(72) Humongous regions: 30->21
[4.450s][info][gc,metaspace ] GC(72) Metaspace: 8253K(8832K)->8253K(8832K) NonClass: 7525K(7936K)->7525K(7936K) Class: 728K(896K)->728K(896K)
[4.450s][info][gc           ] GC(72) Pause Young (Normal) (G1 Evacuation Pause) 2136M->178M(3430M) 8.889ms
[4.450s][info][gc,cpu       ] GC(72) User=0.17s Sys=0.00s Real=0.01s
[4.515s][info][gc,start     ] GC(73) Pause Young (Normal) (G1 Evacuation Pause)
[4.515s][info][gc,task      ] GC(73) Using 13 workers of 13 for evacuation
[4.524s][info][gc,phases    ] GC(73)   Pre Evacuate Collection Set: 0.0ms
[4.524s][info][gc,phases    ] GC(73)   Evacuate Collection Set: 8.2ms
[4.524s][info][gc,phases    ] GC(73)   Post Evacuate Collection Set: 0.5ms
[4.524s][info][gc,phases    ] GC(73)   Other: 0.2ms
[4.524s][info][gc,heap      ] GC(73) Eden regions: 1950->0(1953)
[4.524s][info][gc,heap      ] GC(73) Survivor regions: 108->105(258)
[4.524s][info][gc,heap      ] GC(73) Old regions: 50->51
[4.524s][info][gc,heap      ] GC(73) Humongous regions: 26->20
[4.524s][info][gc,metaspace ] GC(73) Metaspace: 8253K(8832K)->8253K(8832K) NonClass: 7525K(7936K)->7525K(7936K) Class: 728K(896K)->728K(896K)
[4.524s][info][gc           ] GC(73) Pause Young (Normal) (G1 Evacuation Pause) 2133M->174M(3430M) 9.052ms
[4.524s][info][gc,cpu       ] GC(73) User=0.00s Sys=0.00s Real=0.01s
[4.589s][info][gc,start     ] GC(74) Pause Young (Normal) (G1 Evacuation Pause)
[4.589s][info][gc,task      ] GC(74) Using 13 workers of 13 for evacuation
[4.599s][info][gc,phases    ] GC(74)   Pre Evacuate Collection Set: 0.0ms
[4.599s][info][gc,phases    ] GC(74)   Evacuate Collection Set: 8.0ms
[4.599s][info][gc,phases    ] GC(74)   Post Evacuate Collection Set: 1.2ms
[4.599s][info][gc,phases    ] GC(74)   Other: 0.2ms
[4.599s][info][gc,heap      ] GC(74) Eden regions: 1953->0(2004)
[4.599s][info][gc,heap      ] GC(74) Survivor regions: 105->108(258)
[4.599s][info][gc,heap      ] GC(74) Old regions: 51->51
[4.599s][info][gc,heap      ] GC(74) Humongous regions: 23->18
[4.599s][info][gc,metaspace ] GC(74) Metaspace: 8253K(8832K)->8253K(8832K) NonClass: 7525K(7936K)->7525K(7936K) Class: 728K(896K)->728K(896K)
[4.599s][info][gc           ] GC(74) Pause Young (Normal) (G1 Evacuation Pause) 2130M->176M(3521M) 9.446ms
[4.599s][info][gc,cpu       ] GC(74) User=0.00s Sys=0.00s Real=0.01s
[4.666s][info][gc,start     ] GC(75) Pause Young (Normal) (G1 Evacuation Pause)
[4.666s][info][gc,task      ] GC(75) Using 13 workers of 13 for evacuation
[4.676s][info][gc,phases    ] GC(75)   Pre Evacuate Collection Set: 0.0ms
[4.676s][info][gc,phases    ] GC(75)   Evacuate Collection Set: 8.4ms
[4.676s][info][gc,phases    ] GC(75)   Post Evacuate Collection Set: 0.6ms
[4.676s][info][gc,phases    ] GC(75)   Other: 0.2ms
[4.676s][info][gc,heap      ] GC(75) Eden regions: 2004->0(2003)
[4.676s][info][gc,heap      ] GC(75) Survivor regions: 108->109(264)
[4.676s][info][gc,heap      ] GC(75) Old regions: 51->52
[4.676s][info][gc,heap      ] GC(75) Humongous regions: 24->19
[4.676s][info][gc,metaspace ] GC(75) Metaspace: 8253K(8832K)->8253K(8832K) NonClass: 7525K(7936K)->7525K(7936K) Class: 728K(896K)->728K(896K)
[4.676s][info][gc           ] GC(75) Pause Young (Normal) (G1 Evacuation Pause) 2186M->178M(3521M) 9.315ms
[4.676s][info][gc,cpu       ] GC(75) User=0.00s Sys=0.00s Real=0.01s
[4.745s][info][gc,start     ] GC(76) Pause Young (Normal) (G1 Evacuation Pause)
[4.745s][info][gc,task      ] GC(76) Using 13 workers of 13 for evacuation
[4.754s][info][gc,phases    ] GC(76)   Pre Evacuate Collection Set: 0.0ms
[4.754s][info][gc,phases    ] GC(76)   Evacuate Collection Set: 8.4ms
[4.754s][info][gc,phases    ] GC(76)   Post Evacuate Collection Set: 0.8ms
[4.754s][info][gc,phases    ] GC(76)   Other: 0.2ms
[4.754s][info][gc,heap      ] GC(76) Eden regions: 2003->0(1999)
[4.754s][info][gc,heap      ] GC(76) Survivor regions: 109->113(264)
[4.754s][info][gc,heap      ] GC(76) Old regions: 52->52
[4.754s][info][gc,heap      ] GC(76) Humongous regions: 26->20
[4.755s][info][gc,metaspace ] GC(76) Metaspace: 8253K(8832K)->8253K(8832K) NonClass: 7525K(7936K)->7525K(7936K) Class: 728K(896K)->728K(896K)
[4.755s][info][gc           ] GC(76) Pause Young (Normal) (G1 Evacuation Pause) 2188M->184M(3521M) 9.570ms
[4.755s][info][gc,cpu       ] GC(76) User=0.00s Sys=0.00s Real=0.01s
[4.823s][info][gc,start     ] GC(77) Pause Young (Normal) (G1 Evacuation Pause)
[4.823s][info][gc,task      ] GC(77) Using 13 workers of 13 for evacuation
[4.832s][info][gc,phases    ] GC(77)   Pre Evacuate Collection Set: 0.0ms
[4.832s][info][gc,phases    ] GC(77)   Evacuate Collection Set: 8.4ms
[4.832s][info][gc,phases    ] GC(77)   Post Evacuate Collection Set: 0.7ms
[4.832s][info][gc,phases    ] GC(77)   Other: 0.2ms
[4.832s][info][gc,heap      ] GC(77) Eden regions: 1999->0(1998)
[4.832s][info][gc,heap      ] GC(77) Survivor regions: 113->114(264)
[4.832s][info][gc,heap      ] GC(77) Old regions: 52->53
[4.832s][info][gc,heap      ] GC(77) Humongous regions: 23->20
[4.833s][info][gc,metaspace ] GC(77) Metaspace: 8253K(8832K)->8253K(8832K) NonClass: 7525K(7936K)->7525K(7936K) Class: 728K(896K)->728K(896K)
[4.833s][info][gc           ] GC(77) Pause Young (Normal) (G1 Evacuation Pause) 2186M->185M(3521M) 9.493ms
[4.833s][info][gc,cpu       ] GC(77) User=0.00s Sys=0.00s Real=0.01s
[4.899s][info][gc,start     ] GC(78) Pause Young (Normal) (G1 Evacuation Pause)
[4.899s][info][gc,task      ] GC(78) Using 13 workers of 13 for evacuation
[4.909s][info][gc,phases    ] GC(78)   Pre Evacuate Collection Set: 0.0ms
[4.909s][info][gc,phases    ] GC(78)   Evacuate Collection Set: 8.4ms
[4.909s][info][gc,phases    ] GC(78)   Post Evacuate Collection Set: 1.2ms
[4.909s][info][gc,phases    ] GC(78)   Other: 0.2ms
[4.909s][info][gc,heap      ] GC(78) Eden regions: 1998->0(2037)
[4.909s][info][gc,heap      ] GC(78) Survivor regions: 114->118(264)
[4.909s][info][gc,heap      ] GC(78) Old regions: 53->53
[4.909s][info][gc,heap      ] GC(78) Humongous regions: 32->20
[4.909s][info][gc,metaspace ] GC(78) Metaspace: 8253K(8832K)->8253K(8832K) NonClass: 7525K(7936K)->7525K(7936K) Class: 728K(896K)->728K(896K)
[4.909s][info][gc           ] GC(78) Pause Young (Normal) (G1 Evacuation Pause) 2195M->189M(3593M) 9.895ms
[4.909s][info][gc,cpu       ] GC(78) User=0.20s Sys=0.00s Real=0.01s
[4.978s][info][gc,start     ] GC(79) Pause Young (Normal) (G1 Evacuation Pause)
[4.978s][info][gc,task      ] GC(79) Using 13 workers of 13 for evacuation
[4.986s][info][gc,phases    ] GC(79)   Pre Evacuate Collection Set: 0.0ms
[4.986s][info][gc,phases    ] GC(79)   Evacuate Collection Set: 7.9ms
[4.987s][info][gc,phases    ] GC(79)   Post Evacuate Collection Set: 0.7ms
[4.987s][info][gc,phases    ] GC(79)   Other: 0.2ms
[4.987s][info][gc,heap      ] GC(79) Eden regions: 2037->0(2044)
[4.987s][info][gc,heap      ] GC(79) Survivor regions: 118->111(270)
[4.987s][info][gc,heap      ] GC(79) Old regions: 53->56
[4.987s][info][gc,heap      ] GC(79) Humongous regions: 30->22
[4.987s][info][gc,metaspace ] GC(79) Metaspace: 8253K(8832K)->8253K(8832K) NonClass: 7525K(7936K)->7525K(7936K) Class: 728K(896K)->728K(896K)
[4.987s][info][gc           ] GC(79) Pause Young (Normal) (G1 Evacuation Pause) 2236M->187M(3593M) 8.950ms
[4.987s][info][gc,cpu       ] GC(79) User=0.20s Sys=0.00s Real=0.01s
[5.058s][info][gc,start     ] GC(80) Pause Young (Normal) (G1 Evacuation Pause)
[5.058s][info][gc,task      ] GC(80) Using 13 workers of 13 for evacuation
[5.067s][info][gc,phases    ] GC(80)   Pre Evacuate Collection Set: 0.0ms
[5.067s][info][gc,phases    ] GC(80)   Evacuate Collection Set: 8.1ms
[5.067s][info][gc,phases    ] GC(80)   Post Evacuate Collection Set: 0.6ms
[5.067s][info][gc,phases    ] GC(80)   Other: 0.2ms
[5.067s][info][gc,heap      ] GC(80) Eden regions: 2044->0(2043)
[5.067s][info][gc,heap      ] GC(80) Survivor regions: 111->112(270)
[5.067s][info][gc,heap      ] GC(80) Old regions: 56->56
[5.067s][info][gc,heap      ] GC(80) Humongous regions: 28->23
[5.067s][info][gc,metaspace ] GC(80) Metaspace: 8253K(8832K)->8253K(8832K) NonClass: 7525K(7936K)->7525K(7936K) Class: 728K(896K)->728K(896K)
[5.067s][info][gc           ] GC(80) Pause Young (Normal) (G1 Evacuation Pause) 2237M->189M(3593M) 9.097ms
[5.067s][info][gc,cpu       ] GC(80) User=0.00s Sys=0.00s Real=0.01s
[5.143s][info][gc,start     ] GC(81) Pause Young (Normal) (G1 Evacuation Pause)
[5.143s][info][gc,task      ] GC(81) Using 13 workers of 13 for evacuation
[5.153s][info][gc,phases    ] GC(81)   Pre Evacuate Collection Set: 0.1ms
[5.153s][info][gc,phases    ] GC(81)   Evacuate Collection Set: 8.7ms
[5.153s][info][gc,phases    ] GC(81)   Post Evacuate Collection Set: 0.9ms
[5.153s][info][gc,phases    ] GC(81)   Other: 0.3ms
[5.153s][info][gc,heap      ] GC(81) Eden regions: 2043->0(2039)
[5.153s][info][gc,heap      ] GC(81) Survivor regions: 112->116(270)
[5.153s][info][gc,heap      ] GC(81) Old regions: 56->57
[5.153s][info][gc,heap      ] GC(81) Humongous regions: 31->24
[5.153s][info][gc,metaspace ] GC(81) Metaspace: 8255K(8832K)->8255K(8832K) NonClass: 7526K(7936K)->7526K(7936K) Class: 728K(896K)->728K(896K)
[5.153s][info][gc           ] GC(81) Pause Young (Normal) (G1 Evacuation Pause) 2240M->195M(3593M) 10.173ms
[5.153s][info][gc,cpu       ] GC(81) User=0.06s Sys=0.02s Real=0.01s
[5.232s][info][gc,start     ] GC(82) Pause Young (Normal) (G1 Evacuation Pause)
[5.232s][info][gc,task      ] GC(82) Using 13 workers of 13 for evacuation
[5.242s][info][gc,phases    ] GC(82)   Pre Evacuate Collection Set: 0.1ms
[5.242s][info][gc,phases    ] GC(82)   Evacuate Collection Set: 8.6ms
[5.242s][info][gc,phases    ] GC(82)   Post Evacuate Collection Set: 1.5ms
[5.242s][info][gc,phases    ] GC(82)   Other: 0.3ms
[5.242s][info][gc,heap      ] GC(82) Eden regions: 2039->0(2076)
[5.242s][info][gc,heap      ] GC(82) Survivor regions: 116->115(270)
[5.242s][info][gc,heap      ] GC(82) Old regions: 57->57
[5.242s][info][gc,heap      ] GC(82) Humongous regions: 33->25
[5.242s][info][gc,metaspace ] GC(82) Metaspace: 8255K(8832K)->8255K(8832K) NonClass: 7526K(7936K)->7526K(7936K) Class: 728K(896K)->728K(896K)
[5.242s][info][gc           ] GC(82) Pause Young (Normal) (G1 Evacuation Pause) 2243M->196M(3652M) 10.485ms
[5.242s][info][gc,cpu       ] GC(82) User=0.00s Sys=0.00s Real=0.01s
[5.325s][info][gc,start     ] GC(83) Pause Young (Normal) (G1 Evacuation Pause)
[5.325s][info][gc,task      ] GC(83) Using 13 workers of 13 for evacuation
[5.333s][info][gc,phases    ] GC(83)   Pre Evacuate Collection Set: 0.1ms
[5.334s][info][gc,phases    ] GC(83)   Evacuate Collection Set: 7.8ms
[5.334s][info][gc,phases    ] GC(83)   Post Evacuate Collection Set: 0.6ms
[5.334s][info][gc,phases    ] GC(83)   Other: 0.3ms
[5.334s][info][gc,heap      ] GC(83) Eden regions: 2076->0(2074)
[5.334s][info][gc,heap      ] GC(83) Survivor regions: 115->117(274)
[5.334s][info][gc,heap      ] GC(83) Old regions: 57->58
[5.334s][info][gc,heap      ] GC(83) Humongous regions: 30->26
[5.334s][info][gc,metaspace ] GC(83) Metaspace: 8255K(8832K)->8255K(8832K) NonClass: 7526K(7936K)->7526K(7936K) Class: 728K(896K)->728K(896K)
[5.334s][info][gc           ] GC(83) Pause Young (Normal) (G1 Evacuation Pause) 2277M->199M(3652M) 8.941ms
[5.334s][info][gc,cpu       ] GC(83) User=0.00s Sys=0.00s Real=0.01s
[5.403s][info][gc,start     ] GC(84) Pause Young (Normal) (G1 Evacuation Pause)
[5.403s][info][gc,task      ] GC(84) Using 13 workers of 13 for evacuation
[5.412s][info][gc,phases    ] GC(84)   Pre Evacuate Collection Set: 0.0ms
[5.412s][info][gc,phases    ] GC(84)   Evacuate Collection Set: 7.7ms
[5.412s][info][gc,phases    ] GC(84)   Post Evacuate Collection Set: 0.6ms
[5.412s][info][gc,phases    ] GC(84)   Other: 0.2ms
[5.412s][info][gc,heap      ] GC(84) Eden regions: 2074->0(2076)
[5.412s][info][gc,heap      ] GC(84) Survivor regions: 117->115(274)
[5.412s][info][gc,heap      ] GC(84) Old regions: 58->58
[5.412s][info][gc,heap      ] GC(84) Humongous regions: 31->24
[5.412s][info][gc,metaspace ] GC(84) Metaspace: 8256K(8832K)->8256K(8832K) NonClass: 7527K(7936K)->7527K(7936K) Class: 728K(896K)->728K(896K)
[5.412s][info][gc           ] GC(84) Pause Young (Normal) (G1 Evacuation Pause) 2278M->196M(3652M) 8.628ms
[5.412s][info][gc,cpu       ] GC(84) User=0.00s Sys=0.00s Real=0.01s
[5.483s][info][gc,start     ] GC(85) Pause Young (Normal) (G1 Evacuation Pause)
[5.483s][info][gc,task      ] GC(85) Using 13 workers of 13 for evacuation
[5.492s][info][gc,phases    ] GC(85)   Pre Evacuate Collection Set: 0.0ms
[5.492s][info][gc,phases    ] GC(85)   Evacuate Collection Set: 7.7ms
[5.492s][info][gc,phases    ] GC(85)   Post Evacuate Collection Set: 0.7ms
[5.492s][info][gc,phases    ] GC(85)   Other: 0.2ms
[5.492s][info][gc,heap      ] GC(85) Eden regions: 2076->0(2078)
[5.492s][info][gc,heap      ] GC(85) Survivor regions: 115->113(274)
[5.492s][info][gc,heap      ] GC(85) Old regions: 58->59
[5.492s][info][gc,heap      ] GC(85) Humongous regions: 48->29
[5.492s][info][gc,metaspace ] GC(85) Metaspace: 8256K(8832K)->8256K(8832K) NonClass: 7527K(7936K)->7527K(7936K) Class: 728K(896K)->728K(896K)
[5.492s][info][gc           ] GC(85) Pause Young (Normal) (G1 Evacuation Pause) 2296M->199M(3652M) 8.727ms
[5.492s][info][gc,cpu       ] GC(85) User=0.00s Sys=0.00s Real=0.01s
[5.561s][info][gc,start     ] GC(86) Pause Young (Normal) (G1 Evacuation Pause)
[5.561s][info][gc,task      ] GC(86) Using 13 workers of 13 for evacuation
[5.570s][info][gc,phases    ] GC(86)   Pre Evacuate Collection Set: 0.0ms
[5.570s][info][gc,phases    ] GC(86)   Evacuate Collection Set: 7.6ms
[5.570s][info][gc,phases    ] GC(86)   Post Evacuate Collection Set: 0.9ms
[5.570s][info][gc,phases    ] GC(86)   Other: 0.2ms
[5.570s][info][gc,heap      ] GC(86) Eden regions: 2078->0(2101)
[5.570s][info][gc,heap      ] GC(86) Survivor regions: 113->114(274)
[5.570s][info][gc,heap      ] GC(86) Old regions: 59->59
[5.570s][info][gc,heap      ] GC(86) Humongous regions: 40->32
[5.570s][info][gc,metaspace ] GC(86) Metaspace: 8256K(8832K)->8256K(8832K) NonClass: 7527K(7936K)->7527K(7936K) Class: 728K(896K)->728K(896K)
[5.570s][info][gc           ] GC(86) Pause Young (Normal) (G1 Evacuation Pause) 2288M->204M(3693M) 8.876ms
[5.570s][info][gc,cpu       ] GC(86) User=0.00s Sys=0.00s Real=0.01s
[5.641s][info][gc,start     ] GC(87) Pause Young (Normal) (G1 Evacuation Pause)
[5.641s][info][gc,task      ] GC(87) Using 13 workers of 13 for evacuation
[5.650s][info][gc,phases    ] GC(87)   Pre Evacuate Collection Set: 0.0ms
[5.650s][info][gc,phases    ] GC(87)   Evacuate Collection Set: 7.8ms
[5.650s][info][gc,phases    ] GC(87)   Post Evacuate Collection Set: 0.7ms
[5.650s][info][gc,phases    ] GC(87)   Other: 0.2ms
[5.650s][info][gc,heap      ] GC(87) Eden regions: 2101->0(2097)
[5.650s][info][gc,heap      ] GC(87) Survivor regions: 114->118(277)
[5.650s][info][gc,heap      ] GC(87) Old regions: 59->60
[5.650s][info][gc,heap      ] GC(87) Humongous regions: 41->33
[5.650s][info][gc,metaspace ] GC(87) Metaspace: 8256K(8832K)->8256K(8832K) NonClass: 7527K(7936K)->7527K(7936K) Class: 728K(896K)->728K(896K)
[5.650s][info][gc           ] GC(87) Pause Young (Normal) (G1 Evacuation Pause) 2314M->209M(3693M) 8.837ms
[5.650s][info][gc,cpu       ] GC(87) User=0.00s Sys=0.00s Real=0.01s
[5.720s][info][gc,start     ] GC(88) Pause Young (Normal) (G1 Evacuation Pause)
[5.720s][info][gc,task      ] GC(88) Using 13 workers of 13 for evacuation
[5.729s][info][gc,phases    ] GC(88)   Pre Evacuate Collection Set: 0.1ms
[5.729s][info][gc,phases    ] GC(88)   Evacuate Collection Set: 7.8ms
[5.729s][info][gc,phases    ] GC(88)   Post Evacuate Collection Set: 0.8ms
[5.729s][info][gc,phases    ] GC(88)   Other: 0.2ms
[5.729s][info][gc,heap      ] GC(88) Eden regions: 2097->0(2102)
[5.729s][info][gc,heap      ] GC(88) Survivor regions: 118->113(277)
[5.729s][info][gc,heap      ] GC(88) Old regions: 60->60
[5.729s][info][gc,heap      ] GC(88) Humongous regions: 47->36
[5.729s][info][gc,metaspace ] GC(88) Metaspace: 8256K(8832K)->8256K(8832K) NonClass: 7528K(7936K)->7528K(7936K) Class: 728K(896K)->728K(896K)
[5.729s][info][gc           ] GC(88) Pause Young (Normal) (G1 Evacuation Pause) 2320M->208M(3693M) 8.935ms
[5.729s][info][gc,cpu       ] GC(88) User=0.02s Sys=0.00s Real=0.01s
[5.800s][info][gc,start     ] GC(89) Pause Young (Normal) (G1 Evacuation Pause)
[5.800s][info][gc,task      ] GC(89) Using 13 workers of 13 for evacuation
[5.808s][info][gc,phases    ] GC(89)   Pre Evacuate Collection Set: 0.0ms
[5.808s][info][gc,phases    ] GC(89)   Evacuate Collection Set: 7.5ms
[5.808s][info][gc,phases    ] GC(89)   Post Evacuate Collection Set: 0.6ms
[5.808s][info][gc,phases    ] GC(89)   Other: 0.2ms
[5.808s][info][gc,heap      ] GC(89) Eden regions: 2102->0(2102)
[5.808s][info][gc,heap      ] GC(89) Survivor regions: 113->113(277)
[5.808s][info][gc,heap      ] GC(89) Old regions: 60->61
[5.808s][info][gc,heap      ] GC(89) Humongous regions: 39->34
[5.808s][info][gc,metaspace ] GC(89) Metaspace: 8257K(8832K)->8257K(8832K) NonClass: 7528K(7936K)->7528K(7936K) Class: 728K(896K)->728K(896K)
[5.808s][info][gc           ] GC(89) Pause Young (Normal) (G1 Evacuation Pause) 2313M->206M(3693M) 8.504ms
[5.808s][info][gc,cpu       ] GC(89) User=0.16s Sys=0.00s Real=0.01s
[5.878s][info][gc,start     ] GC(90) Pause Young (Normal) (G1 Evacuation Pause)
[5.878s][info][gc,task      ] GC(90) Using 13 workers of 13 for evacuation
[5.887s][info][gc,phases    ] GC(90)   Pre Evacuate Collection Set: 0.0ms
[5.887s][info][gc,phases    ] GC(90)   Evacuate Collection Set: 7.3ms
[5.887s][info][gc,phases    ] GC(90)   Post Evacuate Collection Set: 0.8ms
[5.887s][info][gc,phases    ] GC(90)   Other: 0.2ms
[5.887s][info][gc,heap      ] GC(90) Eden regions: 2102->0(2120)
[5.887s][info][gc,heap      ] GC(90) Survivor regions: 113->113(277)
[5.887s][info][gc,heap      ] GC(90) Old regions: 61->61
[5.887s][info][gc,heap      ] GC(90) Humongous regions: 40->31
[5.887s][info][gc,metaspace ] GC(90) Metaspace: 8257K(8832K)->8257K(8832K) NonClass: 7528K(7936K)->7528K(7936K) Class: 728K(896K)->728K(896K)
[5.887s][info][gc           ] GC(90) Pause Young (Normal) (G1 Evacuation Pause) 2314M->204M(3723M) 8.475ms
[5.887s][info][gc,cpu       ] GC(90) User=0.16s Sys=0.00s Real=0.01s
[5.958s][info][gc,start     ] GC(91) Pause Young (Normal) (G1 Evacuation Pause)
[5.958s][info][gc,task      ] GC(91) Using 13 workers of 13 for evacuation
[5.966s][info][gc,phases    ] GC(91)   Pre Evacuate Collection Set: 0.0ms
[5.966s][info][gc,phases    ] GC(91)   Evacuate Collection Set: 7.6ms
[5.966s][info][gc,phases    ] GC(91)   Post Evacuate Collection Set: 0.5ms
[5.966s][info][gc,phases    ] GC(91)   Other: 0.2ms
[5.966s][info][gc,heap      ] GC(91) Eden regions: 2120->0(2116)
[5.966s][info][gc,heap      ] GC(91) Survivor regions: 113->117(280)
[5.966s][info][gc,heap      ] GC(91) Old regions: 61->62
[5.966s][info][gc,heap      ] GC(91) Humongous regions: 38->31
[5.966s][info][gc,metaspace ] GC(91) Metaspace: 8257K(8832K)->8257K(8832K) NonClass: 7528K(7936K)->7528K(7936K) Class: 728K(896K)->728K(896K)
[5.966s][info][gc           ] GC(91) Pause Young (Normal) (G1 Evacuation Pause) 2331M->208M(3723M) 8.537ms
[5.966s][info][gc,cpu       ] GC(91) User=0.19s Sys=0.02s Real=0.01s
[6.036s][info][gc,start     ] GC(92) Pause Young (Normal) (G1 Evacuation Pause)
[6.036s][info][gc,task      ] GC(92) Using 13 workers of 13 for evacuation
[6.045s][info][gc,phases    ] GC(92)   Pre Evacuate Collection Set: 0.0ms
[6.045s][info][gc,phases    ] GC(92)   Evacuate Collection Set: 7.8ms
[6.045s][info][gc,phases    ] GC(92)   Post Evacuate Collection Set: 0.5ms
[6.045s][info][gc,phases    ] GC(92)   Other: 0.2ms
[6.045s][info][gc,heap      ] GC(92) Eden regions: 2116->0(2109)
[6.045s][info][gc,heap      ] GC(92) Survivor regions: 117->124(280)
[6.045s][info][gc,heap      ] GC(92) Old regions: 62->62
[6.045s][info][gc,heap      ] GC(92) Humongous regions: 33->31
[6.045s][info][gc,metaspace ] GC(92) Metaspace: 8257K(8832K)->8257K(8832K) NonClass: 7528K(7936K)->7528K(7936K) Class: 728K(896K)->728K(896K)
[6.045s][info][gc           ] GC(92) Pause Young (Normal) (G1 Evacuation Pause) 2326M->216M(3723M) 8.601ms
[6.045s][info][gc,cpu       ] GC(92) User=0.16s Sys=0.00s Real=0.01s
[6.116s][info][gc,start     ] GC(93) Pause Young (Normal) (G1 Evacuation Pause)
[6.116s][info][gc,task      ] GC(93) Using 13 workers of 13 for evacuation
[6.124s][info][gc,phases    ] GC(93)   Pre Evacuate Collection Set: 0.1ms
[6.124s][info][gc,phases    ] GC(93)   Evacuate Collection Set: 7.9ms
[6.124s][info][gc,phases    ] GC(93)   Post Evacuate Collection Set: 0.5ms
[6.124s][info][gc,phases    ] GC(93)   Other: 0.3ms
[6.124s][info][gc,heap      ] GC(93) Eden regions: 2109->0(2111)
[6.124s][info][gc,heap      ] GC(93) Survivor regions: 124->122(280)
[6.124s][info][gc,heap      ] GC(93) Old regions: 62->63
[6.124s][info][gc,heap      ] GC(93) Humongous regions: 38->29
[6.124s][info][gc,metaspace ] GC(93) Metaspace: 8257K(8832K)->8257K(8832K) NonClass: 7528K(7936K)->7528K(7936K) Class: 728K(896K)->728K(896K)
[6.124s][info][gc           ] GC(93) Pause Young (Normal) (G1 Evacuation Pause) 2332M->213M(3723M) 8.863ms
[6.124s][info][gc,cpu       ] GC(93) User=0.20s Sys=0.00s Real=0.01s
[6.194s][info][gc,start     ] GC(94) Pause Young (Normal) (G1 Evacuation Pause)
[6.194s][info][gc,task      ] GC(94) Using 13 workers of 13 for evacuation
[6.203s][info][gc,phases    ] GC(94)   Pre Evacuate Collection Set: 0.0ms
[6.203s][info][gc,phases    ] GC(94)   Evacuate Collection Set: 7.8ms
[6.203s][info][gc,phases    ] GC(94)   Post Evacuate Collection Set: 0.7ms
[6.203s][info][gc,phases    ] GC(94)   Other: 0.2ms
[6.203s][info][gc,heap      ] GC(94) Eden regions: 2111->0(2130)
[6.203s][info][gc,heap      ] GC(94) Survivor regions: 122->120(280)
[6.203s][info][gc,heap      ] GC(94) Old regions: 63->63
[6.203s][info][gc,heap      ] GC(94) Humongous regions: 34->28
[6.203s][info][gc,metaspace ] GC(94) Metaspace: 8257K(8832K)->8257K(8832K) NonClass: 7528K(7936K)->7528K(7936K) Class: 728K(896K)->728K(896K)
[6.203s][info][gc           ] GC(94) Pause Young (Normal) (G1 Evacuation Pause) 2329M->210M(3751M) 8.833ms
[6.203s][info][gc,cpu       ] GC(94) User=0.20s Sys=0.00s Real=0.01s
[6.275s][info][gc,start     ] GC(95) Pause Young (Normal) (G1 Evacuation Pause)
[6.275s][info][gc,task      ] GC(95) Using 13 workers of 13 for evacuation
[6.283s][info][gc,phases    ] GC(95)   Pre Evacuate Collection Set: 0.0ms
[6.283s][info][gc,phases    ] GC(95)   Evacuate Collection Set: 7.8ms
[6.283s][info][gc,phases    ] GC(95)   Post Evacuate Collection Set: 0.7ms
[6.283s][info][gc,phases    ] GC(95)   Other: 0.2ms
[6.283s][info][gc,heap      ] GC(95) Eden regions: 2130->0(2130)
[6.283s][info][gc,heap      ] GC(95) Survivor regions: 120->120(282)
[6.283s][info][gc,heap      ] GC(95) Old regions: 63->64
[6.283s][info][gc,heap      ] GC(95) Humongous regions: 30->28
[6.283s][info][gc,metaspace ] GC(95) Metaspace: 8257K(8832K)->8257K(8832K) NonClass: 7528K(7936K)->7528K(7936K) Class: 728K(896K)->728K(896K)
[6.283s][info][gc           ] GC(95) Pause Young (Normal) (G1 Evacuation Pause) 2342M->211M(3751M) 8.796ms
[6.283s][info][gc,cpu       ] GC(95) User=0.19s Sys=0.02s Real=0.01s
[6.355s][info][gc,start     ] GC(96) Pause Young (Normal) (G1 Evacuation Pause)
[6.355s][info][gc,task      ] GC(96) Using 13 workers of 13 for evacuation
[6.364s][info][gc,phases    ] GC(96)   Pre Evacuate Collection Set: 0.0ms
[6.364s][info][gc,phases    ] GC(96)   Evacuate Collection Set: 8.4ms
[6.364s][info][gc,phases    ] GC(96)   Post Evacuate Collection Set: 0.7ms
[6.364s][info][gc,phases    ] GC(96)   Other: 0.2ms
[6.364s][info][gc,heap      ] GC(96) Eden regions: 2130->0(2121)
[6.364s][info][gc,heap      ] GC(96) Survivor regions: 120->129(282)
[6.364s][info][gc,heap      ] GC(96) Old regions: 64->65
[6.364s][info][gc,heap      ] GC(96) Humongous regions: 36->26
[6.364s][info][gc,metaspace ] GC(96) Metaspace: 8257K(8832K)->8257K(8832K) NonClass: 7528K(7936K)->7528K(7936K) Class: 728K(896K)->728K(896K)
[6.364s][info][gc           ] GC(96) Pause Young (Normal) (G1 Evacuation Pause) 2349M->219M(3751M) 9.467ms
[6.364s][info][gc,cpu       ] GC(96) User=0.00s Sys=0.00s Real=0.01s
[6.438s][info][gc,start     ] GC(97) Pause Young (Normal) (G1 Evacuation Pause)
[6.438s][info][gc,task      ] GC(97) Using 13 workers of 13 for evacuation
[6.448s][info][gc,phases    ] GC(97)   Pre Evacuate Collection Set: 0.1ms
[6.448s][info][gc,phases    ] GC(97)   Evacuate Collection Set: 8.6ms
[6.448s][info][gc,phases    ] GC(97)   Post Evacuate Collection Set: 0.7ms
[6.448s][info][gc,phases    ] GC(97)   Other: 0.2ms
[6.448s][info][gc,heap      ] GC(97) Eden regions: 2121->0(2116)
[6.448s][info][gc,heap      ] GC(97) Survivor regions: 129->134(282)
[6.448s][info][gc,heap      ] GC(97) Old regions: 65->65
[6.448s][info][gc,heap      ] GC(97) Humongous regions: 37->25
[6.448s][info][gc,metaspace ] GC(97) Metaspace: 8257K(8832K)->8257K(8832K) NonClass: 7528K(7936K)->7528K(7936K) Class: 728K(896K)->728K(896K)
[6.448s][info][gc           ] GC(97) Pause Young (Normal) (G1 Evacuation Pause) 2351M->223M(3751M) 9.629ms
[6.448s][info][gc,cpu       ] GC(97) User=0.19s Sys=0.02s Real=0.01s
[6.519s][info][gc,start     ] GC(98) Pause Young (Normal) (G1 Evacuation Pause)
[6.519s][info][gc,task      ] GC(98) Using 13 workers of 13 for evacuation
[6.528s][info][gc,phases    ] GC(98)   Pre Evacuate Collection Set: 0.0ms
[6.528s][info][gc,phases    ] GC(98)   Evacuate Collection Set: 8.3ms
[6.528s][info][gc,phases    ] GC(98)   Post Evacuate Collection Set: 0.8ms
[6.528s][info][gc,phases    ] GC(98)   Other: 0.2ms
[6.528s][info][gc,heap      ] GC(98) Eden regions: 2116->0(2139)
[6.528s][info][gc,heap      ] GC(98) Survivor regions: 134->131(282)
[6.528s][info][gc,heap      ] GC(98) Old regions: 65->65
[6.528s][info][gc,heap      ] GC(98) Humongous regions: 30->19
[6.529s][info][gc,metaspace ] GC(98) Metaspace: 8257K(8832K)->8257K(8832K) NonClass: 7528K(7936K)->7528K(7936K) Class: 728K(896K)->728K(896K)
[6.529s][info][gc           ] GC(98) Pause Young (Normal) (G1 Evacuation Pause) 2344M->214M(3784M) 9.493ms
[6.529s][info][gc,cpu       ] GC(98) User=0.16s Sys=0.00s Real=0.01s
[6.599s][info][gc,start     ] GC(99) Pause Young (Normal) (G1 Evacuation Pause)
[6.599s][info][gc,task      ] GC(99) Using 13 workers of 13 for evacuation
[6.609s][info][gc,phases    ] GC(99)   Pre Evacuate Collection Set: 0.0ms
[6.609s][info][gc,phases    ] GC(99)   Evacuate Collection Set: 8.7ms
[6.609s][info][gc,phases    ] GC(99)   Post Evacuate Collection Set: 0.4ms
[6.609s][info][gc,phases    ] GC(99)   Other: 0.2ms
[6.609s][info][gc,heap      ] GC(99) Eden regions: 2139->0(2133)
[6.609s][info][gc,heap      ] GC(99) Survivor regions: 131->137(284)
[6.609s][info][gc,heap      ] GC(99) Old regions: 65->66
[6.609s][info][gc,heap      ] GC(99) Humongous regions: 22->17
[6.609s][info][gc,metaspace ] GC(99) Metaspace: 8257K(8832K)->8257K(8832K) NonClass: 7528K(7936K)->7528K(7936K) Class: 728K(896K)->728K(896K)
[6.609s][info][gc           ] GC(99) Pause Young (Normal) (G1 Evacuation Pause) 2356M->219M(3784M) 9.480ms
[6.609s][info][gc,cpu       ] GC(99) User=0.14s Sys=0.02s Real=0.01s
[6.679s][info][gc,start     ] GC(100) Pause Young (Normal) (G1 Evacuation Pause)
[6.679s][info][gc,task      ] GC(100) Using 13 workers of 13 for evacuation
[6.689s][info][gc,phases    ] GC(100)   Pre Evacuate Collection Set: 0.0ms
[6.689s][info][gc,phases    ] GC(100)   Evacuate Collection Set: 8.5ms
[6.689s][info][gc,phases    ] GC(100)   Post Evacuate Collection Set: 0.5ms
[6.689s][info][gc,phases    ] GC(100)   Other: 0.2ms
[6.689s][info][gc,heap      ] GC(100) Eden regions: 2133->0(2132)
[6.689s][info][gc,heap      ] GC(100) Survivor regions: 137->138(284)
[6.689s][info][gc,heap      ] GC(100) Old regions: 66->67
[6.689s][info][gc,heap      ] GC(100) Humongous regions: 23->17
[6.689s][info][gc,metaspace ] GC(100) Metaspace: 8257K(8832K)->8257K(8832K) NonClass: 7528K(7936K)->7528K(7936K) Class: 728K(896K)->728K(896K)
[6.689s][info][gc           ] GC(100) Pause Young (Normal) (G1 Evacuation Pause) 2358M->220M(3784M) 9.303ms
[6.689s][info][gc,cpu       ] GC(100) User=0.17s Sys=0.02s Real=0.01s
[6.760s][info][gc,start     ] GC(101) Pause Young (Normal) (G1 Evacuation Pause)
[6.760s][info][gc,task      ] GC(101) Using 13 workers of 13 for evacuation
[6.769s][info][gc,phases    ] GC(101)   Pre Evacuate Collection Set: 0.0ms
[6.769s][info][gc,phases    ] GC(101)   Evacuate Collection Set: 8.8ms
[6.769s][info][gc,phases    ] GC(101)   Post Evacuate Collection Set: 0.5ms
[6.769s][info][gc,phases    ] GC(101)   Other: 0.2ms
[6.769s][info][gc,heap      ] GC(101) Eden regions: 2132->0(2130)
[6.769s][info][gc,heap      ] GC(101) Survivor regions: 138->140(284)
[6.769s][info][gc,heap      ] GC(101) Old regions: 67->67
[6.769s][info][gc,heap      ] GC(101) Humongous regions: 24->18
[6.769s][info][gc,metaspace ] GC(101) Metaspace: 8257K(8832K)->8257K(8832K) NonClass: 7528K(7936K)->7528K(7936K) Class: 728K(896K)->728K(896K)
[6.769s][info][gc           ] GC(101) Pause Young (Normal) (G1 Evacuation Pause) 2359M->223M(3784M) 9.609ms
[6.769s][info][gc,cpu       ] GC(101) User=0.00s Sys=0.02s Real=0.01s
[6.841s][info][gc,start     ] GC(102) Pause Young (Normal) (G1 Evacuation Pause)
[6.841s][info][gc,task      ] GC(102) Using 13 workers of 13 for evacuation
[6.850s][info][gc,phases    ] GC(102)   Pre Evacuate Collection Set: 0.0ms
[6.850s][info][gc,phases    ] GC(102)   Evacuate Collection Set: 8.5ms
[6.850s][info][gc,phases    ] GC(102)   Post Evacuate Collection Set: 0.8ms
[6.850s][info][gc,phases    ] GC(102)   Other: 0.2ms
[6.850s][info][gc,heap      ] GC(102) Eden regions: 2130->0(2153)
[6.850s][info][gc,heap      ] GC(102) Survivor regions: 140->136(284)
[6.850s][info][gc,heap      ] GC(102) Old regions: 67->68
[6.850s][info][gc,heap      ] GC(102) Humongous regions: 27->21
[6.850s][info][gc,metaspace ] GC(102) Metaspace: 8257K(8832K)->8257K(8832K) NonClass: 7528K(7936K)->7528K(7936K) Class: 728K(896K)->728K(896K)
[6.850s][info][gc           ] GC(102) Pause Young (Normal) (G1 Evacuation Pause) 2362M->223M(3816M) 9.578ms
[6.850s][info][gc,cpu       ] GC(102) User=0.00s Sys=0.00s Real=0.01s
[6.922s][info][gc,start     ] GC(103) Pause Young (Normal) (G1 Evacuation Pause)
[6.922s][info][gc,task      ] GC(103) Using 13 workers of 13 for evacuation
[6.932s][info][gc,phases    ] GC(103)   Pre Evacuate Collection Set: 0.0ms
[6.932s][info][gc,phases    ] GC(103)   Evacuate Collection Set: 8.7ms
[6.932s][info][gc,phases    ] GC(103)   Post Evacuate Collection Set: 0.7ms
[6.932s][info][gc,phases    ] GC(103)   Other: 0.2ms
[6.932s][info][gc,heap      ] GC(103) Eden regions: 2153->0(2153)
[6.932s][info][gc,heap      ] GC(103) Survivor regions: 136->136(287)
[6.932s][info][gc,heap      ] GC(103) Old regions: 68->68
[6.932s][info][gc,heap      ] GC(103) Humongous regions: 33->23
[6.932s][info][gc,metaspace ] GC(103) Metaspace: 8257K(8832K)->8257K(8832K) NonClass: 7528K(7936K)->7528K(7936K) Class: 728K(896K)->728K(896K)
[6.932s][info][gc           ] GC(103) Pause Young (Normal) (G1 Evacuation Pause) 2388M->226M(3816M) 9.759ms
[6.932s][info][gc,cpu       ] GC(103) User=0.00s Sys=0.00s Real=0.01s
[7.004s][info][gc,start     ] GC(104) Pause Young (Normal) (G1 Evacuation Pause)
[7.004s][info][gc,task      ] GC(104) Using 13 workers of 13 for evacuation
[7.013s][info][gc,phases    ] GC(104)   Pre Evacuate Collection Set: 0.0ms
[7.013s][info][gc,phases    ] GC(104)   Evacuate Collection Set: 8.7ms
[7.013s][info][gc,phases    ] GC(104)   Post Evacuate Collection Set: 0.5ms
[7.013s][info][gc,phases    ] GC(104)   Other: 0.2ms
[7.013s][info][gc,heap      ] GC(104) Eden regions: 2153->0(2151)
[7.013s][info][gc,heap      ] GC(104) Survivor regions: 136->138(287)
[7.013s][info][gc,heap      ] GC(104) Old regions: 68->68
[7.013s][info][gc,heap      ] GC(104) Humongous regions: 25->23
[7.013s][info][gc,metaspace ] GC(104) Metaspace: 8257K(8832K)->8257K(8832K) NonClass: 7528K(7936K)->7528K(7936K) Class: 728K(896K)->728K(896K)
[7.013s][info][gc           ] GC(104) Pause Young (Normal) (G1 Evacuation Pause) 2381M->228M(3816M) 9.598ms
[7.013s][info][gc,cpu       ] GC(104) User=0.20s Sys=0.00s Real=0.01s
[7.088s][info][gc,start     ] GC(105) Pause Young (Normal) (G1 Evacuation Pause)
[7.088s][info][gc,task      ] GC(105) Using 13 workers of 13 for evacuation
[7.098s][info][gc,phases    ] GC(105)   Pre Evacuate Collection Set: 0.1ms
[7.098s][info][gc,phases    ] GC(105)   Evacuate Collection Set: 9.3ms
[7.098s][info][gc,phases    ] GC(105)   Post Evacuate Collection Set: 0.9ms
[7.099s][info][gc,phases    ] GC(105)   Other: 0.3ms
[7.099s][info][gc,heap      ] GC(105) Eden regions: 2151->0(2149)
[7.099s][info][gc,heap      ] GC(105) Survivor regions: 138->140(287)
[7.099s][info][gc,heap      ] GC(105) Old regions: 68->69
[7.099s][info][gc,heap      ] GC(105) Humongous regions: 28->23
[7.099s][info][gc,metaspace ] GC(105) Metaspace: 8257K(8832K)->8257K(8832K) NonClass: 7528K(7936K)->7528K(7936K) Class: 728K(896K)->728K(896K)
[7.099s][info][gc           ] GC(105) Pause Young (Normal) (G1 Evacuation Pause) 2384M->230M(3816M) 10.750ms
[7.099s][info][gc,cpu       ] GC(105) User=0.00s Sys=0.02s Real=0.01s
[7.172s][info][gc,start     ] GC(106) Pause Young (Normal) (G1 Evacuation Pause)
[7.172s][info][gc,task      ] GC(106) Using 13 workers of 13 for evacuation
[7.183s][info][gc,phases    ] GC(106)   Pre Evacuate Collection Set: 0.0ms
[7.183s][info][gc,phases    ] GC(106)   Evacuate Collection Set: 9.1ms
[7.183s][info][gc,phases    ] GC(106)   Post Evacuate Collection Set: 1.6ms
[7.183s][info][gc,phases    ] GC(106)   Other: 0.3ms
[7.183s][info][gc,heap      ] GC(106) Eden regions: 2149->0(2171)
[7.183s][info][gc,heap      ] GC(106) Survivor regions: 140->137(287)
[7.183s][info][gc,heap      ] GC(106) Old regions: 69->69
[7.183s][info][gc,heap      ] GC(106) Humongous regions: 32->22
[7.183s][info][gc,metaspace ] GC(106) Metaspace: 8257K(8832K)->8257K(8832K) NonClass: 7528K(7936K)->7528K(7936K) Class: 728K(896K)->728K(896K)
[7.183s][info][gc           ] GC(106) Pause Young (Normal) (G1 Evacuation Pause) 2388M->227M(3848M) 11.182ms
[7.183s][info][gc,cpu       ] GC(106) User=0.00s Sys=0.02s Real=0.01s
[7.259s][info][gc,start     ] GC(107) Pause Young (Normal) (G1 Evacuation Pause)
[7.259s][info][gc,task      ] GC(107) Using 13 workers of 13 for evacuation
[7.269s][info][gc,phases    ] GC(107)   Pre Evacuate Collection Set: 0.0ms
[7.269s][info][gc,phases    ] GC(107)   Evacuate Collection Set: 9.1ms
[7.269s][info][gc,phases    ] GC(107)   Post Evacuate Collection Set: 0.6ms
[7.269s][info][gc,phases    ] GC(107)   Other: 0.3ms
[7.269s][info][gc,heap      ] GC(107) Eden regions: 2171->0(2165)
[7.269s][info][gc,heap      ] GC(107) Survivor regions: 137->143(289)
[7.269s][info][gc,heap      ] GC(107) Old regions: 69->70
[7.269s][info][gc,heap      ] GC(107) Humongous regions: 27->22
[7.269s][info][gc,metaspace ] GC(107) Metaspace: 8257K(8832K)->8257K(8832K) NonClass: 7528K(7936K)->7528K(7936K) Class: 728K(896K)->728K(896K)
[7.269s][info][gc           ] GC(107) Pause Young (Normal) (G1 Evacuation Pause) 2403M->234M(3848M) 10.120ms
[7.269s][info][gc,cpu       ] GC(107) User=0.19s Sys=0.00s Real=0.01s
[7.342s][info][gc,start     ] GC(108) Pause Young (Normal) (G1 Evacuation Pause)
[7.342s][info][gc,task      ] GC(108) Using 13 workers of 13 for evacuation
[7.352s][info][gc,phases    ] GC(108)   Pre Evacuate Collection Set: 0.1ms
[7.352s][info][gc,phases    ] GC(108)   Evacuate Collection Set: 8.9ms
[7.352s][info][gc,phases    ] GC(108)   Post Evacuate Collection Set: 0.6ms
[7.352s][info][gc,phases    ] GC(108)   Other: 0.2ms
[7.352s][info][gc,heap      ] GC(108) Eden regions: 2165->0(2165)
[7.352s][info][gc,heap      ] GC(108) Survivor regions: 143->143(289)
[7.352s][info][gc,heap      ] GC(108) Old regions: 70->70
[7.352s][info][gc,heap      ] GC(108) Humongous regions: 39->24
[7.352s][info][gc,metaspace ] GC(108) Metaspace: 8257K(8832K)->8257K(8832K) NonClass: 7529K(7936K)->7529K(7936K) Class: 728K(896K)->728K(896K)
[7.352s][info][gc           ] GC(108) Pause Young (Normal) (G1 Evacuation Pause) 2416M->235M(3848M) 9.907ms
[7.352s][info][gc,cpu       ] GC(108) User=0.00s Sys=0.00s Real=0.01s
[7.425s][info][gc,start     ] GC(109) Pause Young (Normal) (G1 Evacuation Pause)
[7.425s][info][gc,task      ] GC(109) Using 13 workers of 13 for evacuation
[7.434s][info][gc,phases    ] GC(109)   Pre Evacuate Collection Set: 0.0ms
[7.434s][info][gc,phases    ] GC(109)   Evacuate Collection Set: 8.7ms
[7.434s][info][gc,phases    ] GC(109)   Post Evacuate Collection Set: 0.6ms
[7.434s][info][gc,phases    ] GC(109)   Other: 0.2ms
[7.434s][info][gc,heap      ] GC(109) Eden regions: 2165->0(2165)
[7.434s][info][gc,heap      ] GC(109) Survivor regions: 143->143(289)
[7.434s][info][gc,heap      ] GC(109) Old regions: 70->71
[7.434s][info][gc,heap      ] GC(109) Humongous regions: 33->26
[7.434s][info][gc,metaspace ] GC(109) Metaspace: 8257K(8832K)->8257K(8832K) NonClass: 7529K(7936K)->7529K(7936K) Class: 728K(896K)->728K(896K)
[7.434s][info][gc           ] GC(109) Pause Young (Normal) (G1 Evacuation Pause) 2409M->238M(3848M) 9.607ms
[7.435s][info][gc,cpu       ] GC(109) User=0.12s Sys=0.00s Real=0.01s
[7.507s][info][gc,start     ] GC(110) Pause Young (Normal) (G1 Evacuation Pause)
[7.507s][info][gc,task      ] GC(110) Using 13 workers of 13 for evacuation
[7.517s][info][gc,phases    ] GC(110)   Pre Evacuate Collection Set: 0.0ms
[7.517s][info][gc,phases    ] GC(110)   Evacuate Collection Set: 8.7ms
[7.517s][info][gc,phases    ] GC(110)   Post Evacuate Collection Set: 0.9ms
[7.517s][info][gc,phases    ] GC(110)   Other: 0.2ms
[7.517s][info][gc,heap      ] GC(110) Eden regions: 2165->0(2188)
[7.517s][info][gc,heap      ] GC(110) Survivor regions: 143->138(289)
[7.517s][info][gc,heap      ] GC(110) Old regions: 71->71
[7.517s][info][gc,heap      ] GC(110) Humongous regions: 31->26
[7.517s][info][gc,metaspace ] GC(110) Metaspace: 8263K(8832K)->8263K(8832K) NonClass: 7533K(7936K)->7533K(7936K) Class: 729K(896K)->729K(896K)
[7.517s][info][gc           ] GC(110) Pause Young (Normal) (G1 Evacuation Pause) 2408M->234M(3877M) 9.950ms
[7.517s][info][gc,cpu       ] GC(110) User=0.20s Sys=0.00s Real=0.01s
[7.589s][info][gc,start     ] GC(111) Pause Young (Normal) (G1 Evacuation Pause)
[7.589s][info][gc,task      ] GC(111) Using 13 workers of 13 for evacuation
[7.599s][info][gc,phases    ] GC(111)   Pre Evacuate Collection Set: 0.0ms
[7.599s][info][gc,phases    ] GC(111)   Evacuate Collection Set: 8.5ms
[7.599s][info][gc,phases    ] GC(111)   Post Evacuate Collection Set: 0.5ms
[7.599s][info][gc,phases    ] GC(111)   Other: 0.2ms
[7.599s][info][gc,heap      ] GC(111) Eden regions: 2188->0(2188)
[7.599s][info][gc,heap      ] GC(111) Survivor regions: 138->138(291)
[7.599s][info][gc,heap      ] GC(111) Old regions: 71->72
[7.599s][info][gc,heap      ] GC(111) Humongous regions: 28->26
[7.599s][info][gc,metaspace ] GC(111) Metaspace: 8263K(8832K)->8263K(8832K) NonClass: 7533K(7936K)->7533K(7936K) Class: 729K(896K)->729K(896K)
[7.599s][info][gc           ] GC(111) Pause Young (Normal) (G1 Evacuation Pause) 2424M->235M(3877M) 9.272ms
[7.599s][info][gc,cpu       ] GC(111) User=0.00s Sys=0.00s Real=0.01s
[7.671s][info][gc,start     ] GC(112) Pause Young (Normal) (G1 Evacuation Pause)
[7.671s][info][gc,task      ] GC(112) Using 13 workers of 13 for evacuation
[7.680s][info][gc,phases    ] GC(112)   Pre Evacuate Collection Set: 0.0ms
[7.680s][info][gc,phases    ] GC(112)   Evacuate Collection Set: 8.4ms
[7.680s][info][gc,phases    ] GC(112)   Post Evacuate Collection Set: 0.5ms
[7.680s][info][gc,phases    ] GC(112)   Other: 0.2ms
[7.680s][info][gc,heap      ] GC(112) Eden regions: 2188->0(2185)
[7.680s][info][gc,heap      ] GC(112) Survivor regions: 138->141(291)
[7.680s][info][gc,heap      ] GC(112) Old regions: 72->72
[7.680s][info][gc,heap      ] GC(112) Humongous regions: 35->27
[7.680s][info][gc,metaspace ] GC(112) Metaspace: 8263K(8832K)->8263K(8832K) NonClass: 7533K(7936K)->7533K(7936K) Class: 729K(896K)->729K(896K)
[7.680s][info][gc           ] GC(112) Pause Young (Normal) (G1 Evacuation Pause) 2432M->239M(3877M) 9.255ms
[7.680s][info][gc,cpu       ] GC(112) User=0.00s Sys=0.00s Real=0.01s
[7.753s][info][gc,start     ] GC(113) Pause Young (Normal) (G1 Evacuation Pause)
[7.753s][info][gc,task      ] GC(113) Using 13 workers of 13 for evacuation
[7.762s][info][gc,phases    ] GC(113)   Pre Evacuate Collection Set: 0.0ms
[7.762s][info][gc,phases    ] GC(113)   Evacuate Collection Set: 8.6ms
[7.762s][info][gc,phases    ] GC(113)   Post Evacuate Collection Set: 0.5ms
[7.762s][info][gc,phases    ] GC(113)   Other: 0.2ms
[7.762s][info][gc,heap      ] GC(113) Eden regions: 2185->0(2183)
[7.762s][info][gc,heap      ] GC(113) Survivor regions: 141->143(291)
[7.762s][info][gc,heap      ] GC(113) Old regions: 72->73
[7.762s][info][gc,heap      ] GC(113) Humongous regions: 32->28
[7.762s][info][gc,metaspace ] GC(113) Metaspace: 8263K(8832K)->8263K(8832K) NonClass: 7533K(7936K)->7533K(7936K) Class: 729K(896K)->729K(896K)
[7.762s][info][gc           ] GC(113) Pause Young (Normal) (G1 Evacuation Pause) 2429M->242M(3877M) 9.416ms
[7.762s][info][gc,cpu       ] GC(113) User=0.20s Sys=0.00s Real=0.01s
[7.835s][info][gc,start     ] GC(114) Pause Young (Normal) (G1 Evacuation Pause)
[7.835s][info][gc,task      ] GC(114) Using 13 workers of 13 for evacuation
[7.845s][info][gc,phases    ] GC(114)   Pre Evacuate Collection Set: 0.0ms
[7.845s][info][gc,phases    ] GC(114)   Evacuate Collection Set: 9.0ms
[7.845s][info][gc,phases    ] GC(114)   Post Evacuate Collection Set: 0.7ms
[7.845s][info][gc,phases    ] GC(114)   Other: 0.2ms
[7.845s][info][gc,heap      ] GC(114) Eden regions: 2183->0(2196)
[7.845s][info][gc,heap      ] GC(114) Survivor regions: 143->142(291)
[7.845s][info][gc,heap      ] GC(114) Old regions: 73->73
[7.845s][info][gc,heap      ] GC(114) Humongous regions: 35->27
[7.845s][info][gc,metaspace ] GC(114) Metaspace: 8263K(8832K)->8263K(8832K) NonClass: 7533K(7936K)->7533K(7936K) Class: 729K(896K)->729K(896K)
[7.845s][info][gc           ] GC(114) Pause Young (Normal) (G1 Evacuation Pause) 2432M->240M(3897M) 10.007ms
[7.845s][info][gc,cpu       ] GC(114) User=0.20s Sys=0.00s Real=0.01s
[7.918s][info][gc,start     ] GC(115) Pause Young (Normal) (G1 Evacuation Pause)
[7.918s][info][gc,task      ] GC(115) Using 13 workers of 13 for evacuation
[7.928s][info][gc,phases    ] GC(115)   Pre Evacuate Collection Set: 0.0ms
[7.928s][info][gc,phases    ] GC(115)   Evacuate Collection Set: 8.9ms
[7.928s][info][gc,phases    ] GC(115)   Post Evacuate Collection Set: 0.5ms
[7.928s][info][gc,phases    ] GC(115)   Other: 0.2ms
[7.928s][info][gc,heap      ] GC(115) Eden regions: 2196->0(2190)
[7.928s][info][gc,heap      ] GC(115) Survivor regions: 142->148(293)
[7.928s][info][gc,heap      ] GC(115) Old regions: 73->74
[7.928s][info][gc,heap      ] GC(115) Humongous regions: 32->27
[7.928s][info][gc,metaspace ] GC(115) Metaspace: 8263K(8832K)->8263K(8832K) NonClass: 7533K(7936K)->7533K(7936K) Class: 729K(896K)->729K(896K)
[7.928s][info][gc           ] GC(115) Pause Young (Normal) (G1 Evacuation Pause) 2441M->247M(3897M) 9.742ms
[7.928s][info][gc,cpu       ] GC(115) User=0.00s Sys=0.00s Real=0.01s
[8.001s][info][gc,start     ] GC(116) Pause Young (Normal) (G1 Evacuation Pause)
[8.001s][info][gc,task      ] GC(116) Using 13 workers of 13 for evacuation
[8.011s][info][gc,phases    ] GC(116)   Pre Evacuate Collection Set: 0.0ms
[8.011s][info][gc,phases    ] GC(116)   Evacuate Collection Set: 9.5ms
[8.011s][info][gc,phases    ] GC(116)   Post Evacuate Collection Set: 0.6ms
[8.011s][info][gc,phases    ] GC(116)   Other: 0.2ms
[8.011s][info][gc,heap      ] GC(116) Eden regions: 2190->0(2193)
[8.011s][info][gc,heap      ] GC(116) Survivor regions: 148->145(293)
[8.011s][info][gc,heap      ] GC(116) Old regions: 74->74
[8.011s][info][gc,heap      ] GC(116) Humongous regions: 31->26
[8.011s][info][gc,metaspace ] GC(116) Metaspace: 8263K(8832K)->8263K(8832K) NonClass: 7533K(7936K)->7533K(7936K) Class: 729K(896K)->729K(896K)
[8.011s][info][gc           ] GC(116) Pause Young (Normal) (G1 Evacuation Pause) 2441M->244M(3897M) 10.445ms
[8.011s][info][gc,cpu       ] GC(116) User=0.17s Sys=0.00s Real=0.01s
[8.086s][info][gc,start     ] GC(117) Pause Young (Normal) (G1 Evacuation Pause)
[8.086s][info][gc,task      ] GC(117) Using 13 workers of 13 for evacuation
[8.096s][info][gc,phases    ] GC(117)   Pre Evacuate Collection Set: 0.0ms
[8.096s][info][gc,phases    ] GC(117)   Evacuate Collection Set: 9.4ms
[8.096s][info][gc,phases    ] GC(117)   Post Evacuate Collection Set: 0.6ms
[8.096s][info][gc,phases    ] GC(117)   Other: 0.2ms
[8.096s][info][gc,heap      ] GC(117) Eden regions: 2193->0(2192)
[8.096s][info][gc,heap      ] GC(117) Survivor regions: 145->146(293)
[8.096s][info][gc,heap      ] GC(117) Old regions: 74->74
[8.096s][info][gc,heap      ] GC(117) Humongous regions: 34->27
[8.096s][info][gc,metaspace ] GC(117) Metaspace: 8263K(8832K)->8263K(8832K) NonClass: 7533K(7936K)->7533K(7936K) Class: 729K(896K)->729K(896K)
[8.096s][info][gc           ] GC(117) Pause Young (Normal) (G1 Evacuation Pause) 2445M->246M(3897M) 10.377ms
[8.096s][info][gc,cpu       ] GC(117) User=0.20s Sys=0.00s Real=0.01s
[8.171s][info][gc,start     ] GC(118) Pause Young (Normal) (G1 Evacuation Pause)
[8.171s][info][gc,task      ] GC(118) Using 13 workers of 13 for evacuation
[8.182s][info][gc,phases    ] GC(118)   Pre Evacuate Collection Set: 0.0ms
[8.182s][info][gc,phases    ] GC(118)   Evacuate Collection Set: 9.6ms
[8.182s][info][gc,phases    ] GC(118)   Post Evacuate Collection Set: 0.9ms
[8.182s][info][gc,phases    ] GC(118)   Other: 0.2ms
[8.182s][info][gc,heap      ] GC(118) Eden regions: 2192->0(2202)
[8.182s][info][gc,heap      ] GC(118) Survivor regions: 146->150(293)
[8.182s][info][gc,heap      ] GC(118) Old regions: 74->75
[8.182s][info][gc,heap      ] GC(118) Humongous regions: 40->31
[8.182s][info][gc,metaspace ] GC(118) Metaspace: 8263K(8832K)->8263K(8832K) NonClass: 7533K(7936K)->7533K(7936K) Class: 729K(896K)->729K(896K)
[8.182s][info][gc           ] GC(118) Pause Young (Normal) (G1 Evacuation Pause) 2451M->254M(3920M) 10.818ms
[8.182s][info][gc,cpu       ] GC(118) User=0.00s Sys=0.00s Real=0.01s
[8.257s][info][gc,start     ] GC(119) Pause Young (Normal) (G1 Evacuation Pause)
[8.257s][info][gc,task      ] GC(119) Using 13 workers of 13 for evacuation
[8.268s][info][gc,phases    ] GC(119)   Pre Evacuate Collection Set: 0.1ms
[8.268s][info][gc,phases    ] GC(119)   Evacuate Collection Set: 9.3ms
[8.268s][info][gc,phases    ] GC(119)   Post Evacuate Collection Set: 1.0ms
[8.268s][info][gc,phases    ] GC(119)   Other: 0.4ms
[8.268s][info][gc,heap      ] GC(119) Eden regions: 2202->0(2204)
[8.268s][info][gc,heap      ] GC(119) Survivor regions: 150->148(294)
[8.268s][info][gc,heap      ] GC(119) Old regions: 75->75
[8.268s][info][gc,heap      ] GC(119) Humongous regions: 35->31
[8.268s][info][gc,metaspace ] GC(119) Metaspace: 8263K(8832K)->8263K(8832K) NonClass: 7533K(7936K)->7533K(7936K) Class: 729K(896K)->729K(896K)
[8.268s][info][gc           ] GC(119) Pause Young (Normal) (G1 Evacuation Pause) 2460M->253M(3920M) 10.897ms
[8.268s][info][gc,cpu       ] GC(119) User=0.19s Sys=0.02s Real=0.01s
[8.343s][info][gc,start     ] GC(120) Pause Young (Normal) (G1 Evacuation Pause)
[8.343s][info][gc,task      ] GC(120) Using 13 workers of 13 for evacuation
[8.354s][info][gc,phases    ] GC(120)   Pre Evacuate Collection Set: 0.1ms
[8.355s][info][gc,phases    ] GC(120)   Evacuate Collection Set: 10.2ms
[8.355s][info][gc,phases    ] GC(120)   Post Evacuate Collection Set: 0.6ms
[8.355s][info][gc,phases    ] GC(120)   Other: 0.4ms
[8.355s][info][gc,heap      ] GC(120) Eden regions: 2204->0(2204)
[8.355s][info][gc,heap      ] GC(120) Survivor regions: 148->148(294)
[8.355s][info][gc,heap      ] GC(120) Old regions: 75->76
[8.355s][info][gc,heap      ] GC(120) Humongous regions: 35->32
[8.355s][info][gc,metaspace ] GC(120) Metaspace: 8263K(8832K)->8263K(8832K) NonClass: 7533K(7936K)->7533K(7936K) Class: 729K(896K)->729K(896K)
[8.355s][info][gc           ] GC(120) Pause Young (Normal) (G1 Evacuation Pause) 2461M->254M(3920M) 11.410ms
[8.355s][info][gc,cpu       ] GC(120) User=0.20s Sys=0.00s Real=0.01s
[8.429s][info][gc,start     ] GC(121) Pause Young (Normal) (G1 Evacuation Pause)
[8.429s][info][gc,task      ] GC(121) Using 13 workers of 13 for evacuation
[8.439s][info][gc,phases    ] GC(121)   Pre Evacuate Collection Set: 0.0ms
[8.440s][info][gc,phases    ] GC(121)   Evacuate Collection Set: 9.6ms
[8.440s][info][gc,phases    ] GC(121)   Post Evacuate Collection Set: 0.6ms
[8.440s][info][gc,phases    ] GC(121)   Other: 0.2ms
[8.440s][info][gc,heap      ] GC(121) Eden regions: 2204->0(2202)
[8.440s][info][gc,heap      ] GC(121) Survivor regions: 148->150(294)
[8.440s][info][gc,heap      ] GC(121) Old regions: 76->76
[8.440s][info][gc,heap      ] GC(121) Humongous regions: 39->33
[8.440s][info][gc,metaspace ] GC(121) Metaspace: 8263K(8832K)->8263K(8832K) NonClass: 7533K(7936K)->7533K(7936K) Class: 729K(896K)->729K(896K)
[8.440s][info][gc           ] GC(121) Pause Young (Normal) (G1 Evacuation Pause) 2465M->258M(3920M) 10.524ms
[8.440s][info][gc,cpu       ] GC(121) User=0.20s Sys=0.00s Real=0.01s
[8.513s][info][gc,start     ] GC(122) Pause Young (Normal) (G1 Evacuation Pause)
[8.513s][info][gc,task      ] GC(122) Using 13 workers of 13 for evacuation
[8.525s][info][gc,phases    ] GC(122)   Pre Evacuate Collection Set: 0.0ms
[8.525s][info][gc,phases    ] GC(122)   Evacuate Collection Set: 9.8ms
[8.525s][info][gc,phases    ] GC(122)   Post Evacuate Collection Set: 1.2ms
[8.525s][info][gc,phases    ] GC(122)   Other: 0.2ms
[8.525s][info][gc,heap      ] GC(122) Eden regions: 2202->0(2215)
[8.525s][info][gc,heap      ] GC(122) Survivor regions: 150->151(294)
[8.525s][info][gc,heap      ] GC(122) Old regions: 76->76
[8.525s][info][gc,heap      ] GC(122) Humongous regions: 36->32
[8.525s][info][gc,metaspace ] GC(122) Metaspace: 8263K(8832K)->8263K(8832K) NonClass: 7533K(7936K)->7533K(7936K) Class: 729K(896K)->729K(896K)
[8.525s][info][gc           ] GC(122) Pause Young (Normal) (G1 Evacuation Pause) 2463M->258M(3944M) 11.384ms
[8.525s][info][gc,cpu       ] GC(122) User=0.00s Sys=0.00s Real=0.01s
[8.601s][info][gc,start     ] GC(123) Pause Young (Normal) (G1 Evacuation Pause)
[8.601s][info][gc,task      ] GC(123) Using 13 workers of 13 for evacuation
[8.612s][info][gc,phases    ] GC(123)   Pre Evacuate Collection Set: 0.0ms
[8.612s][info][gc,phases    ] GC(123)   Evacuate Collection Set: 10.0ms
[8.612s][info][gc,phases    ] GC(123)   Post Evacuate Collection Set: 0.6ms
[8.612s][info][gc,phases    ] GC(123)   Other: 0.3ms
[8.612s][info][gc,heap      ] GC(123) Eden regions: 2215->0(2212)
[8.612s][info][gc,heap      ] GC(123) Survivor regions: 151->154(296)
[8.612s][info][gc,heap      ] GC(123) Old regions: 76->77
[8.612s][info][gc,heap      ] GC(123) Humongous regions: 42->32
[8.612s][info][gc,metaspace ] GC(123) Metaspace: 8263K(8832K)->8263K(8832K) NonClass: 7533K(7936K)->7533K(7936K) Class: 729K(896K)->729K(896K)
[8.612s][info][gc           ] GC(123) Pause Young (Normal) (G1 Evacuation Pause) 2483M->261M(3944M) 11.032ms
[8.612s][info][gc,cpu       ] GC(123) User=0.19s Sys=0.02s Real=0.01s
[8.687s][info][gc,start     ] GC(124) Pause Young (Normal) (G1 Evacuation Pause)
[8.687s][info][gc,task      ] GC(124) Using 13 workers of 13 for evacuation
[8.697s][info][gc,phases    ] GC(124)   Pre Evacuate Collection Set: 0.0ms
[8.697s][info][gc,phases    ] GC(124)   Evacuate Collection Set: 9.9ms
[8.697s][info][gc,phases    ] GC(124)   Post Evacuate Collection Set: 0.7ms
[8.697s][info][gc,phases    ] GC(124)   Other: 0.2ms
[8.697s][info][gc,heap      ] GC(124) Eden regions: 2212->0(2215)
[8.697s][info][gc,heap      ] GC(124) Survivor regions: 154->151(296)
[8.697s][info][gc,heap      ] GC(124) Old regions: 77->77
[8.697s][info][gc,heap      ] GC(124) Humongous regions: 36->31
[8.697s][info][gc,metaspace ] GC(124) Metaspace: 8263K(8832K)->8263K(8832K) NonClass: 7533K(7936K)->7533K(7936K) Class: 729K(896K)->729K(896K)
[8.697s][info][gc           ] GC(124) Pause Young (Normal) (G1 Evacuation Pause) 2477M->258M(3944M) 10.912ms
[8.697s][info][gc,cpu       ] GC(124) User=0.00s Sys=0.00s Real=0.01s
[8.771s][info][gc,start     ] GC(125) Pause Young (Normal) (G1 Evacuation Pause)
[8.771s][info][gc,task      ] GC(125) Using 13 workers of 13 for evacuation
[8.782s][info][gc,phases    ] GC(125)   Pre Evacuate Collection Set: 0.0ms
[8.782s][info][gc,phases    ] GC(125)   Evacuate Collection Set: 9.6ms
[8.782s][info][gc,phases    ] GC(125)   Post Evacuate Collection Set: 0.5ms
[8.782s][info][gc,phases    ] GC(125)   Other: 0.2ms
[8.782s][info][gc,heap      ] GC(125) Eden regions: 2215->0(2212)
[8.782s][info][gc,heap      ] GC(125) Survivor regions: 151->154(296)
[8.782s][info][gc,heap      ] GC(125) Old regions: 77->78
[8.782s][info][gc,heap      ] GC(125) Humongous regions: 35->31
[8.782s][info][gc,metaspace ] GC(125) Metaspace: 8263K(8832K)->8263K(8832K) NonClass: 7534K(7936K)->7534K(7936K) Class: 729K(896K)->729K(896K)
[8.782s][info][gc           ] GC(125) Pause Young (Normal) (G1 Evacuation Pause) 2477M->261M(3944M) 10.528ms
[8.782s][info][gc,cpu       ] GC(125) User=0.19s Sys=0.00s Real=0.01s
[8.855s][info][gc,start     ] GC(126) Pause Young (Normal) (G1 Evacuation Pause)
[8.855s][info][gc,task      ] GC(126) Using 13 workers of 13 for evacuation
[8.866s][info][gc,phases    ] GC(126)   Pre Evacuate Collection Set: 0.0ms
[8.866s][info][gc,phases    ] GC(126)   Evacuate Collection Set: 9.5ms
[8.866s][info][gc,phases    ] GC(126)   Post Evacuate Collection Set: 0.8ms
[8.866s][info][gc,phases    ] GC(126)   Other: 0.2ms
[8.866s][info][gc,heap      ] GC(126) Eden regions: 2212->0(2225)
[8.866s][info][gc,heap      ] GC(126) Survivor regions: 154->153(296)
[8.866s][info][gc,heap      ] GC(126) Old regions: 78->78
[8.866s][info][gc,heap      ] GC(126) Humongous regions: 38->31
[8.866s][info][gc,metaspace ] GC(126) Metaspace: 8263K(8832K)->8263K(8832K) NonClass: 7534K(7936K)->7534K(7936K) Class: 729K(896K)->729K(896K)
[8.866s][info][gc           ] GC(126) Pause Young (Normal) (G1 Evacuation Pause) 2480M->261M(3964M) 10.580ms
[8.866s][info][gc,cpu       ] GC(126) User=0.00s Sys=0.00s Real=0.01s
[8.942s][info][gc,start     ] GC(127) Pause Young (Normal) (G1 Evacuation Pause)
[8.942s][info][gc,task      ] GC(127) Using 13 workers of 13 for evacuation
[8.953s][info][gc,phases    ] GC(127)   Pre Evacuate Collection Set: 0.0ms
[8.953s][info][gc,phases    ] GC(127)   Evacuate Collection Set: 10.0ms
[8.953s][info][gc,phases    ] GC(127)   Post Evacuate Collection Set: 0.6ms
[8.953s][info][gc,phases    ] GC(127)   Other: 0.3ms
[8.953s][info][gc,heap      ] GC(127) Eden regions: 2225->0(2227)
[8.953s][info][gc,heap      ] GC(127) Survivor regions: 153->151(298)
[8.953s][info][gc,heap      ] GC(127) Old regions: 78->79
[8.953s][info][gc,heap      ] GC(127) Humongous regions: 42->34
[8.953s][info][gc,metaspace ] GC(127) Metaspace: 8263K(8832K)->8263K(8832K) NonClass: 7534K(7936K)->7534K(7936K) Class: 729K(896K)->729K(896K)
[8.953s][info][gc           ] GC(127) Pause Young (Normal) (G1 Evacuation Pause) 2497M->262M(3964M) 11.018ms
[8.953s][info][gc,cpu       ] GC(127) User=0.20s Sys=0.00s Real=0.01s
[9.029s][info][gc,start     ] GC(128) Pause Young (Normal) (G1 Evacuation Pause)
[9.030s][info][gc,task      ] GC(128) Using 13 workers of 13 for evacuation
[9.040s][info][gc,phases    ] GC(128)   Pre Evacuate Collection Set: 0.0ms
[9.040s][info][gc,phases    ] GC(128)   Evacuate Collection Set: 9.8ms
[9.040s][info][gc,phases    ] GC(128)   Post Evacuate Collection Set: 0.5ms
[9.040s][info][gc,phases    ] GC(128)   Other: 0.2ms
[9.040s][info][gc,heap      ] GC(128) Eden regions: 2227->0(2222)
[9.040s][info][gc,heap      ] GC(128) Survivor regions: 151->156(298)
[9.040s][info][gc,heap      ] GC(128) Old regions: 79->79
[9.040s][info][gc,heap      ] GC(128) Humongous regions: 42->32
[9.040s][info][gc,metaspace ] GC(128) Metaspace: 8263K(8832K)->8263K(8832K) NonClass: 7534K(7936K)->7534K(7936K) Class: 729K(896K)->729K(896K)
[9.040s][info][gc           ] GC(128) Pause Young (Normal) (G1 Evacuation Pause) 2497M->266M(3964M) 10.727ms
[9.040s][info][gc,cpu       ] GC(128) User=0.00s Sys=0.00s Real=0.01s
[9.116s][info][gc,start     ] GC(129) Pause Young (Normal) (G1 Evacuation Pause)
[9.116s][info][gc,task      ] GC(129) Using 13 workers of 13 for evacuation
[9.127s][info][gc,phases    ] GC(129)   Pre Evacuate Collection Set: 0.1ms
[9.127s][info][gc,phases    ] GC(129)   Evacuate Collection Set: 9.5ms
[9.127s][info][gc,phases    ] GC(129)   Post Evacuate Collection Set: 0.9ms
[9.127s][info][gc,phases    ] GC(129)   Other: 0.3ms
[9.127s][info][gc,heap      ] GC(129) Eden regions: 2222->0(2225)
[9.127s][info][gc,heap      ] GC(129) Survivor regions: 156->153(298)
[9.127s][info][gc,heap      ] GC(129) Old regions: 79->80
[9.127s][info][gc,heap      ] GC(129) Humongous regions: 42->33
[9.127s][info][gc,metaspace ] GC(129) Metaspace: 8263K(8832K)->8263K(8832K) NonClass: 7534K(7936K)->7534K(7936K) Class: 729K(896K)->729K(896K)
[9.127s][info][gc           ] GC(129) Pause Young (Normal) (G1 Evacuation Pause) 2498M->265M(3964M) 10.998ms
[9.127s][info][gc,cpu       ] GC(129) User=0.20s Sys=0.00s Real=0.01s
[9.202s][info][gc,start     ] GC(130) Pause Young (Normal) (G1 Evacuation Pause)
[9.202s][info][gc,task      ] GC(130) Using 13 workers of 13 for evacuation
[9.213s][info][gc,phases    ] GC(130)   Pre Evacuate Collection Set: 0.1ms
[9.213s][info][gc,phases    ] GC(130)   Evacuate Collection Set: 9.9ms
[9.213s][info][gc,phases    ] GC(130)   Post Evacuate Collection Set: 0.9ms
[9.213s][info][gc,phases    ] GC(130)   Other: 0.3ms
[9.213s][info][gc,heap      ] GC(130) Eden regions: 2225->0(2227)
[9.213s][info][gc,heap      ] GC(130) Survivor regions: 153->161(298)
[9.213s][info][gc,heap      ] GC(130) Old regions: 80->80
[9.213s][info][gc,heap      ] GC(130) Humongous regions: 40->34
[9.213s][info][gc,metaspace ] GC(130) Metaspace: 8263K(8832K)->8263K(8832K) NonClass: 7534K(7936K)->7534K(7936K) Class: 729K(896K)->729K(896K)
[9.213s][info][gc           ] GC(130) Pause Young (Normal) (G1 Evacuation Pause) 2497M->274M(3981M) 11.324ms
[9.213s][info][gc,cpu       ] GC(130) User=0.00s Sys=0.00s Real=0.01s
[9.289s][info][gc,start     ] GC(131) Pause Young (Normal) (G1 Evacuation Pause)
[9.289s][info][gc,task      ] GC(131) Using 13 workers of 13 for evacuation
[9.300s][info][gc,phases    ] GC(131)   Pre Evacuate Collection Set: 0.0ms
[9.300s][info][gc,phases    ] GC(131)   Evacuate Collection Set: 10.1ms
[9.300s][info][gc,phases    ] GC(131)   Post Evacuate Collection Set: 0.6ms
[9.300s][info][gc,phases    ] GC(131)   Other: 0.3ms
[9.300s][info][gc,heap      ] GC(131) Eden regions: 2227->0(2229)
[9.300s][info][gc,heap      ] GC(131) Survivor regions: 161->159(299)
[9.300s][info][gc,heap      ] GC(131) Old regions: 80->81
[9.301s][info][gc,heap      ] GC(131) Humongous regions: 39->34
[9.301s][info][gc,metaspace ] GC(131) Metaspace: 8263K(8832K)->8263K(8832K) NonClass: 7534K(7936K)->7534K(7936K) Class: 729K(896K)->729K(896K)
[9.301s][info][gc           ] GC(131) Pause Young (Normal) (G1 Evacuation Pause) 2506M->272M(3981M) 11.105ms
[9.301s][info][gc,cpu       ] GC(131) User=0.20s Sys=0.00s Real=0.01s
[9.375s][info][gc,start     ] GC(132) Pause Young (Normal) (G1 Evacuation Pause)
[9.375s][info][gc,task      ] GC(132) Using 13 workers of 13 for evacuation
[9.386s][info][gc,phases    ] GC(132)   Pre Evacuate Collection Set: 0.0ms
[9.386s][info][gc,phases    ] GC(132)   Evacuate Collection Set: 10.1ms
[9.386s][info][gc,phases    ] GC(132)   Post Evacuate Collection Set: 0.8ms
[9.386s][info][gc,phases    ] GC(132)   Other: 0.2ms
[9.386s][info][gc,heap      ] GC(132) Eden regions: 2229->0(2228)
[9.386s][info][gc,heap      ] GC(132) Survivor regions: 159->160(299)
[9.386s][info][gc,heap      ] GC(132) Old regions: 81->81
[9.386s][info][gc,heap      ] GC(132) Humongous regions: 38->32
[9.386s][info][gc,metaspace ] GC(132) Metaspace: 8263K(8832K)->8263K(8832K) NonClass: 7534K(7936K)->7534K(7936K) Class: 729K(896K)->729K(896K)
[9.386s][info][gc           ] GC(132) Pause Young (Normal) (G1 Evacuation Pause) 2505M->272M(3981M) 11.299ms
[9.386s][info][gc,cpu       ] GC(132) User=0.20s Sys=0.00s Real=0.01s
[9.463s][info][gc,start     ] GC(133) Pause Young (Normal) (G1 Evacuation Pause)
[9.463s][info][gc,task      ] GC(133) Using 13 workers of 13 for evacuation
[9.474s][info][gc,phases    ] GC(133)   Pre Evacuate Collection Set: 0.0ms
[9.474s][info][gc,phases    ] GC(133)   Evacuate Collection Set: 10.1ms
[9.474s][info][gc,phases    ] GC(133)   Post Evacuate Collection Set: 0.6ms
[9.474s][info][gc,phases    ] GC(133)   Other: 0.2ms
[9.474s][info][gc,heap      ] GC(133) Eden regions: 2228->0(2226)
[9.474s][info][gc,heap      ] GC(133) Survivor regions: 160->162(299)
[9.474s][info][gc,heap      ] GC(133) Old regions: 81->82
[9.474s][info][gc,heap      ] GC(133) Humongous regions: 33->31
[9.474s][info][gc,metaspace ] GC(133) Metaspace: 8263K(8832K)->8263K(8832K) NonClass: 7534K(7936K)->7534K(7936K) Class: 729K(896K)->729K(896K)
[9.474s][info][gc           ] GC(133) Pause Young (Normal) (G1 Evacuation Pause) 2501M->273M(3981M) 10.973ms
[9.474s][info][gc,cpu       ] GC(133) User=0.00s Sys=0.00s Real=0.01s
[9.549s][info][gc,start     ] GC(134) Pause Young (Normal) (G1 Evacuation Pause)
[9.549s][info][gc,task      ] GC(134) Using 13 workers of 13 for evacuation
[9.560s][info][gc,phases    ] GC(134)   Pre Evacuate Collection Set: 0.0ms
[9.560s][info][gc,phases    ] GC(134)   Evacuate Collection Set: 9.8ms
[9.560s][info][gc,phases    ] GC(134)   Post Evacuate Collection Set: 0.8ms
[9.560s][info][gc,phases    ] GC(134)   Other: 0.2ms
[9.560s][info][gc,heap      ] GC(134) Eden regions: 2226->0(2233)
[9.560s][info][gc,heap      ] GC(134) Survivor regions: 162->165(299)
[9.560s][info][gc,heap      ] GC(134) Old regions: 82->82
[9.560s][info][gc,heap      ] GC(134) Humongous regions: 37->32
[9.560s][info][gc,metaspace ] GC(134) Metaspace: 8263K(8832K)->8263K(8832K) NonClass: 7534K(7936K)->7534K(7936K) Class: 729K(896K)->729K(896K)
[9.560s][info][gc           ] GC(134) Pause Young (Normal) (G1 Evacuation Pause) 2505M->277M(3997M) 10.899ms
[9.560s][info][gc,cpu       ] GC(134) User=0.16s Sys=0.00s Real=0.01s
[9.636s][info][gc,start     ] GC(135) Pause Young (Normal) (G1 Evacuation Pause)
[9.636s][info][gc,task      ] GC(135) Using 13 workers of 13 for evacuation
[9.647s][info][gc,phases    ] GC(135)   Pre Evacuate Collection Set: 0.0ms
[9.647s][info][gc,phases    ] GC(135)   Evacuate Collection Set: 9.7ms
[9.647s][info][gc,phases    ] GC(135)   Post Evacuate Collection Set: 0.5ms
[9.647s][info][gc,phases    ] GC(135)   Other: 0.2ms
[9.647s][info][gc,heap      ] GC(135) Eden regions: 2233->0(2232)
[9.647s][info][gc,heap      ] GC(135) Survivor regions: 165->166(300)
[9.647s][info][gc,heap      ] GC(135) Old regions: 82->83
[9.647s][info][gc,heap      ] GC(135) Humongous regions: 39->33
[9.647s][info][gc,metaspace ] GC(135) Metaspace: 8281K(8832K)->8281K(8832K) NonClass: 7550K(7936K)->7550K(7936K) Class: 730K(896K)->730K(896K)
[9.647s][info][gc           ] GC(135) Pause Young (Normal) (G1 Evacuation Pause) 2517M->280M(3997M) 10.553ms
[9.647s][info][gc,cpu       ] GC(135) User=0.00s Sys=0.00s Real=0.01s
[9.721s][info][gc,start     ] GC(136) Pause Young (Normal) (G1 Evacuation Pause)
[9.721s][info][gc,task      ] GC(136) Using 13 workers of 13 for evacuation
[9.732s][info][gc,phases    ] GC(136)   Pre Evacuate Collection Set: 0.0ms
[9.732s][info][gc,phases    ] GC(136)   Evacuate Collection Set: 10.1ms
[9.732s][info][gc,phases    ] GC(136)   Post Evacuate Collection Set: 0.6ms
[9.732s][info][gc,phases    ] GC(136)   Other: 0.2ms
[9.732s][info][gc,heap      ] GC(136) Eden regions: 2232->0(2229)
[9.732s][info][gc,heap      ] GC(136) Survivor regions: 166->169(300)
[9.732s][info][gc,heap      ] GC(136) Old regions: 83->83
[9.732s][info][gc,heap      ] GC(136) Humongous regions: 42->31
[9.732s][info][gc,metaspace ] GC(136) Metaspace: 8281K(8832K)->8281K(8832K) NonClass: 7550K(7936K)->7550K(7936K) Class: 730K(896K)->730K(896K)
[9.732s][info][gc           ] GC(136) Pause Young (Normal) (G1 Evacuation Pause) 2521M->282M(3997M) 10.990ms
[9.732s][info][gc,cpu       ] GC(136) User=0.20s Sys=0.00s Real=0.01s
[9.806s][info][gc,start     ] GC(137) Pause Young (Normal) (G1 Evacuation Pause)
[9.807s][info][gc,task      ] GC(137) Using 13 workers of 13 for evacuation
[9.817s][info][gc,phases    ] GC(137)   Pre Evacuate Collection Set: 0.0ms
[9.817s][info][gc,phases    ] GC(137)   Evacuate Collection Set: 10.1ms
[9.817s][info][gc,phases    ] GC(137)   Post Evacuate Collection Set: 0.6ms
[9.817s][info][gc,phases    ] GC(137)   Other: 0.2ms
[9.817s][info][gc,heap      ] GC(137) Eden regions: 2229->0(2233)
[9.817s][info][gc,heap      ] GC(137) Survivor regions: 169->165(300)
[9.817s][info][gc,heap      ] GC(137) Old regions: 83->86
[9.817s][info][gc,heap      ] GC(137) Humongous regions: 39->30
[9.817s][info][gc,metaspace ] GC(137) Metaspace: 8281K(8832K)->8281K(8832K) NonClass: 7550K(7936K)->7550K(7936K) Class: 730K(896K)->730K(896K)
[9.817s][info][gc           ] GC(137) Pause Young (Normal) (G1 Evacuation Pause) 2519M->279M(3997M) 11.005ms
[9.818s][info][gc,cpu       ] GC(137) User=0.17s Sys=0.00s Real=0.01s
[9.891s][info][gc,start     ] GC(138) Pause Young (Normal) (G1 Evacuation Pause)
[9.891s][info][gc,task      ] GC(138) Using 13 workers of 13 for evacuation
[9.902s][info][gc,phases    ] GC(138)   Pre Evacuate Collection Set: 0.0ms
[9.902s][info][gc,phases    ] GC(138)   Evacuate Collection Set: 9.9ms
[9.902s][info][gc,phases    ] GC(138)   Post Evacuate Collection Set: 0.7ms
[9.902s][info][gc,phases    ] GC(138)   Other: 0.2ms
[9.902s][info][gc,heap      ] GC(138) Eden regions: 2233->0(2238)
[9.902s][info][gc,heap      ] GC(138) Survivor regions: 165->167(300)
[9.902s][info][gc,heap      ] GC(138) Old regions: 86->89
[9.902s][info][gc,heap      ] GC(138) Humongous regions: 44->33
[9.902s][info][gc,metaspace ] GC(138) Metaspace: 8281K(8832K)->8281K(8832K) NonClass: 7550K(7936K)->7550K(7936K) Class: 730K(896K)->730K(896K)
[9.902s][info][gc           ] GC(138) Pause Young (Normal) (G1 Evacuation Pause) 2526M->288M(4009M) 10.880ms
[9.902s][info][gc,cpu       ] GC(138) User=0.19s Sys=0.02s Real=0.01s
[9.977s][info][gc,start     ] GC(139) Pause Young (Normal) (G1 Evacuation Pause)
[9.977s][info][gc,task      ] GC(139) Using 13 workers of 13 for evacuation
[9.988s][info][gc,phases    ] GC(139)   Pre Evacuate Collection Set: 0.0ms
[9.988s][info][gc,phases    ] GC(139)   Evacuate Collection Set: 10.3ms
[9.988s][info][gc,phases    ] GC(139)   Post Evacuate Collection Set: 0.5ms
[9.988s][info][gc,phases    ] GC(139)   Other: 0.2ms
[9.988s][info][gc,heap      ] GC(139) Eden regions: 2238->0(2233)
[9.988s][info][gc,heap      ] GC(139) Survivor regions: 167->172(301)
[9.988s][info][gc,heap      ] GC(139) Old regions: 89->89
[9.988s][info][gc,heap      ] GC(139) Humongous regions: 41->34
[9.988s][info][gc,metaspace ] GC(139) Metaspace: 8281K(8832K)->8281K(8832K) NonClass: 7550K(7936K)->7550K(7936K) Class: 730K(896K)->730K(896K)
[9.988s][info][gc           ] GC(139) Pause Young (Normal) (G1 Evacuation Pause) 2534M->293M(4009M) 11.136ms
[9.988s][info][gc,cpu       ] GC(139) User=0.20s Sys=0.00s Real=0.01s
[10.062s][info][gc,start     ] GC(140) Pause Young (Normal) (G1 Evacuation Pause)
[10.062s][info][gc,task      ] GC(140) Using 13 workers of 13 for evacuation
[10.073s][info][gc,phases    ] GC(140)   Pre Evacuate Collection Set: 0.0ms
[10.073s][info][gc,phases    ] GC(140)   Evacuate Collection Set: 10.0ms
[10.073s][info][gc,phases    ] GC(140)   Post Evacuate Collection Set: 0.5ms
[10.073s][info][gc,phases    ] GC(140)   Other: 0.2ms
[10.073s][info][gc,heap      ] GC(140) Eden regions: 2233->0(2236)
[10.073s][info][gc,heap      ] GC(140) Survivor regions: 172->169(301)
[10.073s][info][gc,heap      ] GC(140) Old regions: 89->91
[10.073s][info][gc,heap      ] GC(140) Humongous regions: 42->35
[10.073s][info][gc,metaspace ] GC(140) Metaspace: 8281K(8832K)->8281K(8832K) NonClass: 7550K(7936K)->7550K(7936K) Class: 730K(896K)->730K(896K)
[10.073s][info][gc           ] GC(140) Pause Young (Normal) (G1 Evacuation Pause) 2534M->294M(4009M) 10.903ms
[10.073s][info][gc,cpu       ] GC(140) User=0.02s Sys=0.00s Real=0.01s
[10.149s][info][gc,start     ] GC(141) Pause Young (Normal) (G1 Evacuation Pause)
[10.149s][info][gc,task      ] GC(141) Using 13 workers of 13 for evacuation
[10.160s][info][gc,phases    ] GC(141)   Pre Evacuate Collection Set: 0.0ms
[10.160s][info][gc,phases    ] GC(141)   Evacuate Collection Set: 10.4ms
[10.160s][info][gc,phases    ] GC(141)   Post Evacuate Collection Set: 0.5ms
[10.160s][info][gc,phases    ] GC(141)   Other: 0.2ms
[10.160s][info][gc,heap      ] GC(141) Eden regions: 2236->0(2234)
[10.160s][info][gc,heap      ] GC(141) Survivor regions: 169->171(301)
[10.160s][info][gc,heap      ] GC(141) Old regions: 91->94
[10.160s][info][gc,heap      ] GC(141) Humongous regions: 37->33
[10.160s][info][gc,metaspace ] GC(141) Metaspace: 8281K(8832K)->8281K(8832K) NonClass: 7551K(7936K)->7551K(7936K) Class: 730K(896K)->730K(896K)
[10.160s][info][gc           ] GC(141) Pause Young (Normal) (G1 Evacuation Pause) 2532M->297M(4009M) 11.339ms
[10.160s][info][gc,cpu       ] GC(141) User=0.20s Sys=0.00s Real=0.01s
[10.235s][info][gc,start     ] GC(142) Pause Young (Normal) (G1 Evacuation Pause)
[10.235s][info][gc,task      ] GC(142) Using 13 workers of 13 for evacuation
[10.246s][info][gc,phases    ] GC(142)   Pre Evacuate Collection Set: 0.0ms
[10.246s][info][gc,phases    ] GC(142)   Evacuate Collection Set: 10.5ms
[10.246s][info][gc,phases    ] GC(142)   Post Evacuate Collection Set: 0.6ms
[10.246s][info][gc,phases    ] GC(142)   Other: 0.2ms
[10.246s][info][gc,heap      ] GC(142) Eden regions: 2234->0(2238)
[10.246s][info][gc,heap      ] GC(142) Survivor regions: 171->174(301)
[10.246s][info][gc,heap      ] GC(142) Old regions: 94->97
[10.246s][info][gc,heap      ] GC(142) Humongous regions: 39->32
[10.246s][info][gc,metaspace ] GC(142) Metaspace: 8281K(8832K)->8281K(8832K) NonClass: 7551K(7936K)->7551K(7936K) Class: 730K(896K)->730K(896K)
[10.246s][info][gc           ] GC(142) Pause Young (Normal) (G1 Evacuation Pause) 2537M->302M(4021M) 11.487ms
[10.246s][info][gc,cpu       ] GC(142) User=0.12s Sys=0.00s Real=0.01s
[10.320s][info][gc,start     ] GC(143) Pause Young (Normal) (G1 Evacuation Pause)
[10.320s][info][gc,task      ] GC(143) Using 13 workers of 13 for evacuation
[10.331s][info][gc,phases    ] GC(143)   Pre Evacuate Collection Set: 0.0ms
[10.331s][info][gc,phases    ] GC(143)   Evacuate Collection Set: 10.4ms
[10.332s][info][gc,phases    ] GC(143)   Post Evacuate Collection Set: 0.5ms
[10.332s][info][gc,phases    ] GC(143)   Other: 0.2ms
[10.332s][info][gc,heap      ] GC(143) Eden regions: 2238->0(2238)
[10.332s][info][gc,heap      ] GC(143) Survivor regions: 174->174(302)
[10.332s][info][gc,heap      ] GC(143) Old regions: 97->100
[10.332s][info][gc,heap      ] GC(143) Humongous regions: 42->33
[10.332s][info][gc,metaspace ] GC(143) Metaspace: 8282K(8832K)->8282K(8832K) NonClass: 7552K(7936K)->7552K(7936K) Class: 730K(896K)->730K(896K)
[10.332s][info][gc           ] GC(143) Pause Young (Normal) (G1 Evacuation Pause) 2550M->306M(4021M) 11.295ms
[10.332s][info][gc,cpu       ] GC(143) User=0.20s Sys=0.00s Real=0.01s
[10.406s][info][gc,start     ] GC(144) Pause Young (Normal) (G1 Evacuation Pause)
[10.406s][info][gc,task      ] GC(144) Using 13 workers of 13 for evacuation
[10.417s][info][gc,phases    ] GC(144)   Pre Evacuate Collection Set: 0.0ms
[10.417s][info][gc,phases    ] GC(144)   Evacuate Collection Set: 10.4ms
[10.417s][info][gc,phases    ] GC(144)   Post Evacuate Collection Set: 0.6ms
[10.417s][info][gc,phases    ] GC(144)   Other: 0.2ms
[10.417s][info][gc,heap      ] GC(144) Eden regions: 2238->0(2239)
[10.417s][info][gc,heap      ] GC(144) Survivor regions: 174->173(302)
[10.417s][info][gc,heap      ] GC(144) Old regions: 100->102
[10.417s][info][gc,heap      ] GC(144) Humongous regions: 46->37
[10.417s][info][gc,metaspace ] GC(144) Metaspace: 8282K(8832K)->8282K(8832K) NonClass: 7552K(7936K)->7552K(7936K) Class: 730K(896K)->730K(896K)
[10.417s][info][gc           ] GC(144) Pause Young (Normal) (G1 Evacuation Pause) 2557M->310M(4021M) 11.370ms
[10.417s][info][gc,cpu       ] GC(144) User=0.11s Sys=0.00s Real=0.01s
[10.491s][info][gc,start     ] GC(145) Pause Young (Normal) (G1 Evacuation Pause)
[10.491s][info][gc,task      ] GC(145) Using 13 workers of 13 for evacuation
[10.502s][info][gc,phases    ] GC(145)   Pre Evacuate Collection Set: 0.0ms
[10.502s][info][gc,phases    ] GC(145)   Evacuate Collection Set: 10.4ms
[10.502s][info][gc,phases    ] GC(145)   Post Evacuate Collection Set: 0.5ms
[10.502s][info][gc,phases    ] GC(145)   Other: 0.2ms
[10.502s][info][gc,heap      ] GC(145) Eden regions: 2239->0(2237)
[10.502s][info][gc,heap      ] GC(145) Survivor regions: 173->175(302)
[10.502s][info][gc,heap      ] GC(145) Old regions: 102->105
[10.502s][info][gc,heap      ] GC(145) Humongous regions: 41->37
[10.502s][info][gc,metaspace ] GC(145) Metaspace: 8282K(8832K)->8282K(8832K) NonClass: 7552K(7936K)->7552K(7936K) Class: 730K(896K)->730K(896K)
[10.502s][info][gc           ] GC(145) Pause Young (Normal) (G1 Evacuation Pause) 2553M->315M(4021M) 11.364ms
[10.502s][info][gc,cpu       ] GC(145) User=0.20s Sys=0.00s Real=0.01s
[10.576s][info][gc,start     ] GC(146) Pause Young (Normal) (G1 Evacuation Pause)
[10.576s][info][gc,task      ] GC(146) Using 13 workers of 13 for evacuation
[10.587s][info][gc,phases    ] GC(146)   Pre Evacuate Collection Set: 0.0ms
[10.587s][info][gc,phases    ] GC(146)   Evacuate Collection Set: 10.4ms
[10.587s][info][gc,phases    ] GC(146)   Post Evacuate Collection Set: 0.6ms
[10.587s][info][gc,phases    ] GC(146)   Other: 0.2ms
[10.587s][info][gc,heap      ] GC(146) Eden regions: 2237->0(2245)
[10.587s][info][gc,heap      ] GC(146) Survivor regions: 175->174(302)
[10.587s][info][gc,heap      ] GC(146) Old regions: 105->110
[10.587s][info][gc,heap      ] GC(146) Humongous regions: 43->37
[10.587s][info][gc,metaspace ] GC(146) Metaspace: 8282K(8832K)->8282K(8832K) NonClass: 7552K(7936K)->7552K(7936K) Class: 730K(896K)->730K(896K)
[10.587s][info][gc           ] GC(146) Pause Young (Normal) (G1 Evacuation Pause) 2558M->320M(4032M) 11.403ms
[10.587s][info][gc,cpu       ] GC(146) User=0.00s Sys=0.00s Real=0.01s
[10.661s][info][gc,start     ] GC(147) Pause Young (Normal) (G1 Evacuation Pause)
[10.661s][info][gc,task      ] GC(147) Using 13 workers of 13 for evacuation
[10.673s][info][gc,phases    ] GC(147)   Pre Evacuate Collection Set: 0.0ms
[10.673s][info][gc,phases    ] GC(147)   Evacuate Collection Set: 10.3ms
[10.673s][info][gc,phases    ] GC(147)   Post Evacuate Collection Set: 0.5ms
[10.673s][info][gc,phases    ] GC(147)   Other: 0.2ms
[10.673s][info][gc,heap      ] GC(147) Eden regions: 2245->0(2246)
[10.673s][info][gc,heap      ] GC(147) Survivor regions: 174->173(303)
[10.673s][info][gc,heap      ] GC(147) Old regions: 110->114
[10.673s][info][gc,heap      ] GC(147) Humongous regions: 41->38
[10.673s][info][gc,metaspace ] GC(147) Metaspace: 8282K(8832K)->8282K(8832K) NonClass: 7552K(7936K)->7552K(7936K) Class: 730K(896K)->730K(896K)
[10.673s][info][gc           ] GC(147) Pause Young (Normal) (G1 Evacuation Pause) 2569M->324M(4032M) 11.245ms
[10.673s][info][gc,cpu       ] GC(147) User=0.19s Sys=0.00s Real=0.01s
[10.747s][info][gc,start     ] GC(148) Pause Young (Normal) (G1 Evacuation Pause)
[10.747s][info][gc,task      ] GC(148) Using 13 workers of 13 for evacuation
[10.758s][info][gc,phases    ] GC(148)   Pre Evacuate Collection Set: 0.0ms
[10.758s][info][gc,phases    ] GC(148)   Evacuate Collection Set: 10.5ms
[10.758s][info][gc,phases    ] GC(148)   Post Evacuate Collection Set: 0.7ms
[10.758s][info][gc,phases    ] GC(148)   Other: 0.2ms
[10.758s][info][gc,heap      ] GC(148) Eden regions: 2246->0(2247)
[10.758s][info][gc,heap      ] GC(148) Survivor regions: 173->172(303)
[10.758s][info][gc,heap      ] GC(148) Old regions: 114->119
[10.758s][info][gc,heap      ] GC(148) Humongous regions: 43->40
[10.758s][info][gc,metaspace ] GC(148) Metaspace: 8282K(8832K)->8282K(8832K) NonClass: 7552K(7936K)->7552K(7936K) Class: 730K(896K)->730K(896K)
[10.758s][info][gc           ] GC(148) Pause Young (Normal) (G1 Evacuation Pause) 2575M->330M(4032M) 11.468ms
[10.758s][info][gc,cpu       ] GC(148) User=0.00s Sys=0.00s Real=0.01s
[10.833s][info][gc,start     ] GC(149) Pause Young (Normal) (G1 Evacuation Pause)
[10.833s][info][gc,task      ] GC(149) Using 13 workers of 13 for evacuation
[10.845s][info][gc,phases    ] GC(149)   Pre Evacuate Collection Set: 0.0ms
[10.845s][info][gc,phases    ] GC(149)   Evacuate Collection Set: 10.8ms
[10.845s][info][gc,phases    ] GC(149)   Post Evacuate Collection Set: 0.6ms
[10.845s][info][gc,phases    ] GC(149)   Other: 0.2ms
[10.845s][info][gc,heap      ] GC(149) Eden regions: 2247->0(2250)
[10.845s][info][gc,heap      ] GC(149) Survivor regions: 172->169(303)
[10.845s][info][gc,heap      ] GC(149) Old regions: 119->130
[10.845s][info][gc,heap      ] GC(149) Humongous regions: 45->41
[10.845s][info][gc,metaspace ] GC(149) Metaspace: 8282K(8832K)->8282K(8832K) NonClass: 7552K(7936K)->7552K(7936K) Class: 730K(896K)->730K(896K)
[10.845s][info][gc           ] GC(149) Pause Young (Normal) (G1 Evacuation Pause) 2582M->338M(4032M) 11.798ms
[10.845s][info][gc,cpu       ] GC(149) User=0.19s Sys=0.02s Real=0.01s
[10.919s][info][gc,start     ] GC(150) Pause Young (Normal) (G1 Evacuation Pause)
[10.919s][info][gc,task      ] GC(150) Using 13 workers of 13 for evacuation
[10.931s][info][gc,phases    ] GC(150)   Pre Evacuate Collection Set: 0.0ms
[10.931s][info][gc,phases    ] GC(150)   Evacuate Collection Set: 10.6ms
[10.931s][info][gc,phases    ] GC(150)   Post Evacuate Collection Set: 0.7ms
[10.931s][info][gc,phases    ] GC(150)   Other: 0.2ms
[10.931s][info][gc,heap      ] GC(150) Eden regions: 2250->0(2257)
[10.931s][info][gc,heap      ] GC(150) Survivor regions: 169->168(303)
[10.931s][info][gc,heap      ] GC(150) Old regions: 130->142
[10.931s][info][gc,heap      ] GC(150) Humongous regions: 43->41
[10.931s][info][gc,metaspace ] GC(150) Metaspace: 8282K(8832K)->8282K(8832K) NonClass: 7552K(7936K)->7552K(7936K) Class: 730K(896K)->730K(896K)
[10.931s][info][gc           ] GC(150) Pause Young (Normal) (G1 Evacuation Pause) 2590M->350M(4042M) 11.681ms
[10.931s][info][gc,cpu       ] GC(150) User=0.00s Sys=0.00s Real=0.01s
[11.005s][info][gc,start     ] GC(151) Pause Young (Normal) (G1 Evacuation Pause)
[11.005s][info][gc,task      ] GC(151) Using 13 workers of 13 for evacuation
[11.017s][info][gc,phases    ] GC(151)   Pre Evacuate Collection Set: 0.0ms
[11.017s][info][gc,phases    ] GC(151)   Evacuate Collection Set: 10.9ms
[11.017s][info][gc,phases    ] GC(151)   Post Evacuate Collection Set: 0.6ms
[11.017s][info][gc,phases    ] GC(151)   Other: 0.2ms
[11.017s][info][gc,heap      ] GC(151) Eden regions: 2257->0(2252)
[11.017s][info][gc,heap      ] GC(151) Survivor regions: 168->173(304)
[11.017s][info][gc,heap      ] GC(151) Old regions: 142->153
[11.017s][info][gc,heap      ] GC(151) Humongous regions: 43->41
[11.017s][info][gc,metaspace ] GC(151) Metaspace: 8282K(8832K)->8282K(8832K) NonClass: 7552K(7936K)->7552K(7936K) Class: 730K(896K)->730K(896K)
[11.017s][info][gc           ] GC(151) Pause Young (Normal) (G1 Evacuation Pause) 2609M->365M(4042M) 11.836ms
[11.017s][info][gc,cpu       ] GC(151) User=0.17s Sys=0.02s Real=0.01s
[11.092s][info][gc,start     ] GC(152) Pause Young (Normal) (G1 Evacuation Pause)
[11.092s][info][gc,task      ] GC(152) Using 13 workers of 13 for evacuation
[11.103s][info][gc,phases    ] GC(152)   Pre Evacuate Collection Set: 0.0ms
[11.103s][info][gc,phases    ] GC(152)   Evacuate Collection Set: 10.6ms
[11.103s][info][gc,phases    ] GC(152)   Post Evacuate Collection Set: 0.6ms
[11.103s][info][gc,phases    ] GC(152)   Other: 0.2ms
[11.103s][info][gc,heap      ] GC(152) Eden regions: 2252->0(2251)
[11.103s][info][gc,heap      ] GC(152) Survivor regions: 173->174(304)
[11.103s][info][gc,heap      ] GC(152) Old regions: 153->163
[11.103s][info][gc,heap      ] GC(152) Humongous regions: 53->42
[11.103s][info][gc,metaspace ] GC(152) Metaspace: 8282K(8832K)->8282K(8832K) NonClass: 7552K(7936K)->7552K(7936K) Class: 730K(896K)->730K(896K)
[11.103s][info][gc           ] GC(152) Pause Young (Normal) (G1 Evacuation Pause) 2629M->377M(4042M) 11.521ms
[11.103s][info][gc,cpu       ] GC(152) User=0.00s Sys=0.00s Real=0.01s
[11.178s][info][gc,start     ] GC(153) Pause Young (Normal) (G1 Evacuation Pause)
[11.178s][info][gc,task      ] GC(153) Using 13 workers of 13 for evacuation
[11.189s][info][gc,phases    ] GC(153)   Pre Evacuate Collection Set: 0.0ms
[11.189s][info][gc,phases    ] GC(153)   Evacuate Collection Set: 10.5ms
[11.189s][info][gc,phases    ] GC(153)   Post Evacuate Collection Set: 0.5ms
[11.189s][info][gc,phases    ] GC(153)   Other: 0.2ms
[11.189s][info][gc,heap      ] GC(153) Eden regions: 2251->0(2253)
[11.189s][info][gc,heap      ] GC(153) Survivor regions: 174->172(304)
[11.189s][info][gc,heap      ] GC(153) Old regions: 163->175
[11.189s][info][gc,heap      ] GC(153) Humongous regions: 47->43
[11.189s][info][gc,metaspace ] GC(153) Metaspace: 8282K(8832K)->8282K(8832K) NonClass: 7552K(7936K)->7552K(7936K) Class: 730K(896K)->730K(896K)
[11.189s][info][gc           ] GC(153) Pause Young (Normal) (G1 Evacuation Pause) 2633M->389M(4042M) 11.347ms
[11.189s][info][gc,cpu       ] GC(153) User=0.19s Sys=0.00s Real=0.01s
[11.263s][info][gc,start     ] GC(154) Pause Young (Normal) (G1 Evacuation Pause)
[11.263s][info][gc,task      ] GC(154) Using 13 workers of 13 for evacuation
[11.275s][info][gc,phases    ] GC(154)   Pre Evacuate Collection Set: 0.0ms
[11.275s][info][gc,phases    ] GC(154)   Evacuate Collection Set: 10.7ms
[11.275s][info][gc,phases    ] GC(154)   Post Evacuate Collection Set: 0.6ms
[11.275s][info][gc,phases    ] GC(154)   Other: 0.2ms
[11.275s][info][gc,heap      ] GC(154) Eden regions: 2253->0(2256)
[11.275s][info][gc,heap      ] GC(154) Survivor regions: 172->174(304)
[11.275s][info][gc,heap      ] GC(154) Old regions: 175->187
[11.275s][info][gc,heap      ] GC(154) Humongous regions: 45->43
[11.275s][info][gc,metaspace ] GC(154) Metaspace: 8282K(8832K)->8282K(8832K) NonClass: 7552K(7936K)->7552K(7936K) Class: 730K(896K)->730K(896K)
[11.275s][info][gc           ] GC(154) Pause Young (Normal) (G1 Evacuation Pause) 2644M->402M(4050M) 11.665ms
[11.275s][info][gc,cpu       ] GC(154) User=0.00s Sys=0.00s Real=0.01s
[11.350s][info][gc,start     ] GC(155) Pause Young (Normal) (G1 Evacuation Pause)
[11.350s][info][gc,task      ] GC(155) Using 13 workers of 13 for evacuation
[11.361s][info][gc,phases    ] GC(155)   Pre Evacuate Collection Set: 0.0ms
[11.361s][info][gc,phases    ] GC(155)   Evacuate Collection Set: 10.8ms
[11.361s][info][gc,phases    ] GC(155)   Post Evacuate Collection Set: 0.5ms
[11.361s][info][gc,phases    ] GC(155)   Other: 0.2ms
[11.361s][info][gc,heap      ] GC(155) Eden regions: 2256->0(2261)
[11.361s][info][gc,heap      ] GC(155) Survivor regions: 174->169(304)
[11.361s][info][gc,heap      ] GC(155) Old regions: 187->201
[11.361s][info][gc,heap      ] GC(155) Humongous regions: 48->44
[11.361s][info][gc,metaspace ] GC(155) Metaspace: 8282K(8832K)->8282K(8832K) NonClass: 7552K(7936K)->7552K(7936K) Class: 730K(896K)->730K(896K)
[11.361s][info][gc           ] GC(155) Pause Young (Normal) (G1 Evacuation Pause) 2663M->413M(4050M) 11.598ms
[11.361s][info][gc,cpu       ] GC(155) User=0.19s Sys=0.02s Real=0.01s
[11.441s][info][gc,start     ] GC(156) Pause Young (Normal) (G1 Evacuation Pause)
[11.441s][info][gc,task      ] GC(156) Using 13 workers of 13 for evacuation
[11.454s][info][gc,phases    ] GC(156)   Pre Evacuate Collection Set: 0.0ms
[11.454s][info][gc,phases    ] GC(156)   Evacuate Collection Set: 11.3ms
[11.454s][info][gc,phases    ] GC(156)   Post Evacuate Collection Set: 0.6ms
[11.454s][info][gc,phases    ] GC(156)   Other: 0.2ms
[11.454s][info][gc,heap      ] GC(156) Eden regions: 2261->0(2252)
[11.454s][info][gc,heap      ] GC(156) Survivor regions: 169->178(304)
[11.454s][info][gc,heap      ] GC(156) Old regions: 201->214
[11.454s][info][gc,heap      ] GC(156) Humongous regions: 64->54
[11.454s][info][gc,metaspace ] GC(156) Metaspace: 8284K(8832K)->8284K(8832K) NonClass: 7553K(7936K)->7553K(7936K) Class: 730K(896K)->730K(896K)
[11.454s][info][gc           ] GC(156) Pause Young (Normal) (G1 Evacuation Pause) 2694M->444M(4050M) 12.288ms
[11.454s][info][gc,cpu       ] GC(156) User=0.20s Sys=0.00s Real=0.01s
[11.528s][info][gc,start     ] GC(157) Pause Young (Normal) (G1 Evacuation Pause)
[11.528s][info][gc,task      ] GC(157) Using 13 workers of 13 for evacuation
[11.542s][info][gc,phases    ] GC(157)   Pre Evacuate Collection Set: 0.0ms
[11.542s][info][gc,phases    ] GC(157)   Evacuate Collection Set: 12.7ms
[11.542s][info][gc,phases    ] GC(157)   Post Evacuate Collection Set: 0.5ms
[11.542s][info][gc,phases    ] GC(157)   Other: 0.2ms
[11.542s][info][gc,heap      ] GC(157) Eden regions: 2252->0(2252)
[11.542s][info][gc,heap      ] GC(157) Survivor regions: 178->178(304)
[11.542s][info][gc,heap      ] GC(157) Old regions: 214->227
[11.542s][info][gc,heap      ] GC(157) Humongous regions: 62->56
[11.542s][info][gc,metaspace ] GC(157) Metaspace: 8284K(8832K)->8284K(8832K) NonClass: 7553K(7936K)->7553K(7936K) Class: 730K(896K)->730K(896K)
[11.542s][info][gc           ] GC(157) Pause Young (Normal) (G1 Evacuation Pause) 2704M->460M(4050M) 13.539ms
[11.542s][info][gc,cpu       ] GC(157) User=0.03s Sys=0.16s Real=0.01s
[11.616s][info][gc,start     ] GC(158) Pause Young (Normal) (G1 Evacuation Pause)
[11.616s][info][gc,task      ] GC(158) Using 13 workers of 13 for evacuation
[11.630s][info][gc,phases    ] GC(158)   Pre Evacuate Collection Set: 0.0ms
[11.630s][info][gc,phases    ] GC(158)   Evacuate Collection Set: 13.1ms
[11.630s][info][gc,phases    ] GC(158)   Post Evacuate Collection Set: 0.7ms
[11.630s][info][gc,phases    ] GC(158)   Other: 0.2ms
[11.630s][info][gc,heap      ] GC(158) Eden regions: 2252->0(2269)
[11.630s][info][gc,heap      ] GC(158) Survivor regions: 178->165(304)
[11.630s][info][gc,heap      ] GC(158) Old regions: 227->251
[11.630s][info][gc,heap      ] GC(158) Humongous regions: 66->57
[11.630s][info][gc,metaspace ] GC(158) Metaspace: 8284K(8832K)->8284K(8832K) NonClass: 7553K(7936K)->7553K(7936K) Class: 730K(896K)->730K(896K)
[11.630s][info][gc           ] GC(158) Pause Young (Normal) (G1 Evacuation Pause) 2722M->472M(4058M) 14.091ms
[11.630s][info][gc,cpu       ] GC(158) User=0.14s Sys=0.06s Real=0.01s
[11.706s][info][gc,start     ] GC(159) Pause Young (Normal) (G1 Evacuation Pause)
[11.706s][info][gc,task      ] GC(159) Using 13 workers of 13 for evacuation
[11.719s][info][gc,phases    ] GC(159)   Pre Evacuate Collection Set: 0.0ms
[11.719s][info][gc,phases    ] GC(159)   Evacuate Collection Set: 12.3ms
[11.719s][info][gc,phases    ] GC(159)   Post Evacuate Collection Set: 0.7ms
[11.719s][info][gc,phases    ] GC(159)   Other: 0.2ms
[11.719s][info][gc,heap      ] GC(159) Eden regions: 2269->0(2254)
[11.719s][info][gc,heap      ] GC(159) Survivor regions: 165->180(305)
[11.719s][info][gc,heap      ] GC(159) Old regions: 251->251
[11.719s][info][gc,heap      ] GC(159) Humongous regions: 64->57
[11.719s][info][gc,metaspace ] GC(159) Metaspace: 8284K(8832K)->8284K(8832K) NonClass: 7553K(7936K)->7553K(7936K) Class: 730K(896K)->730K(896K)
[11.719s][info][gc           ] GC(159) Pause Young (Normal) (G1 Evacuation Pause) 2748M->487M(4058M) 13.345ms
[11.719s][info][gc,cpu       ] GC(159) User=0.16s Sys=0.02s Real=0.01s
[11.793s][info][gc,start     ] GC(160) Pause Young (Normal) (G1 Evacuation Pause)
[11.793s][info][gc,task      ] GC(160) Using 13 workers of 13 for evacuation
[11.807s][info][gc,phases    ] GC(160)   Pre Evacuate Collection Set: 0.0ms
[11.807s][info][gc,phases    ] GC(160)   Evacuate Collection Set: 13.0ms
[11.807s][info][gc,phases    ] GC(160)   Post Evacuate Collection Set: 0.6ms
[11.807s][info][gc,phases    ] GC(160)   Other: 0.2ms
[11.807s][info][gc,heap      ] GC(160) Eden regions: 2254->0(2256)
[11.807s][info][gc,heap      ] GC(160) Survivor regions: 180->178(305)
[11.807s][info][gc,heap      ] GC(160) Old regions: 251->264
[11.807s][info][gc,heap      ] GC(160) Humongous regions: 61->57
[11.807s][info][gc,metaspace ] GC(160) Metaspace: 8284K(8832K)->8284K(8832K) NonClass: 7553K(7936K)->7553K(7936K) Class: 730K(896K)->730K(896K)
[11.807s][info][gc           ] GC(160) Pause Young (Normal) (G1 Evacuation Pause) 2745M->498M(4058M) 13.975ms
[11.807s][info][gc,cpu       ] GC(160) User=0.00s Sys=0.02s Real=0.01s
[11.881s][info][gc,start     ] GC(161) Pause Young (Normal) (G1 Evacuation Pause)
[11.881s][info][gc,task      ] GC(161) Using 13 workers of 13 for evacuation
[11.895s][info][gc,phases    ] GC(161)   Pre Evacuate Collection Set: 0.0ms
[11.895s][info][gc,phases    ] GC(161)   Evacuate Collection Set: 13.1ms
[11.895s][info][gc,phases    ] GC(161)   Post Evacuate Collection Set: 0.6ms
[11.895s][info][gc,phases    ] GC(161)   Other: 0.2ms
[11.895s][info][gc,heap      ] GC(161) Eden regions: 2256->0(2267)
[11.895s][info][gc,heap      ] GC(161) Survivor regions: 178->167(305)
[11.895s][info][gc,heap      ] GC(161) Old regions: 264->286
[11.895s][info][gc,heap      ] GC(161) Humongous regions: 60->58
[11.895s][info][gc,metaspace ] GC(161) Metaspace: 8284K(8832K)->8284K(8832K) NonClass: 7553K(7936K)->7553K(7936K) Class: 730K(896K)->730K(896K)
[11.896s][info][gc           ] GC(161) Pause Young (Normal) (G1 Evacuation Pause) 2757M->510M(4058M) 14.098ms
[11.896s][info][gc,cpu       ] GC(161) User=0.16s Sys=0.05s Real=0.01s
[11.971s][info][gc,start     ] GC(162) Pause Young (Normal) (G1 Evacuation Pause)
[11.971s][info][gc,task      ] GC(162) Using 13 workers of 13 for evacuation
[11.984s][info][gc,phases    ] GC(162)   Pre Evacuate Collection Set: 0.0ms
[11.984s][info][gc,phases    ] GC(162)   Evacuate Collection Set: 12.2ms
[11.984s][info][gc,phases    ] GC(162)   Post Evacuate Collection Set: 0.7ms
[11.984s][info][gc,phases    ] GC(162)   Other: 0.2ms
[11.984s][info][gc,heap      ] GC(162) Eden regions: 2267->0(2272)
[11.984s][info][gc,heap      ] GC(162) Survivor regions: 167->167(305)
[11.984s][info][gc,heap      ] GC(162) Old regions: 286->298
[11.984s][info][gc,heap      ] GC(162) Humongous regions: 63->59
[11.984s][info][gc,metaspace ] GC(162) Metaspace: 8284K(8832K)->8284K(8832K) NonClass: 7553K(7936K)->7553K(7936K) Class: 730K(896K)->730K(896K)
[11.984s][info][gc           ] GC(162) Pause Young (Normal) (G1 Evacuation Pause) 2782M->522M(4066M) 13.201ms
[11.984s][info][gc,cpu       ] GC(162) User=0.12s Sys=0.03s Real=0.01s
[12.060s][info][gc,start     ] GC(163) Pause Young (Normal) (G1 Evacuation Pause)
[12.060s][info][gc,task      ] GC(163) Using 13 workers of 13 for evacuation
[12.073s][info][gc,phases    ] GC(163)   Pre Evacuate Collection Set: 0.0ms
[12.073s][info][gc,phases    ] GC(163)   Evacuate Collection Set: 12.8ms
[12.073s][info][gc,phases    ] GC(163)   Post Evacuate Collection Set: 0.5ms
[12.073s][info][gc,phases    ] GC(163)   Other: 0.2ms
[12.073s][info][gc,heap      ] GC(163) Eden regions: 2272->0(2272)
[12.073s][info][gc,heap      ] GC(163) Survivor regions: 167->167(305)
[12.073s][info][gc,heap      ] GC(163) Old regions: 298->311
[12.073s][info][gc,heap      ] GC(163) Humongous regions: 62->59
[12.073s][info][gc,metaspace ] GC(163) Metaspace: 8284K(8832K)->8284K(8832K) NonClass: 7553K(7936K)->7553K(7936K) Class: 730K(896K)->730K(896K)
[12.073s][info][gc           ] GC(163) Pause Young (Normal) (G1 Evacuation Pause) 2797M->536M(4066M) 13.688ms
[12.073s][info][gc,cpu       ] GC(163) User=0.08s Sys=0.09s Real=0.01s
[12.149s][info][gc,start     ] GC(164) Pause Young (Normal) (G1 Evacuation Pause)
[12.149s][info][gc,task      ] GC(164) Using 13 workers of 13 for evacuation
[12.162s][info][gc,phases    ] GC(164)   Pre Evacuate Collection Set: 0.0ms
[12.162s][info][gc,phases    ] GC(164)   Evacuate Collection Set: 12.3ms
[12.162s][info][gc,phases    ] GC(164)   Post Evacuate Collection Set: 0.5ms
[12.162s][info][gc,phases    ] GC(164)   Other: 0.2ms
[12.162s][info][gc,heap      ] GC(164) Eden regions: 2272->0(2271)
[12.162s][info][gc,heap      ] GC(164) Survivor regions: 167->168(305)
[12.162s][info][gc,heap      ] GC(164) Old regions: 311->324
[12.162s][info][gc,heap      ] GC(164) Humongous regions: 66->60
[12.162s][info][gc,metaspace ] GC(164) Metaspace: 8284K(8832K)->8284K(8832K) NonClass: 7553K(7936K)->7553K(7936K) Class: 730K(896K)->730K(896K)
[12.162s][info][gc           ] GC(164) Pause Young (Normal) (G1 Evacuation Pause) 2815M->550M(4066M) 13.128ms
[12.162s][info][gc,cpu       ] GC(164) User=0.19s Sys=0.02s Real=0.01s
[12.237s][info][gc,start     ] GC(165) Pause Young (Normal) (G1 Evacuation Pause)
[12.237s][info][gc,task      ] GC(165) Using 13 workers of 13 for evacuation
[12.251s][info][gc,phases    ] GC(165)   Pre Evacuate Collection Set: 0.0ms
[12.251s][info][gc,phases    ] GC(165)   Evacuate Collection Set: 12.5ms
[12.251s][info][gc,phases    ] GC(165)   Post Evacuate Collection Set: 0.5ms
[12.251s][info][gc,phases    ] GC(165)   Other: 0.2ms
[12.251s][info][gc,heap      ] GC(165) Eden regions: 2271->0(2271)
[12.251s][info][gc,heap      ] GC(165) Survivor regions: 168->168(305)
[12.251s][info][gc,heap      ] GC(165) Old regions: 324->335
[12.251s][info][gc,heap      ] GC(165) Humongous regions: 78->64
[12.251s][info][gc,metaspace ] GC(165) Metaspace: 8284K(8832K)->8284K(8832K) NonClass: 7553K(7936K)->7553K(7936K) Class: 730K(896K)->730K(896K)
[12.251s][info][gc           ] GC(165) Pause Young (Normal) (G1 Evacuation Pause) 2839M->566M(4066M) 13.317ms
[12.251s][info][gc,cpu       ] GC(165) User=0.16s Sys=0.00s Real=0.01s
[12.326s][info][gc,start     ] GC(166) Pause Young (Normal) (G1 Evacuation Pause)
[12.326s][info][gc,task      ] GC(166) Using 13 workers of 13 for evacuation
[12.339s][info][gc,phases    ] GC(166)   Pre Evacuate Collection Set: 0.0ms
[12.339s][info][gc,phases    ] GC(166)   Evacuate Collection Set: 11.9ms
[12.339s][info][gc,phases    ] GC(166)   Post Evacuate Collection Set: 0.6ms
[12.339s][info][gc,phases    ] GC(166)   Other: 0.2ms
[12.339s][info][gc,heap      ] GC(166) Eden regions: 2271->0(2274)
[12.339s][info][gc,heap      ] GC(166) Survivor regions: 168->169(305)
[12.339s][info][gc,heap      ] GC(166) Old regions: 335->347
[12.339s][info][gc,heap      ] GC(166) Humongous regions: 69->65
[12.339s][info][gc,metaspace ] GC(166) Metaspace: 8284K(8832K)->8284K(8832K) NonClass: 7553K(7936K)->7553K(7936K) Class: 730K(896K)->730K(896K)
[12.339s][info][gc           ] GC(166) Pause Young (Normal) (G1 Evacuation Pause) 2842M->580M(4072M) 12.817ms
[12.339s][info][gc,cpu       ] GC(166) User=0.16s Sys=0.05s Real=0.01s
[12.415s][info][gc,start     ] GC(167) Pause Young (Normal) (G1 Evacuation Pause)
[12.415s][info][gc,task      ] GC(167) Using 13 workers of 13 for evacuation
[12.428s][info][gc,phases    ] GC(167)   Pre Evacuate Collection Set: 0.0ms
[12.428s][info][gc,phases    ] GC(167)   Evacuate Collection Set: 12.0ms
[12.428s][info][gc,phases    ] GC(167)   Post Evacuate Collection Set: 0.5ms
[12.428s][info][gc,phases    ] GC(167)   Other: 0.2ms
[12.428s][info][gc,heap      ] GC(167) Eden regions: 2274->0(2275)
[12.428s][info][gc,heap      ] GC(167) Survivor regions: 169->168(306)
[12.428s][info][gc,heap      ] GC(167) Old regions: 347->360
[12.428s][info][gc,heap      ] GC(167) Humongous regions: 76->67
[12.428s][info][gc,metaspace ] GC(167) Metaspace: 8284K(8832K)->8284K(8832K) NonClass: 7553K(7936K)->7553K(7936K) Class: 730K(896K)->730K(896K)
[12.428s][info][gc           ] GC(167) Pause Young (Normal) (G1 Evacuation Pause) 2865M->593M(4072M) 12.873ms
[12.428s][info][gc,cpu       ] GC(167) User=0.19s Sys=0.02s Real=0.01s
[12.503s][info][gc,start     ] GC(168) Pause Young (Normal) (G1 Evacuation Pause)
[12.503s][info][gc,task      ] GC(168) Using 13 workers of 13 for evacuation
[12.516s][info][gc,phases    ] GC(168)   Pre Evacuate Collection Set: 0.0ms
[12.516s][info][gc,phases    ] GC(168)   Evacuate Collection Set: 12.0ms
[12.516s][info][gc,phases    ] GC(168)   Post Evacuate Collection Set: 0.5ms
[12.516s][info][gc,phases    ] GC(168)   Other: 0.2ms
[12.516s][info][gc,heap      ] GC(168) Eden regions: 2275->0(2275)
[12.516s][info][gc,heap      ] GC(168) Survivor regions: 168->168(306)
[12.516s][info][gc,heap      ] GC(168) Old regions: 360->372
[12.516s][info][gc,heap      ] GC(168) Humongous regions: 80->68
[12.516s][info][gc,metaspace ] GC(168) Metaspace: 8284K(8832K)->8284K(8832K) NonClass: 7553K(7936K)->7553K(7936K) Class: 730K(896K)->730K(896K)
[12.516s][info][gc           ] GC(168) Pause Young (Normal) (G1 Evacuation Pause) 2881M->607M(4072M) 12.857ms
[12.516s][info][gc,cpu       ] GC(168) User=0.19s Sys=0.02s Real=0.01s
[12.591s][info][gc,start     ] GC(169) Pause Young (Normal) (G1 Evacuation Pause)
[12.591s][info][gc,task      ] GC(169) Using 13 workers of 13 for evacuation
[12.604s][info][gc,phases    ] GC(169)   Pre Evacuate Collection Set: 0.0ms
[12.604s][info][gc,phases    ] GC(169)   Evacuate Collection Set: 12.1ms
[12.604s][info][gc,phases    ] GC(169)   Post Evacuate Collection Set: 0.6ms
[12.604s][info][gc,phases    ] GC(169)   Other: 0.2ms
[12.604s][info][gc,heap      ] GC(169) Eden regions: 2275->0(2281)
[12.604s][info][gc,heap      ] GC(169) Survivor regions: 168->162(306)
[12.604s][info][gc,heap      ] GC(169) Old regions: 372->391
[12.604s][info][gc,heap      ] GC(169) Humongous regions: 75->69
[12.604s][info][gc,metaspace ] GC(169) Metaspace: 8284K(8832K)->8284K(8832K) NonClass: 7553K(7936K)->7553K(7936K) Class: 730K(896K)->730K(896K)
[12.604s][info][gc           ] GC(169) Pause Young (Normal) (G1 Evacuation Pause) 2889M->620M(4072M) 13.021ms
[12.604s][info][gc,cpu       ] GC(169) User=0.00s Sys=0.02s Real=0.01s
[12.679s][info][gc,start     ] GC(170) Pause Young (Normal) (G1 Evacuation Pause)
[12.679s][info][gc,task      ] GC(170) Using 13 workers of 13 for evacuation
[12.690s][info][gc,phases    ] GC(170)   Pre Evacuate Collection Set: 0.0ms
[12.690s][info][gc,phases    ] GC(170)   Evacuate Collection Set: 10.2ms
[12.690s][info][gc,phases    ] GC(170)   Post Evacuate Collection Set: 0.6ms
[12.690s][info][gc,phases    ] GC(170)   Other: 0.2ms
[12.691s][info][gc,heap      ] GC(170) Eden regions: 2281->0(2269)
[12.691s][info][gc,heap      ] GC(170) Survivor regions: 162->177(306)
[12.691s][info][gc,heap      ] GC(170) Old regions: 391->391
[12.691s][info][gc,heap      ] GC(170) Humongous regions: 76->70
[12.691s][info][gc,metaspace ] GC(170) Metaspace: 8284K(8832K)->8284K(8832K) NonClass: 7553K(7936K)->7553K(7936K) Class: 730K(896K)->730K(896K)
[12.691s][info][gc           ] GC(170) Pause Young (Normal) (G1 Evacuation Pause) 2908M->636M(4077M) 11.177ms
[12.691s][info][gc,cpu       ] GC(170) User=0.20s Sys=0.00s Real=0.01s
[12.766s][info][gc,start     ] GC(171) Pause Young (Normal) (G1 Evacuation Pause)
[12.766s][info][gc,task      ] GC(171) Using 13 workers of 13 for evacuation
[12.777s][info][gc,phases    ] GC(171)   Pre Evacuate Collection Set: 0.0ms
[12.777s][info][gc,phases    ] GC(171)   Evacuate Collection Set: 10.7ms
[12.777s][info][gc,phases    ] GC(171)   Post Evacuate Collection Set: 0.5ms
[12.777s][info][gc,phases    ] GC(171)   Other: 0.2ms
[12.777s][info][gc,heap      ] GC(171) Eden regions: 2269->0(2271)
[12.777s][info][gc,heap      ] GC(171) Survivor regions: 177->175(306)
[12.777s][info][gc,heap      ] GC(171) Old regions: 391->405
[12.777s][info][gc,heap      ] GC(171) Humongous regions: 75->71
[12.777s][info][gc,metaspace ] GC(171) Metaspace: 8284K(8832K)->8284K(8832K) NonClass: 7553K(7936K)->7553K(7936K) Class: 730K(896K)->730K(896K)
[12.777s][info][gc           ] GC(171) Pause Young (Normal) (G1 Evacuation Pause) 2910M->650M(4077M) 11.487ms
[12.777s][info][gc,cpu       ] GC(171) User=0.19s Sys=0.02s Real=0.01s
[12.852s][info][gc,start     ] GC(172) Pause Young (Normal) (G1 Evacuation Pause)
[12.852s][info][gc,task      ] GC(172) Using 13 workers of 13 for evacuation
[12.863s][info][gc,phases    ] GC(172)   Pre Evacuate Collection Set: 0.0ms
[12.863s][info][gc,phases    ] GC(172)   Evacuate Collection Set: 10.5ms
[12.863s][info][gc,phases    ] GC(172)   Post Evacuate Collection Set: 0.5ms
[12.863s][info][gc,phases    ] GC(172)   Other: 0.2ms
[12.863s][info][gc,heap      ] GC(172) Eden regions: 2271->0(2268)
[12.863s][info][gc,heap      ] GC(172) Survivor regions: 175->178(306)
[12.863s][info][gc,heap      ] GC(172) Old regions: 405->416
[12.863s][info][gc,heap      ] GC(172) Humongous regions: 79->72
[12.864s][info][gc,metaspace ] GC(172) Metaspace: 8284K(8832K)->8284K(8832K) NonClass: 7553K(7936K)->7553K(7936K) Class: 730K(896K)->730K(896K)
[12.864s][info][gc           ] GC(172) Pause Young (Normal) (G1 Evacuation Pause) 2929M->665M(4077M) 11.351ms
[12.864s][info][gc,cpu       ] GC(172) User=0.19s Sys=0.02s Real=0.01s
[12.939s][info][gc,start     ] GC(173) Pause Young (Normal) (G1 Evacuation Pause)
[12.939s][info][gc,task      ] GC(173) Using 13 workers of 13 for evacuation
[12.950s][info][gc,phases    ] GC(173)   Pre Evacuate Collection Set: 0.0ms
[12.950s][info][gc,phases    ] GC(173)   Evacuate Collection Set: 10.8ms
[12.950s][info][gc,phases    ] GC(173)   Post Evacuate Collection Set: 0.5ms
[12.950s][info][gc,phases    ] GC(173)   Other: 0.2ms
[12.950s][info][gc,heap      ] GC(173) Eden regions: 2268->0(2269)
[12.950s][info][gc,heap      ] GC(173) Survivor regions: 178->177(306)
[12.950s][info][gc,heap      ] GC(173) Old regions: 416->430
[12.950s][info][gc,heap      ] GC(173) Humongous regions: 76->72
[12.950s][info][gc,metaspace ] GC(173) Metaspace: 8284K(8832K)->8284K(8832K) NonClass: 7553K(7936K)->7553K(7936K) Class: 730K(896K)->730K(896K)
[12.950s][info][gc           ] GC(173) Pause Young (Normal) (G1 Evacuation Pause) 2937M->677M(4077M) 11.691ms
[12.950s][info][gc,cpu       ] GC(173) User=0.09s Sys=0.00s Real=0.01s
[13.025s][info][gc,start     ] GC(174) Pause Young (Normal) (G1 Evacuation Pause)
[13.025s][info][gc,task      ] GC(174) Using 13 workers of 13 for evacuation
[13.036s][info][gc,phases    ] GC(174)   Pre Evacuate Collection Set: 0.0ms
[13.036s][info][gc,phases    ] GC(174)   Evacuate Collection Set: 10.7ms
[13.036s][info][gc,phases    ] GC(174)   Post Evacuate Collection Set: 0.5ms
[13.036s][info][gc,phases    ] GC(174)   Other: 0.2ms
[13.036s][info][gc,heap      ] GC(174) Eden regions: 2269->0(2271)
[13.036s][info][gc,heap      ] GC(174) Survivor regions: 177->177(306)
[13.036s][info][gc,heap      ] GC(174) Old regions: 430->442
[13.036s][info][gc,heap      ] GC(174) Humongous regions: 75->72
[13.036s][info][gc,metaspace ] GC(174) Metaspace: 8284K(8832K)->8284K(8832K) NonClass: 7553K(7936K)->7553K(7936K) Class: 730K(896K)->730K(896K)
[13.037s][info][gc           ] GC(174) Pause Young (Normal) (G1 Evacuation Pause) 2949M->690M(4080M) 11.553ms
[13.037s][info][gc,cpu       ] GC(174) User=0.19s Sys=0.02s Real=0.01s
[13.112s][info][gc,start     ] GC(175) Pause Young (Normal) (G1 Evacuation Pause)
[13.112s][info][gc,task      ] GC(175) Using 13 workers of 13 for evacuation
[13.124s][info][gc,phases    ] GC(175)   Pre Evacuate Collection Set: 0.1ms
[13.124s][info][gc,phases    ] GC(175)   Evacuate Collection Set: 10.9ms
[13.124s][info][gc,phases    ] GC(175)   Post Evacuate Collection Set: 0.5ms
[13.124s][info][gc,phases    ] GC(175)   Other: 0.2ms
[13.124s][info][gc,heap      ] GC(175) Eden regions: 2271->0(2269)
[13.124s][info][gc,heap      ] GC(175) Survivor regions: 177->179(306)
[13.124s][info][gc,heap      ] GC(175) Old regions: 442->454
[13.124s][info][gc,heap      ] GC(175) Humongous regions: 78->72
[13.124s][info][gc,metaspace ] GC(175) Metaspace: 8284K(8832K)->8284K(8832K) NonClass: 7553K(7936K)->7553K(7936K) Class: 730K(896K)->730K(896K)
[13.124s][info][gc           ] GC(175) Pause Young (Normal) (G1 Evacuation Pause) 2967M->704M(4080M) 11.865ms
[13.124s][info][gc,cpu       ] GC(175) User=0.16s Sys=0.05s Real=0.01s
[13.199s][info][gc,start     ] GC(176) Pause Young (Normal) (G1 Evacuation Pause)
[13.199s][info][gc,task      ] GC(176) Using 13 workers of 13 for evacuation
[13.210s][info][gc,phases    ] GC(176)   Pre Evacuate Collection Set: 0.1ms
[13.211s][info][gc,phases    ] GC(176)   Evacuate Collection Set: 10.9ms
[13.211s][info][gc,phases    ] GC(176)   Post Evacuate Collection Set: 0.5ms
[13.211s][info][gc,phases    ] GC(176)   Other: 0.2ms
[13.211s][info][gc,heap      ] GC(176) Eden regions: 2269->0(2269)
[13.211s][info][gc,heap      ] GC(176) Survivor regions: 179->179(306)
[13.211s][info][gc,heap      ] GC(176) Old regions: 454->466
[13.211s][info][gc,heap      ] GC(176) Humongous regions: 82->74
[13.211s][info][gc,metaspace ] GC(176) Metaspace: 8284K(8832K)->8284K(8832K) NonClass: 7553K(7936K)->7553K(7936K) Class: 730K(896K)->730K(896K)
[13.211s][info][gc           ] GC(176) Pause Young (Normal) (G1 Evacuation Pause) 2983M->718M(4080M) 11.849ms
[13.211s][info][gc,cpu       ] GC(176) User=0.00s Sys=0.00s Real=0.01s
[13.286s][info][gc,start     ] GC(177) Pause Young (Normal) (G1 Evacuation Pause)
[13.286s][info][gc,task      ] GC(177) Using 13 workers of 13 for evacuation
[13.297s][info][gc,phases    ] GC(177)   Pre Evacuate Collection Set: 0.1ms
[13.297s][info][gc,phases    ] GC(177)   Evacuate Collection Set: 10.7ms
[13.297s][info][gc,phases    ] GC(177)   Post Evacuate Collection Set: 0.6ms
[13.297s][info][gc,phases    ] GC(177)   Other: 0.2ms
[13.297s][info][gc,heap      ] GC(177) Eden regions: 2269->0(2269)
[13.297s][info][gc,heap      ] GC(177) Survivor regions: 179->179(306)
[13.297s][info][gc,heap      ] GC(177) Old regions: 466->479
[13.297s][info][gc,heap      ] GC(177) Humongous regions: 76->74
[13.297s][info][gc,metaspace ] GC(177) Metaspace: 8284K(8832K)->8284K(8832K) NonClass: 7553K(7936K)->7553K(7936K) Class: 730K(896K)->730K(896K)
[13.297s][info][gc           ] GC(177) Pause Young (Normal) (G1 Evacuation Pause) 2989M->731M(4080M) 11.700ms
[13.297s][info][gc,cpu       ] GC(177) User=0.09s Sys=0.03s Real=0.01s
[13.372s][info][gc,start     ] GC(178) Pause Young (Normal) (G1 Evacuation Pause)
[13.372s][info][gc,task      ] GC(178) Using 13 workers of 13 for evacuation
[13.383s][info][gc,phases    ] GC(178)   Pre Evacuate Collection Set: 0.0ms
[13.383s][info][gc,phases    ] GC(178)   Evacuate Collection Set: 10.5ms
[13.383s][info][gc,phases    ] GC(178)   Post Evacuate Collection Set: 0.5ms
[13.383s][info][gc,phases    ] GC(178)   Other: 0.2ms
[13.383s][info][gc,heap      ] GC(178) Eden regions: 2269->0(2273)
[13.383s][info][gc,heap      ] GC(178) Survivor regions: 179->176(306)
[13.383s][info][gc,heap      ] GC(178) Old regions: 479->492
[13.383s][info][gc,heap      ] GC(178) Humongous regions: 74->74
[13.383s][info][gc,metaspace ] GC(178) Metaspace: 8284K(8832K)->8284K(8832K) NonClass: 7553K(7936K)->7553K(7936K) Class: 730K(896K)->730K(896K)
[13.383s][info][gc           ] GC(178) Pause Young (Normal) (G1 Evacuation Pause) 3000M->741M(4083M) 11.343ms
[13.383s][info][gc,cpu       ] GC(178) User=0.00s Sys=0.00s Real=0.01s
[13.459s][info][gc,start     ] GC(179) Pause Young (Normal) (G1 Evacuation Pause)
[13.459s][info][gc,task      ] GC(179) Using 13 workers of 13 for evacuation
[13.470s][info][gc,phases    ] GC(179)   Pre Evacuate Collection Set: 0.0ms
[13.470s][info][gc,phases    ] GC(179)   Evacuate Collection Set: 10.5ms
[13.470s][info][gc,phases    ] GC(179)   Post Evacuate Collection Set: 0.6ms
[13.470s][info][gc,phases    ] GC(179)   Other: 0.2ms
[13.470s][info][gc,heap      ] GC(179) Eden regions: 2273->0(2276)
[13.470s][info][gc,heap      ] GC(179) Survivor regions: 176->173(307)
[13.470s][info][gc,heap      ] GC(179) Old regions: 492->504
[13.470s][info][gc,heap      ] GC(179) Humongous regions: 74->74
[13.470s][info][gc,metaspace ] GC(179) Metaspace: 8284K(8832K)->8284K(8832K) NonClass: 7553K(7936K)->7553K(7936K) Class: 730K(896K)->730K(896K)
[13.470s][info][gc           ] GC(179) Pause Young (Normal) (G1 Evacuation Pause) 3014M->750M(4083M) 11.412ms
[13.470s][info][gc,cpu       ] GC(179) User=0.17s Sys=0.03s Real=0.01s
[13.545s][info][gc,start     ] GC(180) Pause Young (Normal) (G1 Evacuation Pause)
[13.545s][info][gc,task      ] GC(180) Using 13 workers of 13 for evacuation
[13.556s][info][gc,phases    ] GC(180)   Pre Evacuate Collection Set: 0.0ms
[13.556s][info][gc,phases    ] GC(180)   Evacuate Collection Set: 10.4ms
[13.556s][info][gc,phases    ] GC(180)   Post Evacuate Collection Set: 0.4ms
[13.556s][info][gc,phases    ] GC(180)   Other: 0.2ms
[13.556s][info][gc,heap      ] GC(180) Eden regions: 2276->0(2275)
[13.556s][info][gc,heap      ] GC(180) Survivor regions: 173->174(307)
[13.556s][info][gc,heap      ] GC(180) Old regions: 504->517
[13.556s][info][gc,heap      ] GC(180) Humongous regions: 74->74
[13.556s][info][gc,metaspace ] GC(180) Metaspace: 8284K(8832K)->8284K(8832K) NonClass: 7553K(7936K)->7553K(7936K) Class: 730K(896K)->730K(896K)
[13.556s][info][gc           ] GC(180) Pause Young (Normal) (G1 Evacuation Pause) 3026M->764M(4083M) 11.156ms
[13.556s][info][gc,cpu       ] GC(180) User=0.00s Sys=0.00s Real=0.01s
[13.632s][info][gc,start     ] GC(181) Pause Young (Normal) (G1 Evacuation Pause)
[13.632s][info][gc,task      ] GC(181) Using 13 workers of 13 for evacuation
[13.643s][info][gc,phases    ] GC(181)   Pre Evacuate Collection Set: 0.1ms
[13.643s][info][gc,phases    ] GC(181)   Evacuate Collection Set: 10.3ms
[13.643s][info][gc,phases    ] GC(181)   Post Evacuate Collection Set: 0.6ms
[13.643s][info][gc,phases    ] GC(181)   Other: 0.2ms
[13.643s][info][gc,heap      ] GC(181) Eden regions: 2275->0(2280)
[13.643s][info][gc,heap      ] GC(181) Survivor regions: 174->169(307)
[13.643s][info][gc,heap      ] GC(181) Old regions: 517->529
[13.643s][info][gc,heap      ] GC(181) Humongous regions: 82->76
[13.643s][info][gc,metaspace ] GC(181) Metaspace: 8284K(8832K)->8284K(8832K) NonClass: 7553K(7936K)->7553K(7936K) Class: 730K(896K)->730K(896K)
[13.643s][info][gc           ] GC(181) Pause Young (Normal) (G1 Evacuation Pause) 3047M->773M(4083M) 11.234ms
[13.643s][info][gc,cpu       ] GC(181) User=0.17s Sys=0.03s Real=0.01s
[13.719s][info][gc,start     ] GC(182) Pause Young (Normal) (G1 Evacuation Pause)
[13.719s][info][gc,task      ] GC(182) Using 13 workers of 13 for evacuation
[13.730s][info][gc,phases    ] GC(182)   Pre Evacuate Collection Set: 0.0ms
[13.730s][info][gc,phases    ] GC(182)   Evacuate Collection Set: 10.6ms
[13.730s][info][gc,phases    ] GC(182)   Post Evacuate Collection Set: 0.5ms
[13.730s][info][gc,phases    ] GC(182)   Other: 0.2ms
[13.730s][info][gc,heap      ] GC(182) Eden regions: 2280->0(2284)
[13.730s][info][gc,heap      ] GC(182) Survivor regions: 169->167(307)
[13.730s][info][gc,heap      ] GC(182) Old regions: 529->541
[13.730s][info][gc,heap      ] GC(182) Humongous regions: 80->76
[13.730s][info][gc,metaspace ] GC(182) Metaspace: 8284K(8832K)->8284K(8832K) NonClass: 7553K(7936K)->7553K(7936K) Class: 730K(896K)->730K(896K)
[13.730s][info][gc           ] GC(182) Pause Young (Normal) (G1 Evacuation Pause) 3057M->783M(4085M) 11.423ms
[13.730s][info][gc,cpu       ] GC(182) User=0.14s Sys=0.02s Real=0.01s
[13.806s][info][gc,start     ] GC(183) Pause Young (Normal) (G1 Evacuation Pause)
[13.806s][info][gc,task      ] GC(183) Using 13 workers of 13 for evacuation
[13.818s][info][gc,phases    ] GC(183)   Pre Evacuate Collection Set: 0.1ms
[13.818s][info][gc,phases    ] GC(183)   Evacuate Collection Set: 10.9ms
[13.818s][info][gc,phases    ] GC(183)   Post Evacuate Collection Set: 0.6ms
[13.818s][info][gc,phases    ] GC(183)   Other: 0.3ms
[13.818s][info][gc,heap      ] GC(183) Eden regions: 2284->0(2283)
[13.818s][info][gc,heap      ] GC(183) Survivor regions: 167->168(307)
[13.818s][info][gc,heap      ] GC(183) Old regions: 541->554
[13.818s][info][gc,heap      ] GC(183) Humongous regions: 80->76
[13.818s][info][gc,metaspace ] GC(183) Metaspace: 8284K(8832K)->8284K(8832K) NonClass: 7553K(7936K)->7553K(7936K) Class: 730K(896K)->730K(896K)
[13.818s][info][gc           ] GC(183) Pause Young (Normal) (G1 Evacuation Pause) 3071M->797M(4085M) 11.971ms
[13.818s][info][gc,cpu       ] GC(183) User=0.20s Sys=0.00s Real=0.01s
[13.894s][info][gc,start     ] GC(184) Pause Young (Normal) (G1 Evacuation Pause)
[13.894s][info][gc,task      ] GC(184) Using 13 workers of 13 for evacuation
[13.906s][info][gc,phases    ] GC(184)   Pre Evacuate Collection Set: 0.1ms
[13.906s][info][gc,phases    ] GC(184)   Evacuate Collection Set: 10.7ms
[13.906s][info][gc,phases    ] GC(184)   Post Evacuate Collection Set: 0.6ms
[13.906s][info][gc,phases    ] GC(184)   Other: 0.2ms
[13.906s][info][gc,heap      ] GC(184) Eden regions: 2283->0(2281)
[13.906s][info][gc,heap      ] GC(184) Survivor regions: 168->170(307)
[13.906s][info][gc,heap      ] GC(184) Old regions: 554->567
[13.906s][info][gc,heap      ] GC(184) Humongous regions: 82->77
[13.906s][info][gc,metaspace ] GC(184) Metaspace: 8284K(8832K)->8284K(8832K) NonClass: 7553K(7936K)->7553K(7936K) Class: 730K(896K)->730K(896K)
[13.906s][info][gc           ] GC(184) Pause Young (Normal) (G1 Evacuation Pause) 3086M->812M(4085M) 11.673ms
[13.906s][info][gc,cpu       ] GC(184) User=0.12s Sys=0.02s Real=0.01s
[13.982s][info][gc,start     ] GC(185) Pause Young (Normal) (G1 Evacuation Pause)
[13.982s][info][gc,task      ] GC(185) Using 13 workers of 13 for evacuation
[13.993s][info][gc,phases    ] GC(185)   Pre Evacuate Collection Set: 0.1ms
[13.993s][info][gc,phases    ] GC(185)   Evacuate Collection Set: 10.5ms
[13.993s][info][gc,phases    ] GC(185)   Post Evacuate Collection Set: 0.6ms
[13.993s][info][gc,phases    ] GC(185)   Other: 0.2ms
[13.993s][info][gc,heap      ] GC(185) Eden regions: 2281->0(2285)
[13.993s][info][gc,heap      ] GC(185) Survivor regions: 170->166(307)
[13.993s][info][gc,heap      ] GC(185) Old regions: 567->581
[13.993s][info][gc,heap      ] GC(185) Humongous regions: 82->78
[13.993s][info][gc,metaspace ] GC(185) Metaspace: 8284K(8832K)->8284K(8832K) NonClass: 7553K(7936K)->7553K(7936K) Class: 730K(896K)->730K(896K)
[13.993s][info][gc           ] GC(185) Pause Young (Normal) (G1 Evacuation Pause) 3098M->823M(4085M) 11.524ms
[13.993s][info][gc,cpu       ] GC(185) User=0.00s Sys=0.00s Real=0.01s
[14.069s][info][gc,start     ] GC(186) Pause Young (Normal) (G1 Evacuation Pause)
[14.069s][info][gc,task      ] GC(186) Using 13 workers of 13 for evacuation
[14.080s][info][gc,phases    ] GC(186)   Pre Evacuate Collection Set: 0.1ms
[14.080s][info][gc,phases    ] GC(186)   Evacuate Collection Set: 10.7ms
[14.080s][info][gc,phases    ] GC(186)   Post Evacuate Collection Set: 0.6ms
[14.080s][info][gc,phases    ] GC(186)   Other: 0.2ms
[14.081s][info][gc,heap      ] GC(186) Eden regions: 2285->0(2273)
[14.081s][info][gc,heap      ] GC(186) Survivor regions: 166->179(307)
[14.081s][info][gc,heap      ] GC(186) Old regions: 581->581
[14.081s][info][gc,heap      ] GC(186) Humongous regions: 83->78
[14.081s][info][gc,metaspace ] GC(186) Metaspace: 8284K(8832K)->8284K(8832K) NonClass: 7553K(7936K)->7553K(7936K) Class: 730K(896K)->730K(896K)
[14.081s][info][gc           ] GC(186) Pause Young (Normal) (G1 Evacuation Pause) 3113M->836M(4087M) 11.659ms
[14.081s][info][gc,cpu       ] GC(186) User=0.20s Sys=0.00s Real=0.01s
[14.156s][info][gc,start     ] GC(187) Pause Young (Normal) (G1 Evacuation Pause)
[14.156s][info][gc,task      ] GC(187) Using 13 workers of 13 for evacuation
[14.168s][info][gc,phases    ] GC(187)   Pre Evacuate Collection Set: 0.1ms
[14.168s][info][gc,phases    ] GC(187)   Evacuate Collection Set: 11.4ms
[14.168s][info][gc,phases    ] GC(187)   Post Evacuate Collection Set: 0.6ms
[14.168s][info][gc,phases    ] GC(187)   Other: 0.2ms
[14.168s][info][gc,heap      ] GC(187) Eden regions: 2273->0(2284)
[14.168s][info][gc,heap      ] GC(187) Survivor regions: 179->168(307)
[14.168s][info][gc,heap      ] GC(187) Old regions: 581->606
[14.168s][info][gc,heap      ] GC(187) Humongous regions: 82->78
[14.168s][info][gc,metaspace ] GC(187) Metaspace: 8284K(8832K)->8284K(8832K) NonClass: 7553K(7936K)->7553K(7936K) Class: 730K(896K)->730K(896K)
[14.168s][info][gc           ] GC(187) Pause Young (Normal) (G1 Evacuation Pause) 3113M->851M(4087M) 12.282ms
[14.168s][info][gc,cpu       ] GC(187) User=0.17s Sys=0.02s Real=0.01s
[14.244s][info][gc,start     ] GC(188) Pause Young (Normal) (G1 Evacuation Pause)
[14.244s][info][gc,task      ] GC(188) Using 13 workers of 13 for evacuation
[14.255s][info][gc,phases    ] GC(188)   Pre Evacuate Collection Set: 0.1ms
[14.255s][info][gc,phases    ] GC(188)   Evacuate Collection Set: 10.7ms
[14.255s][info][gc,phases    ] GC(188)   Post Evacuate Collection Set: 0.5ms
[14.255s][info][gc,phases    ] GC(188)   Other: 0.2ms
[14.255s][info][gc,heap      ] GC(188) Eden regions: 2284->0(2284)
[14.255s][info][gc,heap      ] GC(188) Survivor regions: 168->168(307)
[14.255s][info][gc,heap      ] GC(188) Old regions: 606->620
[14.255s][info][gc,heap      ] GC(188) Humongous regions: 81->78
[14.255s][info][gc,metaspace ] GC(188) Metaspace: 8284K(8832K)->8284K(8832K) NonClass: 7553K(7936K)->7553K(7936K) Class: 730K(896K)->730K(896K)
[14.255s][info][gc           ] GC(188) Pause Young (Normal) (G1 Evacuation Pause) 3138M->864M(4087M) 11.578ms
[14.255s][info][gc,cpu       ] GC(188) User=0.19s Sys=0.02s Real=0.01s
[14.331s][info][gc,start     ] GC(189) Pause Young (Normal) (G1 Evacuation Pause)
[14.331s][info][gc,task      ] GC(189) Using 13 workers of 13 for evacuation
[14.343s][info][gc,phases    ] GC(189)   Pre Evacuate Collection Set: 0.1ms
[14.343s][info][gc,phases    ] GC(189)   Evacuate Collection Set: 10.6ms
[14.343s][info][gc,phases    ] GC(189)   Post Evacuate Collection Set: 0.7ms
[14.343s][info][gc,phases    ] GC(189)   Other: 0.2ms
[14.343s][info][gc,heap      ] GC(189) Eden regions: 2284->0(2287)
[14.343s][info][gc,heap      ] GC(189) Survivor regions: 168->165(307)
[14.343s][info][gc,heap      ] GC(189) Old regions: 620->633
[14.343s][info][gc,heap      ] GC(189) Humongous regions: 83->79
[14.343s][info][gc,metaspace ] GC(189) Metaspace: 8284K(8832K)->8284K(8832K) NonClass: 7553K(7936K)->7553K(7936K) Class: 730K(896K)->730K(896K)
[14.343s][info][gc           ] GC(189) Pause Young (Normal) (G1 Evacuation Pause) 3153M->875M(4087M) 11.613ms
[14.343s][info][gc,cpu       ] GC(189) User=0.09s Sys=0.05s Real=0.01s
[14.419s][info][gc,start     ] GC(190) Pause Young (Normal) (G1 Evacuation Pause)
[14.419s][info][gc,task      ] GC(190) Using 13 workers of 13 for evacuation
[14.431s][info][gc,phases    ] GC(190)   Pre Evacuate Collection Set: 0.1ms
[14.431s][info][gc,phases    ] GC(190)   Evacuate Collection Set: 10.5ms
[14.431s][info][gc,phases    ] GC(190)   Post Evacuate Collection Set: 0.6ms
[14.431s][info][gc,phases    ] GC(190)   Other: 0.2ms
[14.431s][info][gc,heap      ] GC(190) Eden regions: 2287->0(2289)
[14.431s][info][gc,heap      ] GC(190) Survivor regions: 165->164(307)
[14.431s][info][gc,heap      ] GC(190) Old regions: 633->645
[14.431s][info][gc,heap      ] GC(190) Humongous regions: 81->80
[14.431s][info][gc,metaspace ] GC(190) Metaspace: 8284K(8832K)->8284K(8832K) NonClass: 7553K(7936K)->7553K(7936K) Class: 730K(896K)->730K(896K)
[14.431s][info][gc           ] GC(190) Pause Young (Normal) (G1 Evacuation Pause) 3164M->888M(4089M) 11.484ms
[14.431s][info][gc,cpu       ] GC(190) User=0.00s Sys=0.00s Real=0.01s
[14.507s][info][gc,start     ] GC(191) Pause Young (Normal) (G1 Evacuation Pause)
[14.507s][info][gc,task      ] GC(191) Using 13 workers of 13 for evacuation
[14.519s][info][gc,phases    ] GC(191)   Pre Evacuate Collection Set: 0.1ms
[14.519s][info][gc,phases    ] GC(191)   Evacuate Collection Set: 10.9ms
[14.519s][info][gc,phases    ] GC(191)   Post Evacuate Collection Set: 0.6ms
[14.519s][info][gc,phases    ] GC(191)   Other: 0.3ms
[14.519s][info][gc,heap      ] GC(191) Eden regions: 2289->0(2288)
[14.519s][info][gc,heap      ] GC(191) Survivor regions: 164->165(307)
[14.519s][info][gc,heap      ] GC(191) Old regions: 645->659
[14.519s][info][gc,heap      ] GC(191) Humongous regions: 85->80
[14.519s][info][gc,metaspace ] GC(191) Metaspace: 8284K(8832K)->8284K(8832K) NonClass: 7553K(7936K)->7553K(7936K) Class: 730K(896K)->730K(896K)
[14.519s][info][gc           ] GC(191) Pause Young (Normal) (G1 Evacuation Pause) 3182M->903M(4089M) 11.983ms
[14.519s][info][gc,cpu       ] GC(191) User=0.14s Sys=0.06s Real=0.01s
[14.595s][info][gc,start     ] GC(192) Pause Young (Normal) (G1 Evacuation Pause)
[14.595s][info][gc,task      ] GC(192) Using 13 workers of 13 for evacuation
[14.607s][info][gc,phases    ] GC(192)   Pre Evacuate Collection Set: 0.1ms
[14.607s][info][gc,phases    ] GC(192)   Evacuate Collection Set: 10.5ms
[14.607s][info][gc,phases    ] GC(192)   Post Evacuate Collection Set: 0.5ms
[14.607s][info][gc,phases    ] GC(192)   Other: 0.2ms
[14.607s][info][gc,heap      ] GC(192) Eden regions: 2288->0(2276)
[14.607s][info][gc,heap      ] GC(192) Survivor regions: 165->177(307)
[14.607s][info][gc,heap      ] GC(192) Old regions: 659->659
[14.607s][info][gc,heap      ] GC(192) Humongous regions: 85->82
[14.607s][info][gc,metaspace ] GC(192) Metaspace: 8285K(8832K)->8285K(8832K) NonClass: 7555K(7936K)->7555K(7936K) Class: 730K(896K)->730K(896K)
[14.607s][info][gc           ] GC(192) Pause Young (Normal) (G1 Evacuation Pause) 3196M->917M(4089M) 11.436ms
[14.607s][info][gc,cpu       ] GC(192) User=0.14s Sys=0.02s Real=0.01s
[14.682s][info][gc,start     ] GC(193) Pause Young (Normal) (G1 Evacuation Pause)
[14.682s][info][gc,task      ] GC(193) Using 13 workers of 13 for evacuation
[14.694s][info][gc,phases    ] GC(193)   Pre Evacuate Collection Set: 0.1ms
[14.694s][info][gc,phases    ] GC(193)   Evacuate Collection Set: 11.3ms
[14.694s][info][gc,phases    ] GC(193)   Post Evacuate Collection Set: 0.5ms
[14.694s][info][gc,phases    ] GC(193)   Other: 0.2ms
[14.694s][info][gc,heap      ] GC(193) Eden regions: 2276->0(2286)
[14.694s][info][gc,heap      ] GC(193) Survivor regions: 177->167(307)
[14.694s][info][gc,heap      ] GC(193) Old regions: 659->681
[14.694s][info][gc,heap      ] GC(193) Humongous regions: 83->82
[14.694s][info][gc,metaspace ] GC(193) Metaspace: 8285K(8832K)->8285K(8832K) NonClass: 7555K(7936K)->7555K(7936K) Class: 730K(896K)->730K(896K)
[14.694s][info][gc           ] GC(193) Pause Young (Normal) (G1 Evacuation Pause) 3194M->928M(4089M) 12.219ms
[14.695s][info][gc,cpu       ] GC(193) User=0.00s Sys=0.00s Real=0.01s
[14.771s][info][gc,start     ] GC(194) Pause Young (Normal) (G1 Evacuation Pause)
[14.771s][info][gc,task      ] GC(194) Using 13 workers of 13 for evacuation
[14.782s][info][gc,phases    ] GC(194)   Pre Evacuate Collection Set: 0.1ms
[14.782s][info][gc,phases    ] GC(194)   Evacuate Collection Set: 10.5ms
[14.782s][info][gc,phases    ] GC(194)   Post Evacuate Collection Set: 0.6ms
[14.782s][info][gc,phases    ] GC(194)   Other: 0.2ms
[14.782s][info][gc,heap      ] GC(194) Eden regions: 2286->0(2284)
[14.782s][info][gc,heap      ] GC(194) Survivor regions: 167->170(307)
[14.782s][info][gc,heap      ] GC(194) Old regions: 681->690
[14.782s][info][gc,heap      ] GC(194) Humongous regions: 84->82
[14.782s][info][gc,metaspace ] GC(194) Metaspace: 8285K(8832K)->8285K(8832K) NonClass: 7555K(7936K)->7555K(7936K) Class: 730K(896K)->730K(896K)
[14.782s][info][gc           ] GC(194) Pause Young (Normal) (G1 Evacuation Pause) 3216M->941M(4091M) 11.498ms
[14.782s][info][gc,cpu       ] GC(194) User=0.16s Sys=0.00s Real=0.01s
[14.859s][info][gc,start     ] GC(195) Pause Young (Normal) (G1 Evacuation Pause)
[14.859s][info][gc,task      ] GC(195) Using 13 workers of 13 for evacuation
[14.870s][info][gc,phases    ] GC(195)   Pre Evacuate Collection Set: 0.1ms
[14.870s][info][gc,phases    ] GC(195)   Evacuate Collection Set: 10.9ms
[14.870s][info][gc,phases    ] GC(195)   Post Evacuate Collection Set: 0.6ms
[14.870s][info][gc,phases    ] GC(195)   Other: 0.2ms
[14.870s][info][gc,heap      ] GC(195) Eden regions: 2284->0(2277)
[14.870s][info][gc,heap      ] GC(195) Survivor regions: 170->177(307)
[14.871s][info][gc,heap      ] GC(195) Old regions: 690->698
[14.871s][info][gc,heap      ] GC(195) Humongous regions: 87->83
[14.871s][info][gc,metaspace ] GC(195) Metaspace: 8285K(8832K)->8285K(8832K) NonClass: 7555K(7936K)->7555K(7936K) Class: 730K(896K)->730K(896K)
[14.871s][info][gc           ] GC(195) Pause Young (Normal) (G1 Evacuation Pause) 3230M->956M(4091M) 11.854ms
[14.871s][info][gc,cpu       ] GC(195) User=0.16s Sys=0.03s Real=0.01s
[14.947s][info][gc,start     ] GC(196) Pause Young (Normal) (G1 Evacuation Pause)
[14.947s][info][gc,task      ] GC(196) Using 13 workers of 13 for evacuation
[14.959s][info][gc,phases    ] GC(196)   Pre Evacuate Collection Set: 0.1ms
[14.959s][info][gc,phases    ] GC(196)   Evacuate Collection Set: 11.2ms
[14.959s][info][gc,phases    ] GC(196)   Post Evacuate Collection Set: 0.6ms
[14.959s][info][gc,phases    ] GC(196)   Other: 0.2ms
[14.959s][info][gc,heap      ] GC(196) Eden regions: 2277->0(2283)
[14.959s][info][gc,heap      ] GC(196) Survivor regions: 177->171(307)
[14.959s][info][gc,heap      ] GC(196) Old regions: 698->711
[14.959s][info][gc,heap      ] GC(196) Humongous regions: 86->83
[14.959s][info][gc,metaspace ] GC(196) Metaspace: 8285K(8832K)->8285K(8832K) NonClass: 7555K(7936K)->7555K(7936K) Class: 730K(896K)->730K(896K)
[14.959s][info][gc           ] GC(196) Pause Young (Normal) (G1 Evacuation Pause) 3236M->963M(4091M) 12.223ms
[14.959s][info][gc,cpu       ] GC(196) User=0.19s Sys=0.02s Real=0.01s
[15.036s][info][gc,start     ] GC(197) Pause Young (Normal) (G1 Evacuation Pause)
[15.036s][info][gc,task      ] GC(197) Using 13 workers of 13 for evacuation
[15.047s][info][gc,phases    ] GC(197)   Pre Evacuate Collection Set: 0.1ms
[15.047s][info][gc,phases    ] GC(197)   Evacuate Collection Set: 10.3ms
[15.047s][info][gc,phases    ] GC(197)   Post Evacuate Collection Set: 0.6ms
[15.047s][info][gc,phases    ] GC(197)   Other: 0.2ms
[15.047s][info][gc,heap      ] GC(197) Eden regions: 2283->0(2294)
[15.047s][info][gc,heap      ] GC(197) Survivor regions: 171->160(307)
[15.047s][info][gc,heap      ] GC(197) Old regions: 711->725
[15.047s][info][gc,heap      ] GC(197) Humongous regions: 83->83
[15.047s][info][gc,metaspace ] GC(197) Metaspace: 8299K(8832K)->8299K(8832K) NonClass: 7566K(7936K)->7566K(7936K) Class: 733K(896K)->733K(896K)
[15.047s][info][gc           ] GC(197) Pause Young (Normal) (G1 Evacuation Pause) 3246M->966M(4091M) 11.264ms
[15.047s][info][gc,cpu       ] GC(197) User=0.19s Sys=0.02s Real=0.01s
[15.124s][info][gc,start     ] GC(198) Pause Young (Normal) (G1 Evacuation Pause)
[15.124s][info][gc,task      ] GC(198) Using 13 workers of 13 for evacuation
[15.135s][info][gc,phases    ] GC(198)   Pre Evacuate Collection Set: 0.1ms
[15.135s][info][gc,phases    ] GC(198)   Evacuate Collection Set: 9.8ms
[15.135s][info][gc,phases    ] GC(198)   Post Evacuate Collection Set: 0.6ms
[15.135s][info][gc,phases    ] GC(198)   Other: 0.2ms
[15.135s][info][gc,heap      ] GC(198) Eden regions: 2294->0(2294)
[15.135s][info][gc,heap      ] GC(198) Survivor regions: 160->161(307)
[15.135s][info][gc,heap      ] GC(198) Old regions: 725->725
[15.135s][info][gc,heap      ] GC(198) Humongous regions: 83->83
[15.135s][info][gc,metaspace ] GC(198) Metaspace: 8299K(8832K)->8299K(8832K) NonClass: 7566K(7936K)->7566K(7936K) Class: 733K(896K)->733K(896K)
[15.135s][info][gc           ] GC(198) Pause Young (Normal) (G1 Evacuation Pause) 3260M->967M(4092M) 10.846ms
[15.135s][info][gc,cpu       ] GC(198) User=0.00s Sys=0.00s Real=0.01s
[15.212s][info][gc,start     ] GC(199) Pause Young (Normal) (G1 Evacuation Pause)
[15.212s][info][gc,task      ] GC(199) Using 13 workers of 13 for evacuation
[15.223s][info][gc,phases    ] GC(199)   Pre Evacuate Collection Set: 0.1ms
[15.223s][info][gc,phases    ] GC(199)   Evacuate Collection Set: 10.3ms
[15.223s][info][gc,phases    ] GC(199)   Post Evacuate Collection Set: 0.6ms
[15.223s][info][gc,phases    ] GC(199)   Other: 0.2ms
[15.223s][info][gc,heap      ] GC(199) Eden regions: 2294->0(2305)
[15.223s][info][gc,heap      ] GC(199) Survivor regions: 161->150(307)
[15.223s][info][gc,heap      ] GC(199) Old regions: 725->737
[15.223s][info][gc,heap      ] GC(199) Humongous regions: 83->83
[15.223s][info][gc,metaspace ] GC(199) Metaspace: 8299K(8832K)->8299K(8832K) NonClass: 7566K(7936K)->7566K(7936K) Class: 733K(896K)->733K(896K)
[15.223s][info][gc           ] GC(199) Pause Young (Normal) (G1 Evacuation Pause) 3261M->968M(4092M) 11.287ms
[15.223s][info][gc,cpu       ] GC(199) User=0.20s Sys=0.00s Real=0.01s
[15.300s][info][gc,start     ] GC(200) Pause Young (Normal) (G1 Evacuation Pause)
[15.300s][info][gc,task      ] GC(200) Using 13 workers of 13 for evacuation
[15.311s][info][gc,phases    ] GC(200)   Pre Evacuate Collection Set: 0.1ms
[15.311s][info][gc,phases    ] GC(200)   Evacuate Collection Set: 9.5ms
[15.311s][info][gc,phases    ] GC(200)   Post Evacuate Collection Set: 0.5ms
[15.311s][info][gc,phases    ] GC(200)   Other: 0.2ms
[15.311s][info][gc,heap      ] GC(200) Eden regions: 2305->0(2317)
[15.311s][info][gc,heap      ] GC(200) Survivor regions: 150->138(307)
[15.311s][info][gc,heap      ] GC(200) Old regions: 737->749
[15.311s][info][gc,heap      ] GC(200) Humongous regions: 83->83
[15.311s][info][gc,metaspace ] GC(200) Metaspace: 8299K(8832K)->8299K(8832K) NonClass: 7566K(7936K)->7566K(7936K) Class: 733K(896K)->733K(896K)
[15.311s][info][gc           ] GC(200) Pause Young (Normal) (G1 Evacuation Pause) 3273M->968M(4092M) 10.489ms
[15.311s][info][gc,cpu       ] GC(200) User=0.19s Sys=0.02s Real=0.01s
[15.388s][info][gc,start     ] GC(201) Pause Young (Normal) (G1 Evacuation Pause)
[15.388s][info][gc,task      ] GC(201) Using 13 workers of 13 for evacuation
[15.398s][info][gc,phases    ] GC(201)   Pre Evacuate Collection Set: 0.1ms
[15.398s][info][gc,phases    ] GC(201)   Evacuate Collection Set: 8.8ms
[15.398s][info][gc,phases    ] GC(201)   Post Evacuate Collection Set: 0.5ms
[15.398s][info][gc,phases    ] GC(201)   Other: 0.2ms
[15.398s][info][gc,heap      ] GC(201) Eden regions: 2317->0(2331)
[15.398s][info][gc,heap      ] GC(201) Survivor regions: 138->124(307)
[15.398s][info][gc,heap      ] GC(201) Old regions: 749->762
[15.398s][info][gc,heap      ] GC(201) Humongous regions: 83->83
[15.398s][info][gc,metaspace ] GC(201) Metaspace: 8299K(8832K)->8299K(8832K) NonClass: 7566K(7936K)->7566K(7936K) Class: 733K(896K)->733K(896K)
[15.398s][info][gc           ] GC(201) Pause Young (Normal) (G1 Evacuation Pause) 3285M->968M(4092M) 9.734ms
[15.398s][info][gc,cpu       ] GC(201) User=0.00s Sys=0.00s Real=0.01s
[15.476s][info][gc,start     ] GC(202) Pause Young (Normal) (G1 Evacuation Pause)
[15.476s][info][gc,task      ] GC(202) Using 13 workers of 13 for evacuation
[15.485s][info][gc,phases    ] GC(202)   Pre Evacuate Collection Set: 0.1ms
[15.485s][info][gc,phases    ] GC(202)   Evacuate Collection Set: 8.4ms
[15.485s][info][gc,phases    ] GC(202)   Post Evacuate Collection Set: 0.6ms
[15.485s][info][gc,phases    ] GC(202)   Other: 0.2ms
[15.485s][info][gc,heap      ] GC(202) Eden regions: 2331->0(2343)
[15.485s][info][gc,heap      ] GC(202) Survivor regions: 124->112(307)
[15.485s][info][gc,heap      ] GC(202) Old regions: 762->776
[15.485s][info][gc,heap      ] GC(202) Humongous regions: 83->83
[15.485s][info][gc,metaspace ] GC(202) Metaspace: 8299K(8832K)->8299K(8832K) NonClass: 7566K(7936K)->7566K(7936K) Class: 733K(896K)->733K(896K)
[15.485s][info][gc           ] GC(202) Pause Young (Normal) (G1 Evacuation Pause) 3299M->969M(4093M) 9.347ms
[15.485s][info][gc,cpu       ] GC(202) User=0.20s Sys=0.00s Real=0.01s
[15.563s][info][gc,start     ] GC(203) Pause Young (Normal) (G1 Evacuation Pause)
[15.563s][info][gc,task      ] GC(203) Using 13 workers of 13 for evacuation
[15.572s][info][gc,phases    ] GC(203)   Pre Evacuate Collection Set: 0.1ms
[15.572s][info][gc,phases    ] GC(203)   Evacuate Collection Set: 7.6ms
[15.572s][info][gc,phases    ] GC(203)   Post Evacuate Collection Set: 0.5ms
[15.572s][info][gc,phases    ] GC(203)   Other: 0.2ms
[15.572s][info][gc,heap      ] GC(203) Eden regions: 2343->0(2356)
[15.572s][info][gc,heap      ] GC(203) Survivor regions: 112->99(307)
[15.572s][info][gc,heap      ] GC(203) Old regions: 776->789
[15.572s][info][gc,heap      ] GC(203) Humongous regions: 83->83
[15.572s][info][gc,metaspace ] GC(203) Metaspace: 8299K(8832K)->8299K(8832K) NonClass: 7566K(7936K)->7566K(7936K) Class: 733K(896K)->733K(896K)
[15.572s][info][gc           ] GC(203) Pause Young (Normal) (G1 Evacuation Pause) 3312M->970M(4093M) 8.562ms
[15.572s][info][gc,cpu       ] GC(203) User=0.00s Sys=0.00s Real=0.01s
[15.650s][info][gc,start     ] GC(204) Pause Young (Normal) (G1 Evacuation Pause)
[15.650s][info][gc,task      ] GC(204) Using 13 workers of 13 for evacuation
[15.658s][info][gc,phases    ] GC(204)   Pre Evacuate Collection Set: 0.1ms
[15.658s][info][gc,phases    ] GC(204)   Evacuate Collection Set: 6.9ms
[15.658s][info][gc,phases    ] GC(204)   Post Evacuate Collection Set: 0.5ms
[15.658s][info][gc,phases    ] GC(204)   Other: 0.2ms
[15.658s][info][gc,heap      ] GC(204) Eden regions: 2356->0(2367)
[15.658s][info][gc,heap      ] GC(204) Survivor regions: 99->88(307)
[15.658s][info][gc,heap      ] GC(204) Old regions: 789->801
[15.658s][info][gc,heap      ] GC(204) Humongous regions: 83->83
[15.658s][info][gc,metaspace ] GC(204) Metaspace: 8299K(8832K)->8299K(8832K) NonClass: 7566K(7936K)->7566K(7936K) Class: 733K(896K)->733K(896K)
[15.658s][info][gc           ] GC(204) Pause Young (Normal) (G1 Evacuation Pause) 3326M->970M(4093M) 7.824ms
[15.658s][info][gc,cpu       ] GC(204) User=0.20s Sys=0.00s Real=0.01s
[15.737s][info][gc,start     ] GC(205) Pause Young (Normal) (G1 Evacuation Pause)
[15.737s][info][gc,task      ] GC(205) Using 13 workers of 13 for evacuation
[15.744s][info][gc,phases    ] GC(205)   Pre Evacuate Collection Set: 0.1ms
[15.744s][info][gc,phases    ] GC(205)   Evacuate Collection Set: 6.4ms
[15.744s][info][gc,phases    ] GC(205)   Post Evacuate Collection Set: 0.5ms
[15.744s][info][gc,phases    ] GC(205)   Other: 0.3ms
[15.744s][info][gc,heap      ] GC(205) Eden regions: 2367->0(2378)
[15.744s][info][gc,heap      ] GC(205) Survivor regions: 88->77(307)
[15.744s][info][gc,heap      ] GC(205) Old regions: 801->813
[15.744s][info][gc,heap      ] GC(205) Humongous regions: 83->83
[15.744s][info][gc,metaspace ] GC(205) Metaspace: 8299K(8832K)->8299K(8832K) NonClass: 7566K(7936K)->7566K(7936K) Class: 733K(896K)->733K(896K)
[15.744s][info][gc           ] GC(205) Pause Young (Normal) (G1 Evacuation Pause) 3337M->971M(4093M) 7.330ms
[15.744s][info][gc,cpu       ] GC(205) User=0.00s Sys=0.00s Real=0.01s
[15.823s][info][gc,start     ] GC(206) Pause Young (Normal) (G1 Evacuation Pause)
[15.823s][info][gc,task      ] GC(206) Using 13 workers of 13 for evacuation
[15.829s][info][gc,phases    ] GC(206)   Pre Evacuate Collection Set: 0.0ms
[15.829s][info][gc,phases    ] GC(206)   Evacuate Collection Set: 5.7ms
[15.829s][info][gc,phases    ] GC(206)   Post Evacuate Collection Set: 0.5ms
[15.829s][info][gc,phases    ] GC(206)   Other: 0.2ms
[15.829s][info][gc,heap      ] GC(206) Eden regions: 2378->0(2392)
[15.829s][info][gc,heap      ] GC(206) Survivor regions: 77->64(307)
[15.829s][info][gc,heap      ] GC(206) Old regions: 813->826
[15.830s][info][gc,heap      ] GC(206) Humongous regions: 83->83
[15.830s][info][gc,metaspace ] GC(206) Metaspace: 8299K(8832K)->8299K(8832K) NonClass: 7566K(7936K)->7566K(7936K) Class: 733K(896K)->733K(896K)
[15.830s][info][gc           ] GC(206) Pause Young (Normal) (G1 Evacuation Pause) 3349M->971M(4094M) 6.570ms
[15.830s][info][gc,cpu       ] GC(206) User=0.00s Sys=0.00s Real=0.01s
[15.909s][info][gc,start     ] GC(207) Pause Young (Normal) (G1 Evacuation Pause)
[15.909s][info][gc,task      ] GC(207) Using 13 workers of 13 for evacuation
[15.915s][info][gc,phases    ] GC(207)   Pre Evacuate Collection Set: 0.0ms
[15.915s][info][gc,phases    ] GC(207)   Evacuate Collection Set: 5.1ms
[15.915s][info][gc,phases    ] GC(207)   Post Evacuate Collection Set: 0.6ms
[15.915s][info][gc,phases    ] GC(207)   Other: 0.2ms
[15.915s][info][gc,heap      ] GC(207) Eden regions: 2392->0(2403)
[15.915s][info][gc,heap      ] GC(207) Survivor regions: 64->53(307)
[15.915s][info][gc,heap      ] GC(207) Old regions: 826->837
[15.915s][info][gc,heap      ] GC(207) Humongous regions: 83->83
[15.915s][info][gc,metaspace ] GC(207) Metaspace: 8299K(8832K)->8299K(8832K) NonClass: 7566K(7936K)->7566K(7936K) Class: 733K(896K)->733K(896K)
[15.915s][info][gc           ] GC(207) Pause Young (Normal) (G1 Evacuation Pause) 3363M->971M(4094M) 6.040ms
[15.915s][info][gc,cpu       ] GC(207) User=0.00s Sys=0.00s Real=0.01s
[15.995s][info][gc,start     ] GC(208) Pause Young (Normal) (G1 Evacuation Pause)
[15.995s][info][gc,task      ] GC(208) Using 13 workers of 13 for evacuation
[16.000s][info][gc,phases    ] GC(208)   Pre Evacuate Collection Set: 0.1ms
[16.000s][info][gc,phases    ] GC(208)   Evacuate Collection Set: 4.7ms
[16.000s][info][gc,phases    ] GC(208)   Post Evacuate Collection Set: 0.5ms
[16.000s][info][gc,phases    ] GC(208)   Other: 0.2ms
[16.000s][info][gc,heap      ] GC(208) Eden regions: 2403->0(2416)
[16.000s][info][gc,heap      ] GC(208) Survivor regions: 53->40(307)
[16.000s][info][gc,heap      ] GC(208) Old regions: 837->849
[16.000s][info][gc,heap      ] GC(208) Humongous regions: 83->83
[16.000s][info][gc,metaspace ] GC(208) Metaspace: 8299K(8832K)->8299K(8832K) NonClass: 7566K(7936K)->7566K(7936K) Class: 733K(896K)->733K(896K)
[16.000s][info][gc           ] GC(208) Pause Young (Normal) (G1 Evacuation Pause) 3374M->971M(4094M) 5.611ms
[16.000s][info][gc,cpu       ] GC(208) User=0.00s Sys=0.00s Real=0.01s
[16.080s][info][gc,start     ] GC(209) Pause Young (Normal) (G1 Evacuation Pause)
[16.080s][info][gc,task      ] GC(209) Using 13 workers of 13 for evacuation
[16.085s][info][gc,phases    ] GC(209)   Pre Evacuate Collection Set: 0.1ms
[16.085s][info][gc,phases    ] GC(209)   Evacuate Collection Set: 4.2ms
[16.085s][info][gc,phases    ] GC(209)   Post Evacuate Collection Set: 0.5ms
[16.085s][info][gc,phases    ] GC(209)   Other: 0.2ms
[16.085s][info][gc,heap      ] GC(209) Eden regions: 2416->0(2426)
[16.085s][info][gc,heap      ] GC(209) Survivor regions: 40->30(307)
[16.085s][info][gc,heap      ] GC(209) Old regions: 849->862
[16.085s][info][gc,heap      ] GC(209) Humongous regions: 83->83
[16.085s][info][gc,metaspace ] GC(209) Metaspace: 8299K(8832K)->8299K(8832K) NonClass: 7566K(7936K)->7566K(7936K) Class: 733K(896K)->733K(896K)
[16.085s][info][gc           ] GC(209) Pause Young (Normal) (G1 Evacuation Pause) 3387M->973M(4094M) 5.101ms
[16.085s][info][gc,cpu       ] GC(209) User=0.00s Sys=0.00s Real=0.01s
[16.166s][info][gc,start     ] GC(210) Pause Young (Normal) (G1 Evacuation Pause)
[16.166s][info][gc,task      ] GC(210) Using 13 workers of 13 for evacuation
[16.170s][info][gc,phases    ] GC(210)   Pre Evacuate Collection Set: 0.0ms
[16.170s][info][gc,phases    ] GC(210)   Evacuate Collection Set: 3.7ms
[16.170s][info][gc,phases    ] GC(210)   Post Evacuate Collection Set: 0.5ms
[16.170s][info][gc,phases    ] GC(210)   Other: 0.2ms
[16.170s][info][gc,heap      ] GC(210) Eden regions: 2426->0(2437)
[16.170s][info][gc,heap      ] GC(210) Survivor regions: 30->19(307)
[16.170s][info][gc,heap      ] GC(210) Old regions: 862->873
[16.170s][info][gc,heap      ] GC(210) Humongous regions: 83->83
[16.170s][info][gc,metaspace ] GC(210) Metaspace: 8299K(8832K)->8299K(8832K) NonClass: 7566K(7936K)->7566K(7936K) Class: 733K(896K)->733K(896K)
[16.170s][info][gc           ] GC(210) Pause Young (Normal) (G1 Evacuation Pause) 3399M->974M(4094M) 4.487ms
[16.170s][info][gc,cpu       ] GC(210) User=0.20s Sys=0.00s Real=0.00s
[16.251s][info][gc,start     ] GC(211) Pause Young (Normal) (G1 Evacuation Pause)
[16.251s][info][gc,task      ] GC(211) Using 13 workers of 13 for evacuation
[16.255s][info][gc,phases    ] GC(211)   Pre Evacuate Collection Set: 0.1ms
[16.255s][info][gc,phases    ] GC(211)   Evacuate Collection Set: 3.2ms
[16.255s][info][gc,phases    ] GC(211)   Post Evacuate Collection Set: 0.5ms
[16.255s][info][gc,phases    ] GC(211)   Other: 0.2ms
[16.255s][info][gc,heap      ] GC(211) Eden regions: 2437->0(2448)
[16.255s][info][gc,heap      ] GC(211) Survivor regions: 19->8(307)
[16.255s][info][gc,heap      ] GC(211) Old regions: 873->885
[16.255s][info][gc,heap      ] GC(211) Humongous regions: 83->83
[16.255s][info][gc,metaspace ] GC(211) Metaspace: 8299K(8832K)->8299K(8832K) NonClass: 7566K(7936K)->7566K(7936K) Class: 733K(896K)->733K(896K)
[16.255s][info][gc           ] GC(211) Pause Young (Normal) (G1 Evacuation Pause) 3411M->974M(4094M) 4.000ms
[16.255s][info][gc,cpu       ] GC(211) User=0.00s Sys=0.00s Real=0.00s
[16.336s][info][gc,start     ] GC(212) Pause Young (Normal) (G1 Evacuation Pause)
[16.336s][info][gc,task      ] GC(212) Using 13 workers of 13 for evacuation
[16.340s][info][gc,phases    ] GC(212)   Pre Evacuate Collection Set: 0.1ms
[16.340s][info][gc,phases    ] GC(212)   Evacuate Collection Set: 2.8ms
[16.340s][info][gc,phases    ] GC(212)   Post Evacuate Collection Set: 0.4ms
[16.340s][info][gc,phases    ] GC(212)   Other: 0.2ms
[16.340s][info][gc,heap      ] GC(212) Eden regions: 2448->0(2450)
[16.340s][info][gc,heap      ] GC(212) Survivor regions: 8->6(307)
[16.340s][info][gc,heap      ] GC(212) Old regions: 885->886
[16.340s][info][gc,heap      ] GC(212) Humongous regions: 83->83
[16.340s][info][gc,metaspace ] GC(212) Metaspace: 8299K(8832K)->8299K(8832K) NonClass: 7566K(7936K)->7566K(7936K) Class: 733K(896K)->733K(896K)
[16.340s][info][gc           ] GC(212) Pause Young (Normal) (G1 Evacuation Pause) 3422M->974M(4094M) 3.569ms
[16.340s][info][gc,cpu       ] GC(212) User=0.20s Sys=0.00s Real=0.00s
[16.421s][info][gc,start     ] GC(213) Pause Young (Normal) (G1 Evacuation Pause)
[16.421s][info][gc,task      ] GC(213) Using 13 workers of 13 for evacuation
[16.425s][info][gc,phases    ] GC(213)   Pre Evacuate Collection Set: 0.1ms
[16.425s][info][gc,phases    ] GC(213)   Evacuate Collection Set: 3.1ms
[16.425s][info][gc,phases    ] GC(213)   Post Evacuate Collection Set: 0.7ms
[16.425s][info][gc,phases    ] GC(213)   Other: 0.2ms
[16.425s][info][gc,heap      ] GC(213) Eden regions: 2450->0(2450)
[16.425s][info][gc,heap      ] GC(213) Survivor regions: 6->6(307)
[16.425s][info][gc,heap      ] GC(213) Old regions: 886->886
[16.425s][info][gc,heap      ] GC(213) Humongous regions: 83->83
[16.425s][info][gc,metaspace ] GC(213) Metaspace: 8299K(8832K)->8299K(8832K) NonClass: 7566K(7936K)->7566K(7936K) Class: 733K(896K)->733K(896K)
[16.425s][info][gc           ] GC(213) Pause Young (Normal) (G1 Evacuation Pause) 3424M->974M(4094M) 4.198ms
[16.425s][info][gc,cpu       ] GC(213) User=0.00s Sys=0.00s Real=0.00s
[16.507s][info][gc,start     ] GC(214) Pause Young (Normal) (G1 Evacuation Pause)
[16.508s][info][gc,task      ] GC(214) Using 13 workers of 13 for evacuation
[16.511s][info][gc,phases    ] GC(214)   Pre Evacuate Collection Set: 0.1ms
[16.511s][info][gc,phases    ] GC(214)   Evacuate Collection Set: 2.8ms
[16.511s][info][gc,phases    ] GC(214)   Post Evacuate Collection Set: 0.5ms
[16.511s][info][gc,phases    ] GC(214)   Other: 0.2ms
[16.511s][info][gc,heap      ] GC(214) Eden regions: 2450->0(2450)
[16.511s][info][gc,heap      ] GC(214) Survivor regions: 6->6(307)
[16.511s][info][gc,heap      ] GC(214) Old regions: 886->887
[16.511s][info][gc,heap      ] GC(214) Humongous regions: 83->83
[16.511s][info][gc,metaspace ] GC(214) Metaspace: 8299K(8832K)->8299K(8832K) NonClass: 7566K(7936K)->7566K(7936K) Class: 733K(896K)->733K(896K)
[16.511s][info][gc           ] GC(214) Pause Young (Normal) (G1 Evacuation Pause) 3424M->974M(4094M) 3.625ms
[16.511s][info][gc,cpu       ] GC(214) User=0.20s Sys=0.00s Real=0.00s
[16.592s][info][gc,start     ] GC(215) Pause Young (Normal) (G1 Evacuation Pause)
[16.592s][info][gc,task      ] GC(215) Using 13 workers of 13 for evacuation
[16.595s][info][gc,phases    ] GC(215)   Pre Evacuate Collection Set: 0.1ms
[16.595s][info][gc,phases    ] GC(215)   Evacuate Collection Set: 2.7ms
[16.596s][info][gc,phases    ] GC(215)   Post Evacuate Collection Set: 0.5ms
[16.596s][info][gc,phases    ] GC(215)   Other: 0.2ms
[16.596s][info][gc,heap      ] GC(215) Eden regions: 2450->0(2450)
[16.596s][info][gc,heap      ] GC(215) Survivor regions: 6->6(307)
[16.596s][info][gc,heap      ] GC(215) Old regions: 887->887
[16.596s][info][gc,heap      ] GC(215) Humongous regions: 83->83
[16.596s][info][gc,metaspace ] GC(215) Metaspace: 8299K(8832K)->8299K(8832K) NonClass: 7566K(7936K)->7566K(7936K) Class: 733K(896K)->733K(896K)
[16.596s][info][gc           ] GC(215) Pause Young (Normal) (G1 Evacuation Pause) 3424M->975M(4094M) 3.526ms
[16.596s][info][gc,cpu       ] GC(215) User=0.00s Sys=0.00s Real=0.00s
[16.843s][info][gc,heap,exit ] Heap
[16.843s][info][gc,heap,exit ]  garbage-first heap   total 4192256K, used 1758458K [0x0000000700000000, 0x0000000800000000)
[16.843s][info][gc,heap,exit ]   region size 1024K, 728 young (745472K), 6 survivors (6144K)
[16.843s][info][gc,heap,exit ]  Metaspace       used 8567K, capacity 8835K, committed 9088K, reserved 1056768K
[16.843s][info][gc,heap,exit ]   class space    used 784K, capacity 880K, committed 896K, reserved 1048576K
