[0.009s][info][gc] Using Parallel
[0.009s][info][gc,heap,coops] Heap address: 0x0000000700000000, size: 4096 MB, Compressed Oops mode: Zero based, Oop shift amount: 3
[0.271s][info][gc,start     ] GC(0) Pause Young (Allocation Failure)
[0.273s][info][gc,heap      ] GC(0) PSYoungGen: 524800K->12944K(611840K)
[0.273s][info][gc,heap      ] GC(0) ParOldGen: 0K->35K(1398272K)
[0.273s][info][gc,metaspace ] GC(0) Metaspace: 8125K(8576K)->8125K(8576K) NonClass: 7399K(7680K)->7399K(7680K) Class: 725K(896K)->725K(896K)
[0.273s][info][gc           ] GC(0) Pause Young (Allocation Failure) 512M->12M(1963M) 2.244ms
[0.275s][info][gc,cpu       ] GC(0) User=0.20s Sys=0.05s Real=0.00s
[0.339s][info][gc,start     ] GC(1) Pause Young (Allocation Failure)
[0.341s][info][gc,heap      ] GC(1) PSYoungGen: 537744K->18562K(611840K)
[0.341s][info][gc,heap      ] GC(1) ParOldGen: 35K->43K(1398272K)
[0.341s][info][gc,metaspace ] GC(1) Metaspace: 8128K(8576K)->8128K(8576K) NonClass: 7402K(7680K)->7402K(7680K) Class: 725K(896K)->725K(896K)
[0.341s][info][gc           ] GC(1) Pause Young (Allocation Failure) 525M->18M(1963M) 2.468ms
[0.341s][info][gc,cpu       ] GC(1) User=0.00s Sys=0.00s Real=0.00s
[0.389s][info][gc,start     ] GC(2) Pause Young (Allocation Failure)
[0.391s][info][gc,heap      ] GC(2) PSYoungGen: 543362K->28023K(611840K)
[0.391s][info][gc,heap      ] GC(2) ParOldGen: 43K->51K(1398272K)
[0.391s][info][gc,metaspace ] GC(2) Metaspace: 8132K(8576K)->8132K(8576K) NonClass: 7406K(7680K)->7406K(7680K) Class: 725K(896K)->725K(896K)
[0.391s][info][gc           ] GC(2) Pause Young (Allocation Failure) 530M->27M(1963M) 2.237ms
[0.391s][info][gc,cpu       ] GC(2) User=0.00s Sys=0.00s Real=0.00s
[0.407s][info][gc,start     ] GC(3) Pause Young (Allocation Failure)
[0.410s][info][gc,heap      ] GC(3) PSYoungGen: 552823K->29942K(1136640K)
[0.410s][info][gc,heap      ] GC(3) ParOldGen: 51K->123K(1398272K)
[0.410s][info][gc,metaspace ] GC(3) Metaspace: 8146K(8576K)->8146K(8576K) NonClass: 7418K(7680K)->7418K(7680K) Class: 727K(896K)->727K(896K)
[0.410s][info][gc           ] GC(3) Pause Young (Allocation Failure) 539M->29M(2475M) 2.643ms
[0.410s][info][gc,cpu       ] GC(3) User=0.00s Sys=0.00s Real=0.00s
[0.444s][info][gc,start     ] GC(4) Pause Young (Allocation Failure)
[0.447s][info][gc,heap      ] GC(4) PSYoungGen: 1079542K->31172K(1136640K)
[0.447s][info][gc,heap      ] GC(4) ParOldGen: 123K->195K(1398272K)
[0.447s][info][gc,metaspace ] GC(4) Metaspace: 8148K(8576K)->8148K(8576K) NonClass: 7420K(7680K)->7420K(7680K) Class: 727K(896K)->727K(896K)
[0.448s][info][gc           ] GC(4) Pause Young (Allocation Failure) 1054M->30M(2475M) 3.107ms
[0.448s][info][gc,cpu       ] GC(4) User=0.09s Sys=0.02s Real=0.00s
[0.482s][info][gc,start     ] GC(5) Pause Young (Allocation Failure)
[0.486s][info][gc,heap      ] GC(5) PSYoungGen: 1080772K->26481K(1265152K)
[0.486s][info][gc,heap      ] GC(5) ParOldGen: 195K->203K(1398272K)
[0.486s][info][gc,metaspace ] GC(5) Metaspace: 8162K(8576K)->8162K(8576K) NonClass: 7435K(7680K)->7435K(7680K) Class: 727K(896K)->727K(896K)
[0.486s][info][gc           ] GC(5) Pause Young (Allocation Failure) 1055M->26M(2601M) 3.319ms
[0.486s][info][gc,cpu       ] GC(5) User=0.00s Sys=0.00s Real=0.00s
[0.557s][info][gc,start     ] GC(6) Pause Young (Allocation Failure)
[0.561s][info][gc,heap      ] GC(6) PSYoungGen: 1251697K->29400K(1263616K)
[0.561s][info][gc,heap      ] GC(6) ParOldGen: 203K->5611K(1398272K)
[0.561s][info][gc,metaspace ] GC(6) Metaspace: 8166K(8576K)->8166K(8576K) NonClass: 7439K(7680K)->7439K(7680K) Class: 727K(896K)->727K(896K)
[0.561s][info][gc           ] GC(6) Pause Young (Allocation Failure) 1222M->34M(2599M) 3.663ms
[0.561s][info][gc,cpu       ] GC(6) User=0.00s Sys=0.00s Real=0.00s
[0.600s][info][gc,start     ] GC(7) Pause Young (Allocation Failure)
[0.603s][info][gc,heap      ] GC(7) PSYoungGen: 1254616K->26238K(1358336K)
[0.603s][info][gc,heap      ] GC(7) ParOldGen: 5611K->12435K(1398272K)
[0.603s][info][gc,metaspace ] GC(7) Metaspace: 8167K(8576K)->8167K(8576K) NonClass: 7440K(7680K)->7440K(7680K) Class: 727K(896K)->727K(896K)
[0.604s][info][gc           ] GC(7) Pause Young (Allocation Failure) 1230M->37M(2692M) 3.657ms
[0.604s][info][gc,cpu       ] GC(7) User=0.11s Sys=0.09s Real=0.00s
[0.651s][info][gc,start     ] GC(8) Pause Young (Allocation Failure)
[0.655s][info][gc,heap      ] GC(8) PSYoungGen: 1346686K->33137K(1353728K)
[0.655s][info][gc,heap      ] GC(8) ParOldGen: 12435K->15355K(1398272K)
[0.655s][info][gc,metaspace ] GC(8) Metaspace: 8172K(8576K)->8172K(8576K) NonClass: 7445K(7680K)->7445K(7680K) Class: 727K(896K)->727K(896K)
[0.655s][info][gc           ] GC(8) Pause Young (Allocation Failure) 1327M->47M(2687M) 4.103ms
[0.655s][info][gc,cpu       ] GC(8) User=0.00s Sys=0.00s Real=0.00s
[0.696s][info][gc,start     ] GC(9) Pause Young (Allocation Failure)
[0.701s][info][gc,heap      ] GC(9) PSYoungGen: 1353585K->23824K(1358848K)
[0.701s][info][gc,heap      ] GC(9) ParOldGen: 15355K->29494K(1398272K)
[0.701s][info][gc,metaspace ] GC(9) Metaspace: 8175K(8576K)->8175K(8576K) NonClass: 7447K(7680K)->7447K(7680K) Class: 727K(896K)->727K(896K)
[0.701s][info][gc           ] GC(9) Pause Young (Allocation Failure) 1336M->52M(2692M) 4.693ms
[0.701s][info][gc,cpu       ] GC(9) User=0.00s Sys=0.00s Real=0.00s
[0.743s][info][gc,start     ] GC(10) Pause Young (Allocation Failure)
[0.747s][info][gc,heap      ] GC(10) PSYoungGen: 1342736K->10135K(1329152K)
[0.747s][info][gc,heap      ] GC(10) ParOldGen: 29494K->52455K(1398272K)
[0.747s][info][gc,metaspace ] GC(10) Metaspace: 8177K(8576K)->8177K(8576K) NonClass: 7449K(7680K)->7449K(7680K) Class: 727K(896K)->727K(896K)
[0.747s][info][gc           ] GC(10) Pause Young (Allocation Failure) 1340M->61M(2663M) 3.707ms
[0.747s][info][gc,cpu       ] GC(10) User=0.00s Sys=0.00s Real=0.00s
[0.788s][info][gc,start     ] GC(11) Pause Young (Allocation Failure)
[0.790s][info][gc,heap      ] GC(11) PSYoungGen: 1329047K->6932K(1355264K)
[0.790s][info][gc,heap      ] GC(11) ParOldGen: 52455K->63443K(1398272K)
[0.790s][info][gc,metaspace ] GC(11) Metaspace: 8180K(8576K)->8180K(8576K) NonClass: 7453K(7680K)->7453K(7680K) Class: 727K(896K)->727K(896K)
[0.790s][info][gc           ] GC(11) Pause Young (Allocation Failure) 1349M->68M(2689M) 2.295ms
[0.790s][info][gc,cpu       ] GC(11) User=0.05s Sys=0.05s Real=0.00s
[0.832s][info][gc,start     ] GC(12) Pause Young (Allocation Failure)
[0.835s][info][gc,heap      ] GC(12) PSYoungGen: 1321748K->9480K(1324544K)
[0.835s][info][gc,heap      ] GC(12) ParOldGen: 63443K->69985K(1398272K)
[0.835s][info][gc,metaspace ] GC(12) Metaspace: 8184K(8576K)->8184K(8576K) NonClass: 7456K(7680K)->7456K(7680K) Class: 727K(896K)->727K(896K)
[0.835s][info][gc           ] GC(12) Pause Young (Allocation Failure) 1352M->77M(2659M) 2.913ms
[0.835s][info][gc,cpu       ] GC(12) User=0.00s Sys=0.00s Real=0.00s
[0.877s][info][gc,start     ] GC(13) Pause Young (Allocation Failure)
[0.879s][info][gc,heap      ] GC(13) PSYoungGen: 1324296K->9053K(1355776K)
[0.879s][info][gc,heap      ] GC(13) ParOldGen: 69985K->79245K(1398272K)
[0.879s][info][gc,metaspace ] GC(13) Metaspace: 8185K(8576K)->8185K(8576K) NonClass: 7458K(7680K)->7458K(7680K) Class: 727K(896K)->727K(896K)
[0.879s][info][gc           ] GC(13) Pause Young (Allocation Failure) 1361M->86M(2689M) 2.540ms
[0.879s][info][gc,cpu       ] GC(13) User=0.00s Sys=0.00s Real=0.00s
[0.921s][info][gc,start     ] GC(14) Pause Young (Allocation Failure)
[0.923s][info][gc,heap      ] GC(14) PSYoungGen: 1322845K->6639K(1355776K)
[0.923s][info][gc,heap      ] GC(14) ParOldGen: 79245K->88141K(1398272K)
[0.923s][info][gc,metaspace ] GC(14) Metaspace: 8185K(8576K)->8185K(8576K) NonClass: 7458K(7680K)->7458K(7680K) Class: 727K(896K)->727K(896K)
[0.923s][info][gc           ] GC(14) Pause Young (Allocation Failure) 1369M->92M(2689M) 2.492ms
[0.923s][info][gc,cpu       ] GC(14) User=0.00s Sys=0.00s Real=0.00s
[0.964s][info][gc,start     ] GC(15) Pause Young (Allocation Failure)
[0.966s][info][gc,heap      ] GC(15) PSYoungGen: 1320431K->6263K(1355776K)
[0.966s][info][gc,heap      ] GC(15) ParOldGen: 88141K->94597K(1398272K)
[0.967s][info][gc,metaspace ] GC(15) Metaspace: 8192K(8576K)->8192K(8576K) NonClass: 7465K(7680K)->7465K(7680K) Class: 727K(896K)->727K(896K)
[0.967s][info][gc           ] GC(15) Pause Young (Allocation Failure) 1375M->98M(2689M) 2.107ms
[0.967s][info][gc,cpu       ] GC(15) User=0.00s Sys=0.00s Real=0.00s
[1.008s][info][gc,start     ] GC(16) Pause Young (Allocation Failure)
[1.010s][info][gc,heap      ] GC(16) PSYoungGen: 1320055K->7577K(1321472K)
[1.010s][info][gc,heap      ] GC(16) ParOldGen: 94597K->100566K(1398272K)
[1.010s][info][gc,metaspace ] GC(16) Metaspace: 8193K(8576K)->8193K(8576K) NonClass: 7466K(7680K)->7466K(7680K) Class: 727K(896K)->727K(896K)
[1.010s][info][gc           ] GC(16) Pause Young (Allocation Failure) 1381M->105M(2656M) 1.970ms
[1.010s][info][gc,cpu       ] GC(16) User=0.00s Sys=0.00s Real=0.00s
[1.053s][info][gc,start     ] GC(17) Pause Young (Allocation Failure)
[1.055s][info][gc,heap      ] GC(17) PSYoungGen: 1321369K->5501K(1355264K)
[1.055s][info][gc,heap      ] GC(17) ParOldGen: 100566K->107860K(1398272K)
[1.055s][info][gc,metaspace ] GC(17) Metaspace: 8195K(8576K)->8195K(8576K) NonClass: 7468K(7680K)->7468K(7680K) Class: 727K(896K)->727K(896K)
[1.055s][info][gc           ] GC(17) Pause Young (Allocation Failure) 1388M->110M(2689M) 2.144ms
[1.055s][info][gc,cpu       ] GC(17) User=0.14s Sys=0.05s Real=0.00s
[1.097s][info][gc,start     ] GC(18) Pause Young (Allocation Failure)
[1.099s][info][gc,heap      ] GC(18) PSYoungGen: 1319805K->7528K(1354752K)
[1.099s][info][gc,heap      ] GC(18) ParOldGen: 107860K->113157K(1398272K)
[1.099s][info][gc,metaspace ] GC(18) Metaspace: 8195K(8576K)->8195K(8576K) NonClass: 7468K(7680K)->7468K(7680K) Class: 727K(896K)->727K(896K)
[1.099s][info][gc           ] GC(18) Pause Young (Allocation Failure) 1394M->117M(2688M) 2.153ms
[1.099s][info][gc,cpu       ] GC(18) User=0.00s Sys=0.00s Real=0.00s
[1.141s][info][gc,start     ] GC(19) Pause Young (Allocation Failure)
[1.143s][info][gc,heap      ] GC(19) PSYoungGen: 1321832K->5343K(1356288K)
[1.143s][info][gc,heap      ] GC(19) ParOldGen: 113157K->120408K(1398272K)
[1.143s][info][gc,metaspace ] GC(19) Metaspace: 8195K(8576K)->8195K(8576K) NonClass: 7468K(7680K)->7468K(7680K) Class: 727K(896K)->727K(896K)
[1.143s][info][gc           ] GC(19) Pause Young (Allocation Failure) 1401M->122M(2690M) 2.375ms
[1.143s][info][gc,cpu       ] GC(19) User=0.00s Sys=0.00s Real=0.00s
[1.185s][info][gc,start     ] GC(20) Pause Young (Allocation Failure)
[1.187s][info][gc,heap      ] GC(20) PSYoungGen: 1322719K->8484K(1355776K)
[1.187s][info][gc,heap      ] GC(20) ParOldGen: 120408K->125420K(1398272K)
[1.187s][info][gc,metaspace ] GC(20) Metaspace: 8195K(8576K)->8195K(8576K) NonClass: 7468K(7680K)->7468K(7680K) Class: 727K(896K)->727K(896K)
[1.187s][info][gc           ] GC(20) Pause Young (Allocation Failure) 1409M->130M(2689M) 2.134ms
[1.187s][info][gc,cpu       ] GC(20) User=0.00s Sys=0.00s Real=0.00s
[1.229s][info][gc,start     ] GC(21) Pause Young (Allocation Failure)
[1.231s][info][gc,heap      ] GC(21) PSYoungGen: 1325860K->8975K(1357824K)
[1.231s][info][gc,heap      ] GC(21) ParOldGen: 125420K->133740K(1398272K)
[1.231s][info][gc,metaspace ] GC(21) Metaspace: 8196K(8576K)->8196K(8576K) NonClass: 7469K(7680K)->7469K(7680K) Class: 727K(896K)->727K(896K)
[1.231s][info][gc           ] GC(21) Pause Young (Allocation Failure) 1417M->139M(2691M) 2.143ms
[1.231s][info][gc,cpu       ] GC(21) User=0.00s Sys=0.00s Real=0.00s
[1.273s][info][gc,start     ] GC(22) Pause Young (Allocation Failure)
[1.284s][info][gc,heap      ] GC(22) PSYoungGen: 1330959K->20882K(1357312K)
[1.284s][info][gc,heap      ] GC(22) ParOldGen: 133740K->142145K(1398272K)
[1.284s][info][gc,metaspace ] GC(22) Metaspace: 8197K(8576K)->8197K(8576K) NonClass: 7469K(7680K)->7469K(7680K) Class: 727K(896K)->727K(896K)
[1.284s][info][gc           ] GC(22) Pause Young (Allocation Failure) 1430M->159M(2691M) 10.153ms
[1.284s][info][gc,cpu       ] GC(22) User=0.00s Sys=0.00s Real=0.01s
[1.326s][info][gc,start     ] GC(23) Pause Young (Allocation Failure)
[1.339s][info][gc,heap      ] GC(23) PSYoungGen: 1342866K->11850K(1359360K)
[1.339s][info][gc,heap      ] GC(23) ParOldGen: 142145K->156280K(1398272K)
[1.339s][info][gc,metaspace ] GC(23) Metaspace: 8197K(8576K)->8197K(8576K) NonClass: 7470K(7680K)->7470K(7680K) Class: 727K(896K)->727K(896K)
[1.339s][info][gc           ] GC(23) Pause Young (Allocation Failure) 1450M->164M(2693M) 12.543ms
[1.339s][info][gc,cpu       ] GC(23) User=0.19s Sys=0.02s Real=0.01s
[1.381s][info][gc,start     ] GC(24) Pause Young (Allocation Failure)
[1.383s][info][gc,heap      ] GC(24) PSYoungGen: 1337930K->8654K(1360384K)
[1.383s][info][gc,heap      ] GC(24) ParOldGen: 156280K->167677K(1398272K)
[1.383s][info][gc,metaspace ] GC(24) Metaspace: 8197K(8576K)->8197K(8576K) NonClass: 7470K(7680K)->7470K(7680K) Class: 727K(896K)->727K(896K)
[1.383s][info][gc           ] GC(24) Pause Young (Allocation Failure) 1459M->172M(2694M) 2.518ms
[1.383s][info][gc,cpu       ] GC(24) User=0.16s Sys=0.05s Real=0.00s
[1.425s][info][gc,start     ] GC(25) Pause Young (Allocation Failure)
[1.428s][info][gc,heap      ] GC(25) PSYoungGen: 1334734K->8237K(1361920K)
[1.428s][info][gc,heap      ] GC(25) ParOldGen: 167677K->176008K(1398272K)
[1.428s][info][gc,metaspace ] GC(25) Metaspace: 8197K(8576K)->8197K(8576K) NonClass: 7470K(7680K)->7470K(7680K) Class: 727K(896K)->727K(896K)
[1.428s][info][gc           ] GC(25) Pause Young (Allocation Failure) 1467M->179M(2695M) 2.401ms
[1.428s][info][gc,cpu       ] GC(25) User=0.00s Sys=0.00s Real=0.00s
[1.470s][info][gc,start     ] GC(26) Pause Young (Allocation Failure)
[1.472s][info][gc,heap      ] GC(26) PSYoungGen: 1338925K->7423K(1362432K)
[1.472s][info][gc,heap      ] GC(26) ParOldGen: 176008K->183958K(1398272K)
[1.472s][info][gc,metaspace ] GC(26) Metaspace: 8198K(8576K)->8198K(8576K) NonClass: 7470K(7680K)->7470K(7680K) Class: 727K(896K)->727K(896K)
[1.472s][info][gc           ] GC(26) Pause Young (Allocation Failure) 1479M->186M(2696M) 2.060ms
[1.472s][info][gc,cpu       ] GC(26) User=0.00s Sys=0.00s Real=0.00s
[1.514s][info][gc,start     ] GC(27) Pause Young (Allocation Failure)
[1.516s][info][gc,heap      ] GC(27) PSYoungGen: 1338111K->8009K(1364480K)
[1.516s][info][gc,heap      ] GC(27) ParOldGen: 183958K->190879K(1398272K)
[1.516s][info][gc,metaspace ] GC(27) Metaspace: 8218K(8832K)->8218K(8832K) NonClass: 7489K(7936K)->7489K(7936K) Class: 728K(896K)->728K(896K)
[1.516s][info][gc           ] GC(27) Pause Young (Allocation Failure) 1486M->194M(2698M) 2.036ms
[1.516s][info][gc,cpu       ] GC(27) User=0.00s Sys=0.00s Real=0.00s
[1.558s][info][gc,start     ] GC(28) Pause Young (Allocation Failure)
[1.561s][info][gc,heap      ] GC(28) PSYoungGen: 1343305K->7647K(1364992K)
[1.561s][info][gc,heap      ] GC(28) ParOldGen: 190879K->198654K(1398272K)
[1.561s][info][gc,metaspace ] GC(28) Metaspace: 8218K(8832K)->8218K(8832K) NonClass: 7489K(7936K)->7489K(7936K) Class: 728K(896K)->728K(896K)
[1.561s][info][gc           ] GC(28) Pause Young (Allocation Failure) 1498M->201M(2698M) 2.155ms
[1.561s][info][gc,cpu       ] GC(28) User=0.00s Sys=0.00s Real=0.00s
[1.603s][info][gc,start     ] GC(29) Pause Young (Allocation Failure)
[1.605s][info][gc,heap      ] GC(29) PSYoungGen: 1342943K->7325K(1367040K)
[1.605s][info][gc,heap      ] GC(29) ParOldGen: 198654K->205994K(1398272K)
[1.605s][info][gc,metaspace ] GC(29) Metaspace: 8218K(8832K)->8218K(8832K) NonClass: 7489K(7936K)->7489K(7936K) Class: 728K(896K)->728K(896K)
[1.605s][info][gc           ] GC(29) Pause Young (Allocation Failure) 1505M->208M(2700M) 2.011ms
[1.605s][info][gc,cpu       ] GC(29) User=0.00s Sys=0.00s Real=0.00s
[1.648s][info][gc,start     ] GC(30) Pause Young (Allocation Failure)
[1.650s][info][gc,heap      ] GC(30) PSYoungGen: 1347229K->8151K(1367040K)
[1.650s][info][gc,heap      ] GC(30) ParOldGen: 205994K->213021K(1398272K)
[1.650s][info][gc,metaspace ] GC(30) Metaspace: 8221K(8832K)->8221K(8832K) NonClass: 7493K(7936K)->7493K(7936K) Class: 728K(896K)->728K(896K)
[1.650s][info][gc           ] GC(30) Pause Young (Allocation Failure) 1516M->215M(2700M) 2.146ms
[1.650s][info][gc,cpu       ] GC(30) User=0.00s Sys=0.00s Real=0.00s
[1.692s][info][gc,start     ] GC(31) Pause Young (Allocation Failure)
[1.694s][info][gc,heap      ] GC(31) PSYoungGen: 1348055K->4558K(1370112K)
[1.694s][info][gc,heap      ] GC(31) ParOldGen: 213021K->220858K(1398272K)
[1.694s][info][gc,metaspace ] GC(31) Metaspace: 8230K(8832K)->8230K(8832K) NonClass: 7502K(7936K)->7502K(7936K) Class: 728K(896K)->728K(896K)
[1.694s][info][gc           ] GC(31) Pause Young (Allocation Failure) 1524M->220M(2703M) 1.924ms
[1.694s][info][gc,cpu       ] GC(31) User=0.00s Sys=0.00s Real=0.00s
[1.737s][info][gc,start     ] GC(32) Pause Young (Allocation Failure)
[1.739s][info][gc,heap      ] GC(32) PSYoungGen: 1348558K->8927K(1369600K)
[1.739s][info][gc,heap      ] GC(32) ParOldGen: 220858K->225069K(1398272K)
[1.739s][info][gc,metaspace ] GC(32) Metaspace: 8230K(8832K)->8230K(8832K) NonClass: 7502K(7936K)->7502K(7936K) Class: 728K(896K)->728K(896K)
[1.739s][info][gc           ] GC(32) Pause Young (Allocation Failure) 1532M->228M(2703M) 1.827ms
[1.739s][info][gc,cpu       ] GC(32) User=0.00s Sys=0.00s Real=0.00s
[1.782s][info][gc,start     ] GC(33) Pause Young (Allocation Failure)
[1.783s][info][gc,heap      ] GC(33) PSYoungGen: 1352927K->6402K(1370624K)
[1.784s][info][gc,heap      ] GC(33) ParOldGen: 225069K->233506K(1398272K)
[1.784s][info][gc,metaspace ] GC(33) Metaspace: 8230K(8832K)->8230K(8832K) NonClass: 7502K(7936K)->7502K(7936K) Class: 728K(896K)->728K(896K)
[1.784s][info][gc           ] GC(33) Pause Young (Allocation Failure) 1541M->234M(2704M) 1.979ms
[1.784s][info][gc,cpu       ] GC(33) User=0.00s Sys=0.00s Real=0.00s
[1.826s][info][gc,start     ] GC(34) Pause Young (Allocation Failure)
[1.828s][info][gc,heap      ] GC(34) PSYoungGen: 1352962K->7905K(1370112K)
[1.828s][info][gc,heap      ] GC(34) ParOldGen: 233506K->239377K(1398272K)
[1.828s][info][gc,metaspace ] GC(34) Metaspace: 8239K(8832K)->8239K(8832K) NonClass: 7511K(7936K)->7511K(7936K) Class: 728K(896K)->728K(896K)
[1.828s][info][gc           ] GC(34) Pause Young (Allocation Failure) 1549M->241M(2703M) 1.959ms
[1.828s][info][gc,cpu       ] GC(34) User=0.00s Sys=0.00s Real=0.00s
[1.871s][info][gc,start     ] GC(35) Pause Young (Allocation Failure)
[1.873s][info][gc,heap      ] GC(35) PSYoungGen: 1354465K->6207K(1373184K)
[1.873s][info][gc,heap      ] GC(35) ParOldGen: 239377K->246554K(1398272K)
[1.873s][info][gc,metaspace ] GC(35) Metaspace: 8239K(8832K)->8239K(8832K) NonClass: 7511K(7936K)->7511K(7936K) Class: 728K(896K)->728K(896K)
[1.873s][info][gc           ] GC(35) Pause Young (Allocation Failure) 1556M->246M(2706M) 1.936ms
[1.873s][info][gc,cpu       ] GC(35) User=0.00s Sys=0.00s Real=0.00s
[1.915s][info][gc,start     ] GC(36) Pause Young (Allocation Failure)
[1.917s][info][gc,heap      ] GC(36) PSYoungGen: 1357375K->6318K(1372672K)
[1.917s][info][gc,heap      ] GC(36) ParOldGen: 246554K->252515K(1398272K)
[1.917s][info][gc,metaspace ] GC(36) Metaspace: 8239K(8832K)->8239K(8832K) NonClass: 7511K(7936K)->7511K(7936K) Class: 728K(896K)->728K(896K)
[1.917s][info][gc           ] GC(36) Pause Young (Allocation Failure) 1566M->252M(2706M) 1.842ms
[1.917s][info][gc,cpu       ] GC(36) User=0.00s Sys=0.00s Real=0.00s
[1.960s][info][gc,start     ] GC(37) Pause Young (Allocation Failure)
[1.962s][info][gc,heap      ] GC(37) PSYoungGen: 1357486K->6331K(1375232K)
[1.962s][info][gc,heap      ] GC(37) ParOldGen: 252515K->258557K(1398272K)
[1.962s][info][gc,metaspace ] GC(37) Metaspace: 8239K(8832K)->8239K(8832K) NonClass: 7511K(7936K)->7511K(7936K) Class: 728K(896K)->728K(896K)
[1.962s][info][gc           ] GC(37) Pause Young (Allocation Failure) 1572M->258M(2708M) 1.656ms
[1.962s][info][gc,cpu       ] GC(37) User=0.00s Sys=0.00s Real=0.00s
[2.005s][info][gc,start     ] GC(38) Pause Young (Allocation Failure)
[2.007s][info][gc,heap      ] GC(38) PSYoungGen: 1361595K->7046K(1375232K)
[2.007s][info][gc,heap      ] GC(38) ParOldGen: 258557K->264711K(1398272K)
[2.007s][info][gc,metaspace ] GC(38) Metaspace: 8239K(8832K)->8239K(8832K) NonClass: 7511K(7936K)->7511K(7936K) Class: 728K(896K)->728K(896K)
[2.007s][info][gc           ] GC(38) Pause Young (Allocation Failure) 1582M->265M(2708M) 1.840ms
[2.007s][info][gc,cpu       ] GC(38) User=0.00s Sys=0.00s Real=0.00s
[2.050s][info][gc,start     ] GC(39) Pause Young (Allocation Failure)
[2.052s][info][gc,heap      ] GC(39) PSYoungGen: 1362310K->7725K(1377280K)
[2.052s][info][gc,heap      ] GC(39) ParOldGen: 264711K->271517K(1398272K)
[2.052s][info][gc,metaspace ] GC(39) Metaspace: 8239K(8832K)->8239K(8832K) NonClass: 7511K(7936K)->7511K(7936K) Class: 728K(896K)->728K(896K)
[2.052s][info][gc           ] GC(39) Pause Young (Allocation Failure) 1588M->272M(2710M) 1.928ms
[2.052s][info][gc,cpu       ] GC(39) User=0.00s Sys=0.00s Real=0.00s
[2.095s][info][gc,start     ] GC(40) Pause Young (Allocation Failure)
[2.097s][info][gc,heap      ] GC(40) PSYoungGen: 1366061K->8019K(1376768K)
[2.097s][info][gc,heap      ] GC(40) ParOldGen: 271517K->278973K(1398272K)
[2.097s][info][gc,metaspace ] GC(40) Metaspace: 8239K(8832K)->8239K(8832K) NonClass: 7511K(7936K)->7511K(7936K) Class: 728K(896K)->728K(896K)
[2.097s][info][gc           ] GC(40) Pause Young (Allocation Failure) 1599M->280M(2710M) 2.180ms
[2.097s][info][gc,cpu       ] GC(40) User=0.00s Sys=0.00s Real=0.00s
[2.141s][info][gc,start     ] GC(41) Pause Young (Allocation Failure)
[2.143s][info][gc,heap      ] GC(41) PSYoungGen: 1366355K->6981K(1378304K)
[2.143s][info][gc,heap      ] GC(41) ParOldGen: 278973K->286802K(1398272K)
[2.143s][info][gc,metaspace ] GC(41) Metaspace: 8239K(8832K)->8239K(8832K) NonClass: 7511K(7936K)->7511K(7936K) Class: 728K(896K)->728K(896K)
[2.143s][info][gc           ] GC(41) Pause Young (Allocation Failure) 1606M->286M(2711M) 2.057ms
[2.143s][info][gc,cpu       ] GC(41) User=0.00s Sys=0.00s Real=0.00s
[2.186s][info][gc,start     ] GC(42) Pause Young (Allocation Failure)
[2.188s][info][gc,heap      ] GC(42) PSYoungGen: 1368389K->8068K(1377792K)
[2.188s][info][gc,heap      ] GC(42) ParOldGen: 286802K->293359K(1398272K)
[2.188s][info][gc,metaspace ] GC(42) Metaspace: 8239K(8832K)->8239K(8832K) NonClass: 7511K(7936K)->7511K(7936K) Class: 728K(896K)->728K(896K)
[2.188s][info][gc           ] GC(42) Pause Young (Allocation Failure) 1616M->294M(2711M) 1.749ms
[2.188s][info][gc,cpu       ] GC(42) User=0.00s Sys=0.00s Real=0.00s
[2.231s][info][gc,start     ] GC(43) Pause Young (Allocation Failure)
[2.233s][info][gc,heap      ] GC(43) PSYoungGen: 1369476K->8592K(1380864K)
[2.233s][info][gc,heap      ] GC(43) ParOldGen: 293359K->301258K(1398272K)
[2.233s][info][gc,metaspace ] GC(43) Metaspace: 8239K(8832K)->8239K(8832K) NonClass: 7511K(7936K)->7511K(7936K) Class: 728K(896K)->728K(896K)
[2.233s][info][gc           ] GC(43) Pause Young (Allocation Failure) 1623M->302M(2714M) 2.097ms
[2.233s][info][gc,cpu       ] GC(43) User=0.00s Sys=0.00s Real=0.00s
[2.276s][info][gc,start     ] GC(44) Pause Young (Allocation Failure)
[2.278s][info][gc,heap      ] GC(44) PSYoungGen: 1373584K->6353K(1380352K)
[2.278s][info][gc,heap      ] GC(44) ParOldGen: 301258K->309611K(1398272K)
[2.278s][info][gc,metaspace ] GC(44) Metaspace: 8240K(8832K)->8240K(8832K) NonClass: 7511K(7936K)->7511K(7936K) Class: 728K(896K)->728K(896K)
[2.278s][info][gc           ] GC(44) Pause Young (Allocation Failure) 1635M->308M(2713M) 1.884ms
[2.278s][info][gc,cpu       ] GC(44) User=0.00s Sys=0.00s Real=0.00s
[2.322s][info][gc,start     ] GC(45) Pause Young (Allocation Failure)
[2.323s][info][gc,heap      ] GC(45) PSYoungGen: 1371345K->6565K(1381888K)
[2.323s][info][gc,heap      ] GC(45) ParOldGen: 309611K->315753K(1398272K)
[2.323s][info][gc,metaspace ] GC(45) Metaspace: 8240K(8832K)->8240K(8832K) NonClass: 7511K(7936K)->7511K(7936K) Class: 728K(896K)->728K(896K)
[2.323s][info][gc           ] GC(45) Pause Young (Allocation Failure) 1641M->314M(2715M) 1.905ms
[2.323s][info][gc,cpu       ] GC(45) User=0.00s Sys=0.00s Real=0.00s
[2.367s][info][gc,start     ] GC(46) Pause Young (Allocation Failure)
[2.369s][info][gc,heap      ] GC(46) PSYoungGen: 1373605K->9254K(1381376K)
[2.369s][info][gc,heap      ] GC(46) ParOldGen: 315753K->322213K(1398272K)
[2.369s][info][gc,metaspace ] GC(46) Metaspace: 8240K(8832K)->8240K(8832K) NonClass: 7511K(7936K)->7511K(7936K) Class: 728K(896K)->728K(896K)
[2.369s][info][gc           ] GC(46) Pause Young (Allocation Failure) 1649M->323M(2714M) 2.305ms
[2.369s][info][gc,cpu       ] GC(46) User=0.00s Sys=0.00s Real=0.00s
[2.413s][info][gc,start     ] GC(47) Pause Young (Allocation Failure)
[2.415s][info][gc,heap      ] GC(47) PSYoungGen: 1376294K->9102K(1382912K)
[2.415s][info][gc,heap      ] GC(47) ParOldGen: 322213K->331246K(1398272K)
[2.415s][info][gc,metaspace ] GC(47) Metaspace: 8240K(8832K)->8240K(8832K) NonClass: 7511K(7936K)->7511K(7936K) Class: 728K(896K)->728K(896K)
[2.415s][info][gc           ] GC(47) Pause Young (Allocation Failure) 1658M->332M(2716M) 2.310ms
[2.415s][info][gc,cpu       ] GC(47) User=0.19s Sys=0.02s Real=0.00s
[2.459s][info][gc,start     ] GC(48) Pause Young (Allocation Failure)
[2.461s][info][gc,heap      ] GC(48) PSYoungGen: 1377678K->8772K(1382912K)
[2.461s][info][gc,heap      ] GC(48) ParOldGen: 331246K->339736K(1398272K)
[2.461s][info][gc,metaspace ] GC(48) Metaspace: 8240K(8832K)->8240K(8832K) NonClass: 7512K(7936K)->7512K(7936K) Class: 728K(896K)->728K(896K)
[2.461s][info][gc           ] GC(48) Pause Young (Allocation Failure) 1668M->340M(2716M) 1.895ms
[2.461s][info][gc,cpu       ] GC(48) User=0.20s Sys=0.00s Real=0.00s
[2.504s][info][gc,start     ] GC(49) Pause Young (Allocation Failure)
[2.506s][info][gc,heap      ] GC(49) PSYoungGen: 1377348K->8814K(1382912K)
[2.506s][info][gc,heap      ] GC(49) ParOldGen: 339736K->348139K(1398272K)
[2.506s][info][gc,metaspace ] GC(49) Metaspace: 8240K(8832K)->8240K(8832K) NonClass: 7512K(7936K)->7512K(7936K) Class: 728K(896K)->728K(896K)
[2.506s][info][gc           ] GC(49) Pause Young (Allocation Failure) 1676M->348M(2716M) 1.913ms
[2.506s][info][gc,cpu       ] GC(49) User=0.00s Sys=0.00s Real=0.00s
[2.550s][info][gc,start     ] GC(50) Pause Young (Allocation Failure)
[2.551s][info][gc,heap      ] GC(50) PSYoungGen: 1378414K->8448K(1382912K)
[2.551s][info][gc,heap      ] GC(50) ParOldGen: 348139K->356652K(1398272K)
[2.551s][info][gc,metaspace ] GC(50) Metaspace: 8240K(8832K)->8240K(8832K) NonClass: 7512K(7936K)->7512K(7936K) Class: 728K(896K)->728K(896K)
[2.551s][info][gc           ] GC(50) Pause Young (Allocation Failure) 1686M->356M(2716M) 1.824ms
[2.551s][info][gc,cpu       ] GC(50) User=0.00s Sys=0.00s Real=0.00s
[2.595s][info][gc,start     ] GC(51) Pause Young (Allocation Failure)
[2.597s][info][gc,heap      ] GC(51) PSYoungGen: 1378048K->5545K(1384448K)
[2.597s][info][gc,heap      ] GC(51) ParOldGen: 356652K->364955K(1398272K)
[2.597s][info][gc,metaspace ] GC(51) Metaspace: 8240K(8832K)->8240K(8832K) NonClass: 7512K(7936K)->7512K(7936K) Class: 728K(896K)->728K(896K)
[2.597s][info][gc           ] GC(51) Pause Young (Allocation Failure) 1694M->361M(2717M) 1.742ms
[2.597s][info][gc,cpu       ] GC(51) User=0.00s Sys=0.00s Real=0.00s
[2.640s][info][gc,start     ] GC(52) Pause Young (Allocation Failure)
[2.642s][info][gc,heap      ] GC(52) PSYoungGen: 1376681K->6817K(1378304K)
[2.642s][info][gc,heap      ] GC(52) ParOldGen: 364955K->370276K(1398272K)
[2.642s][info][gc,metaspace ] GC(52) Metaspace: 8240K(8832K)->8240K(8832K) NonClass: 7512K(7936K)->7512K(7936K) Class: 728K(896K)->728K(896K)
[2.642s][info][gc           ] GC(52) Pause Young (Allocation Failure) 1700M->368M(2711M) 1.912ms
[2.642s][info][gc,cpu       ] GC(52) User=0.00s Sys=0.00s Real=0.00s
[2.686s][info][gc,start     ] GC(53) Pause Young (Allocation Failure)
[2.688s][info][gc,heap      ] GC(53) PSYoungGen: 1377953K->7289K(1384448K)
[2.688s][info][gc,heap      ] GC(53) ParOldGen: 370276K->376897K(1398272K)
[2.688s][info][gc,metaspace ] GC(53) Metaspace: 8240K(8832K)->8240K(8832K) NonClass: 7512K(7936K)->7512K(7936K) Class: 728K(896K)->728K(896K)
[2.688s][info][gc           ] GC(53) Pause Young (Allocation Failure) 1707M->375M(2717M) 1.814ms
[2.688s][info][gc,cpu       ] GC(53) User=0.00s Sys=0.00s Real=0.00s
[2.731s][info][gc,start     ] GC(54) Pause Young (Allocation Failure)
[2.733s][info][gc,heap      ] GC(54) PSYoungGen: 1378937K->8294K(1383936K)
[2.733s][info][gc,heap      ] GC(54) ParOldGen: 376897K->383983K(1398272K)
[2.733s][info][gc,metaspace ] GC(54) Metaspace: 8240K(8832K)->8240K(8832K) NonClass: 7512K(7936K)->7512K(7936K) Class: 728K(896K)->728K(896K)
[2.733s][info][gc           ] GC(54) Pause Young (Allocation Failure) 1714M->383M(2717M) 1.726ms
[2.733s][info][gc,cpu       ] GC(54) User=0.00s Sys=0.00s Real=0.00s
[2.776s][info][gc,start     ] GC(55) Pause Young (Allocation Failure)
[2.778s][info][gc,heap      ] GC(55) PSYoungGen: 1379942K->6597K(1384960K)
[2.778s][info][gc,heap      ] GC(55) ParOldGen: 383983K->392064K(1398272K)
[2.778s][info][gc,metaspace ] GC(55) Metaspace: 8240K(8832K)->8240K(8832K) NonClass: 7512K(7936K)->7512K(7936K) Class: 728K(896K)->728K(896K)
[2.778s][info][gc           ] GC(55) Pause Young (Allocation Failure) 1722M->389M(2718M) 1.876ms
[2.778s][info][gc,cpu       ] GC(55) User=0.00s Sys=0.00s Real=0.00s
[2.822s][info][gc,start     ] GC(56) Pause Young (Allocation Failure)
[2.824s][info][gc,heap      ] GC(56) PSYoungGen: 1379781K->8100K(1384960K)
[2.824s][info][gc,heap      ] GC(56) ParOldGen: 392064K->398340K(1398272K)
[2.824s][info][gc,metaspace ] GC(56) Metaspace: 8240K(8832K)->8240K(8832K) NonClass: 7512K(7936K)->7512K(7936K) Class: 728K(896K)->728K(896K)
[2.824s][info][gc           ] GC(56) Pause Young (Allocation Failure) 1730M->396M(2718M) 1.807ms
[2.824s][info][gc,cpu       ] GC(56) User=0.00s Sys=0.00s Real=0.00s
[2.868s][info][gc,start     ] GC(57) Pause Young (Allocation Failure)
[2.869s][info][gc,heap      ] GC(57) PSYoungGen: 1381284K->7714K(1384960K)
[2.869s][info][gc,heap      ] GC(57) ParOldGen: 398340K->406264K(1398272K)
[2.869s][info][gc,metaspace ] GC(57) Metaspace: 8240K(8832K)->8240K(8832K) NonClass: 7512K(7936K)->7512K(7936K) Class: 728K(896K)->728K(896K)
[2.869s][info][gc           ] GC(57) Pause Young (Allocation Failure) 1737M->404M(2718M) 1.855ms
[2.869s][info][gc,cpu       ] GC(57) User=0.00s Sys=0.00s Real=0.00s
[2.913s][info][gc,start     ] GC(58) Pause Young (Allocation Failure)
[2.915s][info][gc,heap      ] GC(58) PSYoungGen: 1381922K->9613K(1385472K)
[2.915s][info][gc,heap      ] GC(58) ParOldGen: 406264K->413821K(1398272K)
[2.915s][info][gc,metaspace ] GC(58) Metaspace: 8240K(8832K)->8240K(8832K) NonClass: 7512K(7936K)->7512K(7936K) Class: 728K(896K)->728K(896K)
[2.915s][info][gc           ] GC(58) Pause Young (Allocation Failure) 1746M->413M(2718M) 2.132ms
[2.915s][info][gc,cpu       ] GC(58) User=0.05s Sys=0.11s Real=0.00s
[2.959s][info][gc,start     ] GC(59) Pause Young (Allocation Failure)
[2.961s][info][gc,heap      ] GC(59) PSYoungGen: 1383821K->7733K(1385984K)
[2.961s][info][gc,heap      ] GC(59) ParOldGen: 413821K->423048K(1398272K)
[2.961s][info][gc,metaspace ] GC(59) Metaspace: 8240K(8832K)->8240K(8832K) NonClass: 7512K(7936K)->7512K(7936K) Class: 728K(896K)->728K(896K)
[2.961s][info][gc           ] GC(59) Pause Young (Allocation Failure) 1755M->420M(2719M) 1.953ms
[2.961s][info][gc,cpu       ] GC(59) User=0.19s Sys=0.02s Real=0.00s
[3.005s][info][gc,start     ] GC(60) Pause Young (Allocation Failure)
[3.006s][info][gc,heap      ] GC(60) PSYoungGen: 1382453K->7153K(1385984K)
[3.006s][info][gc,heap      ] GC(60) ParOldGen: 423048K->430481K(1398272K)
[3.007s][info][gc,metaspace ] GC(60) Metaspace: 8240K(8832K)->8240K(8832K) NonClass: 7512K(7936K)->7512K(7936K) Class: 728K(896K)->728K(896K)
[3.007s][info][gc           ] GC(60) Pause Young (Allocation Failure) 1763M->427M(2719M) 1.713ms
[3.007s][info][gc,cpu       ] GC(60) User=0.00s Sys=0.00s Real=0.00s
[3.050s][info][gc,start     ] GC(61) Pause Young (Allocation Failure)
[3.052s][info][gc,heap      ] GC(61) PSYoungGen: 1381873K->5843K(1386496K)
[3.052s][info][gc,heap      ] GC(61) ParOldGen: 430481K->437508K(1398272K)
[3.052s][info][gc,metaspace ] GC(61) Metaspace: 8242K(8832K)->8242K(8832K) NonClass: 7514K(7936K)->7514K(7936K) Class: 728K(896K)->728K(896K)
[3.052s][info][gc           ] GC(61) Pause Young (Allocation Failure) 1769M->432M(2719M) 1.953ms
[3.052s][info][gc,cpu       ] GC(61) User=0.00s Sys=0.00s Real=0.00s
[3.096s][info][gc,start     ] GC(62) Pause Young (Allocation Failure)
[3.097s][info][gc,heap      ] GC(62) PSYoungGen: 1381075K->5702K(1386496K)
[3.097s][info][gc,heap      ] GC(62) ParOldGen: 437508K->442960K(1398272K)
[3.097s][info][gc,metaspace ] GC(62) Metaspace: 8242K(8832K)->8242K(8832K) NonClass: 7514K(7936K)->7514K(7936K) Class: 728K(896K)->728K(896K)
[3.097s][info][gc           ] GC(62) Pause Young (Allocation Failure) 1775M->438M(2719M) 1.654ms
[3.097s][info][gc,cpu       ] GC(62) User=0.00s Sys=0.00s Real=0.00s
[3.141s][info][gc,start     ] GC(63) Pause Young (Allocation Failure)
[3.143s][info][gc,heap      ] GC(63) PSYoungGen: 1380934K->7533K(1385472K)
[3.143s][info][gc,heap      ] GC(63) ParOldGen: 442960K->448333K(1398272K)
[3.143s][info][gc,metaspace ] GC(63) Metaspace: 8242K(8832K)->8242K(8832K) NonClass: 7514K(7936K)->7514K(7936K) Class: 728K(896K)->728K(896K)
[3.143s][info][gc           ] GC(63) Pause Young (Allocation Failure) 1781M->445M(2718M) 1.745ms
[3.143s][info][gc,cpu       ] GC(63) User=0.00s Sys=0.00s Real=0.00s
[3.187s][info][gc,start     ] GC(64) Pause Young (Allocation Failure)
[3.189s][info][gc,heap      ] GC(64) PSYoungGen: 1382765K->5403K(1385984K)
[3.189s][info][gc,heap      ] GC(64) ParOldGen: 448333K->455803K(1398272K)
[3.189s][info][gc,metaspace ] GC(64) Metaspace: 8242K(8832K)->8242K(8832K) NonClass: 7514K(7936K)->7514K(7936K) Class: 728K(896K)->728K(896K)
[3.189s][info][gc           ] GC(64) Pause Young (Allocation Failure) 1788M->450M(2719M) 2.118ms
[3.189s][info][gc,cpu       ] GC(64) User=0.00s Sys=0.00s Real=0.00s
[3.233s][info][gc,start     ] GC(65) Pause Young (Allocation Failure)
[3.235s][info][gc,heap      ] GC(65) PSYoungGen: 1380635K->7933K(1387008K)
[3.235s][info][gc,heap      ] GC(65) ParOldGen: 455803K->460828K(1398272K)
[3.235s][info][gc,metaspace ] GC(65) Metaspace: 8242K(8832K)->8242K(8832K) NonClass: 7514K(7936K)->7514K(7936K) Class: 728K(896K)->728K(896K)
[3.235s][info][gc           ] GC(65) Pause Young (Allocation Failure) 1793M->457M(2720M) 1.720ms
[3.235s][info][gc,cpu       ] GC(65) User=0.00s Sys=0.00s Real=0.00s
[3.278s][info][gc,start     ] GC(66) Pause Young (Allocation Failure)
[3.280s][info][gc,heap      ] GC(66) PSYoungGen: 1384189K->6368K(1387008K)
[3.280s][info][gc,heap      ] GC(66) ParOldGen: 460828K->468527K(1398272K)
[3.280s][info][gc,metaspace ] GC(66) Metaspace: 8242K(8832K)->8242K(8832K) NonClass: 7514K(7936K)->7514K(7936K) Class: 728K(896K)->728K(896K)
[3.280s][info][gc           ] GC(66) Pause Young (Allocation Failure) 1801M->463M(2720M) 1.736ms
[3.280s][info][gc,cpu       ] GC(66) User=0.00s Sys=0.00s Real=0.00s
[3.325s][info][gc,start     ] GC(67) Pause Young (Allocation Failure)
[3.338s][info][gc,heap      ] GC(67) PSYoungGen: 1382624K->10725K(1372672K)
[3.338s][info][gc,heap      ] GC(67) ParOldGen: 468527K->485979K(1398272K)
[3.338s][info][gc,metaspace ] GC(67) Metaspace: 8242K(8832K)->8242K(8832K) NonClass: 7514K(7936K)->7514K(7936K) Class: 728K(896K)->728K(896K)
[3.339s][info][gc           ] GC(67) Pause Young (Allocation Failure) 1807M->485M(2706M) 13.056ms
[3.339s][info][gc,cpu       ] GC(67) User=0.19s Sys=0.02s Real=0.01s
[3.382s][info][gc,start     ] GC(68) Pause Young (Allocation Failure)
[3.400s][info][gc,heap      ] GC(68) PSYoungGen: 1372645K->7877K(1379840K)
[3.400s][info][gc,heap      ] GC(68) ParOldGen: 485979K->496620K(1398272K)
[3.400s][info][gc,metaspace ] GC(68) Metaspace: 8242K(8832K)->8242K(8832K) NonClass: 7514K(7936K)->7514K(7936K) Class: 728K(896K)->728K(896K)
[3.400s][info][gc           ] GC(68) Pause Young (Allocation Failure) 1815M->492M(2713M) 18.113ms
[3.400s][info][gc,cpu       ] GC(68) User=0.36s Sys=0.05s Real=0.02s
[3.443s][info][gc,start     ] GC(69) Pause Young (Allocation Failure)
[3.445s][info][gc,heap      ] GC(69) PSYoungGen: 1369797K->6506K(1379328K)
[3.445s][info][gc,heap      ] GC(69) ParOldGen: 496620K->504338K(1398272K)
[3.445s][info][gc,metaspace ] GC(69) Metaspace: 8242K(8832K)->8242K(8832K) NonClass: 7514K(7936K)->7514K(7936K) Class: 728K(896K)->728K(896K)
[3.445s][info][gc           ] GC(69) Pause Young (Allocation Failure) 1822M->498M(2712M) 2.000ms
[3.445s][info][gc,cpu       ] GC(69) User=0.03s Sys=0.17s Real=0.00s
[3.488s][info][gc,start     ] GC(70) Pause Young (Allocation Failure)
[3.490s][info][gc,heap      ] GC(70) PSYoungGen: 1368938K->4030K(1379840K)
[3.490s][info][gc,heap      ] GC(70) ParOldGen: 504338K->510702K(1398272K)
[3.490s][info][gc,metaspace ] GC(70) Metaspace: 8242K(8832K)->8242K(8832K) NonClass: 7514K(7936K)->7514K(7936K) Class: 728K(896K)->728K(896K)
[3.490s][info][gc           ] GC(70) Pause Young (Allocation Failure) 1829M->502M(2713M) 1.689ms
[3.490s][info][gc,cpu       ] GC(70) User=0.00s Sys=0.00s Real=0.00s
[3.533s][info][gc,start     ] GC(71) Pause Young (Allocation Failure)
[3.535s][info][gc,heap      ] GC(71) PSYoungGen: 1366462K->4619K(1379328K)
[3.535s][info][gc,heap      ] GC(71) ParOldGen: 510702K->514634K(1398272K)
[3.535s][info][gc,metaspace ] GC(71) Metaspace: 8242K(8832K)->8242K(8832K) NonClass: 7514K(7936K)->7514K(7936K) Class: 728K(896K)->728K(896K)
[3.535s][info][gc           ] GC(71) Pause Young (Allocation Failure) 1833M->507M(2712M) 1.850ms
[3.535s][info][gc,cpu       ] GC(71) User=0.00s Sys=0.00s Real=0.00s
[3.579s][info][gc,start     ] GC(72) Pause Young (Allocation Failure)
[3.580s][info][gc,heap      ] GC(72) PSYoungGen: 1367563K->6347K(1379840K)
[3.580s][info][gc,heap      ] GC(72) ParOldGen: 514634K->519030K(1398272K)
[3.580s][info][gc,metaspace ] GC(72) Metaspace: 8242K(8832K)->8242K(8832K) NonClass: 7514K(7936K)->7514K(7936K) Class: 728K(896K)->728K(896K)
[3.580s][info][gc           ] GC(72) Pause Young (Allocation Failure) 1838M->513M(2713M) 1.900ms
[3.580s][info][gc,cpu       ] GC(72) User=0.00s Sys=0.00s Real=0.00s
[3.624s][info][gc,start     ] GC(73) Pause Young (Allocation Failure)
[3.626s][info][gc,heap      ] GC(73) PSYoungGen: 1369291K->7828K(1378816K)
[3.626s][info][gc,heap      ] GC(73) ParOldGen: 519030K->524952K(1398272K)
[3.626s][info][gc,metaspace ] GC(73) Metaspace: 8242K(8832K)->8242K(8832K) NonClass: 7514K(7936K)->7514K(7936K) Class: 728K(896K)->728K(896K)
[3.626s][info][gc           ] GC(73) Pause Young (Allocation Failure) 1844M->520M(2712M) 1.969ms
[3.626s][info][gc,cpu       ] GC(73) User=0.00s Sys=0.00s Real=0.00s
[3.670s][info][gc,start     ] GC(74) Pause Young (Allocation Failure)
[3.671s][info][gc,heap      ] GC(74) PSYoungGen: 1372308K->8021K(1379840K)
[3.671s][info][gc,heap      ] GC(74) ParOldGen: 524952K->532576K(1398272K)
[3.671s][info][gc,metaspace ] GC(74) Metaspace: 8242K(8832K)->8242K(8832K) NonClass: 7514K(7936K)->7514K(7936K) Class: 728K(896K)->728K(896K)
[3.671s][info][gc           ] GC(74) Pause Young (Allocation Failure) 1852M->527M(2713M) 1.856ms
[3.671s][info][gc,cpu       ] GC(74) User=0.00s Sys=0.00s Real=0.00s
[3.715s][info][gc,start     ] GC(75) Pause Young (Allocation Failure)
[3.717s][info][gc,heap      ] GC(75) PSYoungGen: 1372501K->7255K(1380864K)
[3.717s][info][gc,heap      ] GC(75) ParOldGen: 532576K->540259K(1398272K)
[3.717s][info][gc,metaspace ] GC(75) Metaspace: 8242K(8832K)->8242K(8832K) NonClass: 7514K(7936K)->7514K(7936K) Class: 728K(896K)->728K(896K)
[3.717s][info][gc           ] GC(75) Pause Young (Allocation Failure) 1860M->534M(2714M) 1.921ms
[3.717s][info][gc,cpu       ] GC(75) User=0.00s Sys=0.00s Real=0.00s
[3.760s][info][gc,start     ] GC(76) Pause Young (Allocation Failure)
[3.762s][info][gc,heap      ] GC(76) PSYoungGen: 1374807K->8948K(1381888K)
[3.762s][info][gc,heap      ] GC(76) ParOldGen: 540259K->547181K(1398272K)
[3.762s][info][gc,metaspace ] GC(76) Metaspace: 8242K(8832K)->8242K(8832K) NonClass: 7514K(7936K)->7514K(7936K) Class: 728K(896K)->728K(896K)
[3.762s][info][gc           ] GC(76) Pause Young (Allocation Failure) 1870M->543M(2715M) 2.018ms
[3.762s][info][gc,cpu       ] GC(76) User=0.00s Sys=0.00s Real=0.00s
[3.806s][info][gc,start     ] GC(77) Pause Young (Allocation Failure)
[3.808s][info][gc,heap      ] GC(77) PSYoungGen: 1376500K->8138K(1382400K)
[3.808s][info][gc,heap      ] GC(77) ParOldGen: 547181K->555710K(1398272K)
[3.808s][info][gc,metaspace ] GC(77) Metaspace: 8242K(8832K)->8242K(8832K) NonClass: 7514K(7936K)->7514K(7936K) Class: 728K(896K)->728K(896K)
[3.808s][info][gc           ] GC(77) Pause Young (Allocation Failure) 1878M->550M(2715M) 2.066ms
[3.808s][info][gc,cpu       ] GC(77) User=0.00s Sys=0.00s Real=0.00s
[3.851s][info][gc,start     ] GC(78) Pause Young (Allocation Failure)
[3.853s][info][gc,heap      ] GC(78) PSYoungGen: 1377226K->7745K(1382912K)
[3.853s][info][gc,heap      ] GC(78) ParOldGen: 555710K->563558K(1398272K)
[3.853s][info][gc,metaspace ] GC(78) Metaspace: 8242K(8832K)->8242K(8832K) NonClass: 7514K(7936K)->7514K(7936K) Class: 728K(896K)->728K(896K)
[3.853s][info][gc           ] GC(78) Pause Young (Allocation Failure) 1887M->557M(2716M) 1.763ms
[3.853s][info][gc,cpu       ] GC(78) User=0.00s Sys=0.00s Real=0.00s
[3.896s][info][gc,start     ] GC(79) Pause Young (Allocation Failure)
[3.898s][info][gc,heap      ] GC(79) PSYoungGen: 1376833K->8659K(1382912K)
[3.898s][info][gc,heap      ] GC(79) ParOldGen: 563558K->571114K(1398272K)
[3.898s][info][gc,metaspace ] GC(79) Metaspace: 8242K(8832K)->8242K(8832K) NonClass: 7514K(7936K)->7514K(7936K) Class: 728K(896K)->728K(896K)
[3.898s][info][gc           ] GC(79) Pause Young (Allocation Failure) 1894M->566M(2716M) 1.850ms
[3.898s][info][gc,cpu       ] GC(79) User=0.05s Sys=0.16s Real=0.00s
[3.942s][info][gc,start     ] GC(80) Pause Young (Allocation Failure)
[3.943s][info][gc,heap      ] GC(80) PSYoungGen: 1379283K->7470K(1383424K)
[3.943s][info][gc,heap      ] GC(80) ParOldGen: 571114K->579476K(1398272K)
[3.943s][info][gc,metaspace ] GC(80) Metaspace: 8242K(8832K)->8242K(8832K) NonClass: 7514K(7936K)->7514K(7936K) Class: 728K(896K)->728K(896K)
[3.943s][info][gc           ] GC(80) Pause Young (Allocation Failure) 1904M->573M(2716M) 1.883ms
[3.943s][info][gc,cpu       ] GC(80) User=0.00s Sys=0.00s Real=0.00s
[3.987s][info][gc,start     ] GC(81) Pause Young (Allocation Failure)
[3.989s][info][gc,heap      ] GC(81) PSYoungGen: 1378094K->7250K(1384960K)
[3.989s][info][gc,heap      ] GC(81) ParOldGen: 579476K->586794K(1398272K)
[3.989s][info][gc,metaspace ] GC(81) Metaspace: 8242K(8832K)->8242K(8832K) NonClass: 7514K(7936K)->7514K(7936K) Class: 728K(896K)->728K(896K)
[3.989s][info][gc           ] GC(81) Pause Young (Allocation Failure) 1911M->580M(2718M) 1.869ms
[3.989s][info][gc,cpu       ] GC(81) User=0.00s Sys=0.00s Real=0.00s
[4.033s][info][gc,start     ] GC(82) Pause Young (Allocation Failure)
[4.035s][info][gc,heap      ] GC(82) PSYoungGen: 1379922K->6363K(1384960K)
[4.035s][info][gc,heap      ] GC(82) ParOldGen: 586794K->593941K(1398272K)
[4.035s][info][gc,metaspace ] GC(82) Metaspace: 8242K(8832K)->8242K(8832K) NonClass: 7514K(7936K)->7514K(7936K) Class: 728K(896K)->728K(896K)
[4.035s][info][gc           ] GC(82) Pause Young (Allocation Failure) 1920M->586M(2718M) 1.989ms
[4.035s][info][gc,cpu       ] GC(82) User=0.00s Sys=0.00s Real=0.00s
[4.078s][info][gc,start     ] GC(83) Pause Young (Allocation Failure)
[4.080s][info][gc,heap      ] GC(83) PSYoungGen: 1379035K->8088K(1384448K)
[4.080s][info][gc,heap      ] GC(83) ParOldGen: 593941K->600022K(1398272K)
[4.080s][info][gc,metaspace ] GC(83) Metaspace: 8242K(8832K)->8242K(8832K) NonClass: 7514K(7936K)->7514K(7936K) Class: 728K(896K)->728K(896K)
[4.080s][info][gc           ] GC(83) Pause Young (Allocation Failure) 1926M->593M(2717M) 1.882ms
[4.080s][info][gc,cpu       ] GC(83) User=0.00s Sys=0.00s Real=0.00s
[4.124s][info][gc,start     ] GC(84) Pause Young (Allocation Failure)
[4.126s][info][gc,heap      ] GC(84) PSYoungGen: 1381272K->5885K(1384960K)
[4.126s][info][gc,heap      ] GC(84) ParOldGen: 600022K->607935K(1398272K)
[4.126s][info][gc,metaspace ] GC(84) Metaspace: 8242K(8832K)->8242K(8832K) NonClass: 7514K(7936K)->7514K(7936K) Class: 728K(896K)->728K(896K)
[4.126s][info][gc           ] GC(84) Pause Young (Allocation Failure) 1934M->599M(2718M) 1.945ms
[4.126s][info][gc,cpu       ] GC(84) User=0.00s Sys=0.00s Real=0.00s
[4.170s][info][gc,start     ] GC(85) Pause Young (Allocation Failure)
[4.172s][info][gc,heap      ] GC(85) PSYoungGen: 1379069K->8813K(1385984K)
[4.172s][info][gc,heap      ] GC(85) ParOldGen: 607935K->613548K(1398272K)
[4.172s][info][gc,metaspace ] GC(85) Metaspace: 8242K(8832K)->8242K(8832K) NonClass: 7514K(7936K)->7514K(7936K) Class: 728K(896K)->728K(896K)
[4.172s][info][gc           ] GC(85) Pause Young (Allocation Failure) 1940M->607M(2719M) 1.908ms
[4.172s][info][gc,cpu       ] GC(85) User=0.00s Sys=0.00s Real=0.00s
[4.215s][info][gc,start     ] GC(86) Pause Young (Allocation Failure)
[4.217s][info][gc,heap      ] GC(86) PSYoungGen: 1383021K->5768K(1385984K)
[4.217s][info][gc,heap      ] GC(86) ParOldGen: 613548K->622284K(1398272K)
[4.217s][info][gc,metaspace ] GC(86) Metaspace: 8242K(8832K)->8242K(8832K) NonClass: 7514K(7936K)->7514K(7936K) Class: 728K(896K)->728K(896K)
[4.217s][info][gc           ] GC(86) Pause Young (Allocation Failure) 1949M->613M(2719M) 2.002ms
[4.217s][info][gc,cpu       ] GC(86) User=0.00s Sys=0.00s Real=0.00s
[4.261s][info][gc,start     ] GC(87) Pause Young (Allocation Failure)
[4.263s][info][gc,heap      ] GC(87) PSYoungGen: 1379976K->8206K(1385984K)
[4.263s][info][gc,heap      ] GC(87) ParOldGen: 622284K->627400K(1398272K)
[4.263s][info][gc,metaspace ] GC(87) Metaspace: 8242K(8832K)->8242K(8832K) NonClass: 7514K(7936K)->7514K(7936K) Class: 728K(896K)->728K(896K)
[4.263s][info][gc           ] GC(87) Pause Young (Allocation Failure) 1955M->620M(2719M) 1.782ms
[4.263s][info][gc,cpu       ] GC(87) User=0.00s Sys=0.00s Real=0.00s
[4.307s][info][gc,start     ] GC(88) Pause Young (Allocation Failure)
[4.309s][info][gc,heap      ] GC(88) PSYoungGen: 1382414K->6970K(1381376K)
[4.309s][info][gc,heap      ] GC(88) ParOldGen: 627400K->635414K(1398272K)
[4.309s][info][gc,metaspace ] GC(88) Metaspace: 8242K(8832K)->8242K(8832K) NonClass: 7514K(7936K)->7514K(7936K) Class: 728K(896K)->728K(896K)
[4.309s][info][gc           ] GC(88) Pause Young (Allocation Failure) 1962M->627M(2714M) 1.934ms
[4.309s][info][gc,cpu       ] GC(88) User=0.00s Sys=0.00s Real=0.00s
[4.352s][info][gc,start     ] GC(89) Pause Young (Allocation Failure)
[4.354s][info][gc,heap      ] GC(89) PSYoungGen: 1381178K->4977K(1385472K)
[4.354s][info][gc,heap      ] GC(89) ParOldGen: 635414K->642239K(1398272K)
[4.354s][info][gc,metaspace ] GC(89) Metaspace: 8244K(8832K)->8244K(8832K) NonClass: 7515K(7936K)->7515K(7936K) Class: 728K(896K)->728K(896K)
[4.354s][info][gc           ] GC(89) Pause Young (Allocation Failure) 1969M->632M(2718M) 1.955ms
[4.354s][info][gc,cpu       ] GC(89) User=0.00s Sys=0.00s Real=0.00s
[4.398s][info][gc,start     ] GC(90) Pause Young (Allocation Failure)
[4.400s][info][gc,heap      ] GC(90) PSYoungGen: 1379185K->8380K(1385472K)
[4.400s][info][gc,heap      ] GC(90) ParOldGen: 642239K->646787K(1398272K)
[4.400s][info][gc,metaspace ] GC(90) Metaspace: 8244K(8832K)->8244K(8832K) NonClass: 7515K(7936K)->7515K(7936K) Class: 728K(896K)->728K(896K)
[4.400s][info][gc           ] GC(90) Pause Young (Allocation Failure) 1974M->639M(2718M) 1.853ms
[4.400s][info][gc,cpu       ] GC(90) User=0.00s Sys=0.00s Real=0.00s
[4.443s][info][gc,start     ] GC(91) Pause Young (Allocation Failure)
[4.445s][info][gc,heap      ] GC(91) PSYoungGen: 1382588K->7855K(1386496K)
[4.445s][info][gc,heap      ] GC(91) ParOldGen: 646787K->655024K(1398272K)
[4.445s][info][gc,metaspace ] GC(91) Metaspace: 8244K(8832K)->8244K(8832K) NonClass: 7515K(7936K)->7515K(7936K) Class: 728K(896K)->728K(896K)
[4.445s][info][gc           ] GC(91) Pause Young (Allocation Failure) 1981M->647M(2719M) 1.838ms
[4.445s][info][gc,cpu       ] GC(91) User=0.20s Sys=0.00s Real=0.00s
[4.489s][info][gc,start     ] GC(92) Pause Young (Allocation Failure)
[4.491s][info][gc,heap      ] GC(92) PSYoungGen: 1383087K->5452K(1386496K)
[4.491s][info][gc,heap      ] GC(92) ParOldGen: 655024K->662646K(1398272K)
[4.491s][info][gc,metaspace ] GC(92) Metaspace: 8244K(8832K)->8244K(8832K) NonClass: 7515K(7936K)->7515K(7936K) Class: 728K(896K)->728K(896K)
[4.491s][info][gc           ] GC(92) Pause Young (Allocation Failure) 1990M->652M(2719M) 1.815ms
[4.491s][info][gc,cpu       ] GC(92) User=0.00s Sys=0.00s Real=0.00s
[4.534s][info][gc,start     ] GC(93) Pause Young (Allocation Failure)
[4.536s][info][gc,heap      ] GC(93) PSYoungGen: 1380684K->8197K(1386496K)
[4.536s][info][gc,heap      ] GC(93) ParOldGen: 662646K->667792K(1398272K)
[4.536s][info][gc,metaspace ] GC(93) Metaspace: 8244K(8832K)->8244K(8832K) NonClass: 7515K(7936K)->7515K(7936K) Class: 728K(896K)->728K(896K)
[4.536s][info][gc           ] GC(93) Pause Young (Allocation Failure) 1995M->660M(2719M) 1.819ms
[4.536s][info][gc,cpu       ] GC(93) User=0.00s Sys=0.00s Real=0.00s
[4.580s][info][gc,start     ] GC(94) Pause Young (Allocation Failure)
[4.582s][info][gc,heap      ] GC(94) PSYoungGen: 1383429K->4407K(1386496K)
[4.582s][info][gc,heap      ] GC(94) ParOldGen: 667792K->675811K(1398272K)
[4.582s][info][gc,metaspace ] GC(94) Metaspace: 8244K(8832K)->8244K(8832K) NonClass: 7515K(7936K)->7515K(7936K) Class: 728K(896K)->728K(896K)
[4.582s][info][gc           ] GC(94) Pause Young (Allocation Failure) 2003M->664M(2719M) 2.070ms
[4.582s][info][gc,cpu       ] GC(94) User=0.00s Sys=0.00s Real=0.00s
[4.625s][info][gc,start     ] GC(95) Pause Young (Allocation Failure)
[4.627s][info][gc,heap      ] GC(95) PSYoungGen: 1379639K->8434K(1386496K)
[4.627s][info][gc,heap      ] GC(95) ParOldGen: 675811K->680008K(1398272K)
[4.627s][info][gc,metaspace ] GC(95) Metaspace: 8245K(8832K)->8245K(8832K) NonClass: 7516K(7936K)->7516K(7936K) Class: 728K(896K)->728K(896K)
[4.627s][info][gc           ] GC(95) Pause Young (Allocation Failure) 2007M->672M(2719M) 1.924ms
[4.627s][info][gc,cpu       ] GC(95) User=0.00s Sys=0.00s Real=0.00s
[4.672s][info][gc,start     ] GC(96) Pause Young (Allocation Failure)
[4.674s][info][gc,heap      ] GC(96) PSYoungGen: 1383666K->7519K(1386496K)
[4.674s][info][gc,heap      ] GC(96) ParOldGen: 680008K->688122K(1398272K)
[4.674s][info][gc,metaspace ] GC(96) Metaspace: 8245K(8832K)->8245K(8832K) NonClass: 7516K(7936K)->7516K(7936K) Class: 728K(896K)->728K(896K)
[4.674s][info][gc           ] GC(96) Pause Young (Allocation Failure) 2015M->679M(2719M) 2.124ms
[4.674s][info][gc,cpu       ] GC(96) User=0.00s Sys=0.00s Real=0.00s
[4.717s][info][gc,start     ] GC(97) Pause Young (Allocation Failure)
[4.719s][info][gc,heap      ] GC(97) PSYoungGen: 1382751K->6362K(1385472K)
[4.719s][info][gc,heap      ] GC(97) ParOldGen: 688122K->694979K(1398272K)
[4.719s][info][gc,metaspace ] GC(97) Metaspace: 8245K(8832K)->8245K(8832K) NonClass: 7516K(7936K)->7516K(7936K) Class: 728K(896K)->728K(896K)
[4.719s][info][gc           ] GC(97) Pause Young (Allocation Failure) 2022M->684M(2718M) 1.788ms
[4.719s][info][gc,cpu       ] GC(97) User=0.00s Sys=0.00s Real=0.00s
[4.763s][info][gc,start     ] GC(98) Pause Young (Allocation Failure)
[4.764s][info][gc,heap      ] GC(98) PSYoungGen: 1381594K->8762K(1385984K)
[4.764s][info][gc,heap      ] GC(98) ParOldGen: 694979K->701078K(1398272K)
[4.764s][info][gc,metaspace ] GC(98) Metaspace: 8245K(8832K)->8245K(8832K) NonClass: 7516K(7936K)->7516K(7936K) Class: 728K(896K)->728K(896K)
[4.764s][info][gc           ] GC(98) Pause Young (Allocation Failure) 2027M->693M(2719M) 1.852ms
[4.765s][info][gc,cpu       ] GC(98) User=0.00s Sys=0.00s Real=0.00s
[4.808s][info][gc,start     ] GC(99) Pause Young (Allocation Failure)
[4.810s][info][gc,heap      ] GC(99) PSYoungGen: 1383994K->5685K(1386496K)
[4.810s][info][gc,heap      ] GC(99) ParOldGen: 701078K->709608K(1398272K)
[4.810s][info][gc,metaspace ] GC(99) Metaspace: 8245K(8832K)->8245K(8832K) NonClass: 7516K(7936K)->7516K(7936K) Class: 728K(896K)->728K(896K)
[4.810s][info][gc           ] GC(99) Pause Young (Allocation Failure) 2036M->698M(2719M) 1.815ms
[4.810s][info][gc,cpu       ] GC(99) User=0.00s Sys=0.00s Real=0.00s
[4.854s][info][gc,start     ] GC(100) Pause Young (Allocation Failure)
[4.855s][info][gc,heap      ] GC(100) PSYoungGen: 1380917K->6731K(1382400K)
[4.855s][info][gc,heap      ] GC(100) ParOldGen: 709608K->715138K(1398272K)
[4.855s][info][gc,metaspace ] GC(100) Metaspace: 8245K(8832K)->8245K(8832K) NonClass: 7516K(7936K)->7516K(7936K) Class: 728K(896K)->728K(896K)
[4.855s][info][gc           ] GC(100) Pause Young (Allocation Failure) 2041M->704M(2715M) 1.790ms
[4.856s][info][gc,cpu       ] GC(100) User=0.00s Sys=0.00s Real=0.00s
[4.899s][info][gc,start     ] GC(101) Pause Young (Allocation Failure)
[4.901s][info][gc,heap      ] GC(101) PSYoungGen: 1381963K->7071K(1386496K)
[4.901s][info][gc,heap      ] GC(101) ParOldGen: 715138K->721037K(1398272K)
[4.901s][info][gc,metaspace ] GC(101) Metaspace: 8245K(8832K)->8245K(8832K) NonClass: 7516K(7936K)->7516K(7936K) Class: 728K(896K)->728K(896K)
[4.901s][info][gc           ] GC(101) Pause Young (Allocation Failure) 2047M->711M(2719M) 1.689ms
[4.901s][info][gc,cpu       ] GC(101) User=0.00s Sys=0.00s Real=0.00s
[4.944s][info][gc,start     ] GC(102) Pause Young (Allocation Failure)
[4.946s][info][gc,heap      ] GC(102) PSYoungGen: 1382815K->8019K(1385984K)
[4.946s][info][gc,heap      ] GC(102) ParOldGen: 721037K->727969K(1398272K)
[4.946s][info][gc,metaspace ] GC(102) Metaspace: 8245K(8832K)->8245K(8832K) NonClass: 7516K(7936K)->7516K(7936K) Class: 728K(896K)->728K(896K)
[4.946s][info][gc           ] GC(102) Pause Young (Allocation Failure) 2054M->718M(2719M) 1.796ms
[4.946s][info][gc,cpu       ] GC(102) User=0.11s Sys=0.09s Real=0.00s
[4.990s][info][gc,start     ] GC(103) Pause Young (Allocation Failure)
[4.992s][info][gc,heap      ] GC(103) PSYoungGen: 1383763K->8567K(1386496K)
[4.992s][info][gc,heap      ] GC(103) ParOldGen: 727969K->735809K(1398272K)
[4.992s][info][gc,metaspace ] GC(103) Metaspace: 8245K(8832K)->8245K(8832K) NonClass: 7516K(7936K)->7516K(7936K) Class: 728K(896K)->728K(896K)
[4.992s][info][gc           ] GC(103) Pause Young (Allocation Failure) 2062M->726M(2719M) 1.799ms
[4.992s][info][gc,cpu       ] GC(103) User=0.20s Sys=0.00s Real=0.00s
[5.035s][info][gc,start     ] GC(104) Pause Young (Allocation Failure)
[5.037s][info][gc,heap      ] GC(104) PSYoungGen: 1384823K->7213K(1387008K)
[5.037s][info][gc,heap      ] GC(104) ParOldGen: 735809K->744245K(1398272K)
[5.037s][info][gc,metaspace ] GC(104) Metaspace: 8245K(8832K)->8245K(8832K) NonClass: 7516K(7936K)->7516K(7936K) Class: 728K(896K)->728K(896K)
[5.037s][info][gc           ] GC(104) Pause Young (Allocation Failure) 2070M->733M(2720M) 1.951ms
[5.037s][info][gc,cpu       ] GC(104) User=0.00s Sys=0.00s Real=0.00s
[5.081s][info][gc,start     ] GC(105) Pause Young (Allocation Failure)
[5.082s][info][gc,heap      ] GC(105) PSYoungGen: 1383469K->6386K(1387008K)
[5.082s][info][gc,heap      ] GC(105) ParOldGen: 744245K->751338K(1398272K)
[5.082s][info][gc,metaspace ] GC(105) Metaspace: 8245K(8832K)->8245K(8832K) NonClass: 7516K(7936K)->7516K(7936K) Class: 728K(896K)->728K(896K)
[5.082s][info][gc           ] GC(105) Pause Young (Allocation Failure) 2077M->739M(2720M) 1.698ms
[5.082s][info][gc,cpu       ] GC(105) User=0.00s Sys=0.00s Real=0.00s
[5.127s][info][gc,start     ] GC(106) Pause Young (Allocation Failure)
[5.128s][info][gc,heap      ] GC(106) PSYoungGen: 1383154K->8397K(1387008K)
[5.128s][info][gc,heap      ] GC(106) ParOldGen: 751338K->757502K(1398272K)
[5.128s][info][gc,metaspace ] GC(106) Metaspace: 8245K(8832K)->8245K(8832K) NonClass: 7516K(7936K)->7516K(7936K) Class: 728K(896K)->728K(896K)
[5.128s][info][gc           ] GC(106) Pause Young (Allocation Failure) 2084M->747M(2720M) 1.833ms
[5.128s][info][gc,cpu       ] GC(106) User=0.00s Sys=0.00s Real=0.00s
[5.173s][info][gc,start     ] GC(107) Pause Young (Allocation Failure)
[5.175s][info][gc,heap      ] GC(107) PSYoungGen: 1385165K->7272K(1387520K)
[5.175s][info][gc,heap      ] GC(107) ParOldGen: 757502K->765420K(1398272K)
[5.175s][info][gc,metaspace ] GC(107) Metaspace: 8245K(8832K)->8245K(8832K) NonClass: 7516K(7936K)->7516K(7936K) Class: 728K(896K)->728K(896K)
[5.175s][info][gc           ] GC(107) Pause Young (Allocation Failure) 2092M->754M(2720M) 2.014ms
[5.175s][info][gc,cpu       ] GC(107) User=0.00s Sys=0.00s Real=0.00s
[5.218s][info][gc,start     ] GC(108) Pause Young (Allocation Failure)
[5.220s][info][gc,heap      ] GC(108) PSYoungGen: 1384552K->4758K(1387520K)
[5.220s][info][gc,heap      ] GC(108) ParOldGen: 765420K->772003K(1398272K)
[5.220s][info][gc,metaspace ] GC(108) Metaspace: 8245K(8832K)->8245K(8832K) NonClass: 7516K(7936K)->7516K(7936K) Class: 728K(896K)->728K(896K)
[5.220s][info][gc           ] GC(108) Pause Young (Allocation Failure) 2099M->758M(2720M) 1.786ms
[5.220s][info][gc,cpu       ] GC(108) User=0.00s Sys=0.00s Real=0.00s
[5.264s][info][gc,start     ] GC(109) Pause Young (Allocation Failure)
[5.266s][info][gc,heap      ] GC(109) PSYoungGen: 1382038K->9416K(1386496K)
[5.266s][info][gc,heap      ] GC(109) ParOldGen: 772003K->776653K(1398272K)
[5.266s][info][gc,metaspace ] GC(109) Metaspace: 8245K(8832K)->8245K(8832K) NonClass: 7516K(7936K)->7516K(7936K) Class: 728K(896K)->728K(896K)
[5.266s][info][gc           ] GC(109) Pause Young (Allocation Failure) 2103M->767M(2719M) 2.224ms
[5.266s][info][gc,cpu       ] GC(109) User=0.00s Sys=0.00s Real=0.00s
[5.310s][info][gc,start     ] GC(110) Pause Young (Allocation Failure)
[5.312s][info][gc,heap      ] GC(110) PSYoungGen: 1385672K->9114K(1385472K)
[5.312s][info][gc,heap      ] GC(110) ParOldGen: 776653K->785790K(1398272K)
[5.312s][info][gc,metaspace ] GC(110) Metaspace: 8245K(8832K)->8245K(8832K) NonClass: 7516K(7936K)->7516K(7936K) Class: 728K(896K)->728K(896K)
[5.312s][info][gc           ] GC(110) Pause Young (Allocation Failure) 2111M->776M(2718M) 2.170ms
[5.312s][info][gc,cpu       ] GC(110) User=0.00s Sys=0.00s Real=0.00s
[5.356s][info][gc,start     ] GC(111) Pause Young (Allocation Failure)
[5.358s][info][gc,heap      ] GC(111) PSYoungGen: 1385370K->8678K(1386496K)
[5.358s][info][gc,heap      ] GC(111) ParOldGen: 785790K->793823K(1398272K)
[5.358s][info][gc,metaspace ] GC(111) Metaspace: 8245K(8832K)->8245K(8832K) NonClass: 7516K(7936K)->7516K(7936K) Class: 728K(896K)->728K(896K)
[5.358s][info][gc           ] GC(111) Pause Young (Allocation Failure) 2120M->783M(2719M) 2.312ms
[5.358s][info][gc,cpu       ] GC(111) User=0.00s Sys=0.00s Real=0.00s
[5.402s][info][gc,start     ] GC(112) Pause Young (Allocation Failure)
[5.404s][info][gc,heap      ] GC(112) PSYoungGen: 1383910K->8590K(1386496K)
[5.404s][info][gc,heap      ] GC(112) ParOldGen: 793823K->802355K(1398272K)
[5.404s][info][gc,metaspace ] GC(112) Metaspace: 8245K(8832K)->8245K(8832K) NonClass: 7517K(7936K)->7517K(7936K) Class: 728K(896K)->728K(896K)
[5.404s][info][gc           ] GC(112) Pause Young (Allocation Failure) 2126M->791M(2719M) 1.988ms
[5.404s][info][gc,cpu       ] GC(112) User=0.00s Sys=0.00s Real=0.00s
[5.447s][info][gc,start     ] GC(113) Pause Young (Allocation Failure)
[5.449s][info][gc,heap      ] GC(113) PSYoungGen: 1383822K->5199K(1386496K)
[5.449s][info][gc,heap      ] GC(113) ParOldGen: 802355K->810697K(1398272K)
[5.449s][info][gc,metaspace ] GC(113) Metaspace: 8245K(8832K)->8245K(8832K) NonClass: 7517K(7936K)->7517K(7936K) Class: 728K(896K)->728K(896K)
[5.449s][info][gc           ] GC(113) Pause Young (Allocation Failure) 2134M->796M(2719M) 1.936ms
[5.449s][info][gc,cpu       ] GC(113) User=0.00s Sys=0.00s Real=0.00s
[5.493s][info][gc,start     ] GC(114) Pause Young (Allocation Failure)
[5.495s][info][gc,heap      ] GC(114) PSYoungGen: 1380431K->7048K(1386496K)
[5.495s][info][gc,heap      ] GC(114) ParOldGen: 810697K->815812K(1398272K)
[5.495s][info][gc,metaspace ] GC(114) Metaspace: 8246K(8832K)->8246K(8832K) NonClass: 7517K(7936K)->7517K(7936K) Class: 728K(896K)->728K(896K)
[5.495s][info][gc           ] GC(114) Pause Young (Allocation Failure) 2139M->803M(2719M) 1.938ms
[5.495s][info][gc,cpu       ] GC(114) User=0.00s Sys=0.00s Real=0.00s
[5.538s][info][gc,start     ] GC(115) Pause Young (Allocation Failure)
[5.540s][info][gc,heap      ] GC(115) PSYoungGen: 1382280K->7986K(1385472K)
[5.541s][info][gc,heap      ] GC(115) ParOldGen: 815812K->822445K(1398272K)
[5.541s][info][gc,metaspace ] GC(115) Metaspace: 8246K(8832K)->8246K(8832K) NonClass: 7517K(7936K)->7517K(7936K) Class: 728K(896K)->728K(896K)
[5.541s][info][gc           ] GC(115) Pause Young (Allocation Failure) 2146M->810M(2718M) 2.064ms
[5.541s][info][gc,cpu       ] GC(115) User=0.00s Sys=0.00s Real=0.00s
[5.584s][info][gc,start     ] GC(116) Pause Young (Allocation Failure)
[5.586s][info][gc,heap      ] GC(116) PSYoungGen: 1383218K->9389K(1385984K)
[5.586s][info][gc,heap      ] GC(116) ParOldGen: 822445K->829794K(1398272K)
[5.586s][info][gc,metaspace ] GC(116) Metaspace: 8246K(8832K)->8246K(8832K) NonClass: 7517K(7936K)->7517K(7936K) Class: 728K(896K)->728K(896K)
[5.586s][info][gc           ] GC(116) Pause Young (Allocation Failure) 2153M->819M(2719M) 1.957ms
[5.586s][info][gc,cpu       ] GC(116) User=0.20s Sys=0.00s Real=0.00s
[5.630s][info][gc,start     ] GC(117) Pause Young (Allocation Failure)
[5.632s][info][gc,heap      ] GC(117) PSYoungGen: 1384621K->8848K(1386496K)
[5.632s][info][gc,heap      ] GC(117) ParOldGen: 829794K->838892K(1398272K)
[5.632s][info][gc,metaspace ] GC(117) Metaspace: 8246K(8832K)->8246K(8832K) NonClass: 7517K(7936K)->7517K(7936K) Class: 728K(896K)->728K(896K)
[5.632s][info][gc           ] GC(117) Pause Young (Allocation Failure) 2162M->827M(2719M) 2.136ms
[5.632s][info][gc,cpu       ] GC(117) User=0.20s Sys=0.00s Real=0.00s
[5.676s][info][gc,start     ] GC(118) Pause Young (Allocation Failure)
[5.678s][info][gc,heap      ] GC(118) PSYoungGen: 1384080K->8412K(1386496K)
[5.679s][info][gc,heap      ] GC(118) ParOldGen: 838892K->847572K(1398272K)
[5.679s][info][gc,metaspace ] GC(118) Metaspace: 8246K(8832K)->8246K(8832K) NonClass: 7517K(7936K)->7517K(7936K) Class: 728K(896K)->728K(896K)
[5.679s][info][gc           ] GC(118) Pause Young (Allocation Failure) 2170M->835M(2719M) 2.242ms
[5.679s][info][gc,cpu       ] GC(118) User=0.00s Sys=0.00s Real=0.00s
[5.722s][info][gc,start     ] GC(119) Pause Young (Allocation Failure)
[5.724s][info][gc,heap      ] GC(119) PSYoungGen: 1383644K->8565K(1386496K)
[5.724s][info][gc,heap      ] GC(119) ParOldGen: 847572K->855685K(1398272K)
[5.724s][info][gc,metaspace ] GC(119) Metaspace: 8246K(8832K)->8246K(8832K) NonClass: 7517K(7936K)->7517K(7936K) Class: 728K(896K)->728K(896K)
[5.724s][info][gc           ] GC(119) Pause Young (Allocation Failure) 2178M->843M(2719M) 2.002ms
[5.724s][info][gc,cpu       ] GC(119) User=0.00s Sys=0.00s Real=0.00s
[5.768s][info][gc,start     ] GC(120) Pause Young (Allocation Failure)
[5.770s][info][gc,heap      ] GC(120) PSYoungGen: 1383797K->7735K(1386496K)
[5.770s][info][gc,heap      ] GC(120) ParOldGen: 855685K->864072K(1398272K)
[5.770s][info][gc,metaspace ] GC(120) Metaspace: 8246K(8832K)->8246K(8832K) NonClass: 7517K(7936K)->7517K(7936K) Class: 728K(896K)->728K(896K)
[5.770s][info][gc           ] GC(120) Pause Young (Allocation Failure) 2186M->851M(2719M) 2.013ms
[5.770s][info][gc,cpu       ] GC(120) User=0.00s Sys=0.00s Real=0.00s
[5.814s][info][gc,start     ] GC(121) Pause Young (Allocation Failure)
[5.816s][info][gc,heap      ] GC(121) PSYoungGen: 1382967K->8505K(1385472K)
[5.816s][info][gc,heap      ] GC(121) ParOldGen: 864072K->871613K(1398272K)
[5.816s][info][gc,metaspace ] GC(121) Metaspace: 8246K(8832K)->8246K(8832K) NonClass: 7517K(7936K)->7517K(7936K) Class: 728K(896K)->728K(896K)
[5.816s][info][gc           ] GC(121) Pause Young (Allocation Failure) 2194M->859M(2718M) 1.931ms
[5.816s][info][gc,cpu       ] GC(121) User=0.00s Sys=0.00s Real=0.00s
[5.859s][info][gc,start     ] GC(122) Pause Young (Allocation Failure)
[5.861s][info][gc,heap      ] GC(122) PSYoungGen: 1383737K->8227K(1385984K)
[5.861s][info][gc,heap      ] GC(122) ParOldGen: 871613K->879861K(1398272K)
[5.861s][info][gc,metaspace ] GC(122) Metaspace: 8246K(8832K)->8246K(8832K) NonClass: 7517K(7936K)->7517K(7936K) Class: 728K(896K)->728K(896K)
[5.861s][info][gc           ] GC(122) Pause Young (Allocation Failure) 2202M->867M(2719M) 2.135ms
[5.862s][info][gc,cpu       ] GC(122) User=0.00s Sys=0.00s Real=0.00s
[5.905s][info][gc,start     ] GC(123) Pause Young (Allocation Failure)
[5.907s][info][gc,heap      ] GC(123) PSYoungGen: 1383459K->6647K(1387008K)
[5.907s][info][gc,heap      ] GC(123) ParOldGen: 879861K->887925K(1398272K)
[5.907s][info][gc,metaspace ] GC(123) Metaspace: 8246K(8832K)->8246K(8832K) NonClass: 7517K(7936K)->7517K(7936K) Class: 728K(896K)->728K(896K)
[5.907s][info][gc           ] GC(123) Pause Young (Allocation Failure) 2210M->873M(2720M) 2.104ms
[5.907s][info][gc,cpu       ] GC(123) User=0.00s Sys=0.00s Real=0.00s
[5.951s][info][gc,start     ] GC(124) Pause Young (Allocation Failure)
[5.953s][info][gc,heap      ] GC(124) PSYoungGen: 1382903K->8608K(1387008K)
[5.953s][info][gc,heap      ] GC(124) ParOldGen: 887925K->894355K(1398272K)
[5.953s][info][gc,metaspace ] GC(124) Metaspace: 8246K(8832K)->8246K(8832K) NonClass: 7517K(7936K)->7517K(7936K) Class: 728K(896K)->728K(896K)
[5.953s][info][gc           ] GC(124) Pause Young (Allocation Failure) 2217M->881M(2720M) 1.764ms
[5.953s][info][gc,cpu       ] GC(124) User=0.00s Sys=0.00s Real=0.00s
[5.997s][info][gc,start     ] GC(125) Pause Young (Allocation Failure)
[5.998s][info][gc,heap      ] GC(125) PSYoungGen: 1384864K->4471K(1385984K)
[5.998s][info][gc,heap      ] GC(125) ParOldGen: 894355K->902772K(1398272K)
[5.998s][info][gc,metaspace ] GC(125) Metaspace: 8246K(8832K)->8246K(8832K) NonClass: 7517K(7936K)->7517K(7936K) Class: 728K(896K)->728K(896K)
[5.998s][info][gc           ] GC(125) Pause Young (Allocation Failure) 2225M->885M(2719M) 1.836ms
[5.998s][info][gc,cpu       ] GC(125) User=0.00s Sys=0.00s Real=0.00s
[6.042s][info][gc,start     ] GC(126) Pause Young (Allocation Failure)
[6.044s][info][gc,heap      ] GC(126) PSYoungGen: 1379703K->8682K(1386496K)
[6.044s][info][gc,heap      ] GC(126) ParOldGen: 902772K->906751K(1398272K)
[6.044s][info][gc,metaspace ] GC(126) Metaspace: 8246K(8832K)->8246K(8832K) NonClass: 7517K(7936K)->7517K(7936K) Class: 728K(896K)->728K(896K)
[6.044s][info][gc           ] GC(126) Pause Young (Allocation Failure) 2228M->893M(2719M) 1.809ms
[6.044s][info][gc,cpu       ] GC(126) User=0.00s Sys=0.00s Real=0.00s
[6.087s][info][gc,start     ] GC(127) Pause Young (Allocation Failure)
[6.089s][info][gc,heap      ] GC(127) PSYoungGen: 1383914K->7117K(1385472K)
[6.089s][info][gc,heap      ] GC(127) ParOldGen: 906751K->915247K(1398272K)
[6.089s][info][gc,metaspace ] GC(127) Metaspace: 8246K(8832K)->8246K(8832K) NonClass: 7517K(7936K)->7517K(7936K) Class: 728K(896K)->728K(896K)
[6.089s][info][gc           ] GC(127) Pause Young (Allocation Failure) 2236M->900M(2718M) 1.862ms
[6.089s][info][gc,cpu       ] GC(127) User=0.00s Sys=0.00s Real=0.00s
[6.132s][info][gc,start     ] GC(128) Pause Young (Allocation Failure)
[6.134s][info][gc,heap      ] GC(128) PSYoungGen: 1382349K->8033K(1385984K)
[6.134s][info][gc,heap      ] GC(128) ParOldGen: 915247K->922205K(1398272K)
[6.134s][info][gc,metaspace ] GC(128) Metaspace: 8246K(8832K)->8246K(8832K) NonClass: 7517K(7936K)->7517K(7936K) Class: 728K(896K)->728K(896K)
[6.134s][info][gc           ] GC(128) Pause Young (Allocation Failure) 2243M->908M(2719M) 1.986ms
[6.134s][info][gc,cpu       ] GC(128) User=0.00s Sys=0.00s Real=0.00s
[6.178s][info][gc,start     ] GC(129) Pause Young (Allocation Failure)
[6.181s][info][gc,heap      ] GC(129) PSYoungGen: 1383265K->8570K(1387008K)
[6.181s][info][gc,heap      ] GC(129) ParOldGen: 922205K->930059K(1398272K)
[6.181s][info][gc,metaspace ] GC(129) Metaspace: 8246K(8832K)->8246K(8832K) NonClass: 7517K(7936K)->7517K(7936K) Class: 728K(896K)->728K(896K)
[6.181s][info][gc           ] GC(129) Pause Young (Allocation Failure) 2251M->916M(2720M) 2.075ms
[6.181s][info][gc,cpu       ] GC(129) User=0.16s Sys=0.05s Real=0.00s
[6.225s][info][gc,start     ] GC(130) Pause Young (Allocation Failure)
[6.227s][info][gc,heap      ] GC(130) PSYoungGen: 1384826K->7910K(1387008K)
[6.227s][info][gc,heap      ] GC(130) ParOldGen: 930059K->938449K(1398272K)
[6.227s][info][gc,metaspace ] GC(130) Metaspace: 8246K(8832K)->8246K(8832K) NonClass: 7517K(7936K)->7517K(7936K) Class: 728K(896K)->728K(896K)
[6.227s][info][gc           ] GC(130) Pause Young (Allocation Failure) 2260M->924M(2720M) 2.157ms
[6.227s][info][gc,cpu       ] GC(130) User=0.17s Sys=0.03s Real=0.00s
[6.270s][info][gc,start     ] GC(131) Pause Young (Allocation Failure)
[6.272s][info][gc,heap      ] GC(131) PSYoungGen: 1384166K->7533K(1385984K)
[6.272s][info][gc,heap      ] GC(131) ParOldGen: 938449K->946164K(1398272K)
[6.272s][info][gc,metaspace ] GC(131) Metaspace: 8246K(8832K)->8246K(8832K) NonClass: 7518K(7936K)->7518K(7936K) Class: 728K(896K)->728K(896K)
[6.272s][info][gc           ] GC(131) Pause Young (Allocation Failure) 2268M->931M(2719M) 2.238ms
[6.272s][info][gc,cpu       ] GC(131) User=0.00s Sys=0.00s Real=0.00s
[6.316s][info][gc,start     ] GC(132) Pause Young (Allocation Failure)
[6.318s][info][gc,heap      ] GC(132) PSYoungGen: 1383789K->8352K(1386496K)
[6.318s][info][gc,heap      ] GC(132) ParOldGen: 946164K->953512K(1398272K)
[6.318s][info][gc,metaspace ] GC(132) Metaspace: 8246K(8832K)->8246K(8832K) NonClass: 7518K(7936K)->7518K(7936K) Class: 728K(896K)->728K(896K)
[6.318s][info][gc           ] GC(132) Pause Young (Allocation Failure) 2275M->939M(2719M) 2.178ms
[6.318s][info][gc,cpu       ] GC(132) User=0.00s Sys=0.00s Real=0.00s
[6.361s][info][gc,start     ] GC(133) Pause Young (Allocation Failure)
[6.364s][info][gc,heap      ] GC(133) PSYoungGen: 1384608K->6685K(1387520K)
[6.364s][info][gc,heap      ] GC(133) ParOldGen: 953512K->961748K(1398272K)
[6.364s][info][gc,metaspace ] GC(133) Metaspace: 8246K(8832K)->8246K(8832K) NonClass: 7518K(7936K)->7518K(7936K) Class: 728K(896K)->728K(896K)
[6.364s][info][gc           ] GC(133) Pause Young (Allocation Failure) 2283M->945M(2720M) 2.167ms
[6.364s][info][gc,cpu       ] GC(133) User=0.00s Sys=0.00s Real=0.00s
[6.408s][info][gc,start     ] GC(134) Pause Young (Allocation Failure)
[6.410s][info][gc,heap      ] GC(134) PSYoungGen: 1383965K->5032K(1382400K)
[6.410s][info][gc,heap      ] GC(134) ParOldGen: 961748K->968304K(1398272K)
[6.410s][info][gc,metaspace ] GC(134) Metaspace: 8252K(8832K)->8252K(8832K) NonClass: 7522K(7936K)->7522K(7936K) Class: 729K(896K)->729K(896K)
[6.410s][info][gc           ] GC(134) Pause Young (Allocation Failure) 2290M->950M(2715M) 2.171ms
[6.410s][info][gc,cpu       ] GC(134) User=0.00s Sys=0.00s Real=0.00s
[6.455s][info][gc,start     ] GC(135) Pause Young (Allocation Failure)
[6.457s][info][gc,heap      ] GC(135) PSYoungGen: 1382312K->5189K(1387008K)
[6.457s][info][gc,heap      ] GC(135) ParOldGen: 968304K->972931K(1398272K)
[6.457s][info][gc,metaspace ] GC(135) Metaspace: 8252K(8832K)->8252K(8832K) NonClass: 7522K(7936K)->7522K(7936K) Class: 729K(896K)->729K(896K)
[6.457s][info][gc           ] GC(135) Pause Young (Allocation Failure) 2295M->955M(2720M) 2.105ms
[6.457s][info][gc,cpu       ] GC(135) User=0.00s Sys=0.00s Real=0.00s
[6.501s][info][gc,start     ] GC(136) Pause Young (Allocation Failure)
[6.503s][info][gc,heap      ] GC(136) PSYoungGen: 1381445K->5443K(1387008K)
[6.503s][info][gc,heap      ] GC(136) ParOldGen: 972931K->977772K(1398272K)
[6.503s][info][gc,metaspace ] GC(136) Metaspace: 8252K(8832K)->8252K(8832K) NonClass: 7522K(7936K)->7522K(7936K) Class: 729K(896K)->729K(896K)
[6.503s][info][gc           ] GC(136) Pause Young (Allocation Failure) 2299M->960M(2720M) 1.957ms
[6.503s][info][gc,cpu       ] GC(136) User=0.00s Sys=0.00s Real=0.00s
[6.548s][info][gc,start     ] GC(137) Pause Young (Allocation Failure)
[6.550s][info][gc,heap      ] GC(137) PSYoungGen: 1381699K->7534K(1385984K)
[6.550s][info][gc,heap      ] GC(137) ParOldGen: 977772K->983059K(1398272K)
[6.550s][info][gc,metaspace ] GC(137) Metaspace: 8252K(8832K)->8252K(8832K) NonClass: 7522K(7936K)->7522K(7936K) Class: 729K(896K)->729K(896K)
[6.550s][info][gc           ] GC(137) Pause Young (Allocation Failure) 2304M->967M(2719M) 2.152ms
[6.550s][info][gc,cpu       ] GC(137) User=0.00s Sys=0.00s Real=0.00s
[6.595s][info][gc,start     ] GC(138) Pause Young (Allocation Failure)
[6.597s][info][gc,heap      ] GC(138) PSYoungGen: 1383790K->10111K(1386496K)
[6.597s][info][gc,heap      ] GC(138) ParOldGen: 983059K->990297K(1398272K)
[6.597s][info][gc,metaspace ] GC(138) Metaspace: 8252K(8832K)->8252K(8832K) NonClass: 7522K(7936K)->7522K(7936K) Class: 729K(896K)->729K(896K)
[6.597s][info][gc           ] GC(138) Pause Young (Allocation Failure) 2311M->976M(2719M) 2.158ms
[6.597s][info][gc,cpu       ] GC(138) User=0.00s Sys=0.00s Real=0.00s
[6.642s][info][gc,start     ] GC(139) Pause Young (Allocation Failure)
[6.644s][info][gc,heap      ] GC(139) PSYoungGen: 1386367K->7910K(1386496K)
[6.644s][info][gc,heap      ] GC(139) ParOldGen: 990297K->1000209K(1398272K)
[6.644s][info][gc,metaspace ] GC(139) Metaspace: 8252K(8832K)->8252K(8832K) NonClass: 7522K(7936K)->7522K(7936K) Class: 729K(896K)->729K(896K)
[6.644s][info][gc           ] GC(139) Pause Young (Allocation Failure) 2320M->984M(2719M) 2.566ms
[6.644s][info][gc,cpu       ] GC(139) User=0.00s Sys=0.00s Real=0.00s
[6.688s][info][gc,start     ] GC(140) Pause Young (Allocation Failure)
[6.690s][info][gc,heap      ] GC(140) PSYoungGen: 1383142K->9021K(1386496K)
[6.690s][info][gc,heap      ] GC(140) ParOldGen: 1000209K->1007742K(1398272K)
[6.690s][info][gc,metaspace ] GC(140) Metaspace: 8252K(8832K)->8252K(8832K) NonClass: 7522K(7936K)->7522K(7936K) Class: 729K(896K)->729K(896K)
[6.690s][info][gc           ] GC(140) Pause Young (Allocation Failure) 2327M->992M(2719M) 2.407ms
[6.690s][info][gc,cpu       ] GC(140) User=0.00s Sys=0.00s Real=0.00s
[6.734s][info][gc,start     ] GC(141) Pause Young (Allocation Failure)
[6.736s][info][gc,heap      ] GC(141) PSYoungGen: 1384253K->7572K(1386496K)
[6.736s][info][gc,heap      ] GC(141) ParOldGen: 1007742K->1016648K(1398272K)
[6.736s][info][gc,metaspace ] GC(141) Metaspace: 8252K(8832K)->8252K(8832K) NonClass: 7522K(7936K)->7522K(7936K) Class: 729K(896K)->729K(896K)
[6.736s][info][gc           ] GC(141) Pause Young (Allocation Failure) 2335M->1000M(2719M) 2.232ms
[6.736s][info][gc,cpu       ] GC(141) User=0.00s Sys=0.00s Real=0.00s
[6.780s][info][gc,start     ] GC(142) Pause Young (Allocation Failure)
[6.782s][info][gc,heap      ] GC(142) PSYoungGen: 1382804K->4875K(1386496K)
[6.782s][info][gc,heap      ] GC(142) ParOldGen: 1016648K->1023811K(1398272K)
[6.782s][info][gc,metaspace ] GC(142) Metaspace: 8252K(8832K)->8252K(8832K) NonClass: 7522K(7936K)->7522K(7936K) Class: 729K(896K)->729K(896K)
[6.782s][info][gc           ] GC(142) Pause Young (Allocation Failure) 2343M->1004M(2719M) 2.076ms
[6.782s][info][gc,cpu       ] GC(142) User=0.00s Sys=0.00s Real=0.00s
[6.826s][info][gc,start     ] GC(143) Pause Young (Allocation Failure)
[6.828s][info][gc,heap      ] GC(143) PSYoungGen: 1380107K->5191K(1386496K)
[6.828s][info][gc,heap      ] GC(143) ParOldGen: 1023811K->1028567K(1398272K)
[6.828s][info][gc,metaspace ] GC(143) Metaspace: 8252K(8832K)->8252K(8832K) NonClass: 7522K(7936K)->7522K(7936K) Class: 729K(896K)->729K(896K)
[6.828s][info][gc           ] GC(143) Pause Young (Allocation Failure) 2347M->1009M(2719M) 1.835ms
[6.828s][info][gc,cpu       ] GC(143) User=0.00s Sys=0.00s Real=0.00s
[6.872s][info][gc,start     ] GC(144) Pause Young (Allocation Failure)
[6.874s][info][gc,heap      ] GC(144) PSYoungGen: 1380423K->8525K(1386496K)
[6.874s][info][gc,heap      ] GC(144) ParOldGen: 1028567K->1033616K(1398272K)
[6.874s][info][gc,metaspace ] GC(144) Metaspace: 8252K(8832K)->8252K(8832K) NonClass: 7522K(7936K)->7522K(7936K) Class: 729K(896K)->729K(896K)
[6.874s][info][gc           ] GC(144) Pause Young (Allocation Failure) 2352M->1017M(2719M) 2.065ms
[6.874s][info][gc,cpu       ] GC(144) User=0.00s Sys=0.00s Real=0.00s
[6.918s][info][gc,start     ] GC(145) Pause Young (Allocation Failure)
[6.921s][info][gc,heap      ] GC(145) PSYoungGen: 1383757K->8889K(1385472K)
[6.921s][info][gc,heap      ] GC(145) ParOldGen: 1033616K->1041492K(1398272K)
[6.921s][info][gc,metaspace ] GC(145) Metaspace: 8252K(8832K)->8252K(8832K) NonClass: 7522K(7936K)->7522K(7936K) Class: 729K(896K)->729K(896K)
[6.921s][info][gc           ] GC(145) Pause Young (Allocation Failure) 2360M->1025M(2718M) 2.335ms
[6.921s][info][gc,cpu       ] GC(145) User=0.00s Sys=0.00s Real=0.00s
[6.965s][info][gc,start     ] GC(146) Pause Young (Allocation Failure)
[6.967s][info][gc,heap      ] GC(146) PSYoungGen: 1383097K->7918K(1385984K)
[6.967s][info][gc,heap      ] GC(146) ParOldGen: 1041492K->1049582K(1398272K)
[6.967s][info][gc,metaspace ] GC(146) Metaspace: 8252K(8832K)->8252K(8832K) NonClass: 7522K(7936K)->7522K(7936K) Class: 729K(896K)->729K(896K)
[6.967s][info][gc           ] GC(146) Pause Young (Allocation Failure) 2367M->1032M(2719M) 2.197ms
[6.967s][info][gc,cpu       ] GC(146) User=0.00s Sys=0.00s Real=0.00s
[7.011s][info][gc,start     ] GC(147) Pause Young (Allocation Failure)
[7.013s][info][gc,heap      ] GC(147) PSYoungGen: 1382126K->7238K(1385984K)
[7.013s][info][gc,heap      ] GC(147) ParOldGen: 1049582K->1057127K(1398272K)
[7.013s][info][gc,metaspace ] GC(147) Metaspace: 8252K(8832K)->8252K(8832K) NonClass: 7522K(7936K)->7522K(7936K) Class: 729K(896K)->729K(896K)
[7.013s][info][gc           ] GC(147) Pause Young (Allocation Failure) 2374M->1039M(2719M) 2.282ms
[7.013s][info][gc,cpu       ] GC(147) User=0.00s Sys=0.00s Real=0.00s
[7.057s][info][gc,start     ] GC(148) Pause Young (Allocation Failure)
[7.060s][info][gc,heap      ] GC(148) PSYoungGen: 1381958K->7094K(1385984K)
[7.060s][info][gc,heap      ] GC(148) ParOldGen: 1057127K->1064238K(1398272K)
[7.060s][info][gc,metaspace ] GC(148) Metaspace: 8252K(8832K)->8252K(8832K) NonClass: 7522K(7936K)->7522K(7936K) Class: 729K(896K)->729K(896K)
[7.060s][info][gc           ] GC(148) Pause Young (Allocation Failure) 2381M->1046M(2719M) 2.285ms
[7.060s][info][gc,cpu       ] GC(148) User=0.00s Sys=0.00s Real=0.00s
[7.104s][info][gc,start     ] GC(149) Pause Young (Allocation Failure)
[7.106s][info][gc,heap      ] GC(149) PSYoungGen: 1381814K->6660K(1385984K)
[7.106s][info][gc,heap      ] GC(149) ParOldGen: 1064238K->1071109K(1398272K)
[7.106s][info][gc,metaspace ] GC(149) Metaspace: 8252K(8832K)->8252K(8832K) NonClass: 7522K(7936K)->7522K(7936K) Class: 729K(896K)->729K(896K)
[7.106s][info][gc           ] GC(149) Pause Young (Allocation Failure) 2388M->1052M(2719M) 2.311ms
[7.106s][info][gc,cpu       ] GC(149) User=0.00s Sys=0.00s Real=0.00s
[7.150s][info][gc,start     ] GC(150) Pause Young (Allocation Failure)
[7.152s][info][gc,heap      ] GC(150) PSYoungGen: 1381892K->6416K(1385984K)
[7.152s][info][gc,heap      ] GC(150) ParOldGen: 1071109K->1077475K(1398272K)
[7.152s][info][gc,metaspace ] GC(150) Metaspace: 8252K(8832K)->8252K(8832K) NonClass: 7522K(7936K)->7522K(7936K) Class: 729K(896K)->729K(896K)
[7.152s][info][gc           ] GC(150) Pause Young (Allocation Failure) 2395M->1058M(2719M) 2.122ms
[7.152s][info][gc,cpu       ] GC(150) User=0.00s Sys=0.00s Real=0.00s
[7.196s][info][gc,start     ] GC(151) Pause Young (Allocation Failure)
[7.199s][info][gc,heap      ] GC(151) PSYoungGen: 1381648K->6333K(1386496K)
[7.199s][info][gc,heap      ] GC(151) ParOldGen: 1077475K->1083703K(1398272K)
[7.199s][info][gc,metaspace ] GC(151) Metaspace: 8252K(8832K)->8252K(8832K) NonClass: 7522K(7936K)->7522K(7936K) Class: 729K(896K)->729K(896K)
[7.199s][info][gc           ] GC(151) Pause Young (Allocation Failure) 2401M->1064M(2719M) 2.182ms
[7.199s][info][gc,cpu       ] GC(151) User=0.00s Sys=0.00s Real=0.00s
[7.243s][info][gc,start     ] GC(152) Pause Young (Allocation Failure)
[7.245s][info][gc,heap      ] GC(152) PSYoungGen: 1382589K->5640K(1386496K)
[7.245s][info][gc,heap      ] GC(152) ParOldGen: 1083703K->1089827K(1398272K)
[7.245s][info][gc,metaspace ] GC(152) Metaspace: 8252K(8832K)->8252K(8832K) NonClass: 7522K(7936K)->7522K(7936K) Class: 729K(896K)->729K(896K)
[7.245s][info][gc           ] GC(152) Pause Young (Allocation Failure) 2408M->1069M(2719M) 1.903ms
[7.245s][info][gc,cpu       ] GC(152) User=0.00s Sys=0.00s Real=0.00s
[7.289s][info][gc,start     ] GC(153) Pause Young (Allocation Failure)
[7.291s][info][gc,heap      ] GC(153) PSYoungGen: 1381896K->5214K(1387520K)
[7.291s][info][gc,heap      ] GC(153) ParOldGen: 1089827K->1094709K(1398272K)
[7.291s][info][gc,metaspace ] GC(153) Metaspace: 8252K(8832K)->8252K(8832K) NonClass: 7522K(7936K)->7522K(7936K) Class: 729K(896K)->729K(896K)
[7.291s][info][gc           ] GC(153) Pause Young (Allocation Failure) 2413M->1074M(2720M) 1.944ms
[7.291s][info][gc,cpu       ] GC(153) User=0.00s Sys=0.00s Real=0.00s
[7.335s][info][gc,start     ] GC(154) Pause Young (Allocation Failure)
[7.337s][info][gc,heap      ] GC(154) PSYoungGen: 1382494K->7400K(1387520K)
[7.337s][info][gc,heap      ] GC(154) ParOldGen: 1094709K->1099735K(1398272K)
[7.337s][info][gc,metaspace ] GC(154) Metaspace: 8252K(8832K)->8252K(8832K) NonClass: 7522K(7936K)->7522K(7936K) Class: 729K(896K)->729K(896K)
[7.337s][info][gc           ] GC(154) Pause Young (Allocation Failure) 2419M->1081M(2720M) 2.055ms
[7.337s][info][gc,cpu       ] GC(154) User=0.20s Sys=0.00s Real=0.00s
[7.381s][info][gc,start     ] GC(155) Pause Young (Allocation Failure)
[7.383s][info][gc,heap      ] GC(155) PSYoungGen: 1384680K->9070K(1386496K)
[7.383s][info][gc,heap      ] GC(155) ParOldGen: 1099735K->1106733K(1398272K)
[7.383s][info][gc,metaspace ] GC(155) Metaspace: 8252K(8832K)->8252K(8832K) NonClass: 7522K(7936K)->7522K(7936K) Class: 729K(896K)->729K(896K)
[7.383s][info][gc           ] GC(155) Pause Young (Allocation Failure) 2426M->1089M(2719M) 2.252ms
[7.383s][info][gc,cpu       ] GC(155) User=0.16s Sys=0.03s Real=0.00s
[7.427s][info][gc,start     ] GC(156) Pause Young (Allocation Failure)
[7.429s][info][gc,heap      ] GC(156) PSYoungGen: 1385326K->8117K(1387008K)
[7.429s][info][gc,heap      ] GC(156) ParOldGen: 1106733K->1115316K(1398272K)
[7.429s][info][gc,metaspace ] GC(156) Metaspace: 8252K(8832K)->8252K(8832K) NonClass: 7522K(7936K)->7522K(7936K) Class: 729K(896K)->729K(896K)
[7.429s][info][gc           ] GC(156) Pause Young (Allocation Failure) 2433M->1097M(2720M) 2.304ms
[7.429s][info][gc,cpu       ] GC(156) User=0.19s Sys=0.02s Real=0.00s
[7.473s][info][gc,start     ] GC(157) Pause Young (Allocation Failure)
[7.476s][info][gc,heap      ] GC(157) PSYoungGen: 1384373K->7244K(1385984K)
[7.476s][info][gc,heap      ] GC(157) ParOldGen: 1115316K->1122879K(1398272K)
[7.476s][info][gc,metaspace ] GC(157) Metaspace: 8252K(8832K)->8252K(8832K) NonClass: 7523K(7936K)->7523K(7936K) Class: 729K(896K)->729K(896K)
[7.476s][info][gc           ] GC(157) Pause Young (Allocation Failure) 2441M->1103M(2719M) 2.328ms
[7.476s][info][gc,cpu       ] GC(157) User=0.02s Sys=0.00s Real=0.00s
[7.520s][info][gc,start     ] GC(158) Pause Young (Allocation Failure)
[7.522s][info][gc,heap      ] GC(158) PSYoungGen: 1383500K->5270K(1386496K)
[7.522s][info][gc,heap      ] GC(158) ParOldGen: 1122879K->1129952K(1398272K)
[7.522s][info][gc,metaspace ] GC(158) Metaspace: 8252K(8832K)->8252K(8832K) NonClass: 7523K(7936K)->7523K(7936K) Class: 729K(896K)->729K(896K)
[7.522s][info][gc           ] GC(158) Pause Young (Allocation Failure) 2447M->1108M(2719M) 2.181ms
[7.522s][info][gc,cpu       ] GC(158) User=0.00s Sys=0.00s Real=0.00s
[7.567s][info][gc,start     ] GC(159) Pause Young (Allocation Failure)
[7.569s][info][gc,heap      ] GC(159) PSYoungGen: 1381526K->8773K(1386496K)
[7.569s][info][gc,heap      ] GC(159) ParOldGen: 1129952K->1135086K(1398272K)
[7.569s][info][gc,metaspace ] GC(159) Metaspace: 8252K(8832K)->8252K(8832K) NonClass: 7523K(7936K)->7523K(7936K) Class: 729K(896K)->729K(896K)
[7.569s][info][gc           ] GC(159) Pause Young (Allocation Failure) 2452M->1117M(2719M) 2.234ms
[7.569s][info][gc,cpu       ] GC(159) User=0.00s Sys=0.00s Real=0.00s
[7.614s][info][gc,start     ] GC(160) Pause Young (Allocation Failure)
[7.616s][info][gc,heap      ] GC(160) PSYoungGen: 1385029K->7394K(1387008K)
[7.616s][info][gc,heap      ] GC(160) ParOldGen: 1135086K->1143663K(1398272K)
[7.616s][info][gc,metaspace ] GC(160) Metaspace: 8252K(8832K)->8252K(8832K) NonClass: 7523K(7936K)->7523K(7936K) Class: 729K(896K)->729K(896K)
[7.616s][info][gc           ] GC(160) Pause Young (Allocation Failure) 2461M->1124M(2720M) 2.341ms
[7.616s][info][gc,cpu       ] GC(160) User=0.00s Sys=0.00s Real=0.00s
[7.661s][info][gc,start     ] GC(161) Pause Young (Allocation Failure)
[7.663s][info][gc,heap      ] GC(161) PSYoungGen: 1383650K->10295K(1385984K)
[7.663s][info][gc,heap      ] GC(161) ParOldGen: 1143663K->1150797K(1398272K)
[7.663s][info][gc,metaspace ] GC(161) Metaspace: 8252K(8832K)->8252K(8832K) NonClass: 7523K(7936K)->7523K(7936K) Class: 729K(896K)->729K(896K)
[7.663s][info][gc           ] GC(161) Pause Young (Allocation Failure) 2468M->1133M(2719M) 2.332ms
[7.663s][info][gc,cpu       ] GC(161) User=0.00s Sys=0.00s Real=0.00s
[7.707s][info][gc,start     ] GC(162) Pause Young (Allocation Failure)
[7.710s][info][gc,heap      ] GC(162) PSYoungGen: 1385527K->7713K(1386496K)
[7.710s][info][gc,heap      ] GC(162) ParOldGen: 1150797K->1160959K(1398272K)
[7.710s][info][gc,metaspace ] GC(162) Metaspace: 8252K(8832K)->8252K(8832K) NonClass: 7523K(7936K)->7523K(7936K) Class: 729K(896K)->729K(896K)
[7.710s][info][gc           ] GC(162) Pause Young (Allocation Failure) 2476M->1141M(2719M) 2.385ms
[7.710s][info][gc,cpu       ] GC(162) User=0.00s Sys=0.00s Real=0.00s
[7.754s][info][gc,start     ] GC(163) Pause Young (Allocation Failure)
[7.756s][info][gc,heap      ] GC(163) PSYoungGen: 1382945K->4708K(1386496K)
[7.756s][info][gc,heap      ] GC(163) ParOldGen: 1160959K->1168532K(1398272K)
[7.756s][info][gc,metaspace ] GC(163) Metaspace: 8252K(8832K)->8252K(8832K) NonClass: 7523K(7936K)->7523K(7936K) Class: 729K(896K)->729K(896K)
[7.756s][info][gc           ] GC(163) Pause Young (Allocation Failure) 2484M->1145M(2719M) 2.188ms
[7.756s][info][gc,cpu       ] GC(163) User=0.00s Sys=0.00s Real=0.00s
[7.801s][info][gc,start     ] GC(164) Pause Young (Allocation Failure)
[7.803s][info][gc,heap      ] GC(164) PSYoungGen: 1379940K->7315K(1382912K)
[7.803s][info][gc,heap      ] GC(164) ParOldGen: 1168532K->1173035K(1398272K)
[7.803s][info][gc,metaspace ] GC(164) Metaspace: 8252K(8832K)->8252K(8832K) NonClass: 7523K(7936K)->7523K(7936K) Class: 729K(896K)->729K(896K)
[7.803s][info][gc           ] GC(164) Pause Young (Allocation Failure) 2488M->1152M(2716M) 2.263ms
[7.803s][info][gc,cpu       ] GC(164) User=0.00s Sys=0.00s Real=0.00s
[7.847s][info][gc,start     ] GC(165) Pause Young (Allocation Failure)
[7.850s][info][gc,heap      ] GC(165) PSYoungGen: 1382547K->7966K(1385984K)
[7.850s][info][gc,heap      ] GC(165) ParOldGen: 1173035K->1180022K(1398272K)
[7.850s][info][gc,metaspace ] GC(165) Metaspace: 8252K(8832K)->8252K(8832K) NonClass: 7523K(7936K)->7523K(7936K) Class: 729K(896K)->729K(896K)
[7.850s][info][gc           ] GC(165) Pause Young (Allocation Failure) 2495M->1160M(2719M) 2.320ms
[7.850s][info][gc,cpu       ] GC(165) User=0.00s Sys=0.00s Real=0.00s
[7.894s][info][gc,start     ] GC(166) Pause Young (Allocation Failure)
[7.896s][info][gc,heap      ] GC(166) PSYoungGen: 1383198K->7257K(1385984K)
[7.896s][info][gc,heap      ] GC(166) ParOldGen: 1180022K->1187780K(1398272K)
[7.896s][info][gc,metaspace ] GC(166) Metaspace: 8252K(8832K)->8252K(8832K) NonClass: 7523K(7936K)->7523K(7936K) Class: 729K(896K)->729K(896K)
[7.896s][info][gc           ] GC(166) Pause Young (Allocation Failure) 2503M->1167M(2719M) 2.194ms
[7.896s][info][gc,cpu       ] GC(166) User=0.00s Sys=0.00s Real=0.00s
[7.940s][info][gc,start     ] GC(167) Pause Young (Allocation Failure)
[7.943s][info][gc,heap      ] GC(167) PSYoungGen: 1382489K->7397K(1386496K)
[7.943s][info][gc,heap      ] GC(167) ParOldGen: 1187780K->1194782K(1398272K)
[7.943s][info][gc,metaspace ] GC(167) Metaspace: 8252K(8832K)->8252K(8832K) NonClass: 7523K(7936K)->7523K(7936K) Class: 729K(896K)->729K(896K)
[7.943s][info][gc           ] GC(167) Pause Young (Allocation Failure) 2510M->1174M(2719M) 2.331ms
[7.943s][info][gc,cpu       ] GC(167) User=0.00s Sys=0.00s Real=0.00s
[7.987s][info][gc,start     ] GC(168) Pause Young (Allocation Failure)
[7.989s][info][gc,heap      ] GC(168) PSYoungGen: 1383653K->6717K(1386496K)
[7.989s][info][gc,heap      ] GC(168) ParOldGen: 1194782K->1201889K(1398272K)
[7.989s][info][gc,metaspace ] GC(168) Metaspace: 8252K(8832K)->8252K(8832K) NonClass: 7523K(7936K)->7523K(7936K) Class: 729K(896K)->729K(896K)
[7.989s][info][gc           ] GC(168) Pause Young (Allocation Failure) 2518M->1180M(2719M) 2.301ms
[7.989s][info][gc,cpu       ] GC(168) User=0.00s Sys=0.00s Real=0.00s
[8.033s][info][gc,start     ] GC(169) Pause Young (Allocation Failure)
[8.036s][info][gc,heap      ] GC(169) PSYoungGen: 1382973K->7098K(1386496K)
[8.036s][info][gc,heap      ] GC(169) ParOldGen: 1201889K->1208379K(1398272K)
[8.036s][info][gc,metaspace ] GC(169) Metaspace: 8252K(8832K)->8252K(8832K) NonClass: 7523K(7936K)->7523K(7936K) Class: 729K(896K)->729K(896K)
[8.036s][info][gc           ] GC(169) Pause Young (Allocation Failure) 2524M->1186M(2719M) 2.194ms
[8.036s][info][gc,cpu       ] GC(169) User=0.00s Sys=0.00s Real=0.00s
[8.080s][info][gc,start     ] GC(170) Pause Young (Allocation Failure)
[8.082s][info][gc,heap      ] GC(170) PSYoungGen: 1384378K->8077K(1387008K)
[8.082s][info][gc,heap      ] GC(170) ParOldGen: 1208379K->1215180K(1398272K)
[8.082s][info][gc,metaspace ] GC(170) Metaspace: 8252K(8832K)->8252K(8832K) NonClass: 7523K(7936K)->7523K(7936K) Class: 729K(896K)->729K(896K)
[8.082s][info][gc           ] GC(170) Pause Young (Allocation Failure) 2531M->1194M(2720M) 2.142ms
[8.082s][info][gc,cpu       ] GC(170) User=0.00s Sys=0.00s Real=0.00s
[8.125s][info][gc,start     ] GC(171) Pause Young (Allocation Failure)
[8.127s][info][gc,heap      ] GC(171) PSYoungGen: 1385357K->8550K(1387008K)
[8.127s][info][gc,heap      ] GC(171) ParOldGen: 1215180K->1223036K(1398272K)
[8.127s][info][gc,metaspace ] GC(171) Metaspace: 8252K(8832K)->8252K(8832K) NonClass: 7523K(7936K)->7523K(7936K) Class: 729K(896K)->729K(896K)
[8.127s][info][gc           ] GC(171) Pause Young (Allocation Failure) 2539M->1202M(2720M) 1.861ms
[8.127s][info][gc,cpu       ] GC(171) User=0.00s Sys=0.00s Real=0.00s
[8.173s][info][gc,start     ] GC(172) Pause Young (Allocation Failure)
[8.175s][info][gc,heap      ] GC(172) PSYoungGen: 1385830K->9751K(1387520K)
[8.175s][info][gc,heap      ] GC(172) ParOldGen: 1223036K->1230988K(1398272K)
[8.175s][info][gc,metaspace ] GC(172) Metaspace: 8270K(8832K)->8270K(8832K) NonClass: 7540K(7936K)->7540K(7936K) Class: 730K(896K)->730K(896K)
[8.175s][info][gc           ] GC(172) Pause Young (Allocation Failure) 2547M->1211M(2720M) 2.169ms
[8.175s][info][gc,cpu       ] GC(172) User=0.00s Sys=0.00s Real=0.00s
[8.219s][info][gc,start     ] GC(173) Pause Young (Allocation Failure)
[8.221s][info][gc,heap      ] GC(173) PSYoungGen: 1387031K->7752K(1387520K)
[8.221s][info][gc,heap      ] GC(173) ParOldGen: 1230988K->1240333K(1398272K)
[8.221s][info][gc,metaspace ] GC(173) Metaspace: 8270K(8832K)->8270K(8832K) NonClass: 7540K(7936K)->7540K(7936K) Class: 730K(896K)->730K(896K)
[8.221s][info][gc           ] GC(173) Pause Young (Allocation Failure) 2556M->1218M(2720M) 2.048ms
[8.221s][info][gc,cpu       ] GC(173) User=0.00s Sys=0.00s Real=0.00s
[8.265s][info][gc,start     ] GC(174) Pause Young (Allocation Failure)
[8.267s][info][gc,heap      ] GC(174) PSYoungGen: 1385032K->7268K(1387520K)
[8.267s][info][gc,heap      ] GC(174) ParOldGen: 1240333K->1247801K(1398272K)
[8.267s][info][gc,metaspace ] GC(174) Metaspace: 8270K(8832K)->8270K(8832K) NonClass: 7540K(7936K)->7540K(7936K) Class: 730K(896K)->730K(896K)
[8.267s][info][gc           ] GC(174) Pause Young (Allocation Failure) 2563M->1225M(2720M) 2.088ms
[8.267s][info][gc,cpu       ] GC(174) User=0.00s Sys=0.00s Real=0.00s
[8.311s][info][gc,start     ] GC(175) Pause Young (Allocation Failure)
[8.314s][info][gc,heap      ] GC(175) PSYoungGen: 1384548K->9303K(1386496K)
[8.314s][info][gc,heap      ] GC(175) ParOldGen: 1247801K->1254868K(1398272K)
[8.314s][info][gc,metaspace ] GC(175) Metaspace: 8270K(8832K)->8270K(8832K) NonClass: 7540K(7936K)->7540K(7936K) Class: 730K(896K)->730K(896K)
[8.314s][info][gc           ] GC(175) Pause Young (Allocation Failure) 2570M->1234M(2719M) 2.285ms
[8.314s][info][gc,cpu       ] GC(175) User=0.00s Sys=0.00s Real=0.00s
[8.358s][info][gc,start     ] GC(176) Pause Young (Allocation Failure)
[8.360s][info][gc,heap      ] GC(176) PSYoungGen: 1385559K->8393K(1387008K)
[8.360s][info][gc,heap      ] GC(176) ParOldGen: 1254868K->1263894K(1398272K)
[8.360s][info][gc,metaspace ] GC(176) Metaspace: 8270K(8832K)->8270K(8832K) NonClass: 7540K(7936K)->7540K(7936K) Class: 730K(896K)->730K(896K)
[8.360s][info][gc           ] GC(176) Pause Young (Allocation Failure) 2578M->1242M(2720M) 2.464ms
[8.360s][info][gc,cpu       ] GC(176) User=0.00s Sys=0.00s Real=0.00s
[8.404s][info][gc,start     ] GC(177) Pause Young (Allocation Failure)
[8.406s][info][gc,heap      ] GC(177) PSYoungGen: 1384649K->6747K(1387008K)
[8.406s][info][gc,heap      ] GC(177) ParOldGen: 1263894K->1272056K(1398272K)
[8.406s][info][gc,metaspace ] GC(177) Metaspace: 8270K(8832K)->8270K(8832K) NonClass: 7540K(7936K)->7540K(7936K) Class: 730K(896K)->730K(896K)
[8.406s][info][gc           ] GC(177) Pause Young (Allocation Failure) 2586M->1248M(2720M) 2.407ms
[8.406s][info][gc,cpu       ] GC(177) User=0.00s Sys=0.00s Real=0.00s
[8.450s][info][gc,start     ] GC(178) Pause Young (Allocation Failure)
[8.452s][info][gc,heap      ] GC(178) PSYoungGen: 1383003K->8520K(1387008K)
[8.452s][info][gc,heap      ] GC(178) ParOldGen: 1272056K->1278516K(1398272K)
[8.453s][info][gc,metaspace ] GC(178) Metaspace: 8270K(8832K)->8270K(8832K) NonClass: 7540K(7936K)->7540K(7936K) Class: 730K(896K)->730K(896K)
[8.453s][info][gc           ] GC(178) Pause Young (Allocation Failure) 2592M->1256M(2720M) 2.300ms
[8.453s][info][gc,cpu       ] GC(178) User=0.00s Sys=0.00s Real=0.00s
[8.496s][info][gc,start     ] GC(179) Pause Young (Allocation Failure)
[8.499s][info][gc,heap      ] GC(179) PSYoungGen: 1384776K->7311K(1385984K)
[8.499s][info][gc,heap      ] GC(179) ParOldGen: 1278516K->1286622K(1398272K)
[8.499s][info][gc,metaspace ] GC(179) Metaspace: 8270K(8832K)->8270K(8832K) NonClass: 7540K(7936K)->7540K(7936K) Class: 730K(896K)->730K(896K)
[8.499s][info][gc           ] GC(179) Pause Young (Allocation Failure) 2600M->1263M(2719M) 2.276ms
[8.499s][info][gc,cpu       ] GC(179) User=0.00s Sys=0.00s Real=0.00s
[8.543s][info][gc,start     ] GC(180) Pause Young (Allocation Failure)
[8.545s][info][gc,heap      ] GC(180) PSYoungGen: 1383567K->5485K(1386496K)
[8.545s][info][gc,heap      ] GC(180) ParOldGen: 1286622K->1293785K(1398272K)
[8.545s][info][gc,metaspace ] GC(180) Metaspace: 8270K(8832K)->8270K(8832K) NonClass: 7540K(7936K)->7540K(7936K) Class: 730K(896K)->730K(896K)
[8.545s][info][gc           ] GC(180) Pause Young (Allocation Failure) 2607M->1268M(2719M) 2.100ms
[8.545s][info][gc,cpu       ] GC(180) User=0.00s Sys=0.00s Real=0.00s
[8.590s][info][gc,start     ] GC(181) Pause Young (Allocation Failure)
[8.592s][info][gc,heap      ] GC(181) PSYoungGen: 1381741K->9301K(1387008K)
[8.592s][info][gc,heap      ] GC(181) ParOldGen: 1293785K->1299076K(1398272K)
[8.592s][info][gc,metaspace ] GC(181) Metaspace: 8270K(8832K)->8270K(8832K) NonClass: 7540K(7936K)->7540K(7936K) Class: 730K(896K)->730K(896K)
[8.592s][info][gc           ] GC(181) Pause Young (Allocation Failure) 2612M->1277M(2720M) 2.138ms
[8.592s][info][gc,cpu       ] GC(181) User=0.00s Sys=0.00s Real=0.00s
[8.637s][info][gc,start     ] GC(182) Pause Young (Allocation Failure)
[8.639s][info][gc,heap      ] GC(182) PSYoungGen: 1385557K->10208K(1386496K)
[8.639s][info][gc,heap      ] GC(182) ParOldGen: 1299076K->1308002K(1398272K)
[8.639s][info][gc,metaspace ] GC(182) Metaspace: 8270K(8832K)->8270K(8832K) NonClass: 7540K(7936K)->7540K(7936K) Class: 730K(896K)->730K(896K)
[8.639s][info][gc           ] GC(182) Pause Young (Allocation Failure) 2621M->1287M(2719M) 2.202ms
[8.639s][info][gc,cpu       ] GC(182) User=0.00s Sys=0.00s Real=0.00s
[8.683s][info][gc,start     ] GC(183) Pause Young (Allocation Failure)
[8.685s][info][gc,heap      ] GC(183) PSYoungGen: 1386464K->8927K(1385472K)
[8.685s][info][gc,heap      ] GC(183) ParOldGen: 1308002K->1317748K(1398272K)
[8.685s][info][gc,metaspace ] GC(183) Metaspace: 8270K(8832K)->8270K(8832K) NonClass: 7540K(7936K)->7540K(7936K) Class: 730K(896K)->730K(896K)
[8.685s][info][gc           ] GC(183) Pause Young (Allocation Failure) 2631M->1295M(2718M) 2.475ms
[8.685s][info][gc,cpu       ] GC(183) User=0.00s Sys=0.00s Real=0.00s
[8.729s][info][gc,start     ] GC(184) Pause Young (Allocation Failure)
[8.731s][info][gc,heap      ] GC(184) PSYoungGen: 1383135K->5627K(1385984K)
[8.731s][info][gc,heap      ] GC(184) ParOldGen: 1317748K->1326443K(1398272K)
[8.731s][info][gc,metaspace ] GC(184) Metaspace: 8270K(8832K)->8270K(8832K) NonClass: 7540K(7936K)->7540K(7936K) Class: 730K(896K)->730K(896K)
[8.731s][info][gc           ] GC(184) Pause Young (Allocation Failure) 2637M->1300M(2719M) 2.251ms
[8.731s][info][gc,cpu       ] GC(184) User=0.00s Sys=0.00s Real=0.00s
[8.775s][info][gc,start     ] GC(185) Pause Young (Allocation Failure)
[8.777s][info][gc,heap      ] GC(185) PSYoungGen: 1379835K->8203K(1384960K)
[8.777s][info][gc,heap      ] GC(185) ParOldGen: 1326443K->1331828K(1398272K)
[8.777s][info][gc,metaspace ] GC(185) Metaspace: 8271K(8832K)->8271K(8832K) NonClass: 7541K(7936K)->7541K(7936K) Class: 730K(896K)->730K(896K)
[8.777s][info][gc           ] GC(185) Pause Young (Allocation Failure) 2642M->1308M(2718M) 2.088ms
[8.777s][info][gc,cpu       ] GC(185) User=0.00s Sys=0.00s Real=0.00s
[8.821s][info][gc,start     ] GC(186) Pause Young (Allocation Failure)
[8.823s][info][gc,heap      ] GC(186) PSYoungGen: 1382411K->6974K(1385472K)
[8.823s][info][gc,heap      ] GC(186) ParOldGen: 1331828K->1339789K(1398272K)
[8.823s][info][gc,metaspace ] GC(186) Metaspace: 8271K(8832K)->8271K(8832K) NonClass: 7541K(7936K)->7541K(7936K) Class: 730K(896K)->730K(896K)
[8.823s][info][gc           ] GC(186) Pause Young (Allocation Failure) 2650M->1315M(2718M) 2.414ms
[8.823s][info][gc,cpu       ] GC(186) User=0.00s Sys=0.00s Real=0.00s
[8.867s][info][gc,start     ] GC(187) Pause Young (Allocation Failure)
[8.870s][info][gc,heap      ] GC(187) PSYoungGen: 1381182K->8674K(1386496K)
[8.870s][info][gc,heap      ] GC(187) ParOldGen: 1339789K->1346618K(1398272K)
[8.870s][info][gc,metaspace ] GC(187) Metaspace: 8271K(8832K)->8271K(8832K) NonClass: 7541K(7936K)->7541K(7936K) Class: 730K(896K)->730K(896K)
[8.870s][info][gc           ] GC(187) Pause Young (Allocation Failure) 2657M->1323M(2719M) 2.398ms
[8.870s][info][gc,cpu       ] GC(187) User=0.00s Sys=0.00s Real=0.00s
[8.914s][info][gc,start     ] GC(188) Pause Young (Allocation Failure)
[8.916s][info][gc,heap      ] GC(188) PSYoungGen: 1383906K->6935K(1386496K)
[8.916s][info][gc,heap      ] GC(188) ParOldGen: 1346618K->1355011K(1398272K)
[8.916s][info][gc,metaspace ] GC(188) Metaspace: 8271K(8832K)->8271K(8832K) NonClass: 7541K(7936K)->7541K(7936K) Class: 730K(896K)->730K(896K)
[8.916s][info][gc           ] GC(188) Pause Young (Allocation Failure) 2666M->1330M(2719M) 2.484ms
[8.916s][info][gc,cpu       ] GC(188) User=0.00s Sys=0.00s Real=0.00s
[8.960s][info][gc,start     ] GC(189) Pause Young (Allocation Failure)
[8.962s][info][gc,heap      ] GC(189) PSYoungGen: 1382167K->6581K(1386496K)
[8.962s][info][gc,heap      ] GC(189) ParOldGen: 1355011K->1361725K(1398272K)
[8.962s][info][gc,metaspace ] GC(189) Metaspace: 8271K(8832K)->8271K(8832K) NonClass: 7541K(7936K)->7541K(7936K) Class: 730K(896K)->730K(896K)
[8.962s][info][gc           ] GC(189) Pause Young (Allocation Failure) 2673M->1336M(2719M) 2.271ms
[8.962s][info][gc,cpu       ] GC(189) User=0.00s Sys=0.00s Real=0.00s
[9.007s][info][gc,start     ] GC(190) Pause Young (Allocation Failure)
[9.008s][info][gc,heap      ] GC(190) PSYoungGen: 1381813K->5469K(1386496K)
[9.008s][info][gc,heap      ] GC(190) ParOldGen: 1361725K->1368040K(1398272K)
[9.008s][info][gc,metaspace ] GC(190) Metaspace: 8271K(8832K)->8271K(8832K) NonClass: 7541K(7936K)->7541K(7936K) Class: 730K(896K)->730K(896K)
[9.008s][info][gc           ] GC(190) Pause Young (Allocation Failure) 2679M->1341M(2719M) 1.863ms
[9.008s][info][gc,cpu       ] GC(190) User=0.17s Sys=0.03s Real=0.00s
[9.053s][info][gc,start     ] GC(191) Pause Young (Allocation Failure)
[9.055s][info][gc,heap      ] GC(191) PSYoungGen: 1380701K->8648K(1386496K)
[9.055s][info][gc,heap      ] GC(191) ParOldGen: 1368040K->1373194K(1398272K)
[9.055s][info][gc,metaspace ] GC(191) Metaspace: 8271K(8832K)->8271K(8832K) NonClass: 7541K(7936K)->7541K(7936K) Class: 730K(896K)->730K(896K)
[9.055s][info][gc           ] GC(191) Pause Young (Allocation Failure) 2684M->1349M(2719M) 2.212ms
[9.055s][info][gc,cpu       ] GC(191) User=0.12s Sys=0.06s Real=0.00s
[9.099s][info][gc,start     ] GC(192) Pause Young (Allocation Failure)
[9.100s][info][gc,heap      ] GC(192) PSYoungGen: 1383880K->8237K(1386496K)
[9.100s][info][gc,heap      ] GC(192) ParOldGen: 1373194K->1381649K(1398272K)
[9.100s][info][gc,metaspace ] GC(192) Metaspace: 8271K(8832K)->8271K(8832K) NonClass: 7541K(7936K)->7541K(7936K) Class: 730K(896K)->730K(896K)
[9.100s][info][gc           ] GC(192) Pause Young (Allocation Failure) 2692M->1357M(2719M) 1.855ms
[9.100s][info][gc,cpu       ] GC(192) User=0.00s Sys=0.00s Real=0.00s
[9.144s][info][gc,start     ] GC(193) Pause Young (Allocation Failure)
[9.146s][info][gc,heap      ] GC(193) PSYoungGen: 1383469K->6845K(1385472K)
[9.146s][info][gc,heap      ] GC(193) ParOldGen: 1381649K->1388967K(1398272K)
[9.146s][info][gc,metaspace ] GC(193) Metaspace: 8271K(8832K)->8271K(8832K) NonClass: 7541K(7936K)->7541K(7936K) Class: 730K(896K)->730K(896K)
[9.146s][info][gc           ] GC(193) Pause Young (Allocation Failure) 2700M->1363M(2718M) 2.181ms
[9.146s][info][gc,cpu       ] GC(193) User=0.00s Sys=0.00s Real=0.00s
[9.146s][info][gc,start     ] GC(194) Pause Full (Ergonomics)
[9.146s][info][gc,phases,start] GC(194) Marking Phase
[9.164s][info][gc,phases      ] GC(194) Marking Phase 17.315ms
[9.164s][info][gc,phases,start] GC(194) Summary Phase
[9.164s][info][gc,phases      ] GC(194) Summary Phase 0.032ms
[9.164s][info][gc,phases,start] GC(194) Adjust Roots
[9.165s][info][gc,phases      ] GC(194) Adjust Roots 1.032ms
[9.165s][info][gc,phases,start] GC(194) Compaction Phase
[9.241s][info][gc,phases      ] GC(194) Compaction Phase 76.153ms
[9.241s][info][gc,phases,start] GC(194) Post Compact
[9.249s][info][gc,phases      ] GC(194) Post Compact 8.076ms
[9.278s][info][gc,heap        ] GC(194) PSYoungGen: 6845K->0K(1385984K)
[9.278s][info][gc,heap        ] GC(194) ParOldGen: 1388967K->136289K(776704K)
[9.278s][info][gc,metaspace   ] GC(194) Metaspace: 8271K(8832K)->8179K(8832K) NonClass: 7541K(7936K)->7478K(7936K) Class: 730K(896K)->701K(896K)
[9.278s][info][gc             ] GC(194) Pause Full (Ergonomics) 1363M->133M(2112M) 131.379ms
[9.278s][info][gc,cpu         ] GC(194) User=0.47s Sys=0.05s Real=0.13s
[9.322s][info][gc,start       ] GC(195) Pause Young (Allocation Failure)
[9.323s][info][gc,heap        ] GC(195) PSYoungGen: 1375232K->9017K(1385984K)
[9.323s][info][gc,heap        ] GC(195) ParOldGen: 136289K->136289K(776704K)
[9.323s][info][gc,metaspace   ] GC(195) Metaspace: 8179K(8832K)->8179K(8832K) NonClass: 7478K(7936K)->7478K(7936K) Class: 701K(896K)->701K(896K)
[9.323s][info][gc             ] GC(195) Pause Young (Allocation Failure) 1476M->141M(2112M) 1.532ms
[9.323s][info][gc,cpu         ] GC(195) User=0.00s Sys=0.00s Real=0.00s
[9.367s][info][gc,start       ] GC(196) Pause Young (Allocation Failure)
[9.369s][info][gc,heap        ] GC(196) PSYoungGen: 1384249K->8543K(1386496K)
[9.369s][info][gc,heap        ] GC(196) ParOldGen: 136289K->145188K(776704K)
[9.369s][info][gc,metaspace   ] GC(196) Metaspace: 8179K(8832K)->8179K(8832K) NonClass: 7478K(7936K)->7478K(7936K) Class: 701K(896K)->701K(896K)
[9.369s][info][gc             ] GC(196) Pause Young (Allocation Failure) 1484M->150M(2112M) 1.753ms
[9.369s][info][gc,cpu         ] GC(196) User=0.00s Sys=0.00s Real=0.00s
[9.412s][info][gc,start       ] GC(197) Pause Young (Allocation Failure)
[9.414s][info][gc,heap        ] GC(197) PSYoungGen: 1383775K->9163K(1386496K)
[9.414s][info][gc,heap        ] GC(197) ParOldGen: 145188K->153339K(776704K)
[9.414s][info][gc,metaspace   ] GC(197) Metaspace: 8179K(8832K)->8179K(8832K) NonClass: 7478K(7936K)->7478K(7936K) Class: 701K(896K)->701K(896K)
[9.414s][info][gc             ] GC(197) Pause Young (Allocation Failure) 1493M->158M(2112M) 1.737ms
[9.414s][info][gc,cpu         ] GC(197) User=0.14s Sys=0.06s Real=0.00s
[9.458s][info][gc,start       ] GC(198) Pause Young (Allocation Failure)
[9.460s][info][gc,heap        ] GC(198) PSYoungGen: 1384395K->8225K(1386496K)
[9.460s][info][gc,heap        ] GC(198) ParOldGen: 153339K->162066K(776704K)
[9.460s][info][gc,metaspace   ] GC(198) Metaspace: 8179K(8832K)->8179K(8832K) NonClass: 7478K(7936K)->7478K(7936K) Class: 701K(896K)->701K(896K)
[9.460s][info][gc             ] GC(198) Pause Young (Allocation Failure) 1501M->166M(2112M) 1.619ms
[9.460s][info][gc,cpu         ] GC(198) User=0.00s Sys=0.00s Real=0.00s
[9.503s][info][gc,start       ] GC(199) Pause Young (Allocation Failure)
[9.505s][info][gc,heap        ] GC(199) PSYoungGen: 1383457K->8332K(1385472K)
[9.505s][info][gc,heap        ] GC(199) ParOldGen: 162066K->169777K(776704K)
[9.505s][info][gc,metaspace   ] GC(199) Metaspace: 8179K(8832K)->8179K(8832K) NonClass: 7478K(7936K)->7478K(7936K) Class: 701K(896K)->701K(896K)
[9.505s][info][gc             ] GC(199) Pause Young (Allocation Failure) 1509M->173M(2111M) 1.623ms
[9.505s][info][gc,cpu         ] GC(199) User=0.00s Sys=0.00s Real=0.00s
[9.549s][info][gc,start       ] GC(200) Pause Young (Allocation Failure)
[9.550s][info][gc,heap        ] GC(200) PSYoungGen: 1383564K->4496K(1385984K)
[9.550s][info][gc,heap        ] GC(200) ParOldGen: 169777K->177947K(776704K)
[9.550s][info][gc,metaspace   ] GC(200) Metaspace: 8179K(8832K)->8179K(8832K) NonClass: 7478K(7936K)->7478K(7936K) Class: 701K(896K)->701K(896K)
[9.550s][info][gc             ] GC(200) Pause Young (Allocation Failure) 1516M->178M(2112M) 1.573ms
[9.550s][info][gc,cpu         ] GC(200) User=0.00s Sys=0.00s Real=0.00s
[9.594s][info][gc,start       ] GC(201) Pause Young (Allocation Failure)
[9.596s][info][gc,heap        ] GC(201) PSYoungGen: 1379728K->6059K(1386496K)
[9.596s][info][gc,heap        ] GC(201) ParOldGen: 177947K->182178K(776704K)
[9.596s][info][gc,metaspace   ] GC(201) Metaspace: 8179K(8832K)->8179K(8832K) NonClass: 7478K(7936K)->7478K(7936K) Class: 701K(896K)->701K(896K)
[9.596s][info][gc             ] GC(201) Pause Young (Allocation Failure) 1521M->183M(2112M) 1.401ms
[9.596s][info][gc,cpu         ] GC(201) User=0.00s Sys=0.00s Real=0.00s
[9.640s][info][gc,start       ] GC(202) Pause Young (Allocation Failure)
[9.641s][info][gc,heap        ] GC(202) PSYoungGen: 1381291K->7267K(1382912K)
[9.641s][info][gc,heap        ] GC(202) ParOldGen: 182178K->187695K(776704K)
[9.641s][info][gc,metaspace   ] GC(202) Metaspace: 8179K(8832K)->8179K(8832K) NonClass: 7478K(7936K)->7478K(7936K) Class: 701K(896K)->701K(896K)
[9.641s][info][gc             ] GC(202) Pause Young (Allocation Failure) 1526M->190M(2109M) 1.495ms
[9.641s][info][gc,cpu         ] GC(202) User=0.00s Sys=0.00s Real=0.00s
[9.685s][info][gc,start       ] GC(203) Pause Young (Allocation Failure)
[9.687s][info][gc,heap        ] GC(203) PSYoungGen: 1382499K->6598K(1385984K)
[9.687s][info][gc,heap        ] GC(203) ParOldGen: 187695K->194519K(776704K)
[9.687s][info][gc,metaspace   ] GC(203) Metaspace: 8179K(8832K)->8179K(8832K) NonClass: 7478K(7936K)->7478K(7936K) Class: 701K(896K)->701K(896K)
[9.687s][info][gc             ] GC(203) Pause Young (Allocation Failure) 1533M->196M(2112M) 1.568ms
[9.687s][info][gc,cpu         ] GC(203) User=0.00s Sys=0.00s Real=0.00s
[9.730s][info][gc,start       ] GC(204) Pause Young (Allocation Failure)
[9.732s][info][gc,heap        ] GC(204) PSYoungGen: 1381830K->7808K(1385984K)
[9.732s][info][gc,heap        ] GC(204) ParOldGen: 194519K->200994K(776704K)
[9.732s][info][gc,metaspace   ] GC(204) Metaspace: 8179K(8832K)->8179K(8832K) NonClass: 7478K(7936K)->7478K(7936K) Class: 701K(896K)->701K(896K)
[9.732s][info][gc             ] GC(204) Pause Young (Allocation Failure) 1539M->203M(2112M) 1.549ms
[9.732s][info][gc,cpu         ] GC(204) User=0.00s Sys=0.00s Real=0.00s
[9.776s][info][gc,start       ] GC(205) Pause Young (Allocation Failure)
[9.778s][info][gc,heap        ] GC(205) PSYoungGen: 1383040K->6961K(1385984K)
[9.778s][info][gc,heap        ] GC(205) ParOldGen: 200994K->208646K(776704K)
[9.778s][info][gc,metaspace   ] GC(205) Metaspace: 8179K(8832K)->8179K(8832K) NonClass: 7478K(7936K)->7478K(7936K) Class: 701K(896K)->701K(896K)
[9.778s][info][gc             ] GC(205) Pause Young (Allocation Failure) 1546M->210M(2112M) 1.585ms
[9.778s][info][gc,cpu         ] GC(205) User=0.00s Sys=0.00s Real=0.00s
[9.826s][info][gc,start       ] GC(206) Pause Young (Allocation Failure)
[9.854s][info][gc,heap        ] GC(206) PSYoungGen: 1383217K->10233K(1386496K)
[9.854s][info][gc,heap        ] GC(206) ParOldGen: 208646K->236526K(776704K)
[9.854s][info][gc,metaspace   ] GC(206) Metaspace: 8179K(8832K)->8179K(8832K) NonClass: 7478K(7936K)->7478K(7936K) Class: 701K(896K)->701K(896K)
[9.854s][info][gc             ] GC(206) Pause Young (Allocation Failure) 1554M->240M(2112M) 27.910ms
[9.854s][info][gc,cpu         ] GC(206) User=0.39s Sys=0.02s Real=0.03s
[9.898s][info][gc,start       ] GC(207) Pause Young (Allocation Failure)
[9.908s][info][gc,heap        ] GC(207) PSYoungGen: 1386489K->8135K(1367040K)
[9.908s][info][gc,heap        ] GC(207) ParOldGen: 236526K->312201K(776704K)
[9.908s][info][gc,metaspace   ] GC(207) Metaspace: 8179K(8832K)->8179K(8832K) NonClass: 7478K(7936K)->7478K(7936K) Class: 701K(896K)->701K(896K)
[9.908s][info][gc             ] GC(207) Pause Young (Allocation Failure) 1584M->312M(2093M) 10.164ms
[9.908s][info][gc,cpu         ] GC(207) User=0.02s Sys=0.00s Real=0.01s
[9.951s][info][gc,start       ] GC(208) Pause Young (Allocation Failure)
[9.953s][info][gc,heap        ] GC(208) PSYoungGen: 1363911K->8175K(1376768K)
[9.953s][info][gc,heap        ] GC(208) ParOldGen: 312201K->320124K(776704K)
[9.953s][info][gc,metaspace   ] GC(208) Metaspace: 8179K(8832K)->8179K(8832K) NonClass: 7478K(7936K)->7478K(7936K) Class: 701K(896K)->701K(896K)
[9.953s][info][gc             ] GC(208) Pause Young (Allocation Failure) 1636M->320M(2103M) 2.346ms
[9.953s][info][gc,cpu         ] GC(208) User=0.00s Sys=0.00s Real=0.00s
[9.996s][info][gc,start       ] GC(209) Pause Young (Allocation Failure)
[9.999s][info][gc,heap        ] GC(209) PSYoungGen: 1363951K->8104K(1374720K)
[9.999s][info][gc,heap        ] GC(209) ParOldGen: 320124K->327759K(776704K)
[9.999s][info][gc,metaspace   ] GC(209) Metaspace: 8179K(8832K)->8179K(8832K) NonClass: 7478K(7936K)->7478K(7936K) Class: 701K(896K)->701K(896K)
[9.999s][info][gc             ] GC(209) Pause Young (Allocation Failure) 1644M->327M(2101M) 2.333ms
[9.999s][info][gc,cpu         ] GC(209) User=0.00s Sys=0.00s Real=0.00s
[10.042s][info][gc,start       ] GC(210) Pause Young (Allocation Failure)
[10.044s][info][gc,heap        ] GC(210) PSYoungGen: 1364904K->8775K(1376256K)
[10.044s][info][gc,heap        ] GC(210) ParOldGen: 327759K->335464K(776704K)
[10.044s][info][gc,metaspace   ] GC(210) Metaspace: 8179K(8832K)->8179K(8832K) NonClass: 7478K(7936K)->7478K(7936K) Class: 701K(896K)->701K(896K)
[10.044s][info][gc             ] GC(210) Pause Young (Allocation Failure) 1652M->336M(2102M) 2.297ms
[10.044s][info][gc,cpu         ] GC(210) User=0.00s Sys=0.00s Real=0.00s
[10.087s][info][gc,start       ] GC(211) Pause Young (Allocation Failure)
[10.090s][info][gc,heap        ] GC(211) PSYoungGen: 1365575K->8093K(1375744K)
[10.090s][info][gc,heap        ] GC(211) ParOldGen: 335464K->343271K(776704K)
[10.090s][info][gc,metaspace   ] GC(211) Metaspace: 8179K(8832K)->8179K(8832K) NonClass: 7478K(7936K)->7478K(7936K) Class: 701K(896K)->701K(896K)
[10.090s][info][gc             ] GC(211) Pause Young (Allocation Failure) 1661M->343M(2102M) 2.625ms
[10.090s][info][gc,cpu         ] GC(211) User=0.00s Sys=0.00s Real=0.00s
[10.133s][info][gc,start       ] GC(212) Pause Young (Allocation Failure)
[10.136s][info][gc,heap        ] GC(212) PSYoungGen: 1367453K->8625K(1377280K)
[10.136s][info][gc,heap        ] GC(212) ParOldGen: 343271K->350451K(776704K)
[10.136s][info][gc,metaspace   ] GC(212) Metaspace: 8179K(8832K)->8179K(8832K) NonClass: 7478K(7936K)->7478K(7936K) Class: 701K(896K)->701K(896K)
[10.136s][info][gc             ] GC(212) Pause Young (Allocation Failure) 1670M->350M(2103M) 2.623ms
[10.136s][info][gc,cpu         ] GC(212) User=0.00s Sys=0.00s Real=0.00s
[10.179s][info][gc,start       ] GC(213) Pause Young (Allocation Failure)
[10.181s][info][gc,heap        ] GC(213) PSYoungGen: 1367985K->8593K(1378304K)
[10.181s][info][gc,heap        ] GC(213) ParOldGen: 350451K->358875K(776704K)
[10.181s][info][gc,metaspace   ] GC(213) Metaspace: 8179K(8832K)->8179K(8832K) NonClass: 7478K(7936K)->7478K(7936K) Class: 701K(896K)->701K(896K)
[10.181s][info][gc             ] GC(213) Pause Young (Allocation Failure) 1678M->358M(2104M) 2.288ms
[10.181s][info][gc,cpu         ] GC(213) User=0.11s Sys=0.00s Real=0.00s
[10.224s][info][gc,start       ] GC(214) Pause Young (Allocation Failure)
[10.226s][info][gc,heap        ] GC(214) PSYoungGen: 1371025K->8746K(1379328K)
[10.227s][info][gc,heap        ] GC(214) ParOldGen: 358875K->367085K(776704K)
[10.227s][info][gc,metaspace   ] GC(214) Metaspace: 8179K(8832K)->8179K(8832K) NonClass: 7478K(7936K)->7478K(7936K) Class: 701K(896K)->701K(896K)
[10.227s][info][gc             ] GC(214) Pause Young (Allocation Failure) 1689M->367M(2105M) 2.333ms
[10.227s][info][gc,cpu         ] GC(214) User=0.20s Sys=0.00s Real=0.00s
[10.270s][info][gc,start       ] GC(215) Pause Young (Allocation Failure)
[10.272s][info][gc,heap        ] GC(215) PSYoungGen: 1371178K->5268K(1380352K)
[10.272s][info][gc,heap        ] GC(215) ParOldGen: 367085K->375424K(776704K)
[10.272s][info][gc,metaspace   ] GC(215) Metaspace: 8179K(8832K)->8179K(8832K) NonClass: 7478K(7936K)->7478K(7936K) Class: 701K(896K)->701K(896K)
[10.272s][info][gc             ] GC(215) Pause Young (Allocation Failure) 1697M->371M(2106M) 2.274ms
[10.272s][info][gc,cpu         ] GC(215) User=0.00s Sys=0.00s Real=0.00s
[10.316s][info][gc,start       ] GC(216) Pause Young (Allocation Failure)
[10.318s][info][gc,heap        ] GC(216) PSYoungGen: 1369748K->7611K(1380864K)
[10.318s][info][gc,heap        ] GC(216) ParOldGen: 375424K->380293K(776704K)
[10.318s][info][gc,metaspace   ] GC(216) Metaspace: 8179K(8832K)->8179K(8832K) NonClass: 7478K(7936K)->7478K(7936K) Class: 701K(896K)->701K(896K)
[10.318s][info][gc             ] GC(216) Pause Young (Allocation Failure) 1704M->378M(2107M) 2.450ms
[10.318s][info][gc,cpu         ] GC(216) User=0.00s Sys=0.00s Real=0.00s
[10.361s][info][gc,start       ] GC(217) Pause Young (Allocation Failure)
[10.364s][info][gc,heap        ] GC(217) PSYoungGen: 1372091K->7932K(1380352K)
[10.364s][info][gc,heap        ] GC(217) ParOldGen: 380293K->387666K(776704K)
[10.364s][info][gc,metaspace   ] GC(217) Metaspace: 8179K(8832K)->8179K(8832K) NonClass: 7478K(7936K)->7478K(7936K) Class: 701K(896K)->701K(896K)
[10.364s][info][gc             ] GC(217) Pause Young (Allocation Failure) 1711M->386M(2106M) 2.428ms
[10.364s][info][gc,cpu         ] GC(217) User=0.00s Sys=0.00s Real=0.00s
[10.407s][info][gc,start       ] GC(218) Pause Young (Allocation Failure)
[10.409s][info][gc,heap        ] GC(218) PSYoungGen: 1373436K->8292K(1380864K)
[10.409s][info][gc,heap        ] GC(218) ParOldGen: 387666K->395432K(776704K)
[10.409s][info][gc,metaspace   ] GC(218) Metaspace: 8179K(8832K)->8179K(8832K) NonClass: 7478K(7936K)->7478K(7936K) Class: 701K(896K)->701K(896K)
[10.409s][info][gc             ] GC(218) Pause Young (Allocation Failure) 1719M->394M(2107M) 2.354ms
[10.409s][info][gc,cpu         ] GC(218) User=0.00s Sys=0.00s Real=0.00s
[10.452s][info][gc,start       ] GC(219) Pause Young (Allocation Failure)
[10.455s][info][gc,heap        ] GC(219) PSYoungGen: 1373796K->7227K(1381376K)
[10.455s][info][gc,heap        ] GC(219) ParOldGen: 395432K->403344K(776704K)
[10.455s][info][gc,metaspace   ] GC(219) Metaspace: 8179K(8832K)->8179K(8832K) NonClass: 7478K(7936K)->7478K(7936K) Class: 701K(896K)->701K(896K)
[10.455s][info][gc             ] GC(219) Pause Young (Allocation Failure) 1727M->400M(2107M) 2.272ms
[10.455s][info][gc,cpu         ] GC(219) User=0.00s Sys=0.00s Real=0.00s
[10.498s][info][gc,start       ] GC(220) Pause Young (Allocation Failure)
[10.501s][info][gc,heap        ] GC(220) PSYoungGen: 1374779K->6518K(1381888K)
[10.501s][info][gc,heap        ] GC(220) ParOldGen: 403344K->410198K(776704K)
[10.501s][info][gc,metaspace   ] GC(220) Metaspace: 8179K(8832K)->8179K(8832K) NonClass: 7478K(7936K)->7478K(7936K) Class: 701K(896K)->701K(896K)
[10.501s][info][gc             ] GC(220) Pause Young (Allocation Failure) 1736M->406M(2108M) 2.327ms
[10.501s][info][gc,cpu         ] GC(220) User=0.00s Sys=0.00s Real=0.00s
[10.544s][info][gc,start       ] GC(221) Pause Young (Allocation Failure)
[10.546s][info][gc,heap        ] GC(221) PSYoungGen: 1374070K->6132K(1382400K)
[10.546s][info][gc,heap        ] GC(221) ParOldGen: 410198K->416507K(776704K)
[10.546s][info][gc,metaspace   ] GC(221) Metaspace: 8179K(8832K)->8179K(8832K) NonClass: 7478K(7936K)->7478K(7936K) Class: 701K(896K)->701K(896K)
[10.546s][info][gc             ] GC(221) Pause Young (Allocation Failure) 1742M->412M(2108M) 2.335ms
[10.546s][info][gc,cpu         ] GC(221) User=0.00s Sys=0.00s Real=0.00s
[10.590s][info][gc,start       ] GC(222) Pause Young (Allocation Failure)
[10.592s][info][gc,heap        ] GC(222) PSYoungGen: 1375220K->10398K(1382912K)
[10.592s][info][gc,heap        ] GC(222) ParOldGen: 416507K->422438K(776704K)
[10.592s][info][gc,metaspace   ] GC(222) Metaspace: 8179K(8832K)->8179K(8832K) NonClass: 7478K(7936K)->7478K(7936K) Class: 701K(896K)->701K(896K)
[10.592s][info][gc             ] GC(222) Pause Young (Allocation Failure) 1749M->422M(2109M) 2.387ms
[10.592s][info][gc,cpu         ] GC(222) User=0.00s Sys=0.00s Real=0.00s
[10.636s][info][gc,start       ] GC(223) Pause Young (Allocation Failure)
[10.638s][info][gc,heap        ] GC(223) PSYoungGen: 1379486K->8486K(1383424K)
[10.638s][info][gc,heap        ] GC(223) ParOldGen: 422438K->432576K(776704K)
[10.638s][info][gc,metaspace   ] GC(223) Metaspace: 8179K(8832K)->8179K(8832K) NonClass: 7478K(7936K)->7478K(7936K) Class: 701K(896K)->701K(896K)
[10.638s][info][gc             ] GC(223) Pause Young (Allocation Failure) 1759M->430M(2109M) 2.598ms
[10.638s][info][gc,cpu         ] GC(223) User=0.00s Sys=0.00s Real=0.00s
[10.682s][info][gc,start       ] GC(224) Pause Young (Allocation Failure)
[10.684s][info][gc,heap        ] GC(224) PSYoungGen: 1378086K->8658K(1383424K)
[10.684s][info][gc,heap        ] GC(224) ParOldGen: 432576K->440815K(776704K)
[10.684s][info][gc,metaspace   ] GC(224) Metaspace: 8179K(8832K)->8179K(8832K) NonClass: 7478K(7936K)->7478K(7936K) Class: 701K(896K)->701K(896K)
[10.684s][info][gc             ] GC(224) Pause Young (Allocation Failure) 1768M->438M(2109M) 2.425ms
[10.684s][info][gc,cpu         ] GC(224) User=0.00s Sys=0.00s Real=0.00s
[10.727s][info][gc,start       ] GC(225) Pause Young (Allocation Failure)
[10.730s][info][gc,heap        ] GC(225) PSYoungGen: 1378258K->5424K(1383424K)
[10.730s][info][gc,heap        ] GC(225) ParOldGen: 440815K->448941K(776704K)
[10.730s][info][gc,metaspace   ] GC(225) Metaspace: 8179K(8832K)->8179K(8832K) NonClass: 7478K(7936K)->7478K(7936K) Class: 701K(896K)->701K(896K)
[10.730s][info][gc             ] GC(225) Pause Young (Allocation Failure) 1776M->443M(2109M) 2.434ms
[10.730s][info][gc,cpu         ] GC(225) User=0.00s Sys=0.00s Real=0.00s
[10.773s][info][gc,start       ] GC(226) Pause Young (Allocation Failure)
[10.776s][info][gc,heap        ] GC(226) PSYoungGen: 1375536K->7910K(1383424K)
[10.776s][info][gc,heap        ] GC(226) ParOldGen: 448941K->454217K(776704K)
[10.776s][info][gc,metaspace   ] GC(226) Metaspace: 8179K(8832K)->8179K(8832K) NonClass: 7478K(7936K)->7478K(7936K) Class: 701K(896K)->701K(896K)
[10.776s][info][gc             ] GC(226) Pause Young (Allocation Failure) 1781M->451M(2109M) 2.381ms
[10.776s][info][gc,cpu         ] GC(226) User=0.00s Sys=0.00s Real=0.00s
[10.819s][info][gc,start       ] GC(227) Pause Young (Allocation Failure)
[10.822s][info][gc,heap        ] GC(227) PSYoungGen: 1378022K->8785K(1383936K)
[10.822s][info][gc,heap        ] GC(227) ParOldGen: 454217K->461785K(776704K)
[10.822s][info][gc,metaspace   ] GC(227) Metaspace: 8179K(8832K)->8179K(8832K) NonClass: 7478K(7936K)->7478K(7936K) Class: 701K(896K)->701K(896K)
[10.822s][info][gc             ] GC(227) Pause Young (Allocation Failure) 1789M->459M(2110M) 2.583ms
[10.822s][info][gc,cpu         ] GC(227) User=0.06s Sys=0.00s Real=0.00s
[10.865s][info][gc,start       ] GC(228) Pause Young (Allocation Failure)
[10.868s][info][gc,heap        ] GC(228) PSYoungGen: 1379921K->5985K(1383936K)
[10.868s][info][gc,heap        ] GC(228) ParOldGen: 461785K->470406K(776704K)
[10.868s][info][gc,metaspace   ] GC(228) Metaspace: 8179K(8832K)->8179K(8832K) NonClass: 7478K(7936K)->7478K(7936K) Class: 701K(896K)->701K(896K)
[10.868s][info][gc             ] GC(228) Pause Young (Allocation Failure) 1798M->465M(2110M) 2.441ms
[10.868s][info][gc,cpu         ] GC(228) User=0.20s Sys=0.00s Real=0.00s
[10.911s][info][gc,start       ] GC(229) Pause Young (Allocation Failure)
[10.914s][info][gc,heap        ] GC(229) PSYoungGen: 1377121K->8228K(1383936K)
[10.914s][info][gc,heap        ] GC(229) ParOldGen: 470406K->476236K(776704K)
[10.914s][info][gc,metaspace   ] GC(229) Metaspace: 8179K(8832K)->8179K(8832K) NonClass: 7478K(7936K)->7478K(7936K) Class: 701K(896K)->701K(896K)
[10.914s][info][gc             ] GC(229) Pause Young (Allocation Failure) 1804M->473M(2110M) 2.482ms
[10.914s][info][gc,cpu         ] GC(229) User=0.17s Sys=0.00s Real=0.00s
[10.958s][info][gc,start       ] GC(230) Pause Young (Allocation Failure)
[10.960s][info][gc,heap        ] GC(230) PSYoungGen: 1380388K->6516K(1384448K)
[10.960s][info][gc,heap        ] GC(230) ParOldGen: 476236K->484218K(776704K)
[10.960s][info][gc,metaspace   ] GC(230) Metaspace: 8179K(8832K)->8179K(8832K) NonClass: 7478K(7936K)->7478K(7936K) Class: 701K(896K)->701K(896K)
[10.960s][info][gc             ] GC(230) Pause Young (Allocation Failure) 1813M->479M(2110M) 2.403ms
[10.960s][info][gc,cpu         ] GC(230) User=0.00s Sys=0.00s Real=0.00s
[11.003s][info][gc,start       ] GC(231) Pause Young (Allocation Failure)
[11.006s][info][gc,heap        ] GC(231) PSYoungGen: 1378676K->8959K(1385472K)
[11.006s][info][gc,heap        ] GC(231) ParOldGen: 484218K->490151K(776704K)
[11.006s][info][gc,metaspace   ] GC(231) Metaspace: 8179K(8832K)->8179K(8832K) NonClass: 7478K(7936K)->7478K(7936K) Class: 701K(896K)->701K(896K)
[11.006s][info][gc             ] GC(231) Pause Young (Allocation Failure) 1819M->487M(2111M) 2.144ms
[11.006s][info][gc,cpu         ] GC(231) User=0.00s Sys=0.00s Real=0.00s
[11.049s][info][gc,start       ] GC(232) Pause Young (Allocation Failure)
[11.052s][info][gc,heap        ] GC(232) PSYoungGen: 1382143K->8930K(1385472K)
[11.052s][info][gc,heap        ] GC(232) ParOldGen: 490151K->498812K(776704K)
[11.052s][info][gc,metaspace   ] GC(232) Metaspace: 8179K(8832K)->8179K(8832K) NonClass: 7478K(7936K)->7478K(7936K) Class: 701K(896K)->701K(896K)
[11.052s][info][gc             ] GC(232) Pause Young (Allocation Failure) 1828M->495M(2111M) 2.504ms
[11.052s][info][gc,cpu         ] GC(232) User=0.00s Sys=0.00s Real=0.00s
[11.095s][info][gc,start       ] GC(233) Pause Young (Allocation Failure)
[11.098s][info][gc,heap        ] GC(233) PSYoungGen: 1382114K->8099K(1384448K)
[11.098s][info][gc,heap        ] GC(233) ParOldGen: 498812K->507382K(776704K)
[11.098s][info][gc,metaspace   ] GC(233) Metaspace: 8179K(8832K)->8179K(8832K) NonClass: 7478K(7936K)->7478K(7936K) Class: 701K(896K)->701K(896K)
[11.098s][info][gc             ] GC(233) Pause Young (Allocation Failure) 1836M->503M(2110M) 2.537ms
[11.098s][info][gc,cpu         ] GC(233) User=0.00s Sys=0.00s Real=0.00s
[11.142s][info][gc,start       ] GC(234) Pause Young (Allocation Failure)
[11.144s][info][gc,heap        ] GC(234) PSYoungGen: 1381283K->6777K(1384960K)
[11.144s][info][gc,heap        ] GC(234) ParOldGen: 507382K->515292K(776704K)
[11.144s][info][gc,metaspace   ] GC(234) Metaspace: 8179K(8832K)->8179K(8832K) NonClass: 7478K(7936K)->7478K(7936K) Class: 701K(896K)->701K(896K)
[11.144s][info][gc             ] GC(234) Pause Young (Allocation Failure) 1844M->509M(2111M) 2.423ms
[11.144s][info][gc,cpu         ] GC(234) User=0.00s Sys=0.00s Real=0.00s
[11.188s][info][gc,start       ] GC(235) Pause Young (Allocation Failure)
[11.190s][info][gc,heap        ] GC(235) PSYoungGen: 1379961K->7911K(1384960K)
[11.190s][info][gc,heap        ] GC(235) ParOldGen: 515292K->521930K(776704K)
[11.190s][info][gc,metaspace   ] GC(235) Metaspace: 8179K(8832K)->8179K(8832K) NonClass: 7478K(7936K)->7478K(7936K) Class: 701K(896K)->701K(896K)
[11.190s][info][gc             ] GC(235) Pause Young (Allocation Failure) 1850M->517M(2111M) 2.515ms
[11.190s][info][gc,cpu         ] GC(235) User=0.00s Sys=0.00s Real=0.00s
[11.234s][info][gc,start       ] GC(236) Pause Young (Allocation Failure)
[11.236s][info][gc,heap        ] GC(236) PSYoungGen: 1382119K->7756K(1385472K)
[11.236s][info][gc,heap        ] GC(236) ParOldGen: 521930K->528976K(776704K)
[11.236s][info][gc,metaspace   ] GC(236) Metaspace: 8179K(8832K)->8179K(8832K) NonClass: 7478K(7936K)->7478K(7936K) Class: 701K(896K)->701K(896K)
[11.236s][info][gc             ] GC(236) Pause Young (Allocation Failure) 1859M->524M(2111M) 2.456ms
[11.236s][info][gc,cpu         ] GC(236) User=0.00s Sys=0.00s Real=0.00s
[11.280s][info][gc,start       ] GC(237) Pause Young (Allocation Failure)
[11.282s][info][gc,heap        ] GC(237) PSYoungGen: 1381964K->8961K(1385984K)
[11.282s][info][gc,heap        ] GC(237) ParOldGen: 528976K->536445K(776704K)
[11.282s][info][gc,metaspace   ] GC(237) Metaspace: 8179K(8832K)->8179K(8832K) NonClass: 7478K(7936K)->7478K(7936K) Class: 701K(896K)->701K(896K)
[11.282s][info][gc             ] GC(237) Pause Young (Allocation Failure) 1866M->532M(2112M) 2.377ms
[11.282s][info][gc,cpu         ] GC(237) User=0.00s Sys=0.00s Real=0.00s
[11.326s][info][gc,start       ] GC(238) Pause Young (Allocation Failure)
[11.328s][info][gc,heap        ] GC(238) PSYoungGen: 1384193K->9353K(1386496K)
[11.328s][info][gc,heap        ] GC(238) ParOldGen: 536445K->544953K(776704K)
[11.328s][info][gc,metaspace   ] GC(238) Metaspace: 8179K(8832K)->8179K(8832K) NonClass: 7478K(7936K)->7478K(7936K) Class: 701K(896K)->701K(896K)
[11.328s][info][gc             ] GC(238) Pause Young (Allocation Failure) 1875M->541M(2112M) 2.401ms
[11.328s][info][gc,cpu         ] GC(238) User=0.00s Sys=0.00s Real=0.00s
[11.372s][info][gc,start       ] GC(239) Pause Young (Allocation Failure)
[11.375s][info][gc,heap        ] GC(239) PSYoungGen: 1384585K->8781K(1386496K)
[11.375s][info][gc,heap        ] GC(239) ParOldGen: 544953K->554124K(776704K)
[11.375s][info][gc,metaspace   ] GC(239) Metaspace: 8179K(8832K)->8179K(8832K) NonClass: 7478K(7936K)->7478K(7936K) Class: 701K(896K)->701K(896K)
[11.375s][info][gc             ] GC(239) Pause Young (Allocation Failure) 1884M->549M(2112M) 2.528ms
[11.375s][info][gc,cpu         ] GC(239) User=0.00s Sys=0.00s Real=0.00s
[11.418s][info][gc,start       ] GC(240) Pause Young (Allocation Failure)
[11.420s][info][gc,heap        ] GC(240) PSYoungGen: 1384013K->6966K(1386496K)
[11.420s][info][gc,heap        ] GC(240) ParOldGen: 554124K->562761K(776704K)
[11.420s][info][gc,metaspace   ] GC(240) Metaspace: 8179K(8832K)->8179K(8832K) NonClass: 7478K(7936K)->7478K(7936K) Class: 701K(896K)->701K(896K)
[11.420s][info][gc             ] GC(240) Pause Young (Allocation Failure) 1892M->556M(2112M) 2.393ms
[11.421s][info][gc,cpu         ] GC(240) User=0.00s Sys=0.00s Real=0.00s
[11.464s][info][gc,start       ] GC(241) Pause Young (Allocation Failure)
[11.467s][info][gc,heap        ] GC(241) PSYoungGen: 1382198K->9049K(1386496K)
[11.467s][info][gc,heap        ] GC(241) ParOldGen: 562761K->569346K(776704K)
[11.467s][info][gc,metaspace   ] GC(241) Metaspace: 8179K(8832K)->8179K(8832K) NonClass: 7478K(7936K)->7478K(7936K) Class: 701K(896K)->701K(896K)
[11.467s][info][gc             ] GC(241) Pause Young (Allocation Failure) 1899M->564M(2112M) 2.500ms
[11.467s][info][gc,cpu         ] GC(241) User=0.00s Sys=0.00s Real=0.00s
[11.510s][info][gc,start       ] GC(242) Pause Young (Allocation Failure)
[11.513s][info][gc,heap        ] GC(242) PSYoungGen: 1384281K->8109K(1383424K)
[11.513s][info][gc,heap        ] GC(242) ParOldGen: 569346K->578250K(776704K)
[11.513s][info][gc,metaspace   ] GC(242) Metaspace: 8179K(8832K)->8179K(8832K) NonClass: 7478K(7936K)->7478K(7936K) Class: 701K(896K)->701K(896K)
[11.513s][info][gc             ] GC(242) Pause Young (Allocation Failure) 1907M->572M(2109M) 2.515ms
[11.513s][info][gc,cpu         ] GC(242) User=0.00s Sys=0.00s Real=0.00s
[11.557s][info][gc,start       ] GC(243) Pause Young (Allocation Failure)
[11.559s][info][gc,heap        ] GC(243) PSYoungGen: 1383341K->8212K(1385984K)
[11.559s][info][gc,heap        ] GC(243) ParOldGen: 578250K->585998K(776704K)
[11.559s][info][gc,metaspace   ] GC(243) Metaspace: 8179K(8832K)->8179K(8832K) NonClass: 7478K(7936K)->7478K(7936K) Class: 701K(896K)->701K(896K)
[11.559s][info][gc             ] GC(243) Pause Young (Allocation Failure) 1915M->580M(2112M) 2.393ms
[11.559s][info][gc,cpu         ] GC(243) User=0.00s Sys=0.00s Real=0.00s
[11.602s][info][gc,start       ] GC(244) Pause Young (Allocation Failure)
[11.605s][info][gc,heap        ] GC(244) PSYoungGen: 1383444K->8618K(1385984K)
[11.605s][info][gc,heap        ] GC(244) ParOldGen: 585998K->593978K(776704K)
[11.605s][info][gc,metaspace   ] GC(244) Metaspace: 8179K(8832K)->8179K(8832K) NonClass: 7478K(7936K)->7478K(7936K) Class: 701K(896K)->701K(896K)
[11.605s][info][gc             ] GC(244) Pause Young (Allocation Failure) 1923M->588M(2112M) 2.434ms
[11.605s][info][gc,cpu         ] GC(244) User=0.00s Sys=0.00s Real=0.00s
[11.648s][info][gc,start       ] GC(245) Pause Young (Allocation Failure)
[11.651s][info][gc,heap        ] GC(245) PSYoungGen: 1383850K->8546K(1387008K)
[11.651s][info][gc,heap        ] GC(245) ParOldGen: 593978K->602379K(776704K)
[11.651s][info][gc,metaspace   ] GC(245) Metaspace: 8179K(8832K)->8179K(8832K) NonClass: 7478K(7936K)->7478K(7936K) Class: 701K(896K)->701K(896K)
[11.651s][info][gc             ] GC(245) Pause Young (Allocation Failure) 1931M->596M(2113M) 2.545ms
[11.651s][info][gc,cpu         ] GC(245) User=0.00s Sys=0.00s Real=0.00s
[11.695s][info][gc,start       ] GC(246) Pause Young (Allocation Failure)
[11.697s][info][gc,heap        ] GC(246) PSYoungGen: 1384802K->8736K(1387008K)
[11.697s][info][gc,heap        ] GC(246) ParOldGen: 602379K->610683K(776704K)
[11.697s][info][gc,metaspace   ] GC(246) Metaspace: 8179K(8832K)->8179K(8832K) NonClass: 7478K(7936K)->7478K(7936K) Class: 701K(896K)->701K(896K)
[11.697s][info][gc             ] GC(246) Pause Young (Allocation Failure) 1940M->604M(2113M) 2.530ms
[11.697s][info][gc,cpu         ] GC(246) User=0.00s Sys=0.00s Real=0.00s
[11.741s][info][gc,start       ] GC(247) Pause Young (Allocation Failure)
[11.743s][info][gc,heap        ] GC(247) PSYoungGen: 1384992K->8046K(1385984K)
[11.743s][info][gc,heap        ] GC(247) ParOldGen: 610683K->619212K(776704K)
[11.743s][info][gc,metaspace   ] GC(247) Metaspace: 8179K(8832K)->8179K(8832K) NonClass: 7478K(7936K)->7478K(7936K) Class: 701K(896K)->701K(896K)
[11.743s][info][gc             ] GC(247) Pause Young (Allocation Failure) 1948M->612M(2112M) 2.428ms
[11.743s][info][gc,cpu         ] GC(247) User=0.20s Sys=0.00s Real=0.00s
[11.787s][info][gc,start       ] GC(248) Pause Young (Allocation Failure)
[11.789s][info][gc,heap        ] GC(248) PSYoungGen: 1384302K->6778K(1386496K)
[11.789s][info][gc,heap        ] GC(248) ParOldGen: 619212K->627097K(776704K)
[11.789s][info][gc,metaspace   ] GC(248) Metaspace: 8179K(8832K)->8179K(8832K) NonClass: 7478K(7936K)->7478K(7936K) Class: 701K(896K)->701K(896K)
[11.789s][info][gc             ] GC(248) Pause Young (Allocation Failure) 1956M->619M(2112M) 2.287ms
[11.789s][info][gc,cpu         ] GC(248) User=0.20s Sys=0.00s Real=0.00s
[11.833s][info][gc,start       ] GC(249) Pause Young (Allocation Failure)
[11.835s][info][gc,heap        ] GC(249) PSYoungGen: 1383034K->8049K(1387520K)
[11.835s][info][gc,heap        ] GC(249) ParOldGen: 627097K->633491K(776704K)
[11.835s][info][gc,metaspace   ] GC(249) Metaspace: 8179K(8832K)->8179K(8832K) NonClass: 7478K(7936K)->7478K(7936K) Class: 701K(896K)->701K(896K)
[11.835s][info][gc             ] GC(249) Pause Young (Allocation Failure) 1963M->626M(2113M) 2.288ms
[11.835s][info][gc,cpu         ] GC(249) User=0.00s Sys=0.00s Real=0.00s
[11.879s][info][gc,start       ] GC(250) Pause Young (Allocation Failure)
[11.881s][info][gc,heap        ] GC(250) PSYoungGen: 1385329K->5750K(1387520K)
[11.881s][info][gc,heap        ] GC(250) ParOldGen: 633491K->641254K(776704K)
[11.881s][info][gc,metaspace   ] GC(250) Metaspace: 8179K(8832K)->8179K(8832K) NonClass: 7478K(7936K)->7478K(7936K) Class: 701K(896K)->701K(896K)
[11.881s][info][gc             ] GC(250) Pause Young (Allocation Failure) 1971M->631M(2113M) 2.323ms
[11.881s][info][gc,cpu         ] GC(250) User=0.00s Sys=0.00s Real=0.00s
[11.925s][info][gc,start       ] GC(251) Pause Young (Allocation Failure)
[11.927s][info][gc,heap        ] GC(251) PSYoungGen: 1383030K->5564K(1386496K)
[11.927s][info][gc,heap        ] GC(251) ParOldGen: 641254K->646311K(776704K)
[11.927s][info][gc,metaspace   ] GC(251) Metaspace: 8179K(8832K)->8179K(8832K) NonClass: 7478K(7936K)->7478K(7936K) Class: 701K(896K)->701K(896K)
[11.927s][info][gc             ] GC(251) Pause Young (Allocation Failure) 1976M->636M(2112M) 2.306ms
[11.927s][info][gc,cpu         ] GC(251) User=0.00s Sys=0.00s Real=0.00s
[11.971s][info][gc,start       ] GC(252) Pause Young (Allocation Failure)
[11.973s][info][gc,heap        ] GC(252) PSYoungGen: 1381820K->5832K(1387008K)
[11.973s][info][gc,heap        ] GC(252) ParOldGen: 646311K->651603K(776704K)
[11.973s][info][gc,metaspace   ] GC(252) Metaspace: 8179K(8832K)->8179K(8832K) NonClass: 7478K(7936K)->7478K(7936K) Class: 701K(896K)->701K(896K)
[11.973s][info][gc             ] GC(252) Pause Young (Allocation Failure) 1980M->642M(2113M) 2.298ms
[11.973s][info][gc,cpu         ] GC(252) User=0.00s Sys=0.00s Real=0.00s
[12.017s][info][gc,start       ] GC(253) Pause Young (Allocation Failure)
[12.019s][info][gc,heap        ] GC(253) PSYoungGen: 1382088K->6701K(1387008K)
[12.019s][info][gc,heap        ] GC(253) ParOldGen: 651603K->657206K(776704K)
[12.019s][info][gc,metaspace   ] GC(253) Metaspace: 8179K(8832K)->8179K(8832K) NonClass: 7478K(7936K)->7478K(7936K) Class: 701K(896K)->701K(896K)
[12.019s][info][gc             ] GC(253) Pause Young (Allocation Failure) 1986M->648M(2113M) 2.281ms
[12.019s][info][gc,cpu         ] GC(253) User=0.00s Sys=0.00s Real=0.00s
[12.063s][info][gc,start       ] GC(254) Pause Young (Allocation Failure)
[12.065s][info][gc,heap        ] GC(254) PSYoungGen: 1382957K->7739K(1384448K)
[12.065s][info][gc,heap        ] GC(254) ParOldGen: 657206K->663379K(776704K)
[12.065s][info][gc,metaspace   ] GC(254) Metaspace: 8179K(8832K)->8179K(8832K) NonClass: 7478K(7936K)->7478K(7936K) Class: 701K(896K)->701K(896K)
[12.065s][info][gc             ] GC(254) Pause Young (Allocation Failure) 1992M->655M(2110M) 2.305ms
[12.065s][info][gc,cpu         ] GC(254) User=0.00s Sys=0.00s Real=0.00s
[12.109s][info][gc,start       ] GC(255) Pause Young (Allocation Failure)
[12.112s][info][gc,heap        ] GC(255) PSYoungGen: 1383995K->6925K(1386496K)
[12.112s][info][gc,heap        ] GC(255) ParOldGen: 663379K->670951K(776704K)
[12.112s][info][gc,metaspace   ] GC(255) Metaspace: 8179K(8832K)->8179K(8832K) NonClass: 7478K(7936K)->7478K(7936K) Class: 701K(896K)->701K(896K)
[12.112s][info][gc             ] GC(255) Pause Young (Allocation Failure) 1999M->661M(2112M) 2.539ms
[12.112s][info][gc,cpu         ] GC(255) User=0.00s Sys=0.00s Real=0.00s
[12.155s][info][gc,start       ] GC(256) Pause Young (Allocation Failure)
[12.158s][info][gc,heap        ] GC(256) PSYoungGen: 1383181K->8710K(1386496K)
[12.158s][info][gc,heap        ] GC(256) ParOldGen: 670951K->677501K(776704K)
[12.158s][info][gc,metaspace   ] GC(256) Metaspace: 8179K(8832K)->8179K(8832K) NonClass: 7478K(7936K)->7478K(7936K) Class: 701K(896K)->701K(896K)
[12.158s][info][gc             ] GC(256) Pause Young (Allocation Failure) 2005M->670M(2112M) 2.463ms
[12.158s][info][gc,cpu         ] GC(256) User=0.00s Sys=0.00s Real=0.00s
[12.202s][info][gc,start       ] GC(257) Pause Young (Allocation Failure)
[12.204s][info][gc,heap        ] GC(257) PSYoungGen: 1384966K->8224K(1387520K)
[12.204s][info][gc,heap        ] GC(257) ParOldGen: 677501K->686045K(776704K)
[12.204s][info][gc,metaspace   ] GC(257) Metaspace: 8179K(8832K)->8179K(8832K) NonClass: 7478K(7936K)->7478K(7936K) Class: 701K(896K)->701K(896K)
[12.204s][info][gc             ] GC(257) Pause Young (Allocation Failure) 2014M->677M(2113M) 2.582ms
[12.204s][info][gc,cpu         ] GC(257) User=0.00s Sys=0.00s Real=0.00s
[12.248s][info][gc,start       ] GC(258) Pause Young (Allocation Failure)
[12.251s][info][gc,heap        ] GC(258) PSYoungGen: 1385504K->7882K(1387520K)
[12.251s][info][gc,heap        ] GC(258) ParOldGen: 686045K->693618K(776704K)
[12.251s][info][gc,metaspace   ] GC(258) Metaspace: 8179K(8832K)->8179K(8832K) NonClass: 7478K(7936K)->7478K(7936K) Class: 701K(896K)->701K(896K)
[12.251s][info][gc             ] GC(258) Pause Young (Allocation Failure) 2022M->685M(2113M) 2.445ms
[12.251s][info][gc,cpu         ] GC(258) User=0.00s Sys=0.00s Real=0.00s
[12.294s][info][gc,start       ] GC(259) Pause Young (Allocation Failure)
[12.297s][info][gc,heap        ] GC(259) PSYoungGen: 1385162K->6873K(1387520K)
[12.297s][info][gc,heap        ] GC(259) ParOldGen: 693618K->701302K(776704K)
[12.297s][info][gc,metaspace   ] GC(259) Metaspace: 8179K(8832K)->8179K(8832K) NonClass: 7478K(7936K)->7478K(7936K) Class: 701K(896K)->701K(896K)
[12.297s][info][gc             ] GC(259) Pause Young (Allocation Failure) 2030M->691M(2113M) 2.319ms
[12.297s][info][gc,cpu         ] GC(259) User=0.00s Sys=0.00s Real=0.00s
[12.340s][info][gc,start       ] GC(260) Pause Young (Allocation Failure)
[12.343s][info][gc,heap        ] GC(260) PSYoungGen: 1384153K->6591K(1387520K)
[12.343s][info][gc,heap        ] GC(260) ParOldGen: 701302K->707848K(776704K)
[12.343s][info][gc,metaspace   ] GC(260) Metaspace: 8179K(8832K)->8179K(8832K) NonClass: 7478K(7936K)->7478K(7936K) Class: 701K(896K)->701K(896K)
[12.343s][info][gc             ] GC(260) Pause Young (Allocation Failure) 2036M->697M(2113M) 2.288ms
[12.343s][info][gc,cpu         ] GC(260) User=0.00s Sys=0.00s Real=0.00s
[12.387s][info][gc,start       ] GC(261) Pause Young (Allocation Failure)
[12.389s][info][gc,heap        ] GC(261) PSYoungGen: 1383871K->7321K(1386496K)
[12.389s][info][gc,heap        ] GC(261) ParOldGen: 707848K->714203K(776704K)
[12.389s][info][gc,metaspace   ] GC(261) Metaspace: 8179K(8832K)->8179K(8832K) NonClass: 7478K(7936K)->7478K(7936K) Class: 701K(896K)->701K(896K)
[12.389s][info][gc             ] GC(261) Pause Young (Allocation Failure) 2042M->704M(2112M) 2.524ms
[12.389s][info][gc,cpu         ] GC(261) User=0.00s Sys=0.00s Real=0.00s
[12.433s][info][gc,start       ] GC(262) Pause Young (Allocation Failure)
[12.435s][info][gc,heap        ] GC(262) PSYoungGen: 1384601K->5289K(1387008K)
[12.435s][info][gc,heap        ] GC(262) ParOldGen: 714203K->721359K(776704K)
[12.435s][info][gc,metaspace   ] GC(262) Metaspace: 8179K(8832K)->8179K(8832K) NonClass: 7478K(7936K)->7478K(7936K) Class: 701K(896K)->701K(896K)
[12.435s][info][gc             ] GC(262) Pause Young (Allocation Failure) 2049M->709M(2113M) 2.377ms
[12.435s][info][gc,cpu         ] GC(262) User=0.00s Sys=0.00s Real=0.00s
[12.479s][info][gc,start       ] GC(263) Pause Young (Allocation Failure)
[12.481s][info][gc,heap        ] GC(263) PSYoungGen: 1382569K->4559K(1387520K)
[12.481s][info][gc,heap        ] GC(263) ParOldGen: 721359K->726401K(776704K)
[12.481s][info][gc,metaspace   ] GC(263) Metaspace: 8179K(8832K)->8179K(8832K) NonClass: 7478K(7936K)->7478K(7936K) Class: 701K(896K)->701K(896K)
[12.481s][info][gc             ] GC(263) Pause Young (Allocation Failure) 2054M->713M(2113M) 2.381ms
[12.481s][info][gc,cpu         ] GC(263) User=0.00s Sys=0.00s Real=0.00s
[12.525s][info][gc,start       ] GC(264) Pause Young (Allocation Failure)
[12.528s][info][gc,heap        ] GC(264) PSYoungGen: 1381839K->5363K(1387520K)
[12.528s][info][gc,heap        ] GC(264) ParOldGen: 726401K->730658K(776704K)
[12.528s][info][gc,metaspace   ] GC(264) Metaspace: 8179K(8832K)->8179K(8832K) NonClass: 7478K(7936K)->7478K(7936K) Class: 701K(896K)->701K(896K)
[12.528s][info][gc             ] GC(264) Pause Young (Allocation Failure) 2058M->718M(2113M) 2.506ms
[12.528s][info][gc,cpu         ] GC(264) User=0.00s Sys=0.00s Real=0.00s
[12.572s][info][gc,start       ] GC(265) Pause Young (Allocation Failure)
[12.574s][info][gc,heap        ] GC(265) PSYoungGen: 1382643K->5321K(1387520K)
[12.574s][info][gc,heap        ] GC(265) ParOldGen: 730658K->735578K(776704K)
[12.574s][info][gc,metaspace   ] GC(265) Metaspace: 8179K(8832K)->8179K(8832K) NonClass: 7478K(7936K)->7478K(7936K) Class: 701K(896K)->701K(896K)
[12.574s][info][gc             ] GC(265) Pause Young (Allocation Failure) 2063M->723M(2113M) 2.105ms
[12.574s][info][gc,cpu         ] GC(265) User=0.00s Sys=0.00s Real=0.00s
[12.618s][info][gc,start       ] GC(266) Pause Young (Allocation Failure)
[12.620s][info][gc,heap        ] GC(266) PSYoungGen: 1382601K->7015K(1384448K)
[12.620s][info][gc,heap        ] GC(266) ParOldGen: 735578K->740558K(776704K)
[12.620s][info][gc,metaspace   ] GC(266) Metaspace: 8179K(8832K)->8179K(8832K) NonClass: 7478K(7936K)->7478K(7936K) Class: 701K(896K)->701K(896K)
[12.620s][info][gc             ] GC(266) Pause Young (Allocation Failure) 2068M->730M(2110M) 1.999ms
[12.620s][info][gc,cpu         ] GC(266) User=0.00s Sys=0.00s Real=0.00s
[12.664s][info][gc,start       ] GC(267) Pause Young (Allocation Failure)
[12.665s][info][gc,heap        ] GC(267) PSYoungGen: 1384295K->4420K(1386496K)
[12.665s][info][gc,heap        ] GC(267) ParOldGen: 740558K->747061K(776704K)
[12.665s][info][gc,metaspace   ] GC(267) Metaspace: 8179K(8832K)->8179K(8832K) NonClass: 7478K(7936K)->7478K(7936K) Class: 701K(896K)->701K(896K)
[12.666s][info][gc             ] GC(267) Pause Young (Allocation Failure) 2075M->733M(2112M) 1.700ms
[12.666s][info][gc,cpu         ] GC(267) User=0.00s Sys=0.00s Real=0.00s
[12.709s][info][gc,start       ] GC(268) Pause Young (Allocation Failure)
[12.712s][info][gc,heap        ] GC(268) PSYoungGen: 1381188K->6721K(1387008K)
[12.712s][info][gc,heap        ] GC(268) ParOldGen: 747061K->751034K(776704K)
[12.712s][info][gc,metaspace   ] GC(268) Metaspace: 8179K(8832K)->8179K(8832K) NonClass: 7478K(7936K)->7478K(7936K) Class: 701K(896K)->701K(896K)
[12.712s][info][gc             ] GC(268) Pause Young (Allocation Failure) 2078M->739M(2113M) 2.450ms
[12.712s][info][gc,cpu         ] GC(268) User=0.19s Sys=0.02s Real=0.00s
[12.755s][info][gc,start       ] GC(269) Pause Young (Allocation Failure)
[12.758s][info][gc,heap        ] GC(269) PSYoungGen: 1383489K->8208K(1387008K)
[12.758s][info][gc,heap        ] GC(269) ParOldGen: 751034K->757541K(776704K)
[12.758s][info][gc,metaspace   ] GC(269) Metaspace: 8179K(8832K)->8179K(8832K) NonClass: 7478K(7936K)->7478K(7936K) Class: 701K(896K)->701K(896K)
[12.758s][info][gc             ] GC(269) Pause Young (Allocation Failure) 2084M->747M(2113M) 2.428ms
[12.758s][info][gc,cpu         ] GC(269) User=0.20s Sys=0.00s Real=0.00s
[12.802s][info][gc,start       ] GC(270) Pause Young (Allocation Failure)
[12.804s][info][gc,heap        ] GC(270) PSYoungGen: 1385488K->8097K(1387520K)
[12.804s][info][gc,heap        ] GC(270) ParOldGen: 757541K->765565K(776704K)
[12.804s][info][gc,metaspace   ] GC(270) Metaspace: 8179K(8832K)->8179K(8832K) NonClass: 7478K(7936K)->7478K(7936K) Class: 701K(896K)->701K(896K)
[12.804s][info][gc             ] GC(270) Pause Young (Allocation Failure) 2092M->755M(2113M) 2.425ms
[12.804s][info][gc,cpu         ] GC(270) User=0.20s Sys=0.00s Real=0.00s
[12.848s][info][gc,start       ] GC(271) Pause Young (Allocation Failure)
[12.850s][info][gc,heap        ] GC(271) PSYoungGen: 1385377K->2656K(1386496K)
[12.850s][info][gc,heap        ] GC(271) ParOldGen: 765565K->773453K(776704K)
[12.850s][info][gc,metaspace   ] GC(271) Metaspace: 8179K(8832K)->8179K(8832K) NonClass: 7478K(7936K)->7478K(7936K) Class: 701K(896K)->701K(896K)
[12.850s][info][gc             ] GC(271) Pause Young (Allocation Failure) 2100M->757M(2112M) 2.288ms
[12.850s][info][gc,cpu         ] GC(271) User=0.00s Sys=0.00s Real=0.00s
[12.850s][info][gc,start       ] GC(272) Pause Full (Ergonomics)
[12.850s][info][gc,phases,start] GC(272) Marking Phase
[12.880s][info][gc,phases      ] GC(272) Marking Phase 29.637ms
[12.880s][info][gc,phases,start] GC(272) Summary Phase
[12.880s][info][gc,phases      ] GC(272) Summary Phase 0.021ms
[12.880s][info][gc,phases,start] GC(272) Adjust Roots
[12.881s][info][gc,phases      ] GC(272) Adjust Roots 0.734ms
[12.881s][info][gc,phases,start] GC(272) Compaction Phase
[12.920s][info][gc,phases      ] GC(272) Compaction Phase 39.326ms
[12.920s][info][gc,phases,start] GC(272) Post Compact
[12.920s][info][gc,phases      ] GC(272) Post Compact 0.395ms
[12.921s][info][gc,heap        ] GC(272) PSYoungGen: 2656K->0K(1387008K)
[12.921s][info][gc,heap        ] GC(272) ParOldGen: 773453K->187520K(978432K)
[12.921s][info][gc,metaspace   ] GC(272) Metaspace: 8179K(8832K)->8179K(8832K) NonClass: 7478K(7936K)->7478K(7936K) Class: 701K(896K)->701K(896K)
[12.921s][info][gc             ] GC(272) Pause Full (Ergonomics) 757M->183M(2310M) 70.566ms
[12.921s][info][gc,cpu         ] GC(272) User=0.59s Sys=0.05s Real=0.07s
[12.965s][info][gc,start       ] GC(273) Pause Young (Allocation Failure)
[12.967s][info][gc,heap        ] GC(273) PSYoungGen: 1376256K->2536K(1387008K)
[12.967s][info][gc,heap        ] GC(273) ParOldGen: 187520K->187520K(978432K)
[12.967s][info][gc,metaspace   ] GC(273) Metaspace: 8179K(8832K)->8179K(8832K) NonClass: 7478K(7936K)->7478K(7936K) Class: 701K(896K)->701K(896K)
[12.967s][info][gc             ] GC(273) Pause Young (Allocation Failure) 1527M->185M(2310M) 1.473ms
[12.967s][info][gc,cpu         ] GC(273) User=0.00s Sys=0.00s Real=0.00s
[13.010s][info][gc,start       ] GC(274) Pause Young (Allocation Failure)
[13.013s][info][gc,heap        ] GC(274) PSYoungGen: 1378792K->4062K(1387008K)
[13.013s][info][gc,heap        ] GC(274) ParOldGen: 187520K->189911K(978432K)
[13.013s][info][gc,metaspace   ] GC(274) Metaspace: 8179K(8832K)->8179K(8832K) NonClass: 7478K(7936K)->7478K(7936K) Class: 701K(896K)->701K(896K)
[13.013s][info][gc             ] GC(274) Pause Young (Allocation Failure) 1529M->189M(2310M) 2.191ms
[13.013s][info][gc,cpu         ] GC(274) User=0.00s Sys=0.00s Real=0.00s
[13.057s][info][gc,start       ] GC(275) Pause Young (Allocation Failure)
[13.059s][info][gc,heap        ] GC(275) PSYoungGen: 1380318K->6438K(1387008K)
[13.059s][info][gc,heap        ] GC(275) ParOldGen: 189911K->193798K(978432K)
[13.059s][info][gc,metaspace   ] GC(275) Metaspace: 8179K(8832K)->8179K(8832K) NonClass: 7478K(7936K)->7478K(7936K) Class: 701K(896K)->701K(896K)
[13.059s][info][gc             ] GC(275) Pause Young (Allocation Failure) 1533M->195M(2310M) 2.140ms
[13.059s][info][gc,cpu         ] GC(275) User=0.00s Sys=0.00s Real=0.00s
[13.103s][info][gc,start       ] GC(276) Pause Young (Allocation Failure)
[13.105s][info][gc,heap        ] GC(276) PSYoungGen: 1382694K->6598K(1382912K)
[13.105s][info][gc,heap        ] GC(276) ParOldGen: 193798K->200012K(978432K)
[13.105s][info][gc,metaspace   ] GC(276) Metaspace: 8179K(8832K)->8179K(8832K) NonClass: 7478K(7936K)->7478K(7936K) Class: 701K(896K)->701K(896K)
[13.105s][info][gc             ] GC(276) Pause Young (Allocation Failure) 1539M->201M(2306M) 2.336ms
[13.105s][info][gc,cpu         ] GC(276) User=0.00s Sys=0.00s Real=0.00s
[13.149s][info][gc,start       ] GC(277) Pause Young (Allocation Failure)
[13.151s][info][gc,heap        ] GC(277) PSYoungGen: 1382854K->6231K(1386496K)
[13.151s][info][gc,heap        ] GC(277) ParOldGen: 200012K->206345K(978432K)
[13.151s][info][gc,metaspace   ] GC(277) Metaspace: 8179K(8832K)->8179K(8832K) NonClass: 7478K(7936K)->7478K(7936K) Class: 701K(896K)->701K(896K)
[13.151s][info][gc             ] GC(277) Pause Young (Allocation Failure) 1545M->207M(2309M) 2.276ms
[13.151s][info][gc,cpu         ] GC(277) User=0.00s Sys=0.00s Real=0.00s
[13.195s][info][gc,start       ] GC(278) Pause Young (Allocation Failure)
[13.197s][info][gc,heap        ] GC(278) PSYoungGen: 1382487K->8062K(1386496K)
[13.197s][info][gc,heap        ] GC(278) ParOldGen: 206345K->212392K(978432K)
[13.197s][info][gc,metaspace   ] GC(278) Metaspace: 8179K(8832K)->8179K(8832K) NonClass: 7478K(7936K)->7478K(7936K) Class: 701K(896K)->701K(896K)
[13.197s][info][gc             ] GC(278) Pause Young (Allocation Failure) 1551M->215M(2309M) 2.376ms
[13.197s][info][gc,cpu         ] GC(278) User=0.00s Sys=0.00s Real=0.00s
[13.241s][info][gc,start       ] GC(279) Pause Young (Allocation Failure)
[13.243s][info][gc,heap        ] GC(279) PSYoungGen: 1384318K->7952K(1386496K)
[13.243s][info][gc,heap        ] GC(279) ParOldGen: 212392K->220230K(978432K)
[13.243s][info][gc,metaspace   ] GC(279) Metaspace: 8179K(8832K)->8179K(8832K) NonClass: 7478K(7936K)->7478K(7936K) Class: 701K(896K)->701K(896K)
[13.243s][info][gc             ] GC(279) Pause Young (Allocation Failure) 1559M->222M(2309M) 2.277ms
[13.243s][info][gc,cpu         ] GC(279) User=0.20s Sys=0.00s Real=0.00s
[13.286s][info][gc,start       ] GC(280) Pause Young (Allocation Failure)
[13.288s][info][gc,heap        ] GC(280) PSYoungGen: 1384208K->7919K(1387008K)
[13.288s][info][gc,heap        ] GC(280) ParOldGen: 220230K->227989K(978432K)
[13.288s][info][gc,metaspace   ] GC(280) Metaspace: 8179K(8832K)->8179K(8832K) NonClass: 7478K(7936K)->7478K(7936K) Class: 701K(896K)->701K(896K)
[13.288s][info][gc             ] GC(280) Pause Young (Allocation Failure) 1566M->230M(2310M) 1.791ms
[13.288s][info][gc,cpu         ] GC(280) User=0.00s Sys=0.00s Real=0.00s
[13.332s][info][gc,start       ] GC(281) Pause Young (Allocation Failure)
[13.334s][info][gc,heap        ] GC(281) PSYoungGen: 1384175K->1144K(1385984K)
[13.334s][info][gc,heap        ] GC(281) ParOldGen: 227989K->235732K(978432K)
[13.334s][info][gc,metaspace   ] GC(281) Metaspace: 8179K(8832K)->8179K(8832K) NonClass: 7478K(7936K)->7478K(7936K) Class: 701K(896K)->701K(896K)
[13.334s][info][gc             ] GC(281) Pause Young (Allocation Failure) 1574M->231M(2309M) 2.210ms
[13.334s][info][gc,cpu         ] GC(281) User=0.00s Sys=0.00s Real=0.00s
[13.378s][info][gc,start       ] GC(282) Pause Young (Allocation Failure)
[13.380s][info][gc,heap        ] GC(282) PSYoungGen: 1376376K->8481K(1383936K)
[13.380s][info][gc,heap        ] GC(282) ParOldGen: 235732K->236780K(978432K)
[13.380s][info][gc,metaspace   ] GC(282) Metaspace: 8179K(8832K)->8179K(8832K) NonClass: 7478K(7936K)->7478K(7936K) Class: 701K(896K)->701K(896K)
[13.380s][info][gc             ] GC(282) Pause Young (Allocation Failure) 1574M->239M(2307M) 2.194ms
[13.380s][info][gc,cpu         ] GC(282) User=0.00s Sys=0.00s Real=0.00s
[13.424s][info][gc,start       ] GC(283) Pause Young (Allocation Failure)
[13.426s][info][gc,heap        ] GC(283) PSYoungGen: 1383713K->7387K(1385984K)
[13.426s][info][gc,heap        ] GC(283) ParOldGen: 236780K->245036K(978432K)
[13.426s][info][gc,metaspace   ] GC(283) Metaspace: 8179K(8832K)->8179K(8832K) NonClass: 7478K(7936K)->7478K(7936K) Class: 701K(896K)->701K(896K)
[13.426s][info][gc             ] GC(283) Pause Young (Allocation Failure) 1582M->246M(2309M) 2.315ms
[13.426s][info][gc,cpu         ] GC(283) User=0.00s Sys=0.00s Real=0.00s
[13.469s][info][gc,start       ] GC(284) Pause Young (Allocation Failure)
[13.472s][info][gc,heap        ] GC(284) PSYoungGen: 1381595K->7834K(1385984K)
[13.472s][info][gc,heap        ] GC(284) ParOldGen: 245036K->252273K(978432K)
[13.472s][info][gc,metaspace   ] GC(284) Metaspace: 8179K(8832K)->8179K(8832K) NonClass: 7478K(7936K)->7478K(7936K) Class: 701K(896K)->701K(896K)
[13.472s][info][gc             ] GC(284) Pause Young (Allocation Failure) 1588M->254M(2309M) 2.465ms
[13.472s][info][gc,cpu         ] GC(284) User=0.00s Sys=0.00s Real=0.00s
[13.515s][info][gc,start       ] GC(285) Pause Young (Allocation Failure)
[13.518s][info][gc,heap        ] GC(285) PSYoungGen: 1382042K->7713K(1385984K)
[13.518s][info][gc,heap        ] GC(285) ParOldGen: 252273K->259880K(978432K)
[13.518s][info][gc,metaspace   ] GC(285) Metaspace: 8179K(8832K)->8179K(8832K) NonClass: 7478K(7936K)->7478K(7936K) Class: 701K(896K)->701K(896K)
[13.518s][info][gc             ] GC(285) Pause Young (Allocation Failure) 1596M->261M(2309M) 2.437ms
[13.518s][info][gc,cpu         ] GC(285) User=0.00s Sys=0.00s Real=0.00s
[13.562s][info][gc,start       ] GC(286) Pause Young (Allocation Failure)
[13.564s][info][gc,heap        ] GC(286) PSYoungGen: 1381921K->5862K(1380352K)
[13.564s][info][gc,heap        ] GC(286) ParOldGen: 259880K->267296K(978432K)
[13.564s][info][gc,metaspace   ] GC(286) Metaspace: 8179K(8832K)->8179K(8832K) NonClass: 7478K(7936K)->7478K(7936K) Class: 701K(896K)->701K(896K)
[13.564s][info][gc             ] GC(286) Pause Young (Allocation Failure) 1603M->266M(2303M) 2.135ms
[13.564s][info][gc,cpu         ] GC(286) User=0.00s Sys=0.00s Real=0.00s
[13.607s][info][gc,start       ] GC(287) Pause Young (Allocation Failure)
[13.609s][info][gc,heap        ] GC(287) PSYoungGen: 1380070K->7088K(1385472K)
[13.609s][info][gc,heap        ] GC(287) ParOldGen: 267296K->272929K(978432K)
[13.609s][info][gc,metaspace   ] GC(287) Metaspace: 8179K(8832K)->8179K(8832K) NonClass: 7478K(7936K)->7478K(7936K) Class: 701K(896K)->701K(896K)
[13.609s][info][gc             ] GC(287) Pause Young (Allocation Failure) 1608M->273M(2308M) 2.225ms
[13.609s][info][gc,cpu         ] GC(287) User=0.00s Sys=0.00s Real=0.00s
[13.653s][info][gc,start       ] GC(288) Pause Young (Allocation Failure)
[13.656s][info][gc,heap        ] GC(288) PSYoungGen: 1381296K->7261K(1385472K)
[13.656s][info][gc,heap        ] GC(288) ParOldGen: 272929K->279079K(978432K)
[13.656s][info][gc,metaspace   ] GC(288) Metaspace: 8179K(8832K)->8179K(8832K) NonClass: 7478K(7936K)->7478K(7936K) Class: 701K(896K)->701K(896K)
[13.656s][info][gc             ] GC(288) Pause Young (Allocation Failure) 1615M->279M(2308M) 2.356ms
[13.656s][info][gc,cpu         ] GC(288) User=0.00s Sys=0.00s Real=0.00s
[13.699s][info][gc,start       ] GC(289) Pause Young (Allocation Failure)
[13.702s][info][gc,heap        ] GC(289) PSYoungGen: 1381469K->6457K(1385984K)
[13.702s][info][gc,heap        ] GC(289) ParOldGen: 279079K->286108K(978432K)
[13.702s][info][gc,metaspace   ] GC(289) Metaspace: 8179K(8832K)->8179K(8832K) NonClass: 7478K(7936K)->7478K(7936K) Class: 701K(896K)->701K(896K)
[13.702s][info][gc             ] GC(289) Pause Young (Allocation Failure) 1621M->285M(2309M) 2.356ms
[13.702s][info][gc,cpu         ] GC(289) User=0.00s Sys=0.00s Real=0.00s
[13.745s][info][gc,start       ] GC(290) Pause Young (Allocation Failure)
[13.747s][info][gc,heap        ] GC(290) PSYoungGen: 1381689K->8624K(1385984K)
[13.747s][info][gc,heap        ] GC(290) ParOldGen: 286108K->292375K(978432K)
[13.747s][info][gc,metaspace   ] GC(290) Metaspace: 8179K(8832K)->8179K(8832K) NonClass: 7478K(7936K)->7478K(7936K) Class: 701K(896K)->701K(896K)
[13.747s][info][gc             ] GC(290) Pause Young (Allocation Failure) 1628M->293M(2309M) 2.052ms
[13.747s][info][gc,cpu         ] GC(290) User=0.00s Sys=0.00s Real=0.00s
[13.791s][info][gc,start       ] GC(291) Pause Young (Allocation Failure)
[13.793s][info][gc,heap        ] GC(291) PSYoungGen: 1383856K->8554K(1385984K)
[13.793s][info][gc,heap        ] GC(291) ParOldGen: 292375K->300672K(978432K)
[13.793s][info][gc,metaspace   ] GC(291) Metaspace: 8179K(8832K)->8179K(8832K) NonClass: 7478K(7936K)->7478K(7936K) Class: 701K(896K)->701K(896K)
[13.793s][info][gc             ] GC(291) Pause Young (Allocation Failure) 1636M->301M(2309M) 2.147ms
[13.793s][info][gc,cpu         ] GC(291) User=0.00s Sys=0.00s Real=0.00s
[13.837s][info][gc,start       ] GC(292) Pause Young (Allocation Failure)
[13.839s][info][gc,heap        ] GC(292) PSYoungGen: 1383786K->7915K(1386496K)
[13.839s][info][gc,heap        ] GC(292) ParOldGen: 300672K->309027K(978432K)
[13.839s][info][gc,metaspace   ] GC(292) Metaspace: 8179K(8832K)->8179K(8832K) NonClass: 7478K(7936K)->7478K(7936K) Class: 701K(896K)->701K(896K)
[13.839s][info][gc             ] GC(292) Pause Young (Allocation Failure) 1644M->309M(2309M) 2.421ms
[13.839s][info][gc,cpu         ] GC(292) User=0.00s Sys=0.00s Real=0.00s
[13.883s][info][gc,start       ] GC(293) Pause Young (Allocation Failure)
[13.885s][info][gc,heap        ] GC(293) PSYoungGen: 1383147K->7445K(1385472K)
[13.885s][info][gc,heap        ] GC(293) ParOldGen: 309027K->316553K(978432K)
[13.885s][info][gc,metaspace   ] GC(293) Metaspace: 8179K(8832K)->8179K(8832K) NonClass: 7478K(7936K)->7478K(7936K) Class: 701K(896K)->701K(896K)
[13.885s][info][gc             ] GC(293) Pause Young (Allocation Failure) 1652M->316M(2308M) 2.340ms
[13.885s][info][gc,cpu         ] GC(293) User=0.00s Sys=0.00s Real=0.00s
[13.929s][info][gc,start       ] GC(294) Pause Young (Allocation Failure)
[13.931s][info][gc,heap        ] GC(294) PSYoungGen: 1382677K->7114K(1385984K)
[13.931s][info][gc,heap        ] GC(294) ParOldGen: 316553K->323819K(978432K)
[13.931s][info][gc,metaspace   ] GC(294) Metaspace: 8179K(8832K)->8179K(8832K) NonClass: 7478K(7936K)->7478K(7936K) Class: 701K(896K)->701K(896K)
[13.931s][info][gc             ] GC(294) Pause Young (Allocation Failure) 1659M->323M(2309M) 2.386ms
[13.931s][info][gc,cpu         ] GC(294) User=0.02s Sys=0.00s Real=0.00s
[13.975s][info][gc,start       ] GC(295) Pause Young (Allocation Failure)
[13.977s][info][gc,heap        ] GC(295) PSYoungGen: 1382346K->8016K(1387008K)
[13.977s][info][gc,heap        ] GC(295) ParOldGen: 323819K->330449K(978432K)
[13.977s][info][gc,metaspace   ] GC(295) Metaspace: 8179K(8832K)->8179K(8832K) NonClass: 7478K(7936K)->7478K(7936K) Class: 701K(896K)->701K(896K)
[13.977s][info][gc             ] GC(295) Pause Young (Allocation Failure) 1666M->330M(2310M) 2.378ms
[13.977s][info][gc,cpu         ] GC(295) User=0.20s Sys=0.00s Real=0.00s
[14.021s][info][gc,start       ] GC(296) Pause Young (Allocation Failure)
[14.023s][info][gc,heap        ] GC(296) PSYoungGen: 1384272K->7488K(1383936K)
[14.023s][info][gc,heap        ] GC(296) ParOldGen: 330449K->338276K(978432K)
[14.023s][info][gc,metaspace   ] GC(296) Metaspace: 8179K(8832K)->8179K(8832K) NonClass: 7478K(7936K)->7478K(7936K) Class: 701K(896K)->701K(896K)
[14.023s][info][gc             ] GC(296) Pause Young (Allocation Failure) 1674M->337M(2307M) 2.317ms
[14.023s][info][gc,cpu         ] GC(296) User=0.20s Sys=0.00s Real=0.00s
[14.068s][info][gc,start       ] GC(297) Pause Young (Allocation Failure)
[14.070s][info][gc,heap        ] GC(297) PSYoungGen: 1383744K->2481K(1385984K)
[14.070s][info][gc,heap        ] GC(297) ParOldGen: 338276K->345522K(978432K)
[14.070s][info][gc,metaspace   ] GC(297) Metaspace: 8183K(8832K)->8183K(8832K) NonClass: 7478K(7936K)->7478K(7936K) Class: 704K(896K)->704K(896K)
[14.070s][info][gc             ] GC(297) Pause Young (Allocation Failure) 1681M->339M(2309M) 2.217ms
[14.070s][info][gc,cpu         ] GC(297) User=0.20s Sys=0.00s Real=0.00s
[14.114s][info][gc,start       ] GC(298) Pause Young (Allocation Failure)
[14.116s][info][gc,heap        ] GC(298) PSYoungGen: 1378225K->416K(1376256K)
[14.116s][info][gc,heap        ] GC(298) ParOldGen: 345522K->347828K(978432K)
[14.116s][info][gc,metaspace   ] GC(298) Metaspace: 8183K(8832K)->8183K(8832K) NonClass: 7478K(7936K)->7478K(7936K) Class: 704K(896K)->704K(896K)
[14.116s][info][gc             ] GC(298) Pause Young (Allocation Failure) 1683M->340M(2299M) 1.641ms
[14.116s][info][gc,cpu         ] GC(298) User=0.00s Sys=0.00s Real=0.00s
[14.160s][info][gc,start       ] GC(299) Pause Young (Allocation Failure)
[14.162s][info][gc,heap        ] GC(299) PSYoungGen: 1376160K->416K(1385984K)
[14.162s][info][gc,heap        ] GC(299) ParOldGen: 347828K->348084K(978432K)
[14.162s][info][gc,metaspace   ] GC(299) Metaspace: 8183K(8832K)->8183K(8832K) NonClass: 7478K(7936K)->7478K(7936K) Class: 704K(896K)->704K(896K)
[14.162s][info][gc             ] GC(299) Pause Young (Allocation Failure) 1683M->340M(2309M) 2.208ms
[14.162s][info][gc,cpu         ] GC(299) User=0.00s Sys=0.00s Real=0.00s
[14.206s][info][gc,start       ] GC(300) Pause Young (Allocation Failure)
[14.208s][info][gc,heap        ] GC(300) PSYoungGen: 1374624K->416K(1374720K)
[14.208s][info][gc,heap        ] GC(300) ParOldGen: 348084K->348332K(978432K)
[14.208s][info][gc,metaspace   ] GC(300) Metaspace: 8183K(8832K)->8183K(8832K) NonClass: 7478K(7936K)->7478K(7936K) Class: 704K(896K)->704K(896K)
[14.208s][info][gc             ] GC(300) Pause Young (Allocation Failure) 1682M->340M(2298M) 2.196ms
[14.208s][info][gc,cpu         ] GC(300) User=0.00s Sys=0.00s Real=0.00s
[14.253s][info][gc,start       ] GC(301) Pause Young (Allocation Failure)
[14.255s][info][gc,heap        ] GC(301) PSYoungGen: 1374624K->416K(1385472K)
[14.255s][info][gc,heap        ] GC(301) ParOldGen: 348332K->348604K(978432K)
[14.255s][info][gc,metaspace   ] GC(301) Metaspace: 8183K(8832K)->8183K(8832K) NonClass: 7478K(7936K)->7478K(7936K) Class: 704K(896K)->704K(896K)
[14.255s][info][gc             ] GC(301) Pause Young (Allocation Failure) 1682M->340M(2308M) 2.130ms
[14.255s][info][gc,cpu         ] GC(301) User=0.00s Sys=0.00s Real=0.00s
[14.299s][info][gc,start       ] GC(302) Pause Young (Allocation Failure)
[14.301s][info][gc,heap        ] GC(302) PSYoungGen: 1373600K->416K(1385472K)
[14.301s][info][gc,heap        ] GC(302) ParOldGen: 348604K->348868K(978432K)
[14.301s][info][gc,metaspace   ] GC(302) Metaspace: 8183K(8832K)->8183K(8832K) NonClass: 7478K(7936K)->7478K(7936K) Class: 704K(896K)->704K(896K)
[14.301s][info][gc             ] GC(302) Pause Young (Allocation Failure) 1681M->341M(2308M) 2.091ms
[14.301s][info][gc,cpu         ] GC(302) User=0.00s Sys=0.00s Real=0.00s
[14.345s][info][gc,start       ] GC(303) Pause Young (Allocation Failure)
[14.347s][info][gc,heap        ] GC(303) PSYoungGen: 1373600K->384K(1385472K)
[14.347s][info][gc,heap        ] GC(303) ParOldGen: 348868K->349060K(978432K)
[14.347s][info][gc,metaspace   ] GC(303) Metaspace: 8183K(8832K)->8183K(8832K) NonClass: 7478K(7936K)->7478K(7936K) Class: 704K(896K)->704K(896K)
[14.347s][info][gc             ] GC(303) Pause Young (Allocation Failure) 1682M->341M(2308M) 2.142ms
[14.347s][info][gc,cpu         ] GC(303) User=0.00s Sys=0.00s Real=0.00s
[14.391s][info][gc,start       ] GC(304) Pause Young (Allocation Failure)
[14.393s][info][gc,heap        ] GC(304) PSYoungGen: 1373568K->384K(1373696K)
[14.393s][info][gc,heap        ] GC(304) ParOldGen: 349060K->349244K(978432K)
[14.393s][info][gc,metaspace   ] GC(304) Metaspace: 8183K(8832K)->8183K(8832K) NonClass: 7478K(7936K)->7478K(7936K) Class: 704K(896K)->704K(896K)
[14.393s][info][gc             ] GC(304) Pause Young (Allocation Failure) 1682M->341M(2297M) 2.074ms
[14.393s][info][gc,cpu         ] GC(304) User=0.00s Sys=0.00s Real=0.00s
[14.584s][info][gc,heap,exit   ] Heap
[14.584s][info][gc,heap,exit   ]  PSYoungGen      total 1373696K, used 723254K [0x00000007aab00000, 0x00000007fff00000, 0x0000000800000000)
[14.584s][info][gc,heap,exit   ]   eden space 1373184K, 52% used [0x00000007aab00000,0x00000007d6ced920,0x00000007fe800000)
[14.584s][info][gc,heap,exit   ]   from space 512K, 75% used [0x00000007fe800000,0x00000007fe860000,0x00000007fe880000)
[14.584s][info][gc,heap,exit   ]   to   space 11776K, 0% used [0x00000007ff380000,0x00000007ff380000,0x00000007fff00000)
[14.584s][info][gc,heap,exit   ]  ParOldGen       total 978432K, used 349244K [0x0000000700000000, 0x000000073bb80000, 0x00000007aab00000)
[14.584s][info][gc,heap,exit   ]   object space 978432K, 35% used [0x0000000700000000,0x000000071550f3c8,0x000000073bb80000)
[14.584s][info][gc,heap,exit   ]  Metaspace       used 8461K, capacity 8691K, committed 8832K, reserved 1056768K
[14.584s][info][gc,heap,exit   ]   class space    used 755K, capacity 833K, committed 896K, reserved 1048576K
