[0.010s][info][gc,init] CardTable entry size: 512
[0.011s][info][gc     ] Using G1
[0.017s][info][gc,init] Version: 21.0.5+9-LTS-239 (release)
[0.017s][info][gc,init] CPUs: 12 total, 12 available
[0.017s][info][gc,init] Memory: 16263M
[0.017s][info][gc,init] Large Page Support: Disabled
[0.017s][info][gc,init] NUMA Support: Disabled
[0.017s][info][gc,init] Compressed Oops: Enabled (32-bit)
[0.017s][info][gc,init] Heap Region Size: 1M
[0.017s][info][gc,init] Heap Min Capacity: 1G
[0.017s][info][gc,init] Heap Initial Capacity: 1G
[0.017s][info][gc,init] Heap Max Capacity: 2G
[0.017s][info][gc,init] Pre-touch: Disabled
[0.017s][info][gc,init] Parallel Workers: 10
[0.018s][info][gc,init] Concurrent Workers: 3
[0.018s][info][gc,init] Concurrent Refinement Workers: 10
[0.018s][info][gc,init] Periodic GC: Disabled
[0.026s][info][gc,metaspace] CDS archive(s) mapped at: [0x000002292a000000-0x000002292ac90000-0x000002292ac90000), size 13172736, SharedBaseAddress: 0x000002292a000000, ArchiveRelocationMode: 1.
[0.026s][info][gc,metaspace] Compressed class space mapped at: 0x000002292b000000-0x000002296b000000, reserved size: 1073741824
[0.026s][info][gc,metaspace] Narrow klass base: 0x000002292a000000, Narrow klass shift: 0, Narrow klass range: 0x100000000
[0.410s][info][gc,start    ] GC(0) Pause Young (Normal) (G1 Evacuation Pause)
[0.412s][info][gc,task     ] GC(0) Using 10 workers of 10 for evacuation
[0.419s][info][gc,phases   ] GC(0)   Pre Evacuate Collection Set: 0.2ms
[0.419s][info][gc,phases   ] GC(0)   Merge Heap Roots: 0.2ms
[0.419s][info][gc,phases   ] GC(0)   Evacuate Collection Set: 2.2ms
[0.419s][info][gc,phases   ] GC(0)   Post Evacuate Collection Set: 0.7ms
[0.419s][info][gc,phases   ] GC(0)   Other: 2.4ms
[0.419s][info][gc,heap     ] GC(0) Eden regions: 51->0(58)
[0.419s][info][gc,heap     ] GC(0) Survivor regions: 0->5(7)
[0.419s][info][gc,heap     ] GC(0) Old regions: 0->0
[0.419s][info][gc,heap     ] GC(0) Humongous regions: 1->0
[0.419s][info][gc,metaspace] GC(0) Metaspace: 1457K(1600K)->1457K(1600K) NonClass: 1339K(1408K)->1339K(1408K) Class: 117K(192K)->117K(192K)
[0.419s][info][gc          ] GC(0) Pause Young (Normal) (G1 Evacuation Pause) 52M->4M(1024M) 9.456ms
[0.419s][info][gc,cpu      ] GC(0) User=0.00s Sys=0.00s Real=0.01s
[0.610s][info][gc,start    ] GC(1) Pause Young (Normal) (G1 Evacuation Pause)
[0.610s][info][gc,task     ] GC(1) Using 10 workers of 10 for evacuation
[0.614s][info][gc,phases   ] GC(1)   Pre Evacuate Collection Set: 0.3ms
[0.614s][info][gc,phases   ] GC(1)   Merge Heap Roots: 0.1ms
[0.614s][info][gc,phases   ] GC(1)   Evacuate Collection Set: 3.0ms
[0.614s][info][gc,phases   ] GC(1)   Post Evacuate Collection Set: 0.6ms
[0.614s][info][gc,phases   ] GC(1)   Other: 0.1ms
[0.615s][info][gc,heap     ] GC(1) Eden regions: 58->0(263)
[0.615s][info][gc,heap     ] GC(1) Survivor regions: 5->7(8)
[0.615s][info][gc,heap     ] GC(1) Old regions: 0->0
[0.615s][info][gc,heap     ] GC(1) Humongous regions: 3->1
[0.615s][info][gc,metaspace] GC(1) Metaspace: 1471K(1600K)->1471K(1600K) NonClass: 1353K(1408K)->1353K(1408K) Class: 117K(192K)->117K(192K)
[0.615s][info][gc          ] GC(1) Pause Young (Normal) (G1 Evacuation Pause) 65M->7M(1024M) 4.331ms
[0.615s][info][gc,cpu      ] GC(1) User=0.00s Sys=0.00s Real=0.00s
[1.325s][info][gc,start    ] GC(2) Pause Young (Normal) (G1 Evacuation Pause)
[1.325s][info][gc,task     ] GC(2) Using 10 workers of 10 for evacuation
[1.333s][info][gc,phases   ] GC(2)   Pre Evacuate Collection Set: 0.3ms
[1.333s][info][gc,phases   ] GC(2)   Merge Heap Roots: 0.1ms
[1.333s][info][gc,phases   ] GC(2)   Evacuate Collection Set: 7.1ms
[1.334s][info][gc,phases   ] GC(2)   Post Evacuate Collection Set: 0.8ms
[1.334s][info][gc,phases   ] GC(2)   Other: 0.1ms
[1.334s][info][gc,heap     ] GC(2) Eden regions: 263->0(365)
[1.334s][info][gc,heap     ] GC(2) Survivor regions: 7->15(34)
[1.334s][info][gc,heap     ] GC(2) Old regions: 0->0
[1.334s][info][gc,heap     ] GC(2) Humongous regions: 22->3
[1.334s][info][gc,metaspace] GC(2) Metaspace: 1483K(1600K)->1483K(1600K) NonClass: 1365K(1408K)->1365K(1408K) Class: 117K(192K)->117K(192K)
[1.334s][info][gc          ] GC(2) Pause Young (Normal) (G1 Evacuation Pause) 291M->17M(1024M) 8.758ms
[1.334s][info][gc,cpu      ] GC(2) User=0.00s Sys=0.00s Real=0.01s
[2.102s][info][gc,start    ] GC(3) Pause Young (Normal) (G1 Evacuation Pause)
[2.102s][info][gc,task     ] GC(3) Using 10 workers of 10 for evacuation
[2.114s][info][gc,phases   ] GC(3)   Pre Evacuate Collection Set: 0.3ms
[2.114s][info][gc,phases   ] GC(3)   Merge Heap Roots: 0.2ms
[2.114s][info][gc,phases   ] GC(3)   Evacuate Collection Set: 10.1ms
[2.114s][info][gc,phases   ] GC(3)   Post Evacuate Collection Set: 0.9ms
[2.114s][info][gc,phases   ] GC(3)   Other: 0.1ms
[2.114s][info][gc,heap     ] GC(3) Eden regions: 322->0(425)
[2.114s][info][gc,heap     ] GC(3) Survivor regions: 15->24(43)
[2.114s][info][gc,heap     ] GC(3) Old regions: 0->0
[2.114s][info][gc,heap     ] GC(3) Humongous regions: 16->6
[2.114s][info][gc,metaspace] GC(3) Metaspace: 1487K(1600K)->1487K(1600K) NonClass: 1370K(1408K)->1370K(1408K) Class: 117K(192K)->117K(192K)
[2.114s][info][gc          ] GC(3) Pause Young (Normal) (G1 Evacuation Pause) 352M->29M(1024M) 11.890ms
[2.114s][info][gc,cpu      ] GC(3) User=0.02s Sys=0.00s Real=0.01s
[3.025s][info][gc,start    ] GC(4) Pause Young (Normal) (G1 Evacuation Pause)
[3.025s][info][gc,task     ] GC(4) Using 10 workers of 10 for evacuation
[3.038s][info][gc,phases   ] GC(4)   Pre Evacuate Collection Set: 0.4ms
[3.039s][info][gc,phases   ] GC(4)   Merge Heap Roots: 0.2ms
[3.039s][info][gc,phases   ] GC(4)   Evacuate Collection Set: 11.5ms
[3.039s][info][gc,phases   ] GC(4)   Post Evacuate Collection Set: 0.9ms
[3.039s][info][gc,phases   ] GC(4)   Other: 0.1ms
[3.039s][info][gc,heap     ] GC(4) Eden regions: 424->0(498)
[3.039s][info][gc,heap     ] GC(4) Survivor regions: 24->33(56)
[3.039s][info][gc,heap     ] GC(4) Old regions: 0->0
[3.039s][info][gc,heap     ] GC(4) Humongous regions: 12->6
[3.039s][info][gc,metaspace] GC(4) Metaspace: 1488K(1600K)->1488K(1600K) NonClass: 1370K(1408K)->1370K(1408K) Class: 117K(192K)->117K(192K)
[3.039s][info][gc          ] GC(4) Pause Young (Normal) (G1 Evacuation Pause) 459M->38M(1024M) 13.239ms
[3.039s][info][gc,cpu      ] GC(4) User=0.02s Sys=0.00s Real=0.01s
[3.970s][info][gc,start    ] GC(5) Pause Young (Normal) (G1 Evacuation Pause)
[3.970s][info][gc,task     ] GC(5) Using 10 workers of 10 for evacuation
[3.987s][info][gc,phases   ] GC(5)   Pre Evacuate Collection Set: 0.3ms
[3.987s][info][gc,phases   ] GC(5)   Merge Heap Roots: 0.2ms
[3.987s][info][gc,phases   ] GC(5)   Evacuate Collection Set: 16.0ms
[3.987s][info][gc,phases   ] GC(5)   Post Evacuate Collection Set: 0.7ms
[3.987s][info][gc,phases   ] GC(5)   Other: 0.1ms
[3.987s][info][gc,heap     ] GC(5) Eden regions: 436->0(575)
[3.987s][info][gc,heap     ] GC(5) Survivor regions: 33->39(59)
[3.987s][info][gc,heap     ] GC(5) Old regions: 0->4
[3.987s][info][gc,heap     ] GC(5) Humongous regions: 29->11
[3.987s][info][gc,metaspace] GC(5) Metaspace: 1488K(1600K)->1488K(1600K) NonClass: 1370K(1408K)->1370K(1408K) Class: 117K(192K)->117K(192K)
[3.987s][info][gc          ] GC(5) Pause Young (Normal) (G1 Evacuation Pause) 497M->53M(1024M) 17.537ms
[3.987s][info][gc,cpu      ] GC(5) User=0.02s Sys=0.00s Real=0.02s
[4.855s][info][gc,start    ] GC(6) Pause Young (Normal) (G1 Evacuation Pause)
[4.855s][info][gc,task     ] GC(6) Using 10 workers of 10 for evacuation
[4.870s][info][gc,phases   ] GC(6)   Pre Evacuate Collection Set: 0.4ms
[4.870s][info][gc,phases   ] GC(6)   Merge Heap Roots: 0.2ms
[4.870s][info][gc,phases   ] GC(6)   Evacuate Collection Set: 14.0ms
[4.870s][info][gc,phases   ] GC(6)   Post Evacuate Collection Set: 1.0ms
[4.870s][info][gc,phases   ] GC(6)   Other: 0.1ms
[4.870s][info][gc,heap     ] GC(6) Eden regions: 328->0(589)
[4.870s][info][gc,heap     ] GC(6) Survivor regions: 39->25(46)
[4.870s][info][gc,heap     ] GC(6) Old regions: 4->22
[4.870s][info][gc,heap     ] GC(6) Humongous regions: 17->11
[4.870s][info][gc,metaspace] GC(6) Metaspace: 1488K(1600K)->1488K(1600K) NonClass: 1370K(1408K)->1370K(1408K) Class: 117K(192K)->117K(192K)
[4.870s][info][gc          ] GC(6) Pause Young (Normal) (G1 Evacuation Pause) 387M->58M(1024M) 15.893ms
[4.871s][info][gc,cpu      ] GC(6) User=0.00s Sys=0.00s Real=0.02s
[5.134s][info][gc,start    ] GC(7) Pause Young (Normal) (G1 Evacuation Pause)
[5.134s][info][gc,task     ] GC(7) Using 10 workers of 10 for evacuation
[5.148s][info][gc,phases   ] GC(7)   Pre Evacuate Collection Set: 0.2ms
[5.148s][info][gc,phases   ] GC(7)   Merge Heap Roots: 0.4ms
[5.148s][info][gc,phases   ] GC(7)   Evacuate Collection Set: 12.1ms
[5.148s][info][gc,phases   ] GC(7)   Post Evacuate Collection Set: 0.6ms
[5.148s][info][gc,phases   ] GC(7)   Other: 0.1ms
[5.148s][info][gc,heap     ] GC(7) Eden regions: 97->0(603)
[5.148s][info][gc,heap     ] GC(7) Survivor regions: 25->11(16)
[5.148s][info][gc,heap     ] GC(7) Old regions: 22->41
[5.148s][info][gc,heap     ] GC(7) Humongous regions: 15->11
[5.148s][info][gc,metaspace] GC(7) Metaspace: 1488K(1600K)->1488K(1600K) NonClass: 1370K(1408K)->1370K(1408K) Class: 117K(192K)->117K(192K)
[5.148s][info][gc          ] GC(7) Pause Young (Normal) (G1 Evacuation Pause) 159M->62M(1024M) 13.607ms
[5.148s][info][gc,cpu      ] GC(7) User=0.02s Sys=0.00s Real=0.01s
[6.571s][info][gc,start    ] GC(8) Pause Young (Normal) (G1 Evacuation Pause)
[6.571s][info][gc,task     ] GC(8) Using 10 workers of 10 for evacuation
[6.584s][info][gc,phases   ] GC(8)   Pre Evacuate Collection Set: 0.4ms
[6.584s][info][gc,phases   ] GC(8)   Merge Heap Roots: 0.4ms
[6.584s][info][gc,phases   ] GC(8)   Evacuate Collection Set: 11.2ms
[6.584s][info][gc,phases   ] GC(8)   Post Evacuate Collection Set: 1.0ms
[6.584s][info][gc,phases   ] GC(8)   Other: 0.1ms
[6.584s][info][gc,heap     ] GC(8) Eden regions: 603->0(592)
[6.584s][info][gc,heap     ] GC(8) Survivor regions: 11->22(77)
[6.584s][info][gc,heap     ] GC(8) Old regions: 41->41
[6.584s][info][gc,heap     ] GC(8) Humongous regions: 38->11
[6.585s][info][gc,metaspace] GC(8) Metaspace: 1488K(1600K)->1488K(1600K) NonClass: 1370K(1408K)->1370K(1408K) Class: 117K(192K)->117K(192K)
[6.585s][info][gc          ] GC(8) Pause Young (Normal) (G1 Evacuation Pause) 692M->73M(1024M) 13.210ms
[6.585s][info][gc,cpu      ] GC(8) User=0.02s Sys=0.00s Real=0.01s
[7.872s][info][gc,start    ] GC(9) Pause Young (Normal) (G1 Evacuation Pause)
[7.872s][info][gc,task     ] GC(9) Using 10 workers of 10 for evacuation
[7.886s][info][gc,phases   ] GC(9)   Pre Evacuate Collection Set: 0.4ms
[7.886s][info][gc,phases   ] GC(9)   Merge Heap Roots: 0.3ms
[7.886s][info][gc,phases   ] GC(9)   Evacuate Collection Set: 12.6ms
[7.886s][info][gc,phases   ] GC(9)   Post Evacuate Collection Set: 1.0ms
[7.886s][info][gc,phases   ] GC(9)   Other: 0.1ms
[7.886s][info][gc,heap     ] GC(9) Eden regions: 592->0(584)
[7.886s][info][gc,heap     ] GC(9) Survivor regions: 22->30(77)
[7.886s][info][gc,heap     ] GC(9) Old regions: 41->41
[7.886s][info][gc,heap     ] GC(9) Humongous regions: 25->11
[7.886s][info][gc,metaspace] GC(9) Metaspace: 1488K(1600K)->1488K(1600K) NonClass: 1370K(1408K)->1370K(1408K) Class: 117K(192K)->117K(192K)
[7.886s][info][gc          ] GC(9) Pause Young (Normal) (G1 Evacuation Pause) 679M->80M(1024M) 14.561ms
[7.886s][info][gc,cpu      ] GC(9) User=0.00s Sys=0.00s Real=0.02s
[9.145s][info][gc,start    ] GC(10) Pause Young (Normal) (G1 Evacuation Pause)
[9.145s][info][gc,task     ] GC(10) Using 10 workers of 10 for evacuation
[9.163s][info][gc,phases   ] GC(10)   Pre Evacuate Collection Set: 0.3ms
[9.163s][info][gc,phases   ] GC(10)   Merge Heap Roots: 0.4ms
[9.163s][info][gc,phases   ] GC(10)   Evacuate Collection Set: 16.5ms
[9.163s][info][gc,phases   ] GC(10)   Post Evacuate Collection Set: 0.8ms
[9.163s][info][gc,phases   ] GC(10)   Other: 0.1ms
[9.163s][info][gc,heap     ] GC(10) Eden regions: 584->0(575)
[9.163s][info][gc,heap     ] GC(10) Survivor regions: 30->39(77)
[9.163s][info][gc,heap     ] GC(10) Old regions: 41->41
[9.163s][info][gc,heap     ] GC(10) Humongous regions: 55->20
[9.163s][info][gc,metaspace] GC(10) Metaspace: 1488K(1600K)->1488K(1600K) NonClass: 1370K(1408K)->1370K(1408K) Class: 117K(192K)->117K(192K)
[9.164s][info][gc          ] GC(10) Pause Young (Normal) (G1 Evacuation Pause) 708M->99M(1024M) 18.401ms
[9.164s][info][gc,cpu      ] GC(10) User=0.14s Sys=0.02s Real=0.02s
[10.351s][info][gc,start    ] GC(11) Pause Young (Normal) (G1 Evacuation Pause)
[10.351s][info][gc,task     ] GC(11) Using 10 workers of 10 for evacuation
[10.370s][info][gc,phases   ] GC(11)   Pre Evacuate Collection Set: 0.4ms
[10.370s][info][gc,phases   ] GC(11)   Merge Heap Roots: 0.3ms
[10.370s][info][gc,phases   ] GC(11)   Evacuate Collection Set: 17.4ms
[10.370s][info][gc,phases   ] GC(11)   Post Evacuate Collection Set: 1.1ms
[10.370s][info][gc,phases   ] GC(11)   Other: 0.1ms
[10.370s][info][gc,heap     ] GC(11) Eden regions: 575->0(567)
[10.370s][info][gc,heap     ] GC(11) Survivor regions: 39->47(77)
[10.370s][info][gc,heap     ] GC(11) Old regions: 41->41
[10.370s][info][gc,heap     ] GC(11) Humongous regions: 36->20
[10.370s][info][gc,metaspace] GC(11) Metaspace: 1488K(1600K)->1488K(1600K) NonClass: 1370K(1408K)->1370K(1408K) Class: 117K(192K)->117K(192K)
[10.370s][info][gc          ] GC(11) Pause Young (Normal) (G1 Evacuation Pause) 690M->107M(1024M) 19.561ms
[10.370s][info][gc,cpu      ] GC(11) User=0.09s Sys=0.02s Real=0.02s
[11.573s][info][gc,start    ] GC(12) Pause Young (Normal) (G1 Evacuation Pause)
[11.573s][info][gc,task     ] GC(12) Using 10 workers of 10 for evacuation
[11.594s][info][gc,phases   ] GC(12)   Pre Evacuate Collection Set: 0.4ms
[11.594s][info][gc,phases   ] GC(12)   Merge Heap Roots: 0.3ms
[11.594s][info][gc,phases   ] GC(12)   Evacuate Collection Set: 19.2ms
[11.594s][info][gc,phases   ] GC(12)   Post Evacuate Collection Set: 1.0ms
[11.594s][info][gc,phases   ] GC(12)   Other: 0.1ms
[11.594s][info][gc,heap     ] GC(12) Eden regions: 567->0(566)
[11.594s][info][gc,heap     ] GC(12) Survivor regions: 47->48(77)
[11.594s][info][gc,heap     ] GC(12) Old regions: 41->49
[11.594s][info][gc,heap     ] GC(12) Humongous regions: 37->20
[11.594s][info][gc,metaspace] GC(12) Metaspace: 1488K(1600K)->1488K(1600K) NonClass: 1370K(1408K)->1370K(1408K) Class: 117K(192K)->117K(192K)
[11.594s][info][gc          ] GC(12) Pause Young (Normal) (G1 Evacuation Pause) 691M->116M(1024M) 21.223ms
[11.594s][info][gc,cpu      ] GC(12) User=0.19s Sys=0.00s Real=0.02s
[12.739s][info][gc,start    ] GC(13) Pause Young (Normal) (G1 Evacuation Pause)
[12.739s][info][gc,task     ] GC(13) Using 10 workers of 10 for evacuation
[12.762s][info][gc,phases   ] GC(13)   Pre Evacuate Collection Set: 0.3ms
[12.762s][info][gc,phases   ] GC(13)   Merge Heap Roots: 0.4ms
[12.762s][info][gc,phases   ] GC(13)   Evacuate Collection Set: 20.8ms
[12.762s][info][gc,phases   ] GC(13)   Post Evacuate Collection Set: 1.0ms
[12.762s][info][gc,phases   ] GC(13)   Other: 0.1ms
[12.762s][info][gc,heap     ] GC(13) Eden regions: 566->0(569)
[12.762s][info][gc,heap     ] GC(13) Survivor regions: 48->45(77)
[12.762s][info][gc,heap     ] GC(13) Old regions: 49->61
[12.762s][info][gc,heap     ] GC(13) Humongous regions: 36->21
[12.762s][info][gc,metaspace] GC(13) Metaspace: 1488K(1600K)->1488K(1600K) NonClass: 1370K(1408K)->1370K(1408K) Class: 117K(192K)->117K(192K)
[12.762s][info][gc          ] GC(13) Pause Young (Normal) (G1 Evacuation Pause) 698M->126M(1024M) 22.966ms
[12.762s][info][gc,cpu      ] GC(13) User=0.17s Sys=0.00s Real=0.02s
[13.964s][info][gc,start    ] GC(14) Pause Young (Normal) (G1 Evacuation Pause)
[13.964s][info][gc,task     ] GC(14) Using 10 workers of 10 for evacuation
[13.986s][info][gc,phases   ] GC(14)   Pre Evacuate Collection Set: 0.3ms
[13.986s][info][gc,phases   ] GC(14)   Merge Heap Roots: 0.5ms
[13.986s][info][gc,phases   ] GC(14)   Evacuate Collection Set: 20.4ms
[13.986s][info][gc,phases   ] GC(14)   Post Evacuate Collection Set: 0.9ms
[13.986s][info][gc,phases   ] GC(14)   Other: 0.1ms
[13.986s][info][gc,heap     ] GC(14) Eden regions: 569->0(571)
[13.986s][info][gc,heap     ] GC(14) Survivor regions: 45->43(77)
[13.986s][info][gc,heap     ] GC(14) Old regions: 61->71
[13.986s][info][gc,heap     ] GC(14) Humongous regions: 43->20
[13.986s][info][gc,metaspace] GC(14) Metaspace: 1488K(1600K)->1488K(1600K) NonClass: 1370K(1408K)->1370K(1408K) Class: 117K(192K)->117K(192K)
[13.986s][info][gc          ] GC(14) Pause Young (Normal) (G1 Evacuation Pause) 717M->133M(1024M) 22.503ms
[13.986s][info][gc,cpu      ] GC(14) User=0.25s Sys=0.00s Real=0.02s
[15.164s][info][gc,start    ] GC(15) Pause Young (Normal) (G1 Evacuation Pause)
[15.164s][info][gc,task     ] GC(15) Using 10 workers of 10 for evacuation
[15.188s][info][gc,phases   ] GC(15)   Pre Evacuate Collection Set: 0.3ms
[15.188s][info][gc,phases   ] GC(15)   Merge Heap Roots: 0.6ms
[15.188s][info][gc,phases   ] GC(15)   Evacuate Collection Set: 21.4ms
[15.188s][info][gc,phases   ] GC(15)   Post Evacuate Collection Set: 0.9ms
[15.188s][info][gc,phases   ] GC(15)   Other: 0.1ms
[15.188s][info][gc,heap     ] GC(15) Eden regions: 571->0(572)
[15.188s][info][gc,heap     ] GC(15) Survivor regions: 43->42(77)
[15.188s][info][gc,heap     ] GC(15) Old regions: 71->81
[15.188s][info][gc,heap     ] GC(15) Humongous regions: 38->20
[15.188s][info][gc,metaspace] GC(15) Metaspace: 1488K(1600K)->1488K(1600K) NonClass: 1370K(1408K)->1370K(1408K) Class: 117K(192K)->117K(192K)
[15.188s][info][gc          ] GC(15) Pause Young (Normal) (G1 Evacuation Pause) 722M->142M(1024M) 23.585ms
[15.188s][info][gc,cpu      ] GC(15) User=0.16s Sys=0.02s Real=0.02s
[16.373s][info][gc,start    ] GC(16) Pause Young (Normal) (G1 Evacuation Pause)
[16.373s][info][gc,task     ] GC(16) Using 10 workers of 10 for evacuation
[16.397s][info][gc,phases   ] GC(16)   Pre Evacuate Collection Set: 0.3ms
[16.397s][info][gc,phases   ] GC(16)   Merge Heap Roots: 0.5ms
[16.397s][info][gc,phases   ] GC(16)   Evacuate Collection Set: 22.0ms
[16.397s][info][gc,phases   ] GC(16)   Post Evacuate Collection Set: 1.0ms
[16.397s][info][gc,phases   ] GC(16)   Other: 0.1ms
[16.397s][info][gc,heap     ] GC(16) Eden regions: 572->0(573)
[16.397s][info][gc,heap     ] GC(16) Survivor regions: 42->41(77)
[16.397s][info][gc,heap     ] GC(16) Old regions: 81->89
[16.397s][info][gc,heap     ] GC(16) Humongous regions: 37->20
[16.397s][info][gc,metaspace] GC(16) Metaspace: 1488K(1600K)->1488K(1600K) NonClass: 1370K(1408K)->1370K(1408K) Class: 117K(192K)->117K(192K)
[16.397s][info][gc          ] GC(16) Pause Young (Normal) (G1 Evacuation Pause) 731M->149M(1024M) 24.258ms
[16.397s][info][gc,cpu      ] GC(16) User=0.16s Sys=0.00s Real=0.02s
[17.571s][info][gc,start    ] GC(17) Pause Young (Normal) (G1 Evacuation Pause)
[17.571s][info][gc,task     ] GC(17) Using 10 workers of 10 for evacuation
[17.593s][info][gc,phases   ] GC(17)   Pre Evacuate Collection Set: 0.3ms
[17.593s][info][gc,phases   ] GC(17)   Merge Heap Roots: 0.5ms
[17.593s][info][gc,phases   ] GC(17)   Evacuate Collection Set: 20.1ms
[17.593s][info][gc,phases   ] GC(17)   Post Evacuate Collection Set: 1.0ms
[17.593s][info][gc,phases   ] GC(17)   Other: 0.1ms
[17.593s][info][gc,heap     ] GC(17) Eden regions: 573->0(566)
[17.593s][info][gc,heap     ] GC(17) Survivor regions: 41->48(77)
[17.593s][info][gc,heap     ] GC(17) Old regions: 89->89
[17.593s][info][gc,heap     ] GC(17) Humongous regions: 40->20
[17.593s][info][gc,metaspace] GC(17) Metaspace: 1488K(1600K)->1488K(1600K) NonClass: 1370K(1408K)->1370K(1408K) Class: 117K(192K)->117K(192K)
[17.593s][info][gc          ] GC(17) Pause Young (Normal) (G1 Evacuation Pause) 742M->156M(1024M) 22.260ms
[17.593s][info][gc,cpu      ] GC(17) User=0.16s Sys=0.02s Real=0.02s
[18.795s][info][gc,start    ] GC(18) Pause Young (Normal) (G1 Evacuation Pause)
[18.795s][info][gc,task     ] GC(18) Using 10 workers of 10 for evacuation
[18.822s][info][gc,phases   ] GC(18)   Pre Evacuate Collection Set: 0.3ms
[18.822s][info][gc,phases   ] GC(18)   Merge Heap Roots: 0.6ms
[18.822s][info][gc,phases   ] GC(18)   Evacuate Collection Set: 24.7ms
[18.822s][info][gc,phases   ] GC(18)   Post Evacuate Collection Set: 1.1ms
[18.822s][info][gc,phases   ] GC(18)   Other: 0.1ms
[18.822s][info][gc,heap     ] GC(18) Eden regions: 566->0(567)
[18.822s][info][gc,heap     ] GC(18) Survivor regions: 48->47(77)
[18.822s][info][gc,heap     ] GC(18) Old regions: 89->98
[18.822s][info][gc,heap     ] GC(18) Humongous regions: 58->37
[18.822s][info][gc,metaspace] GC(18) Metaspace: 1491K(1600K)->1491K(1600K) NonClass: 1374K(1408K)->1374K(1408K) Class: 117K(192K)->117K(192K)
[18.822s][info][gc          ] GC(18) Pause Young (Normal) (G1 Evacuation Pause) 760M->181M(1024M) 27.040ms
[18.822s][info][gc,cpu      ] GC(18) User=0.16s Sys=0.00s Real=0.03s
[19.981s][info][gc,start    ] GC(19) Pause Young (Normal) (G1 Evacuation Pause)
[19.981s][info][gc,task     ] GC(19) Using 10 workers of 10 for evacuation
[20.006s][info][gc,phases   ] GC(19)   Pre Evacuate Collection Set: 0.3ms
[20.006s][info][gc,phases   ] GC(19)   Merge Heap Roots: 0.5ms
[20.006s][info][gc,phases   ] GC(19)   Evacuate Collection Set: 23.2ms
[20.006s][info][gc,phases   ] GC(19)   Post Evacuate Collection Set: 0.9ms
[20.006s][info][gc,phases   ] GC(19)   Other: 0.1ms
[20.007s][info][gc,heap     ] GC(19) Eden regions: 567->0(567)
[20.007s][info][gc,heap     ] GC(19) Survivor regions: 47->47(77)
[20.007s][info][gc,heap     ] GC(19) Old regions: 98->106
[20.007s][info][gc,heap     ] GC(19) Humongous regions: 58->37
[20.007s][info][gc,metaspace] GC(19) Metaspace: 1492K(1600K)->1492K(1600K) NonClass: 1374K(1408K)->1374K(1408K) Class: 117K(192K)->117K(192K)
[20.007s][info][gc          ] GC(19) Pause Young (Normal) (G1 Evacuation Pause) 769M->190M(1024M) 25.258ms
[20.007s][info][gc,cpu      ] GC(19) User=0.12s Sys=0.02s Real=0.02s
[21.165s][info][gc,start    ] GC(20) Pause Young (Normal) (G1 Evacuation Pause)
[21.165s][info][gc,task     ] GC(20) Using 10 workers of 10 for evacuation
[21.190s][info][gc,phases   ] GC(20)   Pre Evacuate Collection Set: 0.3ms
[21.190s][info][gc,phases   ] GC(20)   Merge Heap Roots: 0.5ms
[21.190s][info][gc,phases   ] GC(20)   Evacuate Collection Set: 23.1ms
[21.190s][info][gc,phases   ] GC(20)   Post Evacuate Collection Set: 0.9ms
[21.190s][info][gc,phases   ] GC(20)   Other: 0.1ms
[21.190s][info][gc,heap     ] GC(20) Eden regions: 567->0(568)
[21.190s][info][gc,heap     ] GC(20) Survivor regions: 47->46(77)
[21.190s][info][gc,heap     ] GC(20) Old regions: 106->115
[21.190s][info][gc,heap     ] GC(20) Humongous regions: 66->37
[21.190s][info][gc,metaspace] GC(20) Metaspace: 1492K(1600K)->1492K(1600K) NonClass: 1374K(1408K)->1374K(1408K) Class: 117K(192K)->117K(192K)
[21.190s][info][gc          ] GC(20) Pause Young (Normal) (G1 Evacuation Pause) 786M->197M(1024M) 25.143ms
[21.190s][info][gc,cpu      ] GC(20) User=0.17s Sys=0.00s Real=0.02s
[22.366s][info][gc,start    ] GC(21) Pause Young (Normal) (G1 Evacuation Pause)
[22.366s][info][gc,task     ] GC(21) Using 10 workers of 10 for evacuation
[22.391s][info][gc,phases   ] GC(21)   Pre Evacuate Collection Set: 0.3ms
[22.391s][info][gc,phases   ] GC(21)   Merge Heap Roots: 0.5ms
[22.391s][info][gc,phases   ] GC(21)   Evacuate Collection Set: 23.0ms
[22.391s][info][gc,phases   ] GC(21)   Post Evacuate Collection Set: 0.8ms
[22.391s][info][gc,phases   ] GC(21)   Other: 0.1ms
[22.391s][info][gc,heap     ] GC(21) Eden regions: 568->0(569)
[22.391s][info][gc,heap     ] GC(21) Survivor regions: 46->45(77)
[22.391s][info][gc,heap     ] GC(21) Old regions: 115->123
[22.391s][info][gc,heap     ] GC(21) Humongous regions: 63->37
[22.391s][info][gc,metaspace] GC(21) Metaspace: 1492K(1600K)->1492K(1600K) NonClass: 1374K(1408K)->1374K(1408K) Class: 117K(192K)->117K(192K)
[22.391s][info][gc          ] GC(21) Pause Young (Normal) (G1 Evacuation Pause) 791M->204M(1024M) 24.928ms
[22.391s][info][gc,cpu      ] GC(21) User=0.17s Sys=0.00s Real=0.02s
[23.616s][info][gc,start    ] GC(22) Pause Young (Normal) (G1 Evacuation Pause)
[23.616s][info][gc,task     ] GC(22) Using 10 workers of 10 for evacuation
[23.646s][info][gc,phases   ] GC(22)   Pre Evacuate Collection Set: 0.2ms
[23.646s][info][gc,phases   ] GC(22)   Merge Heap Roots: 0.5ms
[23.646s][info][gc,phases   ] GC(22)   Evacuate Collection Set: 28.2ms
[23.646s][info][gc,phases   ] GC(22)   Post Evacuate Collection Set: 1.0ms
[23.646s][info][gc,phases   ] GC(22)   Other: 0.1ms
[23.646s][info][gc,heap     ] GC(22) Eden regions: 569->0(568)
[23.646s][info][gc,heap     ] GC(22) Survivor regions: 45->46(77)
[23.646s][info][gc,heap     ] GC(22) Old regions: 123->131
[23.646s][info][gc,heap     ] GC(22) Humongous regions: 84->37
[23.646s][info][gc,metaspace] GC(22) Metaspace: 1492K(1600K)->1492K(1600K) NonClass: 1374K(1408K)->1374K(1408K) Class: 117K(192K)->117K(192K)
[23.646s][info][gc          ] GC(22) Pause Young (Normal) (G1 Evacuation Pause) 820M->213M(1024M) 30.229ms
[23.646s][info][gc,cpu      ] GC(22) User=0.16s Sys=0.00s Real=0.03s
[24.979s][info][gc,start    ] GC(23) Pause Young (Normal) (G1 Evacuation Pause)
[24.979s][info][gc,task     ] GC(23) Using 10 workers of 10 for evacuation
[25.008s][info][gc,phases   ] GC(23)   Pre Evacuate Collection Set: 0.2ms
[25.008s][info][gc,phases   ] GC(23)   Merge Heap Roots: 0.5ms
[25.008s][info][gc,phases   ] GC(23)   Evacuate Collection Set: 27.3ms
[25.008s][info][gc,phases   ] GC(23)   Post Evacuate Collection Set: 0.9ms
[25.008s][info][gc,phases   ] GC(23)   Other: 0.1ms
[25.008s][info][gc,heap     ] GC(23) Eden regions: 568->0(568)
[25.008s][info][gc,heap     ] GC(23) Survivor regions: 46->46(77)
[25.008s][info][gc,heap     ] GC(23) Old regions: 131->139
[25.008s][info][gc,heap     ] GC(23) Humongous regions: 68->37
[25.008s][info][gc,metaspace] GC(23) Metaspace: 1492K(1600K)->1492K(1600K) NonClass: 1375K(1408K)->1375K(1408K) Class: 117K(192K)->117K(192K)
[25.008s][info][gc          ] GC(23) Pause Young (Normal) (G1 Evacuation Pause) 812M->221M(1024M) 29.235ms
[25.008s][info][gc,cpu      ] GC(23) User=0.12s Sys=0.00s Real=0.03s
[26.211s][info][gc,start    ] GC(24) Pause Young (Normal) (G1 Evacuation Pause)
[26.212s][info][gc,task     ] GC(24) Using 10 workers of 10 for evacuation
[26.241s][info][gc,phases   ] GC(24)   Pre Evacuate Collection Set: 0.2ms
[26.241s][info][gc,phases   ] GC(24)   Merge Heap Roots: 0.5ms
[26.241s][info][gc,phases   ] GC(24)   Evacuate Collection Set: 27.9ms
[26.241s][info][gc,phases   ] GC(24)   Post Evacuate Collection Set: 0.8ms
[26.241s][info][gc,phases   ] GC(24)   Other: 0.1ms
[26.241s][info][gc,heap     ] GC(24) Eden regions: 568->0(570)
[26.241s][info][gc,heap     ] GC(24) Survivor regions: 46->44(77)
[26.241s][info][gc,heap     ] GC(24) Old regions: 139->147
[26.241s][info][gc,heap     ] GC(24) Humongous regions: 53->37
[26.241s][info][gc,metaspace] GC(24) Metaspace: 1492K(1600K)->1492K(1600K) NonClass: 1375K(1408K)->1375K(1408K) Class: 117K(192K)->117K(192K)
[26.241s][info][gc          ] GC(24) Pause Young (Normal) (G1 Evacuation Pause) 805M->227M(1024M) 29.755ms
[26.241s][info][gc,cpu      ] GC(24) User=0.09s Sys=0.00s Real=0.03s
[27.425s][info][gc,start    ] GC(25) Pause Young (Normal) (G1 Evacuation Pause)
[27.425s][info][gc,task     ] GC(25) Using 10 workers of 10 for evacuation
[27.452s][info][gc,phases   ] GC(25)   Pre Evacuate Collection Set: 0.4ms
[27.452s][info][gc,phases   ] GC(25)   Merge Heap Roots: 0.6ms
[27.452s][info][gc,phases   ] GC(25)   Evacuate Collection Set: 25.1ms
[27.452s][info][gc,phases   ] GC(25)   Post Evacuate Collection Set: 0.9ms
[27.452s][info][gc,phases   ] GC(25)   Other: 0.1ms
[27.452s][info][gc,heap     ] GC(25) Eden regions: 570->0(570)
[27.452s][info][gc,heap     ] GC(25) Survivor regions: 44->44(77)
[27.452s][info][gc,heap     ] GC(25) Old regions: 147->155
[27.452s][info][gc,heap     ] GC(25) Humongous regions: 61->37
[27.452s][info][gc,metaspace] GC(25) Metaspace: 1492K(1600K)->1492K(1600K) NonClass: 1375K(1408K)->1375K(1408K) Class: 117K(192K)->117K(192K)
[27.452s][info][gc          ] GC(25) Pause Young (Normal) (G1 Evacuation Pause) 821M->235M(1024M) 27.165ms
[27.452s][info][gc,cpu      ] GC(25) User=0.16s Sys=0.00s Real=0.03s
[28.692s][info][gc,start    ] GC(26) Pause Young (Normal) (G1 Evacuation Pause)
[28.692s][info][gc,task     ] GC(26) Using 10 workers of 10 for evacuation
[28.718s][info][gc,phases   ] GC(26)   Pre Evacuate Collection Set: 0.5ms
[28.718s][info][gc,phases   ] GC(26)   Merge Heap Roots: 0.5ms
[28.718s][info][gc,phases   ] GC(26)   Evacuate Collection Set: 24.6ms
[28.719s][info][gc,phases   ] GC(26)   Post Evacuate Collection Set: 1.0ms
[28.719s][info][gc,phases   ] GC(26)   Other: 0.1ms
[28.719s][info][gc,heap     ] GC(26) Eden regions: 570->0(570)
[28.719s][info][gc,heap     ] GC(26) Survivor regions: 44->44(77)
[28.719s][info][gc,heap     ] GC(26) Old regions: 155->163
[28.719s][info][gc,heap     ] GC(26) Humongous regions: 58->37
[28.719s][info][gc,metaspace] GC(26) Metaspace: 1492K(1600K)->1492K(1600K) NonClass: 1375K(1408K)->1375K(1408K) Class: 117K(192K)->117K(192K)
[28.719s][info][gc          ] GC(26) Pause Young (Normal) (G1 Evacuation Pause) 826M->242M(1024M) 26.915ms
[28.719s][info][gc,cpu      ] GC(26) User=0.17s Sys=0.00s Real=0.03s
[29.918s][info][gc,start    ] GC(27) Pause Young (Normal) (G1 Evacuation Pause)
[29.918s][info][gc,task     ] GC(27) Using 10 workers of 10 for evacuation
[29.948s][info][gc,phases   ] GC(27)   Pre Evacuate Collection Set: 0.2ms
[29.948s][info][gc,phases   ] GC(27)   Merge Heap Roots: 0.5ms
[29.948s][info][gc,phases   ] GC(27)   Evacuate Collection Set: 28.4ms
[29.948s][info][gc,phases   ] GC(27)   Post Evacuate Collection Set: 1.1ms
[29.948s][info][gc,phases   ] GC(27)   Other: 0.1ms
[29.948s][info][gc,heap     ] GC(27) Eden regions: 570->0(570)
[29.948s][info][gc,heap     ] GC(27) Survivor regions: 44->44(77)
[29.948s][info][gc,heap     ] GC(27) Old regions: 163->170
[29.948s][info][gc,heap     ] GC(27) Humongous regions: 60->37
[29.948s][info][gc,metaspace] GC(27) Metaspace: 1492K(1600K)->1492K(1600K) NonClass: 1375K(1408K)->1375K(1408K) Class: 117K(192K)->117K(192K)
[29.948s][info][gc          ] GC(27) Pause Young (Normal) (G1 Evacuation Pause) 835M->250M(1024M) 30.563ms
[29.948s][info][gc,cpu      ] GC(27) User=0.19s Sys=0.00s Real=0.03s
[31.205s][info][gc,start    ] GC(28) Pause Young (Normal) (G1 Evacuation Pause)
[31.205s][info][gc,task     ] GC(28) Using 10 workers of 10 for evacuation
[31.234s][info][gc,phases   ] GC(28)   Pre Evacuate Collection Set: 0.4ms
[31.234s][info][gc,phases   ] GC(28)   Merge Heap Roots: 0.5ms
[31.234s][info][gc,phases   ] GC(28)   Evacuate Collection Set: 26.4ms
[31.234s][info][gc,phases   ] GC(28)   Post Evacuate Collection Set: 1.0ms
[31.234s][info][gc,phases   ] GC(28)   Other: 0.1ms
[31.234s][info][gc,heap     ] GC(28) Eden regions: 570->0(570)
[31.234s][info][gc,heap     ] GC(28) Survivor regions: 44->44(77)
[31.234s][info][gc,heap     ] GC(28) Old regions: 170->178
[31.234s][info][gc,heap     ] GC(28) Humongous regions: 73->37
[31.234s][info][gc,metaspace] GC(28) Metaspace: 1492K(1600K)->1492K(1600K) NonClass: 1375K(1408K)->1375K(1408K) Class: 117K(192K)->117K(192K)
[31.234s][info][gc          ] GC(28) Pause Young (Normal) (G1 Evacuation Pause) 856M->258M(1024M) 28.645ms
[31.234s][info][gc,cpu      ] GC(28) User=0.17s Sys=0.00s Real=0.03s
[32.409s][info][gc,start    ] GC(29) Pause Young (Normal) (G1 Evacuation Pause)
[32.409s][info][gc,task     ] GC(29) Using 10 workers of 10 for evacuation
[32.436s][info][gc,phases   ] GC(29)   Pre Evacuate Collection Set: 0.4ms
[32.437s][info][gc,phases   ] GC(29)   Merge Heap Roots: 0.6ms
[32.437s][info][gc,phases   ] GC(29)   Evacuate Collection Set: 25.3ms
[32.437s][info][gc,phases   ] GC(29)   Post Evacuate Collection Set: 1.1ms
[32.437s][info][gc,phases   ] GC(29)   Other: 0.1ms
[32.437s][info][gc,heap     ] GC(29) Eden regions: 570->0(571)
[32.437s][info][gc,heap     ] GC(29) Survivor regions: 44->43(77)
[32.437s][info][gc,heap     ] GC(29) Old regions: 178->186
[32.437s][info][gc,heap     ] GC(29) Humongous regions: 60->37
[32.437s][info][gc,metaspace] GC(29) Metaspace: 1492K(1600K)->1492K(1600K) NonClass: 1375K(1408K)->1375K(1408K) Class: 117K(192K)->117K(192K)
[32.437s][info][gc          ] GC(29) Pause Young (Normal) (G1 Evacuation Pause) 851M->265M(1024M) 27.682ms
[32.437s][info][gc,cpu      ] GC(29) User=0.16s Sys=0.00s Real=0.03s
[33.630s][info][gc,start    ] GC(30) Pause Young (Normal) (G1 Evacuation Pause)
[33.630s][info][gc,task     ] GC(30) Using 10 workers of 10 for evacuation
[33.658s][info][gc,phases   ] GC(30)   Pre Evacuate Collection Set: 0.4ms
[33.658s][info][gc,phases   ] GC(30)   Merge Heap Roots: 0.6ms
[33.658s][info][gc,phases   ] GC(30)   Evacuate Collection Set: 25.6ms
[33.658s][info][gc,phases   ] GC(30)   Post Evacuate Collection Set: 1.0ms
[33.658s][info][gc,phases   ] GC(30)   Other: 0.1ms
[33.658s][info][gc,heap     ] GC(30) Eden regions: 571->0(570)
[33.658s][info][gc,heap     ] GC(30) Survivor regions: 43->44(77)
[33.658s][info][gc,heap     ] GC(30) Old regions: 186->193
[33.658s][info][gc,heap     ] GC(30) Humongous regions: 55->37
[33.658s][info][gc,metaspace] GC(30) Metaspace: 1492K(1600K)->1492K(1600K) NonClass: 1375K(1408K)->1375K(1408K) Class: 117K(192K)->117K(192K)
[33.658s][info][gc          ] GC(30) Pause Young (Normal) (G1 Evacuation Pause) 854M->273M(1024M) 27.967ms
[33.658s][info][gc,cpu      ] GC(30) User=0.17s Sys=0.00s Real=0.03s
[34.837s][info][gc,start    ] GC(31) Pause Young (Normal) (G1 Evacuation Pause)
[34.837s][info][gc,task     ] GC(31) Using 10 workers of 10 for evacuation
[34.865s][info][gc,phases   ] GC(31)   Pre Evacuate Collection Set: 0.4ms
[34.866s][info][gc,phases   ] GC(31)   Merge Heap Roots: 0.6ms
[34.866s][info][gc,phases   ] GC(31)   Evacuate Collection Set: 26.6ms
[34.866s][info][gc,phases   ] GC(31)   Post Evacuate Collection Set: 1.0ms
[34.866s][info][gc,phases   ] GC(31)   Other: 0.1ms
[34.866s][info][gc,heap     ] GC(31) Eden regions: 570->0(571)
[34.866s][info][gc,heap     ] GC(31) Survivor regions: 44->43(77)
[34.866s][info][gc,heap     ] GC(31) Old regions: 193->200
[34.866s][info][gc,heap     ] GC(31) Humongous regions: 64->37
[34.866s][info][gc,metaspace] GC(31) Metaspace: 1492K(1600K)->1492K(1600K) NonClass: 1375K(1408K)->1375K(1408K) Class: 117K(192K)->117K(192K)
[34.866s][info][gc          ] GC(31) Pause Young (Normal) (G1 Evacuation Pause) 870M->279M(1024M) 28.834ms
[34.866s][info][gc,cpu      ] GC(31) User=0.17s Sys=0.00s Real=0.03s
[36.043s][info][gc,start    ] GC(32) Pause Young (Normal) (G1 Evacuation Pause)
[36.043s][info][gc,task     ] GC(32) Using 10 workers of 10 for evacuation
[36.071s][info][gc,phases   ] GC(32)   Pre Evacuate Collection Set: 0.4ms
[36.071s][info][gc,phases   ] GC(32)   Merge Heap Roots: 0.6ms
[36.071s][info][gc,phases   ] GC(32)   Evacuate Collection Set: 26.1ms
[36.071s][info][gc,phases   ] GC(32)   Post Evacuate Collection Set: 0.9ms
[36.071s][info][gc,phases   ] GC(32)   Other: 0.1ms
[36.071s][info][gc,heap     ] GC(32) Eden regions: 571->0(571)
[36.071s][info][gc,heap     ] GC(32) Survivor regions: 43->43(77)
[36.071s][info][gc,heap     ] GC(32) Old regions: 200->208
[36.071s][info][gc,heap     ] GC(32) Humongous regions: 59->37
[36.071s][info][gc,metaspace] GC(32) Metaspace: 1492K(1600K)->1492K(1600K) NonClass: 1375K(1408K)->1375K(1408K) Class: 117K(192K)->117K(192K)
[36.071s][info][gc          ] GC(32) Pause Young (Normal) (G1 Evacuation Pause) 872M->287M(1024M) 28.402ms
[36.071s][info][gc,cpu      ] GC(32) User=0.16s Sys=0.00s Real=0.03s
[37.254s][info][gc,start    ] GC(33) Pause Young (Normal) (G1 Evacuation Pause)
[37.254s][info][gc,task     ] GC(33) Using 10 workers of 10 for evacuation
[37.282s][info][gc,phases   ] GC(33)   Pre Evacuate Collection Set: 0.4ms
[37.282s][info][gc,phases   ] GC(33)   Merge Heap Roots: 0.6ms
[37.282s][info][gc,phases   ] GC(33)   Evacuate Collection Set: 26.6ms
[37.282s][info][gc,phases   ] GC(33)   Post Evacuate Collection Set: 1.0ms
[37.282s][info][gc,phases   ] GC(33)   Other: 0.1ms
[37.282s][info][gc,heap     ] GC(33) Eden regions: 571->0(572)
[37.282s][info][gc,heap     ] GC(33) Survivor regions: 43->42(77)
[37.282s][info][gc,heap     ] GC(33) Old regions: 208->215
[37.282s][info][gc,heap     ] GC(33) Humongous regions: 57->37
[37.283s][info][gc,metaspace] GC(33) Metaspace: 1492K(1600K)->1492K(1600K) NonClass: 1375K(1408K)->1375K(1408K) Class: 117K(192K)->117K(192K)
[37.283s][info][gc          ] GC(33) Pause Young (Normal) (G1 Evacuation Pause) 878M->294M(1024M) 28.931ms
[37.283s][info][gc,cpu      ] GC(33) User=0.16s Sys=0.00s Real=0.03s
[38.472s][info][gc,start    ] GC(34) Pause Young (Normal) (G1 Evacuation Pause)
[38.472s][info][gc,task     ] GC(34) Using 10 workers of 10 for evacuation
[38.501s][info][gc,phases   ] GC(34)   Pre Evacuate Collection Set: 0.4ms
[38.501s][info][gc,phases   ] GC(34)   Merge Heap Roots: 0.6ms
[38.501s][info][gc,phases   ] GC(34)   Evacuate Collection Set: 26.9ms
[38.501s][info][gc,phases   ] GC(34)   Post Evacuate Collection Set: 1.0ms
[38.501s][info][gc,phases   ] GC(34)   Other: 0.1ms
[38.501s][info][gc,heap     ] GC(34) Eden regions: 572->0(573)
[38.501s][info][gc,heap     ] GC(34) Survivor regions: 42->41(77)
[38.501s][info][gc,heap     ] GC(34) Old regions: 215->223
[38.501s][info][gc,heap     ] GC(34) Humongous regions: 68->37
[38.501s][info][gc,metaspace] GC(34) Metaspace: 1492K(1600K)->1492K(1600K) NonClass: 1375K(1408K)->1375K(1408K) Class: 117K(192K)->117K(192K)
[38.501s][info][gc          ] GC(34) Pause Young (Normal) (G1 Evacuation Pause) 897M->300M(1024M) 29.151ms
[38.501s][info][gc,cpu      ] GC(34) User=0.17s Sys=0.00s Real=0.03s
[39.665s][info][gc,start    ] GC(35) Pause Young (Normal) (G1 Evacuation Pause)
[39.665s][info][gc,task     ] GC(35) Using 10 workers of 10 for evacuation
[39.694s][info][gc,phases   ] GC(35)   Pre Evacuate Collection Set: 0.3ms
[39.694s][info][gc,phases   ] GC(35)   Merge Heap Roots: 0.6ms
[39.694s][info][gc,phases   ] GC(35)   Evacuate Collection Set: 26.4ms
[39.694s][info][gc,phases   ] GC(35)   Post Evacuate Collection Set: 1.0ms
[39.694s][info][gc,phases   ] GC(35)   Other: 0.1ms
[39.694s][info][gc,heap     ] GC(35) Eden regions: 573->0(573)
[39.694s][info][gc,heap     ] GC(35) Survivor regions: 41->41(77)
[39.694s][info][gc,heap     ] GC(35) Old regions: 223->230
[39.694s][info][gc,heap     ] GC(35) Humongous regions: 47->37
[39.694s][info][gc,metaspace] GC(35) Metaspace: 1493K(1600K)->1493K(1600K) NonClass: 1375K(1408K)->1375K(1408K) Class: 117K(192K)->117K(192K)
[39.694s][info][gc          ] GC(35) Pause Young (Normal) (G1 Evacuation Pause) 883M->307M(1024M) 28.660ms
[39.694s][info][gc,cpu      ] GC(35) User=0.17s Sys=0.00s Real=0.03s
[40.866s][info][gc,start    ] GC(36) Pause Young (Normal) (G1 Evacuation Pause)
[40.866s][info][gc,task     ] GC(36) Using 10 workers of 10 for evacuation
[40.897s][info][gc,phases   ] GC(36)   Pre Evacuate Collection Set: 0.4ms
[40.897s][info][gc,phases   ] GC(36)   Merge Heap Roots: 0.6ms
[40.897s][info][gc,phases   ] GC(36)   Evacuate Collection Set: 29.0ms
[40.897s][info][gc,phases   ] GC(36)   Post Evacuate Collection Set: 0.9ms
[40.897s][info][gc,phases   ] GC(36)   Other: 0.1ms
[40.897s][info][gc,heap     ] GC(36) Eden regions: 573->0(566)
[40.897s][info][gc,heap     ] GC(36) Survivor regions: 41->48(77)
[40.897s][info][gc,heap     ] GC(36) Old regions: 230->230
[40.897s][info][gc,heap     ] GC(36) Humongous regions: 64->37
[40.897s][info][gc,metaspace] GC(36) Metaspace: 1493K(1600K)->1493K(1600K) NonClass: 1375K(1408K)->1375K(1408K) Class: 117K(192K)->117K(192K)
[40.897s][info][gc          ] GC(36) Pause Young (Normal) (G1 Evacuation Pause) 907M->314M(1024M) 31.217ms
[40.897s][info][gc,cpu      ] GC(36) User=0.16s Sys=0.00s Real=0.03s
[42.071s][info][gc,start    ] GC(37) Pause Young (Normal) (G1 Evacuation Pause)
[42.071s][info][gc,task     ] GC(37) Using 10 workers of 10 for evacuation
[42.102s][info][gc,phases   ] GC(37)   Pre Evacuate Collection Set: 0.4ms
[42.102s][info][gc,phases   ] GC(37)   Merge Heap Roots: 0.6ms
[42.102s][info][gc,phases   ] GC(37)   Evacuate Collection Set: 28.5ms
[42.102s][info][gc,phases   ] GC(37)   Post Evacuate Collection Set: 1.1ms
[42.102s][info][gc,phases   ] GC(37)   Other: 0.1ms
[42.102s][info][gc,heap     ] GC(37) Eden regions: 566->0(567)
[42.102s][info][gc,heap     ] GC(37) Survivor regions: 48->47(77)
[42.102s][info][gc,heap     ] GC(37) Old regions: 230->237
[42.102s][info][gc,heap     ] GC(37) Humongous regions: 70->37
[42.102s][info][gc,metaspace] GC(37) Metaspace: 1493K(1600K)->1493K(1600K) NonClass: 1375K(1408K)->1375K(1408K) Class: 117K(192K)->117K(192K)
[42.102s][info][gc          ] GC(37) Pause Young (Normal) (G1 Evacuation Pause) 913M->320M(1024M) 30.881ms
[42.102s][info][gc,cpu      ] GC(37) User=0.17s Sys=0.00s Real=0.03s
[43.411s][info][gc,start    ] GC(38) Pause Young (Normal) (G1 Evacuation Pause)
[43.411s][info][gc,task     ] GC(38) Using 10 workers of 10 for evacuation
[43.448s][info][gc,phases   ] GC(38)   Pre Evacuate Collection Set: 0.4ms
[43.448s][info][gc,phases   ] GC(38)   Merge Heap Roots: 1.3ms
[43.448s][info][gc,phases   ] GC(38)   Evacuate Collection Set: 33.8ms
[43.448s][info][gc,phases   ] GC(38)   Post Evacuate Collection Set: 1.2ms
[43.448s][info][gc,phases   ] GC(38)   Other: 0.1ms
[43.448s][info][gc,heap     ] GC(38) Eden regions: 567->0(566)
[43.448s][info][gc,heap     ] GC(38) Survivor regions: 47->46(77)
[43.448s][info][gc,heap     ] GC(38) Old regions: 237->244
[43.448s][info][gc,heap     ] GC(38) Humongous regions: 90->70
[43.448s][info][gc,metaspace] GC(38) Metaspace: 1494K(1600K)->1494K(1600K) NonClass: 1377K(1408K)->1377K(1408K) Class: 117K(192K)->117K(192K)
[43.448s][info][gc          ] GC(38) Pause Young (Normal) (G1 Evacuation Pause) 940M->359M(1024M) 36.977ms
[43.448s][info][gc,cpu      ] GC(38) User=0.28s Sys=0.00s Real=0.04s
[44.614s][info][gc,start    ] GC(39) Pause Young (Normal) (G1 Evacuation Pause)
[44.614s][info][gc,task     ] GC(39) Using 10 workers of 10 for evacuation
[44.645s][info][gc,phases   ] GC(39)   Pre Evacuate Collection Set: 0.4ms
[44.645s][info][gc,phases   ] GC(39)   Merge Heap Roots: 0.6ms
[44.645s][info][gc,phases   ] GC(39)   Evacuate Collection Set: 28.5ms
[44.645s][info][gc,phases   ] GC(39)   Post Evacuate Collection Set: 1.0ms
[44.645s][info][gc,phases   ] GC(39)   Other: 0.1ms
[44.645s][info][gc,heap     ] GC(39) Eden regions: 566->0(557)
[44.645s][info][gc,heap     ] GC(39) Survivor regions: 46->47(77)
[44.645s][info][gc,heap     ] GC(39) Old regions: 244->251
[44.645s][info][gc,heap     ] GC(39) Humongous regions: 92->70
[44.645s][info][gc,metaspace] GC(39) Metaspace: 1494K(1600K)->1494K(1600K) NonClass: 1377K(1408K)->1377K(1408K) Class: 117K(192K)->117K(192K)
[44.645s][info][gc          ] GC(39) Pause Young (Normal) (G1 Evacuation Pause) 947M->367M(1024M) 30.789ms
[44.645s][info][gc,cpu      ] GC(39) User=0.16s Sys=0.00s Real=0.03s
[45.783s][info][gc,start    ] GC(40) Pause Young (Normal) (G1 Evacuation Pause)
[45.783s][info][gc,task     ] GC(40) Using 10 workers of 10 for evacuation
[45.816s][info][gc,phases   ] GC(40)   Pre Evacuate Collection Set: 0.4ms
[45.816s][info][gc,phases   ] GC(40)   Merge Heap Roots: 0.6ms
[45.816s][info][gc,phases   ] GC(40)   Evacuate Collection Set: 30.2ms
[45.816s][info][gc,phases   ] GC(40)   Post Evacuate Collection Set: 0.9ms
[45.816s][info][gc,phases   ] GC(40)   Other: 0.1ms
[45.816s][info][gc,heap     ] GC(40) Eden regions: 557->0(552)
[45.816s][info][gc,heap     ] GC(40) Survivor regions: 47->46(76)
[45.816s][info][gc,heap     ] GC(40) Old regions: 251->258
[45.816s][info][gc,heap     ] GC(40) Humongous regions: 85->70
[45.816s][info][gc,metaspace] GC(40) Metaspace: 1494K(1600K)->1494K(1600K) NonClass: 1377K(1408K)->1377K(1408K) Class: 117K(192K)->117K(192K)
[45.816s][info][gc          ] GC(40) Pause Young (Normal) (G1 Evacuation Pause) 939M->373M(1024M) 32.562ms
[45.816s][info][gc,cpu      ] GC(40) User=0.17s Sys=0.00s Real=0.03s
[47.090s][info][gc,start    ] GC(41) Pause Young (Normal) (G1 Evacuation Pause)
[47.090s][info][gc,task     ] GC(41) Using 10 workers of 10 for evacuation
[47.122s][info][gc,phases   ] GC(41)   Pre Evacuate Collection Set: 0.4ms
[47.122s][info][gc,phases   ] GC(41)   Merge Heap Roots: 0.5ms
[47.122s][info][gc,phases   ] GC(41)   Evacuate Collection Set: 29.2ms
[47.122s][info][gc,phases   ] GC(41)   Post Evacuate Collection Set: 1.1ms
[47.122s][info][gc,phases   ] GC(41)   Other: 0.1ms
[47.122s][info][gc,heap     ] GC(41) Eden regions: 552->0(547)
[47.122s][info][gc,heap     ] GC(41) Survivor regions: 46->45(75)
[47.122s][info][gc,heap     ] GC(41) Old regions: 258->265
[47.122s][info][gc,heap     ] GC(41) Humongous regions: 91->70
[47.122s][info][gc,metaspace] GC(41) Metaspace: 1494K(1600K)->1494K(1600K) NonClass: 1377K(1408K)->1377K(1408K) Class: 117K(192K)->117K(192K)
[47.122s][info][gc          ] GC(41) Pause Young (Normal) (G1 Evacuation Pause) 946M->379M(1024M) 31.539ms
[47.122s][info][gc,cpu      ] GC(41) User=0.16s Sys=0.00s Real=0.03s
[48.358s][info][gc,start    ] GC(42) Pause Young (Normal) (G1 Evacuation Pause)
[48.358s][info][gc,task     ] GC(42) Using 10 workers of 10 for evacuation
[48.389s][info][gc,phases   ] GC(42)   Pre Evacuate Collection Set: 0.4ms
[48.390s][info][gc,phases   ] GC(42)   Merge Heap Roots: 0.5ms
[48.390s][info][gc,phases   ] GC(42)   Evacuate Collection Set: 29.6ms
[48.390s][info][gc,phases   ] GC(42)   Post Evacuate Collection Set: 1.0ms
[48.390s][info][gc,phases   ] GC(42)   Other: 0.1ms
[48.390s][info][gc,heap     ] GC(42) Eden regions: 547->0(540)
[48.390s][info][gc,heap     ] GC(42) Survivor regions: 45->45(74)
[48.390s][info][gc,heap     ] GC(42) Old regions: 265->272
[48.390s][info][gc,heap     ] GC(42) Humongous regions: 88->70
[48.390s][info][gc,metaspace] GC(42) Metaspace: 1494K(1600K)->1494K(1600K) NonClass: 1377K(1408K)->1377K(1408K) Class: 117K(192K)->117K(192K)
[48.390s][info][gc          ] GC(42) Pause Young (Normal) (G1 Evacuation Pause) 944M->385M(1024M) 31.804ms
[48.390s][info][gc,cpu      ] GC(42) User=0.17s Sys=0.00s Real=0.03s
[49.579s][info][gc,start    ] GC(43) Pause Young (Normal) (G1 Evacuation Pause)
[49.579s][info][gc,task     ] GC(43) Using 10 workers of 10 for evacuation
[49.609s][info][gc,phases   ] GC(43)   Pre Evacuate Collection Set: 0.4ms
[49.609s][info][gc,phases   ] GC(43)   Merge Heap Roots: 0.6ms
[49.609s][info][gc,phases   ] GC(43)   Evacuate Collection Set: 28.1ms
[49.609s][info][gc,phases   ] GC(43)   Post Evacuate Collection Set: 0.9ms
[49.609s][info][gc,phases   ] GC(43)   Other: 0.1ms
[49.609s][info][gc,heap     ] GC(43) Eden regions: 540->0(536)
[49.609s][info][gc,heap     ] GC(43) Survivor regions: 45->44(74)
[49.609s][info][gc,heap     ] GC(43) Old regions: 272->278
[49.609s][info][gc,heap     ] GC(43) Humongous regions: 94->70
[49.609s][info][gc,metaspace] GC(43) Metaspace: 1494K(1600K)->1494K(1600K) NonClass: 1377K(1408K)->1377K(1408K) Class: 117K(192K)->117K(192K)
[49.609s][info][gc          ] GC(43) Pause Young (Normal) (G1 Evacuation Pause) 949M->391M(1024M) 30.226ms
[49.609s][info][gc,cpu      ] GC(43) User=0.17s Sys=0.00s Real=0.03s
[50.840s][info][gc,start    ] GC(44) Pause Young (Normal) (G1 Evacuation Pause)
[50.840s][info][gc,task     ] GC(44) Using 10 workers of 10 for evacuation
[50.873s][info][gc,phases   ] GC(44)   Pre Evacuate Collection Set: 0.3ms
[50.873s][info][gc,phases   ] GC(44)   Merge Heap Roots: 0.7ms
[50.873s][info][gc,phases   ] GC(44)   Evacuate Collection Set: 30.9ms
[50.873s][info][gc,phases   ] GC(44)   Post Evacuate Collection Set: 1.0ms
[50.873s][info][gc,phases   ] GC(44)   Other: 0.1ms
[50.873s][info][gc,heap     ] GC(44) Eden regions: 536->0(531)
[50.873s][info][gc,heap     ] GC(44) Survivor regions: 44->43(73)
[50.873s][info][gc,heap     ] GC(44) Old regions: 278->285
[50.873s][info][gc,heap     ] GC(44) Humongous regions: 84->70
[50.873s][info][gc,metaspace] GC(44) Metaspace: 1494K(1600K)->1494K(1600K) NonClass: 1377K(1408K)->1377K(1408K) Class: 117K(192K)->117K(192K)
[50.873s][info][gc          ] GC(44) Pause Young (Normal) (G1 Evacuation Pause) 941M->396M(1024M) 33.185ms
[50.873s][info][gc,cpu      ] GC(44) User=0.20s Sys=0.00s Real=0.03s
[52.032s][info][gc,start    ] GC(45) Pause Young (Normal) (G1 Evacuation Pause)
[52.032s][info][gc,task     ] GC(45) Using 10 workers of 10 for evacuation
[52.062s][info][gc,phases   ] GC(45)   Pre Evacuate Collection Set: 0.4ms
[52.062s][info][gc,phases   ] GC(45)   Merge Heap Roots: 0.6ms
[52.062s][info][gc,phases   ] GC(45)   Evacuate Collection Set: 28.1ms
[52.062s][info][gc,phases   ] GC(45)   Post Evacuate Collection Set: 1.2ms
[52.062s][info][gc,phases   ] GC(45)   Other: 0.1ms
[52.062s][info][gc,heap     ] GC(45) Eden regions: 531->0(525)
[52.062s][info][gc,heap     ] GC(45) Survivor regions: 43->43(72)
[52.062s][info][gc,heap     ] GC(45) Old regions: 285->291
[52.062s][info][gc,heap     ] GC(45) Humongous regions: 100->70
[52.062s][info][gc,metaspace] GC(45) Metaspace: 1495K(1600K)->1495K(1600K) NonClass: 1377K(1408K)->1377K(1408K) Class: 117K(192K)->117K(192K)
[52.062s][info][gc          ] GC(45) Pause Young (Normal) (G1 Evacuation Pause) 957M->403M(1024M) 30.511ms
[52.062s][info][gc,cpu      ] GC(45) User=0.17s Sys=0.00s Real=0.03s
[53.145s][info][gc,start    ] GC(46) Pause Young (Normal) (G1 Evacuation Pause)
[53.145s][info][gc,task     ] GC(46) Using 10 workers of 10 for evacuation
[53.175s][info][gc,phases   ] GC(46)   Pre Evacuate Collection Set: 0.4ms
[53.175s][info][gc,phases   ] GC(46)   Merge Heap Roots: 0.6ms
[53.175s][info][gc,phases   ] GC(46)   Evacuate Collection Set: 28.4ms
[53.175s][info][gc,phases   ] GC(46)   Post Evacuate Collection Set: 1.1ms
[53.175s][info][gc,phases   ] GC(46)   Other: 0.1ms
[53.175s][info][gc,heap     ] GC(46) Eden regions: 525->0(520)
[53.175s][info][gc,heap     ] GC(46) Survivor regions: 43->42(71)
[53.175s][info][gc,heap     ] GC(46) Old regions: 291->298
[53.175s][info][gc,heap     ] GC(46) Humongous regions: 100->70
[53.175s][info][gc,metaspace] GC(46) Metaspace: 1495K(1600K)->1495K(1600K) NonClass: 1377K(1408K)->1377K(1408K) Class: 117K(192K)->117K(192K)
[53.175s][info][gc          ] GC(46) Pause Young (Normal) (G1 Evacuation Pause) 958M->409M(1024M) 30.744ms
[53.175s][info][gc,cpu      ] GC(46) User=0.14s Sys=0.00s Real=0.03s
[54.229s][info][gc,start    ] GC(47) Pause Young (Normal) (G1 Evacuation Pause)
[54.229s][info][gc,task     ] GC(47) Using 10 workers of 10 for evacuation
[54.260s][info][gc,phases   ] GC(47)   Pre Evacuate Collection Set: 0.4ms
[54.260s][info][gc,phases   ] GC(47)   Merge Heap Roots: 0.7ms
[54.260s][info][gc,phases   ] GC(47)   Evacuate Collection Set: 28.6ms
[54.260s][info][gc,phases   ] GC(47)   Post Evacuate Collection Set: 1.0ms
[54.260s][info][gc,phases   ] GC(47)   Other: 0.1ms
[54.260s][info][gc,heap     ] GC(47) Eden regions: 520->0(513)
[54.260s][info][gc,heap     ] GC(47) Survivor regions: 42->42(71)
[54.260s][info][gc,heap     ] GC(47) Old regions: 298->305
[54.260s][info][gc,heap     ] GC(47) Humongous regions: 90->70
[54.260s][info][gc,metaspace] GC(47) Metaspace: 1495K(1600K)->1495K(1600K) NonClass: 1377K(1408K)->1377K(1408K) Class: 117K(192K)->117K(192K)
[54.260s][info][gc          ] GC(47) Pause Young (Normal) (G1 Evacuation Pause) 949M->416M(1024M) 30.957ms
[54.260s][info][gc,cpu      ] GC(47) User=0.31s Sys=0.00s Real=0.03s
[55.300s][info][gc,start    ] GC(48) Pause Young (Normal) (G1 Evacuation Pause)
[55.300s][info][gc,task     ] GC(48) Using 10 workers of 10 for evacuation
[55.330s][info][gc,phases   ] GC(48)   Pre Evacuate Collection Set: 0.4ms
[55.330s][info][gc,phases   ] GC(48)   Merge Heap Roots: 0.6ms
[55.330s][info][gc,phases   ] GC(48)   Evacuate Collection Set: 28.0ms
[55.330s][info][gc,phases   ] GC(48)   Post Evacuate Collection Set: 0.9ms
[55.330s][info][gc,phases   ] GC(48)   Other: 0.1ms
[55.330s][info][gc,heap     ] GC(48) Eden regions: 513->0(511)
[55.330s][info][gc,heap     ] GC(48) Survivor regions: 42->40(70)
[55.330s][info][gc,heap     ] GC(48) Old regions: 305->311
[55.330s][info][gc,heap     ] GC(48) Humongous regions: 84->70
[55.330s][info][gc,metaspace] GC(48) Metaspace: 1495K(1600K)->1495K(1600K) NonClass: 1377K(1408K)->1377K(1408K) Class: 117K(192K)->117K(192K)
[55.330s][info][gc          ] GC(48) Pause Young (Normal) (G1 Evacuation Pause) 943M->420M(1024M) 30.212ms
[55.330s][info][gc,cpu      ] GC(48) User=0.17s Sys=0.00s Real=0.03s
[56.357s][info][gc,start    ] GC(49) Pause Young (Normal) (G1 Evacuation Pause)
[56.357s][info][gc,task     ] GC(49) Using 10 workers of 10 for evacuation
[56.386s][info][gc,phases   ] GC(49)   Pre Evacuate Collection Set: 0.3ms
[56.386s][info][gc,phases   ] GC(49)   Merge Heap Roots: 0.6ms
[56.386s][info][gc,phases   ] GC(49)   Evacuate Collection Set: 27.4ms
[56.386s][info][gc,phases   ] GC(49)   Post Evacuate Collection Set: 0.8ms
[56.386s][info][gc,phases   ] GC(49)   Other: 0.1ms
[56.386s][info][gc,heap     ] GC(49) Eden regions: 511->0(505)
[56.386s][info][gc,heap     ] GC(49) Survivor regions: 40->40(69)
[56.386s][info][gc,heap     ] GC(49) Old regions: 311->317
[56.386s][info][gc,heap     ] GC(49) Humongous regions: 82->70
[56.386s][info][gc,metaspace] GC(49) Metaspace: 1495K(1600K)->1495K(1600K) NonClass: 1377K(1408K)->1377K(1408K) Class: 117K(192K)->117K(192K)
[56.386s][info][gc          ] GC(49) Pause Young (Normal) (G1 Evacuation Pause) 943M->425M(1024M) 29.644ms
[56.386s][info][gc,cpu      ] GC(49) User=0.14s Sys=0.00s Real=0.03s
[57.372s][info][gc,start    ] GC(50) Pause Young (Normal) (G1 Evacuation Pause)
[57.372s][info][gc,task     ] GC(50) Using 10 workers of 10 for evacuation
[57.401s][info][gc,phases   ] GC(50)   Pre Evacuate Collection Set: 0.3ms
[57.401s][info][gc,phases   ] GC(50)   Merge Heap Roots: 0.6ms
[57.401s][info][gc,phases   ] GC(50)   Evacuate Collection Set: 26.4ms
[57.401s][info][gc,phases   ] GC(50)   Post Evacuate Collection Set: 1.0ms
[57.401s][info][gc,phases   ] GC(50)   Other: 0.1ms
[57.401s][info][gc,heap     ] GC(50) Eden regions: 505->0(506)
[57.401s][info][gc,heap     ] GC(50) Survivor regions: 40->37(69)
[57.401s][info][gc,heap     ] GC(50) Old regions: 317->322
[57.401s][info][gc,heap     ] GC(50) Humongous regions: 78->70
[57.401s][info][gc,metaspace] GC(50) Metaspace: 1495K(1600K)->1495K(1600K) NonClass: 1377K(1408K)->1377K(1408K) Class: 117K(192K)->117K(192K)
[57.401s][info][gc          ] GC(50) Pause Young (Normal) (G1 Evacuation Pause) 938M->429M(1024M) 28.629ms
[57.401s][info][gc,cpu      ] GC(50) User=0.16s Sys=0.00s Real=0.03s
[58.425s][info][gc,start    ] GC(51) Pause Young (Normal) (G1 Evacuation Pause)
[58.425s][info][gc,task     ] GC(51) Using 10 workers of 10 for evacuation
[58.454s][info][gc,phases   ] GC(51)   Pre Evacuate Collection Set: 0.4ms
[58.454s][info][gc,phases   ] GC(51)   Merge Heap Roots: 0.6ms
[58.454s][info][gc,phases   ] GC(51)   Evacuate Collection Set: 26.9ms
[58.454s][info][gc,phases   ] GC(51)   Post Evacuate Collection Set: 1.0ms
[58.454s][info][gc,phases   ] GC(51)   Other: 0.1ms
[58.454s][info][gc,heap     ] GC(51) Eden regions: 506->0(500)
[58.454s][info][gc,heap     ] GC(51) Survivor regions: 37->37(68)
[58.454s][info][gc,heap     ] GC(51) Old regions: 322->328
[58.454s][info][gc,heap     ] GC(51) Humongous regions: 84->70
[58.454s][info][gc,metaspace] GC(51) Metaspace: 1501K(1600K)->1501K(1600K) NonClass: 1383K(1408K)->1383K(1408K) Class: 117K(192K)->117K(192K)
[58.454s][info][gc          ] GC(51) Pause Young (Normal) (G1 Evacuation Pause) 949M->434M(1024M) 29.252ms
[58.454s][info][gc,cpu      ] GC(51) User=0.17s Sys=0.00s Real=0.03s
[59.468s][info][gc,start    ] GC(52) Pause Young (Normal) (G1 Evacuation Pause)
[59.469s][info][gc,task     ] GC(52) Using 10 workers of 10 for evacuation
[59.498s][info][gc,phases   ] GC(52)   Pre Evacuate Collection Set: 0.3ms
[59.498s][info][gc,phases   ] GC(52)   Merge Heap Roots: 0.6ms
[59.498s][info][gc,phases   ] GC(52)   Evacuate Collection Set: 27.1ms
[59.498s][info][gc,phases   ] GC(52)   Post Evacuate Collection Set: 1.1ms
[59.498s][info][gc,phases   ] GC(52)   Other: 0.1ms
[59.498s][info][gc,heap     ] GC(52) Eden regions: 500->0(494)
[59.498s][info][gc,heap     ] GC(52) Survivor regions: 37->37(68)
[59.498s][info][gc,heap     ] GC(52) Old regions: 328->334
[59.498s][info][gc,heap     ] GC(52) Humongous regions: 84->70
[59.498s][info][gc,metaspace] GC(52) Metaspace: 1501K(1600K)->1501K(1600K) NonClass: 1383K(1408K)->1383K(1408K) Class: 117K(192K)->117K(192K)
[59.498s][info][gc          ] GC(52) Pause Young (Normal) (G1 Evacuation Pause) 948M->440M(1024M) 29.482ms
[59.498s][info][gc,cpu      ] GC(52) User=0.17s Sys=0.00s Real=0.03s
[60.495s][info][gc,start    ] GC(53) Pause Young (Normal) (G1 Evacuation Pause)
[60.495s][info][gc,task     ] GC(53) Using 10 workers of 10 for evacuation
[60.524s][info][gc,phases   ] GC(53)   Pre Evacuate Collection Set: 0.3ms
[60.524s][info][gc,phases   ] GC(53)   Merge Heap Roots: 0.6ms
[60.524s][info][gc,phases   ] GC(53)   Evacuate Collection Set: 26.9ms
[60.524s][info][gc,phases   ] GC(53)   Post Evacuate Collection Set: 1.1ms
[60.524s][info][gc,phases   ] GC(53)   Other: 0.1ms
[60.524s][info][gc,heap     ] GC(53) Eden regions: 494->0(490)
[60.524s][info][gc,heap     ] GC(53) Survivor regions: 37->36(67)
[60.524s][info][gc,heap     ] GC(53) Old regions: 334->340
[60.524s][info][gc,heap     ] GC(53) Humongous regions: 80->70
[60.524s][info][gc,metaspace] GC(53) Metaspace: 1501K(1600K)->1501K(1600K) NonClass: 1383K(1408K)->1383K(1408K) Class: 117K(192K)->117K(192K)
[60.524s][info][gc          ] GC(53) Pause Young (Normal) (G1 Evacuation Pause) 944M->445M(1024M) 29.171ms
[60.524s][info][gc,cpu      ] GC(53) User=0.23s Sys=0.00s Real=0.03s
[61.515s][info][gc,start    ] GC(54) Pause Young (Normal) (G1 Evacuation Pause)
[61.515s][info][gc,task     ] GC(54) Using 10 workers of 10 for evacuation
[61.544s][info][gc,phases   ] GC(54)   Pre Evacuate Collection Set: 0.4ms
[61.544s][info][gc,phases   ] GC(54)   Merge Heap Roots: 0.6ms
[61.544s][info][gc,phases   ] GC(54)   Evacuate Collection Set: 26.6ms
[61.544s][info][gc,phases   ] GC(54)   Post Evacuate Collection Set: 1.0ms
[61.544s][info][gc,phases   ] GC(54)   Other: 0.1ms
[61.544s][info][gc,heap     ] GC(54) Eden regions: 490->0(484)
[61.544s][info][gc,heap     ] GC(54) Survivor regions: 36->39(66)
[61.544s][info][gc,heap     ] GC(54) Old regions: 340->340
[61.544s][info][gc,heap     ] GC(54) Humongous regions: 81->70
[61.544s][info][gc,metaspace] GC(54) Metaspace: 1502K(1600K)->1502K(1600K) NonClass: 1384K(1408K)->1384K(1408K) Class: 117K(192K)->117K(192K)
[61.544s][info][gc          ] GC(54) Pause Young (Normal) (G1 Evacuation Pause) 946M->448M(1024M) 28.831ms
[61.544s][info][gc,cpu      ] GC(54) User=0.16s Sys=0.00s Real=0.03s
[62.516s][info][gc,start    ] GC(55) Pause Young (Normal) (G1 Evacuation Pause)
[62.516s][info][gc,task     ] GC(55) Using 10 workers of 10 for evacuation
[62.546s][info][gc,phases   ] GC(55)   Pre Evacuate Collection Set: 0.3ms
[62.546s][info][gc,phases   ] GC(55)   Merge Heap Roots: 0.6ms
[62.546s][info][gc,phases   ] GC(55)   Evacuate Collection Set: 28.0ms
[62.546s][info][gc,phases   ] GC(55)   Post Evacuate Collection Set: 1.0ms
[62.546s][info][gc,phases   ] GC(55)   Other: 0.1ms
[62.546s][info][gc,heap     ] GC(55) Eden regions: 484->0(480)
[62.546s][info][gc,heap     ] GC(55) Survivor regions: 39->38(66)
[62.546s][info][gc,heap     ] GC(55) Old regions: 340->346
[62.546s][info][gc,heap     ] GC(55) Humongous regions: 80->70
[62.546s][info][gc,metaspace] GC(55) Metaspace: 1502K(1600K)->1502K(1600K) NonClass: 1384K(1408K)->1384K(1408K) Class: 117K(192K)->117K(192K)
[62.546s][info][gc          ] GC(55) Pause Young (Normal) (G1 Evacuation Pause) 942M->453M(1024M) 30.255ms
[62.546s][info][gc,cpu      ] GC(55) User=0.17s Sys=0.00s Real=0.03s
[63.608s][info][gc,start    ] GC(56) Pause Young (Concurrent Start) (G1 Humongous Allocation)
[63.608s][info][gc,task     ] GC(56) Using 10 workers of 10 for evacuation
[63.661s][info][gc,phases   ] GC(56)   Pre Evacuate Collection Set: 0.4ms
[63.661s][info][gc,phases   ] GC(56)   Merge Heap Roots: 0.8ms
[63.661s][info][gc,phases   ] GC(56)   Evacuate Collection Set: 50.3ms
[63.661s][info][gc,phases   ] GC(56)   Post Evacuate Collection Set: 1.0ms
[63.661s][info][gc,phases   ] GC(56)   Other: 0.2ms
[63.661s][info][gc,heap     ] GC(56) Eden regions: 113->0(387)
[63.661s][info][gc,heap     ] GC(56) Survivor regions: 38->63(65)
[63.661s][info][gc,heap     ] GC(56) Old regions: 346->351
[63.661s][info][gc,heap     ] GC(56) Humongous regions: 108->108
[63.661s][info][gc,metaspace] GC(56) Metaspace: 1624K(1792K)->1624K(1792K) NonClass: 1491K(1600K)->1491K(1600K) Class: 132K(192K)->132K(192K)
[63.661s][info][gc          ] GC(56) Pause Young (Concurrent Start) (G1 Humongous Allocation) 603M->521M(1024M) 52.858ms
[63.661s][info][gc,cpu      ] GC(56) User=0.41s Sys=0.00s Real=0.05s
[63.661s][info][gc          ] GC(57) Concurrent Undo Cycle
[63.661s][info][gc,marking  ] GC(57) Concurrent Clear Claimed Marks
[63.661s][info][gc,marking  ] GC(57) Concurrent Clear Claimed Marks 0.017ms
[63.661s][info][gc,marking  ] GC(57) Concurrent Cleanup for Next Mark
[63.661s][info][gc,marking  ] GC(57) Concurrent Cleanup for Next Mark 0.187ms
[63.662s][info][gc          ] GC(57) Concurrent Undo Cycle 0.312ms
[63.780s][info][gc,start    ] GC(58) Pause Young (Concurrent Start) (G1 Humongous Allocation)
[63.780s][info][gc,task     ] GC(58) Using 10 workers of 10 for evacuation
[63.842s][info][gc,phases   ] GC(58)   Pre Evacuate Collection Set: 0.4ms
[63.842s][info][gc,phases   ] GC(58)   Merge Heap Roots: 0.8ms
[63.842s][info][gc,phases   ] GC(58)   Evacuate Collection Set: 59.7ms
[63.842s][info][gc,phases   ] GC(58)   Post Evacuate Collection Set: 0.7ms
[63.842s][info][gc,phases   ] GC(58)   Other: 0.2ms
[63.842s][info][gc,heap     ] GC(58) Eden regions: 31->0(268)
[63.842s][info][gc,heap     ] GC(58) Survivor regions: 63->32(57)
[63.842s][info][gc,heap     ] GC(58) Old regions: 351->415
[63.842s][info][gc,heap     ] GC(58) Humongous regions: 117->117
[63.842s][info][gc,metaspace] GC(58) Metaspace: 1624K(1792K)->1624K(1792K) NonClass: 1491K(1600K)->1491K(1600K) Class: 132K(192K)->132K(192K)
[63.842s][info][gc          ] GC(58) Pause Young (Concurrent Start) (G1 Humongous Allocation) 561M->563M(1024M) 62.062ms
[63.842s][info][gc,cpu      ] GC(58) User=0.48s Sys=0.00s Real=0.06s
[63.843s][info][gc          ] GC(59) Concurrent Mark Cycle
[63.843s][info][gc,marking  ] GC(59) Concurrent Scan Root Regions
[63.908s][info][gc,marking  ] GC(59) Concurrent Scan Root Regions 65.685ms
[63.908s][info][gc,marking  ] GC(59) Concurrent Mark
[63.908s][info][gc,marking  ] GC(59) Concurrent Mark From Roots
[63.908s][info][gc,task     ] GC(59) Using 3 workers of 3 for marking
[64.212s][info][gc,marking  ] GC(59) Concurrent Mark From Roots 303.335ms
[64.212s][info][gc,marking  ] GC(59) Concurrent Preclean
[64.212s][info][gc,marking  ] GC(59) Concurrent Preclean 0.019ms
[64.212s][info][gc,start    ] GC(59) Pause Remark
[64.214s][info][gc          ] GC(59) Pause Remark 692M->633M(1057M) 2.568ms
[64.214s][info][gc,cpu      ] GC(59) User=0.00s Sys=0.00s Real=0.00s
[64.215s][info][gc,marking  ] GC(59) Concurrent Mark 306.212ms
[64.215s][info][gc,marking  ] GC(59) Concurrent Rebuild Remembered Sets and Scrub Regions
[64.288s][info][gc,marking  ] GC(59) Concurrent Rebuild Remembered Sets and Scrub Regions 73.079ms
[64.288s][info][gc,marking  ] GC(59) Concurrent Mark Abort
[64.288s][info][gc          ] GC(59) Concurrent Mark Cycle 445.180ms
[64.288s][info][gc,heap,exit] Heap
[64.288s][info][gc,heap,exit]  garbage-first heap   total 1082368K, used 669589K [0x0000000080000000, 0x0000000100000000)
[64.288s][info][gc,heap,exit]   region size 1024K, 132 young (135168K), 32 survivors (32768K)
[64.288s][info][gc,heap,exit]  Metaspace       used 1717K, committed 1856K, reserved 1114112K
[64.288s][info][gc,heap,exit]   class space    used 145K, committed 192K, reserved 1048576K
