[0.013s][info][gc,init] CardTable entry size: 512
[0.013s][info][gc     ] Using Parallel
[0.016s][info][gc,init] Version: 21.0.5+9-LTS-239 (release)
[0.016s][info][gc,init] CPUs: 12 total, 12 available
[0.016s][info][gc,init] Memory: 16263M
[0.016s][info][gc,init] Large Page Support: Disabled
[0.016s][info][gc,init] NUMA Support: Disabled
[0.017s][info][gc,init] Compressed Oops: Enabled (32-bit)
[0.017s][info][gc,init] Alignments: Space 512K, Generation 512K, Heap 2M
[0.017s][info][gc,init] Heap Min Capacity: 1G
[0.017s][info][gc,init] Heap Initial Capacity: 1G
[0.017s][info][gc,init] Heap Max Capacity: 2G
[0.017s][info][gc,init] Pre-touch: Disabled
[0.017s][info][gc,init] Parallel Workers: 10
[0.026s][info][gc,metaspace] CDS archive(s) mapped at: [0x0000023600000000-0x0000023600c90000-0x0000023600c90000), size 13172736, SharedBaseAddress: 0x0000023600000000, ArchiveRelocationMode: 1.
[0.026s][info][gc,metaspace] Compressed class space mapped at: 0x0000023601000000-0x0000023641000000, reserved size: 1073741824
[0.026s][info][gc,metaspace] Narrow klass base: 0x0000023600000000, Narrow klass shift: 0, Narrow klass range: 0x100000000
[0.806s][info][gc,start    ] GC(0) Pause Young (Allocation Failure)
[0.824s][info][gc,heap     ] GC(0) PSYoungGen: 262144K(305664K)->10975K(305664K) Eden: 262144K(262144K)->0K(262144K) From: 0K(43520K)->10975K(43520K)
[0.824s][info][gc,heap     ] GC(0) ParOldGen: 0K(699392K)->72K(699392K)
[0.824s][info][gc,metaspace] GC(0) Metaspace: 1471K(1600K)->1471K(1600K) NonClass: 1353K(1408K)->1353K(1408K) Class: 117K(192K)->117K(192K)
[0.824s][info][gc          ] GC(0) Pause Young (Allocation Failure) 256M->10M(981M) 18.376ms
[0.824s][info][gc,cpu      ] GC(0) User=0.00s Sys=0.00s Real=0.02s
[1.237s][info][gc,start    ] GC(1) Pause Young (Allocation Failure)
[1.245s][info][gc,heap     ] GC(1) PSYoungGen: 273119K(305664K)->19074K(567808K) Eden: 262144K(262144K)->0K(524288K) From: 10975K(43520K)->19074K(43520K)
[1.245s][info][gc,heap     ] GC(1) ParOldGen: 72K(699392K)->80K(699392K)
[1.245s][info][gc,metaspace] GC(1) Metaspace: 1481K(1600K)->1481K(1600K) NonClass: 1363K(1408K)->1363K(1408K) Class: 117K(192K)->117K(192K)
[1.245s][info][gc          ] GC(1) Pause Young (Allocation Failure) 266M->18M(1237M) 8.608ms
[1.245s][info][gc,cpu      ] GC(1) User=0.00s Sys=0.00s Real=0.01s
[2.138s][info][gc,start    ] GC(2) Pause Young (Allocation Failure)
[2.152s][info][gc,heap     ] GC(2) PSYoungGen: 543362K(567808K)->29748K(567808K) Eden: 524288K(524288K)->0K(524288K) From: 19074K(43520K)->29748K(43520K)
[2.152s][info][gc,heap     ] GC(2) ParOldGen: 80K(699392K)->88K(699392K)
[2.152s][info][gc,metaspace] GC(2) Metaspace: 1482K(1600K)->1482K(1600K) NonClass: 1365K(1408K)->1365K(1408K) Class: 117K(192K)->117K(192K)
[2.152s][info][gc          ] GC(2) Pause Young (Allocation Failure) 530M->29M(1237M) 13.964ms
[2.152s][info][gc,cpu      ] GC(2) User=0.00s Sys=0.00s Real=0.01s
[2.903s][info][gc,start    ] GC(3) Pause Young (Allocation Failure)
[2.923s][info][gc,heap     ] GC(3) PSYoungGen: 554036K(567808K)->41970K(655360K) Eden: 524288K(524288K)->0K(611840K) From: 29748K(43520K)->41970K(43520K)
[2.923s][info][gc,heap     ] GC(3) ParOldGen: 88K(699392K)->96K(699392K)
[2.923s][info][gc,metaspace] GC(3) Metaspace: 1482K(1600K)->1482K(1600K) NonClass: 1365K(1408K)->1365K(1408K) Class: 117K(192K)->117K(192K)
[2.923s][info][gc          ] GC(3) Pause Young (Allocation Failure) 541M->41M(1323M) 19.897ms
[2.923s][info][gc,cpu      ] GC(3) User=0.12s Sys=0.02s Real=0.02s
[3.827s][info][gc,start    ] GC(4) Pause Young (Allocation Failure)
[3.852s][info][gc,heap     ] GC(4) PSYoungGen: 653810K(655360K)->43488K(655360K) Eden: 611840K(611840K)->0K(611840K) From: 41970K(43520K)->43488K(43520K)
[3.852s][info][gc,heap     ] GC(4) ParOldGen: 96K(699392K)->9384K(699392K)
[3.852s][info][gc,metaspace] GC(4) Metaspace: 1482K(1600K)->1482K(1600K) NonClass: 1365K(1408K)->1365K(1408K) Class: 117K(192K)->117K(192K)
[3.852s][info][gc          ] GC(4) Pause Young (Allocation Failure) 638M->51M(1323M) 25.135ms
[3.852s][info][gc,cpu      ] GC(4) User=0.14s Sys=0.00s Real=0.03s
[4.734s][info][gc,start    ] GC(5) Pause Young (Allocation Failure)
[4.760s][info][gc,heap     ] GC(5) PSYoungGen: 655328K(655360K)->43508K(602112K) Eden: 611840K(611840K)->0K(558592K) From: 43488K(43520K)->43508K(43520K)
[4.760s][info][gc,heap     ] GC(5) ParOldGen: 9384K(699392K)->19544K(699392K)
[4.760s][info][gc,metaspace] GC(5) Metaspace: 1482K(1600K)->1482K(1600K) NonClass: 1365K(1408K)->1365K(1408K) Class: 117K(192K)->117K(192K)
[4.760s][info][gc          ] GC(5) Pause Young (Allocation Failure) 649M->61M(1271M) 25.976ms
[4.760s][info][gc,cpu      ] GC(5) User=0.05s Sys=0.00s Real=0.03s
[5.567s][info][gc,start    ] GC(6) Pause Young (Allocation Failure)
[5.587s][info][gc,heap     ] GC(6) PSYoungGen: 602100K(602112K)->41418K(628736K) Eden: 558592K(558592K)->0K(558592K) From: 43508K(43520K)->41418K(70144K)
[5.587s][info][gc,heap     ] GC(6) ParOldGen: 19544K(699392K)->30392K(699392K)
[5.587s][info][gc,metaspace] GC(6) Metaspace: 1482K(1600K)->1482K(1600K) NonClass: 1365K(1408K)->1365K(1408K) Class: 117K(192K)->117K(192K)
[5.587s][info][gc          ] GC(6) Pause Young (Allocation Failure) 607M->70M(1297M) 20.220ms
[5.587s][info][gc,cpu      ] GC(6) User=0.08s Sys=0.00s Real=0.02s
[6.479s][info][gc,start    ] GC(7) Pause Young (Allocation Failure)
[6.506s][info][gc,heap     ] GC(7) PSYoungGen: 600010K(628736K)->40111K(624128K) Eden: 558592K(558592K)->0K(560128K) From: 41418K(70144K)->40111K(64000K)
[6.506s][info][gc,heap     ] GC(7) ParOldGen: 30392K(699392K)->44160K(699392K)
[6.506s][info][gc,metaspace] GC(7) Metaspace: 1482K(1600K)->1482K(1600K) NonClass: 1365K(1408K)->1365K(1408K) Class: 117K(192K)->117K(192K)
[6.506s][info][gc          ] GC(7) Pause Young (Allocation Failure) 615M->82M(1292M) 26.388ms
[6.506s][info][gc,cpu      ] GC(7) User=0.28s Sys=0.00s Real=0.03s
[7.470s][info][gc,start    ] GC(8) Pause Young (Allocation Failure)
[7.495s][info][gc,heap     ] GC(8) PSYoungGen: 600239K(624128K)->33056K(627200K) Eden: 560128K(560128K)->0K(560128K) From: 40111K(64000K)->33056K(67072K)
[7.495s][info][gc,heap     ] GC(8) ParOldGen: 44160K(699392K)->58964K(699392K)
[7.495s][info][gc,metaspace] GC(8) Metaspace: 1482K(1600K)->1482K(1600K) NonClass: 1365K(1408K)->1365K(1408K) Class: 117K(192K)->117K(192K)
[7.495s][info][gc          ] GC(8) Pause Young (Allocation Failure) 629M->89M(1295M) 24.605ms
[7.495s][info][gc,cpu      ] GC(8) User=0.06s Sys=0.00s Real=0.02s
[8.426s][info][gc,start    ] GC(9) Pause Young (Allocation Failure)
[8.451s][info][gc,heap     ] GC(9) PSYoungGen: 593117K(627200K)->16268K(631296K) Eden: 560061K(560128K)->0K(567296K) From: 33056K(67072K)->16268K(64000K)
[8.451s][info][gc,heap     ] GC(9) ParOldGen: 58964K(699392K)->83884K(699392K)
[8.451s][info][gc,metaspace] GC(9) Metaspace: 1482K(1600K)->1482K(1600K) NonClass: 1365K(1408K)->1365K(1408K) Class: 117K(192K)->117K(192K)
[8.451s][info][gc          ] GC(9) Pause Young (Allocation Failure) 636M->97M(1299M) 25.491ms
[8.451s][info][gc,cpu      ] GC(9) User=0.02s Sys=0.00s Real=0.03s
[9.457s][info][gc,start    ] GC(10) Pause Young (Allocation Failure)
[9.471s][info][gc,heap     ] GC(10) PSYoungGen: 583564K(631296K)->7884K(631808K) Eden: 567296K(567296K)->0K(567296K) From: 16268K(64000K)->7884K(64512K)
[9.471s][info][gc,heap     ] GC(10) ParOldGen: 83884K(699392K)->99700K(699392K)
[9.471s][info][gc,metaspace] GC(10) Metaspace: 1482K(1600K)->1482K(1600K) NonClass: 1365K(1408K)->1365K(1408K) Class: 117K(192K)->117K(192K)
[9.472s][info][gc          ] GC(10) Pause Young (Allocation Failure) 651M->105M(1300M) 14.797ms
[9.472s][info][gc,cpu      ] GC(10) User=0.02s Sys=0.00s Real=0.01s
[10.411s][info][gc,start    ] GC(11) Pause Young (Allocation Failure)
[10.422s][info][gc,heap     ] GC(11) PSYoungGen: 575180K(631808K)->8064K(631808K) Eden: 567296K(567296K)->0K(565760K) From: 7884K(64512K)->8064K(66048K)
[10.423s][info][gc,heap     ] GC(11) ParOldGen: 99700K(699392K)->107092K(699392K)
[10.423s][info][gc,metaspace] GC(11) Metaspace: 1482K(1600K)->1482K(1600K) NonClass: 1365K(1408K)->1365K(1408K) Class: 117K(192K)->117K(192K)
[10.423s][info][gc          ] GC(11) Pause Young (Allocation Failure) 659M->112M(1300M) 11.218ms
[10.423s][info][gc,cpu      ] GC(11) User=0.02s Sys=0.00s Real=0.01s
[11.395s][info][gc,start    ] GC(12) Pause Young (Allocation Failure)
[11.406s][info][gc,heap     ] GC(12) PSYoungGen: 573824K(631808K)->7776K(632320K) Eden: 565760K(565760K)->0K(565760K) From: 8064K(66048K)->7776K(66560K)
[11.406s][info][gc,heap     ] GC(12) ParOldGen: 107092K(699392K)->114796K(699392K)
[11.406s][info][gc,metaspace] GC(12) Metaspace: 1482K(1600K)->1482K(1600K) NonClass: 1365K(1408K)->1365K(1408K) Class: 117K(192K)->117K(192K)
[11.406s][info][gc          ] GC(12) Pause Young (Allocation Failure) 664M->119M(1300M) 11.568ms
[11.406s][info][gc,cpu      ] GC(12) User=0.02s Sys=0.00s Real=0.01s
[12.281s][info][gc,start    ] GC(13) Pause Young (Allocation Failure)
[12.292s][info][gc,heap     ] GC(13) PSYoungGen: 573536K(632320K)->7793K(631296K) Eden: 565760K(565760K)->0K(566272K) From: 7776K(66560K)->7793K(65024K)
[12.292s][info][gc,heap     ] GC(13) ParOldGen: 114796K(699392K)->122164K(699392K)
[12.293s][info][gc,metaspace] GC(13) Metaspace: 1482K(1600K)->1482K(1600K) NonClass: 1365K(1408K)->1365K(1408K) Class: 117K(192K)->117K(192K)
[12.293s][info][gc          ] GC(13) Pause Young (Allocation Failure) 672M->126M(1299M) 11.348ms
[12.293s][info][gc,cpu      ] GC(13) User=0.00s Sys=0.00s Real=0.01s
[13.119s][info][gc,start    ] GC(14) Pause Young (Allocation Failure)
[13.130s][info][gc,heap     ] GC(14) PSYoungGen: 574065K(631296K)->7462K(631808K) Eden: 566272K(566272K)->0K(566272K) From: 7793K(65024K)->7462K(65536K)
[13.130s][info][gc,heap     ] GC(14) ParOldGen: 122164K(699392K)->129212K(699392K)
[13.130s][info][gc,metaspace] GC(14) Metaspace: 1482K(1600K)->1482K(1600K) NonClass: 1365K(1408K)->1365K(1408K) Class: 117K(192K)->117K(192K)
[13.130s][info][gc          ] GC(14) Pause Young (Allocation Failure) 679M->133M(1300M) 10.990ms
[13.130s][info][gc,cpu      ] GC(14) User=0.02s Sys=0.00s Real=0.01s
[13.967s][info][gc,start    ] GC(15) Pause Young (Allocation Failure)
[13.978s][info][gc,heap     ] GC(15) PSYoungGen: 573734K(631808K)->7867K(630784K) Eden: 566272K(566272K)->0K(568832K) From: 7462K(65536K)->7867K(61952K)
[13.978s][info][gc,heap     ] GC(15) ParOldGen: 129212K(699392K)->136036K(699392K)
[13.978s][info][gc,metaspace] GC(15) Metaspace: 1483K(1600K)->1483K(1600K) NonClass: 1366K(1408K)->1366K(1408K) Class: 117K(192K)->117K(192K)
[13.978s][info][gc          ] GC(15) Pause Young (Allocation Failure) 686M->140M(1299M) 11.436ms
[13.978s][info][gc,cpu      ] GC(15) User=0.00s Sys=0.00s Real=0.01s
[14.817s][info][gc,start    ] GC(16) Pause Young (Allocation Failure)
[14.849s][info][gc,heap     ] GC(16) PSYoungGen: 576699K(630784K)->24238K(631808K) Eden: 568832K(568832K)->0K(568832K) From: 7867K(61952K)->24238K(62976K)
[14.849s][info][gc,heap     ] GC(16) ParOldGen: 136036K(699392K)->143036K(699392K)
[14.849s][info][gc,metaspace] GC(16) Metaspace: 1485K(1600K)->1485K(1600K) NonClass: 1367K(1408K)->1367K(1408K) Class: 117K(192K)->117K(192K)
[14.849s][info][gc          ] GC(16) Pause Young (Allocation Failure) 696M->163M(1300M) 32.174ms
[14.849s][info][gc,cpu      ] GC(16) User=0.03s Sys=0.00s Real=0.03s
[15.672s][info][gc,start    ] GC(17) Pause Young (Allocation Failure)
[15.707s][info][gc,heap     ] GC(17) PSYoungGen: 593070K(631808K)->7485K(634368K) Eden: 568832K(568832K)->0K(575488K) From: 24238K(62976K)->7485K(58880K)
[15.707s][info][gc,heap     ] GC(17) ParOldGen: 143036K(699392K)->166628K(699392K)
[15.707s][info][gc,metaspace] GC(17) Metaspace: 1485K(1600K)->1485K(1600K) NonClass: 1367K(1408K)->1367K(1408K) Class: 117K(192K)->117K(192K)
[15.707s][info][gc          ] GC(17) Pause Young (Allocation Failure) 718M->170M(1302M) 34.545ms
[15.707s][info][gc,cpu      ] GC(17) User=0.02s Sys=0.00s Real=0.03s
[16.540s][info][gc,start    ] GC(18) Pause Young (Allocation Failure)
[16.552s][info][gc,heap     ] GC(18) PSYoungGen: 582973K(634368K)->7304K(633856K) Eden: 575488K(575488K)->0K(575488K) From: 7485K(58880K)->7304K(58368K)
[16.552s][info][gc,heap     ] GC(18) ParOldGen: 166628K(699392K)->173588K(699392K)
[16.552s][info][gc,metaspace] GC(18) Metaspace: 1485K(1600K)->1485K(1600K) NonClass: 1367K(1408K)->1367K(1408K) Class: 117K(192K)->117K(192K)
[16.552s][info][gc          ] GC(18) Pause Young (Allocation Failure) 732M->176M(1302M) 11.604ms
[16.552s][info][gc,cpu      ] GC(18) User=0.02s Sys=0.00s Real=0.01s
[17.391s][info][gc,start    ] GC(19) Pause Young (Allocation Failure)
[17.402s][info][gc,heap     ] GC(19) PSYoungGen: 582792K(633856K)->7760K(638976K) Eden: 575488K(575488K)->0K(583168K) From: 7304K(58368K)->7760K(55808K)
[17.402s][info][gc,heap     ] GC(19) ParOldGen: 173588K(699392K)->180076K(699392K)
[17.402s][info][gc,metaspace] GC(19) Metaspace: 1485K(1600K)->1485K(1600K) NonClass: 1367K(1408K)->1367K(1408K) Class: 117K(192K)->117K(192K)
[17.402s][info][gc          ] GC(19) Pause Young (Allocation Failure) 738M->183M(1307M) 11.339ms
[17.402s][info][gc,cpu      ] GC(19) User=0.00s Sys=0.00s Real=0.01s
[18.246s][info][gc,start    ] GC(20) Pause Young (Allocation Failure)
[18.258s][info][gc,heap     ] GC(20) PSYoungGen: 590928K(638976K)->8244K(638464K) Eden: 583168K(583168K)->0K(583168K) From: 7760K(55808K)->8244K(55296K)
[18.258s][info][gc,heap     ] GC(20) ParOldGen: 180076K(699392K)->186732K(699392K)
[18.258s][info][gc,metaspace] GC(20) Metaspace: 1485K(1600K)->1485K(1600K) NonClass: 1367K(1408K)->1367K(1408K) Class: 117K(192K)->117K(192K)
[18.258s][info][gc          ] GC(20) Pause Young (Allocation Failure) 752M->190M(1306M) 12.524ms
[18.258s][info][gc,cpu      ] GC(20) User=0.00s Sys=0.00s Real=0.01s
[19.089s][info][gc,start    ] GC(21) Pause Young (Allocation Failure)
[19.101s][info][gc,heap     ] GC(21) PSYoungGen: 591412K(638464K)->6961K(641536K) Eden: 583168K(583168K)->0K(589824K) From: 8244K(55296K)->6961K(51712K)
[19.101s][info][gc,heap     ] GC(21) ParOldGen: 186732K(699392K)->194372K(699392K)
[19.101s][info][gc,metaspace] GC(21) Metaspace: 1486K(1600K)->1486K(1600K) NonClass: 1368K(1408K)->1368K(1408K) Class: 117K(192K)->117K(192K)
[19.101s][info][gc          ] GC(21) Pause Young (Allocation Failure) 759M->196M(1309M) 12.155ms
[19.101s][info][gc,cpu      ] GC(21) User=0.06s Sys=0.00s Real=0.01s
[19.951s][info][gc,start    ] GC(22) Pause Young (Allocation Failure)
[19.962s][info][gc,heap     ] GC(22) PSYoungGen: 596785K(641536K)->7098K(641024K) Eden: 589824K(589824K)->0K(589824K) From: 6961K(51712K)->7098K(51200K)
[19.962s][info][gc,heap     ] GC(22) ParOldGen: 194372K(699392K)->200892K(699392K)
[19.962s][info][gc,metaspace] GC(22) Metaspace: 1486K(1600K)->1486K(1600K) NonClass: 1368K(1408K)->1368K(1408K) Class: 117K(192K)->117K(192K)
[19.962s][info][gc          ] GC(22) Pause Young (Allocation Failure) 772M->203M(1309M) 11.529ms
[19.962s][info][gc,cpu      ] GC(22) User=0.00s Sys=0.00s Real=0.01s
[20.816s][info][gc,start    ] GC(23) Pause Young (Allocation Failure)
[20.829s][info][gc,heap     ] GC(23) PSYoungGen: 596922K(641024K)->8166K(645632K) Eden: 589824K(589824K)->0K(598016K) From: 7098K(51200K)->8166K(47616K)
[20.829s][info][gc,heap     ] GC(23) ParOldGen: 200892K(699392K)->207004K(699392K)
[20.829s][info][gc,metaspace] GC(23) Metaspace: 1486K(1600K)->1486K(1600K) NonClass: 1368K(1408K)->1368K(1408K) Class: 117K(192K)->117K(192K)
[20.829s][info][gc          ] GC(23) Pause Young (Allocation Failure) 779M->210M(1313M) 12.696ms
[20.829s][info][gc,cpu      ] GC(23) User=0.02s Sys=0.00s Real=0.01s
[21.692s][info][gc,start    ] GC(24) Pause Young (Allocation Failure)
[21.704s][info][gc,heap     ] GC(24) PSYoungGen: 606182K(645632K)->7922K(645120K) Eden: 598016K(598016K)->0K(598016K) From: 8166K(47616K)->7922K(47104K)
[21.704s][info][gc,heap     ] GC(24) ParOldGen: 207004K(699392K)->214388K(699392K)
[21.704s][info][gc,metaspace] GC(24) Metaspace: 1486K(1600K)->1486K(1600K) NonClass: 1368K(1408K)->1368K(1408K) Class: 117K(192K)->117K(192K)
[21.704s][info][gc          ] GC(24) Pause Young (Allocation Failure) 794M->217M(1313M) 12.925ms
[21.704s][info][gc,cpu      ] GC(24) User=0.02s Sys=0.00s Real=0.01s
[22.570s][info][gc,start    ] GC(25) Pause Young (Allocation Failure)
[22.585s][info][gc,heap     ] GC(25) PSYoungGen: 605938K(645120K)->7710K(649728K) Eden: 598016K(598016K)->0K(606208K) From: 7922K(47104K)->7710K(43520K)
[22.585s][info][gc,heap     ] GC(25) ParOldGen: 214388K(699392K)->221436K(699392K)
[22.585s][info][gc,metaspace] GC(25) Metaspace: 1486K(1600K)->1486K(1600K) NonClass: 1368K(1408K)->1368K(1408K) Class: 117K(192K)->117K(192K)
[22.585s][info][gc          ] GC(25) Pause Young (Allocation Failure) 801M->223M(1317M) 14.327ms
[22.585s][info][gc,cpu      ] GC(25) User=0.02s Sys=0.00s Real=0.02s
[23.503s][info][gc,start    ] GC(26) Pause Young (Allocation Failure)
[23.516s][info][gc,heap     ] GC(26) PSYoungGen: 613918K(649728K)->8180K(649216K) Eden: 606208K(606208K)->0K(606208K) From: 7710K(43520K)->8180K(43008K)
[23.516s][info][gc,heap     ] GC(26) ParOldGen: 221436K(699392K)->228412K(699392K)
[23.516s][info][gc,metaspace] GC(26) Metaspace: 1486K(1600K)->1486K(1600K) NonClass: 1368K(1408K)->1368K(1408K) Class: 117K(192K)->117K(192K)
[23.516s][info][gc          ] GC(26) Pause Young (Allocation Failure) 815M->231M(1317M) 13.139ms
[23.516s][info][gc,cpu      ] GC(26) User=0.02s Sys=0.00s Real=0.01s
[24.395s][info][gc,start    ] GC(27) Pause Young (Allocation Failure)
[24.408s][info][gc,heap     ] GC(27) PSYoungGen: 614388K(649216K)->7311K(653824K) Eden: 606208K(606208K)->0K(614400K) From: 8180K(43008K)->7311K(39424K)
[24.408s][info][gc,heap     ] GC(27) ParOldGen: 228412K(699392K)->235812K(699392K)
[24.408s][info][gc,metaspace] GC(27) Metaspace: 1486K(1600K)->1486K(1600K) NonClass: 1368K(1408K)->1368K(1408K) Class: 117K(192K)->117K(192K)
[24.408s][info][gc          ] GC(27) Pause Young (Allocation Failure) 823M->237M(1321M) 13.097ms
[24.408s][info][gc,cpu      ] GC(27) User=0.02s Sys=0.00s Real=0.01s
[25.361s][info][gc,start    ] GC(28) Pause Young (Allocation Failure)
[25.375s][info][gc,heap     ] GC(28) PSYoungGen: 621711K(653824K)->7546K(653312K) Eden: 614400K(614400K)->0K(614400K) From: 7311K(39424K)->7546K(38912K)
[25.375s][info][gc,heap     ] GC(28) ParOldGen: 235812K(699392K)->242444K(699392K)
[25.375s][info][gc,metaspace] GC(28) Metaspace: 1486K(1600K)->1486K(1600K) NonClass: 1368K(1408K)->1368K(1408K) Class: 117K(192K)->117K(192K)
[25.375s][info][gc          ] GC(28) Pause Young (Allocation Failure) 837M->244M(1321M) 13.786ms
[25.375s][info][gc,cpu      ] GC(28) User=0.02s Sys=0.00s Real=0.01s
[26.286s][info][gc,start    ] GC(29) Pause Young (Allocation Failure)
[26.299s][info][gc,heap     ] GC(29) PSYoungGen: 621946K(653312K)->7635K(658432K) Eden: 614400K(614400K)->0K(622080K) From: 7546K(38912K)->7635K(36352K)
[26.299s][info][gc,heap     ] GC(29) ParOldGen: 242444K(699392K)->249364K(699392K)
[26.299s][info][gc,metaspace] GC(29) Metaspace: 1486K(1600K)->1486K(1600K) NonClass: 1368K(1408K)->1368K(1408K) Class: 117K(192K)->117K(192K)
[26.299s][info][gc          ] GC(29) Pause Young (Allocation Failure) 844M->250M(1326M) 13.458ms
[26.299s][info][gc,cpu      ] GC(29) User=0.02s Sys=0.00s Real=0.01s
[27.212s][info][gc,start    ] GC(30) Pause Young (Allocation Failure)
[27.226s][info][gc,heap     ] GC(30) PSYoungGen: 629715K(658432K)->7447K(657408K) Eden: 622080K(622080K)->0K(622080K) From: 7635K(36352K)->7447K(35328K)
[27.226s][info][gc,heap     ] GC(30) ParOldGen: 249364K(699392K)->256204K(699392K)
[27.226s][info][gc,metaspace] GC(30) Metaspace: 1486K(1600K)->1486K(1600K) NonClass: 1368K(1408K)->1368K(1408K) Class: 117K(192K)->117K(192K)
[27.226s][info][gc          ] GC(30) Pause Young (Allocation Failure) 858M->257M(1325M) 13.979ms
[27.226s][info][gc,cpu      ] GC(30) User=0.00s Sys=0.00s Real=0.01s
[28.165s][info][gc,start    ] GC(31) Pause Young (Allocation Failure)
[28.178s][info][gc,heap     ] GC(31) PSYoungGen: 629527K(657408K)->7988K(662016K) Eden: 622080K(622080K)->0K(628736K) From: 7447K(35328K)->7988K(33280K)
[28.179s][info][gc,heap     ] GC(31) ParOldGen: 256204K(699392K)->262964K(699392K)
[28.179s][info][gc,metaspace] GC(31) Metaspace: 1486K(1600K)->1486K(1600K) NonClass: 1368K(1408K)->1368K(1408K) Class: 117K(192K)->117K(192K)
[28.179s][info][gc          ] GC(31) Pause Young (Allocation Failure) 864M->264M(1329M) 13.755ms
[28.179s][info][gc,cpu      ] GC(31) User=0.02s Sys=0.00s Real=0.01s
[29.116s][info][gc,start    ] GC(32) Pause Young (Allocation Failure)
[29.130s][info][gc,heap     ] GC(32) PSYoungGen: 636724K(662016K)->7790K(660480K) Eden: 628736K(628736K)->0K(628736K) From: 7988K(33280K)->7790K(31744K)
[29.130s][info][gc,heap     ] GC(32) ParOldGen: 262964K(699392K)->269844K(699392K)
[29.130s][info][gc,metaspace] GC(32) Metaspace: 1486K(1600K)->1486K(1600K) NonClass: 1368K(1408K)->1368K(1408K) Class: 117K(192K)->117K(192K)
[29.130s][info][gc          ] GC(32) Pause Young (Allocation Failure) 878M->271M(1328M) 13.928ms
[29.130s][info][gc,cpu      ] GC(32) User=0.02s Sys=0.00s Real=0.01s
[30.055s][info][gc,start    ] GC(33) Pause Young (Allocation Failure)
[30.068s][info][gc,heap     ] GC(33) PSYoungGen: 636526K(660480K)->7218K(665600K) Eden: 628736K(628736K)->0K(635392K) From: 7790K(31744K)->7218K(30208K)
[30.068s][info][gc,heap     ] GC(33) ParOldGen: 269844K(699392K)->276572K(699392K)
[30.068s][info][gc,metaspace] GC(33) Metaspace: 1486K(1600K)->1486K(1600K) NonClass: 1368K(1408K)->1368K(1408K) Class: 117K(192K)->117K(192K)
[30.068s][info][gc          ] GC(33) Pause Young (Allocation Failure) 885M->277M(1333M) 13.529ms
[30.069s][info][gc,cpu      ] GC(33) User=0.02s Sys=0.00s Real=0.01s
[30.992s][info][gc,start    ] GC(34) Pause Young (Allocation Failure)
[31.005s][info][gc,heap     ] GC(34) PSYoungGen: 642610K(665600K)->7540K(664064K) Eden: 635392K(635392K)->0K(635392K) From: 7218K(30208K)->7540K(28672K)
[31.005s][info][gc,heap     ] GC(34) ParOldGen: 276572K(699392K)->283036K(699392K)
[31.005s][info][gc,metaspace] GC(34) Metaspace: 1486K(1600K)->1486K(1600K) NonClass: 1368K(1408K)->1368K(1408K) Class: 117K(192K)->117K(192K)
[31.005s][info][gc          ] GC(34) Pause Young (Allocation Failure) 897M->283M(1331M) 13.587ms
[31.005s][info][gc,cpu      ] GC(34) User=0.02s Sys=0.00s Real=0.01s
[31.957s][info][gc,start    ] GC(35) Pause Young (Allocation Failure)
[31.970s][info][gc,heap     ] GC(35) PSYoungGen: 642932K(664064K)->6784K(668160K) Eden: 635392K(635392K)->0K(641024K) From: 7540K(28672K)->6784K(27136K)
[31.970s][info][gc,heap     ] GC(35) ParOldGen: 283036K(699392K)->289876K(699392K)
[31.970s][info][gc,metaspace] GC(35) Metaspace: 1486K(1600K)->1486K(1600K) NonClass: 1368K(1408K)->1368K(1408K) Class: 117K(192K)->117K(192K)
[31.970s][info][gc          ] GC(35) Pause Young (Allocation Failure) 904M->289M(1335M) 13.390ms
[31.970s][info][gc,cpu      ] GC(35) User=0.00s Sys=0.00s Real=0.01s
[32.955s][info][gc,start    ] GC(36) Pause Young (Allocation Failure)
[33.016s][info][gc,heap     ] GC(36) PSYoungGen: 647808K(668160K)->7476K(667136K) Eden: 641024K(641024K)->0K(641024K) From: 6784K(27136K)->7476K(26112K)
[33.016s][info][gc,heap     ] GC(36) ParOldGen: 289876K(699392K)->328764K(699392K)
[33.016s][info][gc,metaspace] GC(36) Metaspace: 1488K(1600K)->1488K(1600K) NonClass: 1370K(1408K)->1370K(1408K) Class: 117K(192K)->117K(192K)
[33.016s][info][gc          ] GC(36) Pause Young (Allocation Failure) 915M->328M(1334M) 60.776ms
[33.016s][info][gc,cpu      ] GC(36) User=0.16s Sys=0.02s Real=0.06s
[33.953s][info][gc,start    ] GC(37) Pause Young (Allocation Failure)
[33.967s][info][gc,heap     ] GC(37) PSYoungGen: 648500K(667136K)->7836K(671232K) Eden: 641024K(641024K)->0K(646656K) From: 7476K(26112K)->7836K(24576K)
[33.967s][info][gc,heap     ] GC(37) ParOldGen: 328764K(699392K)->335460K(699392K)
[33.967s][info][gc,metaspace] GC(37) Metaspace: 1488K(1600K)->1488K(1600K) NonClass: 1370K(1408K)->1370K(1408K) Class: 117K(192K)->117K(192K)
[33.967s][info][gc          ] GC(37) Pause Young (Allocation Failure) 954M->335M(1338M) 14.235ms
[33.967s][info][gc,cpu      ] GC(37) User=0.02s Sys=0.00s Real=0.01s
[34.909s][info][gc,start    ] GC(38) Pause Young (Allocation Failure)
[34.922s][info][gc,heap     ] GC(38) PSYoungGen: 654492K(671232K)->7620K(670208K) Eden: 646656K(646656K)->0K(646656K) From: 7836K(24576K)->7620K(23552K)
[34.922s][info][gc,heap     ] GC(38) ParOldGen: 335460K(699392K)->342172K(699392K)
[34.922s][info][gc,metaspace] GC(38) Metaspace: 1488K(1600K)->1488K(1600K) NonClass: 1370K(1408K)->1370K(1408K) Class: 117K(192K)->117K(192K)
[34.922s][info][gc          ] GC(38) Pause Young (Allocation Failure) 966M->341M(1337M) 13.779ms
[34.922s][info][gc,cpu      ] GC(38) User=0.02s Sys=0.00s Real=0.01s
[35.865s][info][gc,start    ] GC(39) Pause Young (Allocation Failure)
[35.878s][info][gc,heap     ] GC(39) PSYoungGen: 654276K(670208K)->6796K(674304K) Eden: 646656K(646656K)->0K(651776K) From: 7620K(23552K)->6796K(22528K)
[35.878s][info][gc,heap     ] GC(39) ParOldGen: 342172K(699392K)->348980K(699392K)
[35.878s][info][gc,metaspace] GC(39) Metaspace: 1488K(1600K)->1488K(1600K) NonClass: 1370K(1408K)->1370K(1408K) Class: 117K(192K)->117K(192K)
[35.878s][info][gc          ] GC(39) Pause Young (Allocation Failure) 973M->347M(1341M) 13.230ms
[35.878s][info][gc,cpu      ] GC(39) User=0.02s Sys=0.00s Real=0.01s
[36.825s][info][gc,start    ] GC(40) Pause Young (Allocation Failure)
[36.838s][info][gc,heap     ] GC(40) PSYoungGen: 658572K(674304K)->7650K(673280K) Eden: 651776K(651776K)->0K(651776K) From: 6796K(22528K)->7650K(21504K)
[36.838s][info][gc,heap     ] GC(40) ParOldGen: 348980K(699392K)->354940K(699392K)
[36.838s][info][gc,metaspace] GC(40) Metaspace: 1488K(1600K)->1488K(1600K) NonClass: 1370K(1408K)->1370K(1408K) Class: 117K(192K)->117K(192K)
[36.838s][info][gc          ] GC(40) Pause Young (Allocation Failure) 983M->354M(1340M) 13.192ms
[36.838s][info][gc,cpu      ] GC(40) User=0.00s Sys=0.00s Real=0.01s
[37.801s][info][gc,start    ] GC(41) Pause Young (Allocation Failure)
[37.815s][info][gc,heap     ] GC(41) PSYoungGen: 659426K(673280K)->7280K(676352K) Eden: 651776K(651776K)->0K(655872K) From: 7650K(21504K)->7280K(20480K)
[37.815s][info][gc,heap     ] GC(41) ParOldGen: 354940K(699392K)->361476K(699392K)
[37.815s][info][gc,metaspace] GC(41) Metaspace: 1488K(1600K)->1488K(1600K) NonClass: 1370K(1408K)->1370K(1408K) Class: 117K(192K)->117K(192K)
[37.815s][info][gc          ] GC(41) Pause Young (Allocation Failure) 990M->360M(1343M) 13.583ms
[37.815s][info][gc,cpu      ] GC(41) User=0.00s Sys=0.00s Real=0.01s
[38.761s][info][gc,start    ] GC(42) Pause Young (Allocation Failure)
[38.774s][info][gc,heap     ] GC(42) PSYoungGen: 663152K(676352K)->7323K(675328K) Eden: 655872K(655872K)->0K(655872K) From: 7280K(20480K)->7323K(19456K)
[38.774s][info][gc,heap     ] GC(42) ParOldGen: 361476K(699392K)->367964K(699392K)
[38.774s][info][gc,metaspace] GC(42) Metaspace: 1489K(1600K)->1489K(1600K) NonClass: 1371K(1408K)->1371K(1408K) Class: 117K(192K)->117K(192K)
[38.774s][info][gc          ] GC(42) Pause Young (Allocation Failure) 1000M->366M(1342M) 13.391ms
[38.774s][info][gc,cpu      ] GC(42) User=0.00s Sys=0.00s Real=0.01s
[39.722s][info][gc,start    ] GC(43) Pause Young (Allocation Failure)
[39.736s][info][gc,heap     ] GC(43) PSYoungGen: 663195K(675328K)->7539K(677888K) Eden: 655872K(655872K)->0K(659456K) From: 7323K(19456K)->7539K(18432K)
[39.736s][info][gc,heap     ] GC(43) ParOldGen: 367964K(699392K)->374508K(699392K)
[39.736s][info][gc,metaspace] GC(43) Metaspace: 1489K(1600K)->1489K(1600K) NonClass: 1371K(1408K)->1371K(1408K) Class: 117K(192K)->117K(192K)
[39.736s][info][gc          ] GC(43) Pause Young (Allocation Failure) 1006M->373M(1345M) 14.266ms
[39.736s][info][gc,cpu      ] GC(43) User=0.02s Sys=0.00s Real=0.02s
[40.699s][info][gc,start    ] GC(44) Pause Young (Allocation Failure)
[40.713s][info][gc,heap     ] GC(44) PSYoungGen: 666995K(677888K)->7530K(677376K) Eden: 659456K(659456K)->0K(659456K) From: 7539K(18432K)->7530K(17920K)
[40.713s][info][gc,heap     ] GC(44) ParOldGen: 374508K(699392K)->381276K(699392K)
[40.713s][info][gc,metaspace] GC(44) Metaspace: 1489K(1600K)->1489K(1600K) NonClass: 1371K(1408K)->1371K(1408K) Class: 117K(192K)->117K(192K)
[40.713s][info][gc          ] GC(44) Pause Young (Allocation Failure) 1017M->379M(1344M) 14.576ms
[40.713s][info][gc,cpu      ] GC(44) User=0.00s Sys=0.00s Real=0.02s
[41.675s][info][gc,start    ] GC(45) Pause Young (Allocation Failure)
[41.689s][info][gc,heap     ] GC(45) PSYoungGen: 666986K(677376K)->6051K(679936K) Eden: 659456K(659456K)->0K(663040K) From: 7530K(17920K)->6051K(16896K)
[41.689s][info][gc,heap     ] GC(45) ParOldGen: 381276K(699392K)->387532K(699392K)
[41.689s][info][gc,metaspace] GC(45) Metaspace: 1489K(1600K)->1489K(1600K) NonClass: 1371K(1408K)->1371K(1408K) Class: 117K(192K)->117K(192K)
[41.689s][info][gc          ] GC(45) Pause Young (Allocation Failure) 1023M->384M(1347M) 13.731ms
[41.689s][info][gc,cpu      ] GC(45) User=0.00s Sys=0.00s Real=0.01s
[42.639s][info][gc,start    ] GC(46) Pause Young (Allocation Failure)
[42.651s][info][gc,heap     ] GC(46) PSYoungGen: 669091K(679936K)->5925K(679424K) Eden: 663040K(663040K)->0K(663040K) From: 6051K(16896K)->5925K(16384K)
[42.652s][info][gc,heap     ] GC(46) ParOldGen: 387532K(699392K)->392764K(699392K)
[42.652s][info][gc,metaspace] GC(46) Metaspace: 1491K(1600K)->1491K(1600K) NonClass: 1373K(1408K)->1373K(1408K) Class: 117K(192K)->117K(192K)
[42.652s][info][gc          ] GC(46) Pause Young (Allocation Failure) 1031M->389M(1346M) 12.149ms
[42.652s][info][gc,cpu      ] GC(46) User=0.00s Sys=0.00s Real=0.01s
[43.615s][info][gc,start    ] GC(47) Pause Young (Allocation Failure)
[43.628s][info][gc,heap     ] GC(47) PSYoungGen: 668965K(679424K)->7848K(681984K) Eden: 663040K(663040K)->0K(666112K) From: 5925K(16384K)->7848K(15872K)
[43.628s][info][gc,heap     ] GC(47) ParOldGen: 392764K(699392K)->397532K(699392K)
[43.628s][info][gc,metaspace] GC(47) Metaspace: 1494K(1600K)->1494K(1600K) NonClass: 1377K(1408K)->1377K(1408K) Class: 117K(192K)->117K(192K)
[43.628s][info][gc          ] GC(47) Pause Young (Allocation Failure) 1036M->395M(1349M) 13.589ms
[43.628s][info][gc,cpu      ] GC(47) User=0.00s Sys=0.00s Real=0.01s
[44.608s][info][gc,start    ] GC(48) Pause Young (Allocation Failure)
[44.622s][info][gc,heap     ] GC(48) PSYoungGen: 673960K(681984K)->7211K(681472K) Eden: 666112K(666112K)->0K(666112K) From: 7848K(15872K)->7211K(15360K)
[44.622s][info][gc,heap     ] GC(48) ParOldGen: 397532K(699392K)->404436K(699392K)
[44.622s][info][gc,metaspace] GC(48) Metaspace: 1494K(1600K)->1494K(1600K) NonClass: 1377K(1408K)->1377K(1408K) Class: 117K(192K)->117K(192K)
[44.622s][info][gc          ] GC(48) Pause Young (Allocation Failure) 1046M->402M(1348M) 14.455ms
[44.622s][info][gc,cpu      ] GC(48) User=0.02s Sys=0.00s Real=0.01s
[45.595s][info][gc,start    ] GC(49) Pause Young (Allocation Failure)
[45.608s][info][gc,heap     ] GC(49) PSYoungGen: 673323K(681472K)->6490K(681984K) Eden: 666112K(666112K)->0K(667648K) From: 7211K(15360K)->6490K(14336K)
[45.608s][info][gc,heap     ] GC(49) ParOldGen: 404436K(699392K)->410700K(699392K)
[45.608s][info][gc,metaspace] GC(49) Metaspace: 1495K(1600K)->1495K(1600K) NonClass: 1377K(1408K)->1377K(1408K) Class: 117K(192K)->117K(192K)
[45.608s][info][gc          ] GC(49) Pause Young (Allocation Failure) 1052M->407M(1349M) 13.689ms
[45.608s][info][gc,cpu      ] GC(49) User=0.02s Sys=0.00s Real=0.01s
[47.428s][info][gc,start    ] GC(50) Pause Young (Allocation Failure)
[47.539s][info][gc,heap     ] GC(50) PSYoungGen: 667614K(681984K)->14336K(681984K) Eden: 661124K(667648K)->0K(667648K) From: 6490K(14336K)->14336K(14336K)
[47.539s][info][gc,heap     ] GC(50) ParOldGen: 410700K(699392K)->578841K(699392K)
[47.539s][info][gc,metaspace] GC(50) Metaspace: 1618K(1792K)->1618K(1792K) NonClass: 1486K(1600K)->1486K(1600K) Class: 132K(192K)->132K(192K)
[47.539s][info][gc          ] GC(50) Pause Young (Allocation Failure) 1053M->579M(1349M) 111.155ms
[47.539s][info][gc,cpu      ] GC(50) User=0.69s Sys=0.28s Real=0.11s
[47.691s][info][gc,heap,exit] Heap
[47.691s][info][gc,heap,exit]  PSYoungGen      total 681984K, used 115073K [0x00000000d5580000, 0x0000000100000000, 0x0000000100000000)
[47.691s][info][gc,heap,exit]   eden space 667648K, 15% used [0x00000000d5580000,0x00000000db7e05d0,0x00000000fe180000)
[47.691s][info][gc,heap,exit]   from space 14336K, 100% used [0x00000000fe180000,0x00000000fef80000,0x00000000fef80000)
[47.691s][info][gc,heap,exit]   to   space 16896K, 0% used [0x00000000fef80000,0x00000000fef80000,0x0000000100000000)
[47.691s][info][gc,heap,exit]  ParOldGen       total 699392K, used 578841K [0x0000000080000000, 0x00000000aab00000, 0x00000000d5580000)
[47.691s][info][gc,heap,exit]   object space 699392K, 82% used [0x0000000080000000,0x00000000a3546630,0x00000000aab00000)
[47.691s][info][gc,heap,exit]  Metaspace       used 1707K, committed 1856K, reserved 1114112K
[47.691s][info][gc,heap,exit]   class space    used 145K, committed 192K, reserved 1048576K
