[0.008s][info][gc,init] CardTable entry size: 512
[0.008s][info][gc     ] Using G1
[0.016s][info][gc,init] Version: 21.0.5+9-LTS-239 (release)
[0.016s][info][gc,init] CPUs: 12 total, 12 available
[0.016s][info][gc,init] Memory: 16263M
[0.016s][info][gc,init] Large Page Support: Disabled
[0.016s][info][gc,init] NUMA Support: Disabled
[0.016s][info][gc,init] Compressed Oops: Enabled (Zero based)
[0.016s][info][gc,init] Heap Region Size: 2M
[0.016s][info][gc,init] Heap Min Capacity: 2G
[0.016s][info][gc,init] Heap Initial Capacity: 2G
[0.016s][info][gc,init] Heap Max Capacity: 4G
[0.016s][info][gc,init] Pre-touch: Disabled
[0.016s][info][gc,init] Parallel Workers: 10
[0.016s][info][gc,init] Concurrent Workers: 3
[0.016s][info][gc,init] Concurrent Refinement Workers: 10
[0.016s][info][gc,init] Periodic GC: Disabled
[0.025s][info][gc,metaspace] CDS archive(s) mapped at: [0x000001cdcf000000-0x000001cdcfc90000-0x000001cdcfc90000), size 13172736, SharedBaseAddress: 0x000001cdcf000000, ArchiveRelocationMode: 1.
[0.025s][info][gc,metaspace] Compressed class space mapped at: 0x000001cdd0000000-0x000001ce10000000, reserved size: 1073741824
[0.025s][info][gc,metaspace] Narrow klass base: 0x000001cdcf000000, Narrow klass shift: 0, Narrow klass range: 0x100000000
[0.458s][info][gc,start    ] GC(0) Pause Young (Normal) (G1 Evacuation Pause)
[0.459s][info][gc,task     ] GC(0) Using 10 workers of 10 for evacuation
[0.463s][info][gc,phases   ] GC(0)   Pre Evacuate Collection Set: 0.3ms
[0.464s][info][gc,phases   ] GC(0)   Merge Heap Roots: 0.2ms
[0.464s][info][gc,phases   ] GC(0)   Evacuate Collection Set: 3.5ms
[0.464s][info][gc,phases   ] GC(0)   Post Evacuate Collection Set: 0.7ms
[0.464s][info][gc,phases   ] GC(0)   Other: 0.9ms
[0.464s][info][gc,heap     ] GC(0) Eden regions: 51->0(44)
[0.464s][info][gc,heap     ] GC(0) Survivor regions: 0->7(7)
[0.464s][info][gc,heap     ] GC(0) Old regions: 0->4
[0.464s][info][gc,heap     ] GC(0) Humongous regions: 1->0
[0.464s][info][gc,metaspace] GC(0) Metaspace: 1294K(1472K)->1294K(1472K) NonClass: 1198K(1280K)->1198K(1280K) Class: 96K(192K)->96K(192K)
[0.464s][info][gc          ] GC(0) Pause Young (Normal) (G1 Evacuation Pause) 104M->21M(2048M) 5.896ms
[0.464s][info][gc,cpu      ] GC(0) User=0.00s Sys=0.02s Real=0.01s
[0.635s][info][gc,start    ] GC(1) Pause Young (Normal) (G1 Evacuation Pause)
[0.635s][info][gc,task     ] GC(1) Using 10 workers of 10 for evacuation
[0.641s][info][gc,phases   ] GC(1)   Pre Evacuate Collection Set: 0.3ms
[0.641s][info][gc,phases   ] GC(1)   Merge Heap Roots: 0.1ms
[0.641s][info][gc,phases   ] GC(1)   Evacuate Collection Set: 4.2ms
[0.641s][info][gc,phases   ] GC(1)   Post Evacuate Collection Set: 0.7ms
[0.641s][info][gc,phases   ] GC(1)   Other: 0.1ms
[0.641s][info][gc,heap     ] GC(1) Eden regions: 44->0(44)
[0.641s][info][gc,heap     ] GC(1) Survivor regions: 7->7(7)
[0.641s][info][gc,heap     ] GC(1) Old regions: 4->12
[0.641s][info][gc,heap     ] GC(1) Humongous regions: 0->0
[0.641s][info][gc,metaspace] GC(1) Metaspace: 1296K(1472K)->1296K(1472K) NonClass: 1200K(1280K)->1200K(1280K) Class: 96K(192K)->96K(192K)
[0.641s][info][gc          ] GC(1) Pause Young (Normal) (G1 Evacuation Pause) 109M->37M(2048M) 5.609ms
[0.641s][info][gc,cpu      ] GC(1) User=0.00s Sys=0.00s Real=0.01s
[0.703s][info][gc,start    ] GC(2) Pause Young (Normal) (G1 Evacuation Pause)
[0.703s][info][gc,task     ] GC(2) Using 10 workers of 10 for evacuation
[0.708s][info][gc,phases   ] GC(2)   Pre Evacuate Collection Set: 0.3ms
[0.708s][info][gc,phases   ] GC(2)   Merge Heap Roots: 0.2ms
[0.708s][info][gc,phases   ] GC(2)   Evacuate Collection Set: 4.1ms
[0.708s][info][gc,phases   ] GC(2)   Post Evacuate Collection Set: 0.4ms
[0.708s][info][gc,phases   ] GC(2)   Other: 0.1ms
[0.708s][info][gc,heap     ] GC(2) Eden regions: 44->0(44)
[0.708s][info][gc,heap     ] GC(2) Survivor regions: 7->7(7)
[0.708s][info][gc,heap     ] GC(2) Old regions: 12->21
[0.708s][info][gc,heap     ] GC(2) Humongous regions: 0->0
[0.708s][info][gc,metaspace] GC(2) Metaspace: 1297K(1472K)->1297K(1472K) NonClass: 1201K(1280K)->1201K(1280K) Class: 96K(192K)->96K(192K)
[0.708s][info][gc          ] GC(2) Pause Young (Normal) (G1 Evacuation Pause) 125M->55M(2048M) 5.357ms
[0.708s][info][gc,cpu      ] GC(2) User=0.00s Sys=0.00s Real=0.01s
[0.762s][info][gc,start    ] GC(3) Pause Young (Normal) (G1 Evacuation Pause)
[0.762s][info][gc,task     ] GC(3) Using 10 workers of 10 for evacuation
[0.767s][info][gc,phases   ] GC(3)   Pre Evacuate Collection Set: 0.3ms
[0.767s][info][gc,phases   ] GC(3)   Merge Heap Roots: 0.2ms
[0.767s][info][gc,phases   ] GC(3)   Evacuate Collection Set: 3.9ms
[0.767s][info][gc,phases   ] GC(3)   Post Evacuate Collection Set: 0.7ms
[0.767s][info][gc,phases   ] GC(3)   Other: 0.1ms
[0.767s][info][gc,heap     ] GC(3) Eden regions: 44->0(58)
[0.767s][info][gc,heap     ] GC(3) Survivor regions: 7->7(7)
[0.767s][info][gc,heap     ] GC(3) Old regions: 21->30
[0.767s][info][gc,heap     ] GC(3) Humongous regions: 0->0
[0.767s][info][gc,metaspace] GC(3) Metaspace: 1297K(1472K)->1297K(1472K) NonClass: 1201K(1280K)->1201K(1280K) Class: 96K(192K)->96K(192K)
[0.767s][info][gc          ] GC(3) Pause Young (Normal) (G1 Evacuation Pause) 143M->72M(2048M) 5.371ms
[0.767s][info][gc,cpu      ] GC(3) User=0.00s Sys=0.00s Real=0.01s
[0.847s][info][gc,start    ] GC(4) Pause Young (Normal) (G1 Evacuation Pause)
[0.847s][info][gc,task     ] GC(4) Using 10 workers of 10 for evacuation
[0.854s][info][gc,phases   ] GC(4)   Pre Evacuate Collection Set: 0.3ms
[0.854s][info][gc,phases   ] GC(4)   Merge Heap Roots: 0.1ms
[0.854s][info][gc,phases   ] GC(4)   Evacuate Collection Set: 5.2ms
[0.854s][info][gc,phases   ] GC(4)   Post Evacuate Collection Set: 0.7ms
[0.854s][info][gc,phases   ] GC(4)   Other: 0.1ms
[0.854s][info][gc,heap     ] GC(4) Eden regions: 58->0(96)
[0.854s][info][gc,heap     ] GC(4) Survivor regions: 7->9(9)
[0.854s][info][gc,heap     ] GC(4) Old regions: 30->39
[0.854s][info][gc,heap     ] GC(4) Humongous regions: 0->0
[0.854s][info][gc,metaspace] GC(4) Metaspace: 1297K(1472K)->1297K(1472K) NonClass: 1201K(1280K)->1201K(1280K) Class: 96K(192K)->96K(192K)
[0.854s][info][gc          ] GC(4) Pause Young (Normal) (G1 Evacuation Pause) 188M->95M(2048M) 6.631ms
[0.854s][info][gc,cpu      ] GC(4) User=0.02s Sys=0.00s Real=0.01s
[0.992s][info][gc,start    ] GC(5) Pause Young (Normal) (G1 Evacuation Pause)
[0.992s][info][gc,task     ] GC(5) Using 10 workers of 10 for evacuation
[1.001s][info][gc,phases   ] GC(5)   Pre Evacuate Collection Set: 0.3ms
[1.001s][info][gc,phases   ] GC(5)   Merge Heap Roots: 0.1ms
[1.001s][info][gc,phases   ] GC(5)   Evacuate Collection Set: 8.0ms
[1.001s][info][gc,phases   ] GC(5)   Post Evacuate Collection Set: 0.6ms
[1.001s][info][gc,phases   ] GC(5)   Other: 0.1ms
[1.001s][info][gc,heap     ] GC(5) Eden regions: 96->0(93)
[1.001s][info][gc,heap     ] GC(5) Survivor regions: 9->14(14)
[1.001s][info][gc,heap     ] GC(5) Old regions: 39->53
[1.001s][info][gc,heap     ] GC(5) Humongous regions: 0->0
[1.001s][info][gc,metaspace] GC(5) Metaspace: 1297K(1472K)->1297K(1472K) NonClass: 1201K(1280K)->1201K(1280K) Class: 96K(192K)->96K(192K)
[1.001s][info][gc          ] GC(5) Pause Young (Normal) (G1 Evacuation Pause) 287M->132M(2048M) 9.382ms
[1.001s][info][gc,cpu      ] GC(5) User=0.00s Sys=0.00s Real=0.01s
[1.111s][info][gc,start    ] GC(6) Pause Young (Normal) (G1 Evacuation Pause)
[1.111s][info][gc,task     ] GC(6) Using 10 workers of 10 for evacuation
[1.121s][info][gc,phases   ] GC(6)   Pre Evacuate Collection Set: 0.3ms
[1.121s][info][gc,phases   ] GC(6)   Merge Heap Roots: 0.1ms
[1.121s][info][gc,phases   ] GC(6)   Evacuate Collection Set: 8.7ms
[1.121s][info][gc,phases   ] GC(6)   Post Evacuate Collection Set: 0.7ms
[1.121s][info][gc,phases   ] GC(6)   Other: 0.1ms
[1.121s][info][gc,heap     ] GC(6) Eden regions: 93->0(108)
[1.121s][info][gc,heap     ] GC(6) Survivor regions: 14->14(14)
[1.121s][info][gc,heap     ] GC(6) Old regions: 53->71
[1.121s][info][gc,heap     ] GC(6) Humongous regions: 1->0
[1.121s][info][gc,metaspace] GC(6) Metaspace: 1297K(1472K)->1297K(1472K) NonClass: 1201K(1280K)->1201K(1280K) Class: 96K(192K)->96K(192K)
[1.121s][info][gc          ] GC(6) Pause Young (Normal) (G1 Evacuation Pause) 320M->169M(2048M) 10.243ms
[1.121s][info][gc,cpu      ] GC(6) User=0.05s Sys=0.00s Real=0.01s
[1.248s][info][gc,start    ] GC(7) Pause Young (Normal) (G1 Evacuation Pause)
[1.248s][info][gc,task     ] GC(7) Using 10 workers of 10 for evacuation
[1.259s][info][gc,phases   ] GC(7)   Pre Evacuate Collection Set: 0.4ms
[1.259s][info][gc,phases   ] GC(7)   Merge Heap Roots: 0.2ms
[1.259s][info][gc,phases   ] GC(7)   Evacuate Collection Set: 10.1ms
[1.259s][info][gc,phases   ] GC(7)   Post Evacuate Collection Set: 0.7ms
[1.259s][info][gc,phases   ] GC(7)   Other: 0.1ms
[1.259s][info][gc,heap     ] GC(7) Eden regions: 108->0(142)
[1.259s][info][gc,heap     ] GC(7) Survivor regions: 14->16(16)
[1.259s][info][gc,heap     ] GC(7) Old regions: 71->90
[1.259s][info][gc,heap     ] GC(7) Humongous regions: 0->0
[1.259s][info][gc,metaspace] GC(7) Metaspace: 1297K(1472K)->1297K(1472K) NonClass: 1201K(1280K)->1201K(1280K) Class: 96K(192K)->96K(192K)
[1.259s][info][gc          ] GC(7) Pause Young (Normal) (G1 Evacuation Pause) 385M->211M(2048M) 11.692ms
[1.259s][info][gc,cpu      ] GC(7) User=0.00s Sys=0.02s Real=0.01s
[1.435s][info][gc,start    ] GC(8) Pause Young (Normal) (G1 Evacuation Pause)
[1.435s][info][gc,task     ] GC(8) Using 10 workers of 10 for evacuation
[1.449s][info][gc,phases   ] GC(8)   Pre Evacuate Collection Set: 0.3ms
[1.449s][info][gc,phases   ] GC(8)   Merge Heap Roots: 0.2ms
[1.449s][info][gc,phases   ] GC(8)   Evacuate Collection Set: 12.4ms
[1.449s][info][gc,phases   ] GC(8)   Post Evacuate Collection Set: 0.7ms
[1.449s][info][gc,phases   ] GC(8)   Other: 0.1ms
[1.449s][info][gc,heap     ] GC(8) Eden regions: 142->0(180)
[1.449s][info][gc,heap     ] GC(8) Survivor regions: 16->20(20)
[1.449s][info][gc,heap     ] GC(8) Old regions: 90->114
[1.449s][info][gc,heap     ] GC(8) Humongous regions: 1->0
[1.449s][info][gc,metaspace] GC(8) Metaspace: 1297K(1472K)->1297K(1472K) NonClass: 1201K(1280K)->1201K(1280K) Class: 96K(192K)->96K(192K)
[1.449s][info][gc          ] GC(8) Pause Young (Normal) (G1 Evacuation Pause) 497M->266M(2048M) 13.945ms
[1.449s][info][gc,cpu      ] GC(8) User=0.00s Sys=0.02s Real=0.01s
[1.667s][info][gc,start    ] GC(9) Pause Young (Normal) (G1 Evacuation Pause)
[1.667s][info][gc,task     ] GC(9) Using 10 workers of 10 for evacuation
[1.685s][info][gc,phases   ] GC(9)   Pre Evacuate Collection Set: 0.3ms
[1.685s][info][gc,phases   ] GC(9)   Merge Heap Roots: 0.1ms
[1.685s][info][gc,phases   ] GC(9)   Evacuate Collection Set: 15.9ms
[1.685s][info][gc,phases   ] GC(9)   Post Evacuate Collection Set: 0.9ms
[1.685s][info][gc,phases   ] GC(9)   Other: 0.1ms
[1.685s][info][gc,heap     ] GC(9) Eden regions: 180->0(215)
[1.685s][info][gc,heap     ] GC(9) Survivor regions: 20->25(25)
[1.685s][info][gc,heap     ] GC(9) Old regions: 114->146
[1.685s][info][gc,heap     ] GC(9) Humongous regions: 0->0
[1.685s][info][gc,metaspace] GC(9) Metaspace: 1297K(1472K)->1297K(1472K) NonClass: 1201K(1280K)->1201K(1280K) Class: 96K(192K)->96K(192K)
[1.685s][info][gc          ] GC(9) Pause Young (Normal) (G1 Evacuation Pause) 626M->340M(2048M) 17.584ms
[1.685s][info][gc,cpu      ] GC(9) User=0.00s Sys=0.02s Real=0.02s
[1.948s][info][gc,start    ] GC(10) Pause Young (Normal) (G1 Evacuation Pause)
[1.948s][info][gc,task     ] GC(10) Using 10 workers of 10 for evacuation
[1.970s][info][gc,phases   ] GC(10)   Pre Evacuate Collection Set: 0.4ms
[1.970s][info][gc,phases   ] GC(10)   Merge Heap Roots: 0.2ms
[1.970s][info][gc,phases   ] GC(10)   Evacuate Collection Set: 21.3ms
[1.970s][info][gc,phases   ] GC(10)   Post Evacuate Collection Set: 0.8ms
[1.970s][info][gc,phases   ] GC(10)   Other: 0.1ms
[1.970s][info][gc,heap     ] GC(10) Eden regions: 215->0(258)
[1.970s][info][gc,heap     ] GC(10) Survivor regions: 25->30(30)
[1.971s][info][gc,heap     ] GC(10) Old regions: 146->182
[1.971s][info][gc,heap     ] GC(10) Humongous regions: 0->0
[1.971s][info][gc,metaspace] GC(10) Metaspace: 1297K(1472K)->1297K(1472K) NonClass: 1201K(1280K)->1201K(1280K) Class: 96K(192K)->96K(192K)
[1.971s][info][gc          ] GC(10) Pause Young (Normal) (G1 Evacuation Pause) 770M->422M(2048M) 23.021ms
[1.971s][info][gc,cpu      ] GC(10) User=0.05s Sys=0.03s Real=0.02s
[2.276s][info][gc,start    ] GC(11) Pause Young (Normal) (G1 Evacuation Pause)
[2.276s][info][gc,task     ] GC(11) Using 10 workers of 10 for evacuation
[2.302s][info][gc,phases   ] GC(11)   Pre Evacuate Collection Set: 0.3ms
[2.302s][info][gc,phases   ] GC(11)   Merge Heap Roots: 0.2ms
[2.302s][info][gc,phases   ] GC(11)   Evacuate Collection Set: 23.9ms
[2.302s][info][gc,phases   ] GC(11)   Post Evacuate Collection Set: 1.0ms
[2.302s][info][gc,phases   ] GC(11)   Other: 0.1ms
[2.302s][info][gc,heap     ] GC(11) Eden regions: 258->0(301)
[2.302s][info][gc,heap     ] GC(11) Survivor regions: 30->36(36)
[2.302s][info][gc,heap     ] GC(11) Old regions: 182->227
[2.302s][info][gc,heap     ] GC(11) Humongous regions: 1->0
[2.302s][info][gc,metaspace] GC(11) Metaspace: 1297K(1472K)->1297K(1472K) NonClass: 1201K(1280K)->1201K(1280K) Class: 96K(192K)->96K(192K)
[2.302s][info][gc          ] GC(11) Pause Young (Normal) (G1 Evacuation Pause) 940M->524M(2130M) 25.712ms
[2.302s][info][gc,cpu      ] GC(11) User=0.08s Sys=0.06s Real=0.03s
[2.675s][info][gc,start    ] GC(12) Pause Young (Normal) (G1 Evacuation Pause)
[2.675s][info][gc,task     ] GC(12) Using 10 workers of 10 for evacuation
[2.702s][info][gc,phases   ] GC(12)   Pre Evacuate Collection Set: 0.4ms
[2.702s][info][gc,phases   ] GC(12)   Merge Heap Roots: 0.1ms
[2.702s][info][gc,phases   ] GC(12)   Evacuate Collection Set: 25.4ms
[2.702s][info][gc,phases   ] GC(12)   Post Evacuate Collection Set: 0.8ms
[2.702s][info][gc,phases   ] GC(12)   Other: 0.1ms
[2.702s][info][gc,heap     ] GC(12) Eden regions: 301->0(362)
[2.702s][info][gc,heap     ] GC(12) Survivor regions: 36->43(43)
[2.702s][info][gc,heap     ] GC(12) Old regions: 227->279
[2.702s][info][gc,heap     ] GC(12) Humongous regions: 3->0
[2.702s][info][gc,metaspace] GC(12) Metaspace: 1297K(1472K)->1297K(1472K) NonClass: 1201K(1280K)->1201K(1280K) Class: 96K(192K)->96K(192K)
[2.702s][info][gc          ] GC(12) Pause Young (Normal) (G1 Evacuation Pause) 1132M->643M(2130M) 27.011ms
[2.702s][info][gc,cpu      ] GC(12) User=0.03s Sys=0.12s Real=0.03s
[3.137s][info][gc,start    ] GC(13) Pause Young (Normal) (G1 Evacuation Pause)
[3.137s][info][gc,task     ] GC(13) Using 10 workers of 10 for evacuation
[3.174s][info][gc,phases   ] GC(13)   Pre Evacuate Collection Set: 0.4ms
[3.174s][info][gc,phases   ] GC(13)   Merge Heap Roots: 0.2ms
[3.174s][info][gc,phases   ] GC(13)   Evacuate Collection Set: 35.1ms
[3.174s][info][gc,phases   ] GC(13)   Post Evacuate Collection Set: 0.9ms
[3.174s][info][gc,phases   ] GC(13)   Other: 0.1ms
[3.174s][info][gc,heap     ] GC(13) Eden regions: 362->0(405)
[3.174s][info][gc,heap     ] GC(13) Survivor regions: 43->51(51)
[3.174s][info][gc,heap     ] GC(13) Old regions: 279->343
[3.174s][info][gc,heap     ] GC(13) Humongous regions: 9->0
[3.174s][info][gc,metaspace] GC(13) Metaspace: 1298K(1472K)->1298K(1472K) NonClass: 1202K(1280K)->1202K(1280K) Class: 96K(192K)->96K(192K)
[3.174s][info][gc          ] GC(13) Pause Young (Normal) (G1 Evacuation Pause) 1385M->787M(2130M) 36.882ms
[3.174s][info][gc,cpu      ] GC(13) User=0.05s Sys=0.08s Real=0.04s
[3.645s][info][gc,start    ] GC(14) Pause Young (Normal) (G1 Evacuation Pause)
[3.645s][info][gc,task     ] GC(14) Using 10 workers of 10 for evacuation
[3.687s][info][gc,phases   ] GC(14)   Pre Evacuate Collection Set: 0.4ms
[3.687s][info][gc,phases   ] GC(14)   Merge Heap Roots: 0.2ms
[3.688s][info][gc,phases   ] GC(14)   Evacuate Collection Set: 40.4ms
[3.688s][info][gc,phases   ] GC(14)   Post Evacuate Collection Set: 0.8ms
[3.688s][info][gc,phases   ] GC(14)   Other: 0.1ms
[3.688s][info][gc,heap     ] GC(14) Eden regions: 405->0(379)
[3.688s][info][gc,heap     ] GC(14) Survivor regions: 51->57(57)
[3.688s][info][gc,heap     ] GC(14) Old regions: 343->417
[3.688s][info][gc,heap     ] GC(14) Humongous regions: 3->0
[3.688s][info][gc,metaspace] GC(14) Metaspace: 1298K(1472K)->1298K(1472K) NonClass: 1202K(1280K)->1202K(1280K) Class: 96K(192K)->96K(192K)
[3.688s][info][gc          ] GC(14) Pause Young (Normal) (G1 Evacuation Pause) 1603M->947M(2130M) 42.979ms
[3.688s][info][gc,cpu      ] GC(14) User=0.11s Sys=0.28s Real=0.04s
[4.117s][info][gc,start    ] GC(15) Pause Young (Normal) (G1 Evacuation Pause)
[4.117s][info][gc,task     ] GC(15) Using 10 workers of 10 for evacuation
[4.148s][info][gc,phases   ] GC(15)   Pre Evacuate Collection Set: 0.4ms
[4.148s][info][gc,phases   ] GC(15)   Merge Heap Roots: 0.2ms
[4.148s][info][gc,phases   ] GC(15)   Evacuate Collection Set: 28.5ms
[4.148s][info][gc,phases   ] GC(15)   Post Evacuate Collection Set: 0.9ms
[4.148s][info][gc,phases   ] GC(15)   Other: 0.1ms
[4.148s][info][gc,heap     ] GC(15) Eden regions: 379->0(341)
[4.148s][info][gc,heap     ] GC(15) Survivor regions: 57->55(55)
[4.148s][info][gc,heap     ] GC(15) Old regions: 417->495
[4.148s][info][gc,heap     ] GC(15) Humongous regions: 2->0
[4.148s][info][gc,metaspace] GC(15) Metaspace: 1298K(1472K)->1298K(1472K) NonClass: 1202K(1280K)->1202K(1280K) Class: 96K(192K)->96K(192K)
[4.148s][info][gc          ] GC(15) Pause Young (Normal) (G1 Evacuation Pause) 1709M->1098M(2130M) 30.297ms
[4.148s][info][gc,cpu      ] GC(15) User=0.05s Sys=0.11s Real=0.03s
[4.520s][info][gc,start    ] GC(16) Pause Young (Concurrent Start) (G1 Humongous Allocation)
[4.520s][info][gc,task     ] GC(16) Using 10 workers of 10 for evacuation
[4.547s][info][gc,phases   ] GC(16)   Pre Evacuate Collection Set: 0.5ms
[4.547s][info][gc,phases   ] GC(16)   Merge Heap Roots: 0.2ms
[4.547s][info][gc,phases   ] GC(16)   Evacuate Collection Set: 25.6ms
[4.547s][info][gc,phases   ] GC(16)   Post Evacuate Collection Set: 0.9ms
[4.547s][info][gc,phases   ] GC(16)   Other: 0.2ms
[4.547s][info][gc,heap     ] GC(16) Eden regions: 326->0(304)
[4.547s][info][gc,heap     ] GC(16) Survivor regions: 55->50(50)
[4.547s][info][gc,heap     ] GC(16) Old regions: 495->564
[4.547s][info][gc,heap     ] GC(16) Humongous regions: 0->0
[4.547s][info][gc,metaspace] GC(16) Metaspace: 1298K(1472K)->1298K(1472K) NonClass: 1202K(1280K)->1202K(1280K) Class: 96K(192K)->96K(192K)
[4.547s][info][gc          ] GC(16) Pause Young (Concurrent Start) (G1 Humongous Allocation) 1749M->1227M(2130M) 27.581ms
[4.547s][info][gc,cpu      ] GC(16) User=0.09s Sys=0.06s Real=0.03s
[4.548s][info][gc          ] GC(17) Concurrent Mark Cycle
[4.548s][info][gc,marking  ] GC(17) Concurrent Scan Root Regions
[4.549s][info][gc,marking  ] GC(17) Concurrent Scan Root Regions 1.884ms
[4.549s][info][gc,marking  ] GC(17) Concurrent Mark
[4.549s][info][gc,marking  ] GC(17) Concurrent Mark From Roots
[4.550s][info][gc,task     ] GC(17) Using 3 workers of 3 for marking
[4.555s][info][gc,marking  ] GC(17) Concurrent Mark From Roots 5.718ms
[4.555s][info][gc,marking  ] GC(17) Concurrent Preclean
[4.555s][info][gc,marking  ] GC(17) Concurrent Preclean 0.019ms
[4.555s][info][gc,start    ] GC(17) Pause Remark
[4.557s][info][gc          ] GC(17) Pause Remark 1239M->1239M(2130M) 1.837ms
[4.557s][info][gc,cpu      ] GC(17) User=0.00s Sys=0.00s Real=0.00s
[4.557s][info][gc,marking  ] GC(17) Concurrent Mark 7.807ms
[4.557s][info][gc,marking  ] GC(17) Concurrent Rebuild Remembered Sets and Scrub Regions
[4.559s][info][gc,marking  ] GC(17) Concurrent Rebuild Remembered Sets and Scrub Regions 1.199ms
[4.559s][info][gc,start    ] GC(17) Pause Cleanup
[4.559s][info][gc          ] GC(17) Pause Cleanup 1241M->1241M(2130M) 0.307ms
[4.559s][info][gc,cpu      ] GC(17) User=0.00s Sys=0.00s Real=0.00s
[4.559s][info][gc,marking  ] GC(17) Concurrent Clear Claimed Marks
[4.559s][info][gc,marking  ] GC(17) Concurrent Clear Claimed Marks 0.029ms
[4.559s][info][gc,marking  ] GC(17) Concurrent Cleanup for Next Mark
[4.564s][info][gc,marking  ] GC(17) Concurrent Cleanup for Next Mark 4.543ms
[4.564s][info][gc          ] GC(17) Concurrent Mark Cycle 16.216ms
[4.900s][info][gc,start    ] GC(18) Pause Young (Prepare Mixed) (G1 Evacuation Pause)
[4.900s][info][gc,task     ] GC(18) Using 10 workers of 10 for evacuation
[4.926s][info][gc,phases   ] GC(18)   Pre Evacuate Collection Set: 0.3ms
[4.926s][info][gc,phases   ] GC(18)   Merge Heap Roots: 0.2ms
[4.926s][info][gc,phases   ] GC(18)   Evacuate Collection Set: 24.5ms
[4.926s][info][gc,phases   ] GC(18)   Post Evacuate Collection Set: 1.0ms
[4.926s][info][gc,phases   ] GC(18)   Other: 0.1ms
[4.926s][info][gc,heap     ] GC(18) Eden regions: 304->0(262)
[4.926s][info][gc,heap     ] GC(18) Survivor regions: 50->45(45)
[4.926s][info][gc,heap     ] GC(18) Old regions: 564->630
[4.926s][info][gc,heap     ] GC(18) Humongous regions: 5->0
[4.926s][info][gc,metaspace] GC(18) Metaspace: 1298K(1472K)->1298K(1472K) NonClass: 1202K(1280K)->1202K(1280K) Class: 96K(192K)->96K(192K)
[4.926s][info][gc          ] GC(18) Pause Young (Prepare Mixed) (G1 Evacuation Pause) 1845M->1349M(2130M) 26.497ms
[4.926s][info][gc,cpu      ] GC(18) User=0.14s Sys=0.00s Real=0.03s
[5.226s][info][gc,start    ] GC(19) Pause Young (Mixed) (G1 Evacuation Pause)
[5.226s][info][gc,task     ] GC(19) Using 10 workers of 10 for evacuation
[5.249s][info][gc,phases   ] GC(19)   Pre Evacuate Collection Set: 0.4ms
[5.249s][info][gc,phases   ] GC(19)   Merge Heap Roots: 0.2ms
[5.249s][info][gc,phases   ] GC(19)   Evacuate Collection Set: 20.9ms
[5.249s][info][gc,phases   ] GC(19)   Post Evacuate Collection Set: 1.0ms
[5.249s][info][gc,phases   ] GC(19)   Other: 0.1ms
[5.249s][info][gc,heap     ] GC(19) Eden regions: 262->0(227)
[5.249s][info][gc,heap     ] GC(19) Survivor regions: 45->39(39)
[5.249s][info][gc,heap     ] GC(19) Old regions: 630->687
[5.249s][info][gc,heap     ] GC(19) Humongous regions: 2->0
[5.249s][info][gc,metaspace] GC(19) Metaspace: 1298K(1472K)->1298K(1472K) NonClass: 1202K(1280K)->1202K(1280K) Class: 96K(192K)->96K(192K)
[5.249s][info][gc          ] GC(19) Pause Young (Mixed) (G1 Evacuation Pause) 1877M->1450M(2130M) 22.872ms
[5.249s][info][gc,cpu      ] GC(19) User=0.14s Sys=0.00s Real=0.02s
[5.468s][info][gc,start    ] GC(20) Pause Young (Concurrent Start) (G1 Humongous Allocation)
[5.468s][info][gc,task     ] GC(20) Using 10 workers of 10 for evacuation
[5.486s][info][gc,phases   ] GC(20)   Pre Evacuate Collection Set: 0.4ms
[5.486s][info][gc,phases   ] GC(20)   Merge Heap Roots: 0.1ms
[5.486s][info][gc,phases   ] GC(20)   Evacuate Collection Set: 15.8ms
[5.486s][info][gc,phases   ] GC(20)   Post Evacuate Collection Set: 0.8ms
[5.486s][info][gc,phases   ] GC(20)   Other: 0.2ms
[5.486s][info][gc,heap     ] GC(20) Eden regions: 187->0(203)
[5.486s][info][gc,heap     ] GC(20) Survivor regions: 39->34(34)
[5.486s][info][gc,heap     ] GC(20) Old regions: 687->729
[5.486s][info][gc,heap     ] GC(20) Humongous regions: 0->0
[5.486s][info][gc,metaspace] GC(20) Metaspace: 1298K(1472K)->1298K(1472K) NonClass: 1202K(1280K)->1202K(1280K) Class: 96K(192K)->96K(192K)
[5.486s][info][gc          ] GC(20) Pause Young (Concurrent Start) (G1 Humongous Allocation) 1824M->1524M(2130M) 17.584ms
[5.486s][info][gc,cpu      ] GC(20) User=0.02s Sys=0.00s Real=0.02s
[5.486s][info][gc          ] GC(21) Concurrent Mark Cycle
[5.486s][info][gc,marking  ] GC(21) Concurrent Scan Root Regions
[5.486s][info][gc,marking  ] GC(21) Concurrent Scan Root Regions 0.322ms
[5.486s][info][gc,marking  ] GC(21) Concurrent Mark
[5.486s][info][gc,marking  ] GC(21) Concurrent Mark From Roots
[5.486s][info][gc,task     ] GC(21) Using 3 workers of 3 for marking
[5.491s][info][gc,marking  ] GC(21) Concurrent Mark From Roots 4.462ms
[5.491s][info][gc,marking  ] GC(21) Concurrent Preclean
[5.491s][info][gc,marking  ] GC(21) Concurrent Preclean 0.022ms
[5.491s][info][gc,start    ] GC(21) Pause Remark
[5.494s][info][gc          ] GC(21) Pause Remark 1533M->1533M(2560M) 3.299ms
[5.494s][info][gc,cpu      ] GC(21) User=0.00s Sys=0.00s Real=0.00s
[5.495s][info][gc,marking  ] GC(21) Concurrent Mark 8.202ms
[5.495s][info][gc,marking  ] GC(21) Concurrent Rebuild Remembered Sets and Scrub Regions
[5.496s][info][gc,marking  ] GC(21) Concurrent Rebuild Remembered Sets and Scrub Regions 1.586ms
[5.496s][info][gc,start    ] GC(21) Pause Cleanup
[5.497s][info][gc          ] GC(21) Pause Cleanup 1535M->1535M(2560M) 0.370ms
[5.497s][info][gc,cpu      ] GC(21) User=0.00s Sys=0.00s Real=0.00s
[5.497s][info][gc,marking  ] GC(21) Concurrent Clear Claimed Marks
[5.497s][info][gc,marking  ] GC(21) Concurrent Clear Claimed Marks 0.034ms
[5.497s][info][gc,marking  ] GC(21) Concurrent Cleanup for Next Mark
[5.501s][info][gc,marking  ] GC(21) Concurrent Cleanup for Next Mark 4.123ms
[5.501s][info][gc          ] GC(21) Concurrent Mark Cycle 15.116ms
[5.850s][info][gc,start    ] GC(22) Pause Young (Prepare Mixed) (G1 Evacuation Pause)
[5.850s][info][gc,task     ] GC(22) Using 10 workers of 10 for evacuation
[5.869s][info][gc,phases   ] GC(22)   Pre Evacuate Collection Set: 0.3ms
[5.869s][info][gc,phases   ] GC(22)   Merge Heap Roots: 0.1ms
[5.869s][info][gc,phases   ] GC(22)   Evacuate Collection Set: 16.9ms
[5.869s][info][gc,phases   ] GC(22)   Post Evacuate Collection Set: 1.4ms
[5.869s][info][gc,phases   ] GC(22)   Other: 0.1ms
[5.869s][info][gc,heap     ] GC(22) Eden regions: 203->0(348)
[5.869s][info][gc,heap     ] GC(22) Survivor regions: 34->30(30)
[5.869s][info][gc,heap     ] GC(22) Old regions: 729->772
[5.869s][info][gc,heap     ] GC(22) Humongous regions: 3->0
[5.869s][info][gc,metaspace] GC(22) Metaspace: 1298K(1472K)->1298K(1472K) NonClass: 1202K(1280K)->1202K(1280K) Class: 96K(192K)->96K(192K)
[5.869s][info][gc          ] GC(22) Pause Young (Prepare Mixed) (G1 Evacuation Pause) 1936M->1603M(2710M) 19.126ms
[5.869s][info][gc,cpu      ] GC(22) User=0.16s Sys=0.00s Real=0.02s
[6.303s][info][gc,start    ] GC(23) Pause Young (Mixed) (G1 Evacuation Pause)
[6.303s][info][gc,task     ] GC(23) Using 10 workers of 10 for evacuation
[6.326s][info][gc,phases   ] GC(23)   Pre Evacuate Collection Set: 0.4ms
[6.326s][info][gc,phases   ] GC(23)   Merge Heap Roots: 0.2ms
[6.326s][info][gc,phases   ] GC(23)   Evacuate Collection Set: 21.6ms
[6.326s][info][gc,phases   ] GC(23)   Post Evacuate Collection Set: 0.9ms
[6.326s][info][gc,phases   ] GC(23)   Other: 0.1ms
[6.326s][info][gc,heap     ] GC(23) Eden regions: 348->0(313)
[6.326s][info][gc,heap     ] GC(23) Survivor regions: 30->48(48)
[6.326s][info][gc,heap     ] GC(23) Old regions: 772->822
[6.326s][info][gc,heap     ] GC(23) Humongous regions: 4->0
[6.326s][info][gc,metaspace] GC(23) Metaspace: 1298K(1472K)->1298K(1472K) NonClass: 1202K(1280K)->1202K(1280K) Class: 96K(192K)->96K(192K)
[6.326s][info][gc          ] GC(23) Pause Young (Mixed) (G1 Evacuation Pause) 2307M->1739M(2710M) 23.464ms
[6.326s][info][gc,cpu      ] GC(23) User=0.12s Sys=0.02s Real=0.02s
[6.563s][info][gc,start    ] GC(24) Pause Young (Concurrent Start) (G1 Humongous Allocation)
[6.563s][info][gc,task     ] GC(24) Using 10 workers of 10 for evacuation
[6.583s][info][gc,phases   ] GC(24)   Pre Evacuate Collection Set: 0.4ms
[6.583s][info][gc,phases   ] GC(24)   Merge Heap Roots: 0.2ms
[6.583s][info][gc,phases   ] GC(24)   Evacuate Collection Set: 18.3ms
[6.583s][info][gc,phases   ] GC(24)   Post Evacuate Collection Set: 0.9ms
[6.583s][info][gc,phases   ] GC(24)   Other: 0.2ms
[6.584s][info][gc,heap     ] GC(24) Eden regions: 212->0(291)
[6.584s][info][gc,heap     ] GC(24) Survivor regions: 48->43(46)
[6.584s][info][gc,heap     ] GC(24) Old regions: 822->871
[6.584s][info][gc,heap     ] GC(24) Humongous regions: 0->0
[6.584s][info][gc,metaspace] GC(24) Metaspace: 1298K(1472K)->1298K(1472K) NonClass: 1202K(1280K)->1202K(1280K) Class: 96K(192K)->96K(192K)
[6.584s][info][gc          ] GC(24) Pause Young (Concurrent Start) (G1 Humongous Allocation) 2162M->1825M(2710M) 20.332ms
[6.584s][info][gc,cpu      ] GC(24) User=0.16s Sys=0.00s Real=0.02s
[6.584s][info][gc          ] GC(25) Concurrent Mark Cycle
[6.584s][info][gc,marking  ] GC(25) Concurrent Scan Root Regions
[6.585s][info][gc,marking  ] GC(25) Concurrent Scan Root Regions 1.037ms
[6.585s][info][gc,marking  ] GC(25) Concurrent Mark
[6.585s][info][gc,marking  ] GC(25) Concurrent Mark From Roots
[6.585s][info][gc,task     ] GC(25) Using 3 workers of 3 for marking
[6.591s][info][gc,marking  ] GC(25) Concurrent Mark From Roots 6.039ms
[6.591s][info][gc,marking  ] GC(25) Concurrent Preclean
[6.591s][info][gc,marking  ] GC(25) Concurrent Preclean 0.022ms
[6.591s][info][gc,start    ] GC(25) Pause Remark
[6.594s][info][gc          ] GC(25) Pause Remark 1834M->1834M(3064M) 2.681ms
[6.594s][info][gc,cpu      ] GC(25) User=0.00s Sys=0.00s Real=0.00s
[6.594s][info][gc,marking  ] GC(25) Concurrent Mark 9.092ms
[6.594s][info][gc,marking  ] GC(25) Concurrent Rebuild Remembered Sets and Scrub Regions
[6.596s][info][gc,marking  ] GC(25) Concurrent Rebuild Remembered Sets and Scrub Regions 1.796ms
[6.596s][info][gc,start    ] GC(25) Pause Cleanup
[6.596s][info][gc          ] GC(25) Pause Cleanup 1836M->1836M(3064M) 0.392ms
[6.596s][info][gc,cpu      ] GC(25) User=0.00s Sys=0.00s Real=0.00s
[6.596s][info][gc,marking  ] GC(25) Concurrent Clear Claimed Marks
[6.596s][info][gc,marking  ] GC(25) Concurrent Clear Claimed Marks 0.034ms
[6.596s][info][gc,marking  ] GC(25) Concurrent Cleanup for Next Mark
[6.601s][info][gc,marking  ] GC(25) Concurrent Cleanup for Next Mark 4.627ms
[6.601s][info][gc          ] GC(25) Concurrent Mark Cycle 17.438ms
[7.063s][info][gc,start    ] GC(26) Pause Young (Prepare Mixed) (G1 Evacuation Pause)
[7.063s][info][gc,task     ] GC(26) Using 10 workers of 10 for evacuation
[7.084s][info][gc,phases   ] GC(26)   Pre Evacuate Collection Set: 0.4ms
[7.084s][info][gc,phases   ] GC(26)   Merge Heap Roots: 0.1ms
[7.084s][info][gc,phases   ] GC(26)   Evacuate Collection Set: 19.8ms
[7.085s][info][gc,phases   ] GC(26)   Post Evacuate Collection Set: 0.8ms
[7.085s][info][gc,phases   ] GC(26)   Other: 0.1ms
[7.085s][info][gc,heap     ] GC(26) Eden regions: 291->0(362)
[7.085s][info][gc,heap     ] GC(26) Survivor regions: 43->42(42)
[7.085s][info][gc,heap     ] GC(26) Old regions: 871->924
[7.085s][info][gc,heap     ] GC(26) Humongous regions: 3->0
[7.085s][info][gc,metaspace] GC(26) Metaspace: 1299K(1472K)->1299K(1472K) NonClass: 1203K(1280K)->1203K(1280K) Class: 96K(192K)->96K(192K)
[7.085s][info][gc          ] GC(26) Pause Young (Prepare Mixed) (G1 Evacuation Pause) 2413M->1931M(3064M) 21.549ms
[7.085s][info][gc,cpu      ] GC(26) User=0.16s Sys=0.00s Real=0.02s
[7.677s][info][gc,start    ] GC(27) Pause Young (Mixed) (G1 Evacuation Pause)
[7.677s][info][gc,task     ] GC(27) Using 10 workers of 10 for evacuation
[7.702s][info][gc,phases   ] GC(27)   Pre Evacuate Collection Set: 0.3ms
[7.702s][info][gc,phases   ] GC(27)   Merge Heap Roots: 0.1ms
[7.702s][info][gc,phases   ] GC(27)   Evacuate Collection Set: 24.1ms
[7.702s][info][gc,phases   ] GC(27)   Post Evacuate Collection Set: 0.6ms
[7.702s][info][gc,phases   ] GC(27)   Other: 0.1ms
[7.702s][info][gc,heap     ] GC(27) Eden regions: 362->0(331)
[7.702s][info][gc,heap     ] GC(27) Survivor regions: 42->51(51)
[7.702s][info][gc,heap     ] GC(27) Old regions: 924->980
[7.702s][info][gc,heap     ] GC(27) Humongous regions: 1->0
[7.702s][info][gc,metaspace] GC(27) Metaspace: 1750K(1920K)->1750K(1920K) NonClass: 1595K(1664K)->1595K(1664K) Class: 154K(256K)->154K(256K)
[7.702s][info][gc          ] GC(27) Pause Young (Mixed) (G1 Evacuation Pause) 2657M->2060M(3064M) 25.624ms
[7.702s][info][gc,cpu      ] GC(27) User=0.28s Sys=0.00s Real=0.02s
[8.265s][info][gc,start    ] GC(28) Pause Young (Concurrent Start) (G1 Evacuation Pause)
[8.265s][info][gc,task     ] GC(28) Using 10 workers of 10 for evacuation
[8.291s][info][gc,phases   ] GC(28)   Pre Evacuate Collection Set: 0.4ms
[8.291s][info][gc,phases   ] GC(28)   Merge Heap Roots: 0.1ms
[8.291s][info][gc,phases   ] GC(28)   Evacuate Collection Set: 24.7ms
[8.291s][info][gc,phases   ] GC(28)   Post Evacuate Collection Set: 0.8ms
[8.291s][info][gc,phases   ] GC(28)   Other: 0.2ms
[8.291s][info][gc,heap     ] GC(28) Eden regions: 331->0(334)
[8.291s][info][gc,heap     ] GC(28) Survivor regions: 51->17(48)
[8.291s][info][gc,heap     ] GC(28) Old regions: 980->1030
[8.291s][info][gc,heap     ] GC(28) Humongous regions: 4->4
[8.291s][info][gc,metaspace] GC(28) Metaspace: 1765K(1920K)->1765K(1920K) NonClass: 1610K(1664K)->1610K(1664K) Class: 154K(256K)->154K(256K)
[8.291s][info][gc          ] GC(28) Pause Young (Concurrent Start) (G1 Evacuation Pause) 2730M->2101M(3064M) 26.485ms
[8.291s][info][gc,cpu      ] GC(28) User=0.16s Sys=0.00s Real=0.03s
[8.291s][info][gc          ] GC(29) Concurrent Mark Cycle
[8.292s][info][gc,marking  ] GC(29) Concurrent Scan Root Regions
[8.299s][info][gc,marking  ] GC(29) Concurrent Scan Root Regions 7.383ms
[8.299s][info][gc,marking  ] GC(29) Concurrent Mark
[8.299s][info][gc,marking  ] GC(29) Concurrent Mark From Roots
[8.299s][info][gc,task     ] GC(29) Using 3 workers of 3 for marking
[8.308s][info][gc,marking  ] GC(29) Concurrent Mark From Roots 8.600ms
[8.308s][info][gc,marking  ] GC(29) Concurrent Preclean
[8.308s][info][gc,marking  ] GC(29) Concurrent Preclean 0.018ms
[8.308s][info][gc,start    ] GC(29) Pause Remark
[8.310s][info][gc          ] GC(29) Pause Remark 2119M->2119M(3534M) 2.650ms
[8.310s][info][gc,cpu      ] GC(29) User=0.00s Sys=0.00s Real=0.00s
[8.311s][info][gc,marking  ] GC(29) Concurrent Mark 11.580ms
[8.311s][info][gc,marking  ] GC(29) Concurrent Rebuild Remembered Sets and Scrub Regions
[8.317s][info][gc,marking  ] GC(29) Concurrent Rebuild Remembered Sets and Scrub Regions 6.582ms
[8.317s][info][gc,start    ] GC(29) Pause Cleanup
[8.318s][info][gc          ] GC(29) Pause Cleanup 2125M->2125M(3534M) 0.352ms
[8.318s][info][gc,cpu      ] GC(29) User=0.00s Sys=0.00s Real=0.00s
[8.318s][info][gc,marking  ] GC(29) Concurrent Clear Claimed Marks
[8.318s][info][gc,marking  ] GC(29) Concurrent Clear Claimed Marks 0.023ms
[8.318s][info][gc,marking  ] GC(29) Concurrent Cleanup for Next Mark
[8.323s][info][gc,marking  ] GC(29) Concurrent Cleanup for Next Mark 5.124ms
[8.323s][info][gc          ] GC(29) Concurrent Mark Cycle 31.464ms
[8.834s][info][gc,start    ] GC(30) Pause Young (Prepare Mixed) (G1 Evacuation Pause)
[8.834s][info][gc,task     ] GC(30) Using 10 workers of 10 for evacuation
[8.855s][info][gc,phases   ] GC(30)   Pre Evacuate Collection Set: 0.4ms
[8.855s][info][gc,phases   ] GC(30)   Merge Heap Roots: 0.3ms
[8.855s][info][gc,phases   ] GC(30)   Evacuate Collection Set: 19.4ms
[8.855s][info][gc,phases   ] GC(30)   Post Evacuate Collection Set: 0.8ms
[8.855s][info][gc,phases   ] GC(30)   Other: 0.1ms
[8.855s][info][gc,heap     ] GC(30) Eden regions: 304->0(492)
[8.855s][info][gc,heap     ] GC(30) Survivor regions: 17->30(41)
[8.855s][info][gc,heap     ] GC(30) Old regions: 1030->1030
[8.855s][info][gc,heap     ] GC(30) Humongous regions: 6->6
[8.855s][info][gc,metaspace] GC(30) Metaspace: 1765K(1920K)->1765K(1920K) NonClass: 1610K(1664K)->1610K(1664K) Class: 154K(256K)->154K(256K)
[8.855s][info][gc          ] GC(30) Pause Young (Prepare Mixed) (G1 Evacuation Pause) 2713M->2131M(3534M) 21.148ms
[8.855s][info][gc,cpu      ] GC(30) User=0.17s Sys=0.00s Real=0.02s
[9.652s][info][gc,start    ] GC(31) Pause Young (Mixed) (G1 Evacuation Pause)
[9.652s][info][gc,task     ] GC(31) Using 10 workers of 10 for evacuation
[9.684s][info][gc,phases   ] GC(31)   Pre Evacuate Collection Set: 0.3ms
[9.684s][info][gc,phases   ] GC(31)   Merge Heap Roots: 0.2ms
[9.684s][info][gc,phases   ] GC(31)   Evacuate Collection Set: 30.6ms
[9.684s][info][gc,phases   ] GC(31)   Post Evacuate Collection Set: 1.0ms
[9.684s][info][gc,phases   ] GC(31)   Other: 0.1ms
[9.684s][info][gc,heap     ] GC(31) Eden regions: 492->0(532)
[9.684s][info][gc,heap     ] GC(31) Survivor regions: 30->45(66)
[9.684s][info][gc,heap     ] GC(31) Old regions: 1030->1029
[9.684s][info][gc,heap     ] GC(31) Humongous regions: 12->12
[9.684s][info][gc,metaspace] GC(31) Metaspace: 1765K(1920K)->1765K(1920K) NonClass: 1610K(1664K)->1610K(1664K) Class: 154K(256K)->154K(256K)
[9.684s][info][gc          ] GC(31) Pause Young (Mixed) (G1 Evacuation Pause) 3127M->2171M(3534M) 32.441ms
[9.684s][info][gc,cpu      ] GC(31) User=0.17s Sys=0.00s Real=0.03s
[10.559s][info][gc,start    ] GC(32) Pause Young (Normal) (G1 Evacuation Pause)
[10.559s][info][gc,task     ] GC(32) Using 10 workers of 10 for evacuation
[10.598s][info][gc,phases   ] GC(32)   Pre Evacuate Collection Set: 0.3ms
[10.598s][info][gc,phases   ] GC(32)   Merge Heap Roots: 0.2ms
[10.598s][info][gc,phases   ] GC(32)   Evacuate Collection Set: 37.4ms
[10.598s][info][gc,phases   ] GC(32)   Post Evacuate Collection Set: 0.9ms
[10.598s][info][gc,phases   ] GC(32)   Other: 0.1ms
[10.598s][info][gc,heap     ] GC(32) Eden regions: 532->0(531)
[10.598s][info][gc,heap     ] GC(32) Survivor regions: 45->45(73)
[10.598s][info][gc,heap     ] GC(32) Old regions: 1029->1045
[10.598s][info][gc,heap     ] GC(32) Humongous regions: 12->12
[10.598s][info][gc,metaspace] GC(32) Metaspace: 1765K(1920K)->1765K(1920K) NonClass: 1610K(1664K)->1610K(1664K) Class: 154K(256K)->154K(256K)
[10.598s][info][gc          ] GC(32) Pause Young (Normal) (G1 Evacuation Pause) 3235M->2204M(3534M) 39.144ms
[10.598s][info][gc,cpu      ] GC(32) User=0.28s Sys=0.00s Real=0.04s
[10.719s][info][gc,start    ] GC(33) Pause Young (Normal) (G1 Evacuation Pause)
[10.719s][info][gc,task     ] GC(33) Using 10 workers of 10 for evacuation
[10.747s][info][gc,phases   ] GC(33)   Pre Evacuate Collection Set: 0.3ms
[10.747s][info][gc,phases   ] GC(33)   Merge Heap Roots: 0.3ms
[10.747s][info][gc,phases   ] GC(33)   Evacuate Collection Set: 26.7ms
[10.747s][info][gc,phases   ] GC(33)   Post Evacuate Collection Set: 0.7ms
[10.748s][info][gc,phases   ] GC(33)   Other: 0.1ms
[10.748s][info][gc,heap     ] GC(33) Eden regions: 66->0(550)
[10.748s][info][gc,heap     ] GC(33) Survivor regions: 45->5(14)
[10.748s][info][gc,heap     ] GC(33) Old regions: 1045->1090
[10.748s][info][gc,heap     ] GC(33) Humongous regions: 18->18
[10.748s][info][gc,metaspace] GC(33) Metaspace: 1765K(1920K)->1765K(1920K) NonClass: 1610K(1664K)->1610K(1664K) Class: 154K(256K)->154K(256K)
[10.748s][info][gc          ] GC(33) Pause Young (Normal) (G1 Evacuation Pause) 2348M->2225M(3534M) 28.406ms
[10.748s][info][gc,cpu      ] GC(33) User=0.17s Sys=0.00s Real=0.03s
[10.803s][info][gc,start    ] GC(34) Pause Young (Concurrent Start) (G1 Humongous Allocation)
[10.803s][info][gc,task     ] GC(34) Using 10 workers of 10 for evacuation
[10.812s][info][gc,phases   ] GC(34)   Pre Evacuate Collection Set: 0.4ms
[10.812s][info][gc,phases   ] GC(34)   Merge Heap Roots: 0.2ms
[10.812s][info][gc,phases   ] GC(34)   Evacuate Collection Set: 6.8ms
[10.812s][info][gc,phases   ] GC(34)   Post Evacuate Collection Set: 0.7ms
[10.812s][info][gc,phases   ] GC(34)   Other: 0.2ms
[10.812s][info][gc,heap     ] GC(34) Eden regions: 37->0(560)
[10.812s][info][gc,heap     ] GC(34) Survivor regions: 5->5(70)
[10.812s][info][gc,heap     ] GC(34) Old regions: 1090->1090
[10.812s][info][gc,heap     ] GC(34) Humongous regions: 18->18
[10.812s][info][gc,metaspace] GC(34) Metaspace: 1765K(1920K)->1765K(1920K) NonClass: 1610K(1664K)->1610K(1664K) Class: 154K(256K)->154K(256K)
[10.812s][info][gc          ] GC(34) Pause Young (Concurrent Start) (G1 Humongous Allocation) 2299M->2224M(3534M) 8.463ms
[10.812s][info][gc,cpu      ] GC(34) User=0.00s Sys=0.00s Real=0.01s
[10.812s][info][gc          ] GC(35) Concurrent Mark Cycle
[10.812s][info][gc,marking  ] GC(35) Concurrent Scan Root Regions
[10.815s][info][gc,marking  ] GC(35) Concurrent Scan Root Regions 2.633ms
[10.815s][info][gc,marking  ] GC(35) Concurrent Mark
[10.815s][info][gc,marking  ] GC(35) Concurrent Mark From Roots
[10.815s][info][gc,task     ] GC(35) Using 3 workers of 3 for marking
[10.897s][info][gc,marking  ] GC(35) Concurrent Mark From Roots 82.411ms
[10.897s][info][gc,marking  ] GC(35) Concurrent Preclean
[10.897s][info][gc,marking  ] GC(35) Concurrent Preclean 0.021ms
[10.897s][info][gc,start    ] GC(35) Pause Remark
[10.899s][info][gc          ] GC(35) Pause Remark 2313M->2297M(3834M) 2.062ms
[10.899s][info][gc,cpu      ] GC(35) User=0.00s Sys=0.00s Real=0.00s
[10.899s][info][gc,marking  ] GC(35) Concurrent Mark 84.837ms
[10.899s][info][gc,marking  ] GC(35) Concurrent Rebuild Remembered Sets and Scrub Regions
[10.942s][info][gc,marking  ] GC(35) Concurrent Rebuild Remembered Sets and Scrub Regions 42.235ms
[10.942s][info][gc,start    ] GC(35) Pause Cleanup
[10.942s][info][gc          ] GC(35) Pause Cleanup 2334M->2334M(3834M) 0.432ms
[10.942s][info][gc,cpu      ] GC(35) User=0.00s Sys=0.00s Real=0.00s
[10.942s][info][gc,marking  ] GC(35) Concurrent Clear Claimed Marks
[10.942s][info][gc,marking  ] GC(35) Concurrent Clear Claimed Marks 0.027ms
[10.942s][info][gc,marking  ] GC(35) Concurrent Cleanup for Next Mark
[10.948s][info][gc,marking  ] GC(35) Concurrent Cleanup for Next Mark 5.218ms
[10.948s][info][gc          ] GC(35) Concurrent Mark Cycle 135.804ms
[11.005s][info][gc,start    ] GC(36) Pause Young (Prepare Mixed) (G1 Evacuation Pause)
[11.005s][info][gc,task     ] GC(36) Using 10 workers of 10 for evacuation
[11.019s][info][gc,phases   ] GC(36)   Pre Evacuate Collection Set: 0.3ms
[11.019s][info][gc,phases   ] GC(36)   Merge Heap Roots: 0.5ms
[11.019s][info][gc,phases   ] GC(36)   Evacuate Collection Set: 12.4ms
[11.019s][info][gc,phases   ] GC(36)   Post Evacuate Collection Set: 0.5ms
[11.019s][info][gc,phases   ] GC(36)   Other: 0.1ms
[11.019s][info][gc,heap     ] GC(36) Eden regions: 90->0(700)
[11.019s][info][gc,heap     ] GC(36) Survivor regions: 5->7(12)
[11.019s][info][gc,heap     ] GC(36) Old regions: 1090->1090
[11.019s][info][gc,heap     ] GC(36) Humongous regions: 16->16
[11.019s][info][gc,metaspace] GC(36) Metaspace: 1765K(1920K)->1765K(1920K) NonClass: 1610K(1664K)->1610K(1664K) Class: 154K(256K)->154K(256K)
[11.019s][info][gc          ] GC(36) Pause Young (Prepare Mixed) (G1 Evacuation Pause) 2400M->2224M(3834M) 14.074ms
[11.019s][info][gc,cpu      ] GC(36) User=0.00s Sys=0.00s Real=0.01s
[11.362s][info][gc,start    ] GC(37) Pause Young (Mixed) (G1 Evacuation Pause)
[11.362s][info][gc,task     ] GC(37) Using 10 workers of 10 for evacuation
[11.379s][info][gc,phases   ] GC(37)   Pre Evacuate Collection Set: 0.4ms
[11.379s][info][gc,phases   ] GC(37)   Merge Heap Roots: 0.4ms
[11.379s][info][gc,phases   ] GC(37)   Evacuate Collection Set: 15.5ms
[11.379s][info][gc,phases   ] GC(37)   Post Evacuate Collection Set: 0.7ms
[11.379s][info][gc,phases   ] GC(37)   Other: 0.1ms
[11.379s][info][gc,heap     ] GC(37) Eden regions: 196->0(690)
[11.379s][info][gc,heap     ] GC(37) Survivor regions: 7->12(26)
[11.379s][info][gc,heap     ] GC(37) Old regions: 1090->1090
[11.379s][info][gc,heap     ] GC(37) Humongous regions: 16->16
[11.379s][info][gc,metaspace] GC(37) Metaspace: 1765K(1920K)->1765K(1920K) NonClass: 1610K(1664K)->1610K(1664K) Class: 154K(256K)->154K(256K)
[11.379s][info][gc          ] GC(37) Pause Young (Mixed) (G1 Evacuation Pause) 2616M->2234M(3834M) 17.322ms
[11.379s][info][gc,cpu      ] GC(37) User=0.00s Sys=0.00s Real=0.02s
[11.646s][info][gc,start    ] GC(38) Pause Young (Mixed) (G1 Evacuation Pause)
[11.646s][info][gc,task     ] GC(38) Using 10 workers of 10 for evacuation
[11.667s][info][gc,phases   ] GC(38)   Pre Evacuate Collection Set: 0.2ms
[11.667s][info][gc,phases   ] GC(38)   Merge Heap Roots: 0.4ms
[11.667s][info][gc,phases   ] GC(38)   Evacuate Collection Set: 19.6ms
[11.667s][info][gc,phases   ] GC(38)   Post Evacuate Collection Set: 0.6ms
[11.667s][info][gc,phases   ] GC(38)   Other: 0.1ms
[11.667s][info][gc,heap     ] GC(38) Eden regions: 169->0(680)
[11.667s][info][gc,heap     ] GC(38) Survivor regions: 12->17(23)
[11.667s][info][gc,heap     ] GC(38) Old regions: 1090->1090
[11.667s][info][gc,heap     ] GC(38) Humongous regions: 16->16
[11.667s][info][gc,metaspace] GC(38) Metaspace: 1765K(1920K)->1765K(1920K) NonClass: 1610K(1664K)->1610K(1664K) Class: 154K(256K)->154K(256K)
[11.667s][info][gc          ] GC(38) Pause Young (Mixed) (G1 Evacuation Pause) 2572M->2244M(3834M) 21.123ms
[11.667s][info][gc,cpu      ] GC(38) User=0.16s Sys=0.00s Real=0.02s
[12.838s][info][gc,start    ] GC(39) Pause Young (Mixed) (G1 Evacuation Pause)
[12.838s][info][gc,task     ] GC(39) Using 10 workers of 10 for evacuation
[12.875s][info][gc,phases   ] GC(39)   Pre Evacuate Collection Set: 0.4ms
[12.875s][info][gc,phases   ] GC(39)   Merge Heap Roots: 0.6ms
[12.875s][info][gc,phases   ] GC(39)   Evacuate Collection Set: 35.0ms
[12.875s][info][gc,phases   ] GC(39)   Post Evacuate Collection Set: 0.9ms
[12.875s][info][gc,phases   ] GC(39)   Other: 0.1ms
[12.875s][info][gc,heap     ] GC(39) Eden regions: 680->0(643)
[12.875s][info][gc,heap     ] GC(39) Survivor regions: 17->36(88)
[12.875s][info][gc,heap     ] GC(39) Old regions: 1090->1089
[12.875s][info][gc,heap     ] GC(39) Humongous regions: 16->16
[12.875s][info][gc,metaspace] GC(39) Metaspace: 1765K(1920K)->1765K(1920K) NonClass: 1610K(1664K)->1610K(1664K) Class: 154K(256K)->154K(256K)
[12.875s][info][gc          ] GC(39) Pause Young (Mixed) (G1 Evacuation Pause) 3604M->2280M(3834M) 37.174ms
[12.875s][info][gc,cpu      ] GC(39) User=0.28s Sys=0.00s Real=0.04s
[13.132s][info][gc,start    ] GC(40) Pause Young (Concurrent Start) (G1 Evacuation Pause)
[13.132s][info][gc,task     ] GC(40) Using 10 workers of 10 for evacuation
[13.161s][info][gc,phases   ] GC(40)   Pre Evacuate Collection Set: 0.3ms
[13.161s][info][gc,phases   ] GC(40)   Merge Heap Roots: 0.3ms
[13.161s][info][gc,phases   ] GC(40)   Evacuate Collection Set: 27.6ms
[13.161s][info][gc,phases   ] GC(40)   Post Evacuate Collection Set: 0.6ms
[13.161s][info][gc,phases   ] GC(40)   Other: 0.2ms
[13.161s][info][gc,heap     ] GC(40) Eden regions: 162->0(669)
[13.161s][info][gc,heap     ] GC(40) Survivor regions: 36->6(25)
[13.161s][info][gc,heap     ] GC(40) Old regions: 1089->1123
[13.161s][info][gc,heap     ] GC(40) Humongous regions: 16->16
[13.161s][info][gc,metaspace] GC(40) Metaspace: 1765K(1920K)->1765K(1920K) NonClass: 1610K(1664K)->1610K(1664K) Class: 154K(256K)->154K(256K)
[13.161s][info][gc          ] GC(40) Pause Young (Concurrent Start) (G1 Evacuation Pause) 2604M->2290M(3834M) 29.345ms
[13.161s][info][gc,cpu      ] GC(40) User=0.11s Sys=0.00s Real=0.03s
[13.161s][info][gc          ] GC(41) Concurrent Mark Cycle
[13.161s][info][gc,marking  ] GC(41) Concurrent Scan Root Regions
[13.183s][info][gc,marking  ] GC(41) Concurrent Scan Root Regions 22.459ms
[13.184s][info][gc,marking  ] GC(41) Concurrent Mark
[13.184s][info][gc,marking  ] GC(41) Concurrent Mark From Roots
[13.184s][info][gc,task     ] GC(41) Using 3 workers of 3 for marking
[13.265s][info][gc,marking  ] GC(41) Concurrent Mark From Roots 81.096ms
[13.265s][info][gc,marking  ] GC(41) Concurrent Preclean
[13.265s][info][gc,marking  ] GC(41) Concurrent Preclean 0.019ms
[13.265s][info][gc,start    ] GC(41) Pause Remark
[13.267s][info][gc          ] GC(41) Pause Remark 2395M->2387M(3980M) 1.702ms
[13.267s][info][gc,cpu      ] GC(41) User=0.00s Sys=0.00s Real=0.00s
[13.267s][info][gc,marking  ] GC(41) Concurrent Mark 83.129ms
[13.267s][info][gc,marking  ] GC(41) Concurrent Rebuild Remembered Sets and Scrub Regions
[13.310s][info][gc,marking  ] GC(41) Concurrent Rebuild Remembered Sets and Scrub Regions 43.748ms
[13.311s][info][gc,start    ] GC(41) Pause Cleanup
[13.311s][info][gc          ] GC(41) Pause Cleanup 2424M->2424M(3980M) 0.394ms
[13.311s][info][gc,cpu      ] GC(41) User=0.00s Sys=0.00s Real=0.00s
[13.311s][info][gc,marking  ] GC(41) Concurrent Clear Claimed Marks
[13.311s][info][gc,marking  ] GC(41) Concurrent Clear Claimed Marks 0.027ms
[13.311s][info][gc,marking  ] GC(41) Concurrent Cleanup for Next Mark
[13.316s][info][gc,marking  ] GC(41) Concurrent Cleanup for Next Mark 5.147ms
[13.316s][info][gc          ] GC(41) Concurrent Mark Cycle 155.325ms
[13.666s][info][gc,start    ] GC(42) Pause Young (Prepare Mixed) (G1 Evacuation Pause)
[13.666s][info][gc,task     ] GC(42) Using 10 workers of 10 for evacuation
[13.687s][info][gc,phases   ] GC(42)   Pre Evacuate Collection Set: 0.3ms
[13.687s][info][gc,phases   ] GC(42)   Merge Heap Roots: 0.5ms
[13.687s][info][gc,phases   ] GC(42)   Evacuate Collection Set: 18.8ms
[13.687s][info][gc,phases   ] GC(42)   Post Evacuate Collection Set: 0.8ms
[13.687s][info][gc,phases   ] GC(42)   Other: 0.1ms
[13.687s][info][gc,heap     ] GC(42) Eden regions: 269->0(731)
[13.687s][info][gc,heap     ] GC(42) Survivor regions: 6->12(35)
[13.687s][info][gc,heap     ] GC(42) Old regions: 1123->1123
[13.687s][info][gc,heap     ] GC(42) Humongous regions: 12->12
[13.687s][info][gc,metaspace] GC(42) Metaspace: 1765K(1920K)->1765K(1920K) NonClass: 1610K(1664K)->1610K(1664K) Class: 154K(256K)->154K(256K)
[13.687s][info][gc          ] GC(42) Pause Young (Prepare Mixed) (G1 Evacuation Pause) 2820M->2292M(3980M) 20.775ms
[13.687s][info][gc,cpu      ] GC(42) User=0.12s Sys=0.00s Real=0.02s
[14.912s][info][gc,start    ] GC(43) Pause Young (Mixed) (G1 Evacuation Pause)
[14.912s][info][gc,task     ] GC(43) Using 10 workers of 10 for evacuation
[14.949s][info][gc,phases   ] GC(43)   Pre Evacuate Collection Set: 0.4ms
[14.949s][info][gc,phases   ] GC(43)   Merge Heap Roots: 0.7ms
[14.949s][info][gc,phases   ] GC(43)   Evacuate Collection Set: 35.0ms
[14.949s][info][gc,phases   ] GC(43)   Post Evacuate Collection Set: 1.1ms
[14.949s][info][gc,phases   ] GC(43)   Other: 0.1ms
[14.949s][info][gc,heap     ] GC(43) Eden regions: 731->0(698)
[14.949s][info][gc,heap     ] GC(43) Survivor regions: 12->29(93)
[14.949s][info][gc,heap     ] GC(43) Old regions: 1123->1122
[14.949s][info][gc,heap     ] GC(43) Humongous regions: 12->12
[14.950s][info][gc,metaspace] GC(43) Metaspace: 1765K(1920K)->1765K(1920K) NonClass: 1610K(1664K)->1610K(1664K) Class: 154K(256K)->154K(256K)
[14.950s][info][gc          ] GC(43) Pause Young (Mixed) (G1 Evacuation Pause) 3754M->2324M(3980M) 37.443ms
[14.950s][info][gc,cpu      ] GC(43) User=0.36s Sys=0.00s Real=0.04s
[15.282s][info][gc,start    ] GC(44) Pause Young (Concurrent Start) (G1 Humongous Allocation)
[15.282s][info][gc,task     ] GC(44) Using 10 workers of 10 for evacuation
[15.313s][info][gc,phases   ] GC(44)   Pre Evacuate Collection Set: 0.4ms
[15.313s][info][gc,phases   ] GC(44)   Merge Heap Roots: 0.4ms
[15.313s][info][gc,phases   ] GC(44)   Evacuate Collection Set: 29.0ms
[15.313s][info][gc,phases   ] GC(44)   Post Evacuate Collection Set: 0.9ms
[15.313s][info][gc,phases   ] GC(44)   Other: 0.2ms
[15.313s][info][gc,heap     ] GC(44) Eden regions: 194->0(686)
[15.313s][info][gc,heap     ] GC(44) Survivor regions: 29->35(91)
[15.313s][info][gc,heap     ] GC(44) Old regions: 1122->1122
[15.313s][info][gc,heap     ] GC(44) Humongous regions: 12->12
[15.313s][info][gc,metaspace] GC(44) Metaspace: 1766K(1920K)->1766K(1920K) NonClass: 1611K(1664K)->1611K(1664K) Class: 154K(256K)->154K(256K)
[15.313s][info][gc          ] GC(44) Pause Young (Concurrent Start) (G1 Humongous Allocation) 2712M->2336M(3980M) 31.180ms
[15.313s][info][gc,cpu      ] GC(44) User=0.17s Sys=0.00s Real=0.03s
[15.313s][info][gc          ] GC(45) Concurrent Mark Cycle
[15.313s][info][gc,marking  ] GC(45) Concurrent Scan Root Regions
[15.330s][info][gc,marking  ] GC(45) Concurrent Scan Root Regions 17.209ms
[15.330s][info][gc,marking  ] GC(45) Concurrent Mark
[15.330s][info][gc,marking  ] GC(45) Concurrent Mark From Roots
[15.330s][info][gc,task     ] GC(45) Using 3 workers of 3 for marking
[15.464s][info][gc,marking  ] GC(45) Concurrent Mark From Roots 133.718ms
[15.464s][info][gc,marking  ] GC(45) Concurrent Preclean
[15.464s][info][gc,marking  ] GC(45) Concurrent Preclean 0.021ms
[15.464s][info][gc,start    ] GC(45) Pause Remark
[15.466s][info][gc          ] GC(45) Pause Remark 2478M->2478M(4096M) 1.504ms
[15.466s][info][gc,cpu      ] GC(45) User=0.00s Sys=0.00s Real=0.00s
[15.466s][info][gc,marking  ] GC(45) Concurrent Mark 135.599ms
[15.466s][info][gc,marking  ] GC(45) Concurrent Rebuild Remembered Sets and Scrub Regions
[15.526s][info][gc,marking  ] GC(45) Concurrent Rebuild Remembered Sets and Scrub Regions 60.550ms
[15.527s][info][gc,start    ] GC(45) Pause Cleanup
[15.527s][info][gc          ] GC(45) Pause Cleanup 2535M->2535M(4096M) 0.498ms
[15.527s][info][gc,cpu      ] GC(45) User=0.00s Sys=0.00s Real=0.00s
[15.527s][info][gc,marking  ] GC(45) Concurrent Clear Claimed Marks
[15.527s][info][gc,marking  ] GC(45) Concurrent Clear Claimed Marks 0.027ms
[15.527s][info][gc,marking  ] GC(45) Concurrent Cleanup for Next Mark
[15.533s][info][gc,marking  ] GC(45) Concurrent Cleanup for Next Mark 5.760ms
[15.533s][info][gc          ] GC(45) Concurrent Mark Cycle 220.039ms
[15.686s][info][gc,start    ] GC(46) Pause Young (Prepare Mixed) (G1 Evacuation Pause)
[15.686s][info][gc,task     ] GC(46) Using 10 workers of 10 for evacuation
[15.724s][info][gc,phases   ] GC(46)   Pre Evacuate Collection Set: 0.3ms
[15.724s][info][gc,phases   ] GC(46)   Merge Heap Roots: 1.0ms
[15.724s][info][gc,phases   ] GC(46)   Evacuate Collection Set: 36.4ms
[15.724s][info][gc,phases   ] GC(46)   Post Evacuate Collection Set: 0.8ms
[15.724s][info][gc,phases   ] GC(46)   Other: 0.1ms
[15.724s][info][gc,heap     ] GC(46) Eden regions: 169->0(746)
[15.724s][info][gc,heap     ] GC(46) Survivor regions: 35->11(26)
[15.724s][info][gc,heap     ] GC(46) Old regions: 1122->1150
[15.724s][info][gc,heap     ] GC(46) Humongous regions: 27->27
[15.724s][info][gc,metaspace] GC(46) Metaspace: 1766K(1920K)->1766K(1920K) NonClass: 1611K(1664K)->1611K(1664K) Class: 154K(256K)->154K(256K)
[15.724s][info][gc          ] GC(46) Pause Young (Prepare Mixed) (G1 Evacuation Pause) 2704M->2376M(4096M) 38.819ms
[15.724s][info][gc,cpu      ] GC(46) User=0.30s Sys=0.00s Real=0.04s
[17.008s][info][gc,start    ] GC(47) Pause Young (Mixed) (G1 Evacuation Pause)
[17.008s][info][gc,task     ] GC(47) Using 10 workers of 10 for evacuation
[17.049s][info][gc,phases   ] GC(47)   Pre Evacuate Collection Set: 0.4ms
[17.049s][info][gc,phases   ] GC(47)   Merge Heap Roots: 1.2ms
[17.049s][info][gc,phases   ] GC(47)   Evacuate Collection Set: 38.8ms
[17.049s][info][gc,phases   ] GC(47)   Post Evacuate Collection Set: 0.9ms
[17.049s][info][gc,phases   ] GC(47)   Other: 0.1ms
[17.049s][info][gc,heap     ] GC(47) Eden regions: 746->0(706)
[17.049s][info][gc,heap     ] GC(47) Survivor regions: 11->28(95)
[17.049s][info][gc,heap     ] GC(47) Old regions: 1150->1151
[17.049s][info][gc,heap     ] GC(47) Humongous regions: 32->32
[17.049s][info][gc,metaspace] GC(47) Metaspace: 1766K(1920K)->1766K(1920K) NonClass: 1611K(1664K)->1611K(1664K) Class: 154K(256K)->154K(256K)
[17.049s][info][gc          ] GC(47) Pause Young (Mixed) (G1 Evacuation Pause) 3878M->2421M(4096M) 41.607ms
[17.049s][info][gc,cpu      ] GC(47) User=0.30s Sys=0.00s Real=0.04s
[18.035s][info][gc,start    ] GC(48) Pause Young (Concurrent Start) (G1 Evacuation Pause)
[18.035s][info][gc,task     ] GC(48) Using 10 workers of 10 for evacuation
[18.077s][info][gc,phases   ] GC(48)   Pre Evacuate Collection Set: 0.4ms
[18.077s][info][gc,phases   ] GC(48)   Merge Heap Roots: 0.7ms
[18.077s][info][gc,phases   ] GC(48)   Evacuate Collection Set: 39.6ms
[18.077s][info][gc,phases   ] GC(48)   Post Evacuate Collection Set: 1.0ms
[18.078s][info][gc,phases   ] GC(48)   Other: 0.3ms
[18.078s][info][gc,heap     ] GC(48) Eden regions: 578->0(680)
[18.078s][info][gc,heap     ] GC(48) Survivor regions: 28->41(76)
[18.078s][info][gc,heap     ] GC(48) Old regions: 1151->1151
[18.078s][info][gc,heap     ] GC(48) Humongous regions: 32->32
[18.078s][info][gc,metaspace] GC(48) Metaspace: 1766K(1920K)->1766K(1920K) NonClass: 1611K(1664K)->1611K(1664K) Class: 154K(256K)->154K(256K)
[18.078s][info][gc          ] GC(48) Pause Young (Concurrent Start) (G1 Evacuation Pause) 3577M->2446M(4096M) 42.205ms
[18.078s][info][gc,cpu      ] GC(48) User=0.33s Sys=0.00s Real=0.04s
[18.078s][info][gc          ] GC(49) Concurrent Mark Cycle
[18.078s][info][gc,marking  ] GC(49) Concurrent Scan Root Regions
[18.100s][info][gc,marking  ] GC(49) Concurrent Scan Root Regions 22.001ms
[18.100s][info][gc,marking  ] GC(49) Concurrent Mark
[18.100s][info][gc,marking  ] GC(49) Concurrent Mark From Roots
[18.100s][info][gc,task     ] GC(49) Using 3 workers of 3 for marking
[18.270s][info][gc,marking  ] GC(49) Concurrent Mark From Roots 170.692ms
[18.271s][info][gc,marking  ] GC(49) Concurrent Preclean
[18.271s][info][gc,marking  ] GC(49) Concurrent Preclean 0.034ms
[18.271s][info][gc,start    ] GC(49) Pause Remark
[18.271s][info][gc          ] GC(49) Pause Remark 2627M->2603M(4096M) 0.751ms
[18.271s][info][gc,cpu      ] GC(49) User=0.00s Sys=0.00s Real=0.00s
[18.272s][info][gc,marking  ] GC(49) Concurrent Mark 171.759ms
[18.272s][info][gc,marking  ] GC(49) Concurrent Rebuild Remembered Sets and Scrub Regions
[18.362s][info][gc,marking  ] GC(49) Concurrent Rebuild Remembered Sets and Scrub Regions 89.966ms
[18.362s][info][gc,start    ] GC(49) Pause Cleanup
[18.362s][info][gc          ] GC(49) Pause Cleanup 2692M->2692M(4096M) 0.516ms
[18.362s][info][gc,cpu      ] GC(49) User=0.00s Sys=0.00s Real=0.00s
[18.362s][info][gc,marking  ] GC(49) Concurrent Clear Claimed Marks
[18.362s][info][gc,marking  ] GC(49) Concurrent Clear Claimed Marks 0.028ms
[18.362s][info][gc,marking  ] GC(49) Concurrent Cleanup for Next Mark
[18.368s][info][gc,marking  ] GC(49) Concurrent Cleanup for Next Mark 5.403ms
[18.368s][info][gc          ] GC(49) Concurrent Mark Cycle 290.107ms
[19.300s][info][gc,start    ] GC(50) Pause Young (Prepare Mixed) (G1 Evacuation Pause)
[19.300s][info][gc,task     ] GC(50) Using 10 workers of 10 for evacuation
[19.352s][info][gc,phases   ] GC(50)   Pre Evacuate Collection Set: 0.4ms
[19.352s][info][gc,phases   ] GC(50)   Merge Heap Roots: 0.9ms
[19.352s][info][gc,phases   ] GC(50)   Evacuate Collection Set: 50.2ms
[19.353s][info][gc,phases   ] GC(50)   Post Evacuate Collection Set: 1.0ms
[19.353s][info][gc,phases   ] GC(50)   Other: 0.1ms
[19.353s][info][gc,heap     ] GC(50) Eden regions: 680->0(664)
[19.353s][info][gc,heap     ] GC(50) Survivor regions: 41->55(91)
[19.353s][info][gc,heap     ] GC(50) Old regions: 1151->1151
[19.353s][info][gc,heap     ] GC(50) Humongous regions: 20->20
[19.353s][info][gc,metaspace] GC(50) Metaspace: 1766K(1920K)->1766K(1920K) NonClass: 1611K(1664K)->1611K(1664K) Class: 154K(256K)->154K(256K)
[19.353s][info][gc          ] GC(50) Pause Young (Prepare Mixed) (G1 Evacuation Pause) 3782M->2450M(4096M) 52.824ms
[19.353s][info][gc,cpu      ] GC(50) User=0.44s Sys=0.00s Real=0.05s
[20.501s][info][gc,start    ] GC(51) Pause Young (Mixed) (G1 Evacuation Pause)
[20.501s][info][gc,task     ] GC(51) Using 10 workers of 10 for evacuation
[20.559s][info][gc,phases   ] GC(51)   Pre Evacuate Collection Set: 0.4ms
[20.559s][info][gc,phases   ] GC(51)   Merge Heap Roots: 0.7ms
[20.559s][info][gc,phases   ] GC(51)   Evacuate Collection Set: 56.0ms
[20.559s][info][gc,phases   ] GC(51)   Post Evacuate Collection Set: 1.0ms
[20.559s][info][gc,phases   ] GC(51)   Other: 0.1ms
[20.559s][info][gc,heap     ] GC(51) Eden regions: 664->0(648)
[20.559s][info][gc,heap     ] GC(51) Survivor regions: 55->60(90)
[20.559s][info][gc,heap     ] GC(51) Old regions: 1151->1157
[20.559s][info][gc,heap     ] GC(51) Humongous regions: 20->20
[20.559s][info][gc,metaspace] GC(51) Metaspace: 1766K(1920K)->1766K(1920K) NonClass: 1611K(1664K)->1611K(1664K) Class: 154K(256K)->154K(256K)
[20.559s][info][gc          ] GC(51) Pause Young (Mixed) (G1 Evacuation Pause) 3778M->2472M(4096M) 58.428ms
[20.559s][info][gc,cpu      ] GC(51) User=0.48s Sys=0.00s Real=0.06s
[21.899s][info][gc,start    ] GC(52) Pause Young (Concurrent Start) (G1 Evacuation Pause)
[21.899s][info][gc,task     ] GC(52) Using 10 workers of 10 for evacuation
[21.961s][info][gc,phases   ] GC(52)   Pre Evacuate Collection Set: 0.4ms
[21.961s][info][gc,phases   ] GC(52)   Merge Heap Roots: 0.7ms
[21.961s][info][gc,phases   ] GC(52)   Evacuate Collection Set: 59.5ms
[21.961s][info][gc,phases   ] GC(52)   Post Evacuate Collection Set: 1.2ms
[21.961s][info][gc,phases   ] GC(52)   Other: 0.2ms
[21.961s][info][gc,heap     ] GC(52) Eden regions: 648->0(635)
[21.961s][info][gc,heap     ] GC(52) Survivor regions: 60->57(89)
[21.961s][info][gc,heap     ] GC(52) Old regions: 1157->1176
[21.961s][info][gc,heap     ] GC(52) Humongous regions: 20->20
[21.961s][info][gc,metaspace] GC(52) Metaspace: 1767K(1920K)->1767K(1920K) NonClass: 1612K(1664K)->1612K(1664K) Class: 154K(256K)->154K(256K)
[21.961s][info][gc          ] GC(52) Pause Young (Concurrent Start) (G1 Evacuation Pause) 3768M->2504M(4096M) 62.172ms
[21.961s][info][gc,cpu      ] GC(52) User=0.47s Sys=0.00s Real=0.06s
[21.961s][info][gc          ] GC(53) Concurrent Mark Cycle
[21.961s][info][gc,marking  ] GC(53) Concurrent Scan Root Regions
[21.998s][info][gc,marking  ] GC(53) Concurrent Scan Root Regions 37.248ms
[21.998s][info][gc,marking  ] GC(53) Concurrent Mark
[21.998s][info][gc,marking  ] GC(53) Concurrent Mark From Roots
[21.998s][info][gc,task     ] GC(53) Using 3 workers of 3 for marking
[22.176s][info][gc,marking  ] GC(53) Concurrent Mark From Roots 177.067ms
[22.176s][info][gc,marking  ] GC(53) Concurrent Preclean
[22.176s][info][gc,marking  ] GC(53) Concurrent Preclean 0.021ms
[22.176s][info][gc,start    ] GC(53) Pause Remark
[22.177s][info][gc          ] GC(53) Pause Remark 2668M->2668M(4096M) 0.888ms
[22.177s][info][gc,cpu      ] GC(53) User=0.00s Sys=0.00s Real=0.00s
[22.177s][info][gc,marking  ] GC(53) Concurrent Mark 178.228ms
[22.177s][info][gc,marking  ] GC(53) Concurrent Rebuild Remembered Sets and Scrub Regions
[22.256s][info][gc,marking  ] GC(53) Concurrent Rebuild Remembered Sets and Scrub Regions 79.608ms
[22.256s][info][gc,start    ] GC(53) Pause Cleanup
[22.257s][info][gc          ] GC(53) Pause Cleanup 2730M->2730M(4096M) 0.438ms
[22.257s][info][gc,cpu      ] GC(53) User=0.02s Sys=0.00s Real=0.00s
[22.257s][info][gc,marking  ] GC(53) Concurrent Clear Claimed Marks
[22.257s][info][gc,marking  ] GC(53) Concurrent Clear Claimed Marks 0.029ms
[22.257s][info][gc,marking  ] GC(53) Concurrent Cleanup for Next Mark
[22.262s][info][gc,marking  ] GC(53) Concurrent Cleanup for Next Mark 5.151ms
[22.262s][info][gc          ] GC(53) Concurrent Mark Cycle 301.157ms
[23.424s][info][gc,start    ] GC(54) Pause Young (Prepare Mixed) (G1 Evacuation Pause)
[23.424s][info][gc,task     ] GC(54) Using 10 workers of 10 for evacuation
[23.483s][info][gc,phases   ] GC(54)   Pre Evacuate Collection Set: 0.3ms
[23.483s][info][gc,phases   ] GC(54)   Merge Heap Roots: 0.9ms
[23.483s][info][gc,phases   ] GC(54)   Evacuate Collection Set: 56.7ms
[23.483s][info][gc,phases   ] GC(54)   Post Evacuate Collection Set: 0.9ms
[23.483s][info][gc,phases   ] GC(54)   Other: 0.1ms
[23.483s][info][gc,heap     ] GC(54) Eden regions: 635->0(622)
[23.483s][info][gc,heap     ] GC(54) Survivor regions: 57->57(87)
[23.483s][info][gc,heap     ] GC(54) Old regions: 1176->1189
[23.483s][info][gc,heap     ] GC(54) Humongous regions: 20->20
[23.483s][info][gc,metaspace] GC(54) Metaspace: 1769K(1920K)->1769K(1920K) NonClass: 1614K(1664K)->1614K(1664K) Class: 154K(256K)->154K(256K)
[23.483s][info][gc          ] GC(54) Pause Young (Prepare Mixed) (G1 Evacuation Pause) 3774M->2532M(4096M) 59.201ms
[23.483s][info][gc,cpu      ] GC(54) User=0.44s Sys=0.00s Real=0.06s
[24.985s][info][gc,start    ] GC(55) Pause Young (Mixed) (G1 Evacuation Pause)
[24.986s][info][gc,task     ] GC(55) Using 10 workers of 10 for evacuation
[25.048s][info][gc,phases   ] GC(55)   Pre Evacuate Collection Set: 0.4ms
[25.048s][info][gc,phases   ] GC(55)   Merge Heap Roots: 0.7ms
[25.048s][info][gc,phases   ] GC(55)   Evacuate Collection Set: 60.4ms
[25.048s][info][gc,phases   ] GC(55)   Post Evacuate Collection Set: 0.9ms
[25.048s][info][gc,phases   ] GC(55)   Other: 0.1ms
[25.048s][info][gc,heap     ] GC(55) Eden regions: 622->0(616)
[25.048s][info][gc,heap     ] GC(55) Survivor regions: 57->53(85)
[25.048s][info][gc,heap     ] GC(55) Old regions: 1189->1203
[25.048s][info][gc,heap     ] GC(55) Humongous regions: 20->20
[25.048s][info][gc,metaspace] GC(55) Metaspace: 1770K(1920K)->1770K(1920K) NonClass: 1615K(1664K)->1615K(1664K) Class: 154K(256K)->154K(256K)
[25.048s][info][gc          ] GC(55) Pause Young (Mixed) (G1 Evacuation Pause) 3776M->2551M(4096M) 62.749ms
[25.048s][info][gc,cpu      ] GC(55) User=0.42s Sys=0.00s Real=0.06s
[26.757s][info][gc,start    ] GC(56) Pause Young (Concurrent Start) (G1 Humongous Allocation)
[26.757s][info][gc,task     ] GC(56) Using 10 workers of 10 for evacuation
[26.813s][info][gc,phases   ] GC(56)   Pre Evacuate Collection Set: 0.3ms
[26.813s][info][gc,phases   ] GC(56)   Merge Heap Roots: 0.7ms
[26.813s][info][gc,phases   ] GC(56)   Evacuate Collection Set: 53.7ms
[26.813s][info][gc,phases   ] GC(56)   Post Evacuate Collection Set: 1.0ms
[26.813s][info][gc,phases   ] GC(56)   Other: 0.2ms
[26.813s][info][gc,heap     ] GC(56) Eden regions: 591->0(601)
[26.813s][info][gc,heap     ] GC(56) Survivor regions: 53->53(84)
[26.813s][info][gc,heap     ] GC(56) Old regions: 1203->1218
[26.813s][info][gc,heap     ] GC(56) Humongous regions: 20->20
[26.813s][info][gc,metaspace] GC(56) Metaspace: 1776K(1920K)->1776K(1920K) NonClass: 1621K(1664K)->1621K(1664K) Class: 154K(256K)->154K(256K)
[26.813s][info][gc          ] GC(56) Pause Young (Concurrent Start) (G1 Humongous Allocation) 3733M->2580M(4096M) 56.068ms
[26.813s][info][gc,cpu      ] GC(56) User=0.45s Sys=0.00s Real=0.06s
[26.814s][info][gc          ] GC(57) Concurrent Mark Cycle
[26.814s][info][gc,marking  ] GC(57) Concurrent Scan Root Regions
[26.848s][info][gc,marking  ] GC(57) Concurrent Scan Root Regions 34.404ms
[26.848s][info][gc,marking  ] GC(57) Concurrent Mark
[26.848s][info][gc,marking  ] GC(57) Concurrent Mark From Roots
[26.848s][info][gc,task     ] GC(57) Using 3 workers of 3 for marking
[27.085s][info][gc,marking  ] GC(57) Concurrent Mark From Roots 237.319ms
[27.085s][info][gc,marking  ] GC(57) Concurrent Preclean
[27.085s][info][gc,marking  ] GC(57) Concurrent Preclean 0.021ms
[27.086s][info][gc,start    ] GC(57) Pause Remark
[27.087s][info][gc          ] GC(57) Pause Remark 2685M->2685M(4096M) 1.417ms
[27.087s][info][gc,cpu      ] GC(57) User=0.00s Sys=0.00s Real=0.00s
[27.087s][info][gc,marking  ] GC(57) Concurrent Mark 239.201ms
[27.087s][info][gc,marking  ] GC(57) Concurrent Rebuild Remembered Sets and Scrub Regions
[27.204s][info][gc,marking  ] GC(57) Concurrent Rebuild Remembered Sets and Scrub Regions 116.522ms
[27.204s][info][gc,start    ] GC(57) Pause Cleanup
[27.204s][info][gc          ] GC(57) Pause Cleanup 2760M->2760M(4096M) 0.491ms
[27.204s][info][gc,cpu      ] GC(57) User=0.00s Sys=0.00s Real=0.00s
[27.205s][info][gc,marking  ] GC(57) Concurrent Clear Claimed Marks
[27.205s][info][gc,marking  ] GC(57) Concurrent Clear Claimed Marks 0.025ms
[27.205s][info][gc,marking  ] GC(57) Concurrent Cleanup for Next Mark
[27.209s][info][gc,marking  ] GC(57) Concurrent Cleanup for Next Mark 4.849ms
[27.209s][info][gc          ] GC(57) Concurrent Mark Cycle 395.902ms
[28.314s][info][gc,heap,exit] Heap
[28.314s][info][gc,heap,exit]  garbage-first heap   total 4194304K, used 3119490K [0x0000000700000000, 0x0000000800000000)
[28.314s][info][gc,heap,exit]   region size 2048K, 215 young (440320K), 53 survivors (108544K)
[28.314s][info][gc,heap,exit]  Metaspace       used 1994K, committed 2176K, reserved 1114112K
[28.314s][info][gc,heap,exit]   class space    used 178K, committed 256K, reserved 1048576K
